<?xml version="1.0" encoding="utf-8"?>
<CoverageSession xmlns:xsd="http://www.w3.org/2001/XMLSchema" xmlns:xsi="http://www.w3.org/2001/XMLSchema-instance" Version="4.7.1221.0">
  <Summary numSequencePoints="11443" visitedSequencePoints="1553" numBranchPoints="4947" visitedBranchPoints="286" sequenceCoverage="13.57" branchCoverage="5.78" maxCyclomaticComplexity="156" minCyclomaticComplexity="1" maxCrapScore="24492" minCrapScore="1" visitedClasses="19" numClasses="68" visitedMethods="181" numMethods="921" />
  <Modules>
    <Module skippedDueTo="Filter" hash="49-10-71-3B-E3-2C-AA-9A-34-0C-A8-18-FA-6D-09-3C-BE-AB-6B-FF">
      <ModulePath>C:\Program Files\dotnet\shared\Microsoft.NETCore.App\5.0.10\System.Private.CoreLib.dll</ModulePath>
      <ModuleTime>2021-08-12T19:37:02Z</ModuleTime>
      <ModuleName>System.Private.CoreLib</ModuleName>
      <Classes />
    </Module>
    <Module skippedDueTo="Filter" hash="04-EB-8C-55-30-72-F4-25-E9-23-B0-A9-67-E8-69-1D-25-76-CD-EE">
      <ModulePath>C:\Program Files\dotnet\sdk\5.0.400\dotnet.dll</ModulePath>
      <ModuleTime>2021-07-26T15:43:38Z</ModuleTime>
      <ModuleName>dotnet</ModuleName>
      <Classes />
    </Module>
    <Module skippedDueTo="Filter" hash="0D-0C-B3-D1-B6-10-52-BD-93-A7-4A-BC-52-DF-D3-FC-8C-96-2B-AA">
      <ModulePath>C:\Program Files\dotnet\shared\Microsoft.NETCore.App\5.0.10\System.Runtime.dll</ModulePath>
      <ModuleTime>2021-08-12T19:41:06Z</ModuleTime>
      <ModuleName>System.Runtime</ModuleName>
      <Classes />
    </Module>
    <Module skippedDueTo="Filter" hash="2A-D5-6A-2E-6F-E3-BA-23-0F-C2-43-C6-77-F1-FC-50-AB-AD-54-37">
      <ModulePath>C:\Program Files\dotnet\shared\Microsoft.NETCore.App\5.0.10\System.Diagnostics.Tracing.dll</ModulePath>
      <ModuleTime>2021-08-12T19:41:08Z</ModuleTime>
      <ModuleName>System.Diagnostics.Tracing</ModuleName>
      <Classes />
    </Module>
    <Module skippedDueTo="Filter" hash="DE-7E-F4-47-A4-48-29-F1-EC-3F-63-F9-57-E0-12-7C-65-BC-EC-FC">
      <ModulePath>C:\Program Files\dotnet\shared\Microsoft.NETCore.App\5.0.10\System.Diagnostics.Process.dll</ModulePath>
      <ModuleTime>2021-08-12T19:41:10Z</ModuleTime>
      <ModuleName>System.Diagnostics.Process</ModuleName>
      <Classes />
    </Module>
    <Module skippedDueTo="Filter" hash="C4-99-9B-0B-0A-BE-CF-6D-12-2C-C6-A0-BB-34-1A-0B-0F-1B-5A-4F">
      <ModulePath>C:\Program Files\dotnet\shared\Microsoft.NETCore.App\5.0.10\System.ComponentModel.Primitives.dll</ModulePath>
      <ModuleTime>2021-08-12T19:41:32Z</ModuleTime>
      <ModuleName>System.ComponentModel.Primitives</ModuleName>
      <Classes />
    </Module>
    <Module skippedDueTo="Filter" hash="D5-28-EC-0D-2D-39-97-10-66-60-61-2F-AC-1E-96-B5-AF-E1-DC-C7">
      <ModulePath>C:\Program Files\dotnet\sdk\5.0.400\Microsoft.DotNet.Cli.Utils.dll</ModulePath>
      <ModuleTime>2021-07-26T15:44:10Z</ModuleTime>
      <ModuleName>Microsoft.DotNet.Cli.Utils</ModuleName>
      <Classes />
    </Module>
    <Module skippedDueTo="Filter" hash="11-3A-3B-83-BB-19-78-13-B5-08-EB-5F-2A-CF-67-B1-60-1D-04-C5">
      <ModulePath>C:\Program Files\dotnet\sdk\5.0.400\Microsoft.DotNet.InternalAbstractions.dll</ModulePath>
      <ModuleTime>2021-07-26T15:44:10Z</ModuleTime>
      <ModuleName>Microsoft.DotNet.InternalAbstractions</ModuleName>
      <Classes />
    </Module>
    <Module skippedDueTo="Filter" hash="68-7E-6E-01-D9-5F-74-79-2A-A4-A3-B9-B9-DD-69-87-3D-2A-07-85">
      <ModulePath>C:\Program Files\dotnet\shared\Microsoft.NETCore.App\5.0.10\netstandard.dll</ModulePath>
      <ModuleTime>2021-08-12T19:42:00Z</ModuleTime>
      <ModuleName>netstandard</ModuleName>
      <Classes />
    </Module>
    <Module skippedDueTo="Filter" hash="3A-E7-FA-F2-E8-DC-A1-8C-7E-BE-0A-E3-73-59-7E-46-48-7E-2B-BC">
      <ModulePath>C:\Program Files\dotnet\shared\Microsoft.NETCore.App\5.0.10\Microsoft.Win32.Primitives.dll</ModulePath>
      <ModuleTime>2021-08-12T19:41:34Z</ModuleTime>
      <ModuleName>Microsoft.Win32.Primitives</ModuleName>
      <Classes />
    </Module>
    <Module skippedDueTo="Filter" hash="45-5A-96-1B-91-92-1F-41-E3-0F-4E-C1-D8-5D-49-4D-8C-9C-A6-07">
      <ModulePath>C:\Program Files\dotnet\shared\Microsoft.NETCore.App\5.0.10\System.Runtime.InteropServices.dll</ModulePath>
      <ModuleTime>2021-08-12T19:41:28Z</ModuleTime>
      <ModuleName>System.Runtime.InteropServices</ModuleName>
      <Classes />
    </Module>
    <Module skippedDueTo="Filter" hash="03-A5-94-74-20-CE-C1-C6-B6-BA-DC-36-51-E8-60-81-5C-EE-82-D7">
      <ModulePath>C:\Program Files\dotnet\shared\Microsoft.NETCore.App\5.0.10\System.Runtime.Loader.dll</ModulePath>
      <ModuleTime>2021-08-12T19:41:06Z</ModuleTime>
      <ModuleName>System.Runtime.Loader</ModuleName>
      <Classes />
    </Module>
    <Module skippedDueTo="Filter" hash="AC-D3-53-FB-D5-91-20-9D-94-53-61-7C-48-59-CD-0B-A1-59-F0-8F">
      <ModulePath>C:\Program Files\dotnet\shared\Microsoft.NETCore.App\5.0.10\System.Runtime.InteropServices.RuntimeInformation.dll</ModulePath>
      <ModuleTime>2021-08-12T19:41:28Z</ModuleTime>
      <ModuleName>System.Runtime.InteropServices.RuntimeInformation</ModuleName>
      <Classes />
    </Module>
    <Module skippedDueTo="Filter" hash="0B-49-72-D5-FA-E8-4F-9A-C9-62-0E-3E-DB-AE-F9-C9-DE-3D-B2-CB">
      <ModulePath>C:\Program Files\dotnet\shared\Microsoft.NETCore.App\5.0.10\System.IO.FileSystem.dll</ModulePath>
      <ModuleTime>2021-08-12T19:40:20Z</ModuleTime>
      <ModuleName>System.IO.FileSystem</ModuleName>
      <Classes />
    </Module>
    <Module skippedDueTo="Filter" hash="D6-C2-F2-E5-E4-C3-98-A2-21-8E-8A-07-18-EE-1C-9C-2C-C0-65-34">
      <ModulePath>C:\Program Files\dotnet\shared\Microsoft.NETCore.App\5.0.10\System.Memory.dll</ModulePath>
      <ModuleTime>2021-08-12T19:41:12Z</ModuleTime>
      <ModuleName>System.Memory</ModuleName>
      <Classes />
    </Module>
    <Module skippedDueTo="Filter" hash="2F-DC-CD-2D-73-0F-2F-71-19-7A-6D-27-F5-55-1E-41-EB-D3-9B-46">
      <ModulePath>C:\Program Files\dotnet\shared\Microsoft.NETCore.App\5.0.10\System.Text.Encoding.CodePages.dll</ModulePath>
      <ModuleTime>2021-08-12T19:41:56Z</ModuleTime>
      <ModuleName>System.Text.Encoding.CodePages</ModuleName>
      <Classes />
    </Module>
    <Module skippedDueTo="Filter" hash="92-5E-05-82-29-CF-07-B8-E4-B9-6B-97-1F-F6-EA-C4-71-87-EA-0B">
      <ModulePath>C:\Program Files\dotnet\shared\Microsoft.NETCore.App\5.0.10\System.Collections.dll</ModulePath>
      <ModuleTime>2021-08-12T19:40:20Z</ModuleTime>
      <ModuleName>System.Collections</ModuleName>
      <Classes />
    </Module>
    <Module skippedDueTo="Filter" hash="B2-BD-F7-F0-C6-DF-66-9A-71-ED-AE-76-7C-0E-24-2F-E4-29-B6-01">
      <ModulePath>C:\Program Files\dotnet\shared\Microsoft.NETCore.App\5.0.10\System.Threading.dll</ModulePath>
      <ModuleTime>2021-08-12T19:41:32Z</ModuleTime>
      <ModuleName>System.Threading</ModuleName>
      <Classes />
    </Module>
    <Module skippedDueTo="Filter" hash="CD-76-DC-9D-C3-03-6B-11-0F-66-8E-6B-16-DA-FC-49-C3-E0-45-65">
      <ModulePath>C:\Program Files\dotnet\shared\Microsoft.NETCore.App\5.0.10\System.Collections.Concurrent.dll</ModulePath>
      <ModuleTime>2021-08-12T19:41:08Z</ModuleTime>
      <ModuleName>System.Collections.Concurrent</ModuleName>
      <Classes />
    </Module>
    <Module skippedDueTo="Filter" hash="71-2D-B8-49-1F-20-29-2E-AB-F2-95-B6-50-96-C6-21-10-98-48-E3">
      <ModulePath>C:\Program Files\dotnet\shared\Microsoft.NETCore.App\5.0.10\System.Threading.Thread.dll</ModulePath>
      <ModuleTime>2021-08-12T19:41:32Z</ModuleTime>
      <ModuleName>System.Threading.Thread</ModuleName>
      <Classes />
    </Module>
    <Module skippedDueTo="Filter" hash="58-86-67-77-80-97-FA-A9-38-B0-A5-BA-21-73-DA-A1-05-A5-2F-1E">
      <ModulePath>C:\Program Files\dotnet\sdk\5.0.400\Microsoft.DotNet.Configurer.dll</ModulePath>
      <ModuleTime>2021-07-26T15:43:42Z</ModuleTime>
      <ModuleName>Microsoft.DotNet.Configurer</ModuleName>
      <Classes />
    </Module>
    <Module skippedDueTo="Filter" hash="9D-E1-53-48-FA-32-50-BA-6A-99-99-82-CB-41-DF-7C-20-F6-EF-54">
      <ModulePath>C:\Program Files\dotnet\sdk\5.0.400\Microsoft.DotNet.Cli.CommandLine.dll</ModulePath>
      <ModuleTime>2021-07-26T15:43:38Z</ModuleTime>
      <ModuleName>Microsoft.DotNet.Cli.CommandLine</ModuleName>
      <Classes />
    </Module>
    <Module skippedDueTo="Filter" hash="B1-26-A1-1B-F1-77-8E-CB-1B-52-7B-B3-E7-E9-39-58-1F-51-96-D7">
      <ModulePath>C:\Program Files\dotnet\shared\Microsoft.NETCore.App\5.0.10\System.Linq.dll</ModulePath>
      <ModuleTime>2021-08-12T19:41:12Z</ModuleTime>
      <ModuleName>System.Linq</ModuleName>
      <Classes />
    </Module>
    <Module skippedDueTo="Filter" hash="9C-45-7E-A2-A7-07-C2-D2-4F-8F-C9-D1-48-A7-BA-2D-C1-3F-E2-CC">
      <ModulePath>C:\Program Files\dotnet\sdk\5.0.400\NuGet.Frameworks.dll</ModulePath>
      <ModuleTime>2021-07-26T15:43:24Z</ModuleTime>
      <ModuleName>NuGet.Frameworks</ModuleName>
      <Classes />
    </Module>
    <Module skippedDueTo="Filter" hash="22-4E-7B-3B-37-62-F1-2E-E3-EB-3E-0C-DB-22-78-78-F3-06-B0-A4">
      <ModulePath>C:\Program Files\dotnet\shared\Microsoft.NETCore.App\5.0.10\System.Console.dll</ModulePath>
      <ModuleTime>2021-08-12T19:41:34Z</ModuleTime>
      <ModuleName>System.Console</ModuleName>
      <Classes />
    </Module>
    <Module skippedDueTo="Filter" hash="E6-97-2D-17-64-13-60-A1-75-F2-47-41-6A-F9-51-62-22-85-32-3B">
      <ModulePath>C:\Program Files\dotnet\shared\Microsoft.NETCore.App\5.0.10\System.Text.Encoding.Extensions.dll</ModulePath>
      <ModuleTime>2021-08-12T19:42:18Z</ModuleTime>
      <ModuleName>System.Text.Encoding.Extensions</ModuleName>
      <Classes />
    </Module>
    <Module skippedDueTo="Filter" hash="78-1A-B3-0D-9E-D3-21-C3-94-FC-60-BA-5D-08-72-BC-7A-02-B1-15">
      <ModulePath>C:\Program Files\dotnet\shared\Microsoft.NETCore.App\5.0.10\System.Runtime.CompilerServices.Unsafe.dll</ModulePath>
      <ModuleTime>2021-08-12T19:40:22Z</ModuleTime>
      <ModuleName>System.Runtime.CompilerServices.Unsafe</ModuleName>
      <Classes />
    </Module>
    <Module skippedDueTo="Filter" hash="83-06-47-20-8D-DC-F3-44-A1-C7-76-0F-09-97-22-9F-D7-45-2A-C0">
      <ModulePath>C:\Program Files\dotnet\sdk\5.0.400\Microsoft.ApplicationInsights.dll</ModulePath>
      <ModuleTime>2021-07-26T15:43:38Z</ModuleTime>
      <ModuleName>Microsoft.ApplicationInsights</ModuleName>
      <Classes />
    </Module>
    <Module skippedDueTo="Filter" hash="31-03-40-C6-D5-E1-D1-EC-CB-3E-C3-2F-85-1D-3A-58-8D-54-57-6D">
      <ModulePath>C:\Program Files\dotnet\shared\Microsoft.NETCore.App\5.0.10\System.Private.Uri.dll</ModulePath>
      <ModuleTime>2021-08-12T19:41:06Z</ModuleTime>
      <ModuleName>System.Private.Uri</ModuleName>
      <Classes />
    </Module>
    <Module skippedDueTo="Filter" hash="88-25-94-69-87-24-89-37-0A-53-08-89-27-0F-9F-F5-B2-12-BF-11">
      <ModulePath>C:\Program Files\dotnet\shared\Microsoft.NETCore.App\5.0.10\System.Reflection.Extensions.dll</ModulePath>
      <ModuleTime>2021-08-12T19:41:04Z</ModuleTime>
      <ModuleName>System.Reflection.Extensions</ModuleName>
      <Classes />
    </Module>
    <Module skippedDueTo="Filter" hash="25-DA-51-42-E9-60-DB-FD-1C-9D-41-6B-CE-D3-03-9E-9A-FA-79-37">
      <ModulePath>C:\Program Files\dotnet\shared\Microsoft.NETCore.App\5.0.10\System.Reflection.dll</ModulePath>
      <ModuleTime>2021-08-12T19:40:22Z</ModuleTime>
      <ModuleName>System.Reflection</ModuleName>
      <Classes />
    </Module>
    <Module skippedDueTo="Filter" hash="9D-ED-B1-29-95-C0-B3-EB-20-CD-D8-B5-BB-D5-B4-8C-24-0C-A4-51">
      <ModulePath>C:\Program Files\dotnet\shared\Microsoft.NETCore.App\5.0.10\System.Security.Cryptography.Algorithms.dll</ModulePath>
      <ModuleTime>2021-08-12T19:41:30Z</ModuleTime>
      <ModuleName>System.Security.Cryptography.Algorithms</ModuleName>
      <Classes />
    </Module>
    <Module skippedDueTo="Filter" hash="E5-DD-CB-BB-DA-47-31-69-74-FC-93-15-12-71-D4-49-1F-B2-F6-37">
      <ModulePath>C:\Program Files\dotnet\shared\Microsoft.NETCore.App\5.0.10\System.Xml.XDocument.dll</ModulePath>
      <ModuleTime>2021-08-12T19:40:38Z</ModuleTime>
      <ModuleName>System.Xml.XDocument</ModuleName>
      <Classes />
    </Module>
    <Module skippedDueTo="Filter" hash="BF-9F-72-98-14-25-F0-04-CF-0C-49-E0-5D-B1-40-7B-F7-42-E5-75">
      <ModulePath>C:\Program Files\dotnet\shared\Microsoft.NETCore.App\5.0.10\System.Security.Cryptography.Primitives.dll</ModulePath>
      <ModuleTime>2021-08-12T19:41:56Z</ModuleTime>
      <ModuleName>System.Security.Cryptography.Primitives</ModuleName>
      <Classes />
    </Module>
    <Module skippedDueTo="Filter" hash="A7-5D-78-BE-AE-7E-88-29-C8-24-23-05-4E-F5-30-80-CD-37-4A-11">
      <ModulePath>C:\Program Files\dotnet\shared\Microsoft.NETCore.App\5.0.10\System.Private.Xml.Linq.dll</ModulePath>
      <ModuleTime>2021-08-12T19:41:54Z</ModuleTime>
      <ModuleName>System.Private.Xml.Linq</ModuleName>
      <Classes />
    </Module>
    <Module skippedDueTo="Filter" hash="59-EB-52-B6-A1-81-C7-24-BB-08-6B-7E-C2-2D-A4-66-69-F7-69-2E">
      <ModulePath>C:\Program Files\dotnet\sdk\5.0.400\Microsoft.TemplateEngine.Cli.dll</ModulePath>
      <ModuleTime>2021-07-26T15:43:42Z</ModuleTime>
      <ModuleName>Microsoft.TemplateEngine.Cli</ModuleName>
      <Classes />
    </Module>
    <Module skippedDueTo="Filter" hash="E9-7F-CE-82-67-81-A3-CB-21-0F-F2-E7-86-21-C0-57-E3-1F-55-29">
      <ModulePath>C:\Program Files\dotnet\shared\Microsoft.NETCore.App\5.0.10\System.Private.Xml.dll</ModulePath>
      <ModuleTime>2021-08-12T19:41:56Z</ModuleTime>
      <ModuleName>System.Private.Xml</ModuleName>
      <Classes />
    </Module>
    <Module skippedDueTo="Filter" hash="B3-2E-1E-7E-01-D6-94-92-8A-A0-99-7C-1A-C6-BC-F6-70-AD-58-4B">
      <ModulePath>C:\Program Files\dotnet\shared\Microsoft.NETCore.App\5.0.10\System.Text.RegularExpressions.dll</ModulePath>
      <ModuleTime>2021-08-12T19:42:20Z</ModuleTime>
      <ModuleName>System.Text.RegularExpressions</ModuleName>
      <Classes />
    </Module>
    <Module skippedDueTo="Filter" hash="76-41-0C-6B-62-64-4F-A5-43-4F-8A-8A-FB-57-4C-A8-EF-24-2A-60">
      <ModulePath>C:\Program Files\dotnet\shared\Microsoft.NETCore.App\5.0.10\System.Xml.ReaderWriter.dll</ModulePath>
      <ModuleTime>2021-08-12T19:40:38Z</ModuleTime>
      <ModuleName>System.Xml.ReaderWriter</ModuleName>
      <Classes />
    </Module>
    <Module skippedDueTo="Filter" hash="F2-B6-F0-EA-15-31-D3-F2-2A-68-9D-5D-19-5C-08-EF-95-94-E4-11">
      <ModulePath>C:\Program Files\dotnet\shared\Microsoft.NETCore.App\5.0.10\System.Threading.Tasks.dll</ModulePath>
      <ModuleTime>2021-08-12T19:41:56Z</ModuleTime>
      <ModuleName>System.Threading.Tasks</ModuleName>
      <Classes />
    </Module>
    <Module skippedDueTo="Filter" hash="05-03-DC-64-AC-94-21-4D-7A-BF-2E-FB-B7-16-54-6A-97-26-6F-35">
      <ModulePath>C:\Program Files\dotnet\shared\Microsoft.NETCore.App\5.0.10\System.Globalization.dll</ModulePath>
      <ModuleTime>2021-08-12T19:41:10Z</ModuleTime>
      <ModuleName>System.Globalization</ModuleName>
      <Classes />
    </Module>
    <Module skippedDueTo="Filter" hash="F1-9A-93-D1-4C-26-79-F2-B0-1F-D6-83-93-20-42-1D-6C-A8-72-85">
      <ModulePath>C:\Program Files\dotnet\shared\Microsoft.NETCore.App\5.0.10\System.Reflection.Emit.ILGeneration.dll</ModulePath>
      <ModuleTime>2021-08-12T19:40:22Z</ModuleTime>
      <ModuleName>System.Reflection.Emit.ILGeneration</ModuleName>
      <Classes />
    </Module>
    <Module skippedDueTo="Filter" hash="05-0F-2F-08-D8-AF-BD-C3-DD-5A-8F-04-7E-FF-A9-D3-AE-2F-D0-6F">
      <ModulePath>C:\Program Files\dotnet\shared\Microsoft.NETCore.App\5.0.10\System.Reflection.Emit.Lightweight.dll</ModulePath>
      <ModuleTime>2021-08-12T19:40:42Z</ModuleTime>
      <ModuleName>System.Reflection.Emit.Lightweight</ModuleName>
      <Classes />
    </Module>
    <Module skippedDueTo="Filter" hash="B6-82-D0-B8-DC-7D-D8-78-A6-C7-01-A9-76-2A-32-05-D4-CB-A7-89">
      <ModulePath>C:\Program Files\dotnet\shared\Microsoft.NETCore.App\5.0.10\System.Reflection.Primitives.dll</ModulePath>
      <ModuleTime>2021-08-12T19:41:30Z</ModuleTime>
      <ModuleName>System.Reflection.Primitives</ModuleName>
      <Classes />
    </Module>
    <Module skippedDueTo="Filter" hash="34-A0-CB-AF-67-74-45-7D-26-D5-19-5E-D9-50-08-C3-01-5B-91-56">
      <ModulePath>C:\Program Files\dotnet\shared\Microsoft.NETCore.App\5.0.10\Microsoft.Win32.Registry.dll</ModulePath>
      <ModuleTime>2021-08-12T19:40:44Z</ModuleTime>
      <ModuleName>Microsoft.Win32.Registry</ModuleName>
      <Classes />
    </Module>
    <Module skippedDueTo="Filter" hash="B4-10-D8-4E-5C-32-09-0B-83-DC-3F-9E-F9-99-EA-94-41-0F-C8-1A">
      <ModulePath>C:\Program Files\dotnet\sdk\5.0.400\Microsoft.TemplateEngine.Utils.dll</ModulePath>
      <ModuleTime>2021-07-26T15:45:16Z</ModuleTime>
      <ModuleName>Microsoft.TemplateEngine.Utils</ModuleName>
      <Classes />
    </Module>
    <Module skippedDueTo="Filter" hash="2D-1F-B4-49-2B-8A-59-30-A9-71-93-0A-31-2F-68-F4-CB-9D-BC-F7">
      <ModulePath>C:\Program Files\dotnet\shared\Microsoft.NETCore.App\5.0.10\System.Diagnostics.Tools.dll</ModulePath>
      <ModuleTime>2021-08-12T19:41:10Z</ModuleTime>
      <ModuleName>System.Diagnostics.Tools</ModuleName>
      <Classes />
    </Module>
    <Module skippedDueTo="Filter" hash="82-B8-C7-76-3A-28-98-23-3C-FA-E7-DA-BD-4D-67-4F-C7-4A-BB-F2">
      <ModulePath>C:\Program Files\dotnet\shared\Microsoft.NETCore.App\5.0.10\System.Runtime.Extensions.dll</ModulePath>
      <ModuleTime>2021-08-12T19:40:44Z</ModuleTime>
      <ModuleName>System.Runtime.Extensions</ModuleName>
      <Classes />
    </Module>
    <Module skippedDueTo="Filter" hash="B8-F4-33-5C-E0-DE-C0-20-83-EC-15-12-2B-3E-F0-6C-B0-63-45-1D">
      <ModulePath>C:\Program Files\dotnet\shared\Microsoft.NETCore.App\5.0.10\System.Diagnostics.Debug.dll</ModulePath>
      <ModuleTime>2021-08-12T19:40:44Z</ModuleTime>
      <ModuleName>System.Diagnostics.Debug</ModuleName>
      <Classes />
    </Module>
    <Module skippedDueTo="Filter" hash="03-FC-8A-AF-8A-C6-22-2F-2F-EF-D6-BA-C4-5F-3C-85-A1-07-62-22">
      <ModulePath>C:\Program Files\dotnet\shared\Microsoft.NETCore.App\5.0.10\System.IO.dll</ModulePath>
      <ModuleTime>2021-08-12T19:42:02Z</ModuleTime>
      <ModuleName>System.IO</ModuleName>
      <Classes />
    </Module>
    <Module skippedDueTo="Filter" hash="3D-C7-47-D7-A0-1C-C3-D5-BD-E9-2A-63-0A-A9-6B-E8-63-E4-75-98">
      <ModulePath>C:\Program Files\dotnet\shared\Microsoft.NETCore.App\5.0.10\System.Text.Encoding.dll</ModulePath>
      <ModuleTime>2021-08-12T19:41:54Z</ModuleTime>
      <ModuleName>System.Text.Encoding</ModuleName>
      <Classes />
    </Module>
    <Module skippedDueTo="Filter" hash="36-F1-F2-44-F5-C7-71-8A-F7-EE-2D-61-B1-9E-A8-2E-0E-33-9C-9E">
      <ModulePath>C:\Program Files\dotnet\shared\Microsoft.NETCore.App\5.0.10\System.IO.Compression.dll</ModulePath>
      <ModuleTime>2021-08-12T19:41:34Z</ModuleTime>
      <ModuleName>System.IO.Compression</ModuleName>
      <Classes />
    </Module>
    <Module skippedDueTo="Filter" hash="A4-18-28-CB-51-24-5A-A1-17-5E-69-4D-C9-49-1B-EC-CD-A8-D6-80">
      <ModulePath>C:\Program Files\dotnet\shared\Microsoft.NETCore.App\5.0.10\System.Net.Http.dll</ModulePath>
      <ModuleTime>2021-08-12T19:40:46Z</ModuleTime>
      <ModuleName>System.Net.Http</ModuleName>
      <Classes />
    </Module>
    <Module skippedDueTo="Filter" hash="0B-9D-80-7A-C9-5F-CC-5E-81-5C-FE-B9-23-7F-C4-17-AE-05-DB-B3">
      <ModulePath>C:\Program Files\dotnet\shared\Microsoft.NETCore.App\5.0.10\System.Net.Primitives.dll</ModulePath>
      <ModuleTime>2021-08-12T19:40:48Z</ModuleTime>
      <ModuleName>System.Net.Primitives</ModuleName>
      <Classes />
    </Module>
    <Module skippedDueTo="Filter" hash="C8-25-98-EC-21-BC-18-30-48-3E-C9-22-5B-C9-77-27-80-03-18-76">
      <ModulePath>C:\Program Files\dotnet\shared\Microsoft.NETCore.App\5.0.10\System.Net.Security.dll</ModulePath>
      <ModuleTime>2021-08-12T19:42:00Z</ModuleTime>
      <ModuleName>System.Net.Security</ModuleName>
      <Classes />
    </Module>
    <Module skippedDueTo="Filter" hash="16-10-BA-0E-8B-3D-15-DC-26-1C-AE-D5-70-B2-4A-01-0B-ED-47-22">
      <ModulePath>C:\Program Files\dotnet\shared\Microsoft.NETCore.App\5.0.10\System.Diagnostics.DiagnosticSource.dll</ModulePath>
      <ModuleTime>2021-08-12T19:41:08Z</ModuleTime>
      <ModuleName>System.Diagnostics.DiagnosticSource</ModuleName>
      <Classes />
    </Module>
    <Module skippedDueTo="Filter" hash="BA-27-79-E7-B0-16-E5-71-E5-79-33-89-A4-8D-3B-96-CD-D3-92-DF">
      <ModulePath>C:\Program Files\dotnet\shared\Microsoft.NETCore.App\5.0.10\System.Security.Cryptography.X509Certificates.dll</ModulePath>
      <ModuleTime>2021-08-12T19:40:22Z</ModuleTime>
      <ModuleName>System.Security.Cryptography.X509Certificates</ModuleName>
      <Classes />
    </Module>
    <Module skippedDueTo="Filter" hash="23-C4-9B-FB-5C-BC-3A-5C-94-00-8A-7F-AA-F9-C7-89-30-B7-4E-15">
      <ModulePath>C:\Program Files\dotnet\sdk\5.0.400\Microsoft.Build.Framework.dll</ModulePath>
      <ModuleTime>2021-07-26T15:44:12Z</ModuleTime>
      <ModuleName>Microsoft.Build.Framework</ModuleName>
      <Classes />
    </Module>
    <Module skippedDueTo="Filter" hash="7D-2F-C3-11-7E-7C-42-7E-E0-B3-4C-EF-45-A7-9D-5D-A3-2E-4C-2D">
      <ModulePath>C:\Program Files\dotnet\shared\Microsoft.NETCore.App\5.0.10\System.Collections.NonGeneric.dll</ModulePath>
      <ModuleTime>2021-08-12T19:41:32Z</ModuleTime>
      <ModuleName>System.Collections.NonGeneric</ModuleName>
      <Classes />
    </Module>
    <Module skippedDueTo="Filter" hash="49-10-71-3B-E3-2C-AA-9A-34-0C-A8-18-FA-6D-09-3C-BE-AB-6B-FF">
      <ModulePath>C:\Program Files\dotnet\shared\Microsoft.NETCore.App\5.0.10\System.Private.CoreLib.dll</ModulePath>
      <ModuleTime>2021-08-12T19:37:02Z</ModuleTime>
      <ModuleName>System.Private.CoreLib</ModuleName>
      <Classes />
    </Module>
    <Module skippedDueTo="Filter" hash="BB-7B-7B-47-68-CA-4F-5A-CE-FA-5C-A1-A9-CD-CB-18-55-25-AE-69">
      <ModulePath>C:\Program Files\dotnet\sdk\5.0.400\MSBuild.dll</ModulePath>
      <ModuleTime>2021-07-26T15:43:50Z</ModuleTime>
      <ModuleName>MSBuild</ModuleName>
      <Classes />
    </Module>
    <Module skippedDueTo="Filter" hash="0D-0C-B3-D1-B6-10-52-BD-93-A7-4A-BC-52-DF-D3-FC-8C-96-2B-AA">
      <ModulePath>C:\Program Files\dotnet\shared\Microsoft.NETCore.App\5.0.10\System.Runtime.dll</ModulePath>
      <ModuleTime>2021-08-12T19:41:06Z</ModuleTime>
      <ModuleName>System.Runtime</ModuleName>
      <Classes />
    </Module>
    <Module skippedDueTo="Filter" hash="2A-D5-6A-2E-6F-E3-BA-23-0F-C2-43-C6-77-F1-FC-50-AB-AD-54-37">
      <ModulePath>C:\Program Files\dotnet\shared\Microsoft.NETCore.App\5.0.10\System.Diagnostics.Tracing.dll</ModulePath>
      <ModuleTime>2021-08-12T19:41:08Z</ModuleTime>
      <ModuleName>System.Diagnostics.Tracing</ModuleName>
      <Classes />
    </Module>
    <Module skippedDueTo="Filter" hash="B2-BD-F7-F0-C6-DF-66-9A-71-ED-AE-76-7C-0E-24-2F-E4-29-B6-01">
      <ModulePath>C:\Program Files\dotnet\shared\Microsoft.NETCore.App\5.0.10\System.Threading.dll</ModulePath>
      <ModuleTime>2021-08-12T19:41:32Z</ModuleTime>
      <ModuleName>System.Threading</ModuleName>
      <Classes />
    </Module>
    <Module skippedDueTo="Filter" hash="23-C4-9B-FB-5C-BC-3A-5C-94-00-8A-7F-AA-F9-C7-89-30-B7-4E-15">
      <ModulePath>C:\Program Files\dotnet\sdk\5.0.400\Microsoft.Build.Framework.dll</ModulePath>
      <ModuleTime>2021-07-26T15:44:12Z</ModuleTime>
      <ModuleName>Microsoft.Build.Framework</ModuleName>
      <Classes />
    </Module>
    <Module skippedDueTo="Filter" hash="68-7E-6E-01-D9-5F-74-79-2A-A4-A3-B9-B9-DD-69-87-3D-2A-07-85">
      <ModulePath>C:\Program Files\dotnet\shared\Microsoft.NETCore.App\5.0.10\netstandard.dll</ModulePath>
      <ModuleTime>2021-08-12T19:42:00Z</ModuleTime>
      <ModuleName>netstandard</ModuleName>
      <Classes />
    </Module>
    <Module skippedDueTo="Filter" hash="0B-49-72-D5-FA-E8-4F-9A-C9-62-0E-3E-DB-AE-F9-C9-DE-3D-B2-CB">
      <ModulePath>C:\Program Files\dotnet\shared\Microsoft.NETCore.App\5.0.10\System.IO.FileSystem.dll</ModulePath>
      <ModuleTime>2021-08-12T19:40:20Z</ModuleTime>
      <ModuleName>System.IO.FileSystem</ModuleName>
      <Classes />
    </Module>
    <Module skippedDueTo="Filter" hash="AC-D3-53-FB-D5-91-20-9D-94-53-61-7C-48-59-CD-0B-A1-59-F0-8F">
      <ModulePath>C:\Program Files\dotnet\shared\Microsoft.NETCore.App\5.0.10\System.Runtime.InteropServices.RuntimeInformation.dll</ModulePath>
      <ModuleTime>2021-08-12T19:41:28Z</ModuleTime>
      <ModuleName>System.Runtime.InteropServices.RuntimeInformation</ModuleName>
      <Classes />
    </Module>
    <Module skippedDueTo="Filter" hash="DE-7E-F4-47-A4-48-29-F1-EC-3F-63-F9-57-E0-12-7C-65-BC-EC-FC">
      <ModulePath>C:\Program Files\dotnet\shared\Microsoft.NETCore.App\5.0.10\System.Diagnostics.Process.dll</ModulePath>
      <ModuleTime>2021-08-12T19:41:10Z</ModuleTime>
      <ModuleName>System.Diagnostics.Process</ModuleName>
      <Classes />
    </Module>
    <Module skippedDueTo="Filter" hash="C4-99-9B-0B-0A-BE-CF-6D-12-2C-C6-A0-BB-34-1A-0B-0F-1B-5A-4F">
      <ModulePath>C:\Program Files\dotnet\shared\Microsoft.NETCore.App\5.0.10\System.ComponentModel.Primitives.dll</ModulePath>
      <ModuleTime>2021-08-12T19:41:32Z</ModuleTime>
      <ModuleName>System.ComponentModel.Primitives</ModuleName>
      <Classes />
    </Module>
    <Module skippedDueTo="Filter" hash="B1-26-A1-1B-F1-77-8E-CB-1B-52-7B-B3-E7-E9-39-58-1F-51-96-D7">
      <ModulePath>C:\Program Files\dotnet\shared\Microsoft.NETCore.App\5.0.10\System.Linq.dll</ModulePath>
      <ModuleTime>2021-08-12T19:41:12Z</ModuleTime>
      <ModuleName>System.Linq</ModuleName>
      <Classes />
    </Module>
    <Module skippedDueTo="Filter" hash="B3-2E-1E-7E-01-D6-94-92-8A-A0-99-7C-1A-C6-BC-F6-70-AD-58-4B">
      <ModulePath>C:\Program Files\dotnet\shared\Microsoft.NETCore.App\5.0.10\System.Text.RegularExpressions.dll</ModulePath>
      <ModuleTime>2021-08-12T19:42:20Z</ModuleTime>
      <ModuleName>System.Text.RegularExpressions</ModuleName>
      <Classes />
    </Module>
    <Module skippedDueTo="Filter" hash="CD-76-DC-9D-C3-03-6B-11-0F-66-8E-6B-16-DA-FC-49-C3-E0-45-65">
      <ModulePath>C:\Program Files\dotnet\shared\Microsoft.NETCore.App\5.0.10\System.Collections.Concurrent.dll</ModulePath>
      <ModuleTime>2021-08-12T19:41:08Z</ModuleTime>
      <ModuleName>System.Collections.Concurrent</ModuleName>
      <Classes />
    </Module>
    <Module skippedDueTo="Filter" hash="92-5E-05-82-29-CF-07-B8-E4-B9-6B-97-1F-F6-EA-C4-71-87-EA-0B">
      <ModulePath>C:\Program Files\dotnet\shared\Microsoft.NETCore.App\5.0.10\System.Collections.dll</ModulePath>
      <ModuleTime>2021-08-12T19:40:20Z</ModuleTime>
      <ModuleName>System.Collections</ModuleName>
      <Classes />
    </Module>
    <Module skippedDueTo="Filter" hash="D6-C2-F2-E5-E4-C3-98-A2-21-8E-8A-07-18-EE-1C-9C-2C-C0-65-34">
      <ModulePath>C:\Program Files\dotnet\shared\Microsoft.NETCore.App\5.0.10\System.Memory.dll</ModulePath>
      <ModuleTime>2021-08-12T19:41:12Z</ModuleTime>
      <ModuleName>System.Memory</ModuleName>
      <Classes />
    </Module>
    <Module skippedDueTo="Filter" hash="45-5A-96-1B-91-92-1F-41-E3-0F-4E-C1-D8-5D-49-4D-8C-9C-A6-07">
      <ModulePath>C:\Program Files\dotnet\shared\Microsoft.NETCore.App\5.0.10\System.Runtime.InteropServices.dll</ModulePath>
      <ModuleTime>2021-08-12T19:41:28Z</ModuleTime>
      <ModuleName>System.Runtime.InteropServices</ModuleName>
      <Classes />
    </Module>
    <Module skippedDueTo="Filter" hash="22-4E-7B-3B-37-62-F1-2E-E3-EB-3E-0C-DB-22-78-78-F3-06-B0-A4">
      <ModulePath>C:\Program Files\dotnet\shared\Microsoft.NETCore.App\5.0.10\System.Console.dll</ModulePath>
      <ModuleTime>2021-08-12T19:41:34Z</ModuleTime>
      <ModuleName>System.Console</ModuleName>
      <Classes />
    </Module>
    <Module skippedDueTo="Filter" hash="D5-78-68-78-A4-10-AC-90-61-39-0A-4F-F1-8A-9D-D6-08-C7-38-B0">
      <ModulePath>C:\Program Files\dotnet\sdk\5.0.400\Microsoft.Build.dll</ModulePath>
      <ModuleTime>2021-07-26T15:44:34Z</ModuleTime>
      <ModuleName>Microsoft.Build</ModuleName>
      <Classes />
    </Module>
    <Module skippedDueTo="Filter" hash="3A-E7-FA-F2-E8-DC-A1-8C-7E-BE-0A-E3-73-59-7E-46-48-7E-2B-BC">
      <ModulePath>C:\Program Files\dotnet\shared\Microsoft.NETCore.App\5.0.10\Microsoft.Win32.Primitives.dll</ModulePath>
      <ModuleTime>2021-08-12T19:41:34Z</ModuleTime>
      <ModuleName>Microsoft.Win32.Primitives</ModuleName>
      <Classes />
    </Module>
    <Module skippedDueTo="Filter" hash="2F-DC-CD-2D-73-0F-2F-71-19-7A-6D-27-F5-55-1E-41-EB-D3-9B-46">
      <ModulePath>C:\Program Files\dotnet\shared\Microsoft.NETCore.App\5.0.10\System.Text.Encoding.CodePages.dll</ModulePath>
      <ModuleTime>2021-08-12T19:41:56Z</ModuleTime>
      <ModuleName>System.Text.Encoding.CodePages</ModuleName>
      <Classes />
    </Module>
    <Module skippedDueTo="Filter" hash="03-A5-94-74-20-CE-C1-C6-B6-BA-DC-36-51-E8-60-81-5C-EE-82-D7">
      <ModulePath>C:\Program Files\dotnet\shared\Microsoft.NETCore.App\5.0.10\System.Runtime.Loader.dll</ModulePath>
      <ModuleTime>2021-08-12T19:41:06Z</ModuleTime>
      <ModuleName>System.Runtime.Loader</ModuleName>
      <Classes />
    </Module>
    <Module skippedDueTo="Filter" hash="04-EB-8C-55-30-72-F4-25-E9-23-B0-A9-67-E8-69-1D-25-76-CD-EE">
      <ModulePath>C:\Program Files\dotnet\sdk\5.0.400\dotnet.dll</ModulePath>
      <ModuleTime>2021-07-26T15:43:38Z</ModuleTime>
      <ModuleName>dotnet</ModuleName>
      <Classes />
    </Module>
    <Module skippedDueTo="Filter" hash="AC-11-B7-76-77-FB-75-3B-89-CE-7A-B8-7E-7C-D9-E1-50-8D-3D-70">
      <ModulePath>C:\Program Files\dotnet\shared\Microsoft.NETCore.App\5.0.10\System.Collections.Immutable.dll</ModulePath>
      <ModuleTime>2021-08-12T19:41:34Z</ModuleTime>
      <ModuleName>System.Collections.Immutable</ModuleName>
      <Classes />
    </Module>
    <Module skippedDueTo="Filter" hash="58-86-67-77-80-97-FA-A9-38-B0-A5-BA-21-73-DA-A1-05-A5-2F-1E">
      <ModulePath>C:\Program Files\dotnet\sdk\5.0.400\Microsoft.DotNet.Configurer.dll</ModulePath>
      <ModuleTime>2021-07-26T15:43:42Z</ModuleTime>
      <ModuleName>Microsoft.DotNet.Configurer</ModuleName>
      <Classes />
    </Module>
    <Module skippedDueTo="Filter" hash="11-3A-3B-83-BB-19-78-13-B5-08-EB-5F-2A-CF-67-B1-60-1D-04-C5">
      <ModulePath>C:\Program Files\dotnet\sdk\5.0.400\Microsoft.DotNet.InternalAbstractions.dll</ModulePath>
      <ModuleTime>2021-07-26T15:44:10Z</ModuleTime>
      <ModuleName>Microsoft.DotNet.InternalAbstractions</ModuleName>
      <Classes />
    </Module>
    <Module skippedDueTo="Filter" hash="D5-28-EC-0D-2D-39-97-10-66-60-61-2F-AC-1E-96-B5-AF-E1-DC-C7">
      <ModulePath>C:\Program Files\dotnet\sdk\5.0.400\Microsoft.DotNet.Cli.Utils.dll</ModulePath>
      <ModuleTime>2021-07-26T15:44:10Z</ModuleTime>
      <ModuleName>Microsoft.DotNet.Cli.Utils</ModuleName>
      <Classes />
    </Module>
    <Module skippedDueTo="Filter" hash="E6-97-2D-17-64-13-60-A1-75-F2-47-41-6A-F9-51-62-22-85-32-3B">
      <ModulePath>C:\Program Files\dotnet\shared\Microsoft.NETCore.App\5.0.10\System.Text.Encoding.Extensions.dll</ModulePath>
      <ModuleTime>2021-08-12T19:42:18Z</ModuleTime>
      <ModuleName>System.Text.Encoding.Extensions</ModuleName>
      <Classes />
    </Module>
    <Module skippedDueTo="Filter" hash="83-06-47-20-8D-DC-F3-44-A1-C7-76-0F-09-97-22-9F-D7-45-2A-C0">
      <ModulePath>C:\Program Files\dotnet\sdk\5.0.400\Microsoft.ApplicationInsights.dll</ModulePath>
      <ModuleTime>2021-07-26T15:43:38Z</ModuleTime>
      <ModuleName>Microsoft.ApplicationInsights</ModuleName>
      <Classes />
    </Module>
    <Module skippedDueTo="Filter" hash="78-1A-B3-0D-9E-D3-21-C3-94-FC-60-BA-5D-08-72-BC-7A-02-B1-15">
      <ModulePath>C:\Program Files\dotnet\shared\Microsoft.NETCore.App\5.0.10\System.Runtime.CompilerServices.Unsafe.dll</ModulePath>
      <ModuleTime>2021-08-12T19:40:22Z</ModuleTime>
      <ModuleName>System.Runtime.CompilerServices.Unsafe</ModuleName>
      <Classes />
    </Module>
    <Module skippedDueTo="Filter" hash="31-03-40-C6-D5-E1-D1-EC-CB-3E-C3-2F-85-1D-3A-58-8D-54-57-6D">
      <ModulePath>C:\Program Files\dotnet\shared\Microsoft.NETCore.App\5.0.10\System.Private.Uri.dll</ModulePath>
      <ModuleTime>2021-08-12T19:41:06Z</ModuleTime>
      <ModuleName>System.Private.Uri</ModuleName>
      <Classes />
    </Module>
    <Module skippedDueTo="Filter" hash="88-25-94-69-87-24-89-37-0A-53-08-89-27-0F-9F-F5-B2-12-BF-11">
      <ModulePath>C:\Program Files\dotnet\shared\Microsoft.NETCore.App\5.0.10\System.Reflection.Extensions.dll</ModulePath>
      <ModuleTime>2021-08-12T19:41:04Z</ModuleTime>
      <ModuleName>System.Reflection.Extensions</ModuleName>
      <Classes />
    </Module>
    <Module skippedDueTo="Filter" hash="25-DA-51-42-E9-60-DB-FD-1C-9D-41-6B-CE-D3-03-9E-9A-FA-79-37">
      <ModulePath>C:\Program Files\dotnet\shared\Microsoft.NETCore.App\5.0.10\System.Reflection.dll</ModulePath>
      <ModuleTime>2021-08-12T19:40:22Z</ModuleTime>
      <ModuleName>System.Reflection</ModuleName>
      <Classes />
    </Module>
    <Module skippedDueTo="Filter" hash="E5-DD-CB-BB-DA-47-31-69-74-FC-93-15-12-71-D4-49-1F-B2-F6-37">
      <ModulePath>C:\Program Files\dotnet\shared\Microsoft.NETCore.App\5.0.10\System.Xml.XDocument.dll</ModulePath>
      <ModuleTime>2021-08-12T19:40:38Z</ModuleTime>
      <ModuleName>System.Xml.XDocument</ModuleName>
      <Classes />
    </Module>
    <Module skippedDueTo="Filter" hash="A7-5D-78-BE-AE-7E-88-29-C8-24-23-05-4E-F5-30-80-CD-37-4A-11">
      <ModulePath>C:\Program Files\dotnet\shared\Microsoft.NETCore.App\5.0.10\System.Private.Xml.Linq.dll</ModulePath>
      <ModuleTime>2021-08-12T19:41:54Z</ModuleTime>
      <ModuleName>System.Private.Xml.Linq</ModuleName>
      <Classes />
    </Module>
    <Module skippedDueTo="Filter" hash="71-2D-B8-49-1F-20-29-2E-AB-F2-95-B6-50-96-C6-21-10-98-48-E3">
      <ModulePath>C:\Program Files\dotnet\shared\Microsoft.NETCore.App\5.0.10\System.Threading.Thread.dll</ModulePath>
      <ModuleTime>2021-08-12T19:41:32Z</ModuleTime>
      <ModuleName>System.Threading.Thread</ModuleName>
      <Classes />
    </Module>
    <Module skippedDueTo="Filter" hash="E9-7F-CE-82-67-81-A3-CB-21-0F-F2-E7-86-21-C0-57-E3-1F-55-29">
      <ModulePath>C:\Program Files\dotnet\shared\Microsoft.NETCore.App\5.0.10\System.Private.Xml.dll</ModulePath>
      <ModuleTime>2021-08-12T19:41:56Z</ModuleTime>
      <ModuleName>System.Private.Xml</ModuleName>
      <Classes />
    </Module>
    <Module skippedDueTo="Filter" hash="76-41-0C-6B-62-64-4F-A5-43-4F-8A-8A-FB-57-4C-A8-EF-24-2A-60">
      <ModulePath>C:\Program Files\dotnet\shared\Microsoft.NETCore.App\5.0.10\System.Xml.ReaderWriter.dll</ModulePath>
      <ModuleTime>2021-08-12T19:40:38Z</ModuleTime>
      <ModuleName>System.Xml.ReaderWriter</ModuleName>
      <Classes />
    </Module>
    <Module skippedDueTo="Filter" hash="F2-B6-F0-EA-15-31-D3-F2-2A-68-9D-5D-19-5C-08-EF-95-94-E4-11">
      <ModulePath>C:\Program Files\dotnet\shared\Microsoft.NETCore.App\5.0.10\System.Threading.Tasks.dll</ModulePath>
      <ModuleTime>2021-08-12T19:41:56Z</ModuleTime>
      <ModuleName>System.Threading.Tasks</ModuleName>
      <Classes />
    </Module>
    <Module skippedDueTo="Filter" hash="05-03-DC-64-AC-94-21-4D-7A-BF-2E-FB-B7-16-54-6A-97-26-6F-35">
      <ModulePath>C:\Program Files\dotnet\shared\Microsoft.NETCore.App\5.0.10\System.Globalization.dll</ModulePath>
      <ModuleTime>2021-08-12T19:41:10Z</ModuleTime>
      <ModuleName>System.Globalization</ModuleName>
      <Classes />
    </Module>
    <Module skippedDueTo="Filter" hash="CA-4D-1A-DF-AA-36-67-43-3D-E2-C9-BD-D3-D6-49-01-8B-56-22-2F">
      <ModulePath>C:\Program Files\dotnet\sdk\5.0.400\Microsoft.NET.StringTools.dll</ModulePath>
      <ModuleTime>2021-07-26T15:43:44Z</ModuleTime>
      <ModuleName>Microsoft.NET.StringTools</ModuleName>
      <Classes />
    </Module>
    <Module skippedDueTo="Filter" hash="7D-2F-C3-11-7E-7C-42-7E-E0-B3-4C-EF-45-A7-9D-5D-A3-2E-4C-2D">
      <ModulePath>C:\Program Files\dotnet\shared\Microsoft.NETCore.App\5.0.10\System.Collections.NonGeneric.dll</ModulePath>
      <ModuleTime>2021-08-12T19:41:32Z</ModuleTime>
      <ModuleName>System.Collections.NonGeneric</ModuleName>
      <Classes />
    </Module>
    <Module skippedDueTo="Filter" hash="1C-A1-89-A4-6A-55-E9-E3-95-8A-69-C2-CC-8C-23-10-D6-5C-4A-09">
      <ModulePath>C:\Program Files\dotnet\shared\Microsoft.NETCore.App\5.0.10\System.Threading.Tasks.Dataflow.dll</ModulePath>
      <ModuleTime>2021-08-12T19:41:56Z</ModuleTime>
      <ModuleName>System.Threading.Tasks.Dataflow</ModuleName>
      <Classes />
    </Module>
    <Module skippedDueTo="Filter" hash="9D-ED-B1-29-95-C0-B3-EB-20-CD-D8-B5-BB-D5-B4-8C-24-0C-A4-51">
      <ModulePath>C:\Program Files\dotnet\shared\Microsoft.NETCore.App\5.0.10\System.Security.Cryptography.Algorithms.dll</ModulePath>
      <ModuleTime>2021-08-12T19:41:30Z</ModuleTime>
      <ModuleName>System.Security.Cryptography.Algorithms</ModuleName>
      <Classes />
    </Module>
    <Module skippedDueTo="Filter" hash="BF-9F-72-98-14-25-F0-04-CF-0C-49-E0-5D-B1-40-7B-F7-42-E5-75">
      <ModulePath>C:\Program Files\dotnet\shared\Microsoft.NETCore.App\5.0.10\System.Security.Cryptography.Primitives.dll</ModulePath>
      <ModuleTime>2021-08-12T19:41:56Z</ModuleTime>
      <ModuleName>System.Security.Cryptography.Primitives</ModuleName>
      <Classes />
    </Module>
    <Module skippedDueTo="Filter" hash="34-A0-CB-AF-67-74-45-7D-26-D5-19-5E-D9-50-08-C3-01-5B-91-56">
      <ModulePath>C:\Program Files\dotnet\shared\Microsoft.NETCore.App\5.0.10\Microsoft.Win32.Registry.dll</ModulePath>
      <ModuleTime>2021-08-12T19:40:44Z</ModuleTime>
      <ModuleName>Microsoft.Win32.Registry</ModuleName>
      <Classes />
    </Module>
    <Module skippedDueTo="Filter" hash="D0-6B-30-34-03-B0-C6-3B-F9-DC-C0-B2-28-0E-5B-51-A2-76-E7-98">
      <ModulePath>C:\Program Files\dotnet\shared\Microsoft.NETCore.App\5.0.10\System.ObjectModel.dll</ModulePath>
      <ModuleTime>2021-08-12T19:41:06Z</ModuleTime>
      <ModuleName>System.ObjectModel</ModuleName>
      <Classes />
    </Module>
    <Module skippedDueTo="Filter" hash="A7-4E-BD-FF-3D-72-2F-37-3B-1E-44-A2-D3-E6-4C-F9-53-9E-5A-04">
      <ModulePath>C:\Program Files\dotnet\shared\Microsoft.NETCore.App\5.0.10\System.Diagnostics.TraceSource.dll</ModulePath>
      <ModuleTime>2021-08-12T19:41:36Z</ModuleTime>
      <ModuleName>System.Diagnostics.TraceSource</ModuleName>
      <Classes />
    </Module>
    <Module skippedDueTo="Filter" hash="A5-2D-F6-C0-4D-D7-95-62-59-D5-76-EC-AD-88-1C-28-49-90-CF-F7">
      <ModulePath>C:\Program Files\dotnet\shared\Microsoft.NETCore.App\5.0.10\System.Diagnostics.FileVersionInfo.dll</ModulePath>
      <ModuleTime>2021-08-12T19:41:38Z</ModuleTime>
      <ModuleName>System.Diagnostics.FileVersionInfo</ModuleName>
      <Classes />
    </Module>
    <Module skippedDueTo="Filter" hash="7C-3F-68-8D-68-A2-76-2A-99-1E-FF-8E-5F-35-CF-ED-25-4E-1F-7D">
      <ModulePath>C:\Program Files\dotnet\sdk\5.0.400\Microsoft.Build.NuGetSdkResolver.dll</ModulePath>
      <ModuleTime>2021-07-26T15:43:38Z</ModuleTime>
      <ModuleName>Microsoft.Build.NuGetSdkResolver</ModuleName>
      <Classes />
    </Module>
    <Module skippedDueTo="Filter" hash="8E-DC-DD-C0-DF-C9-59-13-FD-77-44-30-E7-E2-5D-D9-59-E2-71-F0">
      <ModulePath>C:\Program Files\dotnet\sdk\5.0.400\Microsoft.NET.Sdk.WorkloadMSBuildSdkResolver.dll</ModulePath>
      <ModuleTime>2021-07-26T15:44:10Z</ModuleTime>
      <ModuleName>Microsoft.NET.Sdk.WorkloadMSBuildSdkResolver</ModuleName>
      <Classes />
    </Module>
    <Module skippedDueTo="Filter" hash="D5-28-EC-0D-2D-39-97-10-66-60-61-2F-AC-1E-96-B5-AF-E1-DC-C7">
      <ModulePath>C:\Program Files\dotnet\sdk\5.0.400\Microsoft.DotNet.Cli.Utils.dll</ModulePath>
      <ModuleTime>2021-07-26T15:44:10Z</ModuleTime>
      <ModuleName>Microsoft.DotNet.Cli.Utils</ModuleName>
      <Classes />
    </Module>
    <Module skippedDueTo="Filter" hash="E6-A8-0C-EA-B3-A0-22-73-A8-14-C9-88-F1-75-0D-01-7B-0B-31-CF">
      <ModulePath>C:\Program Files\dotnet\sdk\5.0.400\Microsoft.NET.Sdk.WorkloadManifestReader.dll</ModulePath>
      <ModuleTime>2021-07-26T15:44:34Z</ModuleTime>
      <ModuleName>Microsoft.NET.Sdk.WorkloadManifestReader</ModuleName>
      <Classes />
    </Module>
    <Module skippedDueTo="Filter" hash="CA-4E-DF-3F-DC-B3-33-E2-78-68-96-94-E0-B5-F7-AD-2C-26-89-2B">
      <ModulePath>C:\Program Files\dotnet\shared\Microsoft.NETCore.App\5.0.10\System.Threading.Tasks.Parallel.dll</ModulePath>
      <ModuleTime>2021-08-12T19:41:08Z</ModuleTime>
      <ModuleName>System.Threading.Tasks.Parallel</ModuleName>
      <Classes />
    </Module>
    <Module skippedDueTo="Filter" hash="28-BE-FF-C9-EA-83-DE-16-2A-EF-1E-85-07-2C-00-62-65-51-1C-A0">
      <ModulePath>C:\Program Files\dotnet\shared\Microsoft.NETCore.App\5.0.10\System.ComponentModel.dll</ModulePath>
      <ModuleTime>2021-08-12T19:40:20Z</ModuleTime>
      <ModuleName>System.ComponentModel</ModuleName>
      <Classes />
    </Module>
    <Module skippedDueTo="Filter" hash="9C-45-7E-A2-A7-07-C2-D2-4F-8F-C9-D1-48-A7-BA-2D-C1-3F-E2-CC">
      <ModulePath>C:\Program Files\dotnet\sdk\5.0.400\NuGet.Frameworks.dll</ModulePath>
      <ModuleTime>2021-07-26T15:43:24Z</ModuleTime>
      <ModuleName>NuGet.Frameworks</ModuleName>
      <Classes />
    </Module>
    <Module skippedDueTo="Filter" hash="27-DB-96-EC-C8-CF-61-0C-78-20-6A-5C-4B-BE-A6-ED-D8-EC-0D-72">
      <ModulePath>C:\Program Files\dotnet\sdk\5.0.400\Microsoft.Build.Utilities.Core.dll</ModulePath>
      <ModuleTime>2021-07-26T15:44:10Z</ModuleTime>
      <ModuleName>Microsoft.Build.Utilities.Core</ModuleName>
      <Classes />
    </Module>
    <Module skippedDueTo="Filter" hash="F1-9A-93-D1-4C-26-79-F2-B0-1F-D6-83-93-20-42-1D-6C-A8-72-85">
      <ModulePath>C:\Program Files\dotnet\shared\Microsoft.NETCore.App\5.0.10\System.Reflection.Emit.ILGeneration.dll</ModulePath>
      <ModuleTime>2021-08-12T19:40:22Z</ModuleTime>
      <ModuleName>System.Reflection.Emit.ILGeneration</ModuleName>
      <Classes />
    </Module>
    <Module skippedDueTo="Filter" hash="05-0F-2F-08-D8-AF-BD-C3-DD-5A-8F-04-7E-FF-A9-D3-AE-2F-D0-6F">
      <ModulePath>C:\Program Files\dotnet\shared\Microsoft.NETCore.App\5.0.10\System.Reflection.Emit.Lightweight.dll</ModulePath>
      <ModuleTime>2021-08-12T19:40:42Z</ModuleTime>
      <ModuleName>System.Reflection.Emit.Lightweight</ModuleName>
      <Classes />
    </Module>
    <Module skippedDueTo="Filter" hash="B6-82-D0-B8-DC-7D-D8-78-A6-C7-01-A9-76-2A-32-05-D4-CB-A7-89">
      <ModulePath>C:\Program Files\dotnet\shared\Microsoft.NETCore.App\5.0.10\System.Reflection.Primitives.dll</ModulePath>
      <ModuleTime>2021-08-12T19:41:30Z</ModuleTime>
      <ModuleName>System.Reflection.Primitives</ModuleName>
      <Classes />
    </Module>
    <Module skippedDueTo="Filter" hash="7A-DC-2C-86-CF-0D-88-FA-74-17-88-8E-96-0F-53-94-61-A4-F7-85">
      <ModulePath>C:\Program Files\dotnet\sdk\5.0.400\Microsoft.Build.Tasks.Core.dll</ModulePath>
      <ModuleTime>2021-07-26T15:44:12Z</ModuleTime>
      <ModuleName>Microsoft.Build.Tasks.Core</ModuleName>
      <Classes />
    </Module>
    <Module skippedDueTo="Filter" hash="BC-F3-0A-EB-9D-F2-A9-E6-C8-C7-EE-FD-70-4C-30-17-06-CE-20-77">
      <ModulePath>C:\Program Files\dotnet\sdk\5.0.400\Microsoft.TestPlatform.Build.dll</ModulePath>
      <ModuleTime>2021-07-26T15:44:10Z</ModuleTime>
      <ModuleName>Microsoft.TestPlatform.Build</ModuleName>
      <Classes />
    </Module>
    <Module skippedDueTo="Filter" hash="49-10-71-3B-E3-2C-AA-9A-34-0C-A8-18-FA-6D-09-3C-BE-AB-6B-FF">
      <ModulePath>C:\Program Files\dotnet\shared\Microsoft.NETCore.App\5.0.10\System.Private.CoreLib.dll</ModulePath>
      <ModuleTime>2021-08-12T19:37:02Z</ModuleTime>
      <ModuleName>System.Private.CoreLib</ModuleName>
      <Classes />
    </Module>
    <Module skippedDueTo="Filter" hash="07-44-DA-91-CF-E3-B8-98-AE-A4-4E-F0-D6-F7-E2-09-76-62-87-59">
      <ModulePath>C:\Program Files\dotnet\sdk\5.0.400\vstest.console.dll</ModulePath>
      <ModuleTime>2021-07-26T15:43:28Z</ModuleTime>
      <ModuleName>vstest.console</ModuleName>
      <Classes />
    </Module>
    <Module skippedDueTo="Filter" hash="0D-0C-B3-D1-B6-10-52-BD-93-A7-4A-BC-52-DF-D3-FC-8C-96-2B-AA">
      <ModulePath>C:\Program Files\dotnet\shared\Microsoft.NETCore.App\5.0.10\System.Runtime.dll</ModulePath>
      <ModuleTime>2021-08-12T19:41:06Z</ModuleTime>
      <ModuleName>System.Runtime</ModuleName>
      <Classes />
    </Module>
    <Module skippedDueTo="Filter" hash="DE-7E-F4-47-A4-48-29-F1-EC-3F-63-F9-57-E0-12-7C-65-BC-EC-FC">
      <ModulePath>C:\Program Files\dotnet\shared\Microsoft.NETCore.App\5.0.10\System.Diagnostics.Process.dll</ModulePath>
      <ModuleTime>2021-08-12T19:41:10Z</ModuleTime>
      <ModuleName>System.Diagnostics.Process</ModuleName>
      <Classes />
    </Module>
    <Module skippedDueTo="Filter" hash="C4-99-9B-0B-0A-BE-CF-6D-12-2C-C6-A0-BB-34-1A-0B-0F-1B-5A-4F">
      <ModulePath>C:\Program Files\dotnet\shared\Microsoft.NETCore.App\5.0.10\System.ComponentModel.Primitives.dll</ModulePath>
      <ModuleTime>2021-08-12T19:41:32Z</ModuleTime>
      <ModuleName>System.ComponentModel.Primitives</ModuleName>
      <Classes />
    </Module>
    <Module skippedDueTo="Filter" hash="82-B8-C7-76-3A-28-98-23-3C-FA-E7-DA-BD-4D-67-4F-C7-4A-BB-F2">
      <ModulePath>C:\Program Files\dotnet\shared\Microsoft.NETCore.App\5.0.10\System.Runtime.Extensions.dll</ModulePath>
      <ModuleTime>2021-08-12T19:40:44Z</ModuleTime>
      <ModuleName>System.Runtime.Extensions</ModuleName>
      <Classes />
    </Module>
    <Module skippedDueTo="Filter" hash="38-C3-EB-90-41-A3-77-38-EA-60-4D-A3-E5-B0-52-EE-1F-64-D4-E2">
      <ModulePath>C:\Program Files\dotnet\sdk\5.0.400\Microsoft.TestPlatform.CoreUtilities.dll</ModulePath>
      <ModuleTime>2021-07-26T15:43:46Z</ModuleTime>
      <ModuleName>Microsoft.TestPlatform.CoreUtilities</ModuleName>
      <Classes />
    </Module>
    <Module skippedDueTo="Filter" hash="68-7E-6E-01-D9-5F-74-79-2A-A4-A3-B9-B9-DD-69-87-3D-2A-07-85">
      <ModulePath>C:\Program Files\dotnet\shared\Microsoft.NETCore.App\5.0.10\netstandard.dll</ModulePath>
      <ModuleTime>2021-08-12T19:42:00Z</ModuleTime>
      <ModuleName>netstandard</ModuleName>
      <Classes />
    </Module>
    <Module skippedDueTo="Filter" hash="B8-F4-33-5C-E0-DE-C0-20-83-EC-15-12-2B-3E-F0-6C-B0-63-45-1D">
      <ModulePath>C:\Program Files\dotnet\shared\Microsoft.NETCore.App\5.0.10\System.Diagnostics.Debug.dll</ModulePath>
      <ModuleTime>2021-08-12T19:40:44Z</ModuleTime>
      <ModuleName>System.Diagnostics.Debug</ModuleName>
      <Classes />
    </Module>
    <Module skippedDueTo="Filter" hash="71-2D-B8-49-1F-20-29-2E-AB-F2-95-B6-50-96-C6-21-10-98-48-E3">
      <ModulePath>C:\Program Files\dotnet\shared\Microsoft.NETCore.App\5.0.10\System.Threading.Thread.dll</ModulePath>
      <ModuleTime>2021-08-12T19:41:32Z</ModuleTime>
      <ModuleName>System.Threading.Thread</ModuleName>
      <Classes />
    </Module>
    <Module skippedDueTo="Filter" hash="B2-BD-F7-F0-C6-DF-66-9A-71-ED-AE-76-7C-0E-24-2F-E4-29-B6-01">
      <ModulePath>C:\Program Files\dotnet\shared\Microsoft.NETCore.App\5.0.10\System.Threading.dll</ModulePath>
      <ModuleTime>2021-08-12T19:41:32Z</ModuleTime>
      <ModuleName>System.Threading</ModuleName>
      <Classes />
    </Module>
    <Module skippedDueTo="Filter" hash="22-4E-7B-3B-37-62-F1-2E-E3-EB-3E-0C-DB-22-78-78-F3-06-B0-A4">
      <ModulePath>C:\Program Files\dotnet\shared\Microsoft.NETCore.App\5.0.10\System.Console.dll</ModulePath>
      <ModuleTime>2021-08-12T19:41:34Z</ModuleTime>
      <ModuleName>System.Console</ModuleName>
      <Classes />
    </Module>
    <Module skippedDueTo="Filter" hash="E6-97-2D-17-64-13-60-A1-75-F2-47-41-6A-F9-51-62-22-85-32-3B">
      <ModulePath>C:\Program Files\dotnet\shared\Microsoft.NETCore.App\5.0.10\System.Text.Encoding.Extensions.dll</ModulePath>
      <ModuleTime>2021-08-12T19:42:18Z</ModuleTime>
      <ModuleName>System.Text.Encoding.Extensions</ModuleName>
      <Classes />
    </Module>
    <Module skippedDueTo="Filter" hash="2A-D5-6A-2E-6F-E3-BA-23-0F-C2-43-C6-77-F1-FC-50-AB-AD-54-37">
      <ModulePath>C:\Program Files\dotnet\shared\Microsoft.NETCore.App\5.0.10\System.Diagnostics.Tracing.dll</ModulePath>
      <ModuleTime>2021-08-12T19:41:08Z</ModuleTime>
      <ModuleName>System.Diagnostics.Tracing</ModuleName>
      <Classes />
    </Module>
    <Module skippedDueTo="Filter" hash="92-5E-05-82-29-CF-07-B8-E4-B9-6B-97-1F-F6-EA-C4-71-87-EA-0B">
      <ModulePath>C:\Program Files\dotnet\shared\Microsoft.NETCore.App\5.0.10\System.Collections.dll</ModulePath>
      <ModuleTime>2021-08-12T19:40:20Z</ModuleTime>
      <ModuleName>System.Collections</ModuleName>
      <Classes />
    </Module>
    <Module skippedDueTo="Filter" hash="37-5D-9E-75-5F-70-D8-B6-CD-84-49-3C-A8-D8-BE-E9-70-85-7D-6D">
      <ModulePath>C:\Program Files\dotnet\sdk\5.0.400\Microsoft.VisualStudio.TestPlatform.ObjectModel.dll</ModulePath>
      <ModuleTime>2021-07-26T15:44:12Z</ModuleTime>
      <ModuleName>Microsoft.VisualStudio.TestPlatform.ObjectModel</ModuleName>
      <Classes />
    </Module>
    <Module skippedDueTo="Filter" hash="9D-A3-E0-20-34-28-08-15-CC-44-19-37-77-1A-59-33-73-A9-87-FF">
      <ModulePath>C:\Program Files\dotnet\sdk\5.0.400\Microsoft.VisualStudio.TestPlatform.Client.dll</ModulePath>
      <ModuleTime>2021-07-26T15:44:12Z</ModuleTime>
      <ModuleName>Microsoft.VisualStudio.TestPlatform.Client</ModuleName>
      <Classes />
    </Module>
    <Module skippedDueTo="Filter" hash="A5-B3-78-47-59-21-77-E3-0E-68-2A-BE-BE-24-67-43-59-A7-66-0E">
      <ModulePath>C:\Program Files\dotnet\sdk\5.0.400\Microsoft.VisualStudio.TestPlatform.Common.dll</ModulePath>
      <ModuleTime>2021-07-26T15:44:12Z</ModuleTime>
      <ModuleName>Microsoft.VisualStudio.TestPlatform.Common</ModuleName>
      <Classes />
    </Module>
    <Module skippedDueTo="Filter" hash="B1-26-A1-1B-F1-77-8E-CB-1B-52-7B-B3-E7-E9-39-58-1F-51-96-D7">
      <ModulePath>C:\Program Files\dotnet\shared\Microsoft.NETCore.App\5.0.10\System.Linq.dll</ModulePath>
      <ModuleTime>2021-08-12T19:41:12Z</ModuleTime>
      <ModuleName>System.Linq</ModuleName>
      <Classes />
    </Module>
    <Module skippedDueTo="Filter" hash="45-5A-96-1B-91-92-1F-41-E3-0F-4E-C1-D8-5D-49-4D-8C-9C-A6-07">
      <ModulePath>C:\Program Files\dotnet\shared\Microsoft.NETCore.App\5.0.10\System.Runtime.InteropServices.dll</ModulePath>
      <ModuleTime>2021-08-12T19:41:28Z</ModuleTime>
      <ModuleName>System.Runtime.InteropServices</ModuleName>
      <Classes />
    </Module>
    <Module skippedDueTo="Filter" hash="03-05-C5-A9-3D-18-55-3E-81-29-62-A4-28-1B-F2-CB-76-AB-B8-36">
      <ModulePath>C:\Program Files\dotnet\shared\Microsoft.NETCore.App\5.0.10\System.Resources.ResourceManager.dll</ModulePath>
      <ModuleTime>2021-08-12T19:41:52Z</ModuleTime>
      <ModuleName>System.Resources.ResourceManager</ModuleName>
      <Classes />
    </Module>
    <Module skippedDueTo="Filter" hash="0B-49-72-D5-FA-E8-4F-9A-C9-62-0E-3E-DB-AE-F9-C9-DE-3D-B2-CB">
      <ModulePath>C:\Program Files\dotnet\shared\Microsoft.NETCore.App\5.0.10\System.IO.FileSystem.dll</ModulePath>
      <ModuleTime>2021-08-12T19:40:20Z</ModuleTime>
      <ModuleName>System.IO.FileSystem</ModuleName>
      <Classes />
    </Module>
    <Module skippedDueTo="Filter" hash="76-41-0C-6B-62-64-4F-A5-43-4F-8A-8A-FB-57-4C-A8-EF-24-2A-60">
      <ModulePath>C:\Program Files\dotnet\shared\Microsoft.NETCore.App\5.0.10\System.Xml.ReaderWriter.dll</ModulePath>
      <ModuleTime>2021-08-12T19:40:38Z</ModuleTime>
      <ModuleName>System.Xml.ReaderWriter</ModuleName>
      <Classes />
    </Module>
    <Module skippedDueTo="Filter" hash="E9-7F-CE-82-67-81-A3-CB-21-0F-F2-E7-86-21-C0-57-E3-1F-55-29">
      <ModulePath>C:\Program Files\dotnet\shared\Microsoft.NETCore.App\5.0.10\System.Private.Xml.dll</ModulePath>
      <ModuleTime>2021-08-12T19:41:56Z</ModuleTime>
      <ModuleName>System.Private.Xml</ModuleName>
      <Classes />
    </Module>
    <Module skippedDueTo="Filter" hash="D0-82-69-73-8D-37-C1-72-6E-C0-9E-15-C3-32-94-02-00-DB-EC-6E">
      <ModulePath>C:\Program Files\dotnet\sdk\5.0.400\Microsoft.TestPlatform.PlatformAbstractions.dll</ModulePath>
      <ModuleTime>2021-07-26T15:44:14Z</ModuleTime>
      <ModuleName>Microsoft.TestPlatform.PlatformAbstractions</ModuleName>
      <Classes />
    </Module>
    <Module skippedDueTo="Filter" hash="72-C1-3F-47-72-DA-88-09-E6-FC-7C-61-1F-94-EF-59-1C-B3-91-5D">
      <ModulePath>C:\Program Files\dotnet\sdk\5.0.400\Microsoft.TestPlatform.Utilities.dll</ModulePath>
      <ModuleTime>2021-07-26T15:43:46Z</ModuleTime>
      <ModuleName>Microsoft.TestPlatform.Utilities</ModuleName>
      <Classes />
    </Module>
    <Module skippedDueTo="Filter" hash="AC-D3-53-FB-D5-91-20-9D-94-53-61-7C-48-59-CD-0B-A1-59-F0-8F">
      <ModulePath>C:\Program Files\dotnet\shared\Microsoft.NETCore.App\5.0.10\System.Runtime.InteropServices.RuntimeInformation.dll</ModulePath>
      <ModuleTime>2021-08-12T19:41:28Z</ModuleTime>
      <ModuleName>System.Runtime.InteropServices.RuntimeInformation</ModuleName>
      <Classes />
    </Module>
    <Module skippedDueTo="Filter" hash="9C-45-7E-A2-A7-07-C2-D2-4F-8F-C9-D1-48-A7-BA-2D-C1-3F-E2-CC">
      <ModulePath>C:\Program Files\dotnet\sdk\5.0.400\NuGet.Frameworks.dll</ModulePath>
      <ModuleTime>2021-07-26T15:43:24Z</ModuleTime>
      <ModuleName>NuGet.Frameworks</ModuleName>
      <Classes />
    </Module>
    <Module skippedDueTo="Filter" hash="D6-C2-F2-E5-E4-C3-98-A2-21-8E-8A-07-18-EE-1C-9C-2C-C0-65-34">
      <ModulePath>C:\Program Files\dotnet\shared\Microsoft.NETCore.App\5.0.10\System.Memory.dll</ModulePath>
      <ModuleTime>2021-08-12T19:41:12Z</ModuleTime>
      <ModuleName>System.Memory</ModuleName>
      <Classes />
    </Module>
    <Module skippedDueTo="Filter" hash="9D-ED-B1-29-95-C0-B3-EB-20-CD-D8-B5-BB-D5-B4-8C-24-0C-A4-51">
      <ModulePath>C:\Program Files\dotnet\shared\Microsoft.NETCore.App\5.0.10\System.Security.Cryptography.Algorithms.dll</ModulePath>
      <ModuleTime>2021-08-12T19:41:30Z</ModuleTime>
      <ModuleName>System.Security.Cryptography.Algorithms</ModuleName>
      <Classes />
    </Module>
    <Module skippedDueTo="Filter" hash="31-03-40-C6-D5-E1-D1-EC-CB-3E-C3-2F-85-1D-3A-58-8D-54-57-6D">
      <ModulePath>C:\Program Files\dotnet\shared\Microsoft.NETCore.App\5.0.10\System.Private.Uri.dll</ModulePath>
      <ModuleTime>2021-08-12T19:41:06Z</ModuleTime>
      <ModuleName>System.Private.Uri</ModuleName>
      <Classes />
    </Module>
    <Module skippedDueTo="Filter" hash="A7-4E-BD-FF-3D-72-2F-37-3B-1E-44-A2-D3-E6-4C-F9-53-9E-5A-04">
      <ModulePath>C:\Program Files\dotnet\shared\Microsoft.NETCore.App\5.0.10\System.Diagnostics.TraceSource.dll</ModulePath>
      <ModuleTime>2021-08-12T19:41:36Z</ModuleTime>
      <ModuleName>System.Diagnostics.TraceSource</ModuleName>
      <Classes />
    </Module>
    <Module skippedDueTo="Filter" hash="55-A5-09-F7-AC-60-A8-0F-BC-12-03-A9-59-E7-71-52-C8-74-F4-F7">
      <ModulePath>C:\Program Files\dotnet\shared\Microsoft.NETCore.App\5.0.10\System.Threading.ThreadPool.dll</ModulePath>
      <ModuleTime>2021-08-12T19:40:44Z</ModuleTime>
      <ModuleName>System.Threading.ThreadPool</ModuleName>
      <Classes />
    </Module>
    <Module skippedDueTo="Filter" hash="7D-2F-C3-11-7E-7C-42-7E-E0-B3-4C-EF-45-A7-9D-5D-A3-2E-4C-2D">
      <ModulePath>C:\Program Files\dotnet\shared\Microsoft.NETCore.App\5.0.10\System.Collections.NonGeneric.dll</ModulePath>
      <ModuleTime>2021-08-12T19:41:32Z</ModuleTime>
      <ModuleName>System.Collections.NonGeneric</ModuleName>
      <Classes />
    </Module>
    <Module skippedDueTo="Filter" hash="8D-6E-D3-5D-78-1B-97-D1-45-50-8D-CC-E9-6E-40-70-B4-68-B5-03">
      <ModulePath>C:\Program Files\dotnet\sdk\5.0.400\Microsoft.Extensions.FileSystemGlobbing.dll</ModulePath>
      <ModuleTime>2021-07-26T15:43:40Z</ModuleTime>
      <ModuleName>Microsoft.Extensions.FileSystemGlobbing</ModuleName>
      <Classes />
    </Module>
    <Module skippedDueTo="Filter" hash="11-81-6D-7A-62-C4-E9-AC-B4-CC-03-1A-96-10-47-B8-C5-47-D7-9F">
      <ModulePath>C:\Program Files\dotnet\sdk\5.0.400\Microsoft.TestPlatform.CrossPlatEngine.dll</ModulePath>
      <ModuleTime>2021-07-26T15:43:48Z</ModuleTime>
      <ModuleName>Microsoft.TestPlatform.CrossPlatEngine</ModuleName>
      <Classes />
    </Module>
    <Module skippedDueTo="Filter" hash="03-A5-94-74-20-CE-C1-C6-B6-BA-DC-36-51-E8-60-81-5C-EE-82-D7">
      <ModulePath>C:\Program Files\dotnet\shared\Microsoft.NETCore.App\5.0.10\System.Runtime.Loader.dll</ModulePath>
      <ModuleTime>2021-08-12T19:41:06Z</ModuleTime>
      <ModuleName>System.Runtime.Loader</ModuleName>
      <Classes />
    </Module>
    <Module skippedDueTo="Filter" hash="F7-3A-47-3F-F9-C2-46-7E-36-5B-5D-03-3E-76-40-22-C8-64-7A-3D">
      <ModulePath>C:\Program Files\dotnet\sdk\5.0.400\Extensions\Microsoft.Diagnostics.NETCore.Client.dll</ModulePath>
      <ModuleTime>2021-07-26T15:43:54Z</ModuleTime>
      <ModuleName>Microsoft.Diagnostics.NETCore.Client</ModuleName>
      <Classes />
    </Module>
    <Module skippedDueTo="Filter" hash="7B-38-5E-C9-CD-0A-0A-E4-23-DD-90-CD-6B-AC-C2-9E-1D-E3-1B-43">
      <ModulePath>C:\Program Files\dotnet\shared\Microsoft.NETCore.App\5.0.10\System.Net.Sockets.dll</ModulePath>
      <ModuleTime>2021-08-12T19:41:52Z</ModuleTime>
      <ModuleName>System.Net.Sockets</ModuleName>
      <Classes />
    </Module>
    <Module skippedDueTo="Filter" hash="0B-9D-80-7A-C9-5F-CC-5E-81-5C-FE-B9-23-7F-C4-17-AE-05-DB-B3">
      <ModulePath>C:\Program Files\dotnet\shared\Microsoft.NETCore.App\5.0.10\System.Net.Primitives.dll</ModulePath>
      <ModuleTime>2021-08-12T19:40:48Z</ModuleTime>
      <ModuleName>System.Net.Primitives</ModuleName>
      <Classes />
    </Module>
    <Module skippedDueTo="Filter" hash="C1-76-EB-2B-E1-D0-C6-5C-BC-F8-D2-70-D1-B2-E0-DA-72-5D-C2-90">
      <ModulePath>C:\Program Files\dotnet\shared\Microsoft.NETCore.App\5.0.10\System.Threading.Tasks.Extensions.dll</ModulePath>
      <ModuleTime>2021-08-12T19:41:58Z</ModuleTime>
      <ModuleName>System.Threading.Tasks.Extensions</ModuleName>
      <Classes />
    </Module>
    <Module skippedDueTo="Filter" hash="8F-37-19-96-23-7C-B7-CC-92-C3-21-AF-82-51-87-E3-4B-8A-B8-C6">
      <ModulePath>C:\Program Files\dotnet\shared\Microsoft.NETCore.App\5.0.10\System.Diagnostics.StackTrace.dll</ModulePath>
      <ModuleTime>2021-08-12T19:41:34Z</ModuleTime>
      <ModuleName>System.Diagnostics.StackTrace</ModuleName>
      <Classes />
    </Module>
    <Module skippedDueTo="Filter" hash="12-35-44-03-25-AE-A3-F0-4A-00-F1-16-03-0D-2D-0E-FF-14-44-5B">
      <ModulePath>C:\Program Files\dotnet\shared\Microsoft.NETCore.App\5.0.10\System.Reflection.Metadata.dll</ModulePath>
      <ModuleTime>2021-08-12T19:41:06Z</ModuleTime>
      <ModuleName>System.Reflection.Metadata</ModuleName>
      <Classes />
    </Module>
    <Module skippedDueTo="Filter" hash="AC-11-B7-76-77-FB-75-3B-89-CE-7A-B8-7E-7C-D9-E1-50-8D-3D-70">
      <ModulePath>C:\Program Files\dotnet\shared\Microsoft.NETCore.App\5.0.10\System.Collections.Immutable.dll</ModulePath>
      <ModuleTime>2021-08-12T19:41:34Z</ModuleTime>
      <ModuleName>System.Collections.Immutable</ModuleName>
      <Classes />
    </Module>
    <Module skippedDueTo="Filter" hash="2E-96-6D-C2-9B-89-7C-53-7B-CE-38-42-B8-43-A3-45-38-80-EC-8E">
      <ModulePath>C:\Program Files\dotnet\sdk\5.0.400\Extensions\Microsoft.TestPlatform.Extensions.BlameDataCollector.dll</ModulePath>
      <ModuleTime>2021-07-26T15:44:16Z</ModuleTime>
      <ModuleName>Microsoft.TestPlatform.Extensions.BlameDataCollector</ModuleName>
      <Classes />
    </Module>
    <Module skippedDueTo="Filter" hash="DF-08-E0-6B-6C-77-B7-7C-4A-9F-2E-E8-23-8C-33-20-71-2F-9F-C1">
      <ModulePath>C:\Program Files\dotnet\sdk\5.0.400\Extensions\Microsoft.TestPlatform.Extensions.EventLogCollector.dll</ModulePath>
      <ModuleTime>2021-06-26T10:40:00Z</ModuleTime>
      <ModuleName>Microsoft.TestPlatform.Extensions.EventLogCollector</ModuleName>
      <Classes />
    </Module>
    <Module skippedDueTo="Filter" hash="F7-47-3D-77-C0-6B-BC-BB-0F-67-DA-A4-21-49-D3-D3-C6-AA-02-BA">
      <ModulePath>C:\Program Files\dotnet\shared\Microsoft.NETCore.App\5.0.10\mscorlib.dll</ModulePath>
      <ModuleTime>2021-08-12T19:37:36Z</ModuleTime>
      <ModuleName>mscorlib</ModuleName>
      <Classes />
    </Module>
    <Module skippedDueTo="Filter" hash="3D-AC-42-29-2F-5D-F2-FC-D6-C9-F3-E6-2E-FF-87-82-0E-78-75-5C">
      <ModulePath>C:\Program Files\dotnet\shared\Microsoft.NETCore.App\5.0.10\System.Xml.dll</ModulePath>
      <ModuleTime>2021-08-12T19:41:40Z</ModuleTime>
      <ModuleName>System.Xml</ModuleName>
      <Classes />
    </Module>
    <Module skippedDueTo="Filter" hash="1A-22-AB-B1-75-68-A6-5E-44-37-95-B7-F7-32-31-BC-9E-48-86-DF">
      <ModulePath>C:\Program Files\dotnet\sdk\5.0.400\Extensions\Microsoft.TestPlatform.TestHostRuntimeProvider.dll</ModulePath>
      <ModuleTime>2021-07-26T15:44:16Z</ModuleTime>
      <ModuleName>Microsoft.TestPlatform.TestHostRuntimeProvider</ModuleName>
      <Classes />
    </Module>
    <Module skippedDueTo="Filter" hash="01-E7-01-FB-9A-A9-94-62-71-15-DC-FB-06-4E-B7-4E-F2-64-34-52">
      <ModulePath>C:\Program Files\dotnet\sdk\5.0.400\Extensions\Microsoft.VisualStudio.TestPlatform.Extensions.Html.TestLogger.dll</ModulePath>
      <ModuleTime>2021-07-26T15:43:52Z</ModuleTime>
      <ModuleName>Microsoft.VisualStudio.TestPlatform.Extensions.Html.TestLogger</ModuleName>
      <Classes />
    </Module>
    <Module skippedDueTo="Filter" hash="3A-B5-4D-0D-6A-A1-57-09-2E-CF-36-BA-CB-A3-1B-66-15-E7-B5-6A">
      <ModulePath>C:\Program Files\dotnet\sdk\5.0.400\Extensions\Microsoft.VisualStudio.TestPlatform.Extensions.Trx.TestLogger.dll</ModulePath>
      <ModuleTime>2021-07-26T15:44:18Z</ModuleTime>
      <ModuleName>Microsoft.VisualStudio.TestPlatform.Extensions.Trx.TestLogger</ModuleName>
      <Classes />
    </Module>
    <Module skippedDueTo="Filter" hash="F2-B6-F0-EA-15-31-D3-F2-2A-68-9D-5D-19-5C-08-EF-95-94-E4-11">
      <ModulePath>C:\Program Files\dotnet\shared\Microsoft.NETCore.App\5.0.10\System.Threading.Tasks.dll</ModulePath>
      <ModuleTime>2021-08-12T19:41:56Z</ModuleTime>
      <ModuleName>System.Threading.Tasks</ModuleName>
      <Classes />
    </Module>
    <Module skippedDueTo="Filter" hash="CD-76-DC-9D-C3-03-6B-11-0F-66-8E-6B-16-DA-FC-49-C3-E0-45-65">
      <ModulePath>C:\Program Files\dotnet\shared\Microsoft.NETCore.App\5.0.10\System.Collections.Concurrent.dll</ModulePath>
      <ModuleTime>2021-08-12T19:41:08Z</ModuleTime>
      <ModuleName>System.Collections.Concurrent</ModuleName>
      <Classes />
    </Module>
    <Module skippedDueTo="Filter" hash="3A-E7-FA-F2-E8-DC-A1-8C-7E-BE-0A-E3-73-59-7E-46-48-7E-2B-BC">
      <ModulePath>C:\Program Files\dotnet\shared\Microsoft.NETCore.App\5.0.10\Microsoft.Win32.Primitives.dll</ModulePath>
      <ModuleTime>2021-08-12T19:41:34Z</ModuleTime>
      <ModuleName>Microsoft.Win32.Primitives</ModuleName>
      <Classes />
    </Module>
    <Module skippedDueTo="Filter" hash="D5-C5-27-7E-FB-AD-DA-39-B4-1E-E4-6E-6C-50-C0-51-DD-4C-E6-0E">
      <ModulePath>C:\Program Files\dotnet\sdk\5.0.400\Microsoft.TestPlatform.CommunicationUtilities.dll</ModulePath>
      <ModuleTime>2021-07-26T15:44:12Z</ModuleTime>
      <ModuleName>Microsoft.TestPlatform.CommunicationUtilities</ModuleName>
      <Classes />
    </Module>
    <Module skippedDueTo="Filter" hash="1C-41-B9-B5-D3-AA-9F-5E-7F-DC-C5-16-15-F6-4B-55-EA-EE-74-BE">
      <ModulePath>C:\Program Files\dotnet\sdk\5.0.400\Newtonsoft.Json.dll</ModulePath>
      <ModuleTime>2021-07-26T15:43:18Z</ModuleTime>
      <ModuleName>Newtonsoft.Json</ModuleName>
      <Classes />
    </Module>
    <Module skippedDueTo="Filter" hash="E2-FA-02-9A-E5-44-D7-3D-43-18-60-AF-31-69-2A-34-8B-C1-AE-AB">
      <ModulePath>C:\Program Files\dotnet\shared\Microsoft.NETCore.App\5.0.10\System.Runtime.Serialization.Formatters.dll</ModulePath>
      <ModuleTime>2021-08-12T19:40:44Z</ModuleTime>
      <ModuleName>System.Runtime.Serialization.Formatters</ModuleName>
      <Classes />
    </Module>
    <Module skippedDueTo="Filter" hash="66-E3-AF-0A-D5-BE-90-1A-D9-66-E0-A2-89-E2-12-07-8C-83-B2-F8">
      <ModulePath>C:\Program Files\dotnet\shared\Microsoft.NETCore.App\5.0.10\System.Net.NameResolution.dll</ModulePath>
      <ModuleTime>2021-08-12T19:40:48Z</ModuleTime>
      <ModuleName>System.Net.NameResolution</ModuleName>
      <Classes />
    </Module>
    <Module skippedDueTo="Filter" hash="A5-7D-AF-3B-56-91-69-D7-BD-08-EC-0F-DE-1E-89-C1-00-D4-B4-E9">
      <ModulePath>C:\Program Files\dotnet\shared\Microsoft.NETCore.App\5.0.10\System.Threading.Overlapped.dll</ModulePath>
      <ModuleTime>2021-08-12T19:41:32Z</ModuleTime>
      <ModuleName>System.Threading.Overlapped</ModuleName>
      <Classes />
    </Module>
    <Module skippedDueTo="Filter" hash="49-10-71-3B-E3-2C-AA-9A-34-0C-A8-18-FA-6D-09-3C-BE-AB-6B-FF">
      <ModulePath>C:\Program Files\dotnet\shared\Microsoft.NETCore.App\5.0.10\System.Private.CoreLib.dll</ModulePath>
      <ModuleTime>2021-08-12T19:37:02Z</ModuleTime>
      <ModuleName>System.Private.CoreLib</ModuleName>
      <Classes />
    </Module>
    <Module skippedDueTo="Filter" hash="F7-F4-23-E7-7D-3A-8F-98-A3-0E-62-88-29-0F-DE-46-9A-28-2C-33">
      <ModulePath>C:\Projects\exmat\exmattests\bin\Debug\.netcoreapp,version=v5.0\testhost.dll</ModulePath>
      <ModuleTime>2021-08-12T23:25:08Z</ModuleTime>
      <ModuleName>testhost</ModuleName>
      <Classes />
    </Module>
    <Module skippedDueTo="Filter" hash="0D-0C-B3-D1-B6-10-52-BD-93-A7-4A-BC-52-DF-D3-FC-8C-96-2B-AA">
      <ModulePath>C:\Program Files\dotnet\shared\Microsoft.NETCore.App\5.0.10\System.Runtime.dll</ModulePath>
      <ModuleTime>2021-08-12T19:41:06Z</ModuleTime>
      <ModuleName>System.Runtime</ModuleName>
      <Classes />
    </Module>
    <Module skippedDueTo="Filter" hash="28-C5-70-18-1A-47-E9-90-9D-41-96-8B-65-06-C0-04-4C-91-09-78">
      <ModulePath>C:\Projects\exmat\exmattests\bin\Debug\.netcoreapp,version=v5.0\Microsoft.TestPlatform.CoreUtilities.dll</ModulePath>
      <ModuleTime>2021-08-12T23:17:38Z</ModuleTime>
      <ModuleName>Microsoft.TestPlatform.CoreUtilities</ModuleName>
      <Classes />
    </Module>
    <Module skippedDueTo="Filter" hash="68-7E-6E-01-D9-5F-74-79-2A-A4-A3-B9-B9-DD-69-87-3D-2A-07-85">
      <ModulePath>C:\Program Files\dotnet\shared\Microsoft.NETCore.App\5.0.10\netstandard.dll</ModulePath>
      <ModuleTime>2021-08-12T19:42:00Z</ModuleTime>
      <ModuleName>netstandard</ModuleName>
      <Classes />
    </Module>
    <Module skippedDueTo="Filter" hash="2A-D5-6A-2E-6F-E3-BA-23-0F-C2-43-C6-77-F1-FC-50-AB-AD-54-37">
      <ModulePath>C:\Program Files\dotnet\shared\Microsoft.NETCore.App\5.0.10\System.Diagnostics.Tracing.dll</ModulePath>
      <ModuleTime>2021-08-12T19:41:08Z</ModuleTime>
      <ModuleName>System.Diagnostics.Tracing</ModuleName>
      <Classes />
    </Module>
    <Module skippedDueTo="Filter" hash="03-51-62-89-A2-11-9E-08-30-35-DE-4F-BA-6C-B2-17-35-85-4E-F5">
      <ModulePath>C:\Projects\exmat\exmattests\bin\Debug\.netcoreapp,version=v5.0\Microsoft.TestPlatform.PlatformAbstractions.dll</ModulePath>
      <ModuleTime>2021-08-12T23:25:12Z</ModuleTime>
      <ModuleName>Microsoft.TestPlatform.PlatformAbstractions</ModuleName>
      <Classes />
    </Module>
    <Module skippedDueTo="Filter" hash="82-B8-C7-76-3A-28-98-23-3C-FA-E7-DA-BD-4D-67-4F-C7-4A-BB-F2">
      <ModulePath>C:\Program Files\dotnet\shared\Microsoft.NETCore.App\5.0.10\System.Runtime.Extensions.dll</ModulePath>
      <ModuleTime>2021-08-12T19:40:44Z</ModuleTime>
      <ModuleName>System.Runtime.Extensions</ModuleName>
      <Classes />
    </Module>
    <Module skippedDueTo="Filter" hash="B8-F4-33-5C-E0-DE-C0-20-83-EC-15-12-2B-3E-F0-6C-B0-63-45-1D">
      <ModulePath>C:\Program Files\dotnet\shared\Microsoft.NETCore.App\5.0.10\System.Diagnostics.Debug.dll</ModulePath>
      <ModuleTime>2021-08-12T19:40:44Z</ModuleTime>
      <ModuleName>System.Diagnostics.Debug</ModuleName>
      <Classes />
    </Module>
    <Module skippedDueTo="Filter" hash="92-5E-05-82-29-CF-07-B8-E4-B9-6B-97-1F-F6-EA-C4-71-87-EA-0B">
      <ModulePath>C:\Program Files\dotnet\shared\Microsoft.NETCore.App\5.0.10\System.Collections.dll</ModulePath>
      <ModuleTime>2021-08-12T19:40:20Z</ModuleTime>
      <ModuleName>System.Collections</ModuleName>
      <Classes />
    </Module>
    <Module skippedDueTo="Filter" hash="60-2B-42-3E-E1-4A-26-76-25-E4-D3-60-63-B8-6A-CF-AD-08-B1-2C">
      <ModulePath>C:\Projects\exmat\exmattests\bin\Debug\.netcoreapp,version=v5.0\Microsoft.TestPlatform.CrossPlatEngine.dll</ModulePath>
      <ModuleTime>2021-08-12T23:24:40Z</ModuleTime>
      <ModuleName>Microsoft.TestPlatform.CrossPlatEngine</ModuleName>
      <Classes />
    </Module>
    <Module skippedDueTo="Filter" hash="31-DD-CB-FF-9E-0F-AD-7B-CF-E4-03-15-91-9D-68-04-25-F8-C1-4B">
      <ModulePath>C:\Projects\exmat\exmattests\bin\Debug\.netcoreapp,version=v5.0\Microsoft.TestPlatform.CommunicationUtilities.dll</ModulePath>
      <ModuleTime>2021-08-12T23:24:40Z</ModuleTime>
      <ModuleName>Microsoft.TestPlatform.CommunicationUtilities</ModuleName>
      <Classes />
    </Module>
    <Module skippedDueTo="Filter" hash="39-6F-3B-19-77-69-A0-5E-0A-E0-D5-53-4E-12-E5-6B-CC-D1-42-BF">
      <ModulePath>C:\Projects\exmat\exmattests\bin\Debug\.netcoreapp,version=v5.0\Microsoft.VisualStudio.TestPlatform.ObjectModel.dll</ModulePath>
      <ModuleTime>2021-08-12T23:18:04Z</ModuleTime>
      <ModuleName>Microsoft.VisualStudio.TestPlatform.ObjectModel</ModuleName>
      <Classes />
    </Module>
    <Module skippedDueTo="Filter" hash="BB-D5-50-17-89-8A-CB-32-B2-40-4C-42-A7-47-F7-FA-7F-AF-A5-24">
      <ModulePath>C:\Projects\exmat\exmattests\bin\Debug\.netcoreapp,version=v5.0\Microsoft.VisualStudio.TestPlatform.Common.dll</ModulePath>
      <ModuleTime>2021-08-12T23:24:40Z</ModuleTime>
      <ModuleName>Microsoft.VisualStudio.TestPlatform.Common</ModuleName>
      <Classes />
    </Module>
    <Module skippedDueTo="Filter" hash="53-D0-A3-B9-10-36-09-21-32-F4-D0-88-75-00-B5-DC-77-89-1D-78">
      <ModulePath>C:\Projects\exmat\exmattests\bin\Debug\.netcoreapp,version=v5.0\Newtonsoft.Json.dll</ModulePath>
      <ModuleTime>2016-06-13T20:06:14Z</ModuleTime>
      <ModuleName>Newtonsoft.Json</ModuleName>
      <Classes />
    </Module>
    <Module skippedDueTo="Filter" hash="72-B0-88-3F-C2-85-98-E2-1A-B1-9B-E8-1D-74-3F-0F-D8-AA-06-23">
      <ModulePath>C:\Program Files\dotnet\shared\Microsoft.NETCore.App\5.0.10\System.Runtime.Serialization.Primitives.dll</ModulePath>
      <ModuleTime>2021-08-12T19:41:06Z</ModuleTime>
      <ModuleName>System.Runtime.Serialization.Primitives</ModuleName>
      <Classes />
    </Module>
    <Module skippedDueTo="Filter" hash="05-03-DC-64-AC-94-21-4D-7A-BF-2E-FB-B7-16-54-6A-97-26-6F-35">
      <ModulePath>C:\Program Files\dotnet\shared\Microsoft.NETCore.App\5.0.10\System.Globalization.dll</ModulePath>
      <ModuleTime>2021-08-12T19:41:10Z</ModuleTime>
      <ModuleName>System.Globalization</ModuleName>
      <Classes />
    </Module>
    <Module skippedDueTo="Filter" hash="B2-BD-F7-F0-C6-DF-66-9A-71-ED-AE-76-7C-0E-24-2F-E4-29-B6-01">
      <ModulePath>C:\Program Files\dotnet\shared\Microsoft.NETCore.App\5.0.10\System.Threading.dll</ModulePath>
      <ModuleTime>2021-08-12T19:41:32Z</ModuleTime>
      <ModuleName>System.Threading</ModuleName>
      <Classes />
    </Module>
    <Module skippedDueTo="Filter" hash="A7-4E-BD-FF-3D-72-2F-37-3B-1E-44-A2-D3-E6-4C-F9-53-9E-5A-04">
      <ModulePath>C:\Program Files\dotnet\shared\Microsoft.NETCore.App\5.0.10\System.Diagnostics.TraceSource.dll</ModulePath>
      <ModuleTime>2021-08-12T19:41:36Z</ModuleTime>
      <ModuleName>System.Diagnostics.TraceSource</ModuleName>
      <Classes />
    </Module>
    <Module skippedDueTo="Filter" hash="AC-D3-53-FB-D5-91-20-9D-94-53-61-7C-48-59-CD-0B-A1-59-F0-8F">
      <ModulePath>C:\Program Files\dotnet\shared\Microsoft.NETCore.App\5.0.10\System.Runtime.InteropServices.RuntimeInformation.dll</ModulePath>
      <ModuleTime>2021-08-12T19:41:28Z</ModuleTime>
      <ModuleName>System.Runtime.InteropServices.RuntimeInformation</ModuleName>
      <Classes />
    </Module>
    <Module skippedDueTo="Filter" hash="DE-7E-F4-47-A4-48-29-F1-EC-3F-63-F9-57-E0-12-7C-65-BC-EC-FC">
      <ModulePath>C:\Program Files\dotnet\shared\Microsoft.NETCore.App\5.0.10\System.Diagnostics.Process.dll</ModulePath>
      <ModuleTime>2021-08-12T19:41:10Z</ModuleTime>
      <ModuleName>System.Diagnostics.Process</ModuleName>
      <Classes />
    </Module>
    <Module skippedDueTo="Filter" hash="C4-99-9B-0B-0A-BE-CF-6D-12-2C-C6-A0-BB-34-1A-0B-0F-1B-5A-4F">
      <ModulePath>C:\Program Files\dotnet\shared\Microsoft.NETCore.App\5.0.10\System.ComponentModel.Primitives.dll</ModulePath>
      <ModuleTime>2021-08-12T19:41:32Z</ModuleTime>
      <ModuleName>System.ComponentModel.Primitives</ModuleName>
      <Classes />
    </Module>
    <Module skippedDueTo="Filter" hash="D6-C2-F2-E5-E4-C3-98-A2-21-8E-8A-07-18-EE-1C-9C-2C-C0-65-34">
      <ModulePath>C:\Program Files\dotnet\shared\Microsoft.NETCore.App\5.0.10\System.Memory.dll</ModulePath>
      <ModuleTime>2021-08-12T19:41:12Z</ModuleTime>
      <ModuleName>System.Memory</ModuleName>
      <Classes />
    </Module>
    <Module skippedDueTo="Filter" hash="55-A5-09-F7-AC-60-A8-0F-BC-12-03-A9-59-E7-71-52-C8-74-F4-F7">
      <ModulePath>C:\Program Files\dotnet\shared\Microsoft.NETCore.App\5.0.10\System.Threading.ThreadPool.dll</ModulePath>
      <ModuleTime>2021-08-12T19:40:44Z</ModuleTime>
      <ModuleName>System.Threading.ThreadPool</ModuleName>
      <Classes />
    </Module>
    <Module skippedDueTo="Filter" hash="45-5A-96-1B-91-92-1F-41-E3-0F-4E-C1-D8-5D-49-4D-8C-9C-A6-07">
      <ModulePath>C:\Program Files\dotnet\shared\Microsoft.NETCore.App\5.0.10\System.Runtime.InteropServices.dll</ModulePath>
      <ModuleTime>2021-08-12T19:41:28Z</ModuleTime>
      <ModuleName>System.Runtime.InteropServices</ModuleName>
      <Classes />
    </Module>
    <Module skippedDueTo="Filter" hash="3A-E7-FA-F2-E8-DC-A1-8C-7E-BE-0A-E3-73-59-7E-46-48-7E-2B-BC">
      <ModulePath>C:\Program Files\dotnet\shared\Microsoft.NETCore.App\5.0.10\Microsoft.Win32.Primitives.dll</ModulePath>
      <ModuleTime>2021-08-12T19:41:34Z</ModuleTime>
      <ModuleName>Microsoft.Win32.Primitives</ModuleName>
      <Classes />
    </Module>
    <Module skippedDueTo="Filter" hash="0B-9D-80-7A-C9-5F-CC-5E-81-5C-FE-B9-23-7F-C4-17-AE-05-DB-B3">
      <ModulePath>C:\Program Files\dotnet\shared\Microsoft.NETCore.App\5.0.10\System.Net.Primitives.dll</ModulePath>
      <ModuleTime>2021-08-12T19:40:48Z</ModuleTime>
      <ModuleName>System.Net.Primitives</ModuleName>
      <Classes />
    </Module>
    <Module skippedDueTo="Filter" hash="7B-38-5E-C9-CD-0A-0A-E4-23-DD-90-CD-6B-AC-C2-9E-1D-E3-1B-43">
      <ModulePath>C:\Program Files\dotnet\shared\Microsoft.NETCore.App\5.0.10\System.Net.Sockets.dll</ModulePath>
      <ModuleTime>2021-08-12T19:41:52Z</ModuleTime>
      <ModuleName>System.Net.Sockets</ModuleName>
      <Classes />
    </Module>
    <Module skippedDueTo="Filter" hash="66-E3-AF-0A-D5-BE-90-1A-D9-66-E0-A2-89-E2-12-07-8C-83-B2-F8">
      <ModulePath>C:\Program Files\dotnet\shared\Microsoft.NETCore.App\5.0.10\System.Net.NameResolution.dll</ModulePath>
      <ModuleTime>2021-08-12T19:40:48Z</ModuleTime>
      <ModuleName>System.Net.NameResolution</ModuleName>
      <Classes />
    </Module>
    <Module skippedDueTo="Filter" hash="31-03-40-C6-D5-E1-D1-EC-CB-3E-C3-2F-85-1D-3A-58-8D-54-57-6D">
      <ModulePath>C:\Program Files\dotnet\shared\Microsoft.NETCore.App\5.0.10\System.Private.Uri.dll</ModulePath>
      <ModuleTime>2021-08-12T19:41:06Z</ModuleTime>
      <ModuleName>System.Private.Uri</ModuleName>
      <Classes />
    </Module>
    <Module skippedDueTo="Filter" hash="A5-7D-AF-3B-56-91-69-D7-BD-08-EC-0F-DE-1E-89-C1-00-D4-B4-E9">
      <ModulePath>C:\Program Files\dotnet\shared\Microsoft.NETCore.App\5.0.10\System.Threading.Overlapped.dll</ModulePath>
      <ModuleTime>2021-08-12T19:41:32Z</ModuleTime>
      <ModuleName>System.Threading.Overlapped</ModuleName>
      <Classes />
    </Module>
    <Module skippedDueTo="Filter" hash="9A-38-46-2E-83-7C-2B-4C-E0-5F-E2-FB-B1-0E-67-3F-67-E3-D6-C6">
      <ModulePath>C:\Program Files\dotnet\shared\Microsoft.NETCore.App\5.0.10\System.Linq.Expressions.dll</ModulePath>
      <ModuleTime>2021-08-12T19:42:00Z</ModuleTime>
      <ModuleName>System.Linq.Expressions</ModuleName>
      <Classes />
    </Module>
    <Module skippedDueTo="Filter" hash="72-B0-88-3F-C2-85-98-E2-1A-B1-9B-E8-1D-74-3F-0F-D8-AA-06-23">
      <ModulePath>C:\Program Files\dotnet\shared\Microsoft.NETCore.App\5.0.10\System.Runtime.Serialization.Primitives.dll</ModulePath>
      <ModuleTime>2021-08-12T19:41:06Z</ModuleTime>
      <ModuleName>System.Runtime.Serialization.Primitives</ModuleName>
      <Classes />
    </Module>
    <Module skippedDueTo="Filter" hash="23-16-0C-54-BF-68-F9-0E-DA-7F-BF-D4-0A-1E-66-25-2C-18-6E-C8">
      <ModulePath>C:\Program Files\dotnet\shared\Microsoft.NETCore.App\5.0.10\System.Runtime.Numerics.dll</ModulePath>
      <ModuleTime>2021-08-12T19:40:22Z</ModuleTime>
      <ModuleName>System.Runtime.Numerics</ModuleName>
      <Classes />
    </Module>
    <Module skippedDueTo="Filter" hash="D0-6B-30-34-03-B0-C6-3B-F9-DC-C0-B2-28-0E-5B-51-A2-76-E7-98">
      <ModulePath>C:\Program Files\dotnet\shared\Microsoft.NETCore.App\5.0.10\System.ObjectModel.dll</ModulePath>
      <ModuleTime>2021-08-12T19:41:06Z</ModuleTime>
      <ModuleName>System.ObjectModel</ModuleName>
      <Classes />
    </Module>
    <Module skippedDueTo="Filter" hash="9C-4D-95-A4-4D-48-4A-65-E2-71-27-33-1C-3F-FC-EC-35-38-C0-C9">
      <ModulePath>C:\Program Files\dotnet\shared\Microsoft.NETCore.App\5.0.10\System.Data.Common.dll</ModulePath>
      <ModuleTime>2021-08-12T19:42:02Z</ModuleTime>
      <ModuleName>System.Data.Common</ModuleName>
      <Classes />
    </Module>
    <Module skippedDueTo="Filter" hash="FB-F5-2A-1A-21-E1-9D-8A-63-F1-68-D0-B7-BA-9D-A2-37-13-A3-DF">
      <ModulePath>C:\Program Files\dotnet\shared\Microsoft.NETCore.App\5.0.10\System.ComponentModel.TypeConverter.dll</ModulePath>
      <ModuleTime>2021-08-12T19:42:00Z</ModuleTime>
      <ModuleName>System.ComponentModel.TypeConverter</ModuleName>
      <Classes />
    </Module>
    <Module skippedDueTo="Filter" hash="28-BE-FF-C9-EA-83-DE-16-2A-EF-1E-85-07-2C-00-62-65-51-1C-A0">
      <ModulePath>C:\Program Files\dotnet\shared\Microsoft.NETCore.App\5.0.10\System.ComponentModel.dll</ModulePath>
      <ModuleTime>2021-08-12T19:40:20Z</ModuleTime>
      <ModuleName>System.ComponentModel</ModuleName>
      <Classes />
    </Module>
    <Module skippedDueTo="Filter" hash="F1-9A-93-D1-4C-26-79-F2-B0-1F-D6-83-93-20-42-1D-6C-A8-72-85">
      <ModulePath>C:\Program Files\dotnet\shared\Microsoft.NETCore.App\5.0.10\System.Reflection.Emit.ILGeneration.dll</ModulePath>
      <ModuleTime>2021-08-12T19:40:22Z</ModuleTime>
      <ModuleName>System.Reflection.Emit.ILGeneration</ModuleName>
      <Classes />
    </Module>
    <Module skippedDueTo="Filter" hash="05-0F-2F-08-D8-AF-BD-C3-DD-5A-8F-04-7E-FF-A9-D3-AE-2F-D0-6F">
      <ModulePath>C:\Program Files\dotnet\shared\Microsoft.NETCore.App\5.0.10\System.Reflection.Emit.Lightweight.dll</ModulePath>
      <ModuleTime>2021-08-12T19:40:42Z</ModuleTime>
      <ModuleName>System.Reflection.Emit.Lightweight</ModuleName>
      <Classes />
    </Module>
    <Module skippedDueTo="Filter" hash="B6-82-D0-B8-DC-7D-D8-78-A6-C7-01-A9-76-2A-32-05-D4-CB-A7-89">
      <ModulePath>C:\Program Files\dotnet\shared\Microsoft.NETCore.App\5.0.10\System.Reflection.Primitives.dll</ModulePath>
      <ModuleTime>2021-08-12T19:41:30Z</ModuleTime>
      <ModuleName>System.Reflection.Primitives</ModuleName>
      <Classes />
    </Module>
    <Module skippedDueTo="Filter" hash="">
      <ModulePath>RefEmit_InMemoryManifestModule</ModulePath>
      <ModuleTime>0001-01-01T00:00:00</ModuleTime>
      <ModuleName>Anonymously Hosted DynamicMethods Assembly</ModuleName>
      <Classes />
    </Module>
    <Module skippedDueTo="Filter" hash="49-3B-00-74-71-9B-68-BF-84-54-87-C7-C9-CA-B5-04-57-3E-F2-68">
      <ModulePath>C:\Program Files\dotnet\shared\Microsoft.NETCore.App\5.0.10\System.Net.Requests.dll</ModulePath>
      <ModuleTime>2021-08-12T19:40:48Z</ModuleTime>
      <ModuleName>System.Net.Requests</ModuleName>
      <Classes />
    </Module>
    <Module skippedDueTo="Filter" hash="AA-F0-3F-B6-C1-AE-2B-B3-ED-02-A8-9A-39-78-C3-55-2C-5B-F1-BA">
      <ModulePath>C:\Program Files\dotnet\shared\Microsoft.NETCore.App\5.0.10\System.Net.NetworkInformation.dll</ModulePath>
      <ModuleTime>2021-08-12T19:40:46Z</ModuleTime>
      <ModuleName>System.Net.NetworkInformation</ModuleName>
      <Classes />
    </Module>
    <Module skippedDueTo="Filter" hash="4F-5B-C4-7C-EE-6B-8E-61-09-30-73-9E-F7-D6-C1-DB-C1-EE-9C-C7">
      <ModulePath>C:\Program Files\dotnet\shared\Microsoft.NETCore.App\5.0.10\System.Collections.Specialized.dll</ModulePath>
      <ModuleTime>2021-08-12T19:41:32Z</ModuleTime>
      <ModuleName>System.Collections.Specialized</ModuleName>
      <Classes />
    </Module>
    <Module skippedDueTo="Filter" hash="03-FC-8A-AF-8A-C6-22-2F-2F-EF-D6-BA-C4-5F-3C-85-A1-07-62-22">
      <ModulePath>C:\Program Files\dotnet\shared\Microsoft.NETCore.App\5.0.10\System.IO.dll</ModulePath>
      <ModuleTime>2021-08-12T19:42:02Z</ModuleTime>
      <ModuleName>System.IO</ModuleName>
      <Classes />
    </Module>
    <Module skippedDueTo="Filter" hash="66-91-89-F3-8D-86-F5-FC-2A-75-75-58-7F-3D-CA-22-AB-97-6A-A5">
      <ModulePath>C:\Program Files\dotnet\shared\Microsoft.NETCore.App\5.0.10\System.Dynamic.Runtime.dll</ModulePath>
      <ModuleTime>2021-08-12T19:40:44Z</ModuleTime>
      <ModuleName>System.Dynamic.Runtime</ModuleName>
      <Classes />
    </Module>
    <Module skippedDueTo="Filter" hash="9A-38-46-2E-83-7C-2B-4C-E0-5F-E2-FB-B1-0E-67-3F-67-E3-D6-C6">
      <ModulePath>C:\Program Files\dotnet\shared\Microsoft.NETCore.App\5.0.10\System.Linq.Expressions.dll</ModulePath>
      <ModuleTime>2021-08-12T19:42:00Z</ModuleTime>
      <ModuleName>System.Linq.Expressions</ModuleName>
      <Classes />
    </Module>
    <Module skippedDueTo="Filter" hash="25-DA-51-42-E9-60-DB-FD-1C-9D-41-6B-CE-D3-03-9E-9A-FA-79-37">
      <ModulePath>C:\Program Files\dotnet\shared\Microsoft.NETCore.App\5.0.10\System.Reflection.dll</ModulePath>
      <ModuleTime>2021-08-12T19:40:22Z</ModuleTime>
      <ModuleName>System.Reflection</ModuleName>
      <Classes />
    </Module>
    <Module skippedDueTo="Filter" hash="88-25-94-69-87-24-89-37-0A-53-08-89-27-0F-9F-F5-B2-12-BF-11">
      <ModulePath>C:\Program Files\dotnet\shared\Microsoft.NETCore.App\5.0.10\System.Reflection.Extensions.dll</ModulePath>
      <ModuleTime>2021-08-12T19:41:04Z</ModuleTime>
      <ModuleName>System.Reflection.Extensions</ModuleName>
      <Classes />
    </Module>
    <Module skippedDueTo="Filter" hash="B1-26-A1-1B-F1-77-8E-CB-1B-52-7B-B3-E7-E9-39-58-1F-51-96-D7">
      <ModulePath>C:\Program Files\dotnet\shared\Microsoft.NETCore.App\5.0.10\System.Linq.dll</ModulePath>
      <ModuleTime>2021-08-12T19:41:12Z</ModuleTime>
      <ModuleName>System.Linq</ModuleName>
      <Classes />
    </Module>
    <Module skippedDueTo="Filter" hash="7B-38-5E-C9-CD-0A-0A-E4-23-DD-90-CD-6B-AC-C2-9E-1D-E3-1B-43">
      <ModulePath>C:\Program Files\dotnet\shared\Microsoft.NETCore.App\5.0.10\System.Net.Sockets.dll</ModulePath>
      <ModuleTime>2021-08-12T19:41:52Z</ModuleTime>
      <ModuleName>System.Net.Sockets</ModuleName>
      <Classes />
    </Module>
    <Module skippedDueTo="Filter" hash="D0-6B-30-34-03-B0-C6-3B-F9-DC-C0-B2-28-0E-5B-51-A2-76-E7-98">
      <ModulePath>C:\Program Files\dotnet\shared\Microsoft.NETCore.App\5.0.10\System.ObjectModel.dll</ModulePath>
      <ModuleTime>2021-08-12T19:41:06Z</ModuleTime>
      <ModuleName>System.ObjectModel</ModuleName>
      <Classes />
    </Module>
    <Module skippedDueTo="Filter" hash="66-E3-AF-0A-D5-BE-90-1A-D9-66-E0-A2-89-E2-12-07-8C-83-B2-F8">
      <ModulePath>C:\Program Files\dotnet\shared\Microsoft.NETCore.App\5.0.10\System.Net.NameResolution.dll</ModulePath>
      <ModuleTime>2021-08-12T19:40:48Z</ModuleTime>
      <ModuleName>System.Net.NameResolution</ModuleName>
      <Classes />
    </Module>
    <Module skippedDueTo="Filter" hash="E5-DD-CB-BB-DA-47-31-69-74-FC-93-15-12-71-D4-49-1F-B2-F6-37">
      <ModulePath>C:\Program Files\dotnet\shared\Microsoft.NETCore.App\5.0.10\System.Xml.XDocument.dll</ModulePath>
      <ModuleTime>2021-08-12T19:40:38Z</ModuleTime>
      <ModuleName>System.Xml.XDocument</ModuleName>
      <Classes />
    </Module>
    <Module skippedDueTo="Filter" hash="A7-5D-78-BE-AE-7E-88-29-C8-24-23-05-4E-F5-30-80-CD-37-4A-11">
      <ModulePath>C:\Program Files\dotnet\shared\Microsoft.NETCore.App\5.0.10\System.Private.Xml.Linq.dll</ModulePath>
      <ModuleTime>2021-08-12T19:41:54Z</ModuleTime>
      <ModuleName>System.Private.Xml.Linq</ModuleName>
      <Classes />
    </Module>
    <Module skippedDueTo="Filter" hash="A5-7D-AF-3B-56-91-69-D7-BD-08-EC-0F-DE-1E-89-C1-00-D4-B4-E9">
      <ModulePath>C:\Program Files\dotnet\shared\Microsoft.NETCore.App\5.0.10\System.Threading.Overlapped.dll</ModulePath>
      <ModuleTime>2021-08-12T19:41:32Z</ModuleTime>
      <ModuleName>System.Threading.Overlapped</ModuleName>
      <Classes />
    </Module>
    <Module skippedDueTo="Filter" hash="55-A5-09-F7-AC-60-A8-0F-BC-12-03-A9-59-E7-71-52-C8-74-F4-F7">
      <ModulePath>C:\Program Files\dotnet\shared\Microsoft.NETCore.App\5.0.10\System.Threading.ThreadPool.dll</ModulePath>
      <ModuleTime>2021-08-12T19:40:44Z</ModuleTime>
      <ModuleName>System.Threading.ThreadPool</ModuleName>
      <Classes />
    </Module>
    <Module skippedDueTo="Filter" hash="E9-7F-CE-82-67-81-A3-CB-21-0F-F2-E7-86-21-C0-57-E3-1F-55-29">
      <ModulePath>C:\Program Files\dotnet\shared\Microsoft.NETCore.App\5.0.10\System.Private.Xml.dll</ModulePath>
      <ModuleTime>2021-08-12T19:41:56Z</ModuleTime>
      <ModuleName>System.Private.Xml</ModuleName>
      <Classes />
    </Module>
    <Module skippedDueTo="Filter" hash="B3-2E-1E-7E-01-D6-94-92-8A-A0-99-7C-1A-C6-BC-F6-70-AD-58-4B">
      <ModulePath>C:\Program Files\dotnet\shared\Microsoft.NETCore.App\5.0.10\System.Text.RegularExpressions.dll</ModulePath>
      <ModuleTime>2021-08-12T19:42:20Z</ModuleTime>
      <ModuleName>System.Text.RegularExpressions</ModuleName>
      <Classes />
    </Module>
    <Module skippedDueTo="Filter" hash="F1-9A-93-D1-4C-26-79-F2-B0-1F-D6-83-93-20-42-1D-6C-A8-72-85">
      <ModulePath>C:\Program Files\dotnet\shared\Microsoft.NETCore.App\5.0.10\System.Reflection.Emit.ILGeneration.dll</ModulePath>
      <ModuleTime>2021-08-12T19:40:22Z</ModuleTime>
      <ModuleName>System.Reflection.Emit.ILGeneration</ModuleName>
      <Classes />
    </Module>
    <Module skippedDueTo="Filter" hash="05-0F-2F-08-D8-AF-BD-C3-DD-5A-8F-04-7E-FF-A9-D3-AE-2F-D0-6F">
      <ModulePath>C:\Program Files\dotnet\shared\Microsoft.NETCore.App\5.0.10\System.Reflection.Emit.Lightweight.dll</ModulePath>
      <ModuleTime>2021-08-12T19:40:42Z</ModuleTime>
      <ModuleName>System.Reflection.Emit.Lightweight</ModuleName>
      <Classes />
    </Module>
    <Module skippedDueTo="Filter" hash="B6-82-D0-B8-DC-7D-D8-78-A6-C7-01-A9-76-2A-32-05-D4-CB-A7-89">
      <ModulePath>C:\Program Files\dotnet\shared\Microsoft.NETCore.App\5.0.10\System.Reflection.Primitives.dll</ModulePath>
      <ModuleTime>2021-08-12T19:41:30Z</ModuleTime>
      <ModuleName>System.Reflection.Primitives</ModuleName>
      <Classes />
    </Module>
    <Module skippedDueTo="Filter" hash="">
      <ModulePath>RefEmit_InMemoryManifestModule</ModulePath>
      <ModuleTime>0001-01-01T00:00:00</ModuleTime>
      <ModuleName>Anonymously Hosted DynamicMethods Assembly</ModuleName>
      <Classes />
    </Module>
    <Module skippedDueTo="Filter" hash="7F-A5-0A-92-5A-B8-A1-11-48-E2-FD-28-77-A0-79-CC-58-2F-E9-FF">
      <ModulePath>C:\Program Files\dotnet\shared\Microsoft.NETCore.App\5.0.10\System.Security.Principal.Windows.dll</ModulePath>
      <ModuleTime>2021-08-12T19:40:44Z</ModuleTime>
      <ModuleName>System.Security.Principal.Windows</ModuleName>
      <Classes />
    </Module>
    <Module skippedDueTo="Filter" hash="5E-92-2B-04-21-C3-BB-E5-47-D9-9C-10-51-61-BB-98-03-03-95-71">
      <ModulePath>C:\Program Files\dotnet\shared\Microsoft.NETCore.App\5.0.10\System.Security.Claims.dll</ModulePath>
      <ModuleTime>2021-08-12T19:40:44Z</ModuleTime>
      <ModuleName>System.Security.Claims</ModuleName>
      <Classes />
    </Module>
    <Module skippedDueTo="Filter" hash="7D-2F-C3-11-7E-7C-42-7E-E0-B3-4C-EF-45-A7-9D-5D-A3-2E-4C-2D">
      <ModulePath>C:\Program Files\dotnet\shared\Microsoft.NETCore.App\5.0.10\System.Collections.NonGeneric.dll</ModulePath>
      <ModuleTime>2021-08-12T19:41:32Z</ModuleTime>
      <ModuleName>System.Collections.NonGeneric</ModuleName>
      <Classes />
    </Module>
    <Module skippedDueTo="Filter" hash="2D-FA-DC-85-35-FB-D9-F9-19-20-B6-A9-54-16-30-E7-08-2B-84-B1">
      <ModulePath>C:\Program Files\dotnet\shared\Microsoft.NETCore.App\5.0.10\System.Security.Cryptography.Encoding.dll</ModulePath>
      <ModuleTime>2021-08-12T19:41:06Z</ModuleTime>
      <ModuleName>System.Security.Cryptography.Encoding</ModuleName>
      <Classes />
    </Module>
    <Module skippedDueTo="Filter" hash="0B-49-72-D5-FA-E8-4F-9A-C9-62-0E-3E-DB-AE-F9-C9-DE-3D-B2-CB">
      <ModulePath>C:\Program Files\dotnet\shared\Microsoft.NETCore.App\5.0.10\System.IO.FileSystem.dll</ModulePath>
      <ModuleTime>2021-08-12T19:40:20Z</ModuleTime>
      <ModuleName>System.IO.FileSystem</ModuleName>
      <Classes />
    </Module>
    <Module skippedDueTo="Filter" hash="03-A5-94-74-20-CE-C1-C6-B6-BA-DC-36-51-E8-60-81-5C-EE-82-D7">
      <ModulePath>C:\Program Files\dotnet\shared\Microsoft.NETCore.App\5.0.10\System.Runtime.Loader.dll</ModulePath>
      <ModuleTime>2021-08-12T19:41:06Z</ModuleTime>
      <ModuleName>System.Runtime.Loader</ModuleName>
      <Classes />
    </Module>
    <Module skippedDueTo="Filter" hash="3B-1E-82-B9-70-7F-83-E5-91-04-86-DB-AC-46-42-55-3C-0A-05-E2">
      <ModulePath>C:\Projects\exmat\exmattests\bin\Debug\.netcoreapp,version=v5.0\Microsoft.VisualStudio.TestPlatform.MSTest.TestAdapter.dll</ModulePath>
      <ModuleTime>2021-09-03T14:26:40Z</ModuleTime>
      <ModuleName>Microsoft.VisualStudio.TestPlatform.MSTest.TestAdapter</ModuleName>
      <Classes />
    </Module>
    <Module skippedDueTo="Filter" hash="03-05-C5-A9-3D-18-55-3E-81-29-62-A4-28-1B-F2-CB-76-AB-B8-36">
      <ModulePath>C:\Program Files\dotnet\shared\Microsoft.NETCore.App\5.0.10\System.Resources.ResourceManager.dll</ModulePath>
      <ModuleTime>2021-08-12T19:41:52Z</ModuleTime>
      <ModuleName>System.Resources.ResourceManager</ModuleName>
      <Classes />
    </Module>
    <Module skippedDueTo="Filter" hash="76-41-0C-6B-62-64-4F-A5-43-4F-8A-8A-FB-57-4C-A8-EF-24-2A-60">
      <ModulePath>C:\Program Files\dotnet\shared\Microsoft.NETCore.App\5.0.10\System.Xml.ReaderWriter.dll</ModulePath>
      <ModuleTime>2021-08-12T19:40:38Z</ModuleTime>
      <ModuleName>System.Xml.ReaderWriter</ModuleName>
      <Classes />
    </Module>
    <Module skippedDueTo="Filter" hash="71-2D-B8-49-1F-20-29-2E-AB-F2-95-B6-50-96-C6-21-10-98-48-E3">
      <ModulePath>C:\Program Files\dotnet\shared\Microsoft.NETCore.App\5.0.10\System.Threading.Thread.dll</ModulePath>
      <ModuleTime>2021-08-12T19:41:32Z</ModuleTime>
      <ModuleName>System.Threading.Thread</ModuleName>
      <Classes />
    </Module>
    <Module skippedDueTo="Filter" hash="9D-ED-B1-29-95-C0-B3-EB-20-CD-D8-B5-BB-D5-B4-8C-24-0C-A4-51">
      <ModulePath>C:\Program Files\dotnet\shared\Microsoft.NETCore.App\5.0.10\System.Security.Cryptography.Algorithms.dll</ModulePath>
      <ModuleTime>2021-08-12T19:41:30Z</ModuleTime>
      <ModuleName>System.Security.Cryptography.Algorithms</ModuleName>
      <Classes />
    </Module>
    <Module skippedDueTo="Filter" hash="C1-E6-95-46-6B-22-AB-AD-8C-29-08-C6-4F-A8-BC-C8-E3-D9-B3-83">
      <ModulePath>C:\Projects\exmat\exmattests\bin\Debug\.netcoreapp,version=v5.0\NuGet.Frameworks.dll</ModulePath>
      <ModuleTime>2019-04-01T15:23:50Z</ModuleTime>
      <ModuleName>NuGet.Frameworks</ModuleName>
      <Classes />
    </Module>
    <Module skippedDueTo="Filter" hash="22-7E-EC-2D-7D-12-27-1B-C2-97-33-AB-31-99-2C-1F-4A-47-93-2C">
      <ModulePath>C:\Projects\exmat\exmattests\bin\Debug\.netcoreapp,version=v5.0\Microsoft.VisualStudio.TestPlatform.MSTestAdapter.PlatformServices.Interface.dll</ModulePath>
      <ModuleTime>2021-09-03T14:21:22Z</ModuleTime>
      <ModuleName>Microsoft.VisualStudio.TestPlatform.MSTestAdapter.PlatformServices.Interface</ModuleName>
      <Classes />
    </Module>
    <Module skippedDueTo="Filter" hash="29-41-6A-A5-FE-98-5F-F5-11-EA-E3-3C-3D-F9-8F-5B-E8-B2-A4-65">
      <ModulePath>C:\Projects\exmat\exmattests\bin\Debug\.netcoreapp,version=v5.0\Microsoft.VisualStudio.TestPlatform.TestFramework.dll</ModulePath>
      <ModuleTime>2021-09-03T14:21:34Z</ModuleTime>
      <ModuleName>Microsoft.VisualStudio.TestPlatform.TestFramework</ModuleName>
      <Classes />
    </Module>
    <Module skippedDueTo="Filter" hash="8D-89-FB-59-23-1E-F3-71-49-AC-C2-C1-F9-B9-7A-5C-0E-BF-B3-68">
      <ModulePath>C:\Projects\exmat\exmattests\bin\Debug\.netcoreapp,version=v5.0\Microsoft.VisualStudio.TestPlatform.MSTestAdapter.PlatformServices.dll</ModulePath>
      <ModuleTime>2021-09-03T14:22:50Z</ModuleTime>
      <ModuleName>Microsoft.VisualStudio.TestPlatform.MSTestAdapter.PlatformServices</ModuleName>
      <Classes />
    </Module>
    <Module skippedDueTo="Filter" hash="E6-97-2D-17-64-13-60-A1-75-F2-47-41-6A-F9-51-62-22-85-32-3B">
      <ModulePath>C:\Program Files\dotnet\shared\Microsoft.NETCore.App\5.0.10\System.Text.Encoding.Extensions.dll</ModulePath>
      <ModuleTime>2021-08-12T19:42:18Z</ModuleTime>
      <ModuleName>System.Text.Encoding.Extensions</ModuleName>
      <Classes />
    </Module>
    <Module skippedDueTo="Filter" hash="CD-76-DC-9D-C3-03-6B-11-0F-66-8E-6B-16-DA-FC-49-C3-E0-45-65">
      <ModulePath>C:\Program Files\dotnet\shared\Microsoft.NETCore.App\5.0.10\System.Collections.Concurrent.dll</ModulePath>
      <ModuleTime>2021-08-12T19:41:08Z</ModuleTime>
      <ModuleName>System.Collections.Concurrent</ModuleName>
      <Classes />
    </Module>
    <Module hash="53-00-21-15-1D-8D-8E-87-E5-4B-42-99-54-B8-6E-43-18-AD-F8-19">
      <Summary numSequencePoints="917" visitedSequencePoints="915" numBranchPoints="96" visitedBranchPoints="95" sequenceCoverage="99.78" branchCoverage="98.96" maxCyclomaticComplexity="2" minCyclomaticComplexity="1" maxCrapScore="2" minCrapScore="1" visitedClasses="4" numClasses="5" visitedMethods="95" numMethods="96" />
      <ModulePath>C:\Projects\exmat\exmattests\bin\Debug\.netcoreapp,version=v5.0\exmattests.dll</ModulePath>
      <ModuleTime>2021-09-21T13:01:15.5514232Z</ModuleTime>
      <ModuleName>exmattests</ModuleName>
      <Files>
        <File uid="1" fullPath="C:\Users\smhmm\.nuget\packages\microsoft.net.test.sdk\16.11.0\build\netcoreapp2.1\Microsoft.NET.Test.Sdk.Program.cs" />
        <File uid="2" fullPath="C:\Projects\exmat\exmattests\ExVMTests.cs" />
        <File uid="3" fullPath="C:\Projects\exmat\exmattests\ExObjectTests.cs" />
      </Files>
      <Classes>
        <Class>
          <Summary numSequencePoints="0" visitedSequencePoints="0" numBranchPoints="0" visitedBranchPoints="0" sequenceCoverage="0" branchCoverage="0" maxCyclomaticComplexity="0" minCyclomaticComplexity="0" maxCrapScore="0" minCrapScore="0" visitedClasses="0" numClasses="0" visitedMethods="0" numMethods="0" />
          <FullName>&lt;Module&gt;</FullName>
          <Methods />
        </Class>
        <Class>
          <Summary numSequencePoints="2" visitedSequencePoints="0" numBranchPoints="1" visitedBranchPoints="0" sequenceCoverage="0" branchCoverage="0" maxCyclomaticComplexity="1" minCyclomaticComplexity="1" maxCrapScore="2" minCrapScore="2" visitedClasses="0" numClasses="1" visitedMethods="0" numMethods="1" />
          <FullName>AutoGeneratedProgram</FullName>
          <Methods>
            <Method visited="false" cyclomaticComplexity="1" nPathComplexity="0" sequenceCoverage="0" branchCoverage="0" crapScore="2" isConstructor="false" isStatic="true" isGetter="false" isSetter="false">
              <Summary numSequencePoints="2" visitedSequencePoints="0" numBranchPoints="1" visitedBranchPoints="0" sequenceCoverage="0" branchCoverage="0" maxCyclomaticComplexity="1" minCyclomaticComplexity="1" maxCrapScore="2" minCrapScore="2" visitedClasses="0" numClasses="0" visitedMethods="0" numMethods="1" />
              <MetadataToken>100663297</MetadataToken>
              <Name>System.Void AutoGeneratedProgram::Main(System.String[])</Name>
              <FileRef uid="1" />
              <SequencePoints>
                <SequencePoint vc="0" uspid="1" ordinal="0" offset="0" sl="4" sc="60" el="4" ec="61" bec="0" bev="0" fileid="1" />
                <SequencePoint vc="0" uspid="2" ordinal="1" offset="1" sl="4" sc="61" el="4" ec="62" bec="0" bev="0" fileid="1" />
              </SequencePoints>
              <BranchPoints />
              <MethodPoint xsi:type="SequencePoint" vc="0" uspid="1" ordinal="0" offset="0" sl="4" sc="60" el="4" ec="61" bec="0" bev="0" fileid="1" />
            </Method>
            <Method visited="false" cyclomaticComplexity="1" nPathComplexity="0" sequenceCoverage="0" branchCoverage="0" crapScore="2" isConstructor="true" isStatic="false" isGetter="false" isSetter="false">
              <Summary numSequencePoints="0" visitedSequencePoints="0" numBranchPoints="0" visitedBranchPoints="0" sequenceCoverage="0" branchCoverage="0" maxCyclomaticComplexity="1" minCyclomaticComplexity="1" maxCrapScore="2" minCrapScore="2" visitedClasses="0" numClasses="0" visitedMethods="0" numMethods="0" />
              <MetadataToken>100663298</MetadataToken>
              <Name>System.Void AutoGeneratedProgram::.ctor()</Name>
              <SequencePoints />
              <BranchPoints />
              <MethodPoint vc="0" uspid="3" ordinal="0" offset="0" />
            </Method>
          </Methods>
        </Class>
        <Class>
          <Summary numSequencePoints="383" visitedSequencePoints="383" numBranchPoints="42" visitedBranchPoints="42" sequenceCoverage="100" branchCoverage="100" maxCyclomaticComplexity="1" minCyclomaticComplexity="1" maxCrapScore="1" minCrapScore="1" visitedClasses="1" numClasses="1" visitedMethods="42" numMethods="42" />
          <FullName>ExMat.VM.Tests.ExVMTests</FullName>
          <Methods>
            <Method visited="true" cyclomaticComplexity="1" nPathComplexity="0" sequenceCoverage="100" branchCoverage="100" crapScore="1" isConstructor="true" isStatic="false" isGetter="false" isSetter="false">
              <Summary numSequencePoints="3" visitedSequencePoints="3" numBranchPoints="1" visitedBranchPoints="1" sequenceCoverage="100" branchCoverage="100" maxCyclomaticComplexity="1" minCyclomaticComplexity="1" maxCrapScore="1" minCrapScore="1" visitedClasses="0" numClasses="0" visitedMethods="1" numMethods="1" />
              <MetadataToken>100663299</MetadataToken>
              <Name>System.Void ExMat.VM.Tests.ExVMTests::.ctor()</Name>
              <FileRef uid="2" />
              <SequencePoints>
                <SequencePoint vc="41" uspid="4" ordinal="0" offset="0" sl="13" sc="9" el="13" ec="27" bec="0" bev="0" fileid="2" />
                <SequencePoint vc="41" uspid="5" ordinal="1" offset="7" sl="13" sc="28" el="13" ec="29" bec="0" bev="0" fileid="2" />
                <SequencePoint vc="41" uspid="6" ordinal="2" offset="8" sl="13" sc="30" el="13" ec="31" bec="0" bev="0" fileid="2" />
              </SequencePoints>
              <BranchPoints />
              <MethodPoint xsi:type="SequencePoint" vc="41" uspid="4" ordinal="0" offset="0" sl="13" sc="9" el="13" ec="27" bec="0" bev="0" fileid="2" />
            </Method>
            <Method visited="true" cyclomaticComplexity="1" nPathComplexity="0" sequenceCoverage="100" branchCoverage="100" crapScore="1" isConstructor="false" isStatic="false" isGetter="false" isSetter="false">
              <Summary numSequencePoints="9" visitedSequencePoints="9" numBranchPoints="1" visitedBranchPoints="1" sequenceCoverage="100" branchCoverage="100" maxCyclomaticComplexity="1" minCyclomaticComplexity="1" maxCrapScore="1" minCrapScore="1" visitedClasses="0" numClasses="0" visitedMethods="1" numMethods="1" />
              <MetadataToken>100663300</MetadataToken>
              <Name>System.Void ExMat.VM.Tests.ExVMTests::InnerDoArithmeticOPComplexTestAdd()</Name>
              <FileRef uid="2" />
              <SequencePoints>
                <SequencePoint vc="1" uspid="7" ordinal="0" offset="0" sl="18" sc="9" el="18" ec="10" bec="0" bev="0" fileid="2" />
                <SequencePoint vc="1" uspid="8" ordinal="1" offset="1" sl="19" sc="13" el="19" ec="35" bec="0" bev="0" fileid="2" />
                <SequencePoint vc="1" uspid="9" ordinal="2" offset="26" sl="20" sc="13" el="20" ec="36" bec="0" bev="0" fileid="2" />
                <SequencePoint vc="1" uspid="10" ordinal="3" offset="51" sl="22" sc="13" el="22" ec="45" bec="0" bev="0" fileid="2" />
                <SequencePoint vc="1" uspid="11" ordinal="4" offset="59" sl="24" sc="13" el="24" ec="33" bec="0" bev="0" fileid="2" />
                <SequencePoint vc="1" uspid="12" ordinal="5" offset="61" sl="26" sc="13" el="26" ec="96" bec="0" bev="0" fileid="2" />
                <SequencePoint vc="1" uspid="13" ordinal="6" offset="78" sl="28" sc="13" el="28" ec="35" bec="0" bev="0" fileid="2" />
                <SequencePoint vc="1" uspid="14" ordinal="7" offset="85" sl="30" sc="13" el="30" ec="52" bec="0" bev="0" fileid="2" />
                <SequencePoint vc="1" uspid="15" ordinal="8" offset="98" sl="31" sc="9" el="31" ec="10" bec="0" bev="0" fileid="2" />
              </SequencePoints>
              <BranchPoints />
              <MethodPoint xsi:type="SequencePoint" vc="1" uspid="7" ordinal="0" offset="0" sl="18" sc="9" el="18" ec="10" bec="0" bev="0" fileid="2" />
            </Method>
            <Method visited="true" cyclomaticComplexity="1" nPathComplexity="0" sequenceCoverage="100" branchCoverage="100" crapScore="1" isConstructor="false" isStatic="false" isGetter="false" isSetter="false">
              <Summary numSequencePoints="9" visitedSequencePoints="9" numBranchPoints="1" visitedBranchPoints="1" sequenceCoverage="100" branchCoverage="100" maxCyclomaticComplexity="1" minCyclomaticComplexity="1" maxCrapScore="1" minCrapScore="1" visitedClasses="0" numClasses="0" visitedMethods="1" numMethods="1" />
              <MetadataToken>100663301</MetadataToken>
              <Name>System.Void ExMat.VM.Tests.ExVMTests::InnerDoArithmeticOPComplexTestSub()</Name>
              <FileRef uid="2" />
              <SequencePoints>
                <SequencePoint vc="1" uspid="16" ordinal="0" offset="0" sl="35" sc="9" el="35" ec="10" bec="0" bev="0" fileid="2" />
                <SequencePoint vc="1" uspid="17" ordinal="1" offset="1" sl="36" sc="13" el="36" ec="35" bec="0" bev="0" fileid="2" />
                <SequencePoint vc="1" uspid="18" ordinal="2" offset="26" sl="37" sc="13" el="37" ec="36" bec="0" bev="0" fileid="2" />
                <SequencePoint vc="1" uspid="19" ordinal="3" offset="51" sl="39" sc="13" el="39" ec="50" bec="0" bev="0" fileid="2" />
                <SequencePoint vc="1" uspid="20" ordinal="4" offset="59" sl="41" sc="13" el="41" ec="33" bec="0" bev="0" fileid="2" />
                <SequencePoint vc="1" uspid="21" ordinal="5" offset="61" sl="43" sc="13" el="43" ec="96" bec="0" bev="0" fileid="2" />
                <SequencePoint vc="1" uspid="22" ordinal="6" offset="78" sl="45" sc="13" el="45" ec="35" bec="0" bev="0" fileid="2" />
                <SequencePoint vc="1" uspid="23" ordinal="7" offset="85" sl="47" sc="13" el="47" ec="52" bec="0" bev="0" fileid="2" />
                <SequencePoint vc="1" uspid="24" ordinal="8" offset="98" sl="48" sc="9" el="48" ec="10" bec="0" bev="0" fileid="2" />
              </SequencePoints>
              <BranchPoints />
              <MethodPoint xsi:type="SequencePoint" vc="1" uspid="16" ordinal="0" offset="0" sl="35" sc="9" el="35" ec="10" bec="0" bev="0" fileid="2" />
            </Method>
            <Method visited="true" cyclomaticComplexity="1" nPathComplexity="0" sequenceCoverage="100" branchCoverage="100" crapScore="1" isConstructor="false" isStatic="false" isGetter="false" isSetter="false">
              <Summary numSequencePoints="9" visitedSequencePoints="9" numBranchPoints="1" visitedBranchPoints="1" sequenceCoverage="100" branchCoverage="100" maxCyclomaticComplexity="1" minCyclomaticComplexity="1" maxCrapScore="1" minCrapScore="1" visitedClasses="0" numClasses="0" visitedMethods="1" numMethods="1" />
              <MetadataToken>100663302</MetadataToken>
              <Name>System.Void ExMat.VM.Tests.ExVMTests::InnerDoArithmeticOPComplexTestMlt()</Name>
              <FileRef uid="2" />
              <SequencePoints>
                <SequencePoint vc="1" uspid="25" ordinal="0" offset="0" sl="52" sc="9" el="52" ec="10" bec="0" bev="0" fileid="2" />
                <SequencePoint vc="1" uspid="26" ordinal="1" offset="1" sl="53" sc="13" el="53" ec="35" bec="0" bev="0" fileid="2" />
                <SequencePoint vc="1" uspid="27" ordinal="2" offset="26" sl="54" sc="13" el="54" ec="36" bec="0" bev="0" fileid="2" />
                <SequencePoint vc="1" uspid="28" ordinal="3" offset="51" sl="56" sc="13" el="56" ec="50" bec="0" bev="0" fileid="2" />
                <SequencePoint vc="1" uspid="29" ordinal="4" offset="59" sl="58" sc="13" el="58" ec="33" bec="0" bev="0" fileid="2" />
                <SequencePoint vc="1" uspid="30" ordinal="5" offset="61" sl="60" sc="13" el="60" ec="96" bec="0" bev="0" fileid="2" />
                <SequencePoint vc="1" uspid="31" ordinal="6" offset="78" sl="62" sc="13" el="62" ec="35" bec="0" bev="0" fileid="2" />
                <SequencePoint vc="1" uspid="32" ordinal="7" offset="85" sl="64" sc="13" el="64" ec="52" bec="0" bev="0" fileid="2" />
                <SequencePoint vc="1" uspid="33" ordinal="8" offset="98" sl="65" sc="9" el="65" ec="10" bec="0" bev="0" fileid="2" />
              </SequencePoints>
              <BranchPoints />
              <MethodPoint xsi:type="SequencePoint" vc="1" uspid="25" ordinal="0" offset="0" sl="52" sc="9" el="52" ec="10" bec="0" bev="0" fileid="2" />
            </Method>
            <Method visited="true" cyclomaticComplexity="1" nPathComplexity="0" sequenceCoverage="100" branchCoverage="100" crapScore="1" isConstructor="false" isStatic="false" isGetter="false" isSetter="false">
              <Summary numSequencePoints="9" visitedSequencePoints="9" numBranchPoints="1" visitedBranchPoints="1" sequenceCoverage="100" branchCoverage="100" maxCyclomaticComplexity="1" minCyclomaticComplexity="1" maxCrapScore="1" minCrapScore="1" visitedClasses="0" numClasses="0" visitedMethods="1" numMethods="1" />
              <MetadataToken>100663303</MetadataToken>
              <Name>System.Void ExMat.VM.Tests.ExVMTests::InnerDoArithmeticOPComplexTestDiv()</Name>
              <FileRef uid="2" />
              <SequencePoints>
                <SequencePoint vc="1" uspid="34" ordinal="0" offset="0" sl="69" sc="9" el="69" ec="10" bec="0" bev="0" fileid="2" />
                <SequencePoint vc="1" uspid="35" ordinal="1" offset="1" sl="70" sc="13" el="70" ec="35" bec="0" bev="0" fileid="2" />
                <SequencePoint vc="1" uspid="36" ordinal="2" offset="26" sl="71" sc="13" el="71" ec="36" bec="0" bev="0" fileid="2" />
                <SequencePoint vc="1" uspid="37" ordinal="3" offset="51" sl="73" sc="13" el="73" ec="48" bec="0" bev="0" fileid="2" />
                <SequencePoint vc="1" uspid="38" ordinal="4" offset="59" sl="75" sc="13" el="75" ec="33" bec="0" bev="0" fileid="2" />
                <SequencePoint vc="1" uspid="39" ordinal="5" offset="61" sl="77" sc="13" el="77" ec="96" bec="0" bev="0" fileid="2" />
                <SequencePoint vc="1" uspid="40" ordinal="6" offset="78" sl="79" sc="13" el="79" ec="35" bec="0" bev="0" fileid="2" />
                <SequencePoint vc="1" uspid="41" ordinal="7" offset="85" sl="81" sc="13" el="81" ec="52" bec="0" bev="0" fileid="2" />
                <SequencePoint vc="1" uspid="42" ordinal="8" offset="98" sl="82" sc="9" el="82" ec="10" bec="0" bev="0" fileid="2" />
              </SequencePoints>
              <BranchPoints />
              <MethodPoint xsi:type="SequencePoint" vc="1" uspid="34" ordinal="0" offset="0" sl="69" sc="9" el="69" ec="10" bec="0" bev="0" fileid="2" />
            </Method>
            <Method visited="true" cyclomaticComplexity="1" nPathComplexity="0" sequenceCoverage="100" branchCoverage="100" crapScore="1" isConstructor="false" isStatic="false" isGetter="false" isSetter="false">
              <Summary numSequencePoints="9" visitedSequencePoints="9" numBranchPoints="1" visitedBranchPoints="1" sequenceCoverage="100" branchCoverage="100" maxCyclomaticComplexity="1" minCyclomaticComplexity="1" maxCrapScore="1" minCrapScore="1" visitedClasses="0" numClasses="0" visitedMethods="1" numMethods="1" />
              <MetadataToken>100663304</MetadataToken>
              <Name>System.Void ExMat.VM.Tests.ExVMTests::InnerDoArithmeticOPComplexTestExp()</Name>
              <FileRef uid="2" />
              <SequencePoints>
                <SequencePoint vc="1" uspid="43" ordinal="0" offset="0" sl="86" sc="9" el="86" ec="10" bec="0" bev="0" fileid="2" />
                <SequencePoint vc="1" uspid="44" ordinal="1" offset="1" sl="87" sc="13" el="87" ec="35" bec="0" bev="0" fileid="2" />
                <SequencePoint vc="1" uspid="45" ordinal="2" offset="26" sl="88" sc="13" el="88" ec="36" bec="0" bev="0" fileid="2" />
                <SequencePoint vc="1" uspid="46" ordinal="3" offset="51" sl="90" sc="13" el="90" ec="45" bec="0" bev="0" fileid="2" />
                <SequencePoint vc="1" uspid="47" ordinal="4" offset="59" sl="92" sc="13" el="92" ec="33" bec="0" bev="0" fileid="2" />
                <SequencePoint vc="1" uspid="48" ordinal="5" offset="61" sl="94" sc="13" el="94" ec="96" bec="0" bev="0" fileid="2" />
                <SequencePoint vc="1" uspid="49" ordinal="6" offset="78" sl="96" sc="13" el="96" ec="35" bec="0" bev="0" fileid="2" />
                <SequencePoint vc="1" uspid="50" ordinal="7" offset="85" sl="98" sc="13" el="98" ec="52" bec="0" bev="0" fileid="2" />
                <SequencePoint vc="1" uspid="51" ordinal="8" offset="98" sl="99" sc="9" el="99" ec="10" bec="0" bev="0" fileid="2" />
              </SequencePoints>
              <BranchPoints />
              <MethodPoint xsi:type="SequencePoint" vc="1" uspid="43" ordinal="0" offset="0" sl="86" sc="9" el="86" ec="10" bec="0" bev="0" fileid="2" />
            </Method>
            <Method visited="true" cyclomaticComplexity="1" nPathComplexity="0" sequenceCoverage="100" branchCoverage="100" crapScore="1" isConstructor="false" isStatic="false" isGetter="false" isSetter="false">
              <Summary numSequencePoints="5" visitedSequencePoints="5" numBranchPoints="1" visitedBranchPoints="1" sequenceCoverage="100" branchCoverage="100" maxCyclomaticComplexity="1" minCyclomaticComplexity="1" maxCrapScore="1" minCrapScore="1" visitedClasses="0" numClasses="0" visitedMethods="1" numMethods="1" />
              <MetadataToken>100663305</MetadataToken>
              <Name>System.Void ExMat.VM.Tests.ExVMTests::InnerDoArithmeticOPComplexTestMod()</Name>
              <FileRef uid="2" />
              <SequencePoints>
                <SequencePoint vc="1" uspid="52" ordinal="0" offset="0" sl="103" sc="9" el="103" ec="10" bec="0" bev="0" fileid="2" />
                <SequencePoint vc="1" uspid="53" ordinal="1" offset="1" sl="104" sc="13" el="104" ec="33" bec="0" bev="0" fileid="2" />
                <SequencePoint vc="1" uspid="54" ordinal="2" offset="3" sl="106" sc="13" el="106" ec="121" bec="0" bev="0" fileid="2" />
                <SequencePoint vc="1" uspid="55" ordinal="3" offset="36" sl="108" sc="13" el="108" ec="32" bec="0" bev="0" fileid="2" />
                <SequencePoint vc="1" uspid="56" ordinal="4" offset="43" sl="109" sc="9" el="109" ec="10" bec="0" bev="0" fileid="2" />
              </SequencePoints>
              <BranchPoints />
              <MethodPoint xsi:type="SequencePoint" vc="1" uspid="52" ordinal="0" offset="0" sl="103" sc="9" el="103" ec="10" bec="0" bev="0" fileid="2" />
            </Method>
            <Method visited="true" cyclomaticComplexity="1" nPathComplexity="0" sequenceCoverage="100" branchCoverage="100" crapScore="1" isConstructor="false" isStatic="false" isGetter="false" isSetter="false">
              <Summary numSequencePoints="5" visitedSequencePoints="5" numBranchPoints="1" visitedBranchPoints="1" sequenceCoverage="100" branchCoverage="100" maxCyclomaticComplexity="1" minCyclomaticComplexity="1" maxCrapScore="1" minCrapScore="1" visitedClasses="0" numClasses="0" visitedMethods="1" numMethods="1" />
              <MetadataToken>100663306</MetadataToken>
              <Name>System.Void ExMat.VM.Tests.ExVMTests::InnerDoArithmeticOPComplexTestUnknown()</Name>
              <FileRef uid="2" />
              <SequencePoints>
                <SequencePoint vc="1" uspid="57" ordinal="0" offset="0" sl="113" sc="9" el="113" ec="10" bec="0" bev="0" fileid="2" />
                <SequencePoint vc="1" uspid="58" ordinal="1" offset="1" sl="114" sc="13" el="114" ec="33" bec="0" bev="0" fileid="2" />
                <SequencePoint vc="1" uspid="59" ordinal="2" offset="3" sl="116" sc="13" el="116" ec="123" bec="0" bev="0" fileid="2" />
                <SequencePoint vc="1" uspid="60" ordinal="3" offset="39" sl="118" sc="13" el="118" ec="32" bec="0" bev="0" fileid="2" />
                <SequencePoint vc="1" uspid="61" ordinal="4" offset="46" sl="119" sc="9" el="119" ec="10" bec="0" bev="0" fileid="2" />
              </SequencePoints>
              <BranchPoints />
              <MethodPoint xsi:type="SequencePoint" vc="1" uspid="57" ordinal="0" offset="0" sl="113" sc="9" el="113" ec="10" bec="0" bev="0" fileid="2" />
            </Method>
            <Method visited="true" cyclomaticComplexity="1" nPathComplexity="0" sequenceCoverage="100" branchCoverage="100" crapScore="1" isConstructor="false" isStatic="false" isGetter="false" isSetter="false">
              <Summary numSequencePoints="9" visitedSequencePoints="9" numBranchPoints="1" visitedBranchPoints="1" sequenceCoverage="100" branchCoverage="100" maxCyclomaticComplexity="1" minCyclomaticComplexity="1" maxCrapScore="1" minCrapScore="1" visitedClasses="0" numClasses="0" visitedMethods="1" numMethods="1" />
              <MetadataToken>100663307</MetadataToken>
              <Name>System.Void ExMat.VM.Tests.ExVMTests::InnerDoArithmeticOPFloatAdd()</Name>
              <FileRef uid="2" />
              <SequencePoints>
                <SequencePoint vc="1" uspid="62" ordinal="0" offset="0" sl="125" sc="9" el="125" ec="10" bec="0" bev="0" fileid="2" />
                <SequencePoint vc="1" uspid="63" ordinal="1" offset="1" sl="126" sc="13" el="126" ec="31" bec="0" bev="0" fileid="2" />
                <SequencePoint vc="1" uspid="64" ordinal="2" offset="11" sl="127" sc="13" el="127" ec="32" bec="0" bev="0" fileid="2" />
                <SequencePoint vc="1" uspid="65" ordinal="3" offset="21" sl="129" sc="13" el="129" ec="32" bec="0" bev="0" fileid="2" />
                <SequencePoint vc="1" uspid="66" ordinal="4" offset="25" sl="131" sc="13" el="131" ec="33" bec="0" bev="0" fileid="2" />
                <SequencePoint vc="1" uspid="67" ordinal="5" offset="27" sl="133" sc="13" el="133" ec="94" bec="0" bev="0" fileid="2" />
                <SequencePoint vc="1" uspid="68" ordinal="6" offset="44" sl="135" sc="13" el="135" ec="35" bec="0" bev="0" fileid="2" />
                <SequencePoint vc="1" uspid="69" ordinal="7" offset="51" sl="137" sc="13" el="137" ec="50" bec="0" bev="0" fileid="2" />
                <SequencePoint vc="1" uspid="70" ordinal="8" offset="64" sl="138" sc="9" el="138" ec="10" bec="0" bev="0" fileid="2" />
              </SequencePoints>
              <BranchPoints />
              <MethodPoint xsi:type="SequencePoint" vc="1" uspid="62" ordinal="0" offset="0" sl="125" sc="9" el="125" ec="10" bec="0" bev="0" fileid="2" />
            </Method>
            <Method visited="true" cyclomaticComplexity="1" nPathComplexity="0" sequenceCoverage="100" branchCoverage="100" crapScore="1" isConstructor="false" isStatic="false" isGetter="false" isSetter="false">
              <Summary numSequencePoints="9" visitedSequencePoints="9" numBranchPoints="1" visitedBranchPoints="1" sequenceCoverage="100" branchCoverage="100" maxCyclomaticComplexity="1" minCyclomaticComplexity="1" maxCrapScore="1" minCrapScore="1" visitedClasses="0" numClasses="0" visitedMethods="1" numMethods="1" />
              <MetadataToken>100663308</MetadataToken>
              <Name>System.Void ExMat.VM.Tests.ExVMTests::InnerDoArithmeticOPFloatSub()</Name>
              <FileRef uid="2" />
              <SequencePoints>
                <SequencePoint vc="1" uspid="71" ordinal="0" offset="0" sl="142" sc="9" el="142" ec="10" bec="0" bev="0" fileid="2" />
                <SequencePoint vc="1" uspid="72" ordinal="1" offset="1" sl="143" sc="13" el="143" ec="31" bec="0" bev="0" fileid="2" />
                <SequencePoint vc="1" uspid="73" ordinal="2" offset="11" sl="144" sc="13" el="144" ec="32" bec="0" bev="0" fileid="2" />
                <SequencePoint vc="1" uspid="74" ordinal="3" offset="21" sl="146" sc="13" el="146" ec="32" bec="0" bev="0" fileid="2" />
                <SequencePoint vc="1" uspid="75" ordinal="4" offset="25" sl="148" sc="13" el="148" ec="33" bec="0" bev="0" fileid="2" />
                <SequencePoint vc="1" uspid="76" ordinal="5" offset="27" sl="150" sc="13" el="150" ec="94" bec="0" bev="0" fileid="2" />
                <SequencePoint vc="1" uspid="77" ordinal="6" offset="44" sl="152" sc="13" el="152" ec="35" bec="0" bev="0" fileid="2" />
                <SequencePoint vc="1" uspid="78" ordinal="7" offset="51" sl="154" sc="13" el="154" ec="50" bec="0" bev="0" fileid="2" />
                <SequencePoint vc="1" uspid="79" ordinal="8" offset="64" sl="155" sc="9" el="155" ec="10" bec="0" bev="0" fileid="2" />
              </SequencePoints>
              <BranchPoints />
              <MethodPoint xsi:type="SequencePoint" vc="1" uspid="71" ordinal="0" offset="0" sl="142" sc="9" el="142" ec="10" bec="0" bev="0" fileid="2" />
            </Method>
            <Method visited="true" cyclomaticComplexity="1" nPathComplexity="0" sequenceCoverage="100" branchCoverage="100" crapScore="1" isConstructor="false" isStatic="false" isGetter="false" isSetter="false">
              <Summary numSequencePoints="9" visitedSequencePoints="9" numBranchPoints="1" visitedBranchPoints="1" sequenceCoverage="100" branchCoverage="100" maxCyclomaticComplexity="1" minCyclomaticComplexity="1" maxCrapScore="1" minCrapScore="1" visitedClasses="0" numClasses="0" visitedMethods="1" numMethods="1" />
              <MetadataToken>100663309</MetadataToken>
              <Name>System.Void ExMat.VM.Tests.ExVMTests::InnerDoArithmeticOPFloatMlt()</Name>
              <FileRef uid="2" />
              <SequencePoints>
                <SequencePoint vc="1" uspid="80" ordinal="0" offset="0" sl="159" sc="9" el="159" ec="10" bec="0" bev="0" fileid="2" />
                <SequencePoint vc="1" uspid="81" ordinal="1" offset="1" sl="160" sc="13" el="160" ec="31" bec="0" bev="0" fileid="2" />
                <SequencePoint vc="1" uspid="82" ordinal="2" offset="11" sl="161" sc="13" el="161" ec="32" bec="0" bev="0" fileid="2" />
                <SequencePoint vc="1" uspid="83" ordinal="3" offset="21" sl="163" sc="13" el="163" ec="32" bec="0" bev="0" fileid="2" />
                <SequencePoint vc="1" uspid="84" ordinal="4" offset="25" sl="165" sc="13" el="165" ec="33" bec="0" bev="0" fileid="2" />
                <SequencePoint vc="1" uspid="85" ordinal="5" offset="27" sl="167" sc="13" el="167" ec="94" bec="0" bev="0" fileid="2" />
                <SequencePoint vc="1" uspid="86" ordinal="6" offset="44" sl="169" sc="13" el="169" ec="35" bec="0" bev="0" fileid="2" />
                <SequencePoint vc="1" uspid="87" ordinal="7" offset="51" sl="171" sc="13" el="171" ec="50" bec="0" bev="0" fileid="2" />
                <SequencePoint vc="1" uspid="88" ordinal="8" offset="64" sl="172" sc="9" el="172" ec="10" bec="0" bev="0" fileid="2" />
              </SequencePoints>
              <BranchPoints />
              <MethodPoint xsi:type="SequencePoint" vc="1" uspid="80" ordinal="0" offset="0" sl="159" sc="9" el="159" ec="10" bec="0" bev="0" fileid="2" />
            </Method>
            <Method visited="true" cyclomaticComplexity="1" nPathComplexity="0" sequenceCoverage="100" branchCoverage="100" crapScore="1" isConstructor="false" isStatic="false" isGetter="false" isSetter="false">
              <Summary numSequencePoints="21" visitedSequencePoints="21" numBranchPoints="1" visitedBranchPoints="1" sequenceCoverage="100" branchCoverage="100" maxCyclomaticComplexity="1" minCyclomaticComplexity="1" maxCrapScore="1" minCrapScore="1" visitedClasses="0" numClasses="0" visitedMethods="1" numMethods="1" />
              <MetadataToken>100663310</MetadataToken>
              <Name>System.Void ExMat.VM.Tests.ExVMTests::InnerDoArithmeticOPFloatDiv()</Name>
              <FileRef uid="2" />
              <SequencePoints>
                <SequencePoint vc="1" uspid="89" ordinal="0" offset="0" sl="176" sc="9" el="176" ec="10" bec="0" bev="0" fileid="2" />
                <SequencePoint vc="1" uspid="90" ordinal="1" offset="1" sl="177" sc="13" el="177" ec="31" bec="0" bev="0" fileid="2" />
                <SequencePoint vc="1" uspid="91" ordinal="2" offset="11" sl="178" sc="13" el="178" ec="32" bec="0" bev="0" fileid="2" />
                <SequencePoint vc="1" uspid="92" ordinal="3" offset="21" sl="180" sc="13" el="180" ec="32" bec="0" bev="0" fileid="2" />
                <SequencePoint vc="1" uspid="93" ordinal="4" offset="25" sl="182" sc="13" el="182" ec="33" bec="0" bev="0" fileid="2" />
                <SequencePoint vc="1" uspid="94" ordinal="5" offset="27" sl="183" sc="13" el="183" ec="94" bec="0" bev="0" fileid="2" />
                <SequencePoint vc="1" uspid="95" ordinal="6" offset="44" sl="184" sc="13" el="184" ec="35" bec="0" bev="0" fileid="2" />
                <SequencePoint vc="1" uspid="96" ordinal="7" offset="51" sl="185" sc="13" el="185" ec="50" bec="0" bev="0" fileid="2" />
                <SequencePoint vc="1" uspid="97" ordinal="8" offset="64" sl="187" sc="13" el="187" ec="24" bec="0" bev="0" fileid="2" />
                <SequencePoint vc="1" uspid="98" ordinal="9" offset="66" sl="188" sc="13" el="188" ec="99" bec="0" bev="0" fileid="2" />
                <SequencePoint vc="1" uspid="99" ordinal="10" offset="99" sl="189" sc="13" el="189" ec="35" bec="0" bev="0" fileid="2" />
                <SequencePoint vc="1" uspid="100" ordinal="11" offset="106" sl="190" sc="13" el="190" ec="70" bec="0" bev="0" fileid="2" />
                <SequencePoint vc="1" uspid="101" ordinal="12" offset="127" sl="192" sc="13" el="192" ec="24" bec="0" bev="0" fileid="2" />
                <SequencePoint vc="1" uspid="102" ordinal="13" offset="129" sl="193" sc="13" el="193" ec="94" bec="0" bev="0" fileid="2" />
                <SequencePoint vc="1" uspid="103" ordinal="14" offset="162" sl="194" sc="13" el="194" ec="35" bec="0" bev="0" fileid="2" />
                <SequencePoint vc="1" uspid="104" ordinal="15" offset="169" sl="195" sc="13" el="195" ec="57" bec="0" bev="0" fileid="2" />
                <SequencePoint vc="1" uspid="105" ordinal="16" offset="190" sl="197" sc="13" el="197" ec="24" bec="0" bev="0" fileid="2" />
                <SequencePoint vc="1" uspid="106" ordinal="17" offset="192" sl="198" sc="13" el="198" ec="100" bec="0" bev="0" fileid="2" />
                <SequencePoint vc="1" uspid="107" ordinal="18" offset="225" sl="199" sc="13" el="199" ec="35" bec="0" bev="0" fileid="2" />
                <SequencePoint vc="1" uspid="108" ordinal="19" offset="232" sl="200" sc="13" el="200" ec="70" bec="0" bev="0" fileid="2" />
                <SequencePoint vc="1" uspid="109" ordinal="20" offset="253" sl="201" sc="9" el="201" ec="10" bec="0" bev="0" fileid="2" />
              </SequencePoints>
              <BranchPoints />
              <MethodPoint xsi:type="SequencePoint" vc="1" uspid="89" ordinal="0" offset="0" sl="176" sc="9" el="176" ec="10" bec="0" bev="0" fileid="2" />
            </Method>
            <Method visited="true" cyclomaticComplexity="1" nPathComplexity="0" sequenceCoverage="100" branchCoverage="100" crapScore="1" isConstructor="false" isStatic="false" isGetter="false" isSetter="false">
              <Summary numSequencePoints="9" visitedSequencePoints="9" numBranchPoints="1" visitedBranchPoints="1" sequenceCoverage="100" branchCoverage="100" maxCyclomaticComplexity="1" minCyclomaticComplexity="1" maxCrapScore="1" minCrapScore="1" visitedClasses="0" numClasses="0" visitedMethods="1" numMethods="1" />
              <MetadataToken>100663311</MetadataToken>
              <Name>System.Void ExMat.VM.Tests.ExVMTests::InnerDoArithmeticOPFloatExp()</Name>
              <FileRef uid="2" />
              <SequencePoints>
                <SequencePoint vc="1" uspid="110" ordinal="0" offset="0" sl="205" sc="9" el="205" ec="10" bec="0" bev="0" fileid="2" />
                <SequencePoint vc="1" uspid="111" ordinal="1" offset="1" sl="206" sc="13" el="206" ec="31" bec="0" bev="0" fileid="2" />
                <SequencePoint vc="1" uspid="112" ordinal="2" offset="11" sl="207" sc="13" el="207" ec="32" bec="0" bev="0" fileid="2" />
                <SequencePoint vc="1" uspid="113" ordinal="3" offset="21" sl="209" sc="13" el="209" ec="41" bec="0" bev="0" fileid="2" />
                <SequencePoint vc="1" uspid="114" ordinal="4" offset="29" sl="211" sc="13" el="211" ec="33" bec="0" bev="0" fileid="2" />
                <SequencePoint vc="1" uspid="115" ordinal="5" offset="31" sl="213" sc="13" el="213" ec="94" bec="0" bev="0" fileid="2" />
                <SequencePoint vc="1" uspid="116" ordinal="6" offset="48" sl="215" sc="13" el="215" ec="35" bec="0" bev="0" fileid="2" />
                <SequencePoint vc="1" uspid="117" ordinal="7" offset="55" sl="217" sc="13" el="217" ec="50" bec="0" bev="0" fileid="2" />
                <SequencePoint vc="1" uspid="118" ordinal="8" offset="68" sl="218" sc="9" el="218" ec="10" bec="0" bev="0" fileid="2" />
              </SequencePoints>
              <BranchPoints />
              <MethodPoint xsi:type="SequencePoint" vc="1" uspid="110" ordinal="0" offset="0" sl="205" sc="9" el="205" ec="10" bec="0" bev="0" fileid="2" />
            </Method>
            <Method visited="true" cyclomaticComplexity="1" nPathComplexity="0" sequenceCoverage="100" branchCoverage="100" crapScore="1" isConstructor="false" isStatic="false" isGetter="false" isSetter="false">
              <Summary numSequencePoints="21" visitedSequencePoints="21" numBranchPoints="1" visitedBranchPoints="1" sequenceCoverage="100" branchCoverage="100" maxCyclomaticComplexity="1" minCyclomaticComplexity="1" maxCrapScore="1" minCrapScore="1" visitedClasses="0" numClasses="0" visitedMethods="1" numMethods="1" />
              <MetadataToken>100663312</MetadataToken>
              <Name>System.Void ExMat.VM.Tests.ExVMTests::InnerDoArithmeticOPFloatMod()</Name>
              <FileRef uid="2" />
              <SequencePoints>
                <SequencePoint vc="1" uspid="119" ordinal="0" offset="0" sl="222" sc="9" el="222" ec="10" bec="0" bev="0" fileid="2" />
                <SequencePoint vc="1" uspid="120" ordinal="1" offset="1" sl="223" sc="13" el="223" ec="31" bec="0" bev="0" fileid="2" />
                <SequencePoint vc="1" uspid="121" ordinal="2" offset="11" sl="224" sc="13" el="224" ec="32" bec="0" bev="0" fileid="2" />
                <SequencePoint vc="1" uspid="122" ordinal="3" offset="21" sl="226" sc="13" el="226" ec="32" bec="0" bev="0" fileid="2" />
                <SequencePoint vc="1" uspid="123" ordinal="4" offset="25" sl="228" sc="13" el="228" ec="33" bec="0" bev="0" fileid="2" />
                <SequencePoint vc="1" uspid="124" ordinal="5" offset="27" sl="229" sc="13" el="229" ec="94" bec="0" bev="0" fileid="2" />
                <SequencePoint vc="1" uspid="125" ordinal="6" offset="44" sl="230" sc="13" el="230" ec="35" bec="0" bev="0" fileid="2" />
                <SequencePoint vc="1" uspid="126" ordinal="7" offset="51" sl="231" sc="13" el="231" ec="50" bec="0" bev="0" fileid="2" />
                <SequencePoint vc="1" uspid="127" ordinal="8" offset="64" sl="233" sc="13" el="233" ec="24" bec="0" bev="0" fileid="2" />
                <SequencePoint vc="1" uspid="128" ordinal="9" offset="66" sl="234" sc="13" el="234" ec="99" bec="0" bev="0" fileid="2" />
                <SequencePoint vc="1" uspid="129" ordinal="10" offset="99" sl="235" sc="13" el="235" ec="35" bec="0" bev="0" fileid="2" />
                <SequencePoint vc="1" uspid="130" ordinal="11" offset="106" sl="236" sc="13" el="236" ec="70" bec="0" bev="0" fileid="2" />
                <SequencePoint vc="1" uspid="131" ordinal="12" offset="127" sl="238" sc="13" el="238" ec="24" bec="0" bev="0" fileid="2" />
                <SequencePoint vc="1" uspid="132" ordinal="13" offset="129" sl="239" sc="13" el="239" ec="94" bec="0" bev="0" fileid="2" />
                <SequencePoint vc="1" uspid="133" ordinal="14" offset="162" sl="240" sc="13" el="240" ec="35" bec="0" bev="0" fileid="2" />
                <SequencePoint vc="1" uspid="134" ordinal="15" offset="169" sl="241" sc="13" el="241" ec="57" bec="0" bev="0" fileid="2" />
                <SequencePoint vc="1" uspid="135" ordinal="16" offset="190" sl="243" sc="13" el="243" ec="24" bec="0" bev="0" fileid="2" />
                <SequencePoint vc="1" uspid="136" ordinal="17" offset="192" sl="244" sc="13" el="244" ec="100" bec="0" bev="0" fileid="2" />
                <SequencePoint vc="1" uspid="137" ordinal="18" offset="225" sl="245" sc="13" el="245" ec="35" bec="0" bev="0" fileid="2" />
                <SequencePoint vc="1" uspid="138" ordinal="19" offset="232" sl="246" sc="13" el="246" ec="70" bec="0" bev="0" fileid="2" />
                <SequencePoint vc="1" uspid="139" ordinal="20" offset="253" sl="247" sc="9" el="247" ec="10" bec="0" bev="0" fileid="2" />
              </SequencePoints>
              <BranchPoints />
              <MethodPoint xsi:type="SequencePoint" vc="1" uspid="119" ordinal="0" offset="0" sl="222" sc="9" el="222" ec="10" bec="0" bev="0" fileid="2" />
            </Method>
            <Method visited="true" cyclomaticComplexity="1" nPathComplexity="0" sequenceCoverage="100" branchCoverage="100" crapScore="1" isConstructor="false" isStatic="false" isGetter="false" isSetter="false">
              <Summary numSequencePoints="5" visitedSequencePoints="5" numBranchPoints="1" visitedBranchPoints="1" sequenceCoverage="100" branchCoverage="100" maxCyclomaticComplexity="1" minCyclomaticComplexity="1" maxCrapScore="1" minCrapScore="1" visitedClasses="0" numClasses="0" visitedMethods="1" numMethods="1" />
              <MetadataToken>100663313</MetadataToken>
              <Name>System.Void ExMat.VM.Tests.ExVMTests::InnerDoArithmeticOPFloatUnknownOPC()</Name>
              <FileRef uid="2" />
              <SequencePoints>
                <SequencePoint vc="1" uspid="140" ordinal="0" offset="0" sl="251" sc="9" el="251" ec="10" bec="0" bev="0" fileid="2" />
                <SequencePoint vc="1" uspid="141" ordinal="1" offset="1" sl="252" sc="13" el="252" ec="33" bec="0" bev="0" fileid="2" />
                <SequencePoint vc="1" uspid="142" ordinal="2" offset="3" sl="254" sc="13" el="254" ec="108" bec="0" bev="0" fileid="2" />
                <SequencePoint vc="1" uspid="143" ordinal="3" offset="39" sl="256" sc="13" el="256" ec="32" bec="0" bev="0" fileid="2" />
                <SequencePoint vc="1" uspid="144" ordinal="4" offset="46" sl="257" sc="9" el="257" ec="10" bec="0" bev="0" fileid="2" />
              </SequencePoints>
              <BranchPoints />
              <MethodPoint xsi:type="SequencePoint" vc="1" uspid="140" ordinal="0" offset="0" sl="251" sc="9" el="251" ec="10" bec="0" bev="0" fileid="2" />
            </Method>
            <Method visited="true" cyclomaticComplexity="1" nPathComplexity="0" sequenceCoverage="100" branchCoverage="100" crapScore="1" isConstructor="false" isStatic="false" isGetter="false" isSetter="false">
              <Summary numSequencePoints="9" visitedSequencePoints="9" numBranchPoints="1" visitedBranchPoints="1" sequenceCoverage="100" branchCoverage="100" maxCyclomaticComplexity="1" minCyclomaticComplexity="1" maxCrapScore="1" minCrapScore="1" visitedClasses="0" numClasses="0" visitedMethods="1" numMethods="1" />
              <MetadataToken>100663314</MetadataToken>
              <Name>System.Void ExMat.VM.Tests.ExVMTests::InnerDoArithmeticOPIntAdd()</Name>
              <FileRef uid="2" />
              <SequencePoints>
                <SequencePoint vc="1" uspid="145" ordinal="0" offset="0" sl="263" sc="9" el="263" ec="10" bec="0" bev="0" fileid="2" />
                <SequencePoint vc="1" uspid="146" ordinal="1" offset="1" sl="264" sc="13" el="264" ec="24" bec="0" bev="0" fileid="2" />
                <SequencePoint vc="1" uspid="147" ordinal="2" offset="4" sl="265" sc="13" el="265" ec="24" bec="0" bev="0" fileid="2" />
                <SequencePoint vc="1" uspid="148" ordinal="3" offset="7" sl="267" sc="13" el="267" ec="30" bec="0" bev="0" fileid="2" />
                <SequencePoint vc="1" uspid="149" ordinal="4" offset="11" sl="269" sc="13" el="269" ec="33" bec="0" bev="0" fileid="2" />
                <SequencePoint vc="1" uspid="150" ordinal="5" offset="13" sl="271" sc="13" el="271" ec="92" bec="0" bev="0" fileid="2" />
                <SequencePoint vc="1" uspid="151" ordinal="6" offset="30" sl="273" sc="13" el="273" ec="35" bec="0" bev="0" fileid="2" />
                <SequencePoint vc="1" uspid="152" ordinal="7" offset="37" sl="275" sc="13" el="275" ec="48" bec="0" bev="0" fileid="2" />
                <SequencePoint vc="1" uspid="153" ordinal="8" offset="50" sl="276" sc="9" el="276" ec="10" bec="0" bev="0" fileid="2" />
              </SequencePoints>
              <BranchPoints />
              <MethodPoint xsi:type="SequencePoint" vc="1" uspid="145" ordinal="0" offset="0" sl="263" sc="9" el="263" ec="10" bec="0" bev="0" fileid="2" />
            </Method>
            <Method visited="true" cyclomaticComplexity="1" nPathComplexity="0" sequenceCoverage="100" branchCoverage="100" crapScore="1" isConstructor="false" isStatic="false" isGetter="false" isSetter="false">
              <Summary numSequencePoints="9" visitedSequencePoints="9" numBranchPoints="1" visitedBranchPoints="1" sequenceCoverage="100" branchCoverage="100" maxCyclomaticComplexity="1" minCyclomaticComplexity="1" maxCrapScore="1" minCrapScore="1" visitedClasses="0" numClasses="0" visitedMethods="1" numMethods="1" />
              <MetadataToken>100663315</MetadataToken>
              <Name>System.Void ExMat.VM.Tests.ExVMTests::InnerDoArithmeticOPIntSub()</Name>
              <FileRef uid="2" />
              <SequencePoints>
                <SequencePoint vc="1" uspid="154" ordinal="0" offset="0" sl="280" sc="9" el="280" ec="10" bec="0" bev="0" fileid="2" />
                <SequencePoint vc="1" uspid="155" ordinal="1" offset="1" sl="281" sc="13" el="281" ec="24" bec="0" bev="0" fileid="2" />
                <SequencePoint vc="1" uspid="156" ordinal="2" offset="4" sl="282" sc="13" el="282" ec="24" bec="0" bev="0" fileid="2" />
                <SequencePoint vc="1" uspid="157" ordinal="3" offset="7" sl="284" sc="13" el="284" ec="30" bec="0" bev="0" fileid="2" />
                <SequencePoint vc="1" uspid="158" ordinal="4" offset="11" sl="286" sc="13" el="286" ec="33" bec="0" bev="0" fileid="2" />
                <SequencePoint vc="1" uspid="159" ordinal="5" offset="13" sl="288" sc="13" el="288" ec="92" bec="0" bev="0" fileid="2" />
                <SequencePoint vc="1" uspid="160" ordinal="6" offset="30" sl="290" sc="13" el="290" ec="35" bec="0" bev="0" fileid="2" />
                <SequencePoint vc="1" uspid="161" ordinal="7" offset="37" sl="292" sc="13" el="292" ec="48" bec="0" bev="0" fileid="2" />
                <SequencePoint vc="1" uspid="162" ordinal="8" offset="50" sl="293" sc="9" el="293" ec="10" bec="0" bev="0" fileid="2" />
              </SequencePoints>
              <BranchPoints />
              <MethodPoint xsi:type="SequencePoint" vc="1" uspid="154" ordinal="0" offset="0" sl="280" sc="9" el="280" ec="10" bec="0" bev="0" fileid="2" />
            </Method>
            <Method visited="true" cyclomaticComplexity="1" nPathComplexity="0" sequenceCoverage="100" branchCoverage="100" crapScore="1" isConstructor="false" isStatic="false" isGetter="false" isSetter="false">
              <Summary numSequencePoints="9" visitedSequencePoints="9" numBranchPoints="1" visitedBranchPoints="1" sequenceCoverage="100" branchCoverage="100" maxCyclomaticComplexity="1" minCyclomaticComplexity="1" maxCrapScore="1" minCrapScore="1" visitedClasses="0" numClasses="0" visitedMethods="1" numMethods="1" />
              <MetadataToken>100663316</MetadataToken>
              <Name>System.Void ExMat.VM.Tests.ExVMTests::InnerDoArithmeticOPIntMlt()</Name>
              <FileRef uid="2" />
              <SequencePoints>
                <SequencePoint vc="1" uspid="163" ordinal="0" offset="0" sl="297" sc="9" el="297" ec="10" bec="0" bev="0" fileid="2" />
                <SequencePoint vc="1" uspid="164" ordinal="1" offset="1" sl="298" sc="13" el="298" ec="24" bec="0" bev="0" fileid="2" />
                <SequencePoint vc="1" uspid="165" ordinal="2" offset="4" sl="299" sc="13" el="299" ec="24" bec="0" bev="0" fileid="2" />
                <SequencePoint vc="1" uspid="166" ordinal="3" offset="7" sl="301" sc="13" el="301" ec="30" bec="0" bev="0" fileid="2" />
                <SequencePoint vc="1" uspid="167" ordinal="4" offset="11" sl="303" sc="13" el="303" ec="33" bec="0" bev="0" fileid="2" />
                <SequencePoint vc="1" uspid="168" ordinal="5" offset="13" sl="305" sc="13" el="305" ec="92" bec="0" bev="0" fileid="2" />
                <SequencePoint vc="1" uspid="169" ordinal="6" offset="30" sl="307" sc="13" el="307" ec="35" bec="0" bev="0" fileid="2" />
                <SequencePoint vc="1" uspid="170" ordinal="7" offset="37" sl="309" sc="13" el="309" ec="48" bec="0" bev="0" fileid="2" />
                <SequencePoint vc="1" uspid="171" ordinal="8" offset="50" sl="310" sc="9" el="310" ec="10" bec="0" bev="0" fileid="2" />
              </SequencePoints>
              <BranchPoints />
              <MethodPoint xsi:type="SequencePoint" vc="1" uspid="163" ordinal="0" offset="0" sl="297" sc="9" el="297" ec="10" bec="0" bev="0" fileid="2" />
            </Method>
            <Method visited="true" cyclomaticComplexity="1" nPathComplexity="0" sequenceCoverage="100" branchCoverage="100" crapScore="1" isConstructor="false" isStatic="false" isGetter="false" isSetter="false">
              <Summary numSequencePoints="21" visitedSequencePoints="21" numBranchPoints="1" visitedBranchPoints="1" sequenceCoverage="100" branchCoverage="100" maxCyclomaticComplexity="1" minCyclomaticComplexity="1" maxCrapScore="1" minCrapScore="1" visitedClasses="0" numClasses="0" visitedMethods="1" numMethods="1" />
              <MetadataToken>100663317</MetadataToken>
              <Name>System.Void ExMat.VM.Tests.ExVMTests::InnerDoArithmeticOPIntDiv()</Name>
              <FileRef uid="2" />
              <SequencePoints>
                <SequencePoint vc="1" uspid="172" ordinal="0" offset="0" sl="314" sc="9" el="314" ec="10" bec="0" bev="0" fileid="2" />
                <SequencePoint vc="1" uspid="173" ordinal="1" offset="1" sl="315" sc="13" el="315" ec="24" bec="0" bev="0" fileid="2" />
                <SequencePoint vc="1" uspid="174" ordinal="2" offset="4" sl="316" sc="13" el="316" ec="24" bec="0" bev="0" fileid="2" />
                <SequencePoint vc="1" uspid="175" ordinal="3" offset="7" sl="318" sc="13" el="318" ec="30" bec="0" bev="0" fileid="2" />
                <SequencePoint vc="1" uspid="176" ordinal="4" offset="11" sl="320" sc="13" el="320" ec="33" bec="0" bev="0" fileid="2" />
                <SequencePoint vc="1" uspid="177" ordinal="5" offset="13" sl="321" sc="13" el="321" ec="92" bec="0" bev="0" fileid="2" />
                <SequencePoint vc="1" uspid="178" ordinal="6" offset="30" sl="322" sc="13" el="322" ec="35" bec="0" bev="0" fileid="2" />
                <SequencePoint vc="1" uspid="179" ordinal="7" offset="37" sl="323" sc="13" el="323" ec="48" bec="0" bev="0" fileid="2" />
                <SequencePoint vc="1" uspid="180" ordinal="8" offset="50" sl="325" sc="13" el="325" ec="24" bec="0" bev="0" fileid="2" />
                <SequencePoint vc="1" uspid="181" ordinal="9" offset="52" sl="326" sc="13" el="326" ec="92" bec="0" bev="0" fileid="2" />
                <SequencePoint vc="1" uspid="182" ordinal="10" offset="71" sl="327" sc="13" el="327" ec="35" bec="0" bev="0" fileid="2" />
                <SequencePoint vc="1" uspid="183" ordinal="11" offset="78" sl="328" sc="13" el="328" ec="70" bec="0" bev="0" fileid="2" />
                <SequencePoint vc="1" uspid="184" ordinal="12" offset="99" sl="330" sc="13" el="330" ec="24" bec="0" bev="0" fileid="2" />
                <SequencePoint vc="1" uspid="185" ordinal="13" offset="101" sl="331" sc="13" el="331" ec="92" bec="0" bev="0" fileid="2" />
                <SequencePoint vc="1" uspid="186" ordinal="14" offset="120" sl="332" sc="13" el="332" ec="35" bec="0" bev="0" fileid="2" />
                <SequencePoint vc="1" uspid="187" ordinal="15" offset="127" sl="333" sc="13" el="333" ec="57" bec="0" bev="0" fileid="2" />
                <SequencePoint vc="1" uspid="188" ordinal="16" offset="148" sl="335" sc="13" el="335" ec="24" bec="0" bev="0" fileid="2" />
                <SequencePoint vc="1" uspid="189" ordinal="17" offset="150" sl="336" sc="13" el="336" ec="93" bec="0" bev="0" fileid="2" />
                <SequencePoint vc="1" uspid="190" ordinal="18" offset="170" sl="337" sc="13" el="337" ec="35" bec="0" bev="0" fileid="2" />
                <SequencePoint vc="1" uspid="191" ordinal="19" offset="177" sl="338" sc="13" el="338" ec="70" bec="0" bev="0" fileid="2" />
                <SequencePoint vc="1" uspid="192" ordinal="20" offset="198" sl="339" sc="9" el="339" ec="10" bec="0" bev="0" fileid="2" />
              </SequencePoints>
              <BranchPoints />
              <MethodPoint xsi:type="SequencePoint" vc="1" uspid="172" ordinal="0" offset="0" sl="314" sc="9" el="314" ec="10" bec="0" bev="0" fileid="2" />
            </Method>
            <Method visited="true" cyclomaticComplexity="1" nPathComplexity="0" sequenceCoverage="100" branchCoverage="100" crapScore="1" isConstructor="false" isStatic="false" isGetter="false" isSetter="false">
              <Summary numSequencePoints="9" visitedSequencePoints="9" numBranchPoints="1" visitedBranchPoints="1" sequenceCoverage="100" branchCoverage="100" maxCyclomaticComplexity="1" minCyclomaticComplexity="1" maxCrapScore="1" minCrapScore="1" visitedClasses="0" numClasses="0" visitedMethods="1" numMethods="1" />
              <MetadataToken>100663318</MetadataToken>
              <Name>System.Void ExMat.VM.Tests.ExVMTests::InnerDoArithmeticOPIntExp()</Name>
              <FileRef uid="2" />
              <SequencePoints>
                <SequencePoint vc="1" uspid="193" ordinal="0" offset="0" sl="343" sc="9" el="343" ec="10" bec="0" bev="0" fileid="2" />
                <SequencePoint vc="1" uspid="194" ordinal="1" offset="1" sl="344" sc="13" el="344" ec="24" bec="0" bev="0" fileid="2" />
                <SequencePoint vc="1" uspid="195" ordinal="2" offset="4" sl="345" sc="13" el="345" ec="24" bec="0" bev="0" fileid="2" />
                <SequencePoint vc="1" uspid="196" ordinal="3" offset="7" sl="347" sc="13" el="347" ec="41" bec="0" bev="0" fileid="2" />
                <SequencePoint vc="1" uspid="197" ordinal="4" offset="17" sl="349" sc="13" el="349" ec="33" bec="0" bev="0" fileid="2" />
                <SequencePoint vc="1" uspid="198" ordinal="5" offset="19" sl="351" sc="13" el="351" ec="92" bec="0" bev="0" fileid="2" />
                <SequencePoint vc="1" uspid="199" ordinal="6" offset="36" sl="353" sc="13" el="353" ec="35" bec="0" bev="0" fileid="2" />
                <SequencePoint vc="1" uspid="200" ordinal="7" offset="43" sl="355" sc="13" el="355" ec="50" bec="0" bev="0" fileid="2" />
                <SequencePoint vc="1" uspid="201" ordinal="8" offset="56" sl="356" sc="9" el="356" ec="10" bec="0" bev="0" fileid="2" />
              </SequencePoints>
              <BranchPoints />
              <MethodPoint xsi:type="SequencePoint" vc="1" uspid="193" ordinal="0" offset="0" sl="343" sc="9" el="343" ec="10" bec="0" bev="0" fileid="2" />
            </Method>
            <Method visited="true" cyclomaticComplexity="1" nPathComplexity="0" sequenceCoverage="100" branchCoverage="100" crapScore="1" isConstructor="false" isStatic="false" isGetter="false" isSetter="false">
              <Summary numSequencePoints="21" visitedSequencePoints="21" numBranchPoints="1" visitedBranchPoints="1" sequenceCoverage="100" branchCoverage="100" maxCyclomaticComplexity="1" minCyclomaticComplexity="1" maxCrapScore="1" minCrapScore="1" visitedClasses="0" numClasses="0" visitedMethods="1" numMethods="1" />
              <MetadataToken>100663319</MetadataToken>
              <Name>System.Void ExMat.VM.Tests.ExVMTests::InnerDoArithmeticOPIntMod()</Name>
              <FileRef uid="2" />
              <SequencePoints>
                <SequencePoint vc="1" uspid="202" ordinal="0" offset="0" sl="360" sc="9" el="360" ec="10" bec="0" bev="0" fileid="2" />
                <SequencePoint vc="1" uspid="203" ordinal="1" offset="1" sl="361" sc="13" el="361" ec="24" bec="0" bev="0" fileid="2" />
                <SequencePoint vc="1" uspid="204" ordinal="2" offset="4" sl="362" sc="13" el="362" ec="24" bec="0" bev="0" fileid="2" />
                <SequencePoint vc="1" uspid="205" ordinal="3" offset="7" sl="364" sc="13" el="364" ec="30" bec="0" bev="0" fileid="2" />
                <SequencePoint vc="1" uspid="206" ordinal="4" offset="11" sl="366" sc="13" el="366" ec="33" bec="0" bev="0" fileid="2" />
                <SequencePoint vc="1" uspid="207" ordinal="5" offset="13" sl="367" sc="13" el="367" ec="92" bec="0" bev="0" fileid="2" />
                <SequencePoint vc="1" uspid="208" ordinal="6" offset="30" sl="368" sc="13" el="368" ec="35" bec="0" bev="0" fileid="2" />
                <SequencePoint vc="1" uspid="209" ordinal="7" offset="37" sl="369" sc="13" el="369" ec="48" bec="0" bev="0" fileid="2" />
                <SequencePoint vc="1" uspid="210" ordinal="8" offset="50" sl="371" sc="13" el="371" ec="24" bec="0" bev="0" fileid="2" />
                <SequencePoint vc="1" uspid="211" ordinal="9" offset="52" sl="372" sc="13" el="372" ec="92" bec="0" bev="0" fileid="2" />
                <SequencePoint vc="1" uspid="212" ordinal="10" offset="71" sl="373" sc="13" el="373" ec="35" bec="0" bev="0" fileid="2" />
                <SequencePoint vc="1" uspid="213" ordinal="11" offset="78" sl="374" sc="13" el="374" ec="70" bec="0" bev="0" fileid="2" />
                <SequencePoint vc="1" uspid="214" ordinal="12" offset="99" sl="376" sc="13" el="376" ec="24" bec="0" bev="0" fileid="2" />
                <SequencePoint vc="1" uspid="215" ordinal="13" offset="101" sl="377" sc="13" el="377" ec="92" bec="0" bev="0" fileid="2" />
                <SequencePoint vc="1" uspid="216" ordinal="14" offset="120" sl="378" sc="13" el="378" ec="35" bec="0" bev="0" fileid="2" />
                <SequencePoint vc="1" uspid="217" ordinal="15" offset="127" sl="379" sc="13" el="379" ec="57" bec="0" bev="0" fileid="2" />
                <SequencePoint vc="1" uspid="218" ordinal="16" offset="148" sl="381" sc="13" el="381" ec="24" bec="0" bev="0" fileid="2" />
                <SequencePoint vc="1" uspid="219" ordinal="17" offset="150" sl="382" sc="13" el="382" ec="93" bec="0" bev="0" fileid="2" />
                <SequencePoint vc="1" uspid="220" ordinal="18" offset="170" sl="383" sc="13" el="383" ec="35" bec="0" bev="0" fileid="2" />
                <SequencePoint vc="1" uspid="221" ordinal="19" offset="177" sl="384" sc="13" el="384" ec="70" bec="0" bev="0" fileid="2" />
                <SequencePoint vc="1" uspid="222" ordinal="20" offset="198" sl="385" sc="9" el="385" ec="10" bec="0" bev="0" fileid="2" />
              </SequencePoints>
              <BranchPoints />
              <MethodPoint xsi:type="SequencePoint" vc="1" uspid="202" ordinal="0" offset="0" sl="360" sc="9" el="360" ec="10" bec="0" bev="0" fileid="2" />
            </Method>
            <Method visited="true" cyclomaticComplexity="1" nPathComplexity="0" sequenceCoverage="100" branchCoverage="100" crapScore="1" isConstructor="false" isStatic="false" isGetter="false" isSetter="false">
              <Summary numSequencePoints="5" visitedSequencePoints="5" numBranchPoints="1" visitedBranchPoints="1" sequenceCoverage="100" branchCoverage="100" maxCyclomaticComplexity="1" minCyclomaticComplexity="1" maxCrapScore="1" minCrapScore="1" visitedClasses="0" numClasses="0" visitedMethods="1" numMethods="1" />
              <MetadataToken>100663320</MetadataToken>
              <Name>System.Void ExMat.VM.Tests.ExVMTests::InnerDoArithmeticOPIntUnknownOPC()</Name>
              <FileRef uid="2" />
              <SequencePoints>
                <SequencePoint vc="1" uspid="223" ordinal="0" offset="0" sl="389" sc="9" el="389" ec="10" bec="0" bev="0" fileid="2" />
                <SequencePoint vc="1" uspid="224" ordinal="1" offset="1" sl="390" sc="13" el="390" ec="33" bec="0" bev="0" fileid="2" />
                <SequencePoint vc="1" uspid="225" ordinal="2" offset="3" sl="392" sc="13" el="392" ec="95" bec="0" bev="0" fileid="2" />
                <SequencePoint vc="1" uspid="226" ordinal="3" offset="25" sl="394" sc="13" el="394" ec="32" bec="0" bev="0" fileid="2" />
                <SequencePoint vc="1" uspid="227" ordinal="4" offset="32" sl="395" sc="9" el="395" ec="10" bec="0" bev="0" fileid="2" />
              </SequencePoints>
              <BranchPoints />
              <MethodPoint xsi:type="SequencePoint" vc="1" uspid="223" ordinal="0" offset="0" sl="389" sc="9" el="389" ec="10" bec="0" bev="0" fileid="2" />
            </Method>
            <Method visited="true" cyclomaticComplexity="1" nPathComplexity="0" sequenceCoverage="100" branchCoverage="100" crapScore="1" isConstructor="false" isStatic="false" isGetter="false" isSetter="false">
              <Summary numSequencePoints="9" visitedSequencePoints="9" numBranchPoints="1" visitedBranchPoints="1" sequenceCoverage="100" branchCoverage="100" maxCyclomaticComplexity="1" minCyclomaticComplexity="1" maxCrapScore="1" minCrapScore="1" visitedClasses="0" numClasses="0" visitedMethods="1" numMethods="1" />
              <MetadataToken>100663321</MetadataToken>
              <Name>System.Void ExMat.VM.Tests.ExVMTests::DoBitwiseOPAnd()</Name>
              <FileRef uid="2" />
              <SequencePoints>
                <SequencePoint vc="1" uspid="228" ordinal="0" offset="0" sl="401" sc="9" el="401" ec="10" bec="0" bev="0" fileid="2" />
                <SequencePoint vc="1" uspid="229" ordinal="1" offset="1" sl="402" sc="13" el="402" ec="33" bec="0" bev="0" fileid="2" />
                <SequencePoint vc="1" uspid="230" ordinal="2" offset="9" sl="403" sc="13" el="403" ec="33" bec="0" bev="0" fileid="2" />
                <SequencePoint vc="1" uspid="231" ordinal="3" offset="17" sl="405" sc="13" el="405" ec="30" bec="0" bev="0" fileid="2" />
                <SequencePoint vc="1" uspid="232" ordinal="4" offset="20" sl="407" sc="13" el="407" ec="34" bec="0" bev="0" fileid="2" />
                <SequencePoint vc="1" uspid="233" ordinal="5" offset="26" sl="409" sc="13" el="409" ec="73" bec="0" bev="0" fileid="2" />
                <SequencePoint vc="1" uspid="234" ordinal="6" offset="42" sl="411" sc="13" el="411" ec="55" bec="0" bev="0" fileid="2" />
                <SequencePoint vc="1" uspid="235" ordinal="7" offset="54" sl="413" sc="13" el="413" ec="48" bec="0" bev="0" fileid="2" />
                <SequencePoint vc="1" uspid="236" ordinal="8" offset="67" sl="414" sc="9" el="414" ec="10" bec="0" bev="0" fileid="2" />
              </SequencePoints>
              <BranchPoints />
              <MethodPoint xsi:type="SequencePoint" vc="1" uspid="228" ordinal="0" offset="0" sl="401" sc="9" el="401" ec="10" bec="0" bev="0" fileid="2" />
            </Method>
            <Method visited="true" cyclomaticComplexity="1" nPathComplexity="0" sequenceCoverage="100" branchCoverage="100" crapScore="1" isConstructor="false" isStatic="false" isGetter="false" isSetter="false">
              <Summary numSequencePoints="9" visitedSequencePoints="9" numBranchPoints="1" visitedBranchPoints="1" sequenceCoverage="100" branchCoverage="100" maxCyclomaticComplexity="1" minCyclomaticComplexity="1" maxCrapScore="1" minCrapScore="1" visitedClasses="0" numClasses="0" visitedMethods="1" numMethods="1" />
              <MetadataToken>100663322</MetadataToken>
              <Name>System.Void ExMat.VM.Tests.ExVMTests::DoBitwiseOPOr()</Name>
              <FileRef uid="2" />
              <SequencePoints>
                <SequencePoint vc="1" uspid="237" ordinal="0" offset="0" sl="418" sc="9" el="418" ec="10" bec="0" bev="0" fileid="2" />
                <SequencePoint vc="1" uspid="238" ordinal="1" offset="1" sl="419" sc="13" el="419" ec="33" bec="0" bev="0" fileid="2" />
                <SequencePoint vc="1" uspid="239" ordinal="2" offset="9" sl="420" sc="13" el="420" ec="33" bec="0" bev="0" fileid="2" />
                <SequencePoint vc="1" uspid="240" ordinal="3" offset="17" sl="422" sc="13" el="422" ec="30" bec="0" bev="0" fileid="2" />
                <SequencePoint vc="1" uspid="241" ordinal="4" offset="20" sl="424" sc="13" el="424" ec="34" bec="0" bev="0" fileid="2" />
                <SequencePoint vc="1" uspid="242" ordinal="5" offset="26" sl="426" sc="13" el="426" ec="72" bec="0" bev="0" fileid="2" />
                <SequencePoint vc="1" uspid="243" ordinal="6" offset="42" sl="428" sc="13" el="428" ec="55" bec="0" bev="0" fileid="2" />
                <SequencePoint vc="1" uspid="244" ordinal="7" offset="54" sl="430" sc="13" el="430" ec="48" bec="0" bev="0" fileid="2" />
                <SequencePoint vc="1" uspid="245" ordinal="8" offset="67" sl="431" sc="9" el="431" ec="10" bec="0" bev="0" fileid="2" />
              </SequencePoints>
              <BranchPoints />
              <MethodPoint xsi:type="SequencePoint" vc="1" uspid="237" ordinal="0" offset="0" sl="418" sc="9" el="418" ec="10" bec="0" bev="0" fileid="2" />
            </Method>
            <Method visited="true" cyclomaticComplexity="1" nPathComplexity="0" sequenceCoverage="100" branchCoverage="100" crapScore="1" isConstructor="false" isStatic="false" isGetter="false" isSetter="false">
              <Summary numSequencePoints="9" visitedSequencePoints="9" numBranchPoints="1" visitedBranchPoints="1" sequenceCoverage="100" branchCoverage="100" maxCyclomaticComplexity="1" minCyclomaticComplexity="1" maxCrapScore="1" minCrapScore="1" visitedClasses="0" numClasses="0" visitedMethods="1" numMethods="1" />
              <MetadataToken>100663323</MetadataToken>
              <Name>System.Void ExMat.VM.Tests.ExVMTests::DoBitwiseOPXor()</Name>
              <FileRef uid="2" />
              <SequencePoints>
                <SequencePoint vc="1" uspid="246" ordinal="0" offset="0" sl="435" sc="9" el="435" ec="10" bec="0" bev="0" fileid="2" />
                <SequencePoint vc="1" uspid="247" ordinal="1" offset="1" sl="436" sc="13" el="436" ec="33" bec="0" bev="0" fileid="2" />
                <SequencePoint vc="1" uspid="248" ordinal="2" offset="9" sl="437" sc="13" el="437" ec="33" bec="0" bev="0" fileid="2" />
                <SequencePoint vc="1" uspid="249" ordinal="3" offset="17" sl="439" sc="13" el="439" ec="30" bec="0" bev="0" fileid="2" />
                <SequencePoint vc="1" uspid="250" ordinal="4" offset="20" sl="441" sc="13" el="441" ec="34" bec="0" bev="0" fileid="2" />
                <SequencePoint vc="1" uspid="251" ordinal="5" offset="26" sl="443" sc="13" el="443" ec="73" bec="0" bev="0" fileid="2" />
                <SequencePoint vc="1" uspid="252" ordinal="6" offset="42" sl="445" sc="13" el="445" ec="55" bec="0" bev="0" fileid="2" />
                <SequencePoint vc="1" uspid="253" ordinal="7" offset="54" sl="447" sc="13" el="447" ec="48" bec="0" bev="0" fileid="2" />
                <SequencePoint vc="1" uspid="254" ordinal="8" offset="67" sl="448" sc="9" el="448" ec="10" bec="0" bev="0" fileid="2" />
              </SequencePoints>
              <BranchPoints />
              <MethodPoint xsi:type="SequencePoint" vc="1" uspid="246" ordinal="0" offset="0" sl="435" sc="9" el="435" ec="10" bec="0" bev="0" fileid="2" />
            </Method>
            <Method visited="true" cyclomaticComplexity="1" nPathComplexity="0" sequenceCoverage="100" branchCoverage="100" crapScore="1" isConstructor="false" isStatic="false" isGetter="false" isSetter="false">
              <Summary numSequencePoints="9" visitedSequencePoints="9" numBranchPoints="1" visitedBranchPoints="1" sequenceCoverage="100" branchCoverage="100" maxCyclomaticComplexity="1" minCyclomaticComplexity="1" maxCrapScore="1" minCrapScore="1" visitedClasses="0" numClasses="0" visitedMethods="1" numMethods="1" />
              <MetadataToken>100663324</MetadataToken>
              <Name>System.Void ExMat.VM.Tests.ExVMTests::DoBitwiseOPShiftLeft()</Name>
              <FileRef uid="2" />
              <SequencePoints>
                <SequencePoint vc="1" uspid="255" ordinal="0" offset="0" sl="452" sc="9" el="452" ec="10" bec="0" bev="0" fileid="2" />
                <SequencePoint vc="1" uspid="256" ordinal="1" offset="1" sl="453" sc="13" el="453" ec="33" bec="0" bev="0" fileid="2" />
                <SequencePoint vc="1" uspid="257" ordinal="2" offset="9" sl="454" sc="13" el="454" ec="33" bec="0" bev="0" fileid="2" />
                <SequencePoint vc="1" uspid="258" ordinal="3" offset="17" sl="456" sc="13" el="456" ec="31" bec="0" bev="0" fileid="2" />
                <SequencePoint vc="1" uspid="259" ordinal="4" offset="24" sl="458" sc="13" el="458" ec="34" bec="0" bev="0" fileid="2" />
                <SequencePoint vc="1" uspid="260" ordinal="5" offset="30" sl="460" sc="13" el="460" ec="76" bec="0" bev="0" fileid="2" />
                <SequencePoint vc="1" uspid="261" ordinal="6" offset="46" sl="462" sc="13" el="462" ec="55" bec="0" bev="0" fileid="2" />
                <SequencePoint vc="1" uspid="262" ordinal="7" offset="58" sl="464" sc="13" el="464" ec="48" bec="0" bev="0" fileid="2" />
                <SequencePoint vc="1" uspid="263" ordinal="8" offset="71" sl="465" sc="9" el="465" ec="10" bec="0" bev="0" fileid="2" />
              </SequencePoints>
              <BranchPoints />
              <MethodPoint xsi:type="SequencePoint" vc="1" uspid="255" ordinal="0" offset="0" sl="452" sc="9" el="452" ec="10" bec="0" bev="0" fileid="2" />
            </Method>
            <Method visited="true" cyclomaticComplexity="1" nPathComplexity="0" sequenceCoverage="100" branchCoverage="100" crapScore="1" isConstructor="false" isStatic="false" isGetter="false" isSetter="false">
              <Summary numSequencePoints="9" visitedSequencePoints="9" numBranchPoints="1" visitedBranchPoints="1" sequenceCoverage="100" branchCoverage="100" maxCyclomaticComplexity="1" minCyclomaticComplexity="1" maxCrapScore="1" minCrapScore="1" visitedClasses="0" numClasses="0" visitedMethods="1" numMethods="1" />
              <MetadataToken>100663325</MetadataToken>
              <Name>System.Void ExMat.VM.Tests.ExVMTests::DoBitwiseOPShiftRight()</Name>
              <FileRef uid="2" />
              <SequencePoints>
                <SequencePoint vc="1" uspid="264" ordinal="0" offset="0" sl="469" sc="9" el="469" ec="10" bec="0" bev="0" fileid="2" />
                <SequencePoint vc="1" uspid="265" ordinal="1" offset="1" sl="470" sc="13" el="470" ec="33" bec="0" bev="0" fileid="2" />
                <SequencePoint vc="1" uspid="266" ordinal="2" offset="9" sl="471" sc="13" el="471" ec="33" bec="0" bev="0" fileid="2" />
                <SequencePoint vc="1" uspid="267" ordinal="3" offset="17" sl="473" sc="13" el="473" ec="31" bec="0" bev="0" fileid="2" />
                <SequencePoint vc="1" uspid="268" ordinal="4" offset="20" sl="475" sc="13" el="475" ec="34" bec="0" bev="0" fileid="2" />
                <SequencePoint vc="1" uspid="269" ordinal="5" offset="26" sl="477" sc="13" el="477" ec="76" bec="0" bev="0" fileid="2" />
                <SequencePoint vc="1" uspid="270" ordinal="6" offset="42" sl="479" sc="13" el="479" ec="55" bec="0" bev="0" fileid="2" />
                <SequencePoint vc="1" uspid="271" ordinal="7" offset="54" sl="481" sc="13" el="481" ec="48" bec="0" bev="0" fileid="2" />
                <SequencePoint vc="1" uspid="272" ordinal="8" offset="67" sl="482" sc="9" el="482" ec="10" bec="0" bev="0" fileid="2" />
              </SequencePoints>
              <BranchPoints />
              <MethodPoint xsi:type="SequencePoint" vc="1" uspid="264" ordinal="0" offset="0" sl="469" sc="9" el="469" ec="10" bec="0" bev="0" fileid="2" />
            </Method>
            <Method visited="true" cyclomaticComplexity="1" nPathComplexity="0" sequenceCoverage="100" branchCoverage="100" crapScore="1" isConstructor="false" isStatic="false" isGetter="false" isSetter="false">
              <Summary numSequencePoints="5" visitedSequencePoints="5" numBranchPoints="1" visitedBranchPoints="1" sequenceCoverage="100" branchCoverage="100" maxCyclomaticComplexity="1" minCyclomaticComplexity="1" maxCrapScore="1" minCrapScore="1" visitedClasses="0" numClasses="0" visitedMethods="1" numMethods="1" />
              <MetadataToken>100663326</MetadataToken>
              <Name>System.Void ExMat.VM.Tests.ExVMTests::DoBitwiseOPUnknownOPC()</Name>
              <FileRef uid="2" />
              <SequencePoints>
                <SequencePoint vc="1" uspid="273" ordinal="0" offset="0" sl="486" sc="9" el="486" ec="10" bec="0" bev="0" fileid="2" />
                <SequencePoint vc="1" uspid="274" ordinal="1" offset="1" sl="487" sc="13" el="487" ec="34" bec="0" bev="0" fileid="2" />
                <SequencePoint vc="1" uspid="275" ordinal="2" offset="7" sl="489" sc="13" el="489" ec="96" bec="0" bev="0" fileid="2" />
                <SequencePoint vc="1" uspid="276" ordinal="3" offset="39" sl="491" sc="13" el="491" ec="52" bec="0" bev="0" fileid="2" />
                <SequencePoint vc="1" uspid="277" ordinal="4" offset="51" sl="492" sc="9" el="492" ec="10" bec="0" bev="0" fileid="2" />
              </SequencePoints>
              <BranchPoints />
              <MethodPoint xsi:type="SequencePoint" vc="1" uspid="273" ordinal="0" offset="0" sl="486" sc="9" el="486" ec="10" bec="0" bev="0" fileid="2" />
            </Method>
            <Method visited="true" cyclomaticComplexity="1" nPathComplexity="0" sequenceCoverage="100" branchCoverage="100" crapScore="1" isConstructor="false" isStatic="false" isGetter="false" isSetter="false">
              <Summary numSequencePoints="7" visitedSequencePoints="7" numBranchPoints="1" visitedBranchPoints="1" sequenceCoverage="100" branchCoverage="100" maxCyclomaticComplexity="1" minCyclomaticComplexity="1" maxCrapScore="1" minCrapScore="1" visitedClasses="0" numClasses="0" visitedMethods="1" numMethods="1" />
              <MetadataToken>100663327</MetadataToken>
              <Name>System.Void ExMat.VM.Tests.ExVMTests::DoBitwiseOPNonInteger()</Name>
              <FileRef uid="2" />
              <SequencePoints>
                <SequencePoint vc="1" uspid="278" ordinal="0" offset="0" sl="496" sc="9" el="496" ec="10" bec="0" bev="0" fileid="2" />
                <SequencePoint vc="1" uspid="279" ordinal="1" offset="1" sl="497" sc="13" el="497" ec="39" bec="0" bev="0" fileid="2" />
                <SequencePoint vc="1" uspid="280" ordinal="2" offset="16" sl="498" sc="13" el="498" ec="33" bec="0" bev="0" fileid="2" />
                <SequencePoint vc="1" uspid="281" ordinal="3" offset="24" sl="500" sc="13" el="500" ec="34" bec="0" bev="0" fileid="2" />
                <SequencePoint vc="1" uspid="282" ordinal="4" offset="30" sl="502" sc="13" el="502" ec="77" bec="0" bev="0" fileid="2" />
                <SequencePoint vc="1" uspid="283" ordinal="5" offset="46" sl="504" sc="13" el="504" ec="52" bec="0" bev="0" fileid="2" />
                <SequencePoint vc="1" uspid="284" ordinal="6" offset="58" sl="505" sc="9" el="505" ec="10" bec="0" bev="0" fileid="2" />
              </SequencePoints>
              <BranchPoints />
              <MethodPoint xsi:type="SequencePoint" vc="1" uspid="278" ordinal="0" offset="0" sl="496" sc="9" el="496" ec="10" bec="0" bev="0" fileid="2" />
            </Method>
            <Method visited="true" cyclomaticComplexity="1" nPathComplexity="0" sequenceCoverage="100" branchCoverage="100" crapScore="1" isConstructor="false" isStatic="false" isGetter="false" isSetter="false">
              <Summary numSequencePoints="8" visitedSequencePoints="8" numBranchPoints="1" visitedBranchPoints="1" sequenceCoverage="100" branchCoverage="100" maxCyclomaticComplexity="1" minCyclomaticComplexity="1" maxCrapScore="1" minCrapScore="1" visitedClasses="0" numClasses="0" visitedMethods="1" numMethods="1" />
              <MetadataToken>100663328</MetadataToken>
              <Name>System.Void ExMat.VM.Tests.ExVMTests::InnerDoCompareOPIntegersLT()</Name>
              <FileRef uid="2" />
              <SequencePoints>
                <SequencePoint vc="1" uspid="285" ordinal="0" offset="0" sl="511" sc="9" el="511" ec="10" bec="0" bev="0" fileid="2" />
                <SequencePoint vc="1" uspid="286" ordinal="1" offset="1" sl="512" sc="13" el="512" ec="33" bec="0" bev="0" fileid="2" />
                <SequencePoint vc="1" uspid="287" ordinal="2" offset="9" sl="513" sc="13" el="513" ec="33" bec="0" bev="0" fileid="2" />
                <SequencePoint vc="1" uspid="288" ordinal="3" offset="17" sl="515" sc="13" el="515" ec="27" bec="0" bev="0" fileid="2" />
                <SequencePoint vc="1" uspid="289" ordinal="4" offset="23" sl="516" sc="13" el="516" ec="26" bec="0" bev="0" fileid="2" />
                <SequencePoint vc="1" uspid="290" ordinal="5" offset="25" sl="518" sc="13" el="518" ec="65" bec="0" bev="0" fileid="2" />
                <SequencePoint vc="1" uspid="291" ordinal="6" offset="40" sl="519" sc="13" el="519" ec="39" bec="0" bev="0" fileid="2" />
                <SequencePoint vc="1" uspid="292" ordinal="7" offset="48" sl="520" sc="9" el="520" ec="10" bec="0" bev="0" fileid="2" />
              </SequencePoints>
              <BranchPoints />
              <MethodPoint xsi:type="SequencePoint" vc="1" uspid="285" ordinal="0" offset="0" sl="511" sc="9" el="511" ec="10" bec="0" bev="0" fileid="2" />
            </Method>
            <Method visited="true" cyclomaticComplexity="1" nPathComplexity="0" sequenceCoverage="100" branchCoverage="100" crapScore="1" isConstructor="false" isStatic="false" isGetter="false" isSetter="false">
              <Summary numSequencePoints="8" visitedSequencePoints="8" numBranchPoints="1" visitedBranchPoints="1" sequenceCoverage="100" branchCoverage="100" maxCyclomaticComplexity="1" minCyclomaticComplexity="1" maxCrapScore="1" minCrapScore="1" visitedClasses="0" numClasses="0" visitedMethods="1" numMethods="1" />
              <MetadataToken>100663329</MetadataToken>
              <Name>System.Void ExMat.VM.Tests.ExVMTests::InnerDoCompareOPIntegersGT()</Name>
              <FileRef uid="2" />
              <SequencePoints>
                <SequencePoint vc="1" uspid="293" ordinal="0" offset="0" sl="524" sc="9" el="524" ec="10" bec="0" bev="0" fileid="2" />
                <SequencePoint vc="1" uspid="294" ordinal="1" offset="1" sl="525" sc="13" el="525" ec="33" bec="0" bev="0" fileid="2" />
                <SequencePoint vc="1" uspid="295" ordinal="2" offset="9" sl="526" sc="13" el="526" ec="36" bec="0" bev="0" fileid="2" />
                <SequencePoint vc="1" uspid="296" ordinal="3" offset="18" sl="528" sc="13" el="528" ec="27" bec="0" bev="0" fileid="2" />
                <SequencePoint vc="1" uspid="297" ordinal="4" offset="24" sl="529" sc="13" el="529" ec="25" bec="0" bev="0" fileid="2" />
                <SequencePoint vc="1" uspid="298" ordinal="5" offset="26" sl="531" sc="13" el="531" ec="65" bec="0" bev="0" fileid="2" />
                <SequencePoint vc="1" uspid="299" ordinal="6" offset="41" sl="532" sc="13" el="532" ec="39" bec="0" bev="0" fileid="2" />
                <SequencePoint vc="1" uspid="300" ordinal="7" offset="49" sl="533" sc="9" el="533" ec="10" bec="0" bev="0" fileid="2" />
              </SequencePoints>
              <BranchPoints />
              <MethodPoint xsi:type="SequencePoint" vc="1" uspid="293" ordinal="0" offset="0" sl="524" sc="9" el="524" ec="10" bec="0" bev="0" fileid="2" />
            </Method>
            <Method visited="true" cyclomaticComplexity="1" nPathComplexity="0" sequenceCoverage="100" branchCoverage="100" crapScore="1" isConstructor="false" isStatic="false" isGetter="false" isSetter="false">
              <Summary numSequencePoints="8" visitedSequencePoints="8" numBranchPoints="1" visitedBranchPoints="1" sequenceCoverage="100" branchCoverage="100" maxCyclomaticComplexity="1" minCyclomaticComplexity="1" maxCrapScore="1" minCrapScore="1" visitedClasses="0" numClasses="0" visitedMethods="1" numMethods="1" />
              <MetadataToken>100663330</MetadataToken>
              <Name>System.Void ExMat.VM.Tests.ExVMTests::InnerDoCompareOPIntegersGETorLET()</Name>
              <FileRef uid="2" />
              <SequencePoints>
                <SequencePoint vc="1" uspid="301" ordinal="0" offset="0" sl="537" sc="9" el="537" ec="10" bec="0" bev="0" fileid="2" />
                <SequencePoint vc="1" uspid="302" ordinal="1" offset="1" sl="538" sc="13" el="538" ec="34" bec="0" bev="0" fileid="2" />
                <SequencePoint vc="1" uspid="303" ordinal="2" offset="10" sl="539" sc="13" el="539" ec="34" bec="0" bev="0" fileid="2" />
                <SequencePoint vc="1" uspid="304" ordinal="3" offset="19" sl="541" sc="13" el="541" ec="27" bec="0" bev="0" fileid="2" />
                <SequencePoint vc="1" uspid="305" ordinal="4" offset="25" sl="542" sc="13" el="542" ec="25" bec="0" bev="0" fileid="2" />
                <SequencePoint vc="1" uspid="306" ordinal="5" offset="27" sl="544" sc="13" el="544" ec="65" bec="0" bev="0" fileid="2" />
                <SequencePoint vc="1" uspid="307" ordinal="6" offset="42" sl="545" sc="13" el="545" ec="39" bec="0" bev="0" fileid="2" />
                <SequencePoint vc="1" uspid="308" ordinal="7" offset="50" sl="546" sc="9" el="546" ec="10" bec="0" bev="0" fileid="2" />
              </SequencePoints>
              <BranchPoints />
              <MethodPoint xsi:type="SequencePoint" vc="1" uspid="301" ordinal="0" offset="0" sl="537" sc="9" el="537" ec="10" bec="0" bev="0" fileid="2" />
            </Method>
            <Method visited="true" cyclomaticComplexity="1" nPathComplexity="0" sequenceCoverage="100" branchCoverage="100" crapScore="1" isConstructor="false" isStatic="false" isGetter="false" isSetter="false">
              <Summary numSequencePoints="8" visitedSequencePoints="8" numBranchPoints="1" visitedBranchPoints="1" sequenceCoverage="100" branchCoverage="100" maxCyclomaticComplexity="1" minCyclomaticComplexity="1" maxCrapScore="1" minCrapScore="1" visitedClasses="0" numClasses="0" visitedMethods="1" numMethods="1" />
              <MetadataToken>100663331</MetadataToken>
              <Name>System.Void ExMat.VM.Tests.ExVMTests::InnerDoCompareOPFloatsLT()</Name>
              <FileRef uid="2" />
              <SequencePoints>
                <SequencePoint vc="1" uspid="309" ordinal="0" offset="0" sl="550" sc="9" el="550" ec="10" bec="0" bev="0" fileid="2" />
                <SequencePoint vc="1" uspid="310" ordinal="1" offset="1" sl="551" sc="13" el="551" ec="38" bec="0" bev="0" fileid="2" />
                <SequencePoint vc="1" uspid="311" ordinal="2" offset="16" sl="552" sc="13" el="552" ec="39" bec="0" bev="0" fileid="2" />
                <SequencePoint vc="1" uspid="312" ordinal="3" offset="31" sl="554" sc="13" el="554" ec="27" bec="0" bev="0" fileid="2" />
                <SequencePoint vc="1" uspid="313" ordinal="4" offset="37" sl="555" sc="13" el="555" ec="26" bec="0" bev="0" fileid="2" />
                <SequencePoint vc="1" uspid="314" ordinal="5" offset="39" sl="557" sc="13" el="557" ec="65" bec="0" bev="0" fileid="2" />
                <SequencePoint vc="1" uspid="315" ordinal="6" offset="54" sl="558" sc="13" el="558" ec="39" bec="0" bev="0" fileid="2" />
                <SequencePoint vc="1" uspid="316" ordinal="7" offset="62" sl="559" sc="9" el="559" ec="10" bec="0" bev="0" fileid="2" />
              </SequencePoints>
              <BranchPoints />
              <MethodPoint xsi:type="SequencePoint" vc="1" uspid="309" ordinal="0" offset="0" sl="550" sc="9" el="550" ec="10" bec="0" bev="0" fileid="2" />
            </Method>
            <Method visited="true" cyclomaticComplexity="1" nPathComplexity="0" sequenceCoverage="100" branchCoverage="100" crapScore="1" isConstructor="false" isStatic="false" isGetter="false" isSetter="false">
              <Summary numSequencePoints="8" visitedSequencePoints="8" numBranchPoints="1" visitedBranchPoints="1" sequenceCoverage="100" branchCoverage="100" maxCyclomaticComplexity="1" minCyclomaticComplexity="1" maxCrapScore="1" minCrapScore="1" visitedClasses="0" numClasses="0" visitedMethods="1" numMethods="1" />
              <MetadataToken>100663332</MetadataToken>
              <Name>System.Void ExMat.VM.Tests.ExVMTests::InnerDoCompareOPFloatsGT()</Name>
              <FileRef uid="2" />
              <SequencePoints>
                <SequencePoint vc="1" uspid="317" ordinal="0" offset="0" sl="563" sc="9" el="563" ec="10" bec="0" bev="0" fileid="2" />
                <SequencePoint vc="1" uspid="318" ordinal="1" offset="1" sl="564" sc="13" el="564" ec="39" bec="0" bev="0" fileid="2" />
                <SequencePoint vc="1" uspid="319" ordinal="2" offset="16" sl="565" sc="13" el="565" ec="38" bec="0" bev="0" fileid="2" />
                <SequencePoint vc="1" uspid="320" ordinal="3" offset="31" sl="567" sc="13" el="567" ec="27" bec="0" bev="0" fileid="2" />
                <SequencePoint vc="1" uspid="321" ordinal="4" offset="37" sl="568" sc="13" el="568" ec="25" bec="0" bev="0" fileid="2" />
                <SequencePoint vc="1" uspid="322" ordinal="5" offset="39" sl="570" sc="13" el="570" ec="65" bec="0" bev="0" fileid="2" />
                <SequencePoint vc="1" uspid="323" ordinal="6" offset="54" sl="571" sc="13" el="571" ec="39" bec="0" bev="0" fileid="2" />
                <SequencePoint vc="1" uspid="324" ordinal="7" offset="62" sl="572" sc="9" el="572" ec="10" bec="0" bev="0" fileid="2" />
              </SequencePoints>
              <BranchPoints />
              <MethodPoint xsi:type="SequencePoint" vc="1" uspid="317" ordinal="0" offset="0" sl="563" sc="9" el="563" ec="10" bec="0" bev="0" fileid="2" />
            </Method>
            <Method visited="true" cyclomaticComplexity="1" nPathComplexity="0" sequenceCoverage="100" branchCoverage="100" crapScore="1" isConstructor="false" isStatic="false" isGetter="false" isSetter="false">
              <Summary numSequencePoints="8" visitedSequencePoints="8" numBranchPoints="1" visitedBranchPoints="1" sequenceCoverage="100" branchCoverage="100" maxCyclomaticComplexity="1" minCyclomaticComplexity="1" maxCrapScore="1" minCrapScore="1" visitedClasses="0" numClasses="0" visitedMethods="1" numMethods="1" />
              <MetadataToken>100663333</MetadataToken>
              <Name>System.Void ExMat.VM.Tests.ExVMTests::InnerDoCompareOPFloatsGETorLET()</Name>
              <FileRef uid="2" />
              <SequencePoints>
                <SequencePoint vc="1" uspid="325" ordinal="0" offset="0" sl="576" sc="9" el="576" ec="10" bec="0" bev="0" fileid="2" />
                <SequencePoint vc="1" uspid="326" ordinal="1" offset="1" sl="577" sc="13" el="577" ec="38" bec="0" bev="0" fileid="2" />
                <SequencePoint vc="1" uspid="327" ordinal="2" offset="16" sl="578" sc="13" el="578" ec="38" bec="0" bev="0" fileid="2" />
                <SequencePoint vc="1" uspid="328" ordinal="3" offset="31" sl="580" sc="13" el="580" ec="27" bec="0" bev="0" fileid="2" />
                <SequencePoint vc="1" uspid="329" ordinal="4" offset="37" sl="581" sc="13" el="581" ec="25" bec="0" bev="0" fileid="2" />
                <SequencePoint vc="1" uspid="330" ordinal="5" offset="39" sl="583" sc="13" el="583" ec="65" bec="0" bev="0" fileid="2" />
                <SequencePoint vc="1" uspid="331" ordinal="6" offset="54" sl="584" sc="13" el="584" ec="39" bec="0" bev="0" fileid="2" />
                <SequencePoint vc="1" uspid="332" ordinal="7" offset="62" sl="585" sc="9" el="585" ec="10" bec="0" bev="0" fileid="2" />
              </SequencePoints>
              <BranchPoints />
              <MethodPoint xsi:type="SequencePoint" vc="1" uspid="325" ordinal="0" offset="0" sl="576" sc="9" el="576" ec="10" bec="0" bev="0" fileid="2" />
            </Method>
            <Method visited="true" cyclomaticComplexity="1" nPathComplexity="0" sequenceCoverage="100" branchCoverage="100" crapScore="1" isConstructor="false" isStatic="false" isGetter="false" isSetter="false">
              <Summary numSequencePoints="8" visitedSequencePoints="8" numBranchPoints="1" visitedBranchPoints="1" sequenceCoverage="100" branchCoverage="100" maxCyclomaticComplexity="1" minCyclomaticComplexity="1" maxCrapScore="1" minCrapScore="1" visitedClasses="0" numClasses="0" visitedMethods="1" numMethods="1" />
              <MetadataToken>100663334</MetadataToken>
              <Name>System.Void ExMat.VM.Tests.ExVMTests::InnerDoCompareOPStringsLT()</Name>
              <FileRef uid="2" />
              <SequencePoints>
                <SequencePoint vc="1" uspid="333" ordinal="0" offset="0" sl="589" sc="9" el="589" ec="10" bec="0" bev="0" fileid="2" />
                <SequencePoint vc="1" uspid="334" ordinal="1" offset="1" sl="590" sc="13" el="590" ec="45" bec="0" bev="0" fileid="2" />
                <SequencePoint vc="1" uspid="335" ordinal="2" offset="12" sl="591" sc="13" el="591" ec="45" bec="0" bev="0" fileid="2" />
                <SequencePoint vc="1" uspid="336" ordinal="3" offset="23" sl="593" sc="13" el="593" ec="27" bec="0" bev="0" fileid="2" />
                <SequencePoint vc="1" uspid="337" ordinal="4" offset="29" sl="594" sc="13" el="594" ec="26" bec="0" bev="0" fileid="2" />
                <SequencePoint vc="1" uspid="338" ordinal="5" offset="31" sl="596" sc="13" el="596" ec="65" bec="0" bev="0" fileid="2" />
                <SequencePoint vc="1" uspid="339" ordinal="6" offset="46" sl="597" sc="13" el="597" ec="39" bec="0" bev="0" fileid="2" />
                <SequencePoint vc="1" uspid="340" ordinal="7" offset="54" sl="598" sc="9" el="598" ec="10" bec="0" bev="0" fileid="2" />
              </SequencePoints>
              <BranchPoints />
              <MethodPoint xsi:type="SequencePoint" vc="1" uspid="333" ordinal="0" offset="0" sl="589" sc="9" el="589" ec="10" bec="0" bev="0" fileid="2" />
            </Method>
            <Method visited="true" cyclomaticComplexity="1" nPathComplexity="0" sequenceCoverage="100" branchCoverage="100" crapScore="1" isConstructor="false" isStatic="false" isGetter="false" isSetter="false">
              <Summary numSequencePoints="8" visitedSequencePoints="8" numBranchPoints="1" visitedBranchPoints="1" sequenceCoverage="100" branchCoverage="100" maxCyclomaticComplexity="1" minCyclomaticComplexity="1" maxCrapScore="1" minCrapScore="1" visitedClasses="0" numClasses="0" visitedMethods="1" numMethods="1" />
              <MetadataToken>100663335</MetadataToken>
              <Name>System.Void ExMat.VM.Tests.ExVMTests::InnerDoCompareOPStringsGT()</Name>
              <FileRef uid="2" />
              <SequencePoints>
                <SequencePoint vc="1" uspid="341" ordinal="0" offset="0" sl="601" sc="9" el="601" ec="10" bec="0" bev="0" fileid="2" />
                <SequencePoint vc="1" uspid="342" ordinal="1" offset="1" sl="602" sc="13" el="602" ec="45" bec="0" bev="0" fileid="2" />
                <SequencePoint vc="1" uspid="343" ordinal="2" offset="12" sl="603" sc="13" el="603" ec="45" bec="0" bev="0" fileid="2" />
                <SequencePoint vc="1" uspid="344" ordinal="3" offset="23" sl="605" sc="13" el="605" ec="27" bec="0" bev="0" fileid="2" />
                <SequencePoint vc="1" uspid="345" ordinal="4" offset="29" sl="606" sc="13" el="606" ec="26" bec="0" bev="0" fileid="2" />
                <SequencePoint vc="1" uspid="346" ordinal="5" offset="31" sl="608" sc="13" el="608" ec="65" bec="0" bev="0" fileid="2" />
                <SequencePoint vc="1" uspid="347" ordinal="6" offset="46" sl="609" sc="13" el="609" ec="39" bec="0" bev="0" fileid="2" />
                <SequencePoint vc="1" uspid="348" ordinal="7" offset="54" sl="610" sc="9" el="610" ec="10" bec="0" bev="0" fileid="2" />
              </SequencePoints>
              <BranchPoints />
              <MethodPoint xsi:type="SequencePoint" vc="1" uspid="341" ordinal="0" offset="0" sl="601" sc="9" el="601" ec="10" bec="0" bev="0" fileid="2" />
            </Method>
            <Method visited="true" cyclomaticComplexity="1" nPathComplexity="0" sequenceCoverage="100" branchCoverage="100" crapScore="1" isConstructor="false" isStatic="false" isGetter="false" isSetter="false">
              <Summary numSequencePoints="8" visitedSequencePoints="8" numBranchPoints="1" visitedBranchPoints="1" sequenceCoverage="100" branchCoverage="100" maxCyclomaticComplexity="1" minCyclomaticComplexity="1" maxCrapScore="1" minCrapScore="1" visitedClasses="0" numClasses="0" visitedMethods="1" numMethods="1" />
              <MetadataToken>100663336</MetadataToken>
              <Name>System.Void ExMat.VM.Tests.ExVMTests::InnerDoCompareOPStringsGETorLET()</Name>
              <FileRef uid="2" />
              <SequencePoints>
                <SequencePoint vc="1" uspid="349" ordinal="0" offset="0" sl="614" sc="9" el="614" ec="10" bec="0" bev="0" fileid="2" />
                <SequencePoint vc="1" uspid="350" ordinal="1" offset="1" sl="615" sc="13" el="615" ec="45" bec="0" bev="0" fileid="2" />
                <SequencePoint vc="1" uspid="351" ordinal="2" offset="12" sl="616" sc="13" el="616" ec="45" bec="0" bev="0" fileid="2" />
                <SequencePoint vc="1" uspid="352" ordinal="3" offset="23" sl="618" sc="13" el="618" ec="27" bec="0" bev="0" fileid="2" />
                <SequencePoint vc="1" uspid="353" ordinal="4" offset="29" sl="619" sc="13" el="619" ec="25" bec="0" bev="0" fileid="2" />
                <SequencePoint vc="1" uspid="354" ordinal="5" offset="31" sl="621" sc="13" el="621" ec="65" bec="0" bev="0" fileid="2" />
                <SequencePoint vc="1" uspid="355" ordinal="6" offset="46" sl="622" sc="13" el="622" ec="39" bec="0" bev="0" fileid="2" />
                <SequencePoint vc="1" uspid="356" ordinal="7" offset="54" sl="623" sc="9" el="623" ec="10" bec="0" bev="0" fileid="2" />
              </SequencePoints>
              <BranchPoints />
              <MethodPoint xsi:type="SequencePoint" vc="1" uspid="349" ordinal="0" offset="0" sl="614" sc="9" el="614" ec="10" bec="0" bev="0" fileid="2" />
            </Method>
            <Method visited="true" cyclomaticComplexity="1" nPathComplexity="0" sequenceCoverage="100" branchCoverage="100" crapScore="1" isConstructor="false" isStatic="false" isGetter="false" isSetter="false">
              <Summary numSequencePoints="8" visitedSequencePoints="8" numBranchPoints="1" visitedBranchPoints="1" sequenceCoverage="100" branchCoverage="100" maxCyclomaticComplexity="1" minCyclomaticComplexity="1" maxCrapScore="1" minCrapScore="1" visitedClasses="0" numClasses="0" visitedMethods="1" numMethods="1" />
              <MetadataToken>100663337</MetadataToken>
              <Name>System.Void ExMat.VM.Tests.ExVMTests::DoNegateOPInt()</Name>
              <FileRef uid="2" />
              <SequencePoints>
                <SequencePoint vc="1" uspid="357" ordinal="0" offset="0" sl="629" sc="9" el="629" ec="10" bec="0" bev="0" fileid="2" />
                <SequencePoint vc="1" uspid="358" ordinal="1" offset="1" sl="630" sc="13" el="630" ec="33" bec="0" bev="0" fileid="2" />
                <SequencePoint vc="1" uspid="359" ordinal="2" offset="9" sl="632" sc="13" el="632" ec="27" bec="0" bev="0" fileid="2" />
                <SequencePoint vc="1" uspid="360" ordinal="3" offset="13" sl="634" sc="13" el="634" ec="34" bec="0" bev="0" fileid="2" />
                <SequencePoint vc="1" uspid="361" ordinal="4" offset="19" sl="636" sc="13" el="636" ec="52" bec="0" bev="0" fileid="2" />
                <SequencePoint vc="1" uspid="362" ordinal="5" offset="32" sl="638" sc="13" el="638" ec="55" bec="0" bev="0" fileid="2" />
                <SequencePoint vc="1" uspid="363" ordinal="6" offset="44" sl="640" sc="13" el="640" ec="48" bec="0" bev="0" fileid="2" />
                <SequencePoint vc="1" uspid="364" ordinal="7" offset="57" sl="641" sc="9" el="641" ec="10" bec="0" bev="0" fileid="2" />
              </SequencePoints>
              <BranchPoints />
              <MethodPoint xsi:type="SequencePoint" vc="1" uspid="357" ordinal="0" offset="0" sl="629" sc="9" el="629" ec="10" bec="0" bev="0" fileid="2" />
            </Method>
            <Method visited="true" cyclomaticComplexity="1" nPathComplexity="0" sequenceCoverage="100" branchCoverage="100" crapScore="1" isConstructor="false" isStatic="false" isGetter="false" isSetter="false">
              <Summary numSequencePoints="8" visitedSequencePoints="8" numBranchPoints="1" visitedBranchPoints="1" sequenceCoverage="100" branchCoverage="100" maxCyclomaticComplexity="1" minCyclomaticComplexity="1" maxCrapScore="1" minCrapScore="1" visitedClasses="0" numClasses="0" visitedMethods="1" numMethods="1" />
              <MetadataToken>100663338</MetadataToken>
              <Name>System.Void ExMat.VM.Tests.ExVMTests::DoNegateOPFloat()</Name>
              <FileRef uid="2" />
              <SequencePoints>
                <SequencePoint vc="1" uspid="365" ordinal="0" offset="0" sl="645" sc="9" el="645" ec="10" bec="0" bev="0" fileid="2" />
                <SequencePoint vc="1" uspid="366" ordinal="1" offset="1" sl="646" sc="13" el="646" ec="39" bec="0" bev="0" fileid="2" />
                <SequencePoint vc="1" uspid="367" ordinal="2" offset="16" sl="648" sc="13" el="648" ec="35" bec="0" bev="0" fileid="2" />
                <SequencePoint vc="1" uspid="368" ordinal="3" offset="26" sl="650" sc="13" el="650" ec="34" bec="0" bev="0" fileid="2" />
                <SequencePoint vc="1" uspid="369" ordinal="4" offset="32" sl="652" sc="13" el="652" ec="52" bec="0" bev="0" fileid="2" />
                <SequencePoint vc="1" uspid="370" ordinal="5" offset="45" sl="654" sc="13" el="654" ec="55" bec="0" bev="0" fileid="2" />
                <SequencePoint vc="1" uspid="371" ordinal="6" offset="57" sl="656" sc="13" el="656" ec="50" bec="0" bev="0" fileid="2" />
                <SequencePoint vc="1" uspid="372" ordinal="7" offset="70" sl="657" sc="9" el="657" ec="10" bec="0" bev="0" fileid="2" />
              </SequencePoints>
              <BranchPoints />
              <MethodPoint xsi:type="SequencePoint" vc="1" uspid="365" ordinal="0" offset="0" sl="645" sc="9" el="645" ec="10" bec="0" bev="0" fileid="2" />
            </Method>
            <Method visited="true" cyclomaticComplexity="1" nPathComplexity="0" sequenceCoverage="100" branchCoverage="100" crapScore="1" isConstructor="false" isStatic="false" isGetter="false" isSetter="false">
              <Summary numSequencePoints="8" visitedSequencePoints="8" numBranchPoints="1" visitedBranchPoints="1" sequenceCoverage="100" branchCoverage="100" maxCyclomaticComplexity="1" minCyclomaticComplexity="1" maxCrapScore="1" minCrapScore="1" visitedClasses="0" numClasses="0" visitedMethods="1" numMethods="1" />
              <MetadataToken>100663339</MetadataToken>
              <Name>System.Void ExMat.VM.Tests.ExVMTests::DoNegateOPComplex()</Name>
              <FileRef uid="2" />
              <SequencePoints>
                <SequencePoint vc="1" uspid="373" ordinal="0" offset="0" sl="661" sc="9" el="661" ec="10" bec="0" bev="0" fileid="2" />
                <SequencePoint vc="1" uspid="374" ordinal="1" offset="1" sl="662" sc="13" el="662" ec="53" bec="0" bev="0" fileid="2" />
                <SequencePoint vc="1" uspid="375" ordinal="2" offset="30" sl="664" sc="13" el="664" ec="50" bec="0" bev="0" fileid="2" />
                <SequencePoint vc="1" uspid="376" ordinal="3" offset="59" sl="666" sc="13" el="666" ec="34" bec="0" bev="0" fileid="2" />
                <SequencePoint vc="1" uspid="377" ordinal="4" offset="65" sl="668" sc="13" el="668" ec="52" bec="0" bev="0" fileid="2" />
                <SequencePoint vc="1" uspid="378" ordinal="5" offset="78" sl="670" sc="13" el="670" ec="55" bec="0" bev="0" fileid="2" />
                <SequencePoint vc="1" uspid="379" ordinal="6" offset="90" sl="672" sc="13" el="672" ec="52" bec="0" bev="0" fileid="2" />
                <SequencePoint vc="1" uspid="380" ordinal="7" offset="103" sl="673" sc="9" el="673" ec="10" bec="0" bev="0" fileid="2" />
              </SequencePoints>
              <BranchPoints />
              <MethodPoint xsi:type="SequencePoint" vc="1" uspid="373" ordinal="0" offset="0" sl="661" sc="9" el="661" ec="10" bec="0" bev="0" fileid="2" />
            </Method>
            <Method visited="true" cyclomaticComplexity="1" nPathComplexity="0" sequenceCoverage="100" branchCoverage="100" crapScore="1" isConstructor="false" isStatic="false" isGetter="false" isSetter="false">
              <Summary numSequencePoints="6" visitedSequencePoints="6" numBranchPoints="1" visitedBranchPoints="1" sequenceCoverage="100" branchCoverage="100" maxCyclomaticComplexity="1" minCyclomaticComplexity="1" maxCrapScore="1" minCrapScore="1" visitedClasses="0" numClasses="0" visitedMethods="1" numMethods="1" />
              <MetadataToken>100663340</MetadataToken>
              <Name>System.Void ExMat.VM.Tests.ExVMTests::DoNegateOPUnknown()</Name>
              <FileRef uid="2" />
              <SequencePoints>
                <SequencePoint vc="1" uspid="381" ordinal="0" offset="0" sl="677" sc="9" el="677" ec="10" bec="0" bev="0" fileid="2" />
                <SequencePoint vc="1" uspid="382" ordinal="1" offset="1" sl="678" sc="13" el="678" ec="66" bec="0" bev="0" fileid="2" />
                <SequencePoint vc="1" uspid="383" ordinal="2" offset="12" sl="680" sc="13" el="680" ec="34" bec="0" bev="0" fileid="2" />
                <SequencePoint vc="1" uspid="384" ordinal="3" offset="18" sl="682" sc="13" el="682" ec="53" bec="0" bev="0" fileid="2" />
                <SequencePoint vc="1" uspid="385" ordinal="4" offset="31" sl="684" sc="13" el="684" ec="56" bec="0" bev="0" fileid="2" />
                <SequencePoint vc="1" uspid="386" ordinal="5" offset="43" sl="685" sc="9" el="685" ec="10" bec="0" bev="0" fileid="2" />
              </SequencePoints>
              <BranchPoints />
              <MethodPoint xsi:type="SequencePoint" vc="1" uspid="381" ordinal="0" offset="0" sl="677" sc="9" el="677" ec="10" bec="0" bev="0" fileid="2" />
            </Method>
          </Methods>
        </Class>
        <Class>
          <Summary numSequencePoints="529" visitedSequencePoints="529" numBranchPoints="50" visitedBranchPoints="50" sequenceCoverage="100" branchCoverage="100" maxCyclomaticComplexity="2" minCyclomaticComplexity="1" maxCrapScore="2" minCrapScore="1" visitedClasses="1" numClasses="1" visitedMethods="50" numMethods="50" />
          <FullName>ExMat.Objects.Tests.ExObjectTests</FullName>
          <Methods>
            <Method visited="true" cyclomaticComplexity="1" nPathComplexity="0" sequenceCoverage="100" branchCoverage="100" crapScore="1" isConstructor="true" isStatic="false" isGetter="false" isSetter="false">
              <Summary numSequencePoints="3" visitedSequencePoints="3" numBranchPoints="1" visitedBranchPoints="1" sequenceCoverage="100" branchCoverage="100" maxCyclomaticComplexity="1" minCyclomaticComplexity="1" maxCrapScore="1" minCrapScore="1" visitedClasses="0" numClasses="0" visitedMethods="1" numMethods="1" />
              <MetadataToken>100663341</MetadataToken>
              <Name>System.Void ExMat.Objects.Tests.ExObjectTests::.ctor()</Name>
              <FileRef uid="3" />
              <SequencePoints>
                <SequencePoint vc="49" uspid="387" ordinal="0" offset="0" sl="12" sc="9" el="12" ec="31" bec="0" bev="0" fileid="3" />
                <SequencePoint vc="49" uspid="388" ordinal="1" offset="7" sl="12" sc="32" el="12" ec="33" bec="0" bev="0" fileid="3" />
                <SequencePoint vc="49" uspid="389" ordinal="2" offset="8" sl="12" sc="34" el="12" ec="35" bec="0" bev="0" fileid="3" />
              </SequencePoints>
              <BranchPoints />
              <MethodPoint xsi:type="SequencePoint" vc="49" uspid="387" ordinal="0" offset="0" sl="12" sc="9" el="12" ec="31" bec="0" bev="0" fileid="3" />
            </Method>
            <Method visited="true" cyclomaticComplexity="1" nPathComplexity="0" sequenceCoverage="100" branchCoverage="100" crapScore="1" isConstructor="false" isStatic="false" isGetter="false" isSetter="false">
              <Summary numSequencePoints="20" visitedSequencePoints="20" numBranchPoints="1" visitedBranchPoints="1" sequenceCoverage="100" branchCoverage="100" maxCyclomaticComplexity="1" minCyclomaticComplexity="1" maxCrapScore="1" minCrapScore="1" visitedClasses="0" numClasses="0" visitedMethods="1" numMethods="1" />
              <MetadataToken>100663342</MetadataToken>
              <Name>System.Void ExMat.Objects.Tests.ExObjectTests::ValidateExObjVal()</Name>
              <FileRef uid="3" />
              <SequencePoints>
                <SequencePoint vc="1" uspid="390" ordinal="0" offset="0" sl="17" sc="9" el="17" ec="10" bec="0" bev="0" fileid="3" />
                <SequencePoint vc="1" uspid="391" ordinal="1" offset="1" sl="18" sc="13" el="18" ec="36" bec="0" bev="0" fileid="3" />
                <SequencePoint vc="1" uspid="392" ordinal="2" offset="9" sl="19" sc="13" el="19" ec="40" bec="0" bev="0" fileid="3" />
                <SequencePoint vc="1" uspid="393" ordinal="3" offset="17" sl="21" sc="13" el="21" ec="50" bec="0" bev="0" fileid="3" />
                <SequencePoint vc="1" uspid="394" ordinal="4" offset="30" sl="22" sc="13" el="22" ec="45" bec="0" bev="0" fileid="3" />
                <SequencePoint vc="1" uspid="395" ordinal="5" offset="44" sl="23" sc="13" el="23" ec="49" bec="0" bev="0" fileid="3" />
                <SequencePoint vc="1" uspid="396" ordinal="6" offset="65" sl="24" sc="13" el="24" ec="49" bec="0" bev="0" fileid="3" />
                <SequencePoint vc="1" uspid="397" ordinal="7" offset="86" sl="26" sc="13" el="26" ec="40" bec="0" bev="0" fileid="3" />
                <SequencePoint vc="1" uspid="398" ordinal="8" offset="98" sl="27" sc="13" el="27" ec="41" bec="0" bev="0" fileid="3" />
                <SequencePoint vc="1" uspid="399" ordinal="9" offset="110" sl="29" sc="13" el="29" ec="39" bec="0" bev="0" fileid="3" />
                <SequencePoint vc="1" uspid="400" ordinal="10" offset="122" sl="30" sc="13" el="30" ec="39" bec="0" bev="0" fileid="3" />
                <SequencePoint vc="1" uspid="401" ordinal="11" offset="134" sl="32" sc="13" el="32" ec="39" bec="0" bev="0" fileid="3" />
                <SequencePoint vc="1" uspid="402" ordinal="12" offset="146" sl="33" sc="13" el="33" ec="42" bec="0" bev="0" fileid="3" />
                <SequencePoint vc="1" uspid="403" ordinal="13" offset="158" sl="35" sc="13" el="35" ec="41" bec="0" bev="0" fileid="3" />
                <SequencePoint vc="1" uspid="404" ordinal="14" offset="170" sl="36" sc="13" el="36" ec="39" bec="0" bev="0" fileid="3" />
                <SequencePoint vc="1" uspid="405" ordinal="15" offset="182" sl="38" sc="13" el="38" ec="41" bec="0" bev="0" fileid="3" />
                <SequencePoint vc="1" uspid="406" ordinal="16" offset="194" sl="39" sc="13" el="39" ec="47" bec="0" bev="0" fileid="3" />
                <SequencePoint vc="1" uspid="407" ordinal="17" offset="206" sl="41" sc="13" el="41" ec="38" bec="0" bev="0" fileid="3" />
                <SequencePoint vc="1" uspid="408" ordinal="18" offset="218" sl="42" sc="13" el="42" ec="41" bec="0" bev="0" fileid="3" />
                <SequencePoint vc="1" uspid="409" ordinal="19" offset="230" sl="43" sc="9" el="43" ec="10" bec="0" bev="0" fileid="3" />
              </SequencePoints>
              <BranchPoints />
              <MethodPoint xsi:type="SequencePoint" vc="1" uspid="390" ordinal="0" offset="0" sl="17" sc="9" el="17" ec="10" bec="0" bev="0" fileid="3" />
            </Method>
            <Method visited="true" cyclomaticComplexity="1" nPathComplexity="0" sequenceCoverage="100" branchCoverage="100" crapScore="1" isConstructor="false" isStatic="false" isGetter="false" isSetter="false">
              <Summary numSequencePoints="5" visitedSequencePoints="5" numBranchPoints="1" visitedBranchPoints="1" sequenceCoverage="100" branchCoverage="100" maxCyclomaticComplexity="1" minCyclomaticComplexity="1" maxCrapScore="1" minCrapScore="1" visitedClasses="0" numClasses="0" visitedMethods="1" numMethods="1" />
              <MetadataToken>100663343</MetadataToken>
              <Name>System.Void ExMat.Objects.Tests.ExObjectTests::CreateRefCounterInstance()</Name>
              <FileRef uid="3" />
              <SequencePoints>
                <SequencePoint vc="1" uspid="410" ordinal="0" offset="0" sl="47" sc="9" el="47" ec="10" bec="0" bev="0" fileid="3" />
                <SequencePoint vc="1" uspid="411" ordinal="1" offset="1" sl="48" sc="13" el="48" ec="32" bec="0" bev="0" fileid="3" />
                <SequencePoint vc="1" uspid="412" ordinal="2" offset="7" sl="50" sc="13" el="50" ec="52" bec="0" bev="0" fileid="3" />
                <SequencePoint vc="1" uspid="413" ordinal="3" offset="20" sl="52" sc="13" el="52" ec="46" bec="0" bev="0" fileid="3" />
                <SequencePoint vc="1" uspid="414" ordinal="4" offset="32" sl="53" sc="9" el="53" ec="10" bec="0" bev="0" fileid="3" />
              </SequencePoints>
              <BranchPoints />
              <MethodPoint xsi:type="SequencePoint" vc="1" uspid="410" ordinal="0" offset="0" sl="47" sc="9" el="47" ec="10" bec="0" bev="0" fileid="3" />
            </Method>
            <Method visited="true" cyclomaticComplexity="1" nPathComplexity="0" sequenceCoverage="100" branchCoverage="100" crapScore="1" isConstructor="false" isStatic="false" isGetter="false" isSetter="false">
              <Summary numSequencePoints="6" visitedSequencePoints="6" numBranchPoints="1" visitedBranchPoints="1" sequenceCoverage="100" branchCoverage="100" maxCyclomaticComplexity="1" minCyclomaticComplexity="1" maxCrapScore="1" minCrapScore="1" visitedClasses="0" numClasses="0" visitedMethods="1" numMethods="1" />
              <MetadataToken>100663344</MetadataToken>
              <Name>System.Void ExMat.Objects.Tests.ExObjectTests::CreateWeakrefInstance()</Name>
              <FileRef uid="3" />
              <SequencePoints>
                <SequencePoint vc="1" uspid="415" ordinal="0" offset="0" sl="57" sc="9" el="57" ec="10" bec="0" bev="0" fileid="3" />
                <SequencePoint vc="1" uspid="416" ordinal="1" offset="1" sl="58" sc="13" el="58" ec="35" bec="0" bev="0" fileid="3" />
                <SequencePoint vc="1" uspid="417" ordinal="2" offset="7" sl="60" sc="13" el="60" ec="52" bec="0" bev="0" fileid="3" />
                <SequencePoint vc="1" uspid="418" ordinal="3" offset="20" sl="62" sc="13" el="62" ec="49" bec="0" bev="0" fileid="3" />
                <SequencePoint vc="1" uspid="419" ordinal="4" offset="32" sl="64" sc="13" el="64" ec="46" bec="0" bev="0" fileid="3" />
                <SequencePoint vc="1" uspid="420" ordinal="5" offset="44" sl="65" sc="9" el="65" ec="10" bec="0" bev="0" fileid="3" />
              </SequencePoints>
              <BranchPoints />
              <MethodPoint xsi:type="SequencePoint" vc="1" uspid="415" ordinal="0" offset="0" sl="57" sc="9" el="57" ec="10" bec="0" bev="0" fileid="3" />
            </Method>
            <Method visited="true" cyclomaticComplexity="1" nPathComplexity="0" sequenceCoverage="100" branchCoverage="100" crapScore="1" isConstructor="false" isStatic="false" isGetter="false" isSetter="false">
              <Summary numSequencePoints="6" visitedSequencePoints="6" numBranchPoints="1" visitedBranchPoints="1" sequenceCoverage="100" branchCoverage="100" maxCyclomaticComplexity="1" minCyclomaticComplexity="1" maxCrapScore="1" minCrapScore="1" visitedClasses="0" numClasses="0" visitedMethods="1" numMethods="1" />
              <MetadataToken>100663345</MetadataToken>
              <Name>System.Void ExMat.Objects.Tests.ExObjectTests::CreateWeakrefInstanceFromCounter()</Name>
              <FileRef uid="3" />
              <SequencePoints>
                <SequencePoint vc="1" uspid="421" ordinal="0" offset="0" sl="69" sc="9" el="69" ec="10" bec="0" bev="0" fileid="3" />
                <SequencePoint vc="1" uspid="422" ordinal="1" offset="1" sl="70" sc="13" el="70" ec="32" bec="0" bev="0" fileid="3" />
                <SequencePoint vc="1" uspid="423" ordinal="2" offset="7" sl="72" sc="13" el="72" ec="94" bec="0" bev="0" fileid="3" />
                <SequencePoint vc="1" uspid="424" ordinal="3" offset="48" sl="74" sc="13" el="74" ec="52" bec="0" bev="0" fileid="3" />
                <SequencePoint vc="1" uspid="425" ordinal="4" offset="61" sl="76" sc="13" el="76" ec="87" bec="0" bev="0" fileid="3" />
                <SequencePoint vc="1" uspid="426" ordinal="5" offset="89" sl="77" sc="9" el="77" ec="10" bec="0" bev="0" fileid="3" />
              </SequencePoints>
              <BranchPoints />
              <MethodPoint xsi:type="SequencePoint" vc="1" uspid="421" ordinal="0" offset="0" sl="69" sc="9" el="69" ec="10" bec="0" bev="0" fileid="3" />
            </Method>
            <Method visited="true" cyclomaticComplexity="1" nPathComplexity="0" sequenceCoverage="100" branchCoverage="100" crapScore="1" isConstructor="false" isStatic="false" isGetter="false" isSetter="false">
              <Summary numSequencePoints="8" visitedSequencePoints="8" numBranchPoints="1" visitedBranchPoints="1" sequenceCoverage="100" branchCoverage="100" maxCyclomaticComplexity="1" minCyclomaticComplexity="1" maxCrapScore="1" minCrapScore="1" visitedClasses="0" numClasses="0" visitedMethods="1" numMethods="1" />
              <MetadataToken>100663346</MetadataToken>
              <Name>System.Void ExMat.Objects.Tests.ExObjectTests::CreateNullInstance()</Name>
              <FileRef uid="3" />
              <SequencePoints>
                <SequencePoint vc="1" uspid="427" ordinal="0" offset="6" sl="83" sc="9" el="83" ec="10" bec="0" bev="0" fileid="3" />
                <SequencePoint vc="1" uspid="428" ordinal="1" offset="7" sl="84" sc="13" el="84" ec="34" bec="0" bev="0" fileid="3" />
                <SequencePoint vc="1" uspid="429" ordinal="2" offset="18" sl="86" sc="13" el="86" ec="36" bec="0" bev="0" fileid="3" />
                <SequencePoint vc="1" uspid="430" ordinal="3" offset="30" sl="87" sc="13" el="87" ec="43" bec="0" bev="0" fileid="3" />
                <SequencePoint vc="1" uspid="431" ordinal="4" offset="42" sl="89" sc="13" el="89" ec="55" bec="0" bev="0" fileid="3" />
                <SequencePoint vc="1" uspid="432" ordinal="5" offset="64" sl="91" sc="13" el="94" ec="93" bec="0" bev="0" fileid="3" />
                <SequencePoint vc="1" uspid="433" ordinal="6" offset="102" sl="96" sc="13" el="99" ec="100" bec="0" bev="0" fileid="3" />
                <SequencePoint vc="1" uspid="434" ordinal="7" offset="140" sl="100" sc="9" el="100" ec="10" bec="0" bev="0" fileid="3" />
              </SequencePoints>
              <BranchPoints />
              <MethodPoint vc="1" uspid="435" ordinal="0" offset="0" />
            </Method>
            <Method visited="true" cyclomaticComplexity="1" nPathComplexity="0" sequenceCoverage="100" branchCoverage="100" crapScore="1" isConstructor="false" isStatic="false" isGetter="false" isSetter="false">
              <Summary numSequencePoints="8" visitedSequencePoints="8" numBranchPoints="1" visitedBranchPoints="1" sequenceCoverage="100" branchCoverage="100" maxCyclomaticComplexity="1" minCyclomaticComplexity="1" maxCrapScore="1" minCrapScore="1" visitedClasses="0" numClasses="0" visitedMethods="1" numMethods="1" />
              <MetadataToken>100663347</MetadataToken>
              <Name>System.Void ExMat.Objects.Tests.ExObjectTests::CreateIntegerInstance()</Name>
              <FileRef uid="3" />
              <SequencePoints>
                <SequencePoint vc="1" uspid="436" ordinal="0" offset="0" sl="104" sc="9" el="104" ec="10" bec="0" bev="0" fileid="3" />
                <SequencePoint vc="1" uspid="437" ordinal="1" offset="1" sl="105" sc="13" el="105" ec="39" bec="0" bev="0" fileid="3" />
                <SequencePoint vc="1" uspid="438" ordinal="2" offset="11" sl="107" sc="13" el="107" ec="41" bec="0" bev="0" fileid="3" />
                <SequencePoint vc="1" uspid="439" ordinal="3" offset="18" sl="109" sc="13" el="109" ec="58" bec="0" bev="0" fileid="3" />
                <SequencePoint vc="1" uspid="440" ordinal="4" offset="35" sl="111" sc="13" el="111" ec="50" bec="0" bev="0" fileid="3" />
                <SequencePoint vc="1" uspid="441" ordinal="5" offset="52" sl="113" sc="13" el="113" ec="52" bec="0" bev="0" fileid="3" />
                <SequencePoint vc="1" uspid="442" ordinal="6" offset="70" sl="115" sc="13" el="115" ec="49" bec="0" bev="0" fileid="3" />
                <SequencePoint vc="1" uspid="443" ordinal="7" offset="83" sl="116" sc="9" el="116" ec="10" bec="0" bev="0" fileid="3" />
              </SequencePoints>
              <BranchPoints />
              <MethodPoint xsi:type="SequencePoint" vc="1" uspid="436" ordinal="0" offset="0" sl="104" sc="9" el="104" ec="10" bec="0" bev="0" fileid="3" />
            </Method>
            <Method visited="true" cyclomaticComplexity="1" nPathComplexity="0" sequenceCoverage="100" branchCoverage="100" crapScore="1" isConstructor="false" isStatic="false" isGetter="false" isSetter="false">
              <Summary numSequencePoints="8" visitedSequencePoints="8" numBranchPoints="1" visitedBranchPoints="1" sequenceCoverage="100" branchCoverage="100" maxCyclomaticComplexity="1" minCyclomaticComplexity="1" maxCrapScore="1" minCrapScore="1" visitedClasses="0" numClasses="0" visitedMethods="1" numMethods="1" />
              <MetadataToken>100663348</MetadataToken>
              <Name>System.Void ExMat.Objects.Tests.ExObjectTests::CreateFloatInstance()</Name>
              <FileRef uid="3" />
              <SequencePoints>
                <SequencePoint vc="1" uspid="444" ordinal="0" offset="0" sl="120" sc="9" el="120" ec="10" bec="0" bev="0" fileid="3" />
                <SequencePoint vc="1" uspid="445" ordinal="1" offset="1" sl="121" sc="13" el="121" ec="34" bec="0" bev="0" fileid="3" />
                <SequencePoint vc="1" uspid="446" ordinal="2" offset="11" sl="123" sc="13" el="123" ec="41" bec="0" bev="0" fileid="3" />
                <SequencePoint vc="1" uspid="447" ordinal="3" offset="18" sl="125" sc="13" el="125" ec="56" bec="0" bev="0" fileid="3" />
                <SequencePoint vc="1" uspid="448" ordinal="4" offset="35" sl="127" sc="13" el="127" ec="50" bec="0" bev="0" fileid="3" />
                <SequencePoint vc="1" uspid="449" ordinal="5" offset="52" sl="129" sc="13" el="129" ec="54" bec="0" bev="0" fileid="3" />
                <SequencePoint vc="1" uspid="450" ordinal="6" offset="70" sl="131" sc="13" el="131" ec="51" bec="0" bev="0" fileid="3" />
                <SequencePoint vc="1" uspid="451" ordinal="7" offset="83" sl="132" sc="9" el="132" ec="10" bec="0" bev="0" fileid="3" />
              </SequencePoints>
              <BranchPoints />
              <MethodPoint xsi:type="SequencePoint" vc="1" uspid="444" ordinal="0" offset="0" sl="120" sc="9" el="120" ec="10" bec="0" bev="0" fileid="3" />
            </Method>
            <Method visited="true" cyclomaticComplexity="1" nPathComplexity="0" sequenceCoverage="100" branchCoverage="100" crapScore="1" isConstructor="false" isStatic="false" isGetter="false" isSetter="false">
              <Summary numSequencePoints="8" visitedSequencePoints="8" numBranchPoints="1" visitedBranchPoints="1" sequenceCoverage="100" branchCoverage="100" maxCyclomaticComplexity="1" minCyclomaticComplexity="1" maxCrapScore="1" minCrapScore="1" visitedClasses="0" numClasses="0" visitedMethods="1" numMethods="1" />
              <MetadataToken>100663349</MetadataToken>
              <Name>System.Void ExMat.Objects.Tests.ExObjectTests::CreateStringNullInstance()</Name>
              <FileRef uid="3" />
              <SequencePoints>
                <SequencePoint vc="1" uspid="452" ordinal="0" offset="0" sl="136" sc="9" el="136" ec="10" bec="0" bev="0" fileid="3" />
                <SequencePoint vc="1" uspid="453" ordinal="1" offset="1" sl="137" sc="13" el="137" ec="32" bec="0" bev="0" fileid="3" />
                <SequencePoint vc="1" uspid="454" ordinal="2" offset="3" sl="139" sc="13" el="139" ec="41" bec="0" bev="0" fileid="3" />
                <SequencePoint vc="1" uspid="455" ordinal="3" offset="10" sl="141" sc="13" el="141" ec="57" bec="0" bev="0" fileid="3" />
                <SequencePoint vc="1" uspid="456" ordinal="4" offset="27" sl="143" sc="13" el="143" ec="50" bec="0" bev="0" fileid="3" />
                <SequencePoint vc="1" uspid="457" ordinal="5" offset="44" sl="145" sc="13" el="145" ec="61" bec="0" bev="0" fileid="3" />
                <SequencePoint vc="1" uspid="458" ordinal="6" offset="62" sl="147" sc="13" el="147" ec="55" bec="0" bev="0" fileid="3" />
                <SequencePoint vc="1" uspid="459" ordinal="7" offset="75" sl="148" sc="9" el="148" ec="10" bec="0" bev="0" fileid="3" />
              </SequencePoints>
              <BranchPoints />
              <MethodPoint xsi:type="SequencePoint" vc="1" uspid="452" ordinal="0" offset="0" sl="136" sc="9" el="136" ec="10" bec="0" bev="0" fileid="3" />
            </Method>
            <Method visited="true" cyclomaticComplexity="1" nPathComplexity="0" sequenceCoverage="100" branchCoverage="100" crapScore="1" isConstructor="false" isStatic="false" isGetter="false" isSetter="false">
              <Summary numSequencePoints="8" visitedSequencePoints="8" numBranchPoints="1" visitedBranchPoints="1" sequenceCoverage="100" branchCoverage="100" maxCyclomaticComplexity="1" minCyclomaticComplexity="1" maxCrapScore="1" minCrapScore="1" visitedClasses="0" numClasses="0" visitedMethods="1" numMethods="1" />
              <MetadataToken>100663350</MetadataToken>
              <Name>System.Void ExMat.Objects.Tests.ExObjectTests::CreateStringEmptyInstance()</Name>
              <FileRef uid="3" />
              <SequencePoints>
                <SequencePoint vc="1" uspid="460" ordinal="0" offset="0" sl="152" sc="9" el="152" ec="10" bec="0" bev="0" fileid="3" />
                <SequencePoint vc="1" uspid="461" ordinal="1" offset="1" sl="153" sc="13" el="153" ec="40" bec="0" bev="0" fileid="3" />
                <SequencePoint vc="1" uspid="462" ordinal="2" offset="7" sl="155" sc="13" el="155" ec="41" bec="0" bev="0" fileid="3" />
                <SequencePoint vc="1" uspid="463" ordinal="3" offset="14" sl="157" sc="13" el="157" ec="57" bec="0" bev="0" fileid="3" />
                <SequencePoint vc="1" uspid="464" ordinal="4" offset="31" sl="159" sc="13" el="159" ec="50" bec="0" bev="0" fileid="3" />
                <SequencePoint vc="1" uspid="465" ordinal="5" offset="48" sl="161" sc="13" el="161" ec="61" bec="0" bev="0" fileid="3" />
                <SequencePoint vc="1" uspid="466" ordinal="6" offset="66" sl="163" sc="13" el="163" ec="52" bec="0" bev="0" fileid="3" />
                <SequencePoint vc="1" uspid="467" ordinal="7" offset="79" sl="164" sc="9" el="164" ec="10" bec="0" bev="0" fileid="3" />
              </SequencePoints>
              <BranchPoints />
              <MethodPoint xsi:type="SequencePoint" vc="1" uspid="460" ordinal="0" offset="0" sl="152" sc="9" el="152" ec="10" bec="0" bev="0" fileid="3" />
            </Method>
            <Method visited="true" cyclomaticComplexity="1" nPathComplexity="0" sequenceCoverage="100" branchCoverage="100" crapScore="1" isConstructor="false" isStatic="false" isGetter="false" isSetter="false">
              <Summary numSequencePoints="8" visitedSequencePoints="8" numBranchPoints="1" visitedBranchPoints="1" sequenceCoverage="100" branchCoverage="100" maxCyclomaticComplexity="1" minCyclomaticComplexity="1" maxCrapScore="1" minCrapScore="1" visitedClasses="0" numClasses="0" visitedMethods="1" numMethods="1" />
              <MetadataToken>100663351</MetadataToken>
              <Name>System.Void ExMat.Objects.Tests.ExObjectTests::CreateStringInstance()</Name>
              <FileRef uid="3" />
              <SequencePoints>
                <SequencePoint vc="1" uspid="468" ordinal="0" offset="0" sl="168" sc="9" el="168" ec="10" bec="0" bev="0" fileid="3" />
                <SequencePoint vc="1" uspid="469" ordinal="1" offset="1" sl="169" sc="13" el="169" ec="52" bec="0" bev="0" fileid="3" />
                <SequencePoint vc="1" uspid="470" ordinal="2" offset="7" sl="171" sc="13" el="171" ec="41" bec="0" bev="0" fileid="3" />
                <SequencePoint vc="1" uspid="471" ordinal="3" offset="14" sl="173" sc="13" el="173" ec="57" bec="0" bev="0" fileid="3" />
                <SequencePoint vc="1" uspid="472" ordinal="4" offset="31" sl="175" sc="13" el="175" ec="50" bec="0" bev="0" fileid="3" />
                <SequencePoint vc="1" uspid="473" ordinal="5" offset="48" sl="177" sc="13" el="177" ec="61" bec="0" bev="0" fileid="3" />
                <SequencePoint vc="1" uspid="474" ordinal="6" offset="66" sl="179" sc="13" el="179" ec="52" bec="0" bev="0" fileid="3" />
                <SequencePoint vc="1" uspid="475" ordinal="7" offset="79" sl="180" sc="9" el="180" ec="10" bec="0" bev="0" fileid="3" />
              </SequencePoints>
              <BranchPoints />
              <MethodPoint xsi:type="SequencePoint" vc="1" uspid="468" ordinal="0" offset="0" sl="168" sc="9" el="168" ec="10" bec="0" bev="0" fileid="3" />
            </Method>
            <Method visited="true" cyclomaticComplexity="1" nPathComplexity="0" sequenceCoverage="100" branchCoverage="100" crapScore="1" isConstructor="false" isStatic="false" isGetter="false" isSetter="false">
              <Summary numSequencePoints="9" visitedSequencePoints="9" numBranchPoints="1" visitedBranchPoints="1" sequenceCoverage="100" branchCoverage="100" maxCyclomaticComplexity="1" minCyclomaticComplexity="1" maxCrapScore="1" minCrapScore="1" visitedClasses="0" numClasses="0" visitedMethods="1" numMethods="1" />
              <MetadataToken>100663352</MetadataToken>
              <Name>System.Void ExMat.Objects.Tests.ExObjectTests::CreateComplexInstance()</Name>
              <FileRef uid="3" />
              <SequencePoints>
                <SequencePoint vc="1" uspid="476" ordinal="0" offset="0" sl="184" sc="9" el="184" ec="10" bec="0" bev="0" fileid="3" />
                <SequencePoint vc="1" uspid="477" ordinal="1" offset="1" sl="185" sc="13" el="185" ec="38" bec="0" bev="0" fileid="3" />
                <SequencePoint vc="1" uspid="478" ordinal="2" offset="26" sl="187" sc="13" el="187" ec="45" bec="0" bev="0" fileid="3" />
                <SequencePoint vc="1" uspid="479" ordinal="3" offset="33" sl="189" sc="13" el="189" ec="58" bec="0" bev="0" fileid="3" />
                <SequencePoint vc="1" uspid="480" ordinal="4" offset="50" sl="191" sc="13" el="191" ec="50" bec="0" bev="0" fileid="3" />
                <SequencePoint vc="1" uspid="481" ordinal="5" offset="67" sl="193" sc="13" el="193" ec="59" bec="0" bev="0" fileid="3" />
                <SequencePoint vc="1" uspid="482" ordinal="6" offset="91" sl="194" sc="13" el="194" ec="64" bec="0" bev="0" fileid="3" />
                <SequencePoint vc="1" uspid="483" ordinal="7" offset="115" sl="196" sc="13" el="196" ec="53" bec="0" bev="0" fileid="3" />
                <SequencePoint vc="1" uspid="484" ordinal="8" offset="128" sl="197" sc="9" el="197" ec="10" bec="0" bev="0" fileid="3" />
              </SequencePoints>
              <BranchPoints />
              <MethodPoint xsi:type="SequencePoint" vc="1" uspid="476" ordinal="0" offset="0" sl="184" sc="9" el="184" ec="10" bec="0" bev="0" fileid="3" />
            </Method>
            <Method visited="true" cyclomaticComplexity="1" nPathComplexity="0" sequenceCoverage="100" branchCoverage="100" crapScore="1" isConstructor="false" isStatic="false" isGetter="false" isSetter="false">
              <Summary numSequencePoints="8" visitedSequencePoints="8" numBranchPoints="1" visitedBranchPoints="1" sequenceCoverage="100" branchCoverage="100" maxCyclomaticComplexity="1" minCyclomaticComplexity="1" maxCrapScore="1" minCrapScore="1" visitedClasses="0" numClasses="0" visitedMethods="1" numMethods="1" />
              <MetadataToken>100663353</MetadataToken>
              <Name>System.Void ExMat.Objects.Tests.ExObjectTests::CreateBooleanInstance()</Name>
              <FileRef uid="3" />
              <SequencePoints>
                <SequencePoint vc="1" uspid="485" ordinal="0" offset="0" sl="201" sc="9" el="201" ec="10" bec="0" bev="0" fileid="3" />
                <SequencePoint vc="1" uspid="486" ordinal="1" offset="1" sl="202" sc="13" el="202" ec="30" bec="0" bev="0" fileid="3" />
                <SequencePoint vc="1" uspid="487" ordinal="2" offset="3" sl="204" sc="13" el="204" ec="41" bec="0" bev="0" fileid="3" />
                <SequencePoint vc="1" uspid="488" ordinal="3" offset="10" sl="206" sc="13" el="206" ec="55" bec="0" bev="0" fileid="3" />
                <SequencePoint vc="1" uspid="489" ordinal="4" offset="27" sl="208" sc="13" el="208" ec="50" bec="0" bev="0" fileid="3" />
                <SequencePoint vc="1" uspid="490" ordinal="5" offset="44" sl="210" sc="13" el="210" ec="53" bec="0" bev="0" fileid="3" />
                <SequencePoint vc="1" uspid="491" ordinal="6" offset="62" sl="212" sc="13" el="212" ec="50" bec="0" bev="0" fileid="3" />
                <SequencePoint vc="1" uspid="492" ordinal="7" offset="75" sl="213" sc="9" el="213" ec="10" bec="0" bev="0" fileid="3" />
              </SequencePoints>
              <BranchPoints />
              <MethodPoint xsi:type="SequencePoint" vc="1" uspid="485" ordinal="0" offset="0" sl="201" sc="9" el="201" ec="10" bec="0" bev="0" fileid="3" />
            </Method>
            <Method visited="true" cyclomaticComplexity="1" nPathComplexity="0" sequenceCoverage="100" branchCoverage="100" crapScore="1" isConstructor="false" isStatic="false" isGetter="false" isSetter="false">
              <Summary numSequencePoints="9" visitedSequencePoints="9" numBranchPoints="1" visitedBranchPoints="1" sequenceCoverage="100" branchCoverage="100" maxCyclomaticComplexity="1" minCyclomaticComplexity="1" maxCrapScore="1" minCrapScore="1" visitedClasses="0" numClasses="0" visitedMethods="1" numMethods="1" />
              <MetadataToken>100663354</MetadataToken>
              <Name>System.Void ExMat.Objects.Tests.ExObjectTests::CreateSpaceInstance()</Name>
              <FileRef uid="3" />
              <SequencePoints>
                <SequencePoint vc="1" uspid="493" ordinal="0" offset="0" sl="217" sc="9" el="217" ec="10" bec="0" bev="0" fileid="3" />
                <SequencePoint vc="1" uspid="494" ordinal="1" offset="1" sl="218" sc="13" el="218" ec="34" bec="0" bev="0" fileid="3" />
                <SequencePoint vc="1" uspid="495" ordinal="2" offset="7" sl="220" sc="13" el="220" ec="45" bec="0" bev="0" fileid="3" />
                <SequencePoint vc="1" uspid="496" ordinal="3" offset="14" sl="222" sc="13" el="222" ec="56" bec="0" bev="0" fileid="3" />
                <SequencePoint vc="1" uspid="497" ordinal="4" offset="31" sl="224" sc="13" el="224" ec="57" bec="0" bev="0" fileid="3" />
                <SequencePoint vc="1" uspid="498" ordinal="5" offset="49" sl="226" sc="13" el="226" ec="70" bec="0" bev="0" fileid="3" />
                <SequencePoint vc="1" uspid="499" ordinal="6" offset="72" sl="228" sc="13" el="228" ec="59" bec="0" bev="0" fileid="3" />
                <SequencePoint vc="1" uspid="500" ordinal="7" offset="90" sl="230" sc="13" el="230" ec="50" bec="0" bev="0" fileid="3" />
                <SequencePoint vc="1" uspid="501" ordinal="8" offset="103" sl="231" sc="9" el="231" ec="10" bec="0" bev="0" fileid="3" />
              </SequencePoints>
              <BranchPoints />
              <MethodPoint xsi:type="SequencePoint" vc="1" uspid="493" ordinal="0" offset="0" sl="217" sc="9" el="217" ec="10" bec="0" bev="0" fileid="3" />
            </Method>
            <Method visited="true" cyclomaticComplexity="1" nPathComplexity="0" sequenceCoverage="100" branchCoverage="100" crapScore="1" isConstructor="false" isStatic="false" isGetter="false" isSetter="false">
              <Summary numSequencePoints="9" visitedSequencePoints="9" numBranchPoints="1" visitedBranchPoints="1" sequenceCoverage="100" branchCoverage="100" maxCyclomaticComplexity="1" minCyclomaticComplexity="1" maxCrapScore="1" minCrapScore="1" visitedClasses="0" numClasses="0" visitedMethods="1" numMethods="1" />
              <MetadataToken>100663355</MetadataToken>
              <Name>System.Void ExMat.Objects.Tests.ExObjectTests::CreateListEmptyInstance()</Name>
              <FileRef uid="3" />
              <SequencePoints>
                <SequencePoint vc="1" uspid="502" ordinal="0" offset="0" sl="235" sc="9" el="235" ec="10" bec="0" bev="0" fileid="3" />
                <SequencePoint vc="1" uspid="503" ordinal="1" offset="1" sl="236" sc="13" el="236" ec="41" bec="0" bev="0" fileid="3" />
                <SequencePoint vc="1" uspid="504" ordinal="2" offset="7" sl="238" sc="13" el="238" ec="43" bec="0" bev="0" fileid="3" />
                <SequencePoint vc="1" uspid="505" ordinal="3" offset="14" sl="240" sc="13" el="240" ec="56" bec="0" bev="0" fileid="3" />
                <SequencePoint vc="1" uspid="506" ordinal="4" offset="31" sl="242" sc="13" el="242" ec="53" bec="0" bev="0" fileid="3" />
                <SequencePoint vc="1" uspid="507" ordinal="5" offset="48" sl="244" sc="13" el="244" ec="70" bec="0" bev="0" fileid="3" />
                <SequencePoint vc="1" uspid="508" ordinal="6" offset="71" sl="246" sc="13" el="246" ec="58" bec="0" bev="0" fileid="3" />
                <SequencePoint vc="1" uspid="509" ordinal="7" offset="89" sl="248" sc="13" el="248" ec="49" bec="0" bev="0" fileid="3" />
                <SequencePoint vc="1" uspid="510" ordinal="8" offset="102" sl="249" sc="9" el="249" ec="10" bec="0" bev="0" fileid="3" />
              </SequencePoints>
              <BranchPoints />
              <MethodPoint xsi:type="SequencePoint" vc="1" uspid="502" ordinal="0" offset="0" sl="235" sc="9" el="235" ec="10" bec="0" bev="0" fileid="3" />
            </Method>
            <Method visited="true" cyclomaticComplexity="1" nPathComplexity="0" sequenceCoverage="100" branchCoverage="100" crapScore="1" isConstructor="false" isStatic="false" isGetter="false" isSetter="false">
              <Summary numSequencePoints="9" visitedSequencePoints="9" numBranchPoints="1" visitedBranchPoints="1" sequenceCoverage="100" branchCoverage="100" maxCyclomaticComplexity="1" minCyclomaticComplexity="1" maxCrapScore="1" minCrapScore="1" visitedClasses="0" numClasses="0" visitedMethods="1" numMethods="1" />
              <MetadataToken>100663356</MetadataToken>
              <Name>System.Void ExMat.Objects.Tests.ExObjectTests::CreateDictInstance()</Name>
              <FileRef uid="3" />
              <SequencePoints>
                <SequencePoint vc="1" uspid="511" ordinal="0" offset="0" sl="253" sc="9" el="253" ec="10" bec="0" bev="0" fileid="3" />
                <SequencePoint vc="1" uspid="512" ordinal="1" offset="1" sl="254" sc="13" el="254" ec="55" bec="0" bev="0" fileid="3" />
                <SequencePoint vc="1" uspid="513" ordinal="2" offset="7" sl="256" sc="13" el="256" ec="44" bec="0" bev="0" fileid="3" />
                <SequencePoint vc="1" uspid="514" ordinal="3" offset="14" sl="258" sc="13" el="258" ec="55" bec="0" bev="0" fileid="3" />
                <SequencePoint vc="1" uspid="515" ordinal="4" offset="31" sl="260" sc="13" el="260" ec="53" bec="0" bev="0" fileid="3" />
                <SequencePoint vc="1" uspid="516" ordinal="5" offset="48" sl="262" sc="13" el="262" ec="70" bec="0" bev="0" fileid="3" />
                <SequencePoint vc="1" uspid="517" ordinal="6" offset="71" sl="264" sc="13" el="264" ec="58" bec="0" bev="0" fileid="3" />
                <SequencePoint vc="1" uspid="518" ordinal="7" offset="89" sl="266" sc="13" el="266" ec="49" bec="0" bev="0" fileid="3" />
                <SequencePoint vc="1" uspid="519" ordinal="8" offset="102" sl="267" sc="9" el="267" ec="10" bec="0" bev="0" fileid="3" />
              </SequencePoints>
              <BranchPoints />
              <MethodPoint xsi:type="SequencePoint" vc="1" uspid="511" ordinal="0" offset="0" sl="253" sc="9" el="253" ec="10" bec="0" bev="0" fileid="3" />
            </Method>
            <Method visited="true" cyclomaticComplexity="1" nPathComplexity="0" sequenceCoverage="100" branchCoverage="100" crapScore="1" isConstructor="false" isStatic="false" isGetter="false" isSetter="false">
              <Summary numSequencePoints="9" visitedSequencePoints="9" numBranchPoints="1" visitedBranchPoints="1" sequenceCoverage="100" branchCoverage="100" maxCyclomaticComplexity="1" minCyclomaticComplexity="1" maxCrapScore="1" minCrapScore="1" visitedClasses="0" numClasses="0" visitedMethods="1" numMethods="1" />
              <MetadataToken>100663357</MetadataToken>
              <Name>System.Void ExMat.Objects.Tests.ExObjectTests::CreateListInstanceFromExList()</Name>
              <FileRef uid="3" />
              <SequencePoints>
                <SequencePoint vc="1" uspid="520" ordinal="0" offset="0" sl="271" sc="9" el="271" ec="10" bec="0" bev="0" fileid="3" />
                <SequencePoint vc="1" uspid="521" ordinal="1" offset="1" sl="272" sc="13" el="272" ec="41" bec="0" bev="0" fileid="3" />
                <SequencePoint vc="1" uspid="522" ordinal="2" offset="7" sl="274" sc="13" el="274" ec="39" bec="0" bev="0" fileid="3" />
                <SequencePoint vc="1" uspid="523" ordinal="3" offset="14" sl="276" sc="13" el="276" ec="56" bec="0" bev="0" fileid="3" />
                <SequencePoint vc="1" uspid="524" ordinal="4" offset="31" sl="278" sc="13" el="278" ec="53" bec="0" bev="0" fileid="3" />
                <SequencePoint vc="1" uspid="525" ordinal="5" offset="48" sl="280" sc="13" el="280" ec="70" bec="0" bev="0" fileid="3" />
                <SequencePoint vc="1" uspid="526" ordinal="6" offset="71" sl="282" sc="13" el="282" ec="58" bec="0" bev="0" fileid="3" />
                <SequencePoint vc="1" uspid="527" ordinal="7" offset="89" sl="284" sc="13" el="284" ec="49" bec="0" bev="0" fileid="3" />
                <SequencePoint vc="1" uspid="528" ordinal="8" offset="102" sl="285" sc="9" el="285" ec="10" bec="0" bev="0" fileid="3" />
              </SequencePoints>
              <BranchPoints />
              <MethodPoint xsi:type="SequencePoint" vc="1" uspid="520" ordinal="0" offset="0" sl="271" sc="9" el="271" ec="10" bec="0" bev="0" fileid="3" />
            </Method>
            <Method visited="true" cyclomaticComplexity="1" nPathComplexity="0" sequenceCoverage="100" branchCoverage="100" crapScore="1" isConstructor="false" isStatic="false" isGetter="false" isSetter="false">
              <Summary numSequencePoints="9" visitedSequencePoints="9" numBranchPoints="1" visitedBranchPoints="1" sequenceCoverage="100" branchCoverage="100" maxCyclomaticComplexity="1" minCyclomaticComplexity="1" maxCrapScore="1" minCrapScore="1" visitedClasses="0" numClasses="0" visitedMethods="1" numMethods="1" />
              <MetadataToken>100663358</MetadataToken>
              <Name>System.Void ExMat.Objects.Tests.ExObjectTests::CreateExClassInstance()</Name>
              <FileRef uid="3" />
              <SequencePoints>
                <SequencePoint vc="1" uspid="529" ordinal="0" offset="0" sl="289" sc="9" el="289" ec="10" bec="0" bev="0" fileid="3" />
                <SequencePoint vc="1" uspid="530" ordinal="1" offset="1" sl="290" sc="13" el="290" ec="42" bec="0" bev="0" fileid="3" />
                <SequencePoint vc="1" uspid="531" ordinal="2" offset="7" sl="292" sc="13" el="292" ec="46" bec="0" bev="0" fileid="3" />
                <SequencePoint vc="1" uspid="532" ordinal="3" offset="14" sl="294" sc="13" el="294" ec="56" bec="0" bev="0" fileid="3" />
                <SequencePoint vc="1" uspid="533" ordinal="4" offset="31" sl="296" sc="13" el="296" ec="57" bec="0" bev="0" fileid="3" />
                <SequencePoint vc="1" uspid="534" ordinal="5" offset="49" sl="298" sc="13" el="298" ec="70" bec="0" bev="0" fileid="3" />
                <SequencePoint vc="1" uspid="535" ordinal="6" offset="72" sl="300" sc="13" el="300" ec="58" bec="0" bev="0" fileid="3" />
                <SequencePoint vc="1" uspid="536" ordinal="7" offset="90" sl="302" sc="13" el="302" ec="50" bec="0" bev="0" fileid="3" />
                <SequencePoint vc="1" uspid="537" ordinal="8" offset="103" sl="303" sc="9" el="303" ec="10" bec="0" bev="0" fileid="3" />
              </SequencePoints>
              <BranchPoints />
              <MethodPoint xsi:type="SequencePoint" vc="1" uspid="529" ordinal="0" offset="0" sl="289" sc="9" el="289" ec="10" bec="0" bev="0" fileid="3" />
            </Method>
            <Method visited="true" cyclomaticComplexity="1" nPathComplexity="0" sequenceCoverage="100" branchCoverage="100" crapScore="1" isConstructor="false" isStatic="false" isGetter="false" isSetter="false">
              <Summary numSequencePoints="9" visitedSequencePoints="9" numBranchPoints="1" visitedBranchPoints="1" sequenceCoverage="100" branchCoverage="100" maxCyclomaticComplexity="1" minCyclomaticComplexity="1" maxCrapScore="1" minCrapScore="1" visitedClasses="0" numClasses="0" visitedMethods="1" numMethods="1" />
              <MetadataToken>100663359</MetadataToken>
              <Name>System.Void ExMat.Objects.Tests.ExObjectTests::CreateExInstanceInstance()</Name>
              <FileRef uid="3" />
              <SequencePoints>
                <SequencePoint vc="1" uspid="538" ordinal="0" offset="0" sl="307" sc="9" el="307" ec="10" bec="0" bev="0" fileid="3" />
                <SequencePoint vc="1" uspid="539" ordinal="1" offset="1" sl="308" sc="13" el="308" ec="45" bec="0" bev="0" fileid="3" />
                <SequencePoint vc="1" uspid="540" ordinal="2" offset="7" sl="310" sc="13" el="310" ec="44" bec="0" bev="0" fileid="3" />
                <SequencePoint vc="1" uspid="541" ordinal="3" offset="14" sl="312" sc="13" el="312" ec="59" bec="0" bev="0" fileid="3" />
                <SequencePoint vc="1" uspid="542" ordinal="4" offset="31" sl="314" sc="13" el="314" ec="57" bec="0" bev="0" fileid="3" />
                <SequencePoint vc="1" uspid="543" ordinal="5" offset="49" sl="316" sc="13" el="316" ec="70" bec="0" bev="0" fileid="3" />
                <SequencePoint vc="1" uspid="544" ordinal="6" offset="72" sl="318" sc="13" el="318" ec="61" bec="0" bev="0" fileid="3" />
                <SequencePoint vc="1" uspid="545" ordinal="7" offset="90" sl="320" sc="13" el="320" ec="53" bec="0" bev="0" fileid="3" />
                <SequencePoint vc="1" uspid="546" ordinal="8" offset="103" sl="321" sc="9" el="321" ec="10" bec="0" bev="0" fileid="3" />
              </SequencePoints>
              <BranchPoints />
              <MethodPoint xsi:type="SequencePoint" vc="1" uspid="538" ordinal="0" offset="0" sl="307" sc="9" el="307" ec="10" bec="0" bev="0" fileid="3" />
            </Method>
            <Method visited="true" cyclomaticComplexity="1" nPathComplexity="0" sequenceCoverage="100" branchCoverage="100" crapScore="1" isConstructor="false" isStatic="false" isGetter="false" isSetter="false">
              <Summary numSequencePoints="9" visitedSequencePoints="9" numBranchPoints="1" visitedBranchPoints="1" sequenceCoverage="100" branchCoverage="100" maxCyclomaticComplexity="1" minCyclomaticComplexity="1" maxCrapScore="1" minCrapScore="1" visitedClasses="0" numClasses="0" visitedMethods="1" numMethods="1" />
              <MetadataToken>100663360</MetadataToken>
              <Name>System.Void ExMat.Objects.Tests.ExObjectTests::CreateExClosureInstance()</Name>
              <FileRef uid="3" />
              <SequencePoints>
                <SequencePoint vc="1" uspid="547" ordinal="0" offset="0" sl="325" sc="9" el="325" ec="10" bec="0" bev="0" fileid="3" />
                <SequencePoint vc="1" uspid="548" ordinal="1" offset="1" sl="326" sc="13" el="326" ec="44" bec="0" bev="0" fileid="3" />
                <SequencePoint vc="1" uspid="549" ordinal="2" offset="7" sl="328" sc="13" el="328" ec="43" bec="0" bev="0" fileid="3" />
                <SequencePoint vc="1" uspid="550" ordinal="3" offset="14" sl="330" sc="13" el="330" ec="58" bec="0" bev="0" fileid="3" />
                <SequencePoint vc="1" uspid="551" ordinal="4" offset="31" sl="332" sc="13" el="332" ec="57" bec="0" bev="0" fileid="3" />
                <SequencePoint vc="1" uspid="552" ordinal="5" offset="49" sl="334" sc="13" el="334" ec="70" bec="0" bev="0" fileid="3" />
                <SequencePoint vc="1" uspid="553" ordinal="6" offset="72" sl="336" sc="13" el="336" ec="60" bec="0" bev="0" fileid="3" />
                <SequencePoint vc="1" uspid="554" ordinal="7" offset="90" sl="338" sc="13" el="338" ec="52" bec="0" bev="0" fileid="3" />
                <SequencePoint vc="1" uspid="555" ordinal="8" offset="103" sl="339" sc="9" el="339" ec="10" bec="0" bev="0" fileid="3" />
              </SequencePoints>
              <BranchPoints />
              <MethodPoint xsi:type="SequencePoint" vc="1" uspid="547" ordinal="0" offset="0" sl="325" sc="9" el="325" ec="10" bec="0" bev="0" fileid="3" />
            </Method>
            <Method visited="true" cyclomaticComplexity="1" nPathComplexity="0" sequenceCoverage="100" branchCoverage="100" crapScore="1" isConstructor="false" isStatic="false" isGetter="false" isSetter="false">
              <Summary numSequencePoints="9" visitedSequencePoints="9" numBranchPoints="1" visitedBranchPoints="1" sequenceCoverage="100" branchCoverage="100" maxCyclomaticComplexity="1" minCyclomaticComplexity="1" maxCrapScore="1" minCrapScore="1" visitedClasses="0" numClasses="0" visitedMethods="1" numMethods="1" />
              <MetadataToken>100663361</MetadataToken>
              <Name>System.Void ExMat.Objects.Tests.ExObjectTests::CreateExNativeClosureInstance()</Name>
              <FileRef uid="3" />
              <SequencePoints>
                <SequencePoint vc="1" uspid="556" ordinal="0" offset="0" sl="343" sc="9" el="343" ec="10" bec="0" bev="0" fileid="3" />
                <SequencePoint vc="1" uspid="557" ordinal="1" offset="1" sl="344" sc="13" el="344" ec="50" bec="0" bev="0" fileid="3" />
                <SequencePoint vc="1" uspid="558" ordinal="2" offset="7" sl="346" sc="13" el="346" ec="44" bec="0" bev="0" fileid="3" />
                <SequencePoint vc="1" uspid="559" ordinal="3" offset="14" sl="348" sc="13" el="348" ec="64" bec="0" bev="0" fileid="3" />
                <SequencePoint vc="1" uspid="560" ordinal="4" offset="31" sl="350" sc="13" el="350" ec="57" bec="0" bev="0" fileid="3" />
                <SequencePoint vc="1" uspid="561" ordinal="5" offset="49" sl="352" sc="13" el="352" ec="70" bec="0" bev="0" fileid="3" />
                <SequencePoint vc="1" uspid="562" ordinal="6" offset="72" sl="354" sc="13" el="354" ec="66" bec="0" bev="0" fileid="3" />
                <SequencePoint vc="1" uspid="563" ordinal="7" offset="90" sl="356" sc="13" el="356" ec="53" bec="0" bev="0" fileid="3" />
                <SequencePoint vc="1" uspid="564" ordinal="8" offset="103" sl="357" sc="9" el="357" ec="10" bec="0" bev="0" fileid="3" />
              </SequencePoints>
              <BranchPoints />
              <MethodPoint xsi:type="SequencePoint" vc="1" uspid="556" ordinal="0" offset="0" sl="343" sc="9" el="343" ec="10" bec="0" bev="0" fileid="3" />
            </Method>
            <Method visited="true" cyclomaticComplexity="1" nPathComplexity="0" sequenceCoverage="100" branchCoverage="100" crapScore="1" isConstructor="false" isStatic="false" isGetter="false" isSetter="false">
              <Summary numSequencePoints="8" visitedSequencePoints="8" numBranchPoints="1" visitedBranchPoints="1" sequenceCoverage="100" branchCoverage="100" maxCyclomaticComplexity="1" minCyclomaticComplexity="1" maxCrapScore="1" minCrapScore="1" visitedClasses="0" numClasses="0" visitedMethods="1" numMethods="1" />
              <MetadataToken>100663362</MetadataToken>
              <Name>System.Void ExMat.Objects.Tests.ExObjectTests::CreateExPrototypeInstance()</Name>
              <FileRef uid="3" />
              <SequencePoints>
                <SequencePoint vc="1" uspid="565" ordinal="0" offset="0" sl="361" sc="9" el="361" ec="10" bec="0" bev="0" fileid="3" />
                <SequencePoint vc="1" uspid="566" ordinal="1" offset="1" sl="362" sc="13" el="362" ec="52" bec="0" bev="0" fileid="3" />
                <SequencePoint vc="1" uspid="567" ordinal="2" offset="7" sl="364" sc="13" el="364" ec="43" bec="0" bev="0" fileid="3" />
                <SequencePoint vc="1" uspid="568" ordinal="3" offset="14" sl="366" sc="13" el="366" ec="58" bec="0" bev="0" fileid="3" />
                <SequencePoint vc="1" uspid="569" ordinal="4" offset="31" sl="368" sc="13" el="368" ec="57" bec="0" bev="0" fileid="3" />
                <SequencePoint vc="1" uspid="570" ordinal="5" offset="49" sl="370" sc="13" el="370" ec="70" bec="0" bev="0" fileid="3" />
                <SequencePoint vc="1" uspid="571" ordinal="6" offset="72" sl="372" sc="13" el="372" ec="60" bec="0" bev="0" fileid="3" />
                <SequencePoint vc="1" uspid="572" ordinal="7" offset="90" sl="373" sc="9" el="373" ec="10" bec="0" bev="0" fileid="3" />
              </SequencePoints>
              <BranchPoints />
              <MethodPoint xsi:type="SequencePoint" vc="1" uspid="565" ordinal="0" offset="0" sl="361" sc="9" el="361" ec="10" bec="0" bev="0" fileid="3" />
            </Method>
            <Method visited="true" cyclomaticComplexity="1" nPathComplexity="0" sequenceCoverage="100" branchCoverage="100" crapScore="1" isConstructor="false" isStatic="false" isGetter="false" isSetter="false">
              <Summary numSequencePoints="8" visitedSequencePoints="8" numBranchPoints="1" visitedBranchPoints="1" sequenceCoverage="100" branchCoverage="100" maxCyclomaticComplexity="1" minCyclomaticComplexity="1" maxCrapScore="1" minCrapScore="1" visitedClasses="0" numClasses="0" visitedMethods="1" numMethods="1" />
              <MetadataToken>100663363</MetadataToken>
              <Name>System.Void ExMat.Objects.Tests.ExObjectTests::CreateExOuterInstance()</Name>
              <FileRef uid="3" />
              <SequencePoints>
                <SequencePoint vc="1" uspid="573" ordinal="0" offset="0" sl="377" sc="9" el="377" ec="10" bec="0" bev="0" fileid="3" />
                <SequencePoint vc="1" uspid="574" ordinal="1" offset="1" sl="378" sc="13" el="378" ec="40" bec="0" bev="0" fileid="3" />
                <SequencePoint vc="1" uspid="575" ordinal="2" offset="7" sl="380" sc="13" el="380" ec="45" bec="0" bev="0" fileid="3" />
                <SequencePoint vc="1" uspid="576" ordinal="3" offset="14" sl="382" sc="13" el="382" ec="56" bec="0" bev="0" fileid="3" />
                <SequencePoint vc="1" uspid="577" ordinal="4" offset="31" sl="384" sc="13" el="384" ec="57" bec="0" bev="0" fileid="3" />
                <SequencePoint vc="1" uspid="578" ordinal="5" offset="49" sl="386" sc="13" el="386" ec="70" bec="0" bev="0" fileid="3" />
                <SequencePoint vc="1" uspid="579" ordinal="6" offset="72" sl="388" sc="13" el="388" ec="58" bec="0" bev="0" fileid="3" />
                <SequencePoint vc="1" uspid="580" ordinal="7" offset="90" sl="389" sc="9" el="389" ec="10" bec="0" bev="0" fileid="3" />
              </SequencePoints>
              <BranchPoints />
              <MethodPoint xsi:type="SequencePoint" vc="1" uspid="573" ordinal="0" offset="0" sl="377" sc="9" el="377" ec="10" bec="0" bev="0" fileid="3" />
            </Method>
            <Method visited="true" cyclomaticComplexity="1" nPathComplexity="0" sequenceCoverage="100" branchCoverage="100" crapScore="1" isConstructor="false" isStatic="false" isGetter="false" isSetter="false">
              <Summary numSequencePoints="18" visitedSequencePoints="18" numBranchPoints="1" visitedBranchPoints="1" sequenceCoverage="100" branchCoverage="100" maxCyclomaticComplexity="1" minCyclomaticComplexity="1" maxCrapScore="1" minCrapScore="1" visitedClasses="0" numClasses="0" visitedMethods="1" numMethods="1" />
              <MetadataToken>100663364</MetadataToken>
              <Name>System.Void ExMat.Objects.Tests.ExObjectTests::ValidateExObjTypeRefCheck()</Name>
              <FileRef uid="3" />
              <SequencePoints>
                <SequencePoint vc="1" uspid="581" ordinal="0" offset="0" sl="395" sc="9" el="395" ec="10" bec="0" bev="0" fileid="3" />
                <SequencePoint vc="1" uspid="582" ordinal="1" offset="1" sl="396" sc="13" el="396" ec="74" bec="0" bev="0" fileid="3" />
                <SequencePoint vc="1" uspid="583" ordinal="2" offset="17" sl="397" sc="13" el="397" ec="77" bec="0" bev="0" fileid="3" />
                <SequencePoint vc="1" uspid="584" ordinal="3" offset="33" sl="398" sc="13" el="398" ec="75" bec="0" bev="0" fileid="3" />
                <SequencePoint vc="1" uspid="585" ordinal="4" offset="49" sl="399" sc="13" el="399" ec="74" bec="0" bev="0" fileid="3" />
                <SequencePoint vc="1" uspid="586" ordinal="5" offset="65" sl="400" sc="13" el="400" ec="76" bec="0" bev="0" fileid="3" />
                <SequencePoint vc="1" uspid="587" ordinal="6" offset="81" sl="401" sc="13" el="401" ec="77" bec="0" bev="0" fileid="3" />
                <SequencePoint vc="1" uspid="588" ordinal="7" offset="97" sl="403" sc="13" el="403" ec="74" bec="0" bev="0" fileid="3" />
                <SequencePoint vc="1" uspid="589" ordinal="8" offset="113" sl="404" sc="13" el="404" ec="73" bec="0" bev="0" fileid="3" />
                <SequencePoint vc="1" uspid="590" ordinal="9" offset="129" sl="405" sc="13" el="405" ec="74" bec="0" bev="0" fileid="3" />
                <SequencePoint vc="1" uspid="591" ordinal="10" offset="145" sl="406" sc="13" el="406" ec="74" bec="0" bev="0" fileid="3" />
                <SequencePoint vc="1" uspid="592" ordinal="11" offset="161" sl="407" sc="13" el="407" ec="77" bec="0" bev="0" fileid="3" />
                <SequencePoint vc="1" uspid="593" ordinal="12" offset="177" sl="408" sc="13" el="408" ec="76" bec="0" bev="0" fileid="3" />
                <SequencePoint vc="1" uspid="594" ordinal="13" offset="193" sl="409" sc="13" el="409" ec="82" bec="0" bev="0" fileid="3" />
                <SequencePoint vc="1" uspid="595" ordinal="14" offset="209" sl="410" sc="13" el="410" ec="76" bec="0" bev="0" fileid="3" />
                <SequencePoint vc="1" uspid="596" ordinal="15" offset="225" sl="412" sc="13" el="412" ec="76" bec="0" bev="0" fileid="3" />
                <SequencePoint vc="1" uspid="597" ordinal="16" offset="241" sl="413" sc="13" el="413" ec="74" bec="0" bev="0" fileid="3" />
                <SequencePoint vc="1" uspid="598" ordinal="17" offset="257" sl="414" sc="9" el="414" ec="10" bec="0" bev="0" fileid="3" />
              </SequencePoints>
              <BranchPoints />
              <MethodPoint xsi:type="SequencePoint" vc="1" uspid="581" ordinal="0" offset="0" sl="395" sc="9" el="395" ec="10" bec="0" bev="0" fileid="3" />
            </Method>
            <Method visited="true" cyclomaticComplexity="1" nPathComplexity="0" sequenceCoverage="100" branchCoverage="100" crapScore="1" isConstructor="false" isStatic="false" isGetter="false" isSetter="false">
              <Summary numSequencePoints="18" visitedSequencePoints="18" numBranchPoints="1" visitedBranchPoints="1" sequenceCoverage="100" branchCoverage="100" maxCyclomaticComplexity="1" minCyclomaticComplexity="1" maxCrapScore="1" minCrapScore="1" visitedClasses="0" numClasses="0" visitedMethods="1" numMethods="1" />
              <MetadataToken>100663365</MetadataToken>
              <Name>System.Void ExMat.Objects.Tests.ExObjectTests::ValidateExTypeCheckRefCount()</Name>
              <FileRef uid="3" />
              <SequencePoints>
                <SequencePoint vc="1" uspid="599" ordinal="0" offset="0" sl="418" sc="9" el="418" ec="10" bec="0" bev="0" fileid="3" />
                <SequencePoint vc="1" uspid="600" ordinal="1" offset="1" sl="419" sc="13" el="419" ec="63" bec="0" bev="0" fileid="3" />
                <SequencePoint vc="1" uspid="601" ordinal="2" offset="17" sl="420" sc="13" el="420" ec="75" bec="0" bev="0" fileid="3" />
                <SequencePoint vc="1" uspid="602" ordinal="3" offset="39" sl="421" sc="13" el="421" ec="70" bec="0" bev="0" fileid="3" />
                <SequencePoint vc="1" uspid="603" ordinal="4" offset="64" sl="422" sc="13" el="422" ec="68" bec="0" bev="0" fileid="3" />
                <SequencePoint vc="1" uspid="604" ordinal="5" offset="81" sl="423" sc="13" el="423" ec="75" bec="0" bev="0" fileid="3" />
                <SequencePoint vc="1" uspid="605" ordinal="6" offset="102" sl="424" sc="13" el="424" ec="80" bec="0" bev="0" fileid="3" />
                <SequencePoint vc="1" uspid="606" ordinal="7" offset="141" sl="426" sc="13" el="426" ec="82" bec="0" bev="0" fileid="3" />
                <SequencePoint vc="1" uspid="607" ordinal="8" offset="162" sl="427" sc="13" el="427" ec="96" bec="0" bev="0" fileid="3" />
                <SequencePoint vc="1" uspid="608" ordinal="9" offset="183" sl="428" sc="13" el="428" ec="75" bec="0" bev="0" fileid="3" />
                <SequencePoint vc="1" uspid="609" ordinal="10" offset="204" sl="429" sc="13" el="429" ec="83" bec="0" bev="0" fileid="3" />
                <SequencePoint vc="1" uspid="610" ordinal="11" offset="225" sl="430" sc="13" el="430" ec="86" bec="0" bev="0" fileid="3" />
                <SequencePoint vc="1" uspid="611" ordinal="12" offset="246" sl="431" sc="13" el="431" ec="85" bec="0" bev="0" fileid="3" />
                <SequencePoint vc="1" uspid="612" ordinal="13" offset="267" sl="432" sc="13" el="432" ec="91" bec="0" bev="0" fileid="3" />
                <SequencePoint vc="1" uspid="613" ordinal="14" offset="288" sl="433" sc="13" el="433" ec="77" bec="0" bev="0" fileid="3" />
                <SequencePoint vc="1" uspid="614" ordinal="15" offset="309" sl="435" sc="13" el="435" ec="93" bec="0" bev="0" fileid="3" />
                <SequencePoint vc="1" uspid="615" ordinal="16" offset="330" sl="436" sc="13" el="436" ec="81" bec="0" bev="0" fileid="3" />
                <SequencePoint vc="1" uspid="616" ordinal="17" offset="351" sl="437" sc="9" el="437" ec="10" bec="0" bev="0" fileid="3" />
              </SequencePoints>
              <BranchPoints />
              <MethodPoint xsi:type="SequencePoint" vc="1" uspid="599" ordinal="0" offset="0" sl="418" sc="9" el="418" ec="10" bec="0" bev="0" fileid="3" />
            </Method>
            <Method visited="true" cyclomaticComplexity="1" nPathComplexity="0" sequenceCoverage="100" branchCoverage="100" crapScore="1" isConstructor="false" isStatic="false" isGetter="false" isSetter="false">
              <Summary numSequencePoints="18" visitedSequencePoints="18" numBranchPoints="1" visitedBranchPoints="1" sequenceCoverage="100" branchCoverage="100" maxCyclomaticComplexity="1" minCyclomaticComplexity="1" maxCrapScore="1" minCrapScore="1" visitedClasses="0" numClasses="0" visitedMethods="1" numMethods="1" />
              <MetadataToken>100663366</MetadataToken>
              <Name>System.Void ExMat.Objects.Tests.ExObjectTests::ValidateExTypeCheckDeleg()</Name>
              <FileRef uid="3" />
              <SequencePoints>
                <SequencePoint vc="1" uspid="617" ordinal="0" offset="0" sl="441" sc="9" el="441" ec="10" bec="0" bev="0" fileid="3" />
                <SequencePoint vc="1" uspid="618" ordinal="1" offset="1" sl="442" sc="13" el="442" ec="60" bec="0" bev="0" fileid="3" />
                <SequencePoint vc="1" uspid="619" ordinal="2" offset="17" sl="443" sc="13" el="443" ec="65" bec="0" bev="0" fileid="3" />
                <SequencePoint vc="1" uspid="620" ordinal="3" offset="34" sl="444" sc="13" el="444" ec="71" bec="0" bev="0" fileid="3" />
                <SequencePoint vc="1" uspid="621" ordinal="4" offset="56" sl="445" sc="13" el="445" ec="66" bec="0" bev="0" fileid="3" />
                <SequencePoint vc="1" uspid="622" ordinal="5" offset="81" sl="446" sc="13" el="446" ec="71" bec="0" bev="0" fileid="3" />
                <SequencePoint vc="1" uspid="623" ordinal="6" offset="102" sl="447" sc="13" el="447" ec="76" bec="0" bev="0" fileid="3" />
                <SequencePoint vc="1" uspid="624" ordinal="7" offset="141" sl="449" sc="13" el="449" ec="73" bec="0" bev="0" fileid="3" />
                <SequencePoint vc="1" uspid="625" ordinal="8" offset="162" sl="450" sc="13" el="450" ec="79" bec="0" bev="0" fileid="3" />
                <SequencePoint vc="1" uspid="626" ordinal="9" offset="183" sl="451" sc="13" el="451" ec="93" bec="0" bev="0" fileid="3" />
                <SequencePoint vc="1" uspid="627" ordinal="10" offset="204" sl="452" sc="13" el="452" ec="80" bec="0" bev="0" fileid="3" />
                <SequencePoint vc="1" uspid="628" ordinal="11" offset="225" sl="453" sc="13" el="453" ec="83" bec="0" bev="0" fileid="3" />
                <SequencePoint vc="1" uspid="629" ordinal="12" offset="246" sl="454" sc="13" el="454" ec="82" bec="0" bev="0" fileid="3" />
                <SequencePoint vc="1" uspid="630" ordinal="13" offset="267" sl="455" sc="13" el="455" ec="88" bec="0" bev="0" fileid="3" />
                <SequencePoint vc="1" uspid="631" ordinal="14" offset="288" sl="456" sc="13" el="456" ec="74" bec="0" bev="0" fileid="3" />
                <SequencePoint vc="1" uspid="632" ordinal="15" offset="309" sl="458" sc="13" el="458" ec="91" bec="0" bev="0" fileid="3" />
                <SequencePoint vc="1" uspid="633" ordinal="16" offset="330" sl="459" sc="13" el="459" ec="79" bec="0" bev="0" fileid="3" />
                <SequencePoint vc="1" uspid="634" ordinal="17" offset="351" sl="460" sc="9" el="460" ec="10" bec="0" bev="0" fileid="3" />
              </SequencePoints>
              <BranchPoints />
              <MethodPoint xsi:type="SequencePoint" vc="1" uspid="617" ordinal="0" offset="0" sl="441" sc="9" el="441" ec="10" bec="0" bev="0" fileid="3" />
            </Method>
            <Method visited="true" cyclomaticComplexity="1" nPathComplexity="0" sequenceCoverage="100" branchCoverage="100" crapScore="1" isConstructor="false" isStatic="false" isGetter="false" isSetter="false">
              <Summary numSequencePoints="18" visitedSequencePoints="18" numBranchPoints="1" visitedBranchPoints="1" sequenceCoverage="100" branchCoverage="100" maxCyclomaticComplexity="1" minCyclomaticComplexity="1" maxCrapScore="1" minCrapScore="1" visitedClasses="0" numClasses="0" visitedMethods="1" numMethods="1" />
              <MetadataToken>100663367</MetadataToken>
              <Name>System.Void ExMat.Objects.Tests.ExObjectTests::ValidateExTypeCheckFalseable()</Name>
              <FileRef uid="3" />
              <SequencePoints>
                <SequencePoint vc="1" uspid="635" ordinal="0" offset="0" sl="464" sc="9" el="464" ec="10" bec="0" bev="0" fileid="3" />
                <SequencePoint vc="1" uspid="636" ordinal="1" offset="1" sl="465" sc="13" el="465" ec="72" bec="0" bev="0" fileid="3" />
                <SequencePoint vc="1" uspid="637" ordinal="2" offset="22" sl="466" sc="13" el="466" ec="59" bec="0" bev="0" fileid="3" />
                <SequencePoint vc="1" uspid="638" ordinal="3" offset="38" sl="467" sc="13" el="467" ec="64" bec="0" bev="0" fileid="3" />
                <SequencePoint vc="1" uspid="639" ordinal="4" offset="55" sl="468" sc="13" el="468" ec="71" bec="0" bev="0" fileid="3" />
                <SequencePoint vc="1" uspid="640" ordinal="5" offset="77" sl="469" sc="13" el="469" ec="66" bec="0" bev="0" fileid="3" />
                <SequencePoint vc="1" uspid="641" ordinal="6" offset="102" sl="470" sc="13" el="470" ec="76" bec="0" bev="0" fileid="3" />
                <SequencePoint vc="1" uspid="642" ordinal="7" offset="141" sl="472" sc="13" el="472" ec="73" bec="0" bev="0" fileid="3" />
                <SequencePoint vc="1" uspid="643" ordinal="8" offset="162" sl="473" sc="13" el="473" ec="80" bec="0" bev="0" fileid="3" />
                <SequencePoint vc="1" uspid="644" ordinal="9" offset="183" sl="474" sc="13" el="474" ec="94" bec="0" bev="0" fileid="3" />
                <SequencePoint vc="1" uspid="645" ordinal="10" offset="204" sl="475" sc="13" el="475" ec="81" bec="0" bev="0" fileid="3" />
                <SequencePoint vc="1" uspid="646" ordinal="11" offset="225" sl="476" sc="13" el="476" ec="84" bec="0" bev="0" fileid="3" />
                <SequencePoint vc="1" uspid="647" ordinal="12" offset="246" sl="477" sc="13" el="477" ec="83" bec="0" bev="0" fileid="3" />
                <SequencePoint vc="1" uspid="648" ordinal="13" offset="267" sl="478" sc="13" el="478" ec="89" bec="0" bev="0" fileid="3" />
                <SequencePoint vc="1" uspid="649" ordinal="14" offset="288" sl="479" sc="13" el="479" ec="75" bec="0" bev="0" fileid="3" />
                <SequencePoint vc="1" uspid="650" ordinal="15" offset="309" sl="481" sc="13" el="481" ec="91" bec="0" bev="0" fileid="3" />
                <SequencePoint vc="1" uspid="651" ordinal="16" offset="330" sl="482" sc="13" el="482" ec="79" bec="0" bev="0" fileid="3" />
                <SequencePoint vc="1" uspid="652" ordinal="17" offset="351" sl="483" sc="9" el="483" ec="10" bec="0" bev="0" fileid="3" />
              </SequencePoints>
              <BranchPoints />
              <MethodPoint xsi:type="SequencePoint" vc="1" uspid="635" ordinal="0" offset="0" sl="464" sc="9" el="464" ec="10" bec="0" bev="0" fileid="3" />
            </Method>
            <Method visited="true" cyclomaticComplexity="1" nPathComplexity="0" sequenceCoverage="100" branchCoverage="100" crapScore="1" isConstructor="false" isStatic="false" isGetter="false" isSetter="false">
              <Summary numSequencePoints="18" visitedSequencePoints="18" numBranchPoints="1" visitedBranchPoints="1" sequenceCoverage="100" branchCoverage="100" maxCyclomaticComplexity="1" minCyclomaticComplexity="1" maxCrapScore="1" minCrapScore="1" visitedClasses="0" numClasses="0" visitedMethods="1" numMethods="1" />
              <MetadataToken>100663368</MetadataToken>
              <Name>System.Void ExMat.Objects.Tests.ExObjectTests::ValidateExTypeCheckNumeric()</Name>
              <FileRef uid="3" />
              <SequencePoints>
                <SequencePoint vc="1" uspid="653" ordinal="0" offset="0" sl="487" sc="9" el="487" ec="10" bec="0" bev="0" fileid="3" />
                <SequencePoint vc="1" uspid="654" ordinal="1" offset="1" sl="488" sc="13" el="488" ec="70" bec="0" bev="0" fileid="3" />
                <SequencePoint vc="1" uspid="655" ordinal="2" offset="22" sl="489" sc="13" el="489" ec="58" bec="0" bev="0" fileid="3" />
                <SequencePoint vc="1" uspid="656" ordinal="3" offset="38" sl="490" sc="13" el="490" ec="63" bec="0" bev="0" fileid="3" />
                <SequencePoint vc="1" uspid="657" ordinal="4" offset="55" sl="491" sc="13" el="491" ec="69" bec="0" bev="0" fileid="3" />
                <SequencePoint vc="1" uspid="658" ordinal="5" offset="77" sl="492" sc="13" el="492" ec="64" bec="0" bev="0" fileid="3" />
                <SequencePoint vc="1" uspid="659" ordinal="6" offset="102" sl="493" sc="13" el="493" ec="74" bec="0" bev="0" fileid="3" />
                <SequencePoint vc="1" uspid="660" ordinal="7" offset="141" sl="495" sc="13" el="495" ec="71" bec="0" bev="0" fileid="3" />
                <SequencePoint vc="1" uspid="661" ordinal="8" offset="162" sl="496" sc="13" el="496" ec="78" bec="0" bev="0" fileid="3" />
                <SequencePoint vc="1" uspid="662" ordinal="9" offset="183" sl="497" sc="13" el="497" ec="92" bec="0" bev="0" fileid="3" />
                <SequencePoint vc="1" uspid="663" ordinal="10" offset="204" sl="498" sc="13" el="498" ec="79" bec="0" bev="0" fileid="3" />
                <SequencePoint vc="1" uspid="664" ordinal="11" offset="225" sl="499" sc="13" el="499" ec="82" bec="0" bev="0" fileid="3" />
                <SequencePoint vc="1" uspid="665" ordinal="12" offset="246" sl="500" sc="13" el="500" ec="81" bec="0" bev="0" fileid="3" />
                <SequencePoint vc="1" uspid="666" ordinal="13" offset="267" sl="501" sc="13" el="501" ec="87" bec="0" bev="0" fileid="3" />
                <SequencePoint vc="1" uspid="667" ordinal="14" offset="288" sl="502" sc="13" el="502" ec="73" bec="0" bev="0" fileid="3" />
                <SequencePoint vc="1" uspid="668" ordinal="15" offset="309" sl="504" sc="13" el="504" ec="89" bec="0" bev="0" fileid="3" />
                <SequencePoint vc="1" uspid="669" ordinal="16" offset="330" sl="505" sc="13" el="505" ec="77" bec="0" bev="0" fileid="3" />
                <SequencePoint vc="1" uspid="670" ordinal="17" offset="351" sl="506" sc="9" el="506" ec="10" bec="0" bev="0" fileid="3" />
              </SequencePoints>
              <BranchPoints />
              <MethodPoint xsi:type="SequencePoint" vc="1" uspid="653" ordinal="0" offset="0" sl="487" sc="9" el="487" ec="10" bec="0" bev="0" fileid="3" />
            </Method>
            <Method visited="true" cyclomaticComplexity="1" nPathComplexity="0" sequenceCoverage="100" branchCoverage="100" crapScore="1" isConstructor="false" isStatic="false" isGetter="false" isSetter="false">
              <Summary numSequencePoints="18" visitedSequencePoints="18" numBranchPoints="1" visitedBranchPoints="1" sequenceCoverage="100" branchCoverage="100" maxCyclomaticComplexity="1" minCyclomaticComplexity="1" maxCrapScore="1" minCrapScore="1" visitedClasses="0" numClasses="0" visitedMethods="1" numMethods="1" />
              <MetadataToken>100663369</MetadataToken>
              <Name>System.Void ExMat.Objects.Tests.ExObjectTests::ValidateExTypeCheckRealNumber()</Name>
              <FileRef uid="3" />
              <SequencePoints>
                <SequencePoint vc="1" uspid="671" ordinal="0" offset="0" sl="510" sc="9" el="510" ec="10" bec="0" bev="0" fileid="3" />
                <SequencePoint vc="1" uspid="672" ordinal="1" offset="1" sl="511" sc="13" el="511" ec="73" bec="0" bev="0" fileid="3" />
                <SequencePoint vc="1" uspid="673" ordinal="2" offset="22" sl="512" sc="13" el="512" ec="61" bec="0" bev="0" fileid="3" />
                <SequencePoint vc="1" uspid="674" ordinal="3" offset="38" sl="513" sc="13" el="513" ec="66" bec="0" bev="0" fileid="3" />
                <SequencePoint vc="1" uspid="675" ordinal="4" offset="55" sl="514" sc="13" el="514" ec="78" bec="0" bev="0" fileid="3" />
                <SequencePoint vc="1" uspid="676" ordinal="5" offset="94" sl="515" sc="13" el="515" ec="72" bec="0" bev="0" fileid="3" />
                <SequencePoint vc="1" uspid="677" ordinal="6" offset="116" sl="516" sc="13" el="516" ec="67" bec="0" bev="0" fileid="3" />
                <SequencePoint vc="1" uspid="678" ordinal="7" offset="141" sl="518" sc="13" el="518" ec="74" bec="0" bev="0" fileid="3" />
                <SequencePoint vc="1" uspid="679" ordinal="8" offset="162" sl="519" sc="13" el="519" ec="81" bec="0" bev="0" fileid="3" />
                <SequencePoint vc="1" uspid="680" ordinal="9" offset="183" sl="520" sc="13" el="520" ec="95" bec="0" bev="0" fileid="3" />
                <SequencePoint vc="1" uspid="681" ordinal="10" offset="204" sl="521" sc="13" el="521" ec="82" bec="0" bev="0" fileid="3" />
                <SequencePoint vc="1" uspid="682" ordinal="11" offset="225" sl="522" sc="13" el="522" ec="85" bec="0" bev="0" fileid="3" />
                <SequencePoint vc="1" uspid="683" ordinal="12" offset="246" sl="523" sc="13" el="523" ec="84" bec="0" bev="0" fileid="3" />
                <SequencePoint vc="1" uspid="684" ordinal="13" offset="267" sl="524" sc="13" el="524" ec="90" bec="0" bev="0" fileid="3" />
                <SequencePoint vc="1" uspid="685" ordinal="14" offset="288" sl="525" sc="13" el="525" ec="76" bec="0" bev="0" fileid="3" />
                <SequencePoint vc="1" uspid="686" ordinal="15" offset="309" sl="527" sc="13" el="527" ec="92" bec="0" bev="0" fileid="3" />
                <SequencePoint vc="1" uspid="687" ordinal="16" offset="330" sl="528" sc="13" el="528" ec="80" bec="0" bev="0" fileid="3" />
                <SequencePoint vc="1" uspid="688" ordinal="17" offset="351" sl="529" sc="9" el="529" ec="10" bec="0" bev="0" fileid="3" />
              </SequencePoints>
              <BranchPoints />
              <MethodPoint xsi:type="SequencePoint" vc="1" uspid="671" ordinal="0" offset="0" sl="510" sc="9" el="510" ec="10" bec="0" bev="0" fileid="3" />
            </Method>
            <Method visited="true" cyclomaticComplexity="1" nPathComplexity="0" sequenceCoverage="100" branchCoverage="100" crapScore="1" isConstructor="false" isStatic="false" isGetter="false" isSetter="false">
              <Summary numSequencePoints="18" visitedSequencePoints="18" numBranchPoints="1" visitedBranchPoints="1" sequenceCoverage="100" branchCoverage="100" maxCyclomaticComplexity="1" minCyclomaticComplexity="1" maxCrapScore="1" minCrapScore="1" visitedClasses="0" numClasses="0" visitedMethods="1" numMethods="1" />
              <MetadataToken>100663370</MetadataToken>
              <Name>System.Void ExMat.Objects.Tests.ExObjectTests::ValidateExTypeCheckNull()</Name>
              <FileRef uid="3" />
              <SequencePoints>
                <SequencePoint vc="1" uspid="689" ordinal="0" offset="0" sl="533" sc="9" el="533" ec="10" bec="0" bev="0" fileid="3" />
                <SequencePoint vc="1" uspid="690" ordinal="1" offset="1" sl="534" sc="13" el="534" ec="67" bec="0" bev="0" fileid="3" />
                <SequencePoint vc="1" uspid="691" ordinal="2" offset="22" sl="535" sc="13" el="535" ec="60" bec="0" bev="0" fileid="3" />
                <SequencePoint vc="1" uspid="692" ordinal="3" offset="39" sl="536" sc="13" el="536" ec="72" bec="0" bev="0" fileid="3" />
                <SequencePoint vc="1" uspid="693" ordinal="4" offset="78" sl="537" sc="13" el="537" ec="67" bec="0" bev="0" fileid="3" />
                <SequencePoint vc="1" uspid="694" ordinal="5" offset="100" sl="538" sc="13" el="538" ec="62" bec="0" bev="0" fileid="3" />
                <SequencePoint vc="1" uspid="695" ordinal="6" offset="125" sl="539" sc="13" el="539" ec="54" bec="0" bev="0" fileid="3" />
                <SequencePoint vc="1" uspid="696" ordinal="7" offset="141" sl="541" sc="13" el="541" ec="68" bec="0" bev="0" fileid="3" />
                <SequencePoint vc="1" uspid="697" ordinal="8" offset="162" sl="542" sc="13" el="542" ec="75" bec="0" bev="0" fileid="3" />
                <SequencePoint vc="1" uspid="698" ordinal="9" offset="183" sl="543" sc="13" el="543" ec="89" bec="0" bev="0" fileid="3" />
                <SequencePoint vc="1" uspid="699" ordinal="10" offset="204" sl="544" sc="13" el="544" ec="76" bec="0" bev="0" fileid="3" />
                <SequencePoint vc="1" uspid="700" ordinal="11" offset="225" sl="545" sc="13" el="545" ec="79" bec="0" bev="0" fileid="3" />
                <SequencePoint vc="1" uspid="701" ordinal="12" offset="246" sl="546" sc="13" el="546" ec="78" bec="0" bev="0" fileid="3" />
                <SequencePoint vc="1" uspid="702" ordinal="13" offset="267" sl="547" sc="13" el="547" ec="84" bec="0" bev="0" fileid="3" />
                <SequencePoint vc="1" uspid="703" ordinal="14" offset="288" sl="548" sc="13" el="548" ec="70" bec="0" bev="0" fileid="3" />
                <SequencePoint vc="1" uspid="704" ordinal="15" offset="309" sl="550" sc="13" el="550" ec="86" bec="0" bev="0" fileid="3" />
                <SequencePoint vc="1" uspid="705" ordinal="16" offset="330" sl="551" sc="13" el="551" ec="74" bec="0" bev="0" fileid="3" />
                <SequencePoint vc="1" uspid="706" ordinal="17" offset="351" sl="552" sc="9" el="552" ec="10" bec="0" bev="0" fileid="3" />
              </SequencePoints>
              <BranchPoints />
              <MethodPoint xsi:type="SequencePoint" vc="1" uspid="689" ordinal="0" offset="0" sl="533" sc="9" el="533" ec="10" bec="0" bev="0" fileid="3" />
            </Method>
            <Method visited="true" cyclomaticComplexity="1" nPathComplexity="0" sequenceCoverage="100" branchCoverage="100" crapScore="1" isConstructor="false" isStatic="false" isGetter="false" isSetter="false">
              <Summary numSequencePoints="9" visitedSequencePoints="9" numBranchPoints="1" visitedBranchPoints="1" sequenceCoverage="100" branchCoverage="100" maxCyclomaticComplexity="1" minCyclomaticComplexity="1" maxCrapScore="1" minCrapScore="1" visitedClasses="0" numClasses="0" visitedMethods="1" numMethods="1" />
              <MetadataToken>100663371</MetadataToken>
              <Name>System.Void ExMat.Objects.Tests.ExObjectTests::AssignIntegerToNull()</Name>
              <FileRef uid="3" />
              <SequencePoints>
                <SequencePoint vc="1" uspid="707" ordinal="0" offset="0" sl="558" sc="9" el="558" ec="10" bec="0" bev="0" fileid="3" />
                <SequencePoint vc="1" uspid="708" ordinal="1" offset="1" sl="559" sc="13" el="559" ec="38" bec="0" bev="0" fileid="3" />
                <SequencePoint vc="1" uspid="709" ordinal="2" offset="8" sl="561" sc="13" el="561" ec="35" bec="0" bev="0" fileid="3" />
                <SequencePoint vc="1" uspid="710" ordinal="3" offset="14" sl="563" sc="13" el="563" ec="33" bec="0" bev="0" fileid="3" />
                <SequencePoint vc="1" uspid="711" ordinal="4" offset="22" sl="565" sc="13" el="565" ec="51" bec="0" bev="0" fileid="3" />
                <SequencePoint vc="1" uspid="712" ordinal="5" offset="39" sl="567" sc="13" el="567" ec="59" bec="0" bev="0" fileid="3" />
                <SequencePoint vc="1" uspid="713" ordinal="6" offset="56" sl="569" sc="13" el="569" ec="52" bec="0" bev="0" fileid="3" />
                <SequencePoint vc="1" uspid="714" ordinal="7" offset="74" sl="571" sc="13" el="571" ec="49" bec="0" bev="0" fileid="3" />
                <SequencePoint vc="1" uspid="715" ordinal="8" offset="87" sl="572" sc="9" el="572" ec="10" bec="0" bev="0" fileid="3" />
              </SequencePoints>
              <BranchPoints />
              <MethodPoint xsi:type="SequencePoint" vc="1" uspid="707" ordinal="0" offset="0" sl="558" sc="9" el="558" ec="10" bec="0" bev="0" fileid="3" />
            </Method>
            <Method visited="true" cyclomaticComplexity="1" nPathComplexity="0" sequenceCoverage="100" branchCoverage="100" crapScore="1" isConstructor="false" isStatic="false" isGetter="false" isSetter="false">
              <Summary numSequencePoints="9" visitedSequencePoints="9" numBranchPoints="1" visitedBranchPoints="1" sequenceCoverage="100" branchCoverage="100" maxCyclomaticComplexity="1" minCyclomaticComplexity="1" maxCrapScore="1" minCrapScore="1" visitedClasses="0" numClasses="0" visitedMethods="1" numMethods="1" />
              <MetadataToken>100663372</MetadataToken>
              <Name>System.Void ExMat.Objects.Tests.ExObjectTests::AssignFloatToNull()</Name>
              <FileRef uid="3" />
              <SequencePoints>
                <SequencePoint vc="1" uspid="716" ordinal="0" offset="0" sl="576" sc="9" el="576" ec="10" bec="0" bev="0" fileid="3" />
                <SequencePoint vc="1" uspid="717" ordinal="1" offset="1" sl="577" sc="13" el="577" ec="33" bec="0" bev="0" fileid="3" />
                <SequencePoint vc="1" uspid="718" ordinal="2" offset="11" sl="579" sc="13" el="579" ec="35" bec="0" bev="0" fileid="3" />
                <SequencePoint vc="1" uspid="719" ordinal="3" offset="17" sl="581" sc="13" el="581" ec="33" bec="0" bev="0" fileid="3" />
                <SequencePoint vc="1" uspid="720" ordinal="4" offset="25" sl="583" sc="13" el="583" ec="51" bec="0" bev="0" fileid="3" />
                <SequencePoint vc="1" uspid="721" ordinal="5" offset="42" sl="585" sc="13" el="585" ec="57" bec="0" bev="0" fileid="3" />
                <SequencePoint vc="1" uspid="722" ordinal="6" offset="59" sl="587" sc="13" el="587" ec="54" bec="0" bev="0" fileid="3" />
                <SequencePoint vc="1" uspid="723" ordinal="7" offset="77" sl="589" sc="13" el="589" ec="51" bec="0" bev="0" fileid="3" />
                <SequencePoint vc="1" uspid="724" ordinal="8" offset="90" sl="590" sc="9" el="590" ec="10" bec="0" bev="0" fileid="3" />
              </SequencePoints>
              <BranchPoints />
              <MethodPoint xsi:type="SequencePoint" vc="1" uspid="716" ordinal="0" offset="0" sl="576" sc="9" el="576" ec="10" bec="0" bev="0" fileid="3" />
            </Method>
            <Method visited="true" cyclomaticComplexity="1" nPathComplexity="0" sequenceCoverage="100" branchCoverage="100" crapScore="1" isConstructor="false" isStatic="false" isGetter="false" isSetter="false">
              <Summary numSequencePoints="9" visitedSequencePoints="9" numBranchPoints="1" visitedBranchPoints="1" sequenceCoverage="100" branchCoverage="100" maxCyclomaticComplexity="1" minCyclomaticComplexity="1" maxCrapScore="1" minCrapScore="1" visitedClasses="0" numClasses="0" visitedMethods="1" numMethods="1" />
              <MetadataToken>100663373</MetadataToken>
              <Name>System.Void ExMat.Objects.Tests.ExObjectTests::AssignBoolToNull()</Name>
              <FileRef uid="3" />
              <SequencePoints>
                <SequencePoint vc="1" uspid="725" ordinal="0" offset="0" sl="594" sc="9" el="594" ec="10" bec="0" bev="0" fileid="3" />
                <SequencePoint vc="1" uspid="726" ordinal="1" offset="1" sl="595" sc="13" el="595" ec="29" bec="0" bev="0" fileid="3" />
                <SequencePoint vc="1" uspid="727" ordinal="2" offset="3" sl="597" sc="13" el="597" ec="35" bec="0" bev="0" fileid="3" />
                <SequencePoint vc="1" uspid="728" ordinal="3" offset="9" sl="599" sc="13" el="599" ec="33" bec="0" bev="0" fileid="3" />
                <SequencePoint vc="1" uspid="729" ordinal="4" offset="17" sl="601" sc="13" el="601" ec="51" bec="0" bev="0" fileid="3" />
                <SequencePoint vc="1" uspid="730" ordinal="5" offset="34" sl="603" sc="13" el="603" ec="56" bec="0" bev="0" fileid="3" />
                <SequencePoint vc="1" uspid="731" ordinal="6" offset="51" sl="605" sc="13" el="605" ec="53" bec="0" bev="0" fileid="3" />
                <SequencePoint vc="1" uspid="732" ordinal="7" offset="69" sl="607" sc="13" el="607" ec="50" bec="0" bev="0" fileid="3" />
                <SequencePoint vc="1" uspid="733" ordinal="8" offset="82" sl="608" sc="9" el="608" ec="10" bec="0" bev="0" fileid="3" />
              </SequencePoints>
              <BranchPoints />
              <MethodPoint xsi:type="SequencePoint" vc="1" uspid="725" ordinal="0" offset="0" sl="594" sc="9" el="594" ec="10" bec="0" bev="0" fileid="3" />
            </Method>
            <Method visited="true" cyclomaticComplexity="1" nPathComplexity="0" sequenceCoverage="100" branchCoverage="100" crapScore="1" isConstructor="false" isStatic="false" isGetter="false" isSetter="false">
              <Summary numSequencePoints="9" visitedSequencePoints="9" numBranchPoints="1" visitedBranchPoints="1" sequenceCoverage="100" branchCoverage="100" maxCyclomaticComplexity="1" minCyclomaticComplexity="1" maxCrapScore="1" minCrapScore="1" visitedClasses="0" numClasses="0" visitedMethods="1" numMethods="1" />
              <MetadataToken>100663374</MetadataToken>
              <Name>System.Void ExMat.Objects.Tests.ExObjectTests::AssignStringToNull()</Name>
              <FileRef uid="3" />
              <SequencePoints>
                <SequencePoint vc="1" uspid="734" ordinal="0" offset="0" sl="612" sc="9" el="612" ec="10" bec="0" bev="0" fileid="3" />
                <SequencePoint vc="1" uspid="735" ordinal="1" offset="1" sl="613" sc="13" el="613" ec="64" bec="0" bev="0" fileid="3" />
                <SequencePoint vc="1" uspid="736" ordinal="2" offset="7" sl="615" sc="13" el="615" ec="35" bec="0" bev="0" fileid="3" />
                <SequencePoint vc="1" uspid="737" ordinal="3" offset="13" sl="617" sc="13" el="617" ec="33" bec="0" bev="0" fileid="3" />
                <SequencePoint vc="1" uspid="738" ordinal="4" offset="21" sl="619" sc="13" el="619" ec="51" bec="0" bev="0" fileid="3" />
                <SequencePoint vc="1" uspid="739" ordinal="5" offset="38" sl="621" sc="13" el="621" ec="58" bec="0" bev="0" fileid="3" />
                <SequencePoint vc="1" uspid="740" ordinal="6" offset="55" sl="623" sc="13" el="623" ec="60" bec="0" bev="0" fileid="3" />
                <SequencePoint vc="1" uspid="741" ordinal="7" offset="73" sl="625" sc="13" el="625" ec="51" bec="0" bev="0" fileid="3" />
                <SequencePoint vc="1" uspid="742" ordinal="8" offset="86" sl="626" sc="9" el="626" ec="10" bec="0" bev="0" fileid="3" />
              </SequencePoints>
              <BranchPoints />
              <MethodPoint xsi:type="SequencePoint" vc="1" uspid="734" ordinal="0" offset="0" sl="612" sc="9" el="612" ec="10" bec="0" bev="0" fileid="3" />
            </Method>
            <Method visited="true" cyclomaticComplexity="1" nPathComplexity="0" sequenceCoverage="100" branchCoverage="100" crapScore="1" isConstructor="false" isStatic="false" isGetter="false" isSetter="false">
              <Summary numSequencePoints="10" visitedSequencePoints="10" numBranchPoints="1" visitedBranchPoints="1" sequenceCoverage="100" branchCoverage="100" maxCyclomaticComplexity="1" minCyclomaticComplexity="1" maxCrapScore="1" minCrapScore="1" visitedClasses="0" numClasses="0" visitedMethods="1" numMethods="1" />
              <MetadataToken>100663375</MetadataToken>
              <Name>System.Void ExMat.Objects.Tests.ExObjectTests::AssignComplexToNull()</Name>
              <FileRef uid="3" />
              <SequencePoints>
                <SequencePoint vc="1" uspid="743" ordinal="0" offset="0" sl="630" sc="9" el="630" ec="10" bec="0" bev="0" fileid="3" />
                <SequencePoint vc="1" uspid="744" ordinal="1" offset="1" sl="631" sc="13" el="631" ec="37" bec="0" bev="0" fileid="3" />
                <SequencePoint vc="1" uspid="745" ordinal="2" offset="26" sl="633" sc="13" el="633" ec="35" bec="0" bev="0" fileid="3" />
                <SequencePoint vc="1" uspid="746" ordinal="3" offset="32" sl="635" sc="13" el="635" ec="37" bec="0" bev="0" fileid="3" />
                <SequencePoint vc="1" uspid="747" ordinal="4" offset="40" sl="637" sc="13" el="637" ec="51" bec="0" bev="0" fileid="3" />
                <SequencePoint vc="1" uspid="748" ordinal="5" offset="57" sl="639" sc="13" el="639" ec="59" bec="0" bev="0" fileid="3" />
                <SequencePoint vc="1" uspid="749" ordinal="6" offset="74" sl="641" sc="13" el="641" ec="59" bec="0" bev="0" fileid="3" />
                <SequencePoint vc="1" uspid="750" ordinal="7" offset="98" sl="642" sc="13" el="642" ec="64" bec="0" bev="0" fileid="3" />
                <SequencePoint vc="1" uspid="751" ordinal="8" offset="122" sl="644" sc="13" el="644" ec="53" bec="0" bev="0" fileid="3" />
                <SequencePoint vc="1" uspid="752" ordinal="9" offset="135" sl="645" sc="9" el="645" ec="10" bec="0" bev="0" fileid="3" />
              </SequencePoints>
              <BranchPoints />
              <MethodPoint xsi:type="SequencePoint" vc="1" uspid="743" ordinal="0" offset="0" sl="630" sc="9" el="630" ec="10" bec="0" bev="0" fileid="3" />
            </Method>
            <Method visited="true" cyclomaticComplexity="1" nPathComplexity="0" sequenceCoverage="100" branchCoverage="100" crapScore="1" isConstructor="false" isStatic="false" isGetter="false" isSetter="false">
              <Summary numSequencePoints="10" visitedSequencePoints="10" numBranchPoints="1" visitedBranchPoints="1" sequenceCoverage="100" branchCoverage="100" maxCyclomaticComplexity="1" minCyclomaticComplexity="1" maxCrapScore="1" minCrapScore="1" visitedClasses="0" numClasses="0" visitedMethods="1" numMethods="1" />
              <MetadataToken>100663376</MetadataToken>
              <Name>System.Void ExMat.Objects.Tests.ExObjectTests::AssignSpaceToNull()</Name>
              <FileRef uid="3" />
              <SequencePoints>
                <SequencePoint vc="1" uspid="753" ordinal="0" offset="0" sl="649" sc="9" el="649" ec="10" bec="0" bev="0" fileid="3" />
                <SequencePoint vc="1" uspid="754" ordinal="1" offset="1" sl="650" sc="13" el="650" ec="33" bec="0" bev="0" fileid="3" />
                <SequencePoint vc="1" uspid="755" ordinal="2" offset="7" sl="652" sc="13" el="652" ec="35" bec="0" bev="0" fileid="3" />
                <SequencePoint vc="1" uspid="756" ordinal="3" offset="13" sl="654" sc="13" el="654" ec="37" bec="0" bev="0" fileid="3" />
                <SequencePoint vc="1" uspid="757" ordinal="4" offset="21" sl="656" sc="13" el="656" ec="57" bec="0" bev="0" fileid="3" />
                <SequencePoint vc="1" uspid="758" ordinal="5" offset="39" sl="658" sc="13" el="658" ec="71" bec="0" bev="0" fileid="3" />
                <SequencePoint vc="1" uspid="759" ordinal="6" offset="62" sl="660" sc="13" el="660" ec="57" bec="0" bev="0" fileid="3" />
                <SequencePoint vc="1" uspid="760" ordinal="7" offset="79" sl="662" sc="13" el="662" ec="59" bec="0" bev="0" fileid="3" />
                <SequencePoint vc="1" uspid="761" ordinal="8" offset="97" sl="664" sc="13" el="664" ec="50" bec="0" bev="0" fileid="3" />
                <SequencePoint vc="1" uspid="762" ordinal="9" offset="110" sl="665" sc="9" el="665" ec="10" bec="0" bev="0" fileid="3" />
              </SequencePoints>
              <BranchPoints />
              <MethodPoint xsi:type="SequencePoint" vc="1" uspid="753" ordinal="0" offset="0" sl="649" sc="9" el="649" ec="10" bec="0" bev="0" fileid="3" />
            </Method>
            <Method visited="true" cyclomaticComplexity="1" nPathComplexity="0" sequenceCoverage="100" branchCoverage="100" crapScore="1" isConstructor="false" isStatic="false" isGetter="false" isSetter="false">
              <Summary numSequencePoints="10" visitedSequencePoints="10" numBranchPoints="1" visitedBranchPoints="1" sequenceCoverage="100" branchCoverage="100" maxCyclomaticComplexity="1" minCyclomaticComplexity="1" maxCrapScore="1" minCrapScore="1" visitedClasses="0" numClasses="0" visitedMethods="1" numMethods="1" />
              <MetadataToken>100663377</MetadataToken>
              <Name>System.Void ExMat.Objects.Tests.ExObjectTests::AssignListToNull()</Name>
              <FileRef uid="3" />
              <SequencePoints>
                <SequencePoint vc="1" uspid="763" ordinal="0" offset="0" sl="669" sc="9" el="669" ec="10" bec="0" bev="0" fileid="3" />
                <SequencePoint vc="1" uspid="764" ordinal="1" offset="1" sl="670" sc="13" el="670" ec="40" bec="0" bev="0" fileid="3" />
                <SequencePoint vc="1" uspid="765" ordinal="2" offset="7" sl="672" sc="13" el="672" ec="35" bec="0" bev="0" fileid="3" />
                <SequencePoint vc="1" uspid="766" ordinal="3" offset="13" sl="674" sc="13" el="674" ec="35" bec="0" bev="0" fileid="3" />
                <SequencePoint vc="1" uspid="767" ordinal="4" offset="21" sl="676" sc="13" el="676" ec="54" bec="0" bev="0" fileid="3" />
                <SequencePoint vc="1" uspid="768" ordinal="5" offset="38" sl="678" sc="13" el="678" ec="71" bec="0" bev="0" fileid="3" />
                <SequencePoint vc="1" uspid="769" ordinal="6" offset="61" sl="680" sc="13" el="680" ec="57" bec="0" bev="0" fileid="3" />
                <SequencePoint vc="1" uspid="770" ordinal="7" offset="78" sl="682" sc="13" el="682" ec="58" bec="0" bev="0" fileid="3" />
                <SequencePoint vc="1" uspid="771" ordinal="8" offset="96" sl="684" sc="13" el="684" ec="49" bec="0" bev="0" fileid="3" />
                <SequencePoint vc="1" uspid="772" ordinal="9" offset="109" sl="685" sc="9" el="685" ec="10" bec="0" bev="0" fileid="3" />
              </SequencePoints>
              <BranchPoints />
              <MethodPoint xsi:type="SequencePoint" vc="1" uspid="763" ordinal="0" offset="0" sl="669" sc="9" el="669" ec="10" bec="0" bev="0" fileid="3" />
            </Method>
            <Method visited="true" cyclomaticComplexity="1" nPathComplexity="0" sequenceCoverage="100" branchCoverage="100" crapScore="1" isConstructor="false" isStatic="false" isGetter="false" isSetter="false">
              <Summary numSequencePoints="10" visitedSequencePoints="10" numBranchPoints="1" visitedBranchPoints="1" sequenceCoverage="100" branchCoverage="100" maxCyclomaticComplexity="1" minCyclomaticComplexity="1" maxCrapScore="1" minCrapScore="1" visitedClasses="0" numClasses="0" visitedMethods="1" numMethods="1" />
              <MetadataToken>100663378</MetadataToken>
              <Name>System.Void ExMat.Objects.Tests.ExObjectTests::AssignDictToNull()</Name>
              <FileRef uid="3" />
              <SequencePoints>
                <SequencePoint vc="1" uspid="773" ordinal="0" offset="0" sl="689" sc="9" el="689" ec="10" bec="0" bev="0" fileid="3" />
                <SequencePoint vc="1" uspid="774" ordinal="1" offset="1" sl="690" sc="13" el="690" ec="54" bec="0" bev="0" fileid="3" />
                <SequencePoint vc="1" uspid="775" ordinal="2" offset="7" sl="692" sc="13" el="692" ec="35" bec="0" bev="0" fileid="3" />
                <SequencePoint vc="1" uspid="776" ordinal="3" offset="13" sl="694" sc="13" el="694" ec="36" bec="0" bev="0" fileid="3" />
                <SequencePoint vc="1" uspid="777" ordinal="4" offset="21" sl="696" sc="13" el="696" ec="54" bec="0" bev="0" fileid="3" />
                <SequencePoint vc="1" uspid="778" ordinal="5" offset="38" sl="698" sc="13" el="698" ec="71" bec="0" bev="0" fileid="3" />
                <SequencePoint vc="1" uspid="779" ordinal="6" offset="61" sl="700" sc="13" el="700" ec="56" bec="0" bev="0" fileid="3" />
                <SequencePoint vc="1" uspid="780" ordinal="7" offset="78" sl="702" sc="13" el="702" ec="58" bec="0" bev="0" fileid="3" />
                <SequencePoint vc="1" uspid="781" ordinal="8" offset="96" sl="704" sc="13" el="704" ec="49" bec="0" bev="0" fileid="3" />
                <SequencePoint vc="1" uspid="782" ordinal="9" offset="109" sl="705" sc="9" el="705" ec="10" bec="0" bev="0" fileid="3" />
              </SequencePoints>
              <BranchPoints />
              <MethodPoint xsi:type="SequencePoint" vc="1" uspid="773" ordinal="0" offset="0" sl="689" sc="9" el="689" ec="10" bec="0" bev="0" fileid="3" />
            </Method>
            <Method visited="true" cyclomaticComplexity="1" nPathComplexity="0" sequenceCoverage="100" branchCoverage="100" crapScore="1" isConstructor="false" isStatic="false" isGetter="false" isSetter="false">
              <Summary numSequencePoints="10" visitedSequencePoints="10" numBranchPoints="1" visitedBranchPoints="1" sequenceCoverage="100" branchCoverage="100" maxCyclomaticComplexity="1" minCyclomaticComplexity="1" maxCrapScore="1" minCrapScore="1" visitedClasses="0" numClasses="0" visitedMethods="1" numMethods="1" />
              <MetadataToken>100663379</MetadataToken>
              <Name>System.Void ExMat.Objects.Tests.ExObjectTests::AssignClosureToNull()</Name>
              <FileRef uid="3" />
              <SequencePoints>
                <SequencePoint vc="1" uspid="783" ordinal="0" offset="0" sl="709" sc="9" el="709" ec="10" bec="0" bev="0" fileid="3" />
                <SequencePoint vc="1" uspid="784" ordinal="1" offset="1" sl="710" sc="13" el="710" ec="43" bec="0" bev="0" fileid="3" />
                <SequencePoint vc="1" uspid="785" ordinal="2" offset="7" sl="712" sc="13" el="712" ec="35" bec="0" bev="0" fileid="3" />
                <SequencePoint vc="1" uspid="786" ordinal="3" offset="13" sl="714" sc="13" el="714" ec="35" bec="0" bev="0" fileid="3" />
                <SequencePoint vc="1" uspid="787" ordinal="4" offset="21" sl="716" sc="13" el="716" ec="79" bec="0" bev="0" fileid="3" />
                <SequencePoint vc="1" uspid="788" ordinal="5" offset="49" sl="718" sc="13" el="718" ec="71" bec="0" bev="0" fileid="3" />
                <SequencePoint vc="1" uspid="789" ordinal="6" offset="72" sl="720" sc="13" el="720" ec="59" bec="0" bev="0" fileid="3" />
                <SequencePoint vc="1" uspid="790" ordinal="7" offset="89" sl="722" sc="13" el="722" ec="60" bec="0" bev="0" fileid="3" />
                <SequencePoint vc="1" uspid="791" ordinal="8" offset="107" sl="724" sc="13" el="724" ec="52" bec="0" bev="0" fileid="3" />
                <SequencePoint vc="1" uspid="792" ordinal="9" offset="120" sl="725" sc="9" el="725" ec="10" bec="0" bev="0" fileid="3" />
              </SequencePoints>
              <BranchPoints />
              <MethodPoint xsi:type="SequencePoint" vc="1" uspid="783" ordinal="0" offset="0" sl="709" sc="9" el="709" ec="10" bec="0" bev="0" fileid="3" />
            </Method>
            <Method visited="true" cyclomaticComplexity="1" nPathComplexity="0" sequenceCoverage="100" branchCoverage="100" crapScore="1" isConstructor="false" isStatic="false" isGetter="false" isSetter="false">
              <Summary numSequencePoints="10" visitedSequencePoints="10" numBranchPoints="1" visitedBranchPoints="1" sequenceCoverage="100" branchCoverage="100" maxCyclomaticComplexity="1" minCyclomaticComplexity="1" maxCrapScore="1" minCrapScore="1" visitedClasses="0" numClasses="0" visitedMethods="1" numMethods="1" />
              <MetadataToken>100663380</MetadataToken>
              <Name>System.Void ExMat.Objects.Tests.ExObjectTests::AssignNativeClosureToNull()</Name>
              <FileRef uid="3" />
              <SequencePoints>
                <SequencePoint vc="1" uspid="793" ordinal="0" offset="0" sl="729" sc="9" el="729" ec="10" bec="0" bev="0" fileid="3" />
                <SequencePoint vc="1" uspid="794" ordinal="1" offset="1" sl="730" sc="13" el="730" ec="49" bec="0" bev="0" fileid="3" />
                <SequencePoint vc="1" uspid="795" ordinal="2" offset="7" sl="732" sc="13" el="732" ec="35" bec="0" bev="0" fileid="3" />
                <SequencePoint vc="1" uspid="796" ordinal="3" offset="13" sl="734" sc="13" el="734" ec="36" bec="0" bev="0" fileid="3" />
                <SequencePoint vc="1" uspid="797" ordinal="4" offset="21" sl="736" sc="13" el="736" ec="85" bec="0" bev="0" fileid="3" />
                <SequencePoint vc="1" uspid="798" ordinal="5" offset="49" sl="738" sc="13" el="738" ec="71" bec="0" bev="0" fileid="3" />
                <SequencePoint vc="1" uspid="799" ordinal="6" offset="72" sl="740" sc="13" el="740" ec="65" bec="0" bev="0" fileid="3" />
                <SequencePoint vc="1" uspid="800" ordinal="7" offset="89" sl="742" sc="13" el="742" ec="66" bec="0" bev="0" fileid="3" />
                <SequencePoint vc="1" uspid="801" ordinal="8" offset="107" sl="744" sc="13" el="744" ec="53" bec="0" bev="0" fileid="3" />
                <SequencePoint vc="1" uspid="802" ordinal="9" offset="120" sl="745" sc="9" el="745" ec="10" bec="0" bev="0" fileid="3" />
              </SequencePoints>
              <BranchPoints />
              <MethodPoint xsi:type="SequencePoint" vc="1" uspid="793" ordinal="0" offset="0" sl="729" sc="9" el="729" ec="10" bec="0" bev="0" fileid="3" />
            </Method>
            <Method visited="true" cyclomaticComplexity="1" nPathComplexity="0" sequenceCoverage="100" branchCoverage="100" crapScore="1" isConstructor="false" isStatic="false" isGetter="false" isSetter="false">
              <Summary numSequencePoints="10" visitedSequencePoints="10" numBranchPoints="1" visitedBranchPoints="1" sequenceCoverage="100" branchCoverage="100" maxCyclomaticComplexity="1" minCyclomaticComplexity="1" maxCrapScore="1" minCrapScore="1" visitedClasses="0" numClasses="0" visitedMethods="1" numMethods="1" />
              <MetadataToken>100663381</MetadataToken>
              <Name>System.Void ExMat.Objects.Tests.ExObjectTests::AssignClassToNull()</Name>
              <FileRef uid="3" />
              <SequencePoints>
                <SequencePoint vc="1" uspid="803" ordinal="0" offset="0" sl="749" sc="9" el="749" ec="10" bec="0" bev="0" fileid="3" />
                <SequencePoint vc="1" uspid="804" ordinal="1" offset="1" sl="750" sc="13" el="750" ec="41" bec="0" bev="0" fileid="3" />
                <SequencePoint vc="1" uspid="805" ordinal="2" offset="7" sl="752" sc="13" el="752" ec="35" bec="0" bev="0" fileid="3" />
                <SequencePoint vc="1" uspid="806" ordinal="3" offset="13" sl="754" sc="13" el="754" ec="38" bec="0" bev="0" fileid="3" />
                <SequencePoint vc="1" uspid="807" ordinal="4" offset="21" sl="756" sc="13" el="756" ec="77" bec="0" bev="0" fileid="3" />
                <SequencePoint vc="1" uspid="808" ordinal="5" offset="49" sl="758" sc="13" el="758" ec="71" bec="0" bev="0" fileid="3" />
                <SequencePoint vc="1" uspid="809" ordinal="6" offset="72" sl="760" sc="13" el="760" ec="57" bec="0" bev="0" fileid="3" />
                <SequencePoint vc="1" uspid="810" ordinal="7" offset="89" sl="762" sc="13" el="762" ec="58" bec="0" bev="0" fileid="3" />
                <SequencePoint vc="1" uspid="811" ordinal="8" offset="107" sl="764" sc="13" el="764" ec="50" bec="0" bev="0" fileid="3" />
                <SequencePoint vc="1" uspid="812" ordinal="9" offset="120" sl="765" sc="9" el="765" ec="10" bec="0" bev="0" fileid="3" />
              </SequencePoints>
              <BranchPoints />
              <MethodPoint xsi:type="SequencePoint" vc="1" uspid="803" ordinal="0" offset="0" sl="749" sc="9" el="749" ec="10" bec="0" bev="0" fileid="3" />
            </Method>
            <Method visited="true" cyclomaticComplexity="1" nPathComplexity="0" sequenceCoverage="100" branchCoverage="100" crapScore="1" isConstructor="false" isStatic="false" isGetter="false" isSetter="false">
              <Summary numSequencePoints="10" visitedSequencePoints="10" numBranchPoints="1" visitedBranchPoints="1" sequenceCoverage="100" branchCoverage="100" maxCyclomaticComplexity="1" minCyclomaticComplexity="1" maxCrapScore="1" minCrapScore="1" visitedClasses="0" numClasses="0" visitedMethods="1" numMethods="1" />
              <MetadataToken>100663382</MetadataToken>
              <Name>System.Void ExMat.Objects.Tests.ExObjectTests::AssignInstanceToNull()</Name>
              <FileRef uid="3" />
              <SequencePoints>
                <SequencePoint vc="1" uspid="813" ordinal="0" offset="0" sl="769" sc="9" el="769" ec="10" bec="0" bev="0" fileid="3" />
                <SequencePoint vc="1" uspid="814" ordinal="1" offset="1" sl="770" sc="13" el="770" ec="44" bec="0" bev="0" fileid="3" />
                <SequencePoint vc="1" uspid="815" ordinal="2" offset="7" sl="772" sc="13" el="772" ec="35" bec="0" bev="0" fileid="3" />
                <SequencePoint vc="1" uspid="816" ordinal="3" offset="13" sl="774" sc="13" el="774" ec="36" bec="0" bev="0" fileid="3" />
                <SequencePoint vc="1" uspid="817" ordinal="4" offset="21" sl="776" sc="13" el="776" ec="80" bec="0" bev="0" fileid="3" />
                <SequencePoint vc="1" uspid="818" ordinal="5" offset="49" sl="778" sc="13" el="778" ec="71" bec="0" bev="0" fileid="3" />
                <SequencePoint vc="1" uspid="819" ordinal="6" offset="72" sl="780" sc="13" el="780" ec="60" bec="0" bev="0" fileid="3" />
                <SequencePoint vc="1" uspid="820" ordinal="7" offset="89" sl="782" sc="13" el="782" ec="61" bec="0" bev="0" fileid="3" />
                <SequencePoint vc="1" uspid="821" ordinal="8" offset="107" sl="784" sc="13" el="784" ec="53" bec="0" bev="0" fileid="3" />
                <SequencePoint vc="1" uspid="822" ordinal="9" offset="120" sl="785" sc="9" el="785" ec="10" bec="0" bev="0" fileid="3" />
              </SequencePoints>
              <BranchPoints />
              <MethodPoint xsi:type="SequencePoint" vc="1" uspid="813" ordinal="0" offset="0" sl="769" sc="9" el="769" ec="10" bec="0" bev="0" fileid="3" />
            </Method>
            <Method visited="true" cyclomaticComplexity="1" nPathComplexity="0" sequenceCoverage="100" branchCoverage="100" crapScore="1" isConstructor="false" isStatic="false" isGetter="false" isSetter="false">
              <Summary numSequencePoints="10" visitedSequencePoints="10" numBranchPoints="1" visitedBranchPoints="1" sequenceCoverage="100" branchCoverage="100" maxCyclomaticComplexity="1" minCyclomaticComplexity="1" maxCrapScore="1" minCrapScore="1" visitedClasses="0" numClasses="0" visitedMethods="1" numMethods="1" />
              <MetadataToken>100663383</MetadataToken>
              <Name>System.Void ExMat.Objects.Tests.ExObjectTests::AssignWeakrefToNull()</Name>
              <FileRef uid="3" />
              <SequencePoints>
                <SequencePoint vc="1" uspid="823" ordinal="0" offset="0" sl="789" sc="9" el="789" ec="10" bec="0" bev="0" fileid="3" />
                <SequencePoint vc="1" uspid="824" ordinal="1" offset="1" sl="790" sc="13" el="790" ec="35" bec="0" bev="0" fileid="3" />
                <SequencePoint vc="1" uspid="825" ordinal="2" offset="7" sl="792" sc="13" el="792" ec="35" bec="0" bev="0" fileid="3" />
                <SequencePoint vc="1" uspid="826" ordinal="3" offset="13" sl="794" sc="13" el="794" ec="36" bec="0" bev="0" fileid="3" />
                <SequencePoint vc="1" uspid="827" ordinal="4" offset="21" sl="796" sc="13" el="796" ec="79" bec="0" bev="0" fileid="3" />
                <SequencePoint vc="1" uspid="828" ordinal="5" offset="49" sl="798" sc="13" el="798" ec="71" bec="0" bev="0" fileid="3" />
                <SequencePoint vc="1" uspid="829" ordinal="6" offset="72" sl="800" sc="13" el="800" ec="59" bec="0" bev="0" fileid="3" />
                <SequencePoint vc="1" uspid="830" ordinal="7" offset="89" sl="802" sc="13" el="802" ec="60" bec="0" bev="0" fileid="3" />
                <SequencePoint vc="1" uspid="831" ordinal="8" offset="107" sl="804" sc="13" el="804" ec="52" bec="0" bev="0" fileid="3" />
                <SequencePoint vc="1" uspid="832" ordinal="9" offset="120" sl="805" sc="9" el="805" ec="10" bec="0" bev="0" fileid="3" />
              </SequencePoints>
              <BranchPoints />
              <MethodPoint xsi:type="SequencePoint" vc="1" uspid="823" ordinal="0" offset="0" sl="789" sc="9" el="789" ec="10" bec="0" bev="0" fileid="3" />
            </Method>
            <Method visited="true" cyclomaticComplexity="1" nPathComplexity="0" sequenceCoverage="100" branchCoverage="100" crapScore="1" isConstructor="false" isStatic="false" isGetter="false" isSetter="false">
              <Summary numSequencePoints="9" visitedSequencePoints="9" numBranchPoints="1" visitedBranchPoints="1" sequenceCoverage="100" branchCoverage="100" maxCyclomaticComplexity="1" minCyclomaticComplexity="1" maxCrapScore="1" minCrapScore="1" visitedClasses="0" numClasses="0" visitedMethods="1" numMethods="1" />
              <MetadataToken>100663384</MetadataToken>
              <Name>System.Void ExMat.Objects.Tests.ExObjectTests::AssignOuterToNull()</Name>
              <FileRef uid="3" />
              <SequencePoints>
                <SequencePoint vc="1" uspid="833" ordinal="0" offset="0" sl="809" sc="9" el="809" ec="10" bec="0" bev="0" fileid="3" />
                <SequencePoint vc="1" uspid="834" ordinal="1" offset="1" sl="810" sc="13" el="810" ec="39" bec="0" bev="0" fileid="3" />
                <SequencePoint vc="1" uspid="835" ordinal="2" offset="7" sl="812" sc="13" el="812" ec="35" bec="0" bev="0" fileid="3" />
                <SequencePoint vc="1" uspid="836" ordinal="3" offset="13" sl="814" sc="13" el="814" ec="37" bec="0" bev="0" fileid="3" />
                <SequencePoint vc="1" uspid="837" ordinal="4" offset="21" sl="816" sc="13" el="816" ec="77" bec="0" bev="0" fileid="3" />
                <SequencePoint vc="1" uspid="838" ordinal="5" offset="49" sl="818" sc="13" el="818" ec="71" bec="0" bev="0" fileid="3" />
                <SequencePoint vc="1" uspid="839" ordinal="6" offset="72" sl="820" sc="13" el="820" ec="57" bec="0" bev="0" fileid="3" />
                <SequencePoint vc="1" uspid="840" ordinal="7" offset="89" sl="822" sc="13" el="822" ec="58" bec="0" bev="0" fileid="3" />
                <SequencePoint vc="1" uspid="841" ordinal="8" offset="107" sl="823" sc="9" el="823" ec="10" bec="0" bev="0" fileid="3" />
              </SequencePoints>
              <BranchPoints />
              <MethodPoint xsi:type="SequencePoint" vc="1" uspid="833" ordinal="0" offset="0" sl="809" sc="9" el="809" ec="10" bec="0" bev="0" fileid="3" />
            </Method>
            <Method visited="true" cyclomaticComplexity="1" nPathComplexity="0" sequenceCoverage="100" branchCoverage="100" crapScore="1" isConstructor="false" isStatic="false" isGetter="false" isSetter="false">
              <Summary numSequencePoints="9" visitedSequencePoints="9" numBranchPoints="1" visitedBranchPoints="1" sequenceCoverage="100" branchCoverage="100" maxCyclomaticComplexity="1" minCyclomaticComplexity="1" maxCrapScore="1" minCrapScore="1" visitedClasses="0" numClasses="0" visitedMethods="1" numMethods="1" />
              <MetadataToken>100663385</MetadataToken>
              <Name>System.Void ExMat.Objects.Tests.ExObjectTests::AssignPrototypeToNull()</Name>
              <FileRef uid="3" />
              <SequencePoints>
                <SequencePoint vc="1" uspid="842" ordinal="0" offset="0" sl="827" sc="9" el="827" ec="10" bec="0" bev="0" fileid="3" />
                <SequencePoint vc="1" uspid="843" ordinal="1" offset="1" sl="828" sc="13" el="828" ec="51" bec="0" bev="0" fileid="3" />
                <SequencePoint vc="1" uspid="844" ordinal="2" offset="7" sl="830" sc="13" el="830" ec="35" bec="0" bev="0" fileid="3" />
                <SequencePoint vc="1" uspid="845" ordinal="3" offset="13" sl="832" sc="13" el="832" ec="35" bec="0" bev="0" fileid="3" />
                <SequencePoint vc="1" uspid="846" ordinal="4" offset="21" sl="834" sc="13" el="834" ec="79" bec="0" bev="0" fileid="3" />
                <SequencePoint vc="1" uspid="847" ordinal="5" offset="49" sl="836" sc="13" el="836" ec="71" bec="0" bev="0" fileid="3" />
                <SequencePoint vc="1" uspid="848" ordinal="6" offset="72" sl="838" sc="13" el="838" ec="59" bec="0" bev="0" fileid="3" />
                <SequencePoint vc="1" uspid="849" ordinal="7" offset="89" sl="840" sc="13" el="840" ec="60" bec="0" bev="0" fileid="3" />
                <SequencePoint vc="1" uspid="850" ordinal="8" offset="107" sl="841" sc="9" el="841" ec="10" bec="0" bev="0" fileid="3" />
              </SequencePoints>
              <BranchPoints />
              <MethodPoint xsi:type="SequencePoint" vc="1" uspid="842" ordinal="0" offset="0" sl="827" sc="9" el="827" ec="10" bec="0" bev="0" fileid="3" />
            </Method>
            <Method visited="true" cyclomaticComplexity="1" nPathComplexity="0" sequenceCoverage="100" branchCoverage="100" crapScore="1" isConstructor="false" isStatic="false" isGetter="false" isSetter="false">
              <Summary numSequencePoints="8" visitedSequencePoints="8" numBranchPoints="1" visitedBranchPoints="1" sequenceCoverage="100" branchCoverage="100" maxCyclomaticComplexity="1" minCyclomaticComplexity="1" maxCrapScore="1" minCrapScore="1" visitedClasses="0" numClasses="0" visitedMethods="1" numMethods="1" />
              <MetadataToken>100663386</MetadataToken>
              <Name>System.Void ExMat.Objects.Tests.ExObjectTests::AssignNullExObjectToNull()</Name>
              <FileRef uid="3" />
              <SequencePoints>
                <SequencePoint vc="1" uspid="851" ordinal="0" offset="0" sl="845" sc="9" el="845" ec="10" bec="0" bev="0" fileid="3" />
                <SequencePoint vc="1" uspid="852" ordinal="1" offset="1" sl="846" sc="13" el="846" ec="34" bec="0" bev="0" fileid="3" />
                <SequencePoint vc="1" uspid="853" ordinal="2" offset="7" sl="848" sc="13" el="848" ec="35" bec="0" bev="0" fileid="3" />
                <SequencePoint vc="1" uspid="854" ordinal="3" offset="13" sl="850" sc="13" el="850" ec="37" bec="0" bev="0" fileid="3" />
                <SequencePoint vc="1" uspid="855" ordinal="4" offset="21" sl="852" sc="13" el="852" ec="50" bec="0" bev="0" fileid="3" />
                <SequencePoint vc="1" uspid="856" ordinal="5" offset="39" sl="854" sc="13" el="854" ec="52" bec="0" bev="0" fileid="3" />
                <SequencePoint vc="1" uspid="857" ordinal="6" offset="57" sl="856" sc="13" el="856" ec="51" bec="0" bev="0" fileid="3" />
                <SequencePoint vc="1" uspid="858" ordinal="7" offset="74" sl="857" sc="9" el="857" ec="10" bec="0" bev="0" fileid="3" />
              </SequencePoints>
              <BranchPoints />
              <MethodPoint xsi:type="SequencePoint" vc="1" uspid="851" ordinal="0" offset="0" sl="845" sc="9" el="845" ec="10" bec="0" bev="0" fileid="3" />
            </Method>
            <Method visited="true" cyclomaticComplexity="1" nPathComplexity="0" sequenceCoverage="100" branchCoverage="100" crapScore="1" isConstructor="false" isStatic="false" isGetter="false" isSetter="false">
              <Summary numSequencePoints="13" visitedSequencePoints="13" numBranchPoints="1" visitedBranchPoints="1" sequenceCoverage="100" branchCoverage="100" maxCyclomaticComplexity="1" minCyclomaticComplexity="1" maxCrapScore="1" minCrapScore="1" visitedClasses="0" numClasses="0" visitedMethods="1" numMethods="1" />
              <MetadataToken>100663387</MetadataToken>
              <Name>System.Void ExMat.Objects.Tests.ExObjectTests::AssignNullExObjectToListExObjectReferenceCount1()</Name>
              <FileRef uid="3" />
              <SequencePoints>
                <SequencePoint vc="1" uspid="859" ordinal="0" offset="0" sl="861" sc="9" el="861" ec="10" bec="0" bev="0" fileid="3" />
                <SequencePoint vc="1" uspid="860" ordinal="1" offset="1" sl="862" sc="13" el="862" ec="39" bec="0" bev="0" fileid="3" />
                <SequencePoint vc="1" uspid="861" ordinal="2" offset="7" sl="864" sc="13" el="864" ec="41" bec="0" bev="0" fileid="3" />
                <SequencePoint vc="1" uspid="862" ordinal="3" offset="14" sl="866" sc="13" el="866" ec="34" bec="0" bev="0" fileid="3" />
                <SequencePoint vc="1" uspid="863" ordinal="4" offset="20" sl="868" sc="13" el="868" ec="46" bec="0" bev="0" fileid="3" />
                <SequencePoint vc="1" uspid="864" ordinal="5" offset="27" sl="870" sc="13" el="870" ec="49" bec="0" bev="0" fileid="3" />
                <SequencePoint vc="1" uspid="865" ordinal="6" offset="35" sl="872" sc="13" el="872" ec="37" bec="0" bev="0" fileid="3" />
                <SequencePoint vc="1" uspid="866" ordinal="7" offset="43" sl="874" sc="13" el="874" ec="50" bec="0" bev="0" fileid="3" />
                <SequencePoint vc="1" uspid="867" ordinal="8" offset="61" sl="876" sc="13" el="876" ec="52" bec="0" bev="0" fileid="3" />
                <SequencePoint vc="1" uspid="868" ordinal="9" offset="79" sl="878" sc="13" el="878" ec="51" bec="0" bev="0" fileid="3" />
                <SequencePoint vc="1" uspid="869" ordinal="10" offset="96" sl="880" sc="13" el="880" ec="43" bec="0" bev="0" fileid="3" />
                <SequencePoint vc="1" uspid="870" ordinal="11" offset="110" sl="882" sc="13" el="882" ec="54" bec="0" bev="0" fileid="3" />
                <SequencePoint vc="1" uspid="871" ordinal="12" offset="125" sl="883" sc="9" el="883" ec="10" bec="0" bev="0" fileid="3" />
              </SequencePoints>
              <BranchPoints />
              <MethodPoint xsi:type="SequencePoint" vc="1" uspid="859" ordinal="0" offset="0" sl="861" sc="9" el="861" ec="10" bec="0" bev="0" fileid="3" />
            </Method>
            <Method visited="true" cyclomaticComplexity="2" nPathComplexity="0" sequenceCoverage="100" branchCoverage="100" crapScore="2" isConstructor="false" isStatic="false" isGetter="false" isSetter="false">
              <Summary numSequencePoints="17" visitedSequencePoints="17" numBranchPoints="1" visitedBranchPoints="1" sequenceCoverage="100" branchCoverage="100" maxCyclomaticComplexity="2" minCyclomaticComplexity="2" maxCrapScore="2" minCrapScore="2" visitedClasses="0" numClasses="0" visitedMethods="1" numMethods="1" />
              <MetadataToken>100663388</MetadataToken>
              <Name>System.Void ExMat.Objects.Tests.ExObjectTests::AssignNullExObjectToListExObjectReferenceCount2()</Name>
              <FileRef uid="3" />
              <SequencePoints>
                <SequencePoint vc="1" uspid="872" ordinal="0" offset="0" sl="887" sc="9" el="887" ec="10" bec="0" bev="0" fileid="3" />
                <SequencePoint vc="1" uspid="873" ordinal="1" offset="1" sl="888" sc="13" el="888" ec="39" bec="0" bev="0" fileid="3" />
                <SequencePoint vc="1" uspid="874" ordinal="2" offset="7" sl="890" sc="13" el="890" ec="41" bec="0" bev="0" fileid="3" />
                <SequencePoint vc="1" uspid="875" ordinal="3" offset="14" sl="892" sc="13" el="892" ec="34" bec="0" bev="0" fileid="3" />
                <SequencePoint vc="1" uspid="876" ordinal="4" offset="20" sl="894" sc="13" el="894" ec="46" bec="0" bev="0" fileid="3" />
                <SequencePoint vc="1" uspid="877" ordinal="5" offset="27" sl="896" sc="13" el="896" ec="39" bec="0" bev="0" fileid="3" />
                <SequencePoint vc="1" uspid="878" ordinal="6" offset="35" sl="898" sc="13" el="898" ec="49" bec="0" bev="0" fileid="3" />
                <SequencePoint vc="1" uspid="879" ordinal="7" offset="43" sl="900" sc="13" el="900" ec="49" bec="0" bev="0" fileid="3" />
                <SequencePoint vc="1" uspid="880" ordinal="8" offset="58" sl="902" sc="13" el="902" ec="71" bec="0" bev="0" fileid="3" />
                <SequencePoint vc="1" uspid="881" ordinal="9" offset="81" sl="904" sc="13" el="904" ec="37" bec="0" bev="0" fileid="3" />
                <SequencePoint vc="1" uspid="882" ordinal="10" offset="89" sl="906" sc="13" el="906" ec="50" bec="0" bev="0" fileid="3" />
                <SequencePoint vc="1" uspid="883" ordinal="11" offset="107" sl="908" sc="13" el="908" ec="52" bec="0" bev="0" fileid="3" />
                <SequencePoint vc="1" uspid="884" ordinal="12" offset="125" sl="910" sc="13" el="910" ec="51" bec="0" bev="0" fileid="3" />
                <SequencePoint vc="1" uspid="885" ordinal="13" offset="142" sl="912" sc="13" el="912" ec="52" bec="0" bev="0" fileid="3" />
                <SequencePoint vc="1" uspid="886" ordinal="14" offset="161" sl="914" sc="13" el="914" ec="54" bec="0" bev="0" fileid="3" />
                <SequencePoint vc="1" uspid="887" ordinal="15" offset="176" sl="916" sc="13" el="916" ec="51" bec="0" bev="0" fileid="3" />
                <SequencePoint vc="1" uspid="888" ordinal="16" offset="215" sl="917" sc="9" el="917" ec="10" bec="0" bev="0" fileid="3" />
              </SequencePoints>
              <BranchPoints />
              <MethodPoint xsi:type="SequencePoint" vc="1" uspid="872" ordinal="0" offset="0" sl="887" sc="9" el="887" ec="10" bec="0" bev="0" fileid="3" />
            </Method>
            <Method visited="true" cyclomaticComplexity="1" nPathComplexity="0" sequenceCoverage="100" branchCoverage="100" crapScore="1" isConstructor="false" isStatic="false" isGetter="false" isSetter="false">
              <Summary numSequencePoints="12" visitedSequencePoints="12" numBranchPoints="1" visitedBranchPoints="1" sequenceCoverage="100" branchCoverage="100" maxCyclomaticComplexity="1" minCyclomaticComplexity="1" maxCrapScore="1" minCrapScore="1" visitedClasses="0" numClasses="0" visitedMethods="1" numMethods="1" />
              <MetadataToken>100663389</MetadataToken>
              <Name>System.Void ExMat.Objects.Tests.ExObjectTests::AssignNullExObjectToClosureReferenceCount1()</Name>
              <FileRef uid="3" />
              <SequencePoints>
                <SequencePoint vc="1" uspid="889" ordinal="0" offset="0" sl="921" sc="9" el="921" ec="10" bec="0" bev="0" fileid="3" />
                <SequencePoint vc="1" uspid="890" ordinal="1" offset="1" sl="922" sc="13" el="922" ec="40" bec="0" bev="0" fileid="3" />
                <SequencePoint vc="1" uspid="891" ordinal="2" offset="7" sl="923" sc="13" el="923" ec="68" bec="0" bev="0" fileid="3" />
                <SequencePoint vc="1" uspid="892" ordinal="3" offset="20" sl="925" sc="13" el="925" ec="34" bec="0" bev="0" fileid="3" />
                <SequencePoint vc="1" uspid="893" ordinal="4" offset="26" sl="927" sc="13" el="927" ec="42" bec="0" bev="0" fileid="3" />
                <SequencePoint vc="1" uspid="894" ordinal="5" offset="33" sl="929" sc="13" el="929" ec="37" bec="0" bev="0" fileid="3" />
                <SequencePoint vc="1" uspid="895" ordinal="6" offset="41" sl="931" sc="13" el="931" ec="50" bec="0" bev="0" fileid="3" />
                <SequencePoint vc="1" uspid="896" ordinal="7" offset="59" sl="933" sc="13" el="933" ec="52" bec="0" bev="0" fileid="3" />
                <SequencePoint vc="1" uspid="897" ordinal="8" offset="77" sl="935" sc="13" el="935" ec="51" bec="0" bev="0" fileid="3" />
                <SequencePoint vc="1" uspid="898" ordinal="9" offset="94" sl="937" sc="13" el="937" ec="56" bec="0" bev="0" fileid="3" />
                <SequencePoint vc="1" uspid="899" ordinal="10" offset="107" sl="939" sc="13" el="939" ec="48" bec="0" bev="0" fileid="3" />
                <SequencePoint vc="1" uspid="900" ordinal="11" offset="119" sl="940" sc="9" el="940" ec="10" bec="0" bev="0" fileid="3" />
              </SequencePoints>
              <BranchPoints />
              <MethodPoint xsi:type="SequencePoint" vc="1" uspid="889" ordinal="0" offset="0" sl="921" sc="9" el="921" ec="10" bec="0" bev="0" fileid="3" />
            </Method>
            <Method visited="true" cyclomaticComplexity="1" nPathComplexity="0" sequenceCoverage="100" branchCoverage="100" crapScore="1" isConstructor="false" isStatic="false" isGetter="false" isSetter="false">
              <Summary numSequencePoints="16" visitedSequencePoints="16" numBranchPoints="1" visitedBranchPoints="1" sequenceCoverage="100" branchCoverage="100" maxCyclomaticComplexity="1" minCyclomaticComplexity="1" maxCrapScore="1" minCrapScore="1" visitedClasses="0" numClasses="0" visitedMethods="1" numMethods="1" />
              <MetadataToken>100663390</MetadataToken>
              <Name>System.Void ExMat.Objects.Tests.ExObjectTests::AssignNullExObjectToClosureReferenceCount2()</Name>
              <FileRef uid="3" />
              <SequencePoints>
                <SequencePoint vc="1" uspid="901" ordinal="0" offset="0" sl="944" sc="9" el="944" ec="10" bec="0" bev="0" fileid="3" />
                <SequencePoint vc="1" uspid="902" ordinal="1" offset="1" sl="945" sc="13" el="945" ec="40" bec="0" bev="0" fileid="3" />
                <SequencePoint vc="1" uspid="903" ordinal="2" offset="7" sl="946" sc="13" el="946" ec="68" bec="0" bev="0" fileid="3" />
                <SequencePoint vc="1" uspid="904" ordinal="3" offset="20" sl="948" sc="13" el="948" ec="34" bec="0" bev="0" fileid="3" />
                <SequencePoint vc="1" uspid="905" ordinal="4" offset="26" sl="950" sc="13" el="950" ec="42" bec="0" bev="0" fileid="3" />
                <SequencePoint vc="1" uspid="906" ordinal="5" offset="33" sl="952" sc="13" el="952" ec="39" bec="0" bev="0" fileid="3" />
                <SequencePoint vc="1" uspid="907" ordinal="6" offset="41" sl="954" sc="13" el="954" ec="55" bec="0" bev="0" fileid="3" />
                <SequencePoint vc="1" uspid="908" ordinal="7" offset="49" sl="956" sc="13" el="956" ec="52" bec="0" bev="0" fileid="3" />
                <SequencePoint vc="1" uspid="909" ordinal="8" offset="64" sl="958" sc="13" el="958" ec="71" bec="0" bev="0" fileid="3" />
                <SequencePoint vc="1" uspid="910" ordinal="9" offset="87" sl="960" sc="13" el="960" ec="37" bec="0" bev="0" fileid="3" />
                <SequencePoint vc="1" uspid="911" ordinal="10" offset="95" sl="962" sc="13" el="962" ec="50" bec="0" bev="0" fileid="3" />
                <SequencePoint vc="1" uspid="912" ordinal="11" offset="113" sl="964" sc="13" el="964" ec="52" bec="0" bev="0" fileid="3" />
                <SequencePoint vc="1" uspid="913" ordinal="12" offset="131" sl="966" sc="13" el="966" ec="51" bec="0" bev="0" fileid="3" />
                <SequencePoint vc="1" uspid="914" ordinal="13" offset="148" sl="968" sc="13" el="968" ec="42" bec="0" bev="0" fileid="3" />
                <SequencePoint vc="1" uspid="915" ordinal="14" offset="157" sl="970" sc="13" el="970" ec="52" bec="0" bev="0" fileid="3" />
                <SequencePoint vc="1" uspid="916" ordinal="15" offset="171" sl="971" sc="9" el="971" ec="10" bec="0" bev="0" fileid="3" />
              </SequencePoints>
              <BranchPoints />
              <MethodPoint xsi:type="SequencePoint" vc="1" uspid="901" ordinal="0" offset="0" sl="944" sc="9" el="944" ec="10" bec="0" bev="0" fileid="3" />
            </Method>
          </Methods>
        </Class>
        <Class>
          <Summary numSequencePoints="2" visitedSequencePoints="2" numBranchPoints="2" visitedBranchPoints="2" sequenceCoverage="100" branchCoverage="100" maxCyclomaticComplexity="1" minCyclomaticComplexity="1" maxCrapScore="2" minCrapScore="1" visitedClasses="1" numClasses="1" visitedMethods="2" numMethods="2" />
          <FullName>ExMat.Objects.Tests.ExObjectTests/&lt;&gt;c__DisplayClass5_0</FullName>
          <Methods>
            <Method visited="false" cyclomaticComplexity="1" nPathComplexity="0" sequenceCoverage="0" branchCoverage="0" crapScore="2" isConstructor="true" isStatic="false" isGetter="false" isSetter="false">
              <Summary numSequencePoints="0" visitedSequencePoints="0" numBranchPoints="0" visitedBranchPoints="0" sequenceCoverage="0" branchCoverage="0" maxCyclomaticComplexity="1" minCyclomaticComplexity="1" maxCrapScore="2" minCrapScore="2" visitedClasses="0" numClasses="0" visitedMethods="0" numMethods="0" />
              <MetadataToken>100663391</MetadataToken>
              <Name>System.Void ExMat.Objects.Tests.ExObjectTests/&lt;&gt;c__DisplayClass5_0::.ctor()</Name>
              <SequencePoints />
              <BranchPoints />
              <MethodPoint vc="0" uspid="917" ordinal="0" offset="0" />
            </Method>
            <Method visited="true" cyclomaticComplexity="1" nPathComplexity="0" sequenceCoverage="100" branchCoverage="100" crapScore="1" isConstructor="false" isStatic="false" isGetter="false" isSetter="false">
              <Summary numSequencePoints="1" visitedSequencePoints="1" numBranchPoints="1" visitedBranchPoints="1" sequenceCoverage="100" branchCoverage="100" maxCyclomaticComplexity="1" minCyclomaticComplexity="1" maxCrapScore="1" minCrapScore="1" visitedClasses="0" numClasses="0" visitedMethods="1" numMethods="1" />
              <MetadataToken>100663392</MetadataToken>
              <Name>System.Void ExMat.Objects.Tests.ExObjectTests/&lt;&gt;c__DisplayClass5_0::&lt;CreateNullInstance&gt;b__0(System.Reflection.FieldInfo)</Name>
              <FileRef uid="3" />
              <SequencePoints>
                <SequencePoint vc="4" uspid="918" ordinal="0" offset="0" sl="94" sc="32" el="94" ec="91" bec="0" bev="0" fileid="3" />
              </SequencePoints>
              <BranchPoints />
              <MethodPoint xsi:type="SequencePoint" vc="4" uspid="918" ordinal="0" offset="0" sl="94" sc="32" el="94" ec="91" bec="0" bev="0" fileid="3" />
            </Method>
            <Method visited="true" cyclomaticComplexity="1" nPathComplexity="0" sequenceCoverage="100" branchCoverage="100" crapScore="1" isConstructor="false" isStatic="false" isGetter="false" isSetter="false">
              <Summary numSequencePoints="1" visitedSequencePoints="1" numBranchPoints="1" visitedBranchPoints="1" sequenceCoverage="100" branchCoverage="100" maxCyclomaticComplexity="1" minCyclomaticComplexity="1" maxCrapScore="1" minCrapScore="1" visitedClasses="0" numClasses="0" visitedMethods="1" numMethods="1" />
              <MetadataToken>100663393</MetadataToken>
              <Name>System.Void ExMat.Objects.Tests.ExObjectTests/&lt;&gt;c__DisplayClass5_0::&lt;CreateNullInstance&gt;b__1(System.Reflection.FieldInfo)</Name>
              <FileRef uid="3" />
              <SequencePoints>
                <SequencePoint vc="12" uspid="919" ordinal="0" offset="0" sl="99" sc="32" el="99" ec="98" bec="0" bev="0" fileid="3" />
              </SequencePoints>
              <BranchPoints />
              <MethodPoint xsi:type="SequencePoint" vc="12" uspid="919" ordinal="0" offset="0" sl="99" sc="32" el="99" ec="98" bec="0" bev="0" fileid="3" />
            </Method>
          </Methods>
        </Class>
        <Class>
          <Summary numSequencePoints="1" visitedSequencePoints="1" numBranchPoints="1" visitedBranchPoints="1" sequenceCoverage="100" branchCoverage="100" maxCyclomaticComplexity="1" minCyclomaticComplexity="1" maxCrapScore="2" minCrapScore="1" visitedClasses="1" numClasses="1" visitedMethods="1" numMethods="1" />
          <FullName>ExMat.Objects.Tests.ExObjectTests/&lt;&gt;c</FullName>
          <Methods>
            <Method visited="false" cyclomaticComplexity="1" nPathComplexity="0" sequenceCoverage="0" branchCoverage="0" crapScore="2" isConstructor="true" isStatic="true" isGetter="false" isSetter="false">
              <Summary numSequencePoints="0" visitedSequencePoints="0" numBranchPoints="0" visitedBranchPoints="0" sequenceCoverage="0" branchCoverage="0" maxCyclomaticComplexity="1" minCyclomaticComplexity="1" maxCrapScore="2" minCrapScore="2" visitedClasses="0" numClasses="0" visitedMethods="0" numMethods="0" />
              <MetadataToken>100663394</MetadataToken>
              <Name>System.Void ExMat.Objects.Tests.ExObjectTests/&lt;&gt;c::.cctor()</Name>
              <SequencePoints />
              <BranchPoints />
              <MethodPoint vc="0" uspid="920" ordinal="0" offset="0" />
            </Method>
            <Method visited="false" cyclomaticComplexity="1" nPathComplexity="0" sequenceCoverage="0" branchCoverage="0" crapScore="2" isConstructor="true" isStatic="false" isGetter="false" isSetter="false">
              <Summary numSequencePoints="0" visitedSequencePoints="0" numBranchPoints="0" visitedBranchPoints="0" sequenceCoverage="0" branchCoverage="0" maxCyclomaticComplexity="1" minCyclomaticComplexity="1" maxCrapScore="2" minCrapScore="2" visitedClasses="0" numClasses="0" visitedMethods="0" numMethods="0" />
              <MetadataToken>100663395</MetadataToken>
              <Name>System.Void ExMat.Objects.Tests.ExObjectTests/&lt;&gt;c::.ctor()</Name>
              <SequencePoints />
              <BranchPoints />
              <MethodPoint vc="0" uspid="921" ordinal="0" offset="0" />
            </Method>
            <Method visited="true" cyclomaticComplexity="1" nPathComplexity="0" sequenceCoverage="100" branchCoverage="100" crapScore="1" isConstructor="false" isStatic="false" isGetter="false" isSetter="false">
              <Summary numSequencePoints="1" visitedSequencePoints="1" numBranchPoints="1" visitedBranchPoints="1" sequenceCoverage="100" branchCoverage="100" maxCyclomaticComplexity="1" minCyclomaticComplexity="1" maxCrapScore="1" minCrapScore="1" visitedClasses="0" numClasses="0" visitedMethods="1" numMethods="1" />
              <MetadataToken>100663396</MetadataToken>
              <Name>System.Void ExMat.Objects.Tests.ExObjectTests/&lt;&gt;c::&lt;AssignNullExObjectToListExObjectReferenceCount2&gt;b__47_0(ExMat.Objects.ExObject)</Name>
              <FileRef uid="3" />
              <SequencePoints>
                <SequencePoint vc="10" uspid="922" ordinal="0" offset="0" sl="916" sc="30" el="916" ec="49" bec="0" bev="0" fileid="3" />
              </SequencePoints>
              <BranchPoints />
              <MethodPoint xsi:type="SequencePoint" vc="10" uspid="922" ordinal="0" offset="0" sl="916" sc="30" el="916" ec="49" bec="0" bev="0" fileid="3" />
            </Method>
          </Methods>
        </Class>
      </Classes>
    </Module>
    <Module hash="FE-04-1D-21-14-99-8B-09-CE-E2-0C-90-B9-01-FE-15-2E-CE-D7-84">
      <Summary numSequencePoints="10526" visitedSequencePoints="638" numBranchPoints="4851" visitedBranchPoints="191" sequenceCoverage="6.06" branchCoverage="3.94" maxCyclomaticComplexity="156" minCyclomaticComplexity="1" maxCrapScore="24492" minCrapScore="2" visitedClasses="15" numClasses="63" visitedMethods="86" numMethods="825" />
      <ModulePath>C:\Projects\exmat\exmattests\bin\Debug\.netcoreapp,version=v5.0\exmat.dll</ModulePath>
      <ModuleTime>2021-09-21T13:01:10.6334146Z</ModuleTime>
      <ModuleName>exmat</ModuleName>
      <Files>
        <File uid="11" fullPath="C:\Projects\exmat\exmat\ExMat.cs" />
        <File uid="13" fullPath="C:\Projects\exmat\exmat\ExTypeCheck.cs" />
        <File uid="14" fullPath="C:\Projects\exmat\exmat\ExVM.cs" />
        <File uid="15" fullPath="C:\Projects\exmat\exmat\ExUtils.cs" />
        <File uid="18" fullPath="C:\Projects\exmat\exmat\ExPrototype.cs" />
        <File uid="19" fullPath="C:\Projects\exmat\exmat\ExOuter.cs" />
        <File uid="20" fullPath="C:\Projects\exmat\exmat\ExLexer.cs" />
        <File uid="21" fullPath="C:\Projects\exmat\exmat\ExInstr.cs" />
        <File uid="22" fullPath="C:\Projects\exmat\exmat\ExTrap.cs" />
        <File uid="23" fullPath="C:\Projects\exmat\exmat\ExEState.cs" />
        <File uid="24" fullPath="C:\Projects\exmat\exmat\ExFState.cs" />
        <File uid="26" fullPath="C:\Projects\exmat\exmat\ExSState.cs" />
        <File uid="29" fullPath="C:\Projects\exmat\exmat\ExDisposer.cs" />
        <File uid="30" fullPath="C:\Projects\exmat\exmat\ExList.cs" />
        <File uid="31" fullPath="C:\Projects\exmat\exmat\ExNativeFunc.cs" />
        <File uid="33" fullPath="C:\Projects\exmat\exmat\ExNativeParam.cs" />
        <File uid="34" fullPath="C:\Projects\exmat\exmat\ExObject.cs" />
        <File uid="35" fullPath="C:\Projects\exmat\exmat\ExRefC.cs" />
        <File uid="36" fullPath="C:\Projects\exmat\exmat\ExSpace.cs" />
        <File uid="37" fullPath="C:\Projects\exmat\exmat\ExStack.cs" />
        <File uid="38" fullPath="C:\Projects\exmat\exmat\ExWeakRef.cs" />
        <File uid="39" fullPath="C:\Projects\exmat\exmat\ExCompiler.cs" />
        <File uid="40" fullPath="C:\Projects\exmat\exmat\ExScope.cs" />
        <File uid="41" fullPath="C:\Projects\exmat\exmat\ExClosure.cs" />
        <File uid="42" fullPath="C:\Projects\exmat\exmat\ExNativeClosure.cs" />
        <File uid="43" fullPath="C:\Projects\exmat\exmat\ExClass.cs" />
        <File uid="45" fullPath="C:\Projects\exmat\exmat\ExClassMem.cs" />
        <File uid="46" fullPath="C:\Projects\exmat\exmat\ExInstance.cs" />
        <File uid="47" fullPath="C:\Projects\exmat\exmat\Exceptions\ExCompilerException.cs" />
        <File uid="48" fullPath="C:\Projects\exmat\exmat\Exceptions\ExException.cs" />
        <File uid="49" fullPath="C:\Projects\exmat\exmat\Exceptions\ExRuntimeException.cs" />
        <File uid="50" fullPath="C:\Projects\exmat\exmat\ExCallInfo.cs" />
        <File uid="51" fullPath="C:\Projects\exmat\exmat\ExLineInfo.cs" />
        <File uid="52" fullPath="C:\Projects\exmat\exmat\ExLocalInfo.cs" />
        <File uid="53" fullPath="C:\Projects\exmat\exmat\ExNode.cs" />
        <File uid="54" fullPath="C:\Projects\exmat\exmat\ExOuterInfo.cs" />
        <File uid="55" fullPath="C:\Projects\exmat\exmat\ExApi.cs" />
        <File uid="66" fullPath="C:\Projects\exmat\exmat\Attributes\ExConsoleHelper.cs" />
        <File uid="67" fullPath="C:\Projects\exmat\exmat\Attributes\ExNativeFuncBase.cs" />
        <File uid="68" fullPath="C:\Projects\exmat\exmat\Attributes\ExNativeFuncDelegate.cs" />
        <File uid="69" fullPath="C:\Projects\exmat\exmat\Attributes\ExNativeParamBase.cs" />
        <File uid="70" fullPath="C:\Projects\exmat\exmat\Attributes\ExStdLibBase.cs" />
        <File uid="71" fullPath="C:\Projects\exmat\exmat\Attributes\ExStdLibConstDict.cs" />
        <File uid="72" fullPath="C:\Projects\exmat\exmat\Attributes\ExStdLibName.cs" />
        <File uid="73" fullPath="C:\Projects\exmat\exmat\Attributes\ExStdLibRegister.cs" />
      </Files>
      <Classes>
        <Class>
          <Summary numSequencePoints="0" visitedSequencePoints="0" numBranchPoints="0" visitedBranchPoints="0" sequenceCoverage="0" branchCoverage="0" maxCyclomaticComplexity="0" minCyclomaticComplexity="0" maxCrapScore="0" minCrapScore="0" visitedClasses="0" numClasses="0" visitedMethods="0" numMethods="0" />
          <FullName>&lt;Module&gt;</FullName>
          <Methods />
        </Class>
        <Class>
          <Summary numSequencePoints="14" visitedSequencePoints="0" numBranchPoints="7" visitedBranchPoints="0" sequenceCoverage="0" branchCoverage="0" maxCyclomaticComplexity="1" minCyclomaticComplexity="1" maxCrapScore="2" minCrapScore="2" visitedClasses="0" numClasses="1" visitedMethods="0" numMethods="7" />
          <FullName>ExMat.ExMat</FullName>
          <Methods>
            <Method visited="false" cyclomaticComplexity="1" nPathComplexity="0" sequenceCoverage="0" branchCoverage="0" crapScore="2" isConstructor="false" isStatic="true" isGetter="true" isSetter="false">
              <Summary numSequencePoints="1" visitedSequencePoints="0" numBranchPoints="1" visitedBranchPoints="0" sequenceCoverage="0" branchCoverage="0" maxCyclomaticComplexity="1" minCyclomaticComplexity="1" maxCrapScore="2" minCrapScore="2" visitedClasses="0" numClasses="0" visitedMethods="0" numMethods="1" />
              <MetadataToken>100663297</MetadataToken>
              <Name>System.Int32 ExMat.ExMat::get_PreferredStackSize()</Name>
              <FileRef uid="11" />
              <SequencePoints>
                <SequencePoint vc="0" uspid="923" ordinal="0" offset="0" sl="43" sc="50" el="43" ec="54" bec="0" bev="0" fileid="11" />
              </SequencePoints>
              <BranchPoints />
              <MethodPoint xsi:type="SequencePoint" vc="0" uspid="923" ordinal="0" offset="0" sl="43" sc="50" el="43" ec="54" bec="0" bev="0" fileid="11" />
            </Method>
            <Method visited="false" cyclomaticComplexity="1" nPathComplexity="0" sequenceCoverage="0" branchCoverage="0" crapScore="2" isConstructor="false" isStatic="true" isGetter="false" isSetter="true">
              <Summary numSequencePoints="1" visitedSequencePoints="0" numBranchPoints="1" visitedBranchPoints="0" sequenceCoverage="0" branchCoverage="0" maxCyclomaticComplexity="1" minCyclomaticComplexity="1" maxCrapScore="2" minCrapScore="2" visitedClasses="0" numClasses="0" visitedMethods="0" numMethods="1" />
              <MetadataToken>100663298</MetadataToken>
              <Name>System.Void ExMat.ExMat::set_PreferredStackSize(System.Int32)</Name>
              <FileRef uid="11" />
              <SequencePoints>
                <SequencePoint vc="0" uspid="924" ordinal="0" offset="0" sl="43" sc="55" el="43" ec="59" bec="0" bev="0" fileid="11" />
              </SequencePoints>
              <BranchPoints />
              <MethodPoint xsi:type="SequencePoint" vc="0" uspid="924" ordinal="0" offset="0" sl="43" sc="55" el="43" ec="59" bec="0" bev="0" fileid="11" />
            </Method>
            <Method visited="false" cyclomaticComplexity="1" nPathComplexity="0" sequenceCoverage="0" branchCoverage="0" crapScore="2" isConstructor="false" isStatic="true" isGetter="true" isSetter="false">
              <Summary numSequencePoints="1" visitedSequencePoints="0" numBranchPoints="1" visitedBranchPoints="0" sequenceCoverage="0" branchCoverage="0" maxCyclomaticComplexity="1" minCyclomaticComplexity="1" maxCrapScore="2" minCrapScore="2" visitedClasses="0" numClasses="0" visitedMethods="0" numMethods="1" />
              <MetadataToken>100663299</MetadataToken>
              <Name>System.String ExMat.ExMat::get_PreferredConsoleTitle()</Name>
              <FileRef uid="11" />
              <SequencePoints>
                <SequencePoint vc="0" uspid="925" ordinal="0" offset="0" sl="45" sc="56" el="45" ec="60" bec="0" bev="0" fileid="11" />
              </SequencePoints>
              <BranchPoints />
              <MethodPoint xsi:type="SequencePoint" vc="0" uspid="925" ordinal="0" offset="0" sl="45" sc="56" el="45" ec="60" bec="0" bev="0" fileid="11" />
            </Method>
            <Method visited="false" cyclomaticComplexity="1" nPathComplexity="0" sequenceCoverage="0" branchCoverage="0" crapScore="2" isConstructor="false" isStatic="true" isGetter="false" isSetter="true">
              <Summary numSequencePoints="1" visitedSequencePoints="0" numBranchPoints="1" visitedBranchPoints="0" sequenceCoverage="0" branchCoverage="0" maxCyclomaticComplexity="1" minCyclomaticComplexity="1" maxCrapScore="2" minCrapScore="2" visitedClasses="0" numClasses="0" visitedMethods="0" numMethods="1" />
              <MetadataToken>100663300</MetadataToken>
              <Name>System.Void ExMat.ExMat::set_PreferredConsoleTitle(System.String)</Name>
              <FileRef uid="11" />
              <SequencePoints>
                <SequencePoint vc="0" uspid="926" ordinal="0" offset="0" sl="45" sc="61" el="45" ec="65" bec="0" bev="0" fileid="11" />
              </SequencePoints>
              <BranchPoints />
              <MethodPoint xsi:type="SequencePoint" vc="0" uspid="926" ordinal="0" offset="0" sl="45" sc="61" el="45" ec="65" bec="0" bev="0" fileid="11" />
            </Method>
            <Method visited="false" cyclomaticComplexity="1" nPathComplexity="0" sequenceCoverage="0" branchCoverage="0" crapScore="2" isConstructor="false" isStatic="true" isGetter="true" isSetter="false">
              <Summary numSequencePoints="1" visitedSequencePoints="0" numBranchPoints="1" visitedBranchPoints="0" sequenceCoverage="0" branchCoverage="0" maxCyclomaticComplexity="1" minCyclomaticComplexity="1" maxCrapScore="2" minCrapScore="2" visitedClasses="0" numClasses="0" visitedMethods="0" numMethods="1" />
              <MetadataToken>100663301</MetadataToken>
              <Name>System.String ExMat.ExMat::get_StdLibFunctionPattern()</Name>
              <FileRef uid="11" />
              <SequencePoints>
                <SequencePoint vc="0" uspid="927" ordinal="0" offset="0" sl="305" sc="56" el="310" ec="77" bec="0" bev="0" fileid="11" />
              </SequencePoints>
              <BranchPoints />
              <MethodPoint xsi:type="SequencePoint" vc="0" uspid="927" ordinal="0" offset="0" sl="305" sc="56" el="310" ec="77" bec="0" bev="0" fileid="11" />
            </Method>
            <Method visited="false" cyclomaticComplexity="1" nPathComplexity="0" sequenceCoverage="0" branchCoverage="0" crapScore="2" isConstructor="false" isStatic="true" isGetter="true" isSetter="false">
              <Summary numSequencePoints="1" visitedSequencePoints="0" numBranchPoints="1" visitedBranchPoints="0" sequenceCoverage="0" branchCoverage="0" maxCyclomaticComplexity="1" minCyclomaticComplexity="1" maxCrapScore="2" minCrapScore="2" visitedClasses="0" numClasses="0" visitedMethods="0" numMethods="1" />
              <MetadataToken>100663302</MetadataToken>
              <Name>System.Collections.Generic.Dictionary`2&lt;System.String,ExMat.ExMat/ExAssemblyType&gt; ExMat.ExMat::get_Assemblies()</Name>
              <FileRef uid="11" />
              <SequencePoints>
                <SequencePoint vc="0" uspid="928" ordinal="0" offset="0" sl="327" sc="73" el="327" ec="77" bec="0" bev="0" fileid="11" />
              </SequencePoints>
              <BranchPoints />
              <MethodPoint xsi:type="SequencePoint" vc="0" uspid="928" ordinal="0" offset="0" sl="327" sc="73" el="327" ec="77" bec="0" bev="0" fileid="11" />
            </Method>
            <Method visited="false" cyclomaticComplexity="1" nPathComplexity="0" sequenceCoverage="0" branchCoverage="0" crapScore="2" isConstructor="true" isStatic="true" isGetter="false" isSetter="false">
              <Summary numSequencePoints="8" visitedSequencePoints="0" numBranchPoints="1" visitedBranchPoints="0" sequenceCoverage="0" branchCoverage="0" maxCyclomaticComplexity="1" minCyclomaticComplexity="1" maxCrapScore="2" minCrapScore="2" visitedClasses="0" numClasses="0" visitedMethods="0" numMethods="1" />
              <MetadataToken>100663303</MetadataToken>
              <Name>System.Void ExMat.ExMat::.cctor()</Name>
              <FileRef uid="11" />
              <SequencePoints>
                <SequencePoint vc="0" uspid="929" ordinal="0" offset="0" sl="37" sc="9" el="41" ec="11" bec="0" bev="0" fileid="11" />
                <SequencePoint vc="0" uspid="930" ordinal="1" offset="27" sl="43" sc="64" el="43" ec="71" bec="0" bev="0" fileid="11" />
                <SequencePoint vc="0" uspid="931" ordinal="2" offset="37" sl="45" sc="70" el="45" ec="82" bec="0" bev="0" fileid="11" />
                <SequencePoint vc="0" uspid="932" ordinal="3" offset="47" sl="222" sc="9" el="243" ec="11" bec="0" bev="0" fileid="11" />
                <SequencePoint vc="0" uspid="933" ordinal="4" offset="283" sl="327" sc="82" el="332" ec="10" bec="0" bev="0" fileid="11" />
                <SequencePoint vc="0" uspid="934" ordinal="5" offset="332" sl="337" sc="9" el="337" ec="87" bec="0" bev="0" fileid="11" />
                <SequencePoint vc="0" uspid="935" ordinal="6" offset="347" sl="354" sc="9" el="362" ec="11" bec="0" bev="0" fileid="11" />
                <SequencePoint vc="0" uspid="936" ordinal="7" offset="437" sl="373" sc="9" el="393" ec="11" bec="0" bev="0" fileid="11" />
              </SequencePoints>
              <BranchPoints />
              <MethodPoint xsi:type="SequencePoint" vc="0" uspid="929" ordinal="0" offset="0" sl="37" sc="9" el="41" ec="11" bec="0" bev="0" fileid="11" />
            </Method>
          </Methods>
        </Class>
        <Class skippedDueTo="Delegate">
          <FullName>ExMat.ExMat/StdLibRegistery</FullName>
          <Methods />
        </Class>
        <Class skippedDueTo="Delegate">
          <FullName>ExMat.ExMat/StdLibFunction</FullName>
          <Methods />
        </Class>
        <Class skippedDueTo="Delegate">
          <FullName>ExMat.ExMat/PrinterMethod</FullName>
          <Methods />
        </Class>
        <Class skippedDueTo="Delegate">
          <FullName>ExMat.ExMat/LineReaderMethod</FullName>
          <Methods />
        </Class>
        <Class skippedDueTo="Delegate">
          <FullName>ExMat.ExMat/KeyReaderMethod</FullName>
          <Methods />
        </Class>
        <Class skippedDueTo="Delegate">
          <FullName>ExMat.ExMat/IntKeyReaderMethod</FullName>
          <Methods />
        </Class>
        <Class>
          <Summary numSequencePoints="3" visitedSequencePoints="0" numBranchPoints="7" visitedBranchPoints="0" sequenceCoverage="0" branchCoverage="0" maxCyclomaticComplexity="3" minCyclomaticComplexity="1" maxCrapScore="12" minCrapScore="2" visitedClasses="0" numClasses="1" visitedMethods="0" numMethods="3" />
          <FullName>ExMat.ExMat/&lt;&gt;c</FullName>
          <Methods>
            <Method visited="false" cyclomaticComplexity="1" nPathComplexity="0" sequenceCoverage="0" branchCoverage="0" crapScore="2" isConstructor="true" isStatic="true" isGetter="false" isSetter="false">
              <Summary numSequencePoints="0" visitedSequencePoints="0" numBranchPoints="0" visitedBranchPoints="0" sequenceCoverage="0" branchCoverage="0" maxCyclomaticComplexity="1" minCyclomaticComplexity="1" maxCrapScore="2" minCrapScore="2" visitedClasses="0" numClasses="0" visitedMethods="0" numMethods="0" />
              <MetadataToken>100664115</MetadataToken>
              <Name>System.Void ExMat.ExMat/&lt;&gt;c::.cctor()</Name>
              <SequencePoints />
              <BranchPoints />
              <MethodPoint vc="0" uspid="937" ordinal="0" offset="0" />
            </Method>
            <Method visited="false" cyclomaticComplexity="1" nPathComplexity="0" sequenceCoverage="0" branchCoverage="0" crapScore="2" isConstructor="true" isStatic="false" isGetter="false" isSetter="false">
              <Summary numSequencePoints="0" visitedSequencePoints="0" numBranchPoints="0" visitedBranchPoints="0" sequenceCoverage="0" branchCoverage="0" maxCyclomaticComplexity="1" minCyclomaticComplexity="1" maxCrapScore="2" minCrapScore="2" visitedClasses="0" numClasses="0" visitedMethods="0" numMethods="0" />
              <MetadataToken>100664116</MetadataToken>
              <Name>System.Void ExMat.ExMat/&lt;&gt;c::.ctor()</Name>
              <SequencePoints />
              <BranchPoints />
              <MethodPoint vc="0" uspid="938" ordinal="0" offset="0" />
            </Method>
            <Method visited="false" cyclomaticComplexity="1" nPathComplexity="0" sequenceCoverage="0" branchCoverage="0" crapScore="2" isConstructor="false" isStatic="false" isGetter="false" isSetter="false">
              <Summary numSequencePoints="1" visitedSequencePoints="0" numBranchPoints="1" visitedBranchPoints="0" sequenceCoverage="0" branchCoverage="0" maxCyclomaticComplexity="1" minCyclomaticComplexity="1" maxCrapScore="2" minCrapScore="2" visitedClasses="0" numClasses="0" visitedMethods="0" numMethods="1" />
              <MetadataToken>100664117</MetadataToken>
              <Name>System.Object ExMat.ExMat/&lt;&gt;c::&lt;.cctor&gt;b__57_0(System.String)</Name>
              <FileRef uid="11" />
              <SequencePoints>
                <SequencePoint vc="0" uspid="939" ordinal="0" offset="0" sl="377" sc="22" el="377" ec="61" bec="0" bev="0" fileid="11" />
              </SequencePoints>
              <BranchPoints />
              <MethodPoint xsi:type="SequencePoint" vc="0" uspid="939" ordinal="0" offset="0" sl="377" sc="22" el="377" ec="61" bec="0" bev="0" fileid="11" />
            </Method>
            <Method visited="false" cyclomaticComplexity="3" nPathComplexity="2" sequenceCoverage="0" branchCoverage="0" crapScore="12" isConstructor="false" isStatic="false" isGetter="false" isSetter="false">
              <Summary numSequencePoints="1" visitedSequencePoints="0" numBranchPoints="3" visitedBranchPoints="0" sequenceCoverage="0" branchCoverage="0" maxCyclomaticComplexity="3" minCyclomaticComplexity="3" maxCrapScore="12" minCrapScore="12" visitedClasses="0" numClasses="0" visitedMethods="0" numMethods="1" />
              <MetadataToken>100664118</MetadataToken>
              <Name>System.Object ExMat.ExMat/&lt;&gt;c::&lt;.cctor&gt;b__57_1(System.String)</Name>
              <FileRef uid="11" />
              <SequencePoints>
                <SequencePoint vc="0" uspid="940" ordinal="0" offset="0" sl="382" sc="22" el="384" ec="27" bec="2" bev="0" fileid="11" />
              </SequencePoints>
              <BranchPoints>
                <BranchPoint vc="0" uspid="941" ordinal="0" offset="15" sl="382" path="0" offsetend="17" fileid="11" />
                <BranchPoint vc="0" uspid="942" ordinal="1" offset="15" sl="382" path="1" offsetend="20" fileid="11" />
              </BranchPoints>
              <MethodPoint xsi:type="SequencePoint" vc="0" uspid="940" ordinal="0" offset="0" sl="382" sc="22" el="384" ec="27" bec="2" bev="0" fileid="11" />
            </Method>
            <Method visited="false" cyclomaticComplexity="3" nPathComplexity="2" sequenceCoverage="0" branchCoverage="0" crapScore="12" isConstructor="false" isStatic="false" isGetter="false" isSetter="false">
              <Summary numSequencePoints="1" visitedSequencePoints="0" numBranchPoints="3" visitedBranchPoints="0" sequenceCoverage="0" branchCoverage="0" maxCyclomaticComplexity="3" minCyclomaticComplexity="3" maxCrapScore="12" minCrapScore="12" visitedClasses="0" numClasses="0" visitedMethods="0" numMethods="1" />
              <MetadataToken>100664119</MetadataToken>
              <Name>System.Object ExMat.ExMat/&lt;&gt;c::&lt;.cctor&gt;b__57_2(System.String)</Name>
              <FileRef uid="11" />
              <SequencePoints>
                <SequencePoint vc="0" uspid="943" ordinal="0" offset="0" sl="389" sc="22" el="391" ec="27" bec="2" bev="0" fileid="11" />
              </SequencePoints>
              <BranchPoints>
                <BranchPoint vc="0" uspid="944" ordinal="0" offset="19" sl="389" path="0" offsetend="21" fileid="11" />
                <BranchPoint vc="0" uspid="945" ordinal="1" offset="19" sl="389" path="1" offsetend="24" fileid="11" />
              </BranchPoints>
              <MethodPoint xsi:type="SequencePoint" vc="0" uspid="943" ordinal="0" offset="0" sl="389" sc="22" el="391" ec="27" bec="2" bev="0" fileid="11" />
            </Method>
          </Methods>
        </Class>
        <Class skippedDueTo="Delegate">
          <FullName>ExMat.ExConsoleParameter</FullName>
          <Methods />
        </Class>
        <Class>
          <Summary numSequencePoints="24" visitedSequencePoints="24" numBranchPoints="10" visitedBranchPoints="10" sequenceCoverage="100" branchCoverage="100" maxCyclomaticComplexity="2" minCyclomaticComplexity="1" maxCrapScore="2" minCrapScore="1" visitedClasses="1" numClasses="1" visitedMethods="8" numMethods="8" />
          <FullName>ExMat.ExTypeCheck</FullName>
          <Methods>
            <Method visited="true" cyclomaticComplexity="1" nPathComplexity="0" sequenceCoverage="100" branchCoverage="100" crapScore="1" isConstructor="false" isStatic="true" isGetter="false" isSetter="false">
              <Summary numSequencePoints="3" visitedSequencePoints="3" numBranchPoints="1" visitedBranchPoints="1" sequenceCoverage="100" branchCoverage="100" maxCyclomaticComplexity="1" minCyclomaticComplexity="1" maxCrapScore="1" minCrapScore="1" visitedClasses="0" numClasses="0" visitedMethods="1" numMethods="1" />
              <MetadataToken>100663308</MetadataToken>
              <Name>System.Boolean ExMat.ExTypeCheck::IsNull(ExMat.Objects.ExObject)</Name>
              <FileRef uid="13" />
              <SequencePoints>
                <SequencePoint vc="27" uspid="946" ordinal="0" offset="0" sl="14" sc="9" el="14" ec="10" bec="0" bev="0" fileid="13" />
                <SequencePoint vc="27" uspid="947" ordinal="1" offset="1" sl="15" sc="13" el="15" ec="47" bec="0" bev="0" fileid="13" />
                <SequencePoint vc="27" uspid="948" ordinal="2" offset="17" sl="16" sc="9" el="16" ec="10" bec="0" bev="0" fileid="13" />
              </SequencePoints>
              <BranchPoints />
              <MethodPoint xsi:type="SequencePoint" vc="27" uspid="946" ordinal="0" offset="0" sl="14" sc="9" el="14" ec="10" bec="0" bev="0" fileid="13" />
            </Method>
            <Method visited="true" cyclomaticComplexity="1" nPathComplexity="0" sequenceCoverage="100" branchCoverage="100" crapScore="1" isConstructor="false" isStatic="true" isGetter="false" isSetter="false">
              <Summary numSequencePoints="3" visitedSequencePoints="3" numBranchPoints="1" visitedBranchPoints="1" sequenceCoverage="100" branchCoverage="100" maxCyclomaticComplexity="1" minCyclomaticComplexity="1" maxCrapScore="1" minCrapScore="1" visitedClasses="0" numClasses="0" visitedMethods="1" numMethods="1" />
              <MetadataToken>100663309</MetadataToken>
              <Name>System.Boolean ExMat.ExTypeCheck::IsNotNull(ExMat.Objects.ExObject)</Name>
              <FileRef uid="13" />
              <SequencePoints>
                <SequencePoint vc="9" uspid="949" ordinal="0" offset="0" sl="24" sc="9" el="24" ec="10" bec="0" bev="0" fileid="13" />
                <SequencePoint vc="9" uspid="950" ordinal="1" offset="1" sl="25" sc="13" el="25" ec="33" bec="0" bev="0" fileid="13" />
                <SequencePoint vc="9" uspid="951" ordinal="2" offset="13" sl="26" sc="9" el="26" ec="10" bec="0" bev="0" fileid="13" />
              </SequencePoints>
              <BranchPoints />
              <MethodPoint xsi:type="SequencePoint" vc="9" uspid="949" ordinal="0" offset="0" sl="24" sc="9" el="24" ec="10" bec="0" bev="0" fileid="13" />
            </Method>
            <Method visited="true" cyclomaticComplexity="1" nPathComplexity="0" sequenceCoverage="100" branchCoverage="100" crapScore="1" isConstructor="false" isStatic="true" isGetter="false" isSetter="false">
              <Summary numSequencePoints="3" visitedSequencePoints="3" numBranchPoints="1" visitedBranchPoints="1" sequenceCoverage="100" branchCoverage="100" maxCyclomaticComplexity="1" minCyclomaticComplexity="1" maxCrapScore="1" minCrapScore="1" visitedClasses="0" numClasses="0" visitedMethods="1" numMethods="1" />
              <MetadataToken>100663310</MetadataToken>
              <Name>System.Boolean ExMat.ExTypeCheck::IsDelegable(ExMat.Objects.ExObject)</Name>
              <FileRef uid="13" />
              <SequencePoints>
                <SequencePoint vc="16" uspid="952" ordinal="0" offset="0" sl="34" sc="9" el="34" ec="10" bec="0" bev="0" fileid="13" />
                <SequencePoint vc="16" uspid="953" ordinal="1" offset="1" sl="35" sc="13" el="35" ec="71" bec="0" bev="0" fileid="13" />
                <SequencePoint vc="16" uspid="954" ordinal="2" offset="19" sl="36" sc="9" el="36" ec="10" bec="0" bev="0" fileid="13" />
              </SequencePoints>
              <BranchPoints />
              <MethodPoint xsi:type="SequencePoint" vc="16" uspid="952" ordinal="0" offset="0" sl="34" sc="9" el="34" ec="10" bec="0" bev="0" fileid="13" />
            </Method>
            <Method visited="true" cyclomaticComplexity="2" nPathComplexity="2" sequenceCoverage="100" branchCoverage="100" crapScore="2" isConstructor="false" isStatic="true" isGetter="false" isSetter="false">
              <Summary numSequencePoints="3" visitedSequencePoints="3" numBranchPoints="3" visitedBranchPoints="3" sequenceCoverage="100" branchCoverage="100" maxCyclomaticComplexity="2" minCyclomaticComplexity="2" maxCrapScore="2" minCrapScore="2" visitedClasses="0" numClasses="0" visitedMethods="1" numMethods="1" />
              <MetadataToken>100663311</MetadataToken>
              <Name>System.Boolean ExMat.ExTypeCheck::IsRealNumber(ExMat.Objects.ExObject)</Name>
              <FileRef uid="13" />
              <SequencePoints>
                <SequencePoint vc="16" uspid="955" ordinal="0" offset="0" sl="44" sc="9" el="44" ec="10" bec="0" bev="0" fileid="13" />
                <SequencePoint vc="16" uspid="956" ordinal="1" offset="1" sl="45" sc="13" el="45" ec="69" bec="2" bev="2" fileid="13" />
                <SequencePoint vc="16" uspid="957" ordinal="2" offset="36" sl="46" sc="9" el="46" ec="10" bec="0" bev="0" fileid="13" />
              </SequencePoints>
              <BranchPoints>
                <BranchPoint vc="15" uspid="958" ordinal="0" offset="14" sl="45" path="0" offsetend="16" fileid="13" />
                <BranchPoint vc="1" uspid="959" ordinal="1" offset="14" sl="45" path="1" offsetend="29" fileid="13" />
              </BranchPoints>
              <MethodPoint xsi:type="SequencePoint" vc="16" uspid="955" ordinal="0" offset="0" sl="44" sc="9" el="44" ec="10" bec="0" bev="0" fileid="13" />
            </Method>
            <Method visited="true" cyclomaticComplexity="1" nPathComplexity="0" sequenceCoverage="100" branchCoverage="100" crapScore="1" isConstructor="false" isStatic="true" isGetter="false" isSetter="false">
              <Summary numSequencePoints="3" visitedSequencePoints="3" numBranchPoints="1" visitedBranchPoints="1" sequenceCoverage="100" branchCoverage="100" maxCyclomaticComplexity="1" minCyclomaticComplexity="1" maxCrapScore="1" minCrapScore="1" visitedClasses="0" numClasses="0" visitedMethods="1" numMethods="1" />
              <MetadataToken>100663312</MetadataToken>
              <Name>System.Boolean ExMat.ExTypeCheck::IsNumeric(ExMat.Objects.ExObject)</Name>
              <FileRef uid="13" />
              <SequencePoints>
                <SequencePoint vc="16" uspid="960" ordinal="0" offset="0" sl="54" sc="9" el="54" ec="10" bec="0" bev="0" fileid="13" />
                <SequencePoint vc="16" uspid="961" ordinal="1" offset="1" sl="55" sc="13" el="55" ec="66" bec="0" bev="0" fileid="13" />
                <SequencePoint vc="16" uspid="962" ordinal="2" offset="19" sl="56" sc="9" el="56" ec="10" bec="0" bev="0" fileid="13" />
              </SequencePoints>
              <BranchPoints />
              <MethodPoint xsi:type="SequencePoint" vc="16" uspid="960" ordinal="0" offset="0" sl="54" sc="9" el="54" ec="10" bec="0" bev="0" fileid="13" />
            </Method>
            <Method visited="true" cyclomaticComplexity="1" nPathComplexity="0" sequenceCoverage="100" branchCoverage="100" crapScore="1" isConstructor="false" isStatic="true" isGetter="false" isSetter="false">
              <Summary numSequencePoints="3" visitedSequencePoints="3" numBranchPoints="1" visitedBranchPoints="1" sequenceCoverage="100" branchCoverage="100" maxCyclomaticComplexity="1" minCyclomaticComplexity="1" maxCrapScore="1" minCrapScore="1" visitedClasses="0" numClasses="0" visitedMethods="1" numMethods="1" />
              <MetadataToken>100663313</MetadataToken>
              <Name>System.Boolean ExMat.ExTypeCheck::IsCountingRefs(ExMat.Objects.ExObject)</Name>
              <FileRef uid="13" />
              <SequencePoints>
                <SequencePoint vc="16" uspid="963" ordinal="0" offset="0" sl="64" sc="9" el="64" ec="10" bec="0" bev="0" fileid="13" />
                <SequencePoint vc="16" uspid="964" ordinal="1" offset="1" sl="65" sc="13" el="65" ec="47" bec="0" bev="0" fileid="13" />
                <SequencePoint vc="16" uspid="965" ordinal="2" offset="15" sl="66" sc="9" el="66" ec="10" bec="0" bev="0" fileid="13" />
              </SequencePoints>
              <BranchPoints />
              <MethodPoint xsi:type="SequencePoint" vc="16" uspid="963" ordinal="0" offset="0" sl="64" sc="9" el="64" ec="10" bec="0" bev="0" fileid="13" />
            </Method>
            <Method visited="true" cyclomaticComplexity="1" nPathComplexity="0" sequenceCoverage="100" branchCoverage="100" crapScore="1" isConstructor="false" isStatic="true" isGetter="false" isSetter="false">
              <Summary numSequencePoints="3" visitedSequencePoints="3" numBranchPoints="1" visitedBranchPoints="1" sequenceCoverage="100" branchCoverage="100" maxCyclomaticComplexity="1" minCyclomaticComplexity="1" maxCrapScore="1" minCrapScore="1" visitedClasses="0" numClasses="0" visitedMethods="1" numMethods="1" />
              <MetadataToken>100663314</MetadataToken>
              <Name>System.Boolean ExMat.ExTypeCheck::DoesTypeCountRef(ExMat.ExObjType)</Name>
              <FileRef uid="13" />
              <SequencePoints>
                <SequencePoint vc="77" uspid="966" ordinal="0" offset="0" sl="74" sc="9" el="74" ec="10" bec="0" bev="0" fileid="13" />
                <SequencePoint vc="77" uspid="967" ordinal="1" offset="1" sl="75" sc="13" el="75" ec="67" bec="0" bev="0" fileid="13" />
                <SequencePoint vc="77" uspid="968" ordinal="2" offset="14" sl="76" sc="9" el="76" ec="10" bec="0" bev="0" fileid="13" />
              </SequencePoints>
              <BranchPoints />
              <MethodPoint xsi:type="SequencePoint" vc="77" uspid="966" ordinal="0" offset="0" sl="74" sc="9" el="74" ec="10" bec="0" bev="0" fileid="13" />
            </Method>
            <Method visited="true" cyclomaticComplexity="1" nPathComplexity="0" sequenceCoverage="100" branchCoverage="100" crapScore="1" isConstructor="false" isStatic="true" isGetter="false" isSetter="false">
              <Summary numSequencePoints="3" visitedSequencePoints="3" numBranchPoints="1" visitedBranchPoints="1" sequenceCoverage="100" branchCoverage="100" maxCyclomaticComplexity="1" minCyclomaticComplexity="1" maxCrapScore="1" minCrapScore="1" visitedClasses="0" numClasses="0" visitedMethods="1" numMethods="1" />
              <MetadataToken>100663315</MetadataToken>
              <Name>System.Boolean ExMat.ExTypeCheck::IsFalseable(ExMat.Objects.ExObject)</Name>
              <FileRef uid="13" />
              <SequencePoints>
                <SequencePoint vc="18" uspid="969" ordinal="0" offset="0" sl="84" sc="9" el="84" ec="10" bec="0" bev="0" fileid="13" />
                <SequencePoint vc="18" uspid="970" ordinal="1" offset="1" sl="85" sc="13" el="85" ec="69" bec="0" bev="0" fileid="13" />
                <SequencePoint vc="18" uspid="971" ordinal="2" offset="19" sl="86" sc="9" el="86" ec="10" bec="0" bev="0" fileid="13" />
              </SequencePoints>
              <BranchPoints />
              <MethodPoint xsi:type="SequencePoint" vc="18" uspid="969" ordinal="0" offset="0" sl="84" sc="9" el="84" ec="10" bec="0" bev="0" fileid="13" />
            </Method>
          </Methods>
        </Class>
        <Class>
          <Summary numSequencePoints="3033" visitedSequencePoints="114" numBranchPoints="1547" visitedBranchPoints="81" sequenceCoverage="3.76" branchCoverage="5.24" maxCyclomaticComplexity="156" minCyclomaticComplexity="1" maxCrapScore="24492" minCrapScore="2" visitedClasses="1" numClasses="1" visitedMethods="8" numMethods="145" />
          <FullName>ExMat.VM.ExVM</FullName>
          <Methods>
            <Method visited="false" cyclomaticComplexity="1" nPathComplexity="0" sequenceCoverage="0" branchCoverage="0" crapScore="2" isConstructor="false" isStatic="false" isGetter="true" isSetter="false">
              <Summary numSequencePoints="1" visitedSequencePoints="0" numBranchPoints="1" visitedBranchPoints="0" sequenceCoverage="0" branchCoverage="0" maxCyclomaticComplexity="1" minCyclomaticComplexity="1" maxCrapScore="2" minCrapScore="2" visitedClasses="0" numClasses="0" visitedMethods="0" numMethods="1" />
              <MetadataToken>100663317</MetadataToken>
              <Name>System.Boolean ExMat.VM.ExVM::get_HasPrinter()</Name>
              <FileRef uid="14" />
              <SequencePoints>
                <SequencePoint vc="0" uspid="972" ordinal="0" offset="0" sl="179" sc="35" el="179" ec="50" bec="0" bev="0" fileid="14" />
              </SequencePoints>
              <BranchPoints />
              <MethodPoint xsi:type="SequencePoint" vc="0" uspid="972" ordinal="0" offset="0" sl="179" sc="35" el="179" ec="50" bec="0" bev="0" fileid="14" />
            </Method>
            <Method visited="false" cyclomaticComplexity="1" nPathComplexity="0" sequenceCoverage="0" branchCoverage="0" crapScore="2" isConstructor="false" isStatic="false" isGetter="true" isSetter="false">
              <Summary numSequencePoints="1" visitedSequencePoints="0" numBranchPoints="1" visitedBranchPoints="0" sequenceCoverage="0" branchCoverage="0" maxCyclomaticComplexity="1" minCyclomaticComplexity="1" maxCrapScore="2" minCrapScore="2" visitedClasses="0" numClasses="0" visitedMethods="0" numMethods="1" />
              <MetadataToken>100663318</MetadataToken>
              <Name>System.Boolean ExMat.VM.ExVM::get_HasLineReader()</Name>
              <FileRef uid="14" />
              <SequencePoints>
                <SequencePoint vc="0" uspid="973" ordinal="0" offset="0" sl="189" sc="38" el="189" ec="56" bec="0" bev="0" fileid="14" />
              </SequencePoints>
              <BranchPoints />
              <MethodPoint xsi:type="SequencePoint" vc="0" uspid="973" ordinal="0" offset="0" sl="189" sc="38" el="189" ec="56" bec="0" bev="0" fileid="14" />
            </Method>
            <Method visited="false" cyclomaticComplexity="1" nPathComplexity="0" sequenceCoverage="0" branchCoverage="0" crapScore="2" isConstructor="false" isStatic="false" isGetter="true" isSetter="false">
              <Summary numSequencePoints="1" visitedSequencePoints="0" numBranchPoints="1" visitedBranchPoints="0" sequenceCoverage="0" branchCoverage="0" maxCyclomaticComplexity="1" minCyclomaticComplexity="1" maxCrapScore="2" minCrapScore="2" visitedClasses="0" numClasses="0" visitedMethods="0" numMethods="1" />
              <MetadataToken>100663319</MetadataToken>
              <Name>System.Boolean ExMat.VM.ExVM::get_HasKeyReader()</Name>
              <FileRef uid="14" />
              <SequencePoints>
                <SequencePoint vc="0" uspid="974" ordinal="0" offset="0" sl="199" sc="37" el="199" ec="54" bec="0" bev="0" fileid="14" />
              </SequencePoints>
              <BranchPoints />
              <MethodPoint xsi:type="SequencePoint" vc="0" uspid="974" ordinal="0" offset="0" sl="199" sc="37" el="199" ec="54" bec="0" bev="0" fileid="14" />
            </Method>
            <Method visited="false" cyclomaticComplexity="1" nPathComplexity="0" sequenceCoverage="0" branchCoverage="0" crapScore="2" isConstructor="false" isStatic="false" isGetter="true" isSetter="false">
              <Summary numSequencePoints="1" visitedSequencePoints="0" numBranchPoints="1" visitedBranchPoints="0" sequenceCoverage="0" branchCoverage="0" maxCyclomaticComplexity="1" minCyclomaticComplexity="1" maxCrapScore="2" minCrapScore="2" visitedClasses="0" numClasses="0" visitedMethods="0" numMethods="1" />
              <MetadataToken>100663320</MetadataToken>
              <Name>System.Boolean ExMat.VM.ExVM::get_HasIntKeyReader()</Name>
              <FileRef uid="14" />
              <SequencePoints>
                <SequencePoint vc="0" uspid="975" ordinal="0" offset="0" sl="209" sc="40" el="209" ec="60" bec="0" bev="0" fileid="14" />
              </SequencePoints>
              <BranchPoints />
              <MethodPoint xsi:type="SequencePoint" vc="0" uspid="975" ordinal="0" offset="0" sl="209" sc="40" el="209" ec="60" bec="0" bev="0" fileid="14" />
            </Method>
            <Method visited="false" cyclomaticComplexity="5" nPathComplexity="8" sequenceCoverage="0" branchCoverage="0" crapScore="30" isConstructor="false" isStatic="false" isGetter="false" isSetter="false">
              <Summary numSequencePoints="28" visitedSequencePoints="0" numBranchPoints="7" visitedBranchPoints="0" sequenceCoverage="0" branchCoverage="0" maxCyclomaticComplexity="5" minCyclomaticComplexity="5" maxCrapScore="30" minCrapScore="30" visitedClasses="0" numClasses="0" visitedMethods="0" numMethods="1" />
              <MetadataToken>100663321</MetadataToken>
              <Name>System.Void ExMat.VM.ExVM::Dispose(System.Boolean)</Name>
              <FileRef uid="14" />
              <SequencePoints>
                <SequencePoint vc="0" uspid="976" ordinal="0" offset="0" sl="214" sc="9" el="214" ec="10" bec="0" bev="0" fileid="14" />
                <SequencePoint vc="0" uspid="977" ordinal="1" offset="1" sl="215" sc="13" el="215" ec="32" bec="2" bev="0" fileid="14" />
                <SequencePoint vc="0" uspid="978" ordinal="2" offset="17" sl="216" sc="13" el="216" ec="14" bec="0" bev="0" fileid="14" />
                <SequencePoint vc="0" uspid="979" ordinal="3" offset="18" sl="217" sc="17" el="217" ec="31" bec="2" bev="0" fileid="14" />
                <SequencePoint vc="0" uspid="980" ordinal="4" offset="26" sl="218" sc="17" el="218" ec="18" bec="0" bev="0" fileid="14" />
                <SequencePoint vc="0" uspid="981" ordinal="5" offset="27" sl="219" sc="21" el="219" ec="40" bec="0" bev="0" fileid="14" />
                <SequencePoint vc="0" uspid="982" ordinal="6" offset="39" sl="220" sc="21" el="220" ec="39" bec="0" bev="0" fileid="14" />
                <SequencePoint vc="0" uspid="983" ordinal="7" offset="46" sl="221" sc="21" el="221" ec="40" bec="0" bev="0" fileid="14" />
                <SequencePoint vc="0" uspid="984" ordinal="8" offset="53" sl="223" sc="21" el="223" ec="65" bec="0" bev="0" fileid="14" />
                <SequencePoint vc="0" uspid="985" ordinal="9" offset="65" sl="224" sc="21" el="224" ec="66" bec="0" bev="0" fileid="14" />
                <SequencePoint vc="0" uspid="986" ordinal="10" offset="77" sl="225" sc="21" el="225" ec="58" bec="0" bev="0" fileid="14" />
                <SequencePoint vc="0" uspid="987" ordinal="11" offset="89" sl="226" sc="21" el="226" ec="63" bec="0" bev="0" fileid="14" />
                <SequencePoint vc="0" uspid="988" ordinal="12" offset="101" sl="227" sc="21" el="227" ec="60" bec="0" bev="0" fileid="14" />
                <SequencePoint vc="0" uspid="989" ordinal="13" offset="113" sl="229" sc="21" el="229" ec="59" bec="0" bev="0" fileid="14" />
                <SequencePoint vc="0" uspid="990" ordinal="14" offset="125" sl="231" sc="21" el="231" ec="39" bec="2" bev="0" fileid="14" />
                <SequencePoint vc="0" uspid="991" ordinal="15" offset="138" sl="232" sc="21" el="232" ec="22" bec="0" bev="0" fileid="14" />
                <SequencePoint vc="0" uspid="992" ordinal="16" offset="139" sl="233" sc="30" el="233" ec="39" bec="0" bev="0" fileid="14" />
                <SequencePoint vc="0" uspid="993" ordinal="17" offset="143" sl="234" sc="25" el="234" ec="26" bec="0" bev="0" fileid="14" />
                <SequencePoint vc="0" uspid="994" ordinal="18" offset="144" sl="235" sc="29" el="235" ec="68" bec="0" bev="0" fileid="14" />
                <SequencePoint vc="0" uspid="995" ordinal="19" offset="162" sl="236" sc="25" el="236" ec="26" bec="0" bev="0" fileid="14" />
                <SequencePoint vc="0" uspid="996" ordinal="20" offset="163" sl="233" sc="56" el="233" ec="59" bec="0" bev="0" fileid="14" />
                <SequencePoint vc="0" uspid="997" ordinal="21" offset="167" sl="233" sc="41" el="233" ec="54" bec="0" bev="0" fileid="14" />
                <SequencePoint vc="0" uspid="998" ordinal="22" offset="182" sl="238" sc="25" el="238" ec="38" bec="0" bev="0" fileid="14" />
                <SequencePoint vc="0" uspid="999" ordinal="23" offset="189" sl="239" sc="21" el="239" ec="22" bec="0" bev="0" fileid="14" />
                <SequencePoint vc="0" uspid="1000" ordinal="24" offset="190" sl="240" sc="17" el="240" ec="18" bec="0" bev="0" fileid="14" />
                <SequencePoint vc="0" uspid="1001" ordinal="25" offset="191" sl="244" sc="17" el="244" ec="38" bec="0" bev="0" fileid="14" />
                <SequencePoint vc="0" uspid="1002" ordinal="26" offset="198" sl="245" sc="13" el="245" ec="14" bec="0" bev="0" fileid="14" />
                <SequencePoint vc="0" uspid="1003" ordinal="27" offset="199" sl="246" sc="9" el="246" ec="10" bec="0" bev="0" fileid="14" />
              </SequencePoints>
              <BranchPoints>
                <BranchPoint vc="0" uspid="1004" ordinal="0" offset="12" sl="215" path="0" offsetend="17" fileid="14" />
                <BranchPoint vc="0" uspid="1005" ordinal="1" offset="12" sl="215" path="1" offsetend="199" fileid="14" />
                <BranchPoint vc="0" uspid="1006" ordinal="2" offset="21" sl="217" path="0" offsetend="26" fileid="14" />
                <BranchPoint vc="0" uspid="1007" ordinal="3" offset="21" sl="217" path="1" offsetend="191" fileid="14" />
                <BranchPoint vc="0" uspid="1008" ordinal="4" offset="136" sl="231" path="0" offsetend="138" fileid="14" />
                <BranchPoint vc="0" uspid="1009" ordinal="5" offset="136" sl="231" path="1" offsetend="190" fileid="14" />
              </BranchPoints>
              <MethodPoint xsi:type="SequencePoint" vc="0" uspid="976" ordinal="0" offset="0" sl="214" sc="9" el="214" ec="10" bec="0" bev="0" fileid="14" />
            </Method>
            <Method visited="false" cyclomaticComplexity="2" nPathComplexity="2" sequenceCoverage="0" branchCoverage="0" crapScore="6" isConstructor="false" isStatic="false" isGetter="false" isSetter="false">
              <Summary numSequencePoints="7" visitedSequencePoints="0" numBranchPoints="3" visitedBranchPoints="0" sequenceCoverage="0" branchCoverage="0" maxCyclomaticComplexity="2" minCyclomaticComplexity="2" maxCrapScore="6" minCrapScore="6" visitedClasses="0" numClasses="0" visitedMethods="0" numMethods="1" />
              <MetadataToken>100663322</MetadataToken>
              <Name>System.Void ExMat.VM.ExVM::Print(System.String)</Name>
              <FileRef uid="14" />
              <SequencePoints>
                <SequencePoint vc="0" uspid="1010" ordinal="0" offset="0" sl="253" sc="9" el="253" ec="10" bec="0" bev="0" fileid="14" />
                <SequencePoint vc="0" uspid="1011" ordinal="1" offset="1" sl="254" sc="13" el="254" ec="28" bec="2" bev="0" fileid="14" />
                <SequencePoint vc="0" uspid="1012" ordinal="2" offset="11" sl="255" sc="13" el="255" ec="14" bec="0" bev="0" fileid="14" />
                <SequencePoint vc="0" uspid="1013" ordinal="3" offset="12" sl="256" sc="17" el="256" ec="30" bec="0" bev="0" fileid="14" />
                <SequencePoint vc="0" uspid="1014" ordinal="4" offset="25" sl="257" sc="17" el="257" ec="41" bec="0" bev="0" fileid="14" />
                <SequencePoint vc="0" uspid="1015" ordinal="5" offset="32" sl="258" sc="13" el="258" ec="14" bec="0" bev="0" fileid="14" />
                <SequencePoint vc="0" uspid="1016" ordinal="6" offset="33" sl="259" sc="9" el="259" ec="10" bec="0" bev="0" fileid="14" />
              </SequencePoints>
              <BranchPoints>
                <BranchPoint vc="0" uspid="1017" ordinal="0" offset="9" sl="254" path="0" offsetend="11" fileid="14" />
                <BranchPoint vc="0" uspid="1018" ordinal="1" offset="9" sl="254" path="1" offsetend="33" fileid="14" />
              </BranchPoints>
              <MethodPoint xsi:type="SequencePoint" vc="0" uspid="1010" ordinal="0" offset="0" sl="253" sc="9" el="253" ec="10" bec="0" bev="0" fileid="14" />
            </Method>
            <Method visited="false" cyclomaticComplexity="2" nPathComplexity="2" sequenceCoverage="0" branchCoverage="0" crapScore="6" isConstructor="false" isStatic="false" isGetter="false" isSetter="false">
              <Summary numSequencePoints="7" visitedSequencePoints="0" numBranchPoints="3" visitedBranchPoints="0" sequenceCoverage="0" branchCoverage="0" maxCyclomaticComplexity="2" minCyclomaticComplexity="2" maxCrapScore="6" minCrapScore="6" visitedClasses="0" numClasses="0" visitedMethods="0" numMethods="1" />
              <MetadataToken>100663323</MetadataToken>
              <Name>System.Void ExMat.VM.ExVM::PrintLine(System.String)</Name>
              <FileRef uid="14" />
              <SequencePoints>
                <SequencePoint vc="0" uspid="1019" ordinal="0" offset="0" sl="266" sc="9" el="266" ec="10" bec="0" bev="0" fileid="14" />
                <SequencePoint vc="0" uspid="1020" ordinal="1" offset="1" sl="267" sc="13" el="267" ec="28" bec="2" bev="0" fileid="14" />
                <SequencePoint vc="0" uspid="1021" ordinal="2" offset="11" sl="268" sc="13" el="268" ec="14" bec="0" bev="0" fileid="14" />
                <SequencePoint vc="0" uspid="1022" ordinal="3" offset="12" sl="269" sc="17" el="269" ec="37" bec="0" bev="0" fileid="14" />
                <SequencePoint vc="0" uspid="1023" ordinal="4" offset="35" sl="270" sc="17" el="270" ec="41" bec="0" bev="0" fileid="14" />
                <SequencePoint vc="0" uspid="1024" ordinal="5" offset="42" sl="271" sc="13" el="271" ec="14" bec="0" bev="0" fileid="14" />
                <SequencePoint vc="0" uspid="1025" ordinal="6" offset="43" sl="272" sc="9" el="272" ec="10" bec="0" bev="0" fileid="14" />
              </SequencePoints>
              <BranchPoints>
                <BranchPoint vc="0" uspid="1026" ordinal="0" offset="9" sl="267" path="0" offsetend="11" fileid="14" />
                <BranchPoint vc="0" uspid="1027" ordinal="1" offset="9" sl="267" path="1" offsetend="43" fileid="14" />
              </BranchPoints>
              <MethodPoint xsi:type="SequencePoint" vc="0" uspid="1019" ordinal="0" offset="0" sl="266" sc="9" el="266" ec="10" bec="0" bev="0" fileid="14" />
            </Method>
            <Method visited="false" cyclomaticComplexity="2" nPathComplexity="2" sequenceCoverage="0" branchCoverage="0" crapScore="6" isConstructor="false" isStatic="false" isGetter="false" isSetter="false">
              <Summary numSequencePoints="10" visitedSequencePoints="0" numBranchPoints="3" visitedBranchPoints="0" sequenceCoverage="0" branchCoverage="0" maxCyclomaticComplexity="2" minCyclomaticComplexity="2" maxCrapScore="6" minCrapScore="6" visitedClasses="0" numClasses="0" visitedMethods="0" numMethods="1" />
              <MetadataToken>100663324</MetadataToken>
              <Name>ExMat.ExFunctionStatus ExMat.VM.ExVM::AddToErrorMessage(System.String)</Name>
              <FileRef uid="14" />
              <SequencePoints>
                <SequencePoint vc="0" uspid="1028" ordinal="0" offset="0" sl="280" sc="9" el="280" ec="10" bec="0" bev="0" fileid="14" />
                <SequencePoint vc="0" uspid="1029" ordinal="1" offset="1" sl="281" sc="13" el="281" ec="51" bec="2" bev="0" fileid="14" />
                <SequencePoint vc="0" uspid="1030" ordinal="2" offset="16" sl="282" sc="13" el="282" ec="14" bec="0" bev="0" fileid="14" />
                <SequencePoint vc="0" uspid="1031" ordinal="3" offset="17" sl="283" sc="17" el="283" ec="48" bec="0" bev="0" fileid="14" />
                <SequencePoint vc="0" uspid="1032" ordinal="4" offset="34" sl="284" sc="13" el="284" ec="14" bec="0" bev="0" fileid="14" />
                <SequencePoint vc="0" uspid="1033" ordinal="5" offset="37" sl="286" sc="13" el="286" ec="14" bec="0" bev="0" fileid="14" />
                <SequencePoint vc="0" uspid="1034" ordinal="6" offset="38" sl="287" sc="17" el="287" ec="51" bec="0" bev="0" fileid="14" />
                <SequencePoint vc="0" uspid="1035" ordinal="7" offset="61" sl="288" sc="13" el="288" ec="14" bec="0" bev="0" fileid="14" />
                <SequencePoint vc="0" uspid="1036" ordinal="8" offset="62" sl="289" sc="13" el="289" ec="43" bec="0" bev="0" fileid="14" />
                <SequencePoint vc="0" uspid="1037" ordinal="9" offset="66" sl="290" sc="9" el="290" ec="10" bec="0" bev="0" fileid="14" />
              </SequencePoints>
              <BranchPoints>
                <BranchPoint vc="0" uspid="1038" ordinal="0" offset="14" sl="281" path="0" offsetend="16" fileid="14" />
                <BranchPoint vc="0" uspid="1039" ordinal="1" offset="14" sl="281" path="1" offsetend="37" fileid="14" />
              </BranchPoints>
              <MethodPoint xsi:type="SequencePoint" vc="0" uspid="1028" ordinal="0" offset="0" sl="280" sc="9" el="280" ec="10" bec="0" bev="0" fileid="14" />
            </Method>
            <Method visited="false" cyclomaticComplexity="1" nPathComplexity="0" sequenceCoverage="0" branchCoverage="0" crapScore="2" isConstructor="false" isStatic="false" isGetter="false" isSetter="false">
              <Summary numSequencePoints="3" visitedSequencePoints="0" numBranchPoints="1" visitedBranchPoints="0" sequenceCoverage="0" branchCoverage="0" maxCyclomaticComplexity="1" minCyclomaticComplexity="1" maxCrapScore="2" minCrapScore="2" visitedClasses="0" numClasses="0" visitedMethods="0" numMethods="1" />
              <MetadataToken>100663325</MetadataToken>
              <Name>ExMat.ExFunctionStatus ExMat.VM.ExVM::AddToErrorMessage(System.String,System.Object[])</Name>
              <FileRef uid="14" />
              <SequencePoints>
                <SequencePoint vc="0" uspid="1040" ordinal="0" offset="0" sl="299" sc="9" el="299" ec="10" bec="0" bev="0" fileid="14" />
                <SequencePoint vc="0" uspid="1041" ordinal="1" offset="1" sl="300" sc="13" el="300" ec="95" bec="0" bev="0" fileid="14" />
                <SequencePoint vc="0" uspid="1042" ordinal="2" offset="22" sl="301" sc="9" el="301" ec="10" bec="0" bev="0" fileid="14" />
              </SequencePoints>
              <BranchPoints />
              <MethodPoint xsi:type="SequencePoint" vc="0" uspid="1040" ordinal="0" offset="0" sl="299" sc="9" el="299" ec="10" bec="0" bev="0" fileid="14" />
            </Method>
            <Method visited="false" cyclomaticComplexity="2" nPathComplexity="2" sequenceCoverage="0" branchCoverage="0" crapScore="6" isConstructor="false" isStatic="false" isGetter="false" isSetter="false">
              <Summary numSequencePoints="3" visitedSequencePoints="0" numBranchPoints="3" visitedBranchPoints="0" sequenceCoverage="0" branchCoverage="0" maxCyclomaticComplexity="2" minCyclomaticComplexity="2" maxCrapScore="6" minCrapScore="6" visitedClasses="0" numClasses="0" visitedMethods="0" numMethods="1" />
              <MetadataToken>100663326</MetadataToken>
              <Name>System.Void ExMat.VM.ExVM::Throw(System.String,ExMat.VM.ExVM,ExMat.Exceptions.ExExceptionType)</Name>
              <FileRef uid="14" />
              <SequencePoints>
                <SequencePoint vc="0" uspid="1043" ordinal="0" offset="0" sl="310" sc="9" el="310" ec="10" bec="0" bev="0" fileid="14" />
                <SequencePoint vc="0" uspid="1044" ordinal="1" offset="1" sl="311" sc="13" el="311" ec="48" bec="2" bev="0" fileid="14" />
                <SequencePoint vc="0" uspid="1045" ordinal="2" offset="15" sl="312" sc="9" el="312" ec="10" bec="0" bev="0" fileid="14" />
              </SequencePoints>
              <BranchPoints>
                <BranchPoint vc="0" uspid="1046" ordinal="0" offset="4" sl="311" path="0" offsetend="6" fileid="14" />
                <BranchPoint vc="0" uspid="1047" ordinal="1" offset="4" sl="311" path="1" offsetend="8" fileid="14" />
              </BranchPoints>
              <MethodPoint xsi:type="SequencePoint" vc="0" uspid="1043" ordinal="0" offset="0" sl="310" sc="9" el="310" ec="10" bec="0" bev="0" fileid="14" />
            </Method>
            <Method visited="false" cyclomaticComplexity="1" nPathComplexity="0" sequenceCoverage="0" branchCoverage="0" crapScore="2" isConstructor="false" isStatic="false" isGetter="false" isSetter="false">
              <Summary numSequencePoints="3" visitedSequencePoints="0" numBranchPoints="1" visitedBranchPoints="0" sequenceCoverage="0" branchCoverage="0" maxCyclomaticComplexity="1" minCyclomaticComplexity="1" maxCrapScore="2" minCrapScore="2" visitedClasses="0" numClasses="0" visitedMethods="0" numMethods="1" />
              <MetadataToken>100663327</MetadataToken>
              <Name>System.Boolean ExMat.VM.ExVM::HasFlag(ExMat.ExInteractiveConsoleFlag)</Name>
              <FileRef uid="14" />
              <SequencePoints>
                <SequencePoint vc="0" uspid="1048" ordinal="0" offset="0" sl="319" sc="9" el="319" ec="10" bec="0" bev="0" fileid="14" />
                <SequencePoint vc="0" uspid="1049" ordinal="1" offset="1" sl="320" sc="13" el="320" ec="45" bec="0" bev="0" fileid="14" />
                <SequencePoint vc="0" uspid="1050" ordinal="2" offset="15" sl="321" sc="9" el="321" ec="10" bec="0" bev="0" fileid="14" />
              </SequencePoints>
              <BranchPoints />
              <MethodPoint xsi:type="SequencePoint" vc="0" uspid="1048" ordinal="0" offset="0" sl="319" sc="9" el="319" ec="10" bec="0" bev="0" fileid="14" />
            </Method>
            <Method visited="false" cyclomaticComplexity="1" nPathComplexity="0" sequenceCoverage="0" branchCoverage="0" crapScore="2" isConstructor="false" isStatic="false" isGetter="false" isSetter="false">
              <Summary numSequencePoints="3" visitedSequencePoints="0" numBranchPoints="1" visitedBranchPoints="0" sequenceCoverage="0" branchCoverage="0" maxCyclomaticComplexity="1" minCyclomaticComplexity="1" maxCrapScore="2" minCrapScore="2" visitedClasses="0" numClasses="0" visitedMethods="0" numMethods="1" />
              <MetadataToken>100663328</MetadataToken>
              <Name>System.Void ExMat.VM.ExVM::SetFlag(ExMat.ExInteractiveConsoleFlag)</Name>
              <FileRef uid="14" />
              <SequencePoints>
                <SequencePoint vc="0" uspid="1051" ordinal="0" offset="0" sl="328" sc="9" el="328" ec="10" bec="0" bev="0" fileid="14" />
                <SequencePoint vc="0" uspid="1052" ordinal="1" offset="1" sl="329" sc="13" el="329" ec="32" bec="0" bev="0" fileid="14" />
                <SequencePoint vc="0" uspid="1053" ordinal="2" offset="15" sl="330" sc="9" el="330" ec="10" bec="0" bev="0" fileid="14" />
              </SequencePoints>
              <BranchPoints />
              <MethodPoint xsi:type="SequencePoint" vc="0" uspid="1051" ordinal="0" offset="0" sl="328" sc="9" el="328" ec="10" bec="0" bev="0" fileid="14" />
            </Method>
            <Method visited="false" cyclomaticComplexity="1" nPathComplexity="0" sequenceCoverage="0" branchCoverage="0" crapScore="2" isConstructor="false" isStatic="false" isGetter="false" isSetter="false">
              <Summary numSequencePoints="3" visitedSequencePoints="0" numBranchPoints="1" visitedBranchPoints="0" sequenceCoverage="0" branchCoverage="0" maxCyclomaticComplexity="1" minCyclomaticComplexity="1" maxCrapScore="2" minCrapScore="2" visitedClasses="0" numClasses="0" visitedMethods="0" numMethods="1" />
              <MetadataToken>100663329</MetadataToken>
              <Name>System.Void ExMat.VM.ExVM::RemoveFlag(ExMat.ExInteractiveConsoleFlag)</Name>
              <FileRef uid="14" />
              <SequencePoints>
                <SequencePoint vc="0" uspid="1054" ordinal="0" offset="0" sl="337" sc="9" el="337" ec="10" bec="0" bev="0" fileid="14" />
                <SequencePoint vc="0" uspid="1055" ordinal="1" offset="1" sl="338" sc="13" el="338" ec="33" bec="0" bev="0" fileid="14" />
                <SequencePoint vc="0" uspid="1056" ordinal="2" offset="16" sl="339" sc="9" el="339" ec="10" bec="0" bev="0" fileid="14" />
              </SequencePoints>
              <BranchPoints />
              <MethodPoint xsi:type="SequencePoint" vc="0" uspid="1054" ordinal="0" offset="0" sl="337" sc="9" el="337" ec="10" bec="0" bev="0" fileid="14" />
            </Method>
            <Method visited="false" cyclomaticComplexity="1" nPathComplexity="0" sequenceCoverage="0" branchCoverage="0" crapScore="2" isConstructor="false" isStatic="false" isGetter="false" isSetter="false">
              <Summary numSequencePoints="3" visitedSequencePoints="0" numBranchPoints="1" visitedBranchPoints="0" sequenceCoverage="0" branchCoverage="0" maxCyclomaticComplexity="1" minCyclomaticComplexity="1" maxCrapScore="2" minCrapScore="2" visitedClasses="0" numClasses="0" visitedMethods="0" numMethods="1" />
              <MetadataToken>100663330</MetadataToken>
              <Name>System.Void ExMat.VM.ExVM::ToggleFlag(ExMat.ExInteractiveConsoleFlag)</Name>
              <FileRef uid="14" />
              <SequencePoints>
                <SequencePoint vc="0" uspid="1057" ordinal="0" offset="0" sl="346" sc="9" el="346" ec="10" bec="0" bev="0" fileid="14" />
                <SequencePoint vc="0" uspid="1058" ordinal="1" offset="1" sl="347" sc="13" el="347" ec="32" bec="0" bev="0" fileid="14" />
                <SequencePoint vc="0" uspid="1059" ordinal="2" offset="15" sl="348" sc="9" el="348" ec="10" bec="0" bev="0" fileid="14" />
              </SequencePoints>
              <BranchPoints />
              <MethodPoint xsi:type="SequencePoint" vc="0" uspid="1057" ordinal="0" offset="0" sl="346" sc="9" el="346" ec="10" bec="0" bev="0" fileid="14" />
            </Method>
            <Method visited="false" cyclomaticComplexity="3" nPathComplexity="2" sequenceCoverage="0" branchCoverage="0" crapScore="12" isConstructor="false" isStatic="false" isGetter="false" isSetter="false">
              <Summary numSequencePoints="17" visitedSequencePoints="0" numBranchPoints="3" visitedBranchPoints="0" sequenceCoverage="0" branchCoverage="0" maxCyclomaticComplexity="3" minCyclomaticComplexity="3" maxCrapScore="12" minCrapScore="12" visitedClasses="0" numClasses="0" visitedMethods="0" numMethods="1" />
              <MetadataToken>100663331</MetadataToken>
              <Name>System.Void ExMat.VM.ExVM::Initialize(System.Int32)</Name>
              <FileRef uid="14" />
              <SequencePoints>
                <SequencePoint vc="0" uspid="1060" ordinal="0" offset="0" sl="355" sc="9" el="355" ec="10" bec="0" bev="0" fileid="14" />
                <SequencePoint vc="0" uspid="1061" ordinal="1" offset="1" sl="357" sc="13" el="357" ec="31" bec="2" bev="0" fileid="14" />
                <SequencePoint vc="0" uspid="1062" ordinal="2" offset="9" sl="358" sc="13" el="358" ec="14" bec="0" bev="0" fileid="14" />
                <SequencePoint vc="0" uspid="1063" ordinal="3" offset="10" sl="359" sc="17" el="359" ec="31" bec="0" bev="0" fileid="14" />
                <SequencePoint vc="0" uspid="1064" ordinal="4" offset="13" sl="360" sc="13" el="360" ec="14" bec="0" bev="0" fileid="14" />
                <SequencePoint vc="0" uspid="1065" ordinal="5" offset="14" sl="361" sc="13" el="361" ec="35" bec="0" bev="0" fileid="14" />
                <SequencePoint vc="0" uspid="1066" ordinal="6" offset="21" sl="363" sc="13" el="363" ec="45" bec="0" bev="0" fileid="14" />
                <SequencePoint vc="0" uspid="1067" ordinal="7" offset="33" sl="365" sc="18" el="365" ec="27" bec="0" bev="0" fileid="14" />
                <SequencePoint vc="0" uspid="1068" ordinal="8" offset="37" sl="366" sc="13" el="366" ec="14" bec="0" bev="0" fileid="14" />
                <SequencePoint vc="0" uspid="1069" ordinal="9" offset="38" sl="367" sc="17" el="367" ec="34" bec="0" bev="0" fileid="14" />
                <SequencePoint vc="0" uspid="1070" ordinal="10" offset="51" sl="368" sc="13" el="368" ec="14" bec="0" bev="0" fileid="14" />
                <SequencePoint vc="0" uspid="1071" ordinal="11" offset="52" sl="365" sc="44" el="365" ec="47" bec="0" bev="0" fileid="14" />
                <SequencePoint vc="0" uspid="1072" ordinal="12" offset="56" sl="365" sc="29" el="365" ec="42" bec="0" bev="0" fileid="14" />
                <SequencePoint vc="0" uspid="1073" ordinal="13" offset="64" sl="371" sc="13" el="371" ec="35" bec="0" bev="0" fileid="14" />
                <SequencePoint vc="0" uspid="1074" ordinal="14" offset="71" sl="372" sc="13" el="372" ec="64" bec="0" bev="0" fileid="14" />
                <SequencePoint vc="0" uspid="1075" ordinal="15" offset="89" sl="374" sc="13" el="374" ec="70" bec="0" bev="0" fileid="14" />
                <SequencePoint vc="0" uspid="1076" ordinal="16" offset="105" sl="375" sc="9" el="375" ec="10" bec="0" bev="0" fileid="14" />
              </SequencePoints>
              <BranchPoints>
                <BranchPoint vc="0" uspid="1077" ordinal="0" offset="7" sl="357" path="0" offsetend="9" fileid="14" />
                <BranchPoint vc="0" uspid="1078" ordinal="1" offset="7" sl="357" path="1" offsetend="14" fileid="14" />
              </BranchPoints>
              <MethodPoint xsi:type="SequencePoint" vc="0" uspid="1060" ordinal="0" offset="0" sl="355" sc="9" el="355" ec="10" bec="0" bev="0" fileid="14" />
            </Method>
            <Method visited="false" cyclomaticComplexity="2" nPathComplexity="0" sequenceCoverage="0" branchCoverage="0" crapScore="6" isConstructor="false" isStatic="false" isGetter="false" isSetter="false">
              <Summary numSequencePoints="8" visitedSequencePoints="0" numBranchPoints="1" visitedBranchPoints="0" sequenceCoverage="0" branchCoverage="0" maxCyclomaticComplexity="2" minCyclomaticComplexity="2" maxCrapScore="6" minCrapScore="6" visitedClasses="0" numClasses="0" visitedMethods="0" numMethods="1" />
              <MetadataToken>100663332</MetadataToken>
              <Name>System.Void ExMat.VM.ExVM::FillArgumentArray(System.Collections.Generic.List`1&lt;ExMat.Objects.ExObject&gt;,System.Int32)</Name>
              <FileRef uid="14" />
              <SequencePoints>
                <SequencePoint vc="0" uspid="1079" ordinal="0" offset="0" sl="383" sc="9" el="383" ec="10" bec="0" bev="0" fileid="14" />
                <SequencePoint vc="0" uspid="1080" ordinal="1" offset="3" sl="385" sc="13" el="385" ec="14" bec="0" bev="0" fileid="14" />
                <SequencePoint vc="0" uspid="1081" ordinal="2" offset="4" sl="386" sc="17" el="386" ec="45" bec="0" bev="0" fileid="14" />
                <SequencePoint vc="0" uspid="1082" ordinal="3" offset="23" sl="387" sc="17" el="387" ec="23" bec="0" bev="0" fileid="14" />
                <SequencePoint vc="0" uspid="1083" ordinal="4" offset="30" sl="388" sc="17" el="388" ec="25" bec="0" bev="0" fileid="14" />
                <SequencePoint vc="0" uspid="1084" ordinal="5" offset="35" sl="389" sc="13" el="389" ec="14" bec="0" bev="0" fileid="14" />
                <SequencePoint vc="0" uspid="1085" ordinal="6" offset="36" sl="384" sc="13" el="384" ec="30" bec="0" bev="0" fileid="14" />
                <SequencePoint vc="0" uspid="1086" ordinal="7" offset="44" sl="390" sc="9" el="390" ec="10" bec="0" bev="0" fileid="14" />
              </SequencePoints>
              <BranchPoints />
              <MethodPoint xsi:type="SequencePoint" vc="0" uspid="1079" ordinal="0" offset="0" sl="383" sc="9" el="383" ec="10" bec="0" bev="0" fileid="14" />
            </Method>
            <Method visited="false" cyclomaticComplexity="19" nPathComplexity="16384" sequenceCoverage="0" branchCoverage="0" crapScore="380" isConstructor="false" isStatic="false" isGetter="false" isSetter="false">
              <Summary numSequencePoints="15" visitedSequencePoints="0" numBranchPoints="29" visitedBranchPoints="0" sequenceCoverage="0" branchCoverage="0" maxCyclomaticComplexity="19" minCyclomaticComplexity="19" maxCrapScore="380" minCrapScore="380" visitedClasses="0" numClasses="0" visitedMethods="0" numMethods="1" />
              <MetadataToken>100663333</MetadataToken>
              <Name>System.String ExMat.VM.ExVM::GetSimpleString(ExMat.Objects.ExObject)</Name>
              <FileRef uid="14" />
              <SequencePoints>
                <SequencePoint vc="0" uspid="1087" ordinal="0" offset="0" sl="398" sc="9" el="398" ec="10" bec="0" bev="0" fileid="14" />
                <SequencePoint vc="0" uspid="1088" ordinal="1" offset="1" sl="399" sc="13" el="399" ec="30" bec="9" bev="0" fileid="14" />
                <SequencePoint vc="0" uspid="1089" ordinal="2" offset="144" sl="412" sc="21" el="412" ec="22" bec="0" bev="0" fileid="14" />
                <SequencePoint vc="0" uspid="1090" ordinal="3" offset="145" sl="413" sc="25" el="413" ec="59" bec="0" bev="0" fileid="14" />
                <SequencePoint vc="0" uspid="1091" ordinal="4" offset="154" sl="416" sc="21" el="416" ec="22" bec="0" bev="0" fileid="14" />
                <SequencePoint vc="0" uspid="1092" ordinal="5" offset="155" sl="417" sc="25" el="417" ec="60" bec="2" bev="0" fileid="14" />
                <SequencePoint vc="0" uspid="1093" ordinal="6" offset="172" sl="418" sc="25" el="418" ec="26" bec="0" bev="0" fileid="14" />
                <SequencePoint vc="0" uspid="1094" ordinal="7" offset="173" sl="419" sc="29" el="419" ec="48" bec="0" bev="0" fileid="14" />
                <SequencePoint vc="0" uspid="1095" ordinal="8" offset="180" sl="420" sc="29" el="420" ec="50" bec="0" bev="0" fileid="14" />
                <SequencePoint vc="0" uspid="1096" ordinal="9" offset="187" sl="421" sc="29" el="421" ec="88" bec="2" bev="0" fileid="14" />
                <SequencePoint vc="0" uspid="1097" ordinal="10" offset="208" sl="422" sc="29" el="422" ec="30" bec="0" bev="0" fileid="14" />
                <SequencePoint vc="0" uspid="1098" ordinal="11" offset="209" sl="423" sc="33" el="423" ec="101" bec="2" bev="0" fileid="14" />
                <SequencePoint vc="0" uspid="1099" ordinal="12" offset="240" sl="425" sc="25" el="425" ec="26" bec="0" bev="0" fileid="14" />
                <SequencePoint vc="0" uspid="1100" ordinal="13" offset="241" sl="426" sc="25" el="426" ec="52" bec="0" bev="0" fileid="14" />
                <SequencePoint vc="0" uspid="1101" ordinal="14" offset="261" sl="429" sc="9" el="429" ec="10" bec="0" bev="0" fileid="14" />
              </SequencePoints>
              <BranchPoints>
                <BranchPoint vc="0" uspid="1102" ordinal="0" offset="32" sl="399" path="0" offsetchain="34" offsetend="36" fileid="14" />
                <BranchPoint vc="0" uspid="1103" ordinal="1" offset="32" sl="399" path="1" offsetend="144" fileid="14" />
                <BranchPoint vc="0" uspid="1104" ordinal="2" offset="42" sl="399" path="0" offsetchain="44" offsetend="154" fileid="14" />
                <BranchPoint vc="0" uspid="1105" ordinal="3" offset="42" sl="399" path="1" offsetend="144" fileid="14" />
                <BranchPoint vc="0" uspid="1106" ordinal="4" offset="52" sl="399" path="0" offsetchain="54" offsetend="56" fileid="14" />
                <BranchPoint vc="0" uspid="1107" ordinal="5" offset="52" sl="399" path="1" offsetend="144" fileid="14" />
                <BranchPoint vc="0" uspid="1108" ordinal="6" offset="62" sl="399" path="0" offsetchain="64" offsetend="66" fileid="14" />
                <BranchPoint vc="0" uspid="1109" ordinal="7" offset="62" sl="399" path="1" offsetend="144" fileid="14" />
                <BranchPoint vc="0" uspid="1110" ordinal="8" offset="72" sl="399" path="0" offsetchain="74" offsetend="154" fileid="14" />
                <BranchPoint vc="0" uspid="1111" ordinal="9" offset="72" sl="399" path="1" offsetend="144" fileid="14" />
                <BranchPoint vc="0" uspid="1112" ordinal="10" offset="90" sl="399" path="0" offsetchain="92" offsetend="94" fileid="14" />
                <BranchPoint vc="0" uspid="1113" ordinal="11" offset="90" sl="399" path="1" offsetend="144" fileid="14" />
                <BranchPoint vc="0" uspid="1114" ordinal="12" offset="100" sl="399" path="0" offsetchain="102" offsetend="104" fileid="14" />
                <BranchPoint vc="0" uspid="1115" ordinal="13" offset="100" sl="399" path="1" offsetend="144" fileid="14" />
                <BranchPoint vc="0" uspid="1116" ordinal="14" offset="110" sl="399" path="0" offsetchain="112" offsetend="154" fileid="14" />
                <BranchPoint vc="0" uspid="1117" ordinal="15" offset="110" sl="399" path="1" offsetend="144" fileid="14" />
                <BranchPoint vc="0" uspid="1118" ordinal="16" offset="120" sl="399" path="0" offsetchain="122" offsetend="124" fileid="14" />
                <BranchPoint vc="0" uspid="1119" ordinal="17" offset="120" sl="399" path="1" offsetend="144" fileid="14" />
                <BranchPoint vc="0" uspid="1120" ordinal="18" offset="130" sl="399" path="0" offsetchain="132" offsetend="134" fileid="14" />
                <BranchPoint vc="0" uspid="1121" ordinal="19" offset="130" sl="399" path="1" offsetend="144" fileid="14" />
                <BranchPoint vc="0" uspid="1122" ordinal="20" offset="140" sl="399" path="0" offsetchain="142" offsetend="154" fileid="14" />
                <BranchPoint vc="0" uspid="1123" ordinal="21" offset="140" sl="399" path="1" offsetend="144" fileid="14" />
                <BranchPoint vc="0" uspid="1124" ordinal="22" offset="170" sl="417" path="0" offsetend="172" fileid="14" />
                <BranchPoint vc="0" uspid="1125" ordinal="23" offset="170" sl="417" path="1" offsetend="241" fileid="14" />
                <BranchPoint vc="0" uspid="1126" ordinal="24" offset="206" sl="421" path="0" offsetend="208" fileid="14" />
                <BranchPoint vc="0" uspid="1127" ordinal="25" offset="206" sl="421" path="1" offsetend="240" fileid="14" />
                <BranchPoint vc="0" uspid="1128" ordinal="26" offset="221" sl="423" path="0" offsetend="223" fileid="14" />
                <BranchPoint vc="0" uspid="1129" ordinal="27" offset="221" sl="423" path="1" offsetend="230" fileid="14" />
              </BranchPoints>
              <MethodPoint xsi:type="SequencePoint" vc="0" uspid="1087" ordinal="0" offset="0" sl="398" sc="9" el="398" ec="10" bec="0" bev="0" fileid="14" />
            </Method>
            <Method visited="false" cyclomaticComplexity="20" nPathComplexity="65536" sequenceCoverage="0" branchCoverage="0" crapScore="420" isConstructor="false" isStatic="false" isGetter="false" isSetter="false">
              <Summary numSequencePoints="56" visitedSequencePoints="0" numBranchPoints="33" visitedBranchPoints="0" sequenceCoverage="0" branchCoverage="0" maxCyclomaticComplexity="20" minCyclomaticComplexity="20" maxCrapScore="420" minCrapScore="420" visitedClasses="0" numClasses="0" visitedMethods="0" numMethods="1" />
              <MetadataToken>100663334</MetadataToken>
              <Name>System.String ExMat.VM.ExVM::GetArrayString(System.Collections.Generic.List`1&lt;ExMat.Objects.ExObject&gt;,System.Boolean,System.Boolean,System.Int32,System.String)</Name>
              <FileRef uid="14" />
              <SequencePoints>
                <SequencePoint vc="0" uspid="1130" ordinal="0" offset="0" sl="432" sc="9" el="432" ec="10" bec="0" bev="0" fileid="14" />
                <SequencePoint vc="0" uspid="1131" ordinal="1" offset="1" sl="433" sc="13" el="433" ec="31" bec="2" bev="0" fileid="14" />
                <SequencePoint vc="0" uspid="1132" ordinal="2" offset="12" sl="434" sc="13" el="434" ec="14" bec="0" bev="0" fileid="14" />
                <SequencePoint vc="0" uspid="1133" ordinal="3" offset="13" sl="435" sc="17" el="435" ec="77" bec="4" bev="0" fileid="14" />
                <SequencePoint vc="0" uspid="1134" ordinal="4" offset="68" sl="437" sc="13" el="437" ec="47" bec="0" bev="0" fileid="14" />
                <SequencePoint vc="0" uspid="1135" ordinal="5" offset="79" sl="438" sc="13" el="438" ec="40" bec="0" bev="0" fileid="14" />
                <SequencePoint vc="0" uspid="1136" ordinal="6" offset="90" sl="439" sc="13" el="439" ec="23" bec="0" bev="0" fileid="14" />
                <SequencePoint vc="0" uspid="1137" ordinal="7" offset="92" sl="441" sc="13" el="441" ec="29" bec="2" bev="0" fileid="14" />
                <SequencePoint vc="0" uspid="1138" ordinal="8" offset="102" sl="442" sc="13" el="442" ec="14" bec="0" bev="0" fileid="14" />
                <SequencePoint vc="0" uspid="1139" ordinal="9" offset="103" sl="443" sc="17" el="443" ec="29" bec="0" bev="0" fileid="14" />
                <SequencePoint vc="0" uspid="1140" ordinal="10" offset="110" sl="444" sc="13" el="444" ec="14" bec="0" bev="0" fileid="14" />
                <SequencePoint vc="0" uspid="1141" ordinal="11" offset="111" sl="445" sc="13" el="445" ec="31" bec="0" bev="0" fileid="14" />
                <SequencePoint vc="0" uspid="1142" ordinal="12" offset="118" sl="447" sc="13" el="447" ec="24" bec="0" bev="0" fileid="14" />
                <SequencePoint vc="0" uspid="1143" ordinal="13" offset="124" sl="449" sc="13" el="452" ec="43" bec="6" bev="0" fileid="14" />
                <SequencePoint vc="0" uspid="1144" ordinal="14" offset="155" sl="453" sc="13" el="453" ec="14" bec="0" bev="0" fileid="14" />
                <SequencePoint vc="0" uspid="1145" ordinal="15" offset="156" sl="454" sc="17" el="454" ec="44" bec="2" bev="0" fileid="14" />
                <SequencePoint vc="0" uspid="1146" ordinal="16" offset="187" sl="455" sc="13" el="455" ec="14" bec="0" bev="0" fileid="14" />
                <SequencePoint vc="0" uspid="1147" ordinal="17" offset="188" sl="457" sc="13" el="457" ec="20" bec="0" bev="0" fileid="14" />
                <SequencePoint vc="0" uspid="1148" ordinal="18" offset="189" sl="457" sc="36" el="457" ec="39" bec="0" bev="0" fileid="14" />
                <SequencePoint vc="0" uspid="1149" ordinal="19" offset="202" sl="457" sc="22" el="457" ec="32" bec="0" bev="0" fileid="14" />
                <SequencePoint vc="0" uspid="1150" ordinal="20" offset="211" sl="458" sc="13" el="458" ec="14" bec="0" bev="0" fileid="14" />
                <SequencePoint vc="0" uspid="1151" ordinal="21" offset="212" sl="459" sc="17" el="459" ec="80" bec="0" bev="0" fileid="14" />
                <SequencePoint vc="0" uspid="1152" ordinal="22" offset="243" sl="461" sc="17" el="461" ec="46" bec="0" bev="0" fileid="14" />
                <SequencePoint vc="0" uspid="1153" ordinal="23" offset="251" sl="462" sc="17" el="462" ec="42" bec="4" bev="0" fileid="14" />
                <SequencePoint vc="0" uspid="1154" ordinal="24" offset="267" sl="463" sc="17" el="463" ec="18" bec="0" bev="0" fileid="14" />
                <SequencePoint vc="0" uspid="1155" ordinal="25" offset="268" sl="464" sc="21" el="464" ec="39" bec="2" bev="0" fileid="14" />
                <SequencePoint vc="0" uspid="1156" ordinal="26" offset="284" sl="465" sc="21" el="465" ec="22" bec="0" bev="0" fileid="14" />
                <SequencePoint vc="0" uspid="1157" ordinal="27" offset="285" sl="466" sc="25" el="466" ec="66" bec="0" bev="0" fileid="14" />
                <SequencePoint vc="0" uspid="1158" ordinal="28" offset="310" sl="467" sc="21" el="467" ec="22" bec="0" bev="0" fileid="14" />
                <SequencePoint vc="0" uspid="1159" ordinal="29" offset="311" sl="468" sc="21" el="468" ec="86" bec="0" bev="0" fileid="14" />
                <SequencePoint vc="0" uspid="1160" ordinal="30" offset="332" sl="469" sc="17" el="469" ec="18" bec="0" bev="0" fileid="14" />
                <SequencePoint vc="0" uspid="1161" ordinal="31" offset="335" sl="471" sc="17" el="471" ec="18" bec="0" bev="0" fileid="14" />
                <SequencePoint vc="0" uspid="1162" ordinal="32" offset="336" sl="472" sc="21" el="472" ec="34" bec="0" bev="0" fileid="14" />
                <SequencePoint vc="0" uspid="1163" ordinal="33" offset="345" sl="473" sc="17" el="473" ec="18" bec="0" bev="0" fileid="14" />
                <SequencePoint vc="0" uspid="1164" ordinal="34" offset="346" sl="475" sc="17" el="475" ec="21" bec="0" bev="0" fileid="14" />
                <SequencePoint vc="0" uspid="1165" ordinal="35" offset="350" sl="476" sc="17" el="476" ec="28" bec="2" bev="0" fileid="14" />
                <SequencePoint vc="0" uspid="1166" ordinal="36" offset="363" sl="477" sc="17" el="477" ec="18" bec="0" bev="0" fileid="14" />
                <SequencePoint vc="0" uspid="1167" ordinal="37" offset="364" sl="478" sc="21" el="478" ec="36" bec="0" bev="0" fileid="14" />
                <SequencePoint vc="0" uspid="1168" ordinal="38" offset="376" sl="479" sc="17" el="479" ec="18" bec="0" bev="0" fileid="14" />
                <SequencePoint vc="0" uspid="1169" ordinal="39" offset="377" sl="480" sc="13" el="480" ec="14" bec="0" bev="0" fileid="14" />
                <SequencePoint vc="0" uspid="1170" ordinal="40" offset="378" sl="457" sc="33" el="457" ec="35" bec="0" bev="0" fileid="14" />
                <SequencePoint vc="0" uspid="1171" ordinal="41" offset="407" sl="482" sc="13" el="482" ec="38" bec="4" bev="0" fileid="14" />
                <SequencePoint vc="0" uspid="1172" ordinal="42" offset="423" sl="483" sc="13" el="483" ec="14" bec="0" bev="0" fileid="14" />
                <SequencePoint vc="0" uspid="1173" ordinal="43" offset="424" sl="484" sc="17" el="484" ec="44" bec="2" bev="0" fileid="14" />
                <SequencePoint vc="0" uspid="1174" ordinal="44" offset="442" sl="485" sc="17" el="485" ec="18" bec="0" bev="0" fileid="14" />
                <SequencePoint vc="0" uspid="1175" ordinal="45" offset="443" sl="486" sc="21" el="486" ec="35" bec="0" bev="0" fileid="14" />
                <SequencePoint vc="0" uspid="1176" ordinal="46" offset="452" sl="487" sc="17" el="487" ec="18" bec="0" bev="0" fileid="14" />
                <SequencePoint vc="0" uspid="1177" ordinal="47" offset="455" sl="489" sc="17" el="489" ec="18" bec="0" bev="0" fileid="14" />
                <SequencePoint vc="0" uspid="1178" ordinal="48" offset="456" sl="490" sc="21" el="490" ec="87" bec="0" bev="0" fileid="14" />
                <SequencePoint vc="0" uspid="1179" ordinal="49" offset="482" sl="491" sc="17" el="491" ec="18" bec="0" bev="0" fileid="14" />
                <SequencePoint vc="0" uspid="1180" ordinal="50" offset="483" sl="492" sc="13" el="492" ec="14" bec="0" bev="0" fileid="14" />
                <SequencePoint vc="0" uspid="1181" ordinal="51" offset="486" sl="494" sc="13" el="494" ec="14" bec="0" bev="0" fileid="14" />
                <SequencePoint vc="0" uspid="1182" ordinal="52" offset="487" sl="495" sc="17" el="495" ec="31" bec="0" bev="0" fileid="14" />
                <SequencePoint vc="0" uspid="1183" ordinal="53" offset="496" sl="496" sc="13" el="496" ec="14" bec="0" bev="0" fileid="14" />
                <SequencePoint vc="0" uspid="1184" ordinal="54" offset="497" sl="498" sc="13" el="498" ec="33" bec="0" bev="0" fileid="14" />
                <SequencePoint vc="0" uspid="1185" ordinal="55" offset="507" sl="499" sc="9" el="499" ec="10" bec="0" bev="0" fileid="14" />
              </SequencePoints>
              <BranchPoints>
                <BranchPoint vc="0" uspid="1186" ordinal="0" offset="10" sl="433" path="0" offsetend="12" fileid="14" />
                <BranchPoint vc="0" uspid="1187" ordinal="1" offset="10" sl="433" path="1" offsetend="68" fileid="14" />
                <BranchPoint vc="0" uspid="1188" ordinal="2" offset="19" sl="435" path="0" offsetend="21" fileid="14" />
                <BranchPoint vc="0" uspid="1189" ordinal="3" offset="19" sl="435" path="1" offsetend="34" fileid="14" />
                <BranchPoint vc="0" uspid="1190" ordinal="4" offset="40" sl="435" path="0" offsetend="42" fileid="14" />
                <BranchPoint vc="0" uspid="1191" ordinal="5" offset="40" sl="435" path="1" offsetend="46" fileid="14" />
                <BranchPoint vc="0" uspid="1192" ordinal="6" offset="100" sl="441" path="0" offsetend="102" fileid="14" />
                <BranchPoint vc="0" uspid="1193" ordinal="7" offset="100" sl="441" path="1" offsetend="111" fileid="14" />
                <BranchPoint vc="0" uspid="1194" ordinal="8" offset="125" sl="449" path="0" offsetend="127" fileid="14" />
                <BranchPoint vc="0" uspid="1195" ordinal="9" offset="125" sl="449" path="1" offsetend="148" fileid="14" />
                <BranchPoint vc="0" uspid="1196" ordinal="10" offset="128" sl="449" path="0" offsetend="130" fileid="14" />
                <BranchPoint vc="0" uspid="1197" ordinal="11" offset="128" sl="449" path="1" offsetend="148" fileid="14" />
                <BranchPoint vc="0" uspid="1198" ordinal="12" offset="132" sl="449" path="0" offsetend="134" fileid="14" />
                <BranchPoint vc="0" uspid="1199" ordinal="13" offset="132" sl="449" path="1" offsetend="148" fileid="14" />
                <BranchPoint vc="0" uspid="1200" ordinal="14" offset="153" sl="449" path="0" offsetend="155" fileid="14" />
                <BranchPoint vc="0" uspid="1201" ordinal="15" offset="153" sl="449" path="1" offsetend="188" fileid="14" />
                <BranchPoint vc="0" uspid="1202" ordinal="16" offset="165" sl="454" path="0" offsetend="167" fileid="14" />
                <BranchPoint vc="0" uspid="1203" ordinal="17" offset="165" sl="454" path="1" offsetend="171" fileid="14" />
                <BranchPoint vc="0" uspid="1204" ordinal="18" offset="252" sl="462" path="0" offsetend="254" fileid="14" />
                <BranchPoint vc="0" uspid="1205" ordinal="19" offset="252" sl="462" path="1" offsetend="260" fileid="14" />
                <BranchPoint vc="0" uspid="1206" ordinal="20" offset="265" sl="462" path="0" offsetend="267" fileid="14" />
                <BranchPoint vc="0" uspid="1207" ordinal="21" offset="265" sl="462" path="1" offsetend="335" fileid="14" />
                <BranchPoint vc="0" uspid="1208" ordinal="22" offset="282" sl="464" path="0" offsetend="284" fileid="14" />
                <BranchPoint vc="0" uspid="1209" ordinal="23" offset="282" sl="464" path="1" offsetend="311" fileid="14" />
                <BranchPoint vc="0" uspid="1210" ordinal="24" offset="361" sl="476" path="0" offsetend="363" fileid="14" />
                <BranchPoint vc="0" uspid="1211" ordinal="25" offset="361" sl="476" path="1" offsetend="377" fileid="14" />
                <BranchPoint vc="0" uspid="1214" ordinal="28" offset="408" sl="482" path="0" offsetend="410" fileid="14" />
                <BranchPoint vc="0" uspid="1215" ordinal="29" offset="408" sl="482" path="1" offsetend="416" fileid="14" />
                <BranchPoint vc="0" uspid="1216" ordinal="30" offset="421" sl="482" path="0" offsetend="423" fileid="14" />
                <BranchPoint vc="0" uspid="1217" ordinal="31" offset="421" sl="482" path="1" offsetend="486" fileid="14" />
                <BranchPoint vc="0" uspid="1218" ordinal="32" offset="440" sl="484" path="0" offsetend="442" fileid="14" />
                <BranchPoint vc="0" uspid="1219" ordinal="33" offset="440" sl="484" path="1" offsetend="455" fileid="14" />
              </BranchPoints>
              <MethodPoint xsi:type="SequencePoint" vc="0" uspid="1130" ordinal="0" offset="0" sl="432" sc="9" el="432" ec="10" bec="0" bev="0" fileid="14" />
            </Method>
            <Method visited="false" cyclomaticComplexity="9" nPathComplexity="64" sequenceCoverage="0" branchCoverage="0" crapScore="90" isConstructor="false" isStatic="false" isGetter="false" isSetter="false">
              <Summary numSequencePoints="34" visitedSequencePoints="0" numBranchPoints="13" visitedBranchPoints="0" sequenceCoverage="0" branchCoverage="0" maxCyclomaticComplexity="9" minCyclomaticComplexity="9" maxCrapScore="90" minCrapScore="90" visitedClasses="0" numClasses="0" visitedMethods="0" numMethods="1" />
              <MetadataToken>100663335</MetadataToken>
              <Name>System.String ExMat.VM.ExVM::GetDictString(System.Collections.Generic.Dictionary`2&lt;System.String,ExMat.Objects.ExObject&gt;,System.Int32,System.Int32)</Name>
              <FileRef uid="14" />
              <SequencePoints>
                <SequencePoint vc="0" uspid="1220" ordinal="0" offset="0" sl="502" sc="9" el="502" ec="10" bec="0" bev="0" fileid="14" />
                <SequencePoint vc="0" uspid="1221" ordinal="1" offset="1" sl="503" sc="13" el="503" ec="31" bec="2" bev="0" fileid="14" />
                <SequencePoint vc="0" uspid="1222" ordinal="2" offset="9" sl="504" sc="13" el="504" ec="14" bec="0" bev="0" fileid="14" />
                <SequencePoint vc="0" uspid="1223" ordinal="3" offset="10" sl="505" sc="17" el="505" ec="78" bec="4" bev="0" fileid="14" />
                <SequencePoint vc="0" uspid="1224" ordinal="4" offset="65" sl="508" sc="13" el="508" ec="47" bec="0" bev="0" fileid="14" />
                <SequencePoint vc="0" uspid="1225" ordinal="5" offset="76" sl="509" sc="13" el="509" ec="37" bec="0" bev="0" fileid="14" />
                <SequencePoint vc="0" uspid="1226" ordinal="6" offset="82" sl="511" sc="13" el="511" ec="30" bec="2" bev="0" fileid="14" />
                <SequencePoint vc="0" uspid="1227" ordinal="7" offset="92" sl="512" sc="13" el="512" ec="14" bec="0" bev="0" fileid="14" />
                <SequencePoint vc="0" uspid="1228" ordinal="8" offset="93" sl="513" sc="17" el="513" ec="30" bec="0" bev="0" fileid="14" />
                <SequencePoint vc="0" uspid="1229" ordinal="9" offset="100" sl="514" sc="13" el="514" ec="14" bec="0" bev="0" fileid="14" />
                <SequencePoint vc="0" uspid="1230" ordinal="10" offset="101" sl="515" sc="13" el="515" ec="32" bec="0" bev="0" fileid="14" />
                <SequencePoint vc="0" uspid="1231" ordinal="11" offset="108" sl="517" sc="13" el="517" ec="23" bec="2" bev="0" fileid="14" />
                <SequencePoint vc="0" uspid="1232" ordinal="12" offset="118" sl="518" sc="13" el="518" ec="14" bec="0" bev="0" fileid="14" />
                <SequencePoint vc="0" uspid="1233" ordinal="13" offset="119" sl="519" sc="17" el="519" ec="75" bec="0" bev="0" fileid="14" />
                <SequencePoint vc="0" uspid="1234" ordinal="14" offset="145" sl="520" sc="13" el="520" ec="14" bec="0" bev="0" fileid="14" />
                <SequencePoint vc="0" uspid="1235" ordinal="15" offset="148" sl="522" sc="13" el="522" ec="14" bec="0" bev="0" fileid="14" />
                <SequencePoint vc="0" uspid="1236" ordinal="16" offset="149" sl="523" sc="17" el="523" ec="31" bec="0" bev="0" fileid="14" />
                <SequencePoint vc="0" uspid="1237" ordinal="17" offset="158" sl="524" sc="13" el="524" ec="14" bec="0" bev="0" fileid="14" />
                <SequencePoint vc="0" uspid="1238" ordinal="18" offset="159" sl="526" sc="13" el="526" ec="24" bec="0" bev="0" fileid="14" />
                <SequencePoint vc="0" uspid="1239" ordinal="19" offset="164" sl="528" sc="13" el="528" ec="23" bec="2" bev="0" fileid="14" />
                <SequencePoint vc="0" uspid="1240" ordinal="20" offset="174" sl="529" sc="13" el="529" ec="14" bec="0" bev="0" fileid="14" />
                <SequencePoint vc="0" uspid="1241" ordinal="21" offset="175" sl="530" sc="17" el="530" ec="63" bec="0" bev="0" fileid="14" />
                <SequencePoint vc="0" uspid="1242" ordinal="22" offset="194" sl="531" sc="13" el="531" ec="14" bec="0" bev="0" fileid="14" />
                <SequencePoint vc="0" uspid="1243" ordinal="23" offset="195" sl="533" sc="13" el="533" ec="20" bec="0" bev="0" fileid="14" />
                <SequencePoint vc="0" uspid="1244" ordinal="24" offset="196" sl="533" sc="61" el="533" ec="65" bec="0" bev="0" fileid="14" />
                <SequencePoint vc="0" uspid="1245" ordinal="25" offset="206" sl="533" sc="22" el="533" ec="57" bec="0" bev="0" fileid="14" />
                <SequencePoint vc="0" uspid="1246" ordinal="26" offset="215" sl="534" sc="13" el="534" ec="14" bec="0" bev="0" fileid="14" />
                <SequencePoint vc="0" uspid="1247" ordinal="27" offset="216" sl="535" sc="17" el="535" ec="102" bec="0" bev="0" fileid="14" />
                <SequencePoint vc="0" uspid="1248" ordinal="28" offset="243" sl="537" sc="17" el="537" ec="105" bec="0" bev="0" fileid="14" />
                <SequencePoint vc="0" uspid="1249" ordinal="29" offset="273" sl="539" sc="13" el="539" ec="14" bec="0" bev="0" fileid="14" />
                <SequencePoint vc="0" uspid="1250" ordinal="30" offset="274" sl="533" sc="58" el="533" ec="60" bec="0" bev="0" fileid="14" />
                <SequencePoint vc="0" uspid="1251" ordinal="31" offset="300" sl="540" sc="13" el="540" ec="58" bec="0" bev="0" fileid="14" />
                <SequencePoint vc="0" uspid="1252" ordinal="32" offset="319" sl="542" sc="13" el="542" ec="33" bec="0" bev="0" fileid="14" />
                <SequencePoint vc="0" uspid="1253" ordinal="33" offset="329" sl="543" sc="9" el="543" ec="10" bec="0" bev="0" fileid="14" />
              </SequencePoints>
              <BranchPoints>
                <BranchPoint vc="0" uspid="1254" ordinal="0" offset="7" sl="503" path="0" offsetend="9" fileid="14" />
                <BranchPoint vc="0" uspid="1255" ordinal="1" offset="7" sl="503" path="1" offsetend="65" fileid="14" />
                <BranchPoint vc="0" uspid="1256" ordinal="2" offset="16" sl="505" path="0" offsetend="18" fileid="14" />
                <BranchPoint vc="0" uspid="1257" ordinal="3" offset="16" sl="505" path="1" offsetend="31" fileid="14" />
                <BranchPoint vc="0" uspid="1258" ordinal="4" offset="37" sl="505" path="0" offsetend="39" fileid="14" />
                <BranchPoint vc="0" uspid="1259" ordinal="5" offset="37" sl="505" path="1" offsetend="43" fileid="14" />
                <BranchPoint vc="0" uspid="1260" ordinal="6" offset="90" sl="511" path="0" offsetend="92" fileid="14" />
                <BranchPoint vc="0" uspid="1261" ordinal="7" offset="90" sl="511" path="1" offsetend="101" fileid="14" />
                <BranchPoint vc="0" uspid="1262" ordinal="8" offset="116" sl="517" path="0" offsetend="118" fileid="14" />
                <BranchPoint vc="0" uspid="1263" ordinal="9" offset="116" sl="517" path="1" offsetend="148" fileid="14" />
                <BranchPoint vc="0" uspid="1264" ordinal="10" offset="172" sl="528" path="0" offsetend="174" fileid="14" />
                <BranchPoint vc="0" uspid="1265" ordinal="11" offset="172" sl="528" path="1" offsetend="195" fileid="14" />
              </BranchPoints>
              <MethodPoint xsi:type="SequencePoint" vc="0" uspid="1220" ordinal="0" offset="0" sl="502" sc="9" el="502" ec="10" bec="0" bev="0" fileid="14" />
            </Method>
            <Method visited="false" cyclomaticComplexity="21" nPathComplexity="65536" sequenceCoverage="0" branchCoverage="0" crapScore="462" isConstructor="false" isStatic="false" isGetter="false" isSetter="false">
              <Summary numSequencePoints="48" visitedSequencePoints="0" numBranchPoints="33" visitedBranchPoints="0" sequenceCoverage="0" branchCoverage="0" maxCyclomaticComplexity="21" minCyclomaticComplexity="21" maxCrapScore="462" minCrapScore="462" visitedClasses="0" numClasses="0" visitedMethods="0" numMethods="1" />
              <MetadataToken>100663336</MetadataToken>
              <Name>System.Boolean ExMat.VM.ExVM::ToString(ExMat.Objects.ExObject,ExMat.Objects.ExObject&amp;,System.Int32,System.Boolean,System.Boolean,System.String,System.Int32)</Name>
              <FileRef uid="14" />
              <SequencePoints>
                <SequencePoint vc="0" uspid="1266" ordinal="0" offset="0" sl="563" sc="9" el="563" ec="10" bec="0" bev="0" fileid="14" />
                <SequencePoint vc="0" uspid="1267" ordinal="1" offset="1" sl="564" sc="13" el="564" ec="30" bec="19" bev="0" fileid="14" />
                <SequencePoint vc="0" uspid="1268" ordinal="2" offset="180" sl="567" sc="21" el="567" ec="22" bec="0" bev="0" fileid="14" />
                <SequencePoint vc="0" uspid="1269" ordinal="3" offset="181" sl="568" sc="25" el="568" ec="59" bec="0" bev="0" fileid="14" />
                <SequencePoint vc="0" uspid="1270" ordinal="4" offset="194" sl="569" sc="25" el="569" ec="31" bec="0" bev="0" fileid="14" />
                <SequencePoint vc="0" uspid="1271" ordinal="5" offset="199" sl="572" sc="21" el="572" ec="22" bec="0" bev="0" fileid="14" />
                <SequencePoint vc="0" uspid="1272" ordinal="6" offset="200" sl="573" sc="25" el="573" ec="86" bec="0" bev="0" fileid="14" />
                <SequencePoint vc="0" uspid="1273" ordinal="7" offset="226" sl="574" sc="25" el="574" ec="31" bec="0" bev="0" fileid="14" />
                <SequencePoint vc="0" uspid="1274" ordinal="8" offset="231" sl="577" sc="21" el="577" ec="22" bec="0" bev="0" fileid="14" />
                <SequencePoint vc="0" uspid="1275" ordinal="9" offset="232" sl="578" sc="25" el="578" ec="62" bec="0" bev="0" fileid="14" />
                <SequencePoint vc="0" uspid="1276" ordinal="10" offset="245" sl="579" sc="25" el="579" ec="31" bec="0" bev="0" fileid="14" />
                <SequencePoint vc="0" uspid="1277" ordinal="11" offset="250" sl="582" sc="21" el="582" ec="22" bec="0" bev="0" fileid="14" />
                <SequencePoint vc="0" uspid="1278" ordinal="12" offset="251" sl="583" sc="25" el="583" ec="113" bec="2" bev="0" fileid="14" />
                <SequencePoint vc="0" uspid="1279" ordinal="13" offset="304" sl="584" sc="25" el="584" ec="31" bec="0" bev="0" fileid="14" />
                <SequencePoint vc="0" uspid="1280" ordinal="14" offset="309" sl="587" sc="21" el="587" ec="22" bec="0" bev="0" fileid="14" />
                <SequencePoint vc="0" uspid="1281" ordinal="15" offset="310" sl="588" sc="25" el="588" ec="69" bec="2" bev="0" fileid="14" />
                <SequencePoint vc="0" uspid="1282" ordinal="16" offset="337" sl="589" sc="25" el="589" ec="31" bec="0" bev="0" fileid="14" />
                <SequencePoint vc="0" uspid="1283" ordinal="17" offset="342" sl="592" sc="21" el="592" ec="22" bec="0" bev="0" fileid="14" />
                <SequencePoint vc="0" uspid="1284" ordinal="18" offset="343" sl="593" sc="25" el="593" ec="79" bec="2" bev="0" fileid="14" />
                <SequencePoint vc="0" uspid="1285" ordinal="19" offset="370" sl="594" sc="25" el="594" ec="31" bec="0" bev="0" fileid="14" />
                <SequencePoint vc="0" uspid="1286" ordinal="20" offset="375" sl="597" sc="21" el="597" ec="22" bec="0" bev="0" fileid="14" />
                <SequencePoint vc="0" uspid="1287" ordinal="21" offset="376" sl="598" sc="25" el="598" ec="98" bec="0" bev="0" fileid="14" />
                <SequencePoint vc="0" uspid="1288" ordinal="22" offset="402" sl="599" sc="25" el="599" ec="31" bec="0" bev="0" fileid="14" />
                <SequencePoint vc="0" uspid="1289" ordinal="23" offset="407" sl="602" sc="21" el="602" ec="22" bec="0" bev="0" fileid="14" />
                <SequencePoint vc="0" uspid="1290" ordinal="24" offset="408" sl="603" sc="25" el="603" ec="89" bec="0" bev="0" fileid="14" />
                <SequencePoint vc="0" uspid="1291" ordinal="25" offset="430" sl="604" sc="25" el="604" ec="31" bec="0" bev="0" fileid="14" />
                <SequencePoint vc="0" uspid="1292" ordinal="26" offset="435" sl="607" sc="21" el="607" ec="22" bec="0" bev="0" fileid="14" />
                <SequencePoint vc="0" uspid="1293" ordinal="27" offset="436" sl="608" sc="25" el="608" ec="237" bec="0" bev="0" fileid="14" />
                <SequencePoint vc="0" uspid="1294" ordinal="28" offset="525" sl="609" sc="25" el="609" ec="31" bec="0" bev="0" fileid="14" />
                <SequencePoint vc="0" uspid="1295" ordinal="29" offset="530" sl="612" sc="21" el="612" ec="22" bec="0" bev="0" fileid="14" />
                <SequencePoint vc="0" uspid="1296" ordinal="30" offset="531" sl="613" sc="25" el="613" ec="69" bec="0" bev="0" fileid="14" />
                <SequencePoint vc="0" uspid="1297" ordinal="31" offset="549" sl="614" sc="25" el="614" ec="31" bec="0" bev="0" fileid="14" />
                <SequencePoint vc="0" uspid="1298" ordinal="32" offset="551" sl="617" sc="21" el="617" ec="22" bec="0" bev="0" fileid="14" />
                <SequencePoint vc="0" uspid="1299" ordinal="33" offset="552" sl="618" sc="25" el="618" ec="68" bec="0" bev="0" fileid="14" />
                <SequencePoint vc="0" uspid="1300" ordinal="34" offset="570" sl="619" sc="25" el="619" ec="31" bec="0" bev="0" fileid="14" />
                <SequencePoint vc="0" uspid="1301" ordinal="35" offset="572" sl="622" sc="21" el="622" ec="22" bec="0" bev="0" fileid="14" />
                <SequencePoint vc="0" uspid="1302" ordinal="36" offset="573" sl="623" sc="25" el="623" ec="60" bec="2" bev="0" fileid="14" />
                <SequencePoint vc="0" uspid="1303" ordinal="37" offset="590" sl="624" sc="25" el="624" ec="26" bec="0" bev="0" fileid="14" />
                <SequencePoint vc="0" uspid="1304" ordinal="38" offset="591" sl="625" sc="29" el="625" ec="48" bec="0" bev="0" fileid="14" />
                <SequencePoint vc="0" uspid="1305" ordinal="39" offset="598" sl="627" sc="29" el="627" ec="88" bec="2" bev="0" fileid="14" />
                <SequencePoint vc="0" uspid="1306" ordinal="40" offset="619" sl="628" sc="29" el="628" ec="30" bec="0" bev="0" fileid="14" />
                <SequencePoint vc="0" uspid="1307" ordinal="41" offset="620" sl="629" sc="33" el="629" ec="43" bec="0" bev="0" fileid="14" />
                <SequencePoint vc="0" uspid="1308" ordinal="42" offset="628" sl="630" sc="33" el="630" ec="68" bec="0" bev="0" fileid="14" />
                <SequencePoint vc="0" uspid="1309" ordinal="43" offset="643" sl="632" sc="25" el="632" ec="26" bec="0" bev="0" fileid="14" />
                <SequencePoint vc="0" uspid="1310" ordinal="44" offset="644" sl="633" sc="25" el="633" ec="56" bec="0" bev="0" fileid="14" />
                <SequencePoint vc="0" uspid="1311" ordinal="45" offset="668" sl="634" sc="25" el="634" ec="31" bec="0" bev="0" fileid="14" />
                <SequencePoint vc="0" uspid="1312" ordinal="46" offset="670" sl="637" sc="13" el="637" ec="25" bec="0" bev="0" fileid="14" />
                <SequencePoint vc="0" uspid="1313" ordinal="47" offset="675" sl="638" sc="9" el="638" ec="10" bec="0" bev="0" fileid="14" />
              </SequencePoints>
              <BranchPoints>
                <BranchPoint vc="0" uspid="1314" ordinal="0" offset="32" sl="564" path="0" offsetchain="37" offsetend="39" fileid="14" />
                <BranchPoint vc="0" uspid="1315" ordinal="1" offset="32" sl="564" path="1" offsetend="342" fileid="14" />
                <BranchPoint vc="0" uspid="1316" ordinal="2" offset="45" sl="564" path="0" offsetchain="50" offsetend="572" fileid="14" />
                <BranchPoint vc="0" uspid="1317" ordinal="3" offset="45" sl="564" path="1" offsetend="309" fileid="14" />
                <BranchPoint vc="0" uspid="1318" ordinal="4" offset="61" sl="564" path="0" offsetchain="66" offsetend="68" fileid="14" />
                <BranchPoint vc="0" uspid="1319" ordinal="5" offset="61" sl="564" path="1" offsetend="551" fileid="14" />
                <BranchPoint vc="0" uspid="1320" ordinal="6" offset="74" sl="564" path="0" offsetchain="79" offsetend="81" fileid="14" />
                <BranchPoint vc="0" uspid="1321" ordinal="7" offset="74" sl="564" path="1" offsetend="250" fileid="14" />
                <BranchPoint vc="0" uspid="1322" ordinal="8" offset="87" sl="564" path="0" offsetchain="89" offsetend="572" fileid="14" />
                <BranchPoint vc="0" uspid="1323" ordinal="9" offset="87" sl="564" path="1" offsetend="199" fileid="14" />
                <BranchPoint vc="0" uspid="1324" ordinal="10" offset="108" sl="564" path="0" offsetchain="110" offsetend="112" fileid="14" />
                <BranchPoint vc="0" uspid="1325" ordinal="11" offset="108" sl="564" path="1" offsetend="231" fileid="14" />
                <BranchPoint vc="0" uspid="1326" ordinal="12" offset="118" sl="564" path="0" offsetchain="120" offsetend="122" fileid="14" />
                <BranchPoint vc="0" uspid="1327" ordinal="13" offset="118" sl="564" path="1" offsetend="180" fileid="14" />
                <BranchPoint vc="0" uspid="1328" ordinal="14" offset="128" sl="564" path="0" offsetchain="133" offsetend="572" fileid="14" />
                <BranchPoint vc="0" uspid="1329" ordinal="15" offset="128" sl="564" path="1" offsetend="375" fileid="14" />
                <BranchPoint vc="0" uspid="1330" ordinal="16" offset="144" sl="564" path="0" offsetchain="149" offsetend="151" fileid="14" />
                <BranchPoint vc="0" uspid="1331" ordinal="17" offset="144" sl="564" path="1" offsetend="407" fileid="14" />
                <BranchPoint vc="0" uspid="1332" ordinal="18" offset="157" sl="564" path="0" offsetchain="162" offsetend="164" fileid="14" />
                <BranchPoint vc="0" uspid="1333" ordinal="19" offset="157" sl="564" path="1" offsetend="530" fileid="14" />
                <BranchPoint vc="0" uspid="1334" ordinal="20" offset="170" sl="564" path="0" offsetchain="175" offsetend="572" fileid="14" />
                <BranchPoint vc="0" uspid="1335" ordinal="21" offset="170" sl="564" path="1" offsetend="435" fileid="14" />
                <BranchPoint vc="0" uspid="1336" ordinal="22" offset="262" sl="583" path="0" offsetend="264" fileid="14" />
                <BranchPoint vc="0" uspid="1337" ordinal="23" offset="262" sl="583" path="1" offsetend="277" fileid="14" />
                <BranchPoint vc="0" uspid="1338" ordinal="24" offset="317" sl="588" path="0" offsetend="319" fileid="14" />
                <BranchPoint vc="0" uspid="1339" ordinal="25" offset="317" sl="588" path="1" offsetend="326" fileid="14" />
                <BranchPoint vc="0" uspid="1340" ordinal="26" offset="356" sl="593" path="0" offsetend="358" fileid="14" />
                <BranchPoint vc="0" uspid="1341" ordinal="27" offset="356" sl="593" path="1" offsetend="364" fileid="14" />
                <BranchPoint vc="0" uspid="1342" ordinal="28" offset="588" sl="623" path="0" offsetend="590" fileid="14" />
                <BranchPoint vc="0" uspid="1343" ordinal="29" offset="588" sl="623" path="1" offsetend="644" fileid="14" />
                <BranchPoint vc="0" uspid="1344" ordinal="30" offset="617" sl="627" path="0" offsetend="619" fileid="14" />
                <BranchPoint vc="0" uspid="1345" ordinal="31" offset="617" sl="627" path="1" offsetend="643" fileid="14" />
              </BranchPoints>
              <MethodPoint xsi:type="SequencePoint" vc="0" uspid="1266" ordinal="0" offset="0" sl="563" sc="9" el="563" ec="10" bec="0" bev="0" fileid="14" />
            </Method>
            <Method visited="false" cyclomaticComplexity="7" nPathComplexity="64" sequenceCoverage="0" branchCoverage="0" crapScore="56" isConstructor="false" isStatic="false" isGetter="false" isSetter="false">
              <Summary numSequencePoints="28" visitedSequencePoints="0" numBranchPoints="13" visitedBranchPoints="0" sequenceCoverage="0" branchCoverage="0" maxCyclomaticComplexity="7" minCyclomaticComplexity="7" maxCrapScore="56" minCrapScore="56" visitedClasses="0" numClasses="0" visitedMethods="0" numMethods="1" />
              <MetadataToken>100663337</MetadataToken>
              <Name>System.Boolean ExMat.VM.ExVM::NewSlotA(ExMat.Objects.ExObject,ExMat.Objects.ExObject,ExMat.Objects.ExObject,ExMat.Objects.ExObject,System.Boolean,System.Boolean)</Name>
              <FileRef uid="14" />
              <SequencePoints>
                <SequencePoint vc="0" uspid="1346" ordinal="0" offset="0" sl="641" sc="9" el="641" ec="10" bec="0" bev="0" fileid="14" />
                <SequencePoint vc="0" uspid="1347" ordinal="1" offset="1" sl="642" sc="13" el="642" ec="46" bec="2" bev="0" fileid="14" />
                <SequencePoint vc="0" uspid="1348" ordinal="2" offset="21" sl="643" sc="13" el="643" ec="14" bec="0" bev="0" fileid="14" />
                <SequencePoint vc="0" uspid="1349" ordinal="3" offset="22" sl="644" sc="17" el="644" ec="63" bec="0" bev="0" fileid="14" />
                <SequencePoint vc="0" uspid="1350" ordinal="4" offset="34" sl="645" sc="17" el="645" ec="30" bec="0" bev="0" fileid="14" />
                <SequencePoint vc="0" uspid="1351" ordinal="5" offset="41" sl="648" sc="13" el="648" ec="51" bec="0" bev="0" fileid="14" />
                <SequencePoint vc="0" uspid="1352" ordinal="6" offset="48" sl="650" sc="13" el="650" ec="23" bec="2" bev="0" fileid="14" />
                <SequencePoint vc="0" uspid="1353" ordinal="7" offset="57" sl="651" sc="13" el="651" ec="14" bec="0" bev="0" fileid="14" />
                <SequencePoint vc="0" uspid="1354" ordinal="8" offset="58" sl="652" sc="17" el="652" ec="76" bec="0" bev="0" fileid="14" />
                <SequencePoint vc="0" uspid="1355" ordinal="9" offset="73" sl="653" sc="17" el="653" ec="49" bec="2" bev="0" fileid="14" />
                <SequencePoint vc="0" uspid="1356" ordinal="10" offset="86" sl="654" sc="17" el="654" ec="18" bec="0" bev="0" fileid="14" />
                <SequencePoint vc="0" uspid="1357" ordinal="11" offset="87" sl="655" sc="21" el="655" ec="32" bec="0" bev="0" fileid="14" />
                <SequencePoint vc="0" uspid="1358" ordinal="12" offset="95" sl="656" sc="21" el="656" ec="31" bec="0" bev="0" fileid="14" />
                <SequencePoint vc="0" uspid="1359" ordinal="13" offset="103" sl="657" sc="21" el="657" ec="31" bec="0" bev="0" fileid="14" />
                <SequencePoint vc="0" uspid="1360" ordinal="14" offset="111" sl="658" sc="21" el="658" ec="33" bec="0" bev="0" fileid="14" />
                <SequencePoint vc="0" uspid="1361" ordinal="15" offset="120" sl="659" sc="21" el="659" ec="33" bec="0" bev="0" fileid="14" />
                <SequencePoint vc="0" uspid="1362" ordinal="16" offset="129" sl="660" sc="21" el="660" ec="69" bec="0" bev="0" fileid="14" />
                <SequencePoint vc="0" uspid="1363" ordinal="17" offset="151" sl="662" sc="13" el="662" ec="14" bec="0" bev="0" fileid="14" />
                <SequencePoint vc="0" uspid="1364" ordinal="18" offset="152" sl="664" sc="13" el="664" ec="49" bec="2" bev="0" fileid="14" />
                <SequencePoint vc="0" uspid="1365" ordinal="19" offset="172" sl="665" sc="13" el="665" ec="14" bec="0" bev="0" fileid="14" />
                <SequencePoint vc="0" uspid="1366" ordinal="20" offset="173" sl="666" sc="17" el="666" ec="184" bec="2" bev="0" fileid="14" />
                <SequencePoint vc="0" uspid="1367" ordinal="21" offset="258" sl="667" sc="17" el="667" ec="30" bec="0" bev="0" fileid="14" />
                <SequencePoint vc="0" uspid="1368" ordinal="22" offset="262" sl="670" sc="13" el="670" ec="46" bec="2" bev="0" fileid="14" />
                <SequencePoint vc="0" uspid="1369" ordinal="23" offset="275" sl="671" sc="13" el="671" ec="14" bec="0" bev="0" fileid="14" />
                <SequencePoint vc="0" uspid="1370" ordinal="24" offset="276" sl="672" sc="17" el="672" ec="42" bec="0" bev="0" fileid="14" />
                <SequencePoint vc="0" uspid="1371" ordinal="25" offset="286" sl="673" sc="13" el="673" ec="14" bec="0" bev="0" fileid="14" />
                <SequencePoint vc="0" uspid="1372" ordinal="26" offset="287" sl="674" sc="13" el="674" ec="25" bec="0" bev="0" fileid="14" />
                <SequencePoint vc="0" uspid="1373" ordinal="27" offset="291" sl="675" sc="9" el="675" ec="10" bec="0" bev="0" fileid="14" />
              </SequencePoints>
              <BranchPoints>
                <BranchPoint vc="0" uspid="1374" ordinal="0" offset="19" sl="642" path="0" offsetend="21" fileid="14" />
                <BranchPoint vc="0" uspid="1375" ordinal="1" offset="19" sl="642" path="1" offsetend="41" fileid="14" />
                <BranchPoint vc="0" uspid="1376" ordinal="2" offset="55" sl="650" path="0" offsetend="57" fileid="14" />
                <BranchPoint vc="0" uspid="1377" ordinal="3" offset="55" sl="650" path="1" offsetend="152" fileid="14" />
                <BranchPoint vc="0" uspid="1378" ordinal="4" offset="84" sl="653" path="0" offsetend="86" fileid="14" />
                <BranchPoint vc="0" uspid="1379" ordinal="5" offset="84" sl="653" path="1" offsetend="151" fileid="14" />
                <BranchPoint vc="0" uspid="1380" ordinal="6" offset="170" sl="664" path="0" offsetend="172" fileid="14" />
                <BranchPoint vc="0" uspid="1381" ordinal="7" offset="170" sl="664" path="1" offsetend="262" fileid="14" />
                <BranchPoint vc="0" uspid="1382" ordinal="8" offset="190" sl="666" path="0" offsetend="192" fileid="14" />
                <BranchPoint vc="0" uspid="1383" ordinal="9" offset="190" sl="666" path="1" offsetend="226" fileid="14" />
                <BranchPoint vc="0" uspid="1384" ordinal="10" offset="273" sl="670" path="0" offsetend="275" fileid="14" />
                <BranchPoint vc="0" uspid="1385" ordinal="11" offset="273" sl="670" path="1" offsetend="287" fileid="14" />
              </BranchPoints>
              <MethodPoint xsi:type="SequencePoint" vc="0" uspid="1346" ordinal="0" offset="0" sl="641" sc="9" el="641" ec="10" bec="0" bev="0" fileid="14" />
            </Method>
            <Method visited="false" cyclomaticComplexity="9" nPathComplexity="256" sequenceCoverage="0" branchCoverage="0" crapScore="90" isConstructor="false" isStatic="false" isGetter="false" isSetter="false">
              <Summary numSequencePoints="41" visitedSequencePoints="0" numBranchPoints="17" visitedBranchPoints="0" sequenceCoverage="0" branchCoverage="0" maxCyclomaticComplexity="9" minCyclomaticComplexity="9" maxCrapScore="90" minCrapScore="90" visitedClasses="0" numClasses="0" visitedMethods="0" numMethods="1" />
              <MetadataToken>100663338</MetadataToken>
              <Name>System.Boolean ExMat.VM.ExVM::NewSlot(ExMat.Objects.ExObject,ExMat.Objects.ExObject,ExMat.Objects.ExObject,System.Boolean)</Name>
              <FileRef uid="14" />
              <SequencePoints>
                <SequencePoint vc="0" uspid="1386" ordinal="0" offset="0" sl="678" sc="9" el="678" ec="10" bec="0" bev="0" fileid="14" />
                <SequencePoint vc="0" uspid="1387" ordinal="1" offset="1" sl="679" sc="13" el="679" ec="41" bec="2" bev="0" fileid="14" />
                <SequencePoint vc="0" uspid="1388" ordinal="2" offset="11" sl="680" sc="13" el="680" ec="14" bec="0" bev="0" fileid="14" />
                <SequencePoint vc="0" uspid="1389" ordinal="3" offset="12" sl="681" sc="17" el="681" ec="68" bec="0" bev="0" fileid="14" />
                <SequencePoint vc="0" uspid="1390" ordinal="4" offset="24" sl="682" sc="17" el="682" ec="30" bec="0" bev="0" fileid="14" />
                <SequencePoint vc="0" uspid="1391" ordinal="5" offset="31" sl="685" sc="13" el="685" ec="31" bec="6" bev="0" fileid="14" />
                <SequencePoint vc="0" uspid="1392" ordinal="6" offset="76" sl="688" sc="21" el="688" ec="22" bec="0" bev="0" fileid="14" />
                <SequencePoint vc="0" uspid="1393" ordinal="7" offset="77" sl="689" sc="25" el="689" ec="41" bec="0" bev="0" fileid="14" />
                <SequencePoint vc="0" uspid="1394" ordinal="8" offset="80" sl="692" sc="25" el="692" ec="33" bec="2" bev="0" fileid="14" />
                <SequencePoint vc="0" uspid="1395" ordinal="9" offset="88" sl="693" sc="25" el="693" ec="26" bec="0" bev="0" fileid="14" />
                <SequencePoint vc="0" uspid="1396" ordinal="10" offset="89" sl="694" sc="29" el="694" ec="48" bec="0" bev="0" fileid="14" />
                <SequencePoint vc="0" uspid="1397" ordinal="11" offset="96" sl="695" sc="29" el="695" ec="43" bec="0" bev="0" fileid="14" />
                <SequencePoint vc="0" uspid="1398" ordinal="12" offset="105" sl="696" sc="29" el="696" ec="77" bec="2" bev="0" fileid="14" />
                <SequencePoint vc="0" uspid="1399" ordinal="13" offset="128" sl="697" sc="29" el="697" ec="30" bec="0" bev="0" fileid="14" />
                <SequencePoint vc="0" uspid="1400" ordinal="14" offset="129" sl="698" sc="33" el="698" ec="75" bec="0" bev="0" fileid="14" />
                <SequencePoint vc="0" uspid="1401" ordinal="15" offset="154" sl="699" sc="29" el="699" ec="30" bec="0" bev="0" fileid="14" />
                <SequencePoint vc="0" uspid="1402" ordinal="16" offset="157" sl="701" sc="29" el="701" ec="30" bec="0" bev="0" fileid="14" />
                <SequencePoint vc="0" uspid="1403" ordinal="17" offset="158" sl="702" sc="33" el="702" ec="77" bec="0" bev="0" fileid="14" />
                <SequencePoint vc="0" uspid="1404" ordinal="18" offset="183" sl="703" sc="29" el="703" ec="30" bec="0" bev="0" fileid="14" />
                <SequencePoint vc="0" uspid="1405" ordinal="19" offset="184" sl="704" sc="25" el="704" ec="26" bec="0" bev="0" fileid="14" />
                <SequencePoint vc="0" uspid="1406" ordinal="20" offset="185" sl="705" sc="25" el="705" ec="31" bec="0" bev="0" fileid="14" />
                <SequencePoint vc="0" uspid="1407" ordinal="21" offset="190" sl="708" sc="21" el="708" ec="22" bec="0" bev="0" fileid="14" />
                <SequencePoint vc="0" uspid="1408" ordinal="22" offset="191" sl="709" sc="25" el="709" ec="80" bec="0" bev="0" fileid="14" />
                <SequencePoint vc="0" uspid="1409" ordinal="23" offset="203" sl="710" sc="25" el="710" ec="38" bec="0" bev="0" fileid="14" />
                <SequencePoint vc="0" uspid="1410" ordinal="24" offset="210" sl="713" sc="21" el="713" ec="22" bec="0" bev="0" fileid="14" />
                <SequencePoint vc="0" uspid="1411" ordinal="25" offset="211" sl="714" sc="25" el="714" ec="84" bec="2" bev="0" fileid="14" />
                <SequencePoint vc="0" uspid="1412" ordinal="26" offset="241" sl="715" sc="25" el="715" ec="26" bec="0" bev="0" fileid="14" />
                <SequencePoint vc="0" uspid="1413" ordinal="27" offset="242" sl="716" sc="29" el="716" ec="62" bec="2" bev="0" fileid="14" />
                <SequencePoint vc="0" uspid="1414" ordinal="28" offset="259" sl="717" sc="29" el="717" ec="30" bec="0" bev="0" fileid="14" />
                <SequencePoint vc="0" uspid="1415" ordinal="29" offset="260" sl="718" sc="33" el="718" ec="111" bec="0" bev="0" fileid="14" />
                <SequencePoint vc="0" uspid="1416" ordinal="30" offset="272" sl="719" sc="29" el="719" ec="30" bec="0" bev="0" fileid="14" />
                <SequencePoint vc="0" uspid="1417" ordinal="31" offset="275" sl="721" sc="29" el="721" ec="30" bec="0" bev="0" fileid="14" />
                <SequencePoint vc="0" uspid="1418" ordinal="32" offset="276" sl="722" sc="33" el="722" ec="88" bec="0" bev="0" fileid="14" />
                <SequencePoint vc="0" uspid="1419" ordinal="33" offset="299" sl="723" sc="29" el="723" ec="30" bec="0" bev="0" fileid="14" />
                <SequencePoint vc="0" uspid="1420" ordinal="34" offset="300" sl="724" sc="29" el="724" ec="42" bec="0" bev="0" fileid="14" />
                <SequencePoint vc="0" uspid="1421" ordinal="35" offset="304" sl="726" sc="25" el="726" ec="31" bec="0" bev="0" fileid="14" />
                <SequencePoint vc="0" uspid="1422" ordinal="36" offset="306" sl="729" sc="21" el="729" ec="22" bec="0" bev="0" fileid="14" />
                <SequencePoint vc="0" uspid="1423" ordinal="37" offset="307" sl="730" sc="25" el="730" ec="112" bec="0" bev="0" fileid="14" />
                <SequencePoint vc="0" uspid="1424" ordinal="38" offset="363" sl="731" sc="25" el="731" ec="38" bec="0" bev="0" fileid="14" />
                <SequencePoint vc="0" uspid="1425" ordinal="39" offset="367" sl="734" sc="13" el="734" ec="25" bec="0" bev="0" fileid="14" />
                <SequencePoint vc="0" uspid="1426" ordinal="40" offset="371" sl="735" sc="9" el="735" ec="10" bec="0" bev="0" fileid="14" />
              </SequencePoints>
              <BranchPoints>
                <BranchPoint vc="0" uspid="1427" ordinal="0" offset="9" sl="679" path="0" offsetend="11" fileid="14" />
                <BranchPoint vc="0" uspid="1428" ordinal="1" offset="9" sl="679" path="1" offsetend="31" fileid="14" />
                <BranchPoint vc="0" uspid="1429" ordinal="2" offset="46" sl="685" path="0" offsetchain="48" offsetend="50" fileid="14" />
                <BranchPoint vc="0" uspid="1430" ordinal="3" offset="46" sl="685" path="1" offsetend="76" fileid="14" />
                <BranchPoint vc="0" uspid="1431" ordinal="4" offset="56" sl="685" path="0" offsetchain="61" offsetend="63" fileid="14" />
                <BranchPoint vc="0" uspid="1432" ordinal="5" offset="56" sl="685" path="1" offsetend="210" fileid="14" />
                <BranchPoint vc="0" uspid="1433" ordinal="6" offset="69" sl="685" path="0" offsetchain="71" offsetend="306" fileid="14" />
                <BranchPoint vc="0" uspid="1434" ordinal="7" offset="69" sl="685" path="1" offsetend="190" fileid="14" />
                <BranchPoint vc="0" uspid="1435" ordinal="8" offset="86" sl="692" path="0" offsetend="88" fileid="14" />
                <BranchPoint vc="0" uspid="1436" ordinal="9" offset="86" sl="692" path="1" offsetchain="185" offsetend="367" fileid="14" />
                <BranchPoint vc="0" uspid="1437" ordinal="10" offset="126" sl="696" path="0" offsetend="128" fileid="14" />
                <BranchPoint vc="0" uspid="1438" ordinal="11" offset="126" sl="696" path="1" offsetend="157" fileid="14" />
                <BranchPoint vc="0" uspid="1439" ordinal="12" offset="239" sl="714" path="0" offsetend="241" fileid="14" />
                <BranchPoint vc="0" uspid="1440" ordinal="13" offset="239" sl="714" path="1" offsetchain="304" offsetend="367" fileid="14" />
                <BranchPoint vc="0" uspid="1441" ordinal="14" offset="257" sl="716" path="0" offsetend="259" fileid="14" />
                <BranchPoint vc="0" uspid="1442" ordinal="15" offset="257" sl="716" path="1" offsetend="275" fileid="14" />
              </BranchPoints>
              <MethodPoint xsi:type="SequencePoint" vc="0" uspid="1386" ordinal="0" offset="0" sl="678" sc="9" el="678" ec="10" bec="0" bev="0" fileid="14" />
            </Method>
            <Method visited="false" cyclomaticComplexity="1" nPathComplexity="0" sequenceCoverage="0" branchCoverage="0" crapScore="2" isConstructor="false" isStatic="false" isGetter="false" isSetter="false">
              <Summary numSequencePoints="3" visitedSequencePoints="0" numBranchPoints="1" visitedBranchPoints="0" sequenceCoverage="0" branchCoverage="0" maxCyclomaticComplexity="1" minCyclomaticComplexity="1" maxCrapScore="2" minCrapScore="2" visitedClasses="0" numClasses="0" visitedMethods="0" numMethods="1" />
              <MetadataToken>100663339</MetadataToken>
              <Name>System.Void ExMat.VM.ExVM::Pop(System.Int64)</Name>
              <FileRef uid="14" />
              <SequencePoints>
                <SequencePoint vc="0" uspid="1443" ordinal="0" offset="0" sl="742" sc="9" el="742" ec="10" bec="0" bev="0" fileid="14" />
                <SequencePoint vc="0" uspid="1444" ordinal="1" offset="1" sl="743" sc="13" el="743" ec="25" bec="0" bev="0" fileid="14" />
                <SequencePoint vc="0" uspid="1445" ordinal="2" offset="10" sl="744" sc="9" el="744" ec="10" bec="0" bev="0" fileid="14" />
              </SequencePoints>
              <BranchPoints />
              <MethodPoint xsi:type="SequencePoint" vc="0" uspid="1443" ordinal="0" offset="0" sl="742" sc="9" el="742" ec="10" bec="0" bev="0" fileid="14" />
            </Method>
            <Method visited="false" cyclomaticComplexity="2" nPathComplexity="0" sequenceCoverage="0" branchCoverage="0" crapScore="6" isConstructor="false" isStatic="false" isGetter="false" isSetter="false">
              <Summary numSequencePoints="8" visitedSequencePoints="0" numBranchPoints="1" visitedBranchPoints="0" sequenceCoverage="0" branchCoverage="0" maxCyclomaticComplexity="2" minCyclomaticComplexity="2" maxCrapScore="6" minCrapScore="6" visitedClasses="0" numClasses="0" visitedMethods="0" numMethods="1" />
              <MetadataToken>100663340</MetadataToken>
              <Name>System.Void ExMat.VM.ExVM::Pop(System.Int32)</Name>
              <FileRef uid="14" />
              <SequencePoints>
                <SequencePoint vc="0" uspid="1446" ordinal="0" offset="0" sl="751" sc="9" el="751" ec="10" bec="0" bev="0" fileid="14" />
                <SequencePoint vc="0" uspid="1447" ordinal="1" offset="1" sl="752" sc="18" el="752" ec="27" bec="0" bev="0" fileid="14" />
                <SequencePoint vc="0" uspid="1448" ordinal="2" offset="5" sl="753" sc="13" el="753" ec="14" bec="0" bev="0" fileid="14" />
                <SequencePoint vc="0" uspid="1449" ordinal="3" offset="6" sl="754" sc="17" el="754" ec="45" bec="0" bev="0" fileid="14" />
                <SequencePoint vc="0" uspid="1450" ordinal="4" offset="36" sl="755" sc="13" el="755" ec="14" bec="0" bev="0" fileid="14" />
                <SequencePoint vc="0" uspid="1451" ordinal="5" offset="37" sl="752" sc="36" el="752" ec="39" bec="0" bev="0" fileid="14" />
                <SequencePoint vc="0" uspid="1452" ordinal="6" offset="41" sl="752" sc="29" el="752" ec="34" bec="0" bev="0" fileid="14" />
                <SequencePoint vc="0" uspid="1453" ordinal="7" offset="49" sl="756" sc="9" el="756" ec="10" bec="0" bev="0" fileid="14" />
              </SequencePoints>
              <BranchPoints />
              <MethodPoint xsi:type="SequencePoint" vc="0" uspid="1446" ordinal="0" offset="0" sl="751" sc="9" el="751" ec="10" bec="0" bev="0" fileid="14" />
            </Method>
            <Method visited="false" cyclomaticComplexity="1" nPathComplexity="0" sequenceCoverage="0" branchCoverage="0" crapScore="2" isConstructor="false" isStatic="false" isGetter="false" isSetter="false">
              <Summary numSequencePoints="3" visitedSequencePoints="0" numBranchPoints="1" visitedBranchPoints="0" sequenceCoverage="0" branchCoverage="0" maxCyclomaticComplexity="1" minCyclomaticComplexity="1" maxCrapScore="2" minCrapScore="2" visitedClasses="0" numClasses="0" visitedMethods="0" numMethods="1" />
              <MetadataToken>100663341</MetadataToken>
              <Name>System.Void ExMat.VM.ExVM::Pop()</Name>
              <FileRef uid="14" />
              <SequencePoints>
                <SequencePoint vc="0" uspid="1454" ordinal="0" offset="0" sl="761" sc="9" el="761" ec="10" bec="0" bev="0" fileid="14" />
                <SequencePoint vc="0" uspid="1455" ordinal="1" offset="1" sl="762" sc="13" el="762" ec="41" bec="0" bev="0" fileid="14" />
                <SequencePoint vc="0" uspid="1456" ordinal="2" offset="31" sl="763" sc="9" el="763" ec="10" bec="0" bev="0" fileid="14" />
              </SequencePoints>
              <BranchPoints />
              <MethodPoint xsi:type="SequencePoint" vc="0" uspid="1454" ordinal="0" offset="0" sl="761" sc="9" el="761" ec="10" bec="0" bev="0" fileid="14" />
            </Method>
            <Method visited="false" cyclomaticComplexity="1" nPathComplexity="0" sequenceCoverage="0" branchCoverage="0" crapScore="2" isConstructor="false" isStatic="false" isGetter="false" isSetter="false">
              <Summary numSequencePoints="5" visitedSequencePoints="0" numBranchPoints="1" visitedBranchPoints="0" sequenceCoverage="0" branchCoverage="0" maxCyclomaticComplexity="1" minCyclomaticComplexity="1" maxCrapScore="2" minCrapScore="2" visitedClasses="0" numClasses="0" visitedMethods="0" numMethods="1" />
              <MetadataToken>100663342</MetadataToken>
              <Name>ExMat.ExFunctionStatus ExMat.VM.ExVM::CleanReturn(System.Int64,System.Numerics.Complex)</Name>
              <FileRef uid="14" />
              <SequencePoints>
                <SequencePoint vc="0" uspid="1457" ordinal="0" offset="0" sl="772" sc="9" el="772" ec="10" bec="0" bev="0" fileid="14" />
                <SequencePoint vc="0" uspid="1458" ordinal="1" offset="1" sl="773" sc="13" el="773" ec="20" bec="0" bev="0" fileid="14" />
                <SequencePoint vc="0" uspid="1459" ordinal="2" offset="9" sl="773" sc="21" el="773" ec="29" bec="0" bev="0" fileid="14" />
                <SequencePoint vc="0" uspid="1460" ordinal="3" offset="17" sl="774" sc="13" el="774" ec="45" bec="0" bev="0" fileid="14" />
                <SequencePoint vc="0" uspid="1461" ordinal="4" offset="21" sl="775" sc="9" el="775" ec="10" bec="0" bev="0" fileid="14" />
              </SequencePoints>
              <BranchPoints />
              <MethodPoint xsi:type="SequencePoint" vc="0" uspid="1457" ordinal="0" offset="0" sl="772" sc="9" el="772" ec="10" bec="0" bev="0" fileid="14" />
            </Method>
            <Method visited="false" cyclomaticComplexity="1" nPathComplexity="0" sequenceCoverage="0" branchCoverage="0" crapScore="2" isConstructor="false" isStatic="false" isGetter="false" isSetter="false">
              <Summary numSequencePoints="5" visitedSequencePoints="0" numBranchPoints="1" visitedBranchPoints="0" sequenceCoverage="0" branchCoverage="0" maxCyclomaticComplexity="1" minCyclomaticComplexity="1" maxCrapScore="2" minCrapScore="2" visitedClasses="0" numClasses="0" visitedMethods="0" numMethods="1" />
              <MetadataToken>100663343</MetadataToken>
              <Name>ExMat.ExFunctionStatus ExMat.VM.ExVM::CleanReturn(System.Int64,System.String)</Name>
              <FileRef uid="14" />
              <SequencePoints>
                <SequencePoint vc="0" uspid="1462" ordinal="0" offset="0" sl="784" sc="9" el="784" ec="10" bec="0" bev="0" fileid="14" />
                <SequencePoint vc="0" uspid="1463" ordinal="1" offset="1" sl="785" sc="13" el="785" ec="20" bec="0" bev="0" fileid="14" />
                <SequencePoint vc="0" uspid="1464" ordinal="2" offset="9" sl="785" sc="21" el="785" ec="29" bec="0" bev="0" fileid="14" />
                <SequencePoint vc="0" uspid="1465" ordinal="3" offset="17" sl="786" sc="13" el="786" ec="45" bec="0" bev="0" fileid="14" />
                <SequencePoint vc="0" uspid="1466" ordinal="4" offset="21" sl="787" sc="9" el="787" ec="10" bec="0" bev="0" fileid="14" />
              </SequencePoints>
              <BranchPoints />
              <MethodPoint xsi:type="SequencePoint" vc="0" uspid="1462" ordinal="0" offset="0" sl="784" sc="9" el="784" ec="10" bec="0" bev="0" fileid="14" />
            </Method>
            <Method visited="false" cyclomaticComplexity="1" nPathComplexity="0" sequenceCoverage="0" branchCoverage="0" crapScore="2" isConstructor="false" isStatic="false" isGetter="false" isSetter="false">
              <Summary numSequencePoints="5" visitedSequencePoints="0" numBranchPoints="1" visitedBranchPoints="0" sequenceCoverage="0" branchCoverage="0" maxCyclomaticComplexity="1" minCyclomaticComplexity="1" maxCrapScore="2" minCrapScore="2" visitedClasses="0" numClasses="0" visitedMethods="0" numMethods="1" />
              <MetadataToken>100663344</MetadataToken>
              <Name>ExMat.ExFunctionStatus ExMat.VM.ExVM::CleanReturn(System.Int64,System.Double)</Name>
              <FileRef uid="14" />
              <SequencePoints>
                <SequencePoint vc="0" uspid="1467" ordinal="0" offset="0" sl="796" sc="9" el="796" ec="10" bec="0" bev="0" fileid="14" />
                <SequencePoint vc="0" uspid="1468" ordinal="1" offset="1" sl="797" sc="13" el="797" ec="20" bec="0" bev="0" fileid="14" />
                <SequencePoint vc="0" uspid="1469" ordinal="2" offset="9" sl="797" sc="21" el="797" ec="29" bec="0" bev="0" fileid="14" />
                <SequencePoint vc="0" uspid="1470" ordinal="3" offset="17" sl="798" sc="13" el="798" ec="45" bec="0" bev="0" fileid="14" />
                <SequencePoint vc="0" uspid="1471" ordinal="4" offset="21" sl="799" sc="9" el="799" ec="10" bec="0" bev="0" fileid="14" />
              </SequencePoints>
              <BranchPoints />
              <MethodPoint xsi:type="SequencePoint" vc="0" uspid="1467" ordinal="0" offset="0" sl="796" sc="9" el="796" ec="10" bec="0" bev="0" fileid="14" />
            </Method>
            <Method visited="false" cyclomaticComplexity="1" nPathComplexity="0" sequenceCoverage="0" branchCoverage="0" crapScore="2" isConstructor="false" isStatic="false" isGetter="false" isSetter="false">
              <Summary numSequencePoints="5" visitedSequencePoints="0" numBranchPoints="1" visitedBranchPoints="0" sequenceCoverage="0" branchCoverage="0" maxCyclomaticComplexity="1" minCyclomaticComplexity="1" maxCrapScore="2" minCrapScore="2" visitedClasses="0" numClasses="0" visitedMethods="0" numMethods="1" />
              <MetadataToken>100663345</MetadataToken>
              <Name>ExMat.ExFunctionStatus ExMat.VM.ExVM::CleanReturn(System.Int64,System.Int64)</Name>
              <FileRef uid="14" />
              <SequencePoints>
                <SequencePoint vc="0" uspid="1472" ordinal="0" offset="0" sl="808" sc="9" el="808" ec="10" bec="0" bev="0" fileid="14" />
                <SequencePoint vc="0" uspid="1473" ordinal="1" offset="1" sl="809" sc="13" el="809" ec="20" bec="0" bev="0" fileid="14" />
                <SequencePoint vc="0" uspid="1474" ordinal="2" offset="9" sl="809" sc="21" el="809" ec="29" bec="0" bev="0" fileid="14" />
                <SequencePoint vc="0" uspid="1475" ordinal="3" offset="17" sl="810" sc="13" el="810" ec="45" bec="0" bev="0" fileid="14" />
                <SequencePoint vc="0" uspid="1476" ordinal="4" offset="21" sl="811" sc="9" el="811" ec="10" bec="0" bev="0" fileid="14" />
              </SequencePoints>
              <BranchPoints />
              <MethodPoint xsi:type="SequencePoint" vc="0" uspid="1472" ordinal="0" offset="0" sl="808" sc="9" el="808" ec="10" bec="0" bev="0" fileid="14" />
            </Method>
            <Method visited="false" cyclomaticComplexity="1" nPathComplexity="0" sequenceCoverage="0" branchCoverage="0" crapScore="2" isConstructor="false" isStatic="false" isGetter="false" isSetter="false">
              <Summary numSequencePoints="5" visitedSequencePoints="0" numBranchPoints="1" visitedBranchPoints="0" sequenceCoverage="0" branchCoverage="0" maxCyclomaticComplexity="1" minCyclomaticComplexity="1" maxCrapScore="2" minCrapScore="2" visitedClasses="0" numClasses="0" visitedMethods="0" numMethods="1" />
              <MetadataToken>100663346</MetadataToken>
              <Name>ExMat.ExFunctionStatus ExMat.VM.ExVM::CleanReturn(System.Int64,System.Boolean)</Name>
              <FileRef uid="14" />
              <SequencePoints>
                <SequencePoint vc="0" uspid="1477" ordinal="0" offset="0" sl="820" sc="9" el="820" ec="10" bec="0" bev="0" fileid="14" />
                <SequencePoint vc="0" uspid="1478" ordinal="1" offset="1" sl="821" sc="13" el="821" ec="20" bec="0" bev="0" fileid="14" />
                <SequencePoint vc="0" uspid="1479" ordinal="2" offset="9" sl="821" sc="21" el="821" ec="29" bec="0" bev="0" fileid="14" />
                <SequencePoint vc="0" uspid="1480" ordinal="3" offset="17" sl="822" sc="13" el="822" ec="45" bec="0" bev="0" fileid="14" />
                <SequencePoint vc="0" uspid="1481" ordinal="4" offset="21" sl="823" sc="9" el="823" ec="10" bec="0" bev="0" fileid="14" />
              </SequencePoints>
              <BranchPoints />
              <MethodPoint xsi:type="SequencePoint" vc="0" uspid="1477" ordinal="0" offset="0" sl="820" sc="9" el="820" ec="10" bec="0" bev="0" fileid="14" />
            </Method>
            <Method visited="false" cyclomaticComplexity="1" nPathComplexity="0" sequenceCoverage="0" branchCoverage="0" crapScore="2" isConstructor="false" isStatic="false" isGetter="false" isSetter="false">
              <Summary numSequencePoints="5" visitedSequencePoints="0" numBranchPoints="1" visitedBranchPoints="0" sequenceCoverage="0" branchCoverage="0" maxCyclomaticComplexity="1" minCyclomaticComplexity="1" maxCrapScore="2" minCrapScore="2" visitedClasses="0" numClasses="0" visitedMethods="0" numMethods="1" />
              <MetadataToken>100663347</MetadataToken>
              <Name>ExMat.ExFunctionStatus ExMat.VM.ExVM::CleanReturn(System.Int64,System.String[])</Name>
              <FileRef uid="14" />
              <SequencePoints>
                <SequencePoint vc="0" uspid="1482" ordinal="0" offset="0" sl="832" sc="9" el="832" ec="10" bec="0" bev="0" fileid="14" />
                <SequencePoint vc="0" uspid="1483" ordinal="1" offset="1" sl="833" sc="13" el="833" ec="20" bec="0" bev="0" fileid="14" />
                <SequencePoint vc="0" uspid="1484" ordinal="2" offset="9" sl="833" sc="21" el="833" ec="29" bec="0" bev="0" fileid="14" />
                <SequencePoint vc="0" uspid="1485" ordinal="3" offset="17" sl="834" sc="13" el="834" ec="45" bec="0" bev="0" fileid="14" />
                <SequencePoint vc="0" uspid="1486" ordinal="4" offset="21" sl="835" sc="9" el="835" ec="10" bec="0" bev="0" fileid="14" />
              </SequencePoints>
              <BranchPoints />
              <MethodPoint xsi:type="SequencePoint" vc="0" uspid="1482" ordinal="0" offset="0" sl="832" sc="9" el="832" ec="10" bec="0" bev="0" fileid="14" />
            </Method>
            <Method visited="false" cyclomaticComplexity="1" nPathComplexity="0" sequenceCoverage="0" branchCoverage="0" crapScore="2" isConstructor="false" isStatic="false" isGetter="false" isSetter="false">
              <Summary numSequencePoints="5" visitedSequencePoints="0" numBranchPoints="1" visitedBranchPoints="0" sequenceCoverage="0" branchCoverage="0" maxCyclomaticComplexity="1" minCyclomaticComplexity="1" maxCrapScore="2" minCrapScore="2" visitedClasses="0" numClasses="0" visitedMethods="0" numMethods="1" />
              <MetadataToken>100663348</MetadataToken>
              <Name>ExMat.ExFunctionStatus ExMat.VM.ExVM::CleanReturn(System.Int64,System.Collections.Generic.List`1&lt;ExMat.Objects.ExObject&gt;)</Name>
              <FileRef uid="14" />
              <SequencePoints>
                <SequencePoint vc="0" uspid="1487" ordinal="0" offset="0" sl="844" sc="9" el="844" ec="10" bec="0" bev="0" fileid="14" />
                <SequencePoint vc="0" uspid="1488" ordinal="1" offset="1" sl="845" sc="13" el="845" ec="20" bec="0" bev="0" fileid="14" />
                <SequencePoint vc="0" uspid="1489" ordinal="2" offset="9" sl="845" sc="21" el="845" ec="29" bec="0" bev="0" fileid="14" />
                <SequencePoint vc="0" uspid="1490" ordinal="3" offset="17" sl="846" sc="13" el="846" ec="45" bec="0" bev="0" fileid="14" />
                <SequencePoint vc="0" uspid="1491" ordinal="4" offset="21" sl="847" sc="9" el="847" ec="10" bec="0" bev="0" fileid="14" />
              </SequencePoints>
              <BranchPoints />
              <MethodPoint xsi:type="SequencePoint" vc="0" uspid="1487" ordinal="0" offset="0" sl="844" sc="9" el="844" ec="10" bec="0" bev="0" fileid="14" />
            </Method>
            <Method visited="false" cyclomaticComplexity="1" nPathComplexity="0" sequenceCoverage="0" branchCoverage="0" crapScore="2" isConstructor="false" isStatic="false" isGetter="false" isSetter="false">
              <Summary numSequencePoints="5" visitedSequencePoints="0" numBranchPoints="1" visitedBranchPoints="0" sequenceCoverage="0" branchCoverage="0" maxCyclomaticComplexity="1" minCyclomaticComplexity="1" maxCrapScore="2" minCrapScore="2" visitedClasses="0" numClasses="0" visitedMethods="0" numMethods="1" />
              <MetadataToken>100663349</MetadataToken>
              <Name>ExMat.ExFunctionStatus ExMat.VM.ExVM::CleanReturn(System.Int64,System.Collections.Generic.Dictionary`2&lt;System.String,ExMat.Objects.ExObject&gt;)</Name>
              <FileRef uid="14" />
              <SequencePoints>
                <SequencePoint vc="0" uspid="1492" ordinal="0" offset="0" sl="856" sc="9" el="856" ec="10" bec="0" bev="0" fileid="14" />
                <SequencePoint vc="0" uspid="1493" ordinal="1" offset="1" sl="857" sc="13" el="857" ec="20" bec="0" bev="0" fileid="14" />
                <SequencePoint vc="0" uspid="1494" ordinal="2" offset="9" sl="857" sc="21" el="857" ec="29" bec="0" bev="0" fileid="14" />
                <SequencePoint vc="0" uspid="1495" ordinal="3" offset="17" sl="858" sc="13" el="858" ec="45" bec="0" bev="0" fileid="14" />
                <SequencePoint vc="0" uspid="1496" ordinal="4" offset="21" sl="859" sc="9" el="859" ec="10" bec="0" bev="0" fileid="14" />
              </SequencePoints>
              <BranchPoints />
              <MethodPoint xsi:type="SequencePoint" vc="0" uspid="1492" ordinal="0" offset="0" sl="856" sc="9" el="856" ec="10" bec="0" bev="0" fileid="14" />
            </Method>
            <Method visited="false" cyclomaticComplexity="1" nPathComplexity="0" sequenceCoverage="0" branchCoverage="0" crapScore="2" isConstructor="false" isStatic="false" isGetter="false" isSetter="false">
              <Summary numSequencePoints="5" visitedSequencePoints="0" numBranchPoints="1" visitedBranchPoints="0" sequenceCoverage="0" branchCoverage="0" maxCyclomaticComplexity="1" minCyclomaticComplexity="1" maxCrapScore="2" minCrapScore="2" visitedClasses="0" numClasses="0" visitedMethods="0" numMethods="1" />
              <MetadataToken>100663350</MetadataToken>
              <Name>ExMat.ExFunctionStatus ExMat.VM.ExVM::CleanReturn(System.Int64,T)</Name>
              <FileRef uid="14" />
              <SequencePoints>
                <SequencePoint vc="0" uspid="1497" ordinal="0" offset="0" sl="869" sc="9" el="869" ec="10" bec="0" bev="0" fileid="14" />
                <SequencePoint vc="0" uspid="1498" ordinal="1" offset="1" sl="870" sc="13" el="870" ec="20" bec="0" bev="0" fileid="14" />
                <SequencePoint vc="0" uspid="1499" ordinal="2" offset="9" sl="870" sc="21" el="870" ec="29" bec="0" bev="0" fileid="14" />
                <SequencePoint vc="0" uspid="1500" ordinal="3" offset="22" sl="871" sc="13" el="871" ec="45" bec="0" bev="0" fileid="14" />
                <SequencePoint vc="0" uspid="1501" ordinal="4" offset="26" sl="872" sc="9" el="872" ec="10" bec="0" bev="0" fileid="14" />
              </SequencePoints>
              <BranchPoints />
              <MethodPoint xsi:type="SequencePoint" vc="0" uspid="1497" ordinal="0" offset="0" sl="869" sc="9" el="869" ec="10" bec="0" bev="0" fileid="14" />
            </Method>
            <Method visited="false" cyclomaticComplexity="2" nPathComplexity="0" sequenceCoverage="0" branchCoverage="0" crapScore="6" isConstructor="false" isStatic="false" isGetter="false" isSetter="false">
              <Summary numSequencePoints="9" visitedSequencePoints="0" numBranchPoints="1" visitedBranchPoints="0" sequenceCoverage="0" branchCoverage="0" maxCyclomaticComplexity="2" minCyclomaticComplexity="2" maxCrapScore="6" minCrapScore="6" visitedClasses="0" numClasses="0" visitedMethods="0" numMethods="1" />
              <MetadataToken>100663351</MetadataToken>
              <Name>System.Void ExMat.VM.ExVM::PushParse(System.Collections.Generic.List`1&lt;ExMat.Objects.ExObject&gt;)</Name>
              <FileRef uid="14" />
              <SequencePoints>
                <SequencePoint vc="0" uspid="1502" ordinal="0" offset="0" sl="879" sc="9" el="879" ec="10" bec="0" bev="0" fileid="14" />
                <SequencePoint vc="0" uspid="1503" ordinal="1" offset="1" sl="880" sc="13" el="880" ec="20" bec="0" bev="0" fileid="14" />
                <SequencePoint vc="0" uspid="1504" ordinal="2" offset="2" sl="880" sc="37" el="880" ec="38" bec="0" bev="0" fileid="14" />
                <SequencePoint vc="0" uspid="1505" ordinal="3" offset="11" sl="880" sc="22" el="880" ec="33" bec="0" bev="0" fileid="14" />
                <SequencePoint vc="0" uspid="1506" ordinal="4" offset="19" sl="881" sc="13" el="881" ec="14" bec="0" bev="0" fileid="14" />
                <SequencePoint vc="0" uspid="1507" ordinal="5" offset="20" sl="882" sc="17" el="882" ec="26" bec="0" bev="0" fileid="14" />
                <SequencePoint vc="0" uspid="1508" ordinal="6" offset="28" sl="883" sc="13" el="883" ec="14" bec="0" bev="0" fileid="14" />
                <SequencePoint vc="0" uspid="1509" ordinal="7" offset="29" sl="880" sc="34" el="880" ec="36" bec="0" bev="0" fileid="14" />
                <SequencePoint vc="0" uspid="1510" ordinal="8" offset="55" sl="884" sc="9" el="884" ec="10" bec="0" bev="0" fileid="14" />
              </SequencePoints>
              <BranchPoints />
              <MethodPoint xsi:type="SequencePoint" vc="0" uspid="1502" ordinal="0" offset="0" sl="879" sc="9" el="879" ec="10" bec="0" bev="0" fileid="14" />
            </Method>
            <Method visited="false" cyclomaticComplexity="1" nPathComplexity="0" sequenceCoverage="0" branchCoverage="0" crapScore="2" isConstructor="false" isStatic="false" isGetter="false" isSetter="false">
              <Summary numSequencePoints="3" visitedSequencePoints="0" numBranchPoints="1" visitedBranchPoints="0" sequenceCoverage="0" branchCoverage="0" maxCyclomaticComplexity="1" minCyclomaticComplexity="1" maxCrapScore="2" minCrapScore="2" visitedClasses="0" numClasses="0" visitedMethods="0" numMethods="1" />
              <MetadataToken>100663352</MetadataToken>
              <Name>System.Void ExMat.VM.ExVM::Push(System.String)</Name>
              <FileRef uid="14" />
              <SequencePoints>
                <SequencePoint vc="0" uspid="1511" ordinal="0" offset="0" sl="891" sc="9" el="891" ec="10" bec="0" bev="0" fileid="14" />
                <SequencePoint vc="0" uspid="1512" ordinal="1" offset="1" sl="892" sc="13" el="892" ec="41" bec="0" bev="0" fileid="14" />
                <SequencePoint vc="0" uspid="1513" ordinal="2" offset="32" sl="893" sc="9" el="893" ec="10" bec="0" bev="0" fileid="14" />
              </SequencePoints>
              <BranchPoints />
              <MethodPoint xsi:type="SequencePoint" vc="0" uspid="1511" ordinal="0" offset="0" sl="891" sc="9" el="891" ec="10" bec="0" bev="0" fileid="14" />
            </Method>
            <Method visited="false" cyclomaticComplexity="1" nPathComplexity="0" sequenceCoverage="0" branchCoverage="0" crapScore="2" isConstructor="false" isStatic="false" isGetter="false" isSetter="false">
              <Summary numSequencePoints="3" visitedSequencePoints="0" numBranchPoints="1" visitedBranchPoints="0" sequenceCoverage="0" branchCoverage="0" maxCyclomaticComplexity="1" minCyclomaticComplexity="1" maxCrapScore="2" minCrapScore="2" visitedClasses="0" numClasses="0" visitedMethods="0" numMethods="1" />
              <MetadataToken>100663353</MetadataToken>
              <Name>System.Void ExMat.VM.ExVM::Push(System.Numerics.Complex)</Name>
              <FileRef uid="14" />
              <SequencePoints>
                <SequencePoint vc="0" uspid="1514" ordinal="0" offset="0" sl="900" sc="9" el="900" ec="10" bec="0" bev="0" fileid="14" />
                <SequencePoint vc="0" uspid="1515" ordinal="1" offset="1" sl="901" sc="13" el="901" ec="41" bec="0" bev="0" fileid="14" />
                <SequencePoint vc="0" uspid="1516" ordinal="2" offset="32" sl="902" sc="9" el="902" ec="10" bec="0" bev="0" fileid="14" />
              </SequencePoints>
              <BranchPoints />
              <MethodPoint xsi:type="SequencePoint" vc="0" uspid="1514" ordinal="0" offset="0" sl="900" sc="9" el="900" ec="10" bec="0" bev="0" fileid="14" />
            </Method>
            <Method visited="false" cyclomaticComplexity="1" nPathComplexity="0" sequenceCoverage="0" branchCoverage="0" crapScore="2" isConstructor="false" isStatic="false" isGetter="false" isSetter="false">
              <Summary numSequencePoints="3" visitedSequencePoints="0" numBranchPoints="1" visitedBranchPoints="0" sequenceCoverage="0" branchCoverage="0" maxCyclomaticComplexity="1" minCyclomaticComplexity="1" maxCrapScore="2" minCrapScore="2" visitedClasses="0" numClasses="0" visitedMethods="0" numMethods="1" />
              <MetadataToken>100663354</MetadataToken>
              <Name>System.Void ExMat.VM.ExVM::Push(System.Int32)</Name>
              <FileRef uid="14" />
              <SequencePoints>
                <SequencePoint vc="0" uspid="1517" ordinal="0" offset="0" sl="909" sc="9" el="909" ec="10" bec="0" bev="0" fileid="14" />
                <SequencePoint vc="0" uspid="1518" ordinal="1" offset="1" sl="910" sc="13" el="910" ec="41" bec="0" bev="0" fileid="14" />
                <SequencePoint vc="0" uspid="1519" ordinal="2" offset="33" sl="911" sc="9" el="911" ec="10" bec="0" bev="0" fileid="14" />
              </SequencePoints>
              <BranchPoints />
              <MethodPoint xsi:type="SequencePoint" vc="0" uspid="1517" ordinal="0" offset="0" sl="909" sc="9" el="909" ec="10" bec="0" bev="0" fileid="14" />
            </Method>
            <Method visited="false" cyclomaticComplexity="1" nPathComplexity="0" sequenceCoverage="0" branchCoverage="0" crapScore="2" isConstructor="false" isStatic="false" isGetter="false" isSetter="false">
              <Summary numSequencePoints="3" visitedSequencePoints="0" numBranchPoints="1" visitedBranchPoints="0" sequenceCoverage="0" branchCoverage="0" maxCyclomaticComplexity="1" minCyclomaticComplexity="1" maxCrapScore="2" minCrapScore="2" visitedClasses="0" numClasses="0" visitedMethods="0" numMethods="1" />
              <MetadataToken>100663355</MetadataToken>
              <Name>System.Void ExMat.VM.ExVM::Push(System.Int64)</Name>
              <FileRef uid="14" />
              <SequencePoints>
                <SequencePoint vc="0" uspid="1520" ordinal="0" offset="0" sl="918" sc="9" el="918" ec="10" bec="0" bev="0" fileid="14" />
                <SequencePoint vc="0" uspid="1521" ordinal="1" offset="1" sl="919" sc="13" el="919" ec="41" bec="0" bev="0" fileid="14" />
                <SequencePoint vc="0" uspid="1522" ordinal="2" offset="32" sl="920" sc="9" el="920" ec="10" bec="0" bev="0" fileid="14" />
              </SequencePoints>
              <BranchPoints />
              <MethodPoint xsi:type="SequencePoint" vc="0" uspid="1520" ordinal="0" offset="0" sl="918" sc="9" el="918" ec="10" bec="0" bev="0" fileid="14" />
            </Method>
            <Method visited="false" cyclomaticComplexity="1" nPathComplexity="0" sequenceCoverage="0" branchCoverage="0" crapScore="2" isConstructor="false" isStatic="false" isGetter="false" isSetter="false">
              <Summary numSequencePoints="3" visitedSequencePoints="0" numBranchPoints="1" visitedBranchPoints="0" sequenceCoverage="0" branchCoverage="0" maxCyclomaticComplexity="1" minCyclomaticComplexity="1" maxCrapScore="2" minCrapScore="2" visitedClasses="0" numClasses="0" visitedMethods="0" numMethods="1" />
              <MetadataToken>100663356</MetadataToken>
              <Name>System.Void ExMat.VM.ExVM::Push(System.Double)</Name>
              <FileRef uid="14" />
              <SequencePoints>
                <SequencePoint vc="0" uspid="1523" ordinal="0" offset="0" sl="927" sc="9" el="927" ec="10" bec="0" bev="0" fileid="14" />
                <SequencePoint vc="0" uspid="1524" ordinal="1" offset="1" sl="928" sc="13" el="928" ec="41" bec="0" bev="0" fileid="14" />
                <SequencePoint vc="0" uspid="1525" ordinal="2" offset="32" sl="929" sc="9" el="929" ec="10" bec="0" bev="0" fileid="14" />
              </SequencePoints>
              <BranchPoints />
              <MethodPoint xsi:type="SequencePoint" vc="0" uspid="1523" ordinal="0" offset="0" sl="927" sc="9" el="927" ec="10" bec="0" bev="0" fileid="14" />
            </Method>
            <Method visited="false" cyclomaticComplexity="1" nPathComplexity="0" sequenceCoverage="0" branchCoverage="0" crapScore="2" isConstructor="false" isStatic="false" isGetter="false" isSetter="false">
              <Summary numSequencePoints="3" visitedSequencePoints="0" numBranchPoints="1" visitedBranchPoints="0" sequenceCoverage="0" branchCoverage="0" maxCyclomaticComplexity="1" minCyclomaticComplexity="1" maxCrapScore="2" minCrapScore="2" visitedClasses="0" numClasses="0" visitedMethods="0" numMethods="1" />
              <MetadataToken>100663357</MetadataToken>
              <Name>System.Void ExMat.VM.ExVM::Push(System.Boolean)</Name>
              <FileRef uid="14" />
              <SequencePoints>
                <SequencePoint vc="0" uspid="1526" ordinal="0" offset="0" sl="936" sc="9" el="936" ec="10" bec="0" bev="0" fileid="14" />
                <SequencePoint vc="0" uspid="1527" ordinal="1" offset="1" sl="937" sc="13" el="937" ec="41" bec="0" bev="0" fileid="14" />
                <SequencePoint vc="0" uspid="1528" ordinal="2" offset="32" sl="938" sc="9" el="938" ec="10" bec="0" bev="0" fileid="14" />
              </SequencePoints>
              <BranchPoints />
              <MethodPoint xsi:type="SequencePoint" vc="0" uspid="1526" ordinal="0" offset="0" sl="936" sc="9" el="936" ec="10" bec="0" bev="0" fileid="14" />
            </Method>
            <Method visited="false" cyclomaticComplexity="1" nPathComplexity="0" sequenceCoverage="0" branchCoverage="0" crapScore="2" isConstructor="false" isStatic="false" isGetter="false" isSetter="false">
              <Summary numSequencePoints="3" visitedSequencePoints="0" numBranchPoints="1" visitedBranchPoints="0" sequenceCoverage="0" branchCoverage="0" maxCyclomaticComplexity="1" minCyclomaticComplexity="1" maxCrapScore="2" minCrapScore="2" visitedClasses="0" numClasses="0" visitedMethods="0" numMethods="1" />
              <MetadataToken>100663358</MetadataToken>
              <Name>System.Void ExMat.VM.ExVM::Push(ExMat.Objects.ExObject)</Name>
              <FileRef uid="14" />
              <SequencePoints>
                <SequencePoint vc="0" uspid="1529" ordinal="0" offset="0" sl="945" sc="9" el="945" ec="10" bec="0" bev="0" fileid="14" />
                <SequencePoint vc="0" uspid="1530" ordinal="1" offset="1" sl="946" sc="13" el="946" ec="41" bec="0" bev="0" fileid="14" />
                <SequencePoint vc="0" uspid="1531" ordinal="2" offset="32" sl="947" sc="9" el="947" ec="10" bec="0" bev="0" fileid="14" />
              </SequencePoints>
              <BranchPoints />
              <MethodPoint xsi:type="SequencePoint" vc="0" uspid="1529" ordinal="0" offset="0" sl="945" sc="9" el="945" ec="10" bec="0" bev="0" fileid="14" />
            </Method>
            <Method visited="false" cyclomaticComplexity="1" nPathComplexity="0" sequenceCoverage="0" branchCoverage="0" crapScore="2" isConstructor="false" isStatic="false" isGetter="false" isSetter="false">
              <Summary numSequencePoints="3" visitedSequencePoints="0" numBranchPoints="1" visitedBranchPoints="0" sequenceCoverage="0" branchCoverage="0" maxCyclomaticComplexity="1" minCyclomaticComplexity="1" maxCrapScore="2" minCrapScore="2" visitedClasses="0" numClasses="0" visitedMethods="0" numMethods="1" />
              <MetadataToken>100663359</MetadataToken>
              <Name>System.Void ExMat.VM.ExVM::Push(System.Collections.Generic.Dictionary`2&lt;System.String,ExMat.Objects.ExObject&gt;)</Name>
              <FileRef uid="14" />
              <SequencePoints>
                <SequencePoint vc="0" uspid="1532" ordinal="0" offset="0" sl="954" sc="9" el="954" ec="10" bec="0" bev="0" fileid="14" />
                <SequencePoint vc="0" uspid="1533" ordinal="1" offset="1" sl="955" sc="13" el="955" ec="41" bec="0" bev="0" fileid="14" />
                <SequencePoint vc="0" uspid="1534" ordinal="2" offset="32" sl="956" sc="9" el="956" ec="10" bec="0" bev="0" fileid="14" />
              </SequencePoints>
              <BranchPoints />
              <MethodPoint xsi:type="SequencePoint" vc="0" uspid="1532" ordinal="0" offset="0" sl="954" sc="9" el="954" ec="10" bec="0" bev="0" fileid="14" />
            </Method>
            <Method visited="false" cyclomaticComplexity="1" nPathComplexity="0" sequenceCoverage="0" branchCoverage="0" crapScore="2" isConstructor="false" isStatic="false" isGetter="false" isSetter="false">
              <Summary numSequencePoints="3" visitedSequencePoints="0" numBranchPoints="1" visitedBranchPoints="0" sequenceCoverage="0" branchCoverage="0" maxCyclomaticComplexity="1" minCyclomaticComplexity="1" maxCrapScore="2" minCrapScore="2" visitedClasses="0" numClasses="0" visitedMethods="0" numMethods="1" />
              <MetadataToken>100663360</MetadataToken>
              <Name>System.Void ExMat.VM.ExVM::Push(System.Collections.Generic.List`1&lt;ExMat.Objects.ExObject&gt;)</Name>
              <FileRef uid="14" />
              <SequencePoints>
                <SequencePoint vc="0" uspid="1535" ordinal="0" offset="0" sl="963" sc="9" el="963" ec="10" bec="0" bev="0" fileid="14" />
                <SequencePoint vc="0" uspid="1536" ordinal="1" offset="1" sl="964" sc="13" el="964" ec="41" bec="0" bev="0" fileid="14" />
                <SequencePoint vc="0" uspid="1537" ordinal="2" offset="32" sl="965" sc="9" el="965" ec="10" bec="0" bev="0" fileid="14" />
              </SequencePoints>
              <BranchPoints />
              <MethodPoint xsi:type="SequencePoint" vc="0" uspid="1535" ordinal="0" offset="0" sl="963" sc="9" el="963" ec="10" bec="0" bev="0" fileid="14" />
            </Method>
            <Method visited="false" cyclomaticComplexity="1" nPathComplexity="0" sequenceCoverage="0" branchCoverage="0" crapScore="2" isConstructor="false" isStatic="false" isGetter="false" isSetter="false">
              <Summary numSequencePoints="3" visitedSequencePoints="0" numBranchPoints="1" visitedBranchPoints="0" sequenceCoverage="0" branchCoverage="0" maxCyclomaticComplexity="1" minCyclomaticComplexity="1" maxCrapScore="2" minCrapScore="2" visitedClasses="0" numClasses="0" visitedMethods="0" numMethods="1" />
              <MetadataToken>100663361</MetadataToken>
              <Name>System.Void ExMat.VM.ExVM::Push(System.String[])</Name>
              <FileRef uid="14" />
              <SequencePoints>
                <SequencePoint vc="0" uspid="1538" ordinal="0" offset="0" sl="972" sc="9" el="972" ec="10" bec="0" bev="0" fileid="14" />
                <SequencePoint vc="0" uspid="1539" ordinal="1" offset="1" sl="973" sc="13" el="973" ec="51" bec="0" bev="0" fileid="14" />
                <SequencePoint vc="0" uspid="1540" ordinal="2" offset="14" sl="974" sc="9" el="974" ec="10" bec="0" bev="0" fileid="14" />
              </SequencePoints>
              <BranchPoints />
              <MethodPoint xsi:type="SequencePoint" vc="0" uspid="1538" ordinal="0" offset="0" sl="972" sc="9" el="972" ec="10" bec="0" bev="0" fileid="14" />
            </Method>
            <Method visited="false" cyclomaticComplexity="1" nPathComplexity="0" sequenceCoverage="0" branchCoverage="0" crapScore="2" isConstructor="false" isStatic="false" isGetter="false" isSetter="false">
              <Summary numSequencePoints="3" visitedSequencePoints="0" numBranchPoints="1" visitedBranchPoints="0" sequenceCoverage="0" branchCoverage="0" maxCyclomaticComplexity="1" minCyclomaticComplexity="1" maxCrapScore="2" minCrapScore="2" visitedClasses="0" numClasses="0" visitedMethods="0" numMethods="1" />
              <MetadataToken>100663362</MetadataToken>
              <Name>System.Void ExMat.VM.ExVM::Push(ExMat.ExClass.ExInstance)</Name>
              <FileRef uid="14" />
              <SequencePoints>
                <SequencePoint vc="0" uspid="1541" ordinal="0" offset="0" sl="981" sc="9" el="981" ec="10" bec="0" bev="0" fileid="14" />
                <SequencePoint vc="0" uspid="1542" ordinal="1" offset="1" sl="982" sc="13" el="982" ec="41" bec="0" bev="0" fileid="14" />
                <SequencePoint vc="0" uspid="1543" ordinal="2" offset="32" sl="983" sc="9" el="983" ec="10" bec="0" bev="0" fileid="14" />
              </SequencePoints>
              <BranchPoints />
              <MethodPoint xsi:type="SequencePoint" vc="0" uspid="1541" ordinal="0" offset="0" sl="981" sc="9" el="981" ec="10" bec="0" bev="0" fileid="14" />
            </Method>
            <Method visited="false" cyclomaticComplexity="1" nPathComplexity="0" sequenceCoverage="0" branchCoverage="0" crapScore="2" isConstructor="false" isStatic="false" isGetter="false" isSetter="false">
              <Summary numSequencePoints="3" visitedSequencePoints="0" numBranchPoints="1" visitedBranchPoints="0" sequenceCoverage="0" branchCoverage="0" maxCyclomaticComplexity="1" minCyclomaticComplexity="1" maxCrapScore="2" minCrapScore="2" visitedClasses="0" numClasses="0" visitedMethods="0" numMethods="1" />
              <MetadataToken>100663363</MetadataToken>
              <Name>System.Void ExMat.VM.ExVM::Push(ExMat.ExClass.ExClass)</Name>
              <FileRef uid="14" />
              <SequencePoints>
                <SequencePoint vc="0" uspid="1544" ordinal="0" offset="0" sl="990" sc="9" el="990" ec="10" bec="0" bev="0" fileid="14" />
                <SequencePoint vc="0" uspid="1545" ordinal="1" offset="1" sl="991" sc="13" el="991" ec="41" bec="0" bev="0" fileid="14" />
                <SequencePoint vc="0" uspid="1546" ordinal="2" offset="32" sl="992" sc="9" el="992" ec="10" bec="0" bev="0" fileid="14" />
              </SequencePoints>
              <BranchPoints />
              <MethodPoint xsi:type="SequencePoint" vc="0" uspid="1544" ordinal="0" offset="0" sl="990" sc="9" el="990" ec="10" bec="0" bev="0" fileid="14" />
            </Method>
            <Method visited="false" cyclomaticComplexity="1" nPathComplexity="0" sequenceCoverage="0" branchCoverage="0" crapScore="2" isConstructor="false" isStatic="false" isGetter="false" isSetter="false">
              <Summary numSequencePoints="3" visitedSequencePoints="0" numBranchPoints="1" visitedBranchPoints="0" sequenceCoverage="0" branchCoverage="0" maxCyclomaticComplexity="1" minCyclomaticComplexity="1" maxCrapScore="2" minCrapScore="2" visitedClasses="0" numClasses="0" visitedMethods="0" numMethods="1" />
              <MetadataToken>100663364</MetadataToken>
              <Name>System.Void ExMat.VM.ExVM::Push(ExMat.Closure.ExClosure)</Name>
              <FileRef uid="14" />
              <SequencePoints>
                <SequencePoint vc="0" uspid="1547" ordinal="0" offset="0" sl="999" sc="9" el="999" ec="10" bec="0" bev="0" fileid="14" />
                <SequencePoint vc="0" uspid="1548" ordinal="1" offset="1" sl="1000" sc="13" el="1000" ec="41" bec="0" bev="0" fileid="14" />
                <SequencePoint vc="0" uspid="1549" ordinal="2" offset="32" sl="1001" sc="9" el="1001" ec="10" bec="0" bev="0" fileid="14" />
              </SequencePoints>
              <BranchPoints />
              <MethodPoint xsi:type="SequencePoint" vc="0" uspid="1547" ordinal="0" offset="0" sl="999" sc="9" el="999" ec="10" bec="0" bev="0" fileid="14" />
            </Method>
            <Method visited="false" cyclomaticComplexity="1" nPathComplexity="0" sequenceCoverage="0" branchCoverage="0" crapScore="2" isConstructor="false" isStatic="false" isGetter="false" isSetter="false">
              <Summary numSequencePoints="3" visitedSequencePoints="0" numBranchPoints="1" visitedBranchPoints="0" sequenceCoverage="0" branchCoverage="0" maxCyclomaticComplexity="1" minCyclomaticComplexity="1" maxCrapScore="2" minCrapScore="2" visitedClasses="0" numClasses="0" visitedMethods="0" numMethods="1" />
              <MetadataToken>100663365</MetadataToken>
              <Name>System.Void ExMat.VM.ExVM::Push(ExMat.Closure.ExNativeClosure)</Name>
              <FileRef uid="14" />
              <SequencePoints>
                <SequencePoint vc="0" uspid="1550" ordinal="0" offset="0" sl="1008" sc="9" el="1008" ec="10" bec="0" bev="0" fileid="14" />
                <SequencePoint vc="0" uspid="1551" ordinal="1" offset="1" sl="1009" sc="13" el="1009" ec="41" bec="0" bev="0" fileid="14" />
                <SequencePoint vc="0" uspid="1552" ordinal="2" offset="32" sl="1010" sc="9" el="1010" ec="10" bec="0" bev="0" fileid="14" />
              </SequencePoints>
              <BranchPoints />
              <MethodPoint xsi:type="SequencePoint" vc="0" uspid="1550" ordinal="0" offset="0" sl="1008" sc="9" el="1008" ec="10" bec="0" bev="0" fileid="14" />
            </Method>
            <Method visited="false" cyclomaticComplexity="1" nPathComplexity="0" sequenceCoverage="0" branchCoverage="0" crapScore="2" isConstructor="false" isStatic="false" isGetter="false" isSetter="false">
              <Summary numSequencePoints="3" visitedSequencePoints="0" numBranchPoints="1" visitedBranchPoints="0" sequenceCoverage="0" branchCoverage="0" maxCyclomaticComplexity="1" minCyclomaticComplexity="1" maxCrapScore="2" minCrapScore="2" visitedClasses="0" numClasses="0" visitedMethods="0" numMethods="1" />
              <MetadataToken>100663366</MetadataToken>
              <Name>System.Void ExMat.VM.ExVM::Push(ExMat.Outer.ExOuter)</Name>
              <FileRef uid="14" />
              <SequencePoints>
                <SequencePoint vc="0" uspid="1553" ordinal="0" offset="0" sl="1017" sc="9" el="1017" ec="10" bec="0" bev="0" fileid="14" />
                <SequencePoint vc="0" uspid="1554" ordinal="1" offset="1" sl="1018" sc="13" el="1018" ec="41" bec="0" bev="0" fileid="14" />
                <SequencePoint vc="0" uspid="1555" ordinal="2" offset="32" sl="1019" sc="9" el="1019" ec="10" bec="0" bev="0" fileid="14" />
              </SequencePoints>
              <BranchPoints />
              <MethodPoint xsi:type="SequencePoint" vc="0" uspid="1553" ordinal="0" offset="0" sl="1017" sc="9" el="1017" ec="10" bec="0" bev="0" fileid="14" />
            </Method>
            <Method visited="false" cyclomaticComplexity="1" nPathComplexity="0" sequenceCoverage="0" branchCoverage="0" crapScore="2" isConstructor="false" isStatic="false" isGetter="false" isSetter="false">
              <Summary numSequencePoints="3" visitedSequencePoints="0" numBranchPoints="1" visitedBranchPoints="0" sequenceCoverage="0" branchCoverage="0" maxCyclomaticComplexity="1" minCyclomaticComplexity="1" maxCrapScore="2" minCrapScore="2" visitedClasses="0" numClasses="0" visitedMethods="0" numMethods="1" />
              <MetadataToken>100663367</MetadataToken>
              <Name>System.Void ExMat.VM.ExVM::Push(ExMat.Objects.ExWeakRef)</Name>
              <FileRef uid="14" />
              <SequencePoints>
                <SequencePoint vc="0" uspid="1556" ordinal="0" offset="0" sl="1026" sc="9" el="1026" ec="10" bec="0" bev="0" fileid="14" />
                <SequencePoint vc="0" uspid="1557" ordinal="1" offset="1" sl="1027" sc="13" el="1027" ec="41" bec="0" bev="0" fileid="14" />
                <SequencePoint vc="0" uspid="1558" ordinal="2" offset="32" sl="1028" sc="9" el="1028" ec="10" bec="0" bev="0" fileid="14" />
              </SequencePoints>
              <BranchPoints />
              <MethodPoint xsi:type="SequencePoint" vc="0" uspid="1556" ordinal="0" offset="0" sl="1026" sc="9" el="1026" ec="10" bec="0" bev="0" fileid="14" />
            </Method>
            <Method visited="false" cyclomaticComplexity="1" nPathComplexity="0" sequenceCoverage="0" branchCoverage="0" crapScore="2" isConstructor="false" isStatic="false" isGetter="false" isSetter="false">
              <Summary numSequencePoints="3" visitedSequencePoints="0" numBranchPoints="1" visitedBranchPoints="0" sequenceCoverage="0" branchCoverage="0" maxCyclomaticComplexity="1" minCyclomaticComplexity="1" maxCrapScore="2" minCrapScore="2" visitedClasses="0" numClasses="0" visitedMethods="0" numMethods="1" />
              <MetadataToken>100663368</MetadataToken>
              <Name>System.Void ExMat.VM.ExVM::Push(ExMat.FuncPrototype.ExPrototype)</Name>
              <FileRef uid="14" />
              <SequencePoints>
                <SequencePoint vc="0" uspid="1559" ordinal="0" offset="0" sl="1035" sc="9" el="1035" ec="10" bec="0" bev="0" fileid="14" />
                <SequencePoint vc="0" uspid="1560" ordinal="1" offset="1" sl="1036" sc="13" el="1036" ec="41" bec="0" bev="0" fileid="14" />
                <SequencePoint vc="0" uspid="1561" ordinal="2" offset="32" sl="1037" sc="9" el="1037" ec="10" bec="0" bev="0" fileid="14" />
              </SequencePoints>
              <BranchPoints />
              <MethodPoint xsi:type="SequencePoint" vc="0" uspid="1559" ordinal="0" offset="0" sl="1035" sc="9" el="1035" ec="10" bec="0" bev="0" fileid="14" />
            </Method>
            <Method visited="false" cyclomaticComplexity="1" nPathComplexity="0" sequenceCoverage="0" branchCoverage="0" crapScore="2" isConstructor="false" isStatic="false" isGetter="false" isSetter="false">
              <Summary numSequencePoints="3" visitedSequencePoints="0" numBranchPoints="1" visitedBranchPoints="0" sequenceCoverage="0" branchCoverage="0" maxCyclomaticComplexity="1" minCyclomaticComplexity="1" maxCrapScore="2" minCrapScore="2" visitedClasses="0" numClasses="0" visitedMethods="0" numMethods="1" />
              <MetadataToken>100663369</MetadataToken>
              <Name>System.Void ExMat.VM.ExVM::PushNull()</Name>
              <FileRef uid="14" />
              <SequencePoints>
                <SequencePoint vc="0" uspid="1562" ordinal="0" offset="0" sl="1043" sc="9" el="1043" ec="10" bec="0" bev="0" fileid="14" />
                <SequencePoint vc="0" uspid="1563" ordinal="1" offset="1" sl="1044" sc="13" el="1044" ec="41" bec="0" bev="0" fileid="14" />
                <SequencePoint vc="0" uspid="1564" ordinal="2" offset="31" sl="1045" sc="9" el="1045" ec="10" bec="0" bev="0" fileid="14" />
              </SequencePoints>
              <BranchPoints />
              <MethodPoint xsi:type="SequencePoint" vc="0" uspid="1562" ordinal="0" offset="0" sl="1043" sc="9" el="1043" ec="10" bec="0" bev="0" fileid="14" />
            </Method>
            <Method visited="false" cyclomaticComplexity="1" nPathComplexity="0" sequenceCoverage="0" branchCoverage="0" crapScore="2" isConstructor="false" isStatic="false" isGetter="false" isSetter="false">
              <Summary numSequencePoints="3" visitedSequencePoints="0" numBranchPoints="1" visitedBranchPoints="0" sequenceCoverage="0" branchCoverage="0" maxCyclomaticComplexity="1" minCyclomaticComplexity="1" maxCrapScore="2" minCrapScore="2" visitedClasses="0" numClasses="0" visitedMethods="0" numMethods="1" />
              <MetadataToken>100663370</MetadataToken>
              <Name>ExMat.Objects.ExObject ExMat.VM.ExVM::Top()</Name>
              <FileRef uid="14" />
              <SequencePoints>
                <SequencePoint vc="0" uspid="1565" ordinal="0" offset="0" sl="1052" sc="9" el="1052" ec="10" bec="0" bev="0" fileid="14" />
                <SequencePoint vc="0" uspid="1566" ordinal="1" offset="1" sl="1053" sc="13" el="1053" ec="40" bec="0" bev="0" fileid="14" />
                <SequencePoint vc="0" uspid="1567" ordinal="2" offset="19" sl="1054" sc="9" el="1054" ec="10" bec="0" bev="0" fileid="14" />
              </SequencePoints>
              <BranchPoints />
              <MethodPoint xsi:type="SequencePoint" vc="0" uspid="1565" ordinal="0" offset="0" sl="1052" sc="9" el="1052" ec="10" bec="0" bev="0" fileid="14" />
            </Method>
            <Method visited="false" cyclomaticComplexity="1" nPathComplexity="0" sequenceCoverage="0" branchCoverage="0" crapScore="2" isConstructor="false" isStatic="false" isGetter="false" isSetter="false">
              <Summary numSequencePoints="3" visitedSequencePoints="0" numBranchPoints="1" visitedBranchPoints="0" sequenceCoverage="0" branchCoverage="0" maxCyclomaticComplexity="1" minCyclomaticComplexity="1" maxCrapScore="2" minCrapScore="2" visitedClasses="0" numClasses="0" visitedMethods="0" numMethods="1" />
              <MetadataToken>100663371</MetadataToken>
              <Name>ExMat.Objects.ExObject ExMat.VM.ExVM::GetAbove(System.Int32)</Name>
              <FileRef uid="14" />
              <SequencePoints>
                <SequencePoint vc="0" uspid="1568" ordinal="0" offset="0" sl="1062" sc="9" el="1062" ec="10" bec="0" bev="0" fileid="14" />
                <SequencePoint vc="0" uspid="1569" ordinal="1" offset="1" sl="1063" sc="13" el="1063" ec="40" bec="0" bev="0" fileid="14" />
                <SequencePoint vc="0" uspid="1570" ordinal="2" offset="19" sl="1064" sc="9" el="1064" ec="10" bec="0" bev="0" fileid="14" />
              </SequencePoints>
              <BranchPoints />
              <MethodPoint xsi:type="SequencePoint" vc="0" uspid="1568" ordinal="0" offset="0" sl="1062" sc="9" el="1062" ec="10" bec="0" bev="0" fileid="14" />
            </Method>
            <Method visited="false" cyclomaticComplexity="1" nPathComplexity="0" sequenceCoverage="0" branchCoverage="0" crapScore="2" isConstructor="false" isStatic="false" isGetter="false" isSetter="false">
              <Summary numSequencePoints="3" visitedSequencePoints="0" numBranchPoints="1" visitedBranchPoints="0" sequenceCoverage="0" branchCoverage="0" maxCyclomaticComplexity="1" minCyclomaticComplexity="1" maxCrapScore="2" minCrapScore="2" visitedClasses="0" numClasses="0" visitedMethods="0" numMethods="1" />
              <MetadataToken>100663372</MetadataToken>
              <Name>ExMat.Objects.ExObject ExMat.VM.ExVM::GetAt(System.Int32)</Name>
              <FileRef uid="14" />
              <SequencePoints>
                <SequencePoint vc="0" uspid="1571" ordinal="0" offset="0" sl="1071" sc="9" el="1071" ec="10" bec="0" bev="0" fileid="14" />
                <SequencePoint vc="0" uspid="1572" ordinal="1" offset="1" sl="1072" sc="13" el="1072" ec="29" bec="0" bev="0" fileid="14" />
                <SequencePoint vc="0" uspid="1573" ordinal="2" offset="12" sl="1073" sc="9" el="1073" ec="10" bec="0" bev="0" fileid="14" />
              </SequencePoints>
              <BranchPoints />
              <MethodPoint xsi:type="SequencePoint" vc="0" uspid="1571" ordinal="0" offset="0" sl="1071" sc="9" el="1071" ec="10" bec="0" bev="0" fileid="14" />
            </Method>
            <Method visited="false" cyclomaticComplexity="1" nPathComplexity="0" sequenceCoverage="0" branchCoverage="0" crapScore="2" isConstructor="false" isStatic="false" isGetter="false" isSetter="false">
              <Summary numSequencePoints="3" visitedSequencePoints="0" numBranchPoints="1" visitedBranchPoints="0" sequenceCoverage="0" branchCoverage="0" maxCyclomaticComplexity="1" minCyclomaticComplexity="1" maxCrapScore="2" minCrapScore="2" visitedClasses="0" numClasses="0" visitedMethods="0" numMethods="1" />
              <MetadataToken>100663373</MetadataToken>
              <Name>ExMat.Objects.ExObject ExMat.VM.ExVM::GetArgument(System.Int32)</Name>
              <FileRef uid="14" />
              <SequencePoints>
                <SequencePoint vc="0" uspid="1574" ordinal="0" offset="0" sl="1080" sc="9" el="1080" ec="10" bec="0" bev="0" fileid="14" />
                <SequencePoint vc="0" uspid="1575" ordinal="1" offset="1" sl="1081" sc="13" el="1081" ec="43" bec="0" bev="0" fileid="14" />
                <SequencePoint vc="0" uspid="1576" ordinal="2" offset="19" sl="1082" sc="9" el="1082" ec="10" bec="0" bev="0" fileid="14" />
              </SequencePoints>
              <BranchPoints />
              <MethodPoint xsi:type="SequencePoint" vc="0" uspid="1574" ordinal="0" offset="0" sl="1080" sc="9" el="1080" ec="10" bec="0" bev="0" fileid="14" />
            </Method>
            <Method visited="false" cyclomaticComplexity="1" nPathComplexity="0" sequenceCoverage="0" branchCoverage="0" crapScore="2" isConstructor="false" isStatic="false" isGetter="false" isSetter="false">
              <Summary numSequencePoints="3" visitedSequencePoints="0" numBranchPoints="1" visitedBranchPoints="0" sequenceCoverage="0" branchCoverage="0" maxCyclomaticComplexity="1" minCyclomaticComplexity="1" maxCrapScore="2" minCrapScore="2" visitedClasses="0" numClasses="0" visitedMethods="0" numMethods="1" />
              <MetadataToken>100663374</MetadataToken>
              <Name>ExMat.Objects.ExObject ExMat.VM.ExVM::GetRootArgument()</Name>
              <FileRef uid="14" />
              <SequencePoints>
                <SequencePoint vc="0" uspid="1577" ordinal="0" offset="0" sl="1088" sc="9" el="1088" ec="10" bec="0" bev="0" fileid="14" />
                <SequencePoint vc="0" uspid="1578" ordinal="1" offset="1" sl="1089" sc="13" el="1089" ec="37" bec="0" bev="0" fileid="14" />
                <SequencePoint vc="0" uspid="1579" ordinal="2" offset="17" sl="1090" sc="9" el="1090" ec="10" bec="0" bev="0" fileid="14" />
              </SequencePoints>
              <BranchPoints />
              <MethodPoint xsi:type="SequencePoint" vc="0" uspid="1577" ordinal="0" offset="0" sl="1088" sc="9" el="1088" ec="10" bec="0" bev="0" fileid="14" />
            </Method>
            <Method visited="false" cyclomaticComplexity="1" nPathComplexity="0" sequenceCoverage="0" branchCoverage="0" crapScore="2" isConstructor="false" isStatic="false" isGetter="false" isSetter="false">
              <Summary numSequencePoints="3" visitedSequencePoints="0" numBranchPoints="1" visitedBranchPoints="0" sequenceCoverage="0" branchCoverage="0" maxCyclomaticComplexity="1" minCyclomaticComplexity="1" maxCrapScore="2" minCrapScore="2" visitedClasses="0" numClasses="0" visitedMethods="0" numMethods="1" />
              <MetadataToken>100663375</MetadataToken>
              <Name>ExMat.Closure.ExNativeClosure ExMat.VM.ExVM::GetRootClosure()</Name>
              <FileRef uid="14" />
              <SequencePoints>
                <SequencePoint vc="0" uspid="1580" ordinal="0" offset="0" sl="1096" sc="9" el="1096" ec="10" bec="0" bev="0" fileid="14" />
                <SequencePoint vc="0" uspid="1581" ordinal="1" offset="1" sl="1097" sc="13" el="1097" ec="55" bec="0" bev="0" fileid="14" />
                <SequencePoint vc="0" uspid="1582" ordinal="2" offset="24" sl="1098" sc="9" el="1098" ec="10" bec="0" bev="0" fileid="14" />
              </SequencePoints>
              <BranchPoints />
              <MethodPoint xsi:type="SequencePoint" vc="0" uspid="1580" ordinal="0" offset="0" sl="1096" sc="9" el="1096" ec="10" bec="0" bev="0" fileid="14" />
            </Method>
            <Method visited="false" cyclomaticComplexity="3" nPathComplexity="2" sequenceCoverage="0" branchCoverage="0" crapScore="12" isConstructor="false" isStatic="false" isGetter="false" isSetter="false">
              <Summary numSequencePoints="4" visitedSequencePoints="0" numBranchPoints="3" visitedBranchPoints="0" sequenceCoverage="0" branchCoverage="0" maxCyclomaticComplexity="3" minCyclomaticComplexity="3" maxCrapScore="12" minCrapScore="12" visitedClasses="0" numClasses="0" visitedMethods="0" numMethods="1" />
              <MetadataToken>100663376</MetadataToken>
              <Name>System.Int64 ExMat.VM.ExVM::GetPositiveIntegerArgument(System.Int32,System.Int64)</Name>
              <FileRef uid="14" />
              <SequencePoints>
                <SequencePoint vc="0" uspid="1583" ordinal="0" offset="0" sl="1106" sc="9" el="1106" ec="10" bec="0" bev="0" fileid="14" />
                <SequencePoint vc="0" uspid="1584" ordinal="1" offset="1" sl="1107" sc="13" el="1107" ec="50" bec="0" bev="0" fileid="14" />
                <SequencePoint vc="0" uspid="1585" ordinal="2" offset="14" sl="1108" sc="13" el="1108" ec="48" bec="2" bev="0" fileid="14" />
                <SequencePoint vc="0" uspid="1586" ordinal="3" offset="26" sl="1109" sc="9" el="1109" ec="10" bec="0" bev="0" fileid="14" />
              </SequencePoints>
              <BranchPoints>
                <BranchPoint vc="0" uspid="1587" ordinal="0" offset="17" sl="1108" path="0" offsetend="19" fileid="14" />
                <BranchPoint vc="0" uspid="1588" ordinal="1" offset="17" sl="1108" path="1" offsetend="22" fileid="14" />
              </BranchPoints>
              <MethodPoint xsi:type="SequencePoint" vc="0" uspid="1583" ordinal="0" offset="0" sl="1106" sc="9" el="1106" ec="10" bec="0" bev="0" fileid="14" />
            </Method>
            <Method visited="false" cyclomaticComplexity="5" nPathComplexity="4" sequenceCoverage="0" branchCoverage="0" crapScore="30" isConstructor="false" isStatic="false" isGetter="false" isSetter="false">
              <Summary numSequencePoints="4" visitedSequencePoints="0" numBranchPoints="5" visitedBranchPoints="0" sequenceCoverage="0" branchCoverage="0" maxCyclomaticComplexity="5" minCyclomaticComplexity="5" maxCrapScore="30" minCrapScore="30" visitedClasses="0" numClasses="0" visitedMethods="0" numMethods="1" />
              <MetadataToken>100663377</MetadataToken>
              <Name>System.Int64 ExMat.VM.ExVM::GetPositiveRangedIntegerArgument(System.Int32,System.Int64,System.Int64)</Name>
              <FileRef uid="14" />
              <SequencePoints>
                <SequencePoint vc="0" uspid="1589" ordinal="0" offset="0" sl="1119" sc="9" el="1119" ec="10" bec="0" bev="0" fileid="14" />
                <SequencePoint vc="0" uspid="1590" ordinal="1" offset="1" sl="1120" sc="13" el="1120" ec="50" bec="0" bev="0" fileid="14" />
                <SequencePoint vc="0" uspid="1591" ordinal="2" offset="14" sl="1121" sc="13" el="1121" ec="62" bec="4" bev="0" fileid="14" />
                <SequencePoint vc="0" uspid="1592" ordinal="3" offset="32" sl="1122" sc="9" el="1122" ec="10" bec="0" bev="0" fileid="14" />
              </SequencePoints>
              <BranchPoints>
                <BranchPoint vc="0" uspid="1593" ordinal="0" offset="16" sl="1121" path="0" offsetend="18" fileid="14" />
                <BranchPoint vc="0" uspid="1594" ordinal="1" offset="16" sl="1121" path="1" offsetend="28" fileid="14" />
                <BranchPoint vc="0" uspid="1595" ordinal="2" offset="20" sl="1121" path="0" offsetend="22" fileid="14" />
                <BranchPoint vc="0" uspid="1596" ordinal="3" offset="20" sl="1121" path="1" offsetend="25" fileid="14" />
              </BranchPoints>
              <MethodPoint xsi:type="SequencePoint" vc="0" uspid="1589" ordinal="0" offset="0" sl="1119" sc="9" el="1119" ec="10" bec="0" bev="0" fileid="14" />
            </Method>
            <Method visited="false" cyclomaticComplexity="2" nPathComplexity="2" sequenceCoverage="0" branchCoverage="0" crapScore="6" isConstructor="false" isStatic="false" isGetter="false" isSetter="false">
              <Summary numSequencePoints="8" visitedSequencePoints="0" numBranchPoints="3" visitedBranchPoints="0" sequenceCoverage="0" branchCoverage="0" maxCyclomaticComplexity="2" minCyclomaticComplexity="2" maxCrapScore="6" minCrapScore="6" visitedClasses="0" numClasses="0" visitedMethods="0" numMethods="1" />
              <MetadataToken>100663378</MetadataToken>
              <Name>ExMat.Objects.ExObject ExMat.VM.ExVM::CreateString(System.String)</Name>
              <FileRef uid="14" />
              <SequencePoints>
                <SequencePoint vc="0" uspid="1597" ordinal="0" offset="0" sl="1125" sc="9" el="1125" ec="10" bec="0" bev="0" fileid="14" />
                <SequencePoint vc="0" uspid="1598" ordinal="1" offset="1" sl="1126" sc="13" el="1126" ec="53" bec="2" bev="0" fileid="14" />
                <SequencePoint vc="0" uspid="1599" ordinal="2" offset="25" sl="1127" sc="13" el="1127" ec="14" bec="0" bev="0" fileid="14" />
                <SequencePoint vc="0" uspid="1600" ordinal="3" offset="26" sl="1128" sc="17" el="1128" ec="39" bec="0" bev="0" fileid="14" />
                <SequencePoint vc="0" uspid="1601" ordinal="4" offset="33" sl="1129" sc="17" el="1129" ec="49" bec="0" bev="0" fileid="14" />
                <SequencePoint vc="0" uspid="1602" ordinal="5" offset="52" sl="1130" sc="17" el="1130" ec="28" bec="0" bev="0" fileid="14" />
                <SequencePoint vc="0" uspid="1603" ordinal="6" offset="56" sl="1132" sc="13" el="1132" ec="43" bec="0" bev="0" fileid="14" />
                <SequencePoint vc="0" uspid="1604" ordinal="7" offset="76" sl="1133" sc="9" el="1133" ec="10" bec="0" bev="0" fileid="14" />
              </SequencePoints>
              <BranchPoints>
                <BranchPoint vc="0" uspid="1605" ordinal="0" offset="23" sl="1126" path="0" offsetend="25" fileid="14" />
                <BranchPoint vc="0" uspid="1606" ordinal="1" offset="23" sl="1126" path="1" offsetend="56" fileid="14" />
              </BranchPoints>
              <MethodPoint xsi:type="SequencePoint" vc="0" uspid="1597" ordinal="0" offset="0" sl="1125" sc="9" el="1125" ec="10" bec="0" bev="0" fileid="14" />
            </Method>
            <Method visited="false" cyclomaticComplexity="4" nPathComplexity="8" sequenceCoverage="0" branchCoverage="0" crapScore="20" isConstructor="false" isStatic="false" isGetter="false" isSetter="false">
              <Summary numSequencePoints="21" visitedSequencePoints="0" numBranchPoints="7" visitedBranchPoints="0" sequenceCoverage="0" branchCoverage="0" maxCyclomaticComplexity="4" minCyclomaticComplexity="4" maxCrapScore="20" minCrapScore="20" visitedClasses="0" numClasses="0" visitedMethods="0" numMethods="1" />
              <MetadataToken>100663379</MetadataToken>
              <Name>System.Boolean ExMat.VM.ExVM::CreateClassInst(ExMat.ExClass.ExClass,ExMat.Objects.ExObject&amp;,ExMat.Objects.ExObject&amp;)</Name>
              <FileRef uid="14" />
              <SequencePoints>
                <SequencePoint vc="0" uspid="1607" ordinal="0" offset="0" sl="1136" sc="9" el="1136" ec="10" bec="0" bev="0" fileid="14" />
                <SequencePoint vc="0" uspid="1608" ordinal="1" offset="1" sl="1137" sc="13" el="1137" ec="24" bec="0" bev="0" fileid="14" />
                <SequencePoint vc="0" uspid="1609" ordinal="2" offset="4" sl="1138" sc="13" el="1138" ec="44" bec="0" bev="0" fileid="14" />
                <SequencePoint vc="0" uspid="1610" ordinal="3" offset="18" sl="1140" sc="13" el="1140" ec="46" bec="2" bev="0" fileid="14" />
                <SequencePoint vc="0" uspid="1611" ordinal="4" offset="35" sl="1141" sc="13" el="1141" ec="14" bec="0" bev="0" fileid="14" />
                <SequencePoint vc="0" uspid="1612" ordinal="5" offset="36" sl="1142" sc="17" el="1142" ec="47" bec="0" bev="0" fileid="14" />
                <SequencePoint vc="0" uspid="1613" ordinal="6" offset="42" sl="1143" sc="17" el="1143" ec="85" bec="2" bev="0" fileid="14" />
                <SequencePoint vc="0" uspid="1614" ordinal="7" offset="62" sl="1144" sc="17" el="1144" ec="18" bec="0" bev="0" fileid="14" />
                <SequencePoint vc="0" uspid="1615" ordinal="8" offset="63" sl="1145" sc="21" el="1145" ec="42" bec="0" bev="0" fileid="14" />
                <SequencePoint vc="0" uspid="1616" ordinal="9" offset="69" sl="1146" sc="21" el="1146" ec="29" bec="0" bev="0" fileid="14" />
                <SequencePoint vc="0" uspid="1617" ordinal="10" offset="78" sl="1147" sc="21" el="1147" ec="65" bec="2" bev="0" fileid="14" />
                <SequencePoint vc="0" uspid="1618" ordinal="11" offset="99" sl="1148" sc="21" el="1148" ec="22" bec="0" bev="0" fileid="14" />
                <SequencePoint vc="0" uspid="1619" ordinal="12" offset="100" sl="1149" sc="25" el="1149" ec="77" bec="0" bev="0" fileid="14" />
                <SequencePoint vc="0" uspid="1620" ordinal="13" offset="112" sl="1150" sc="25" el="1150" ec="38" bec="0" bev="0" fileid="14" />
                <SequencePoint vc="0" uspid="1621" ordinal="14" offset="117" sl="1152" sc="21" el="1152" ec="104" bec="0" bev="0" fileid="14" />
                <SequencePoint vc="0" uspid="1622" ordinal="15" offset="144" sl="1153" sc="21" el="1153" ec="34" bec="0" bev="0" fileid="14" />
                <SequencePoint vc="0" uspid="1623" ordinal="16" offset="149" sl="1157" sc="17" el="1157" ec="18" bec="0" bev="0" fileid="14" />
                <SequencePoint vc="0" uspid="1624" ordinal="17" offset="150" sl="1158" sc="21" el="1158" ec="89" bec="0" bev="0" fileid="14" />
                <SequencePoint vc="0" uspid="1625" ordinal="18" offset="162" sl="1159" sc="21" el="1159" ec="34" bec="0" bev="0" fileid="14" />
                <SequencePoint vc="0" uspid="1626" ordinal="19" offset="167" sl="1162" sc="13" el="1162" ec="25" bec="0" bev="0" fileid="14" />
                <SequencePoint vc="0" uspid="1627" ordinal="20" offset="172" sl="1163" sc="9" el="1163" ec="10" bec="0" bev="0" fileid="14" />
              </SequencePoints>
              <BranchPoints>
                <BranchPoint vc="0" uspid="1628" ordinal="0" offset="30" sl="1140" path="0" offsetend="35" fileid="14" />
                <BranchPoint vc="0" uspid="1629" ordinal="1" offset="30" sl="1140" path="1" offsetend="167" fileid="14" />
                <BranchPoint vc="0" uspid="1630" ordinal="2" offset="60" sl="1143" path="0" offsetend="62" fileid="14" />
                <BranchPoint vc="0" uspid="1631" ordinal="3" offset="60" sl="1143" path="1" offsetend="149" fileid="14" />
                <BranchPoint vc="0" uspid="1632" ordinal="4" offset="97" sl="1147" path="0" offsetend="99" fileid="14" />
                <BranchPoint vc="0" uspid="1633" ordinal="5" offset="97" sl="1147" path="1" offsetend="117" fileid="14" />
              </BranchPoints>
              <MethodPoint xsi:type="SequencePoint" vc="0" uspid="1607" ordinal="0" offset="0" sl="1136" sc="9" el="1136" ec="10" bec="0" bev="0" fileid="14" />
            </Method>
            <Method visited="false" cyclomaticComplexity="7" nPathComplexity="32" sequenceCoverage="0" branchCoverage="0" crapScore="56" isConstructor="false" isStatic="false" isGetter="false" isSetter="false">
              <Summary numSequencePoints="30" visitedSequencePoints="0" numBranchPoints="11" visitedBranchPoints="0" sequenceCoverage="0" branchCoverage="0" maxCyclomaticComplexity="7" minCyclomaticComplexity="7" maxCrapScore="56" minCrapScore="56" visitedClasses="0" numClasses="0" visitedMethods="0" numMethods="1" />
              <MetadataToken>100663380</MetadataToken>
              <Name>System.Boolean ExMat.VM.ExVM::DoClusterParamChecks(ExMat.Closure.ExClosure,System.Collections.Generic.List`1&lt;ExMat.Objects.ExObject&gt;)</Name>
              <FileRef uid="14" />
              <SequencePoints>
                <SequencePoint vc="0" uspid="1634" ordinal="0" offset="0" sl="1166" sc="9" el="1166" ec="10" bec="0" bev="0" fileid="14" />
                <SequencePoint vc="0" uspid="1635" ordinal="1" offset="1" sl="1167" sc="13" el="1167" ec="47" bec="0" bev="0" fileid="14" />
                <SequencePoint vc="0" uspid="1636" ordinal="2" offset="13" sl="1169" sc="13" el="1169" ec="44" bec="0" bev="0" fileid="14" />
                <SequencePoint vc="0" uspid="1637" ordinal="3" offset="20" sl="1170" sc="13" el="1170" ec="51" bec="0" bev="0" fileid="14" />
                <SequencePoint vc="0" uspid="1638" ordinal="4" offset="27" sl="1171" sc="13" el="1171" ec="35" bec="0" bev="0" fileid="14" />
                <SequencePoint vc="0" uspid="1639" ordinal="5" offset="34" sl="1173" sc="13" el="1173" ec="25" bec="2" bev="0" fileid="14" />
                <SequencePoint vc="0" uspid="1640" ordinal="6" offset="47" sl="1174" sc="13" el="1174" ec="14" bec="0" bev="0" fileid="14" />
                <SequencePoint vc="0" uspid="1641" ordinal="7" offset="48" sl="1175" sc="17" el="1175" ec="30" bec="2" bev="0" fileid="14" />
                <SequencePoint vc="0" uspid="1642" ordinal="8" offset="58" sl="1176" sc="17" el="1176" ec="18" bec="0" bev="0" fileid="14" />
                <SequencePoint vc="0" uspid="1643" ordinal="9" offset="59" sl="1177" sc="21" el="1177" ec="74" bec="2" bev="0" fileid="14" />
                <SequencePoint vc="0" uspid="1644" ordinal="10" offset="94" sl="1178" sc="21" el="1178" ec="22" bec="0" bev="0" fileid="14" />
                <SequencePoint vc="0" uspid="1645" ordinal="11" offset="95" sl="1179" sc="25" el="1179" ec="38" bec="0" bev="0" fileid="14" />
                <SequencePoint vc="0" uspid="1646" ordinal="12" offset="103" sl="1181" sc="17" el="1181" ec="18" bec="0" bev="0" fileid="14" />
                <SequencePoint vc="0" uspid="1647" ordinal="13" offset="109" sl="1183" sc="17" el="1183" ec="18" bec="0" bev="0" fileid="14" />
                <SequencePoint vc="0" uspid="1648" ordinal="14" offset="110" sl="1184" sc="21" el="1184" ec="38" bec="2" bev="0" fileid="14" />
                <SequencePoint vc="0" uspid="1649" ordinal="15" offset="123" sl="1185" sc="21" el="1185" ec="22" bec="0" bev="0" fileid="14" />
                <SequencePoint vc="0" uspid="1650" ordinal="16" offset="124" sl="1186" sc="25" el="1186" ec="105" bec="0" bev="0" fileid="14" />
                <SequencePoint vc="0" uspid="1651" ordinal="17" offset="190" sl="1187" sc="25" el="1187" ec="38" bec="0" bev="0" fileid="14" />
                <SequencePoint vc="0" uspid="1652" ordinal="18" offset="195" sl="1190" sc="26" el="1190" ec="35" bec="0" bev="0" fileid="14" />
                <SequencePoint vc="0" uspid="1653" ordinal="19" offset="200" sl="1191" sc="21" el="1191" ec="22" bec="0" bev="0" fileid="14" />
                <SequencePoint vc="0" uspid="1654" ordinal="20" offset="201" sl="1192" sc="25" el="1192" ec="80" bec="2" bev="0" fileid="14" />
                <SequencePoint vc="0" uspid="1655" ordinal="21" offset="242" sl="1193" sc="25" el="1193" ec="26" bec="0" bev="0" fileid="14" />
                <SequencePoint vc="0" uspid="1656" ordinal="22" offset="243" sl="1194" sc="29" el="1194" ec="42" bec="0" bev="0" fileid="14" />
                <SequencePoint vc="0" uspid="1657" ordinal="23" offset="248" sl="1196" sc="21" el="1196" ec="22" bec="0" bev="0" fileid="14" />
                <SequencePoint vc="0" uspid="1658" ordinal="24" offset="249" sl="1190" sc="48" el="1190" ec="51" bec="0" bev="0" fileid="14" />
                <SequencePoint vc="0" uspid="1659" ordinal="25" offset="255" sl="1190" sc="37" el="1190" ec="46" bec="0" bev="0" fileid="14" />
                <SequencePoint vc="0" uspid="1660" ordinal="26" offset="266" sl="1197" sc="17" el="1197" ec="18" bec="0" bev="0" fileid="14" />
                <SequencePoint vc="0" uspid="1661" ordinal="27" offset="267" sl="1198" sc="13" el="1198" ec="14" bec="0" bev="0" fileid="14" />
                <SequencePoint vc="0" uspid="1662" ordinal="28" offset="268" sl="1199" sc="13" el="1199" ec="25" bec="0" bev="0" fileid="14" />
                <SequencePoint vc="0" uspid="1663" ordinal="29" offset="273" sl="1200" sc="9" el="1200" ec="10" bec="0" bev="0" fileid="14" />
              </SequencePoints>
              <BranchPoints>
                <BranchPoint vc="0" uspid="1664" ordinal="0" offset="42" sl="1173" path="0" offsetend="47" fileid="14" />
                <BranchPoint vc="0" uspid="1665" ordinal="1" offset="42" sl="1173" path="1" offsetend="268" fileid="14" />
                <BranchPoint vc="0" uspid="1666" ordinal="2" offset="56" sl="1175" path="0" offsetend="58" fileid="14" />
                <BranchPoint vc="0" uspid="1667" ordinal="3" offset="56" sl="1175" path="1" offsetend="109" fileid="14" />
                <BranchPoint vc="0" uspid="1668" ordinal="4" offset="92" sl="1177" path="0" offsetend="94" fileid="14" />
                <BranchPoint vc="0" uspid="1669" ordinal="5" offset="92" sl="1177" path="1" offsetend="103" fileid="14" />
                <BranchPoint vc="0" uspid="1670" ordinal="6" offset="121" sl="1184" path="0" offsetend="123" fileid="14" />
                <BranchPoint vc="0" uspid="1671" ordinal="7" offset="121" sl="1184" path="1" offsetend="195" fileid="14" />
                <BranchPoint vc="0" uspid="1672" ordinal="8" offset="240" sl="1192" path="0" offsetend="242" fileid="14" />
                <BranchPoint vc="0" uspid="1673" ordinal="9" offset="240" sl="1192" path="1" offsetend="248" fileid="14" />
              </BranchPoints>
              <MethodPoint xsi:type="SequencePoint" vc="0" uspid="1634" ordinal="0" offset="0" sl="1166" sc="9" el="1166" ec="10" bec="0" bev="0" fileid="14" />
            </Method>
            <Method visited="false" cyclomaticComplexity="6" nPathComplexity="16" sequenceCoverage="0" branchCoverage="0" crapScore="42" isConstructor="false" isStatic="false" isGetter="false" isSetter="false">
              <Summary numSequencePoints="21" visitedSequencePoints="0" numBranchPoints="9" visitedBranchPoints="0" sequenceCoverage="0" branchCoverage="0" maxCyclomaticComplexity="6" minCyclomaticComplexity="6" maxCrapScore="42" minCrapScore="42" visitedClasses="0" numClasses="0" visitedMethods="0" numMethods="1" />
              <MetadataToken>100663381</MetadataToken>
              <Name>System.Boolean ExMat.VM.ExVM::DoClusterParamChecks(ExMat.Closure.ExClosure,System.Int32,System.Int32)</Name>
              <FileRef uid="14" />
              <SequencePoints>
                <SequencePoint vc="0" uspid="1674" ordinal="0" offset="0" sl="1203" sc="9" el="1203" ec="10" bec="0" bev="0" fileid="14" />
                <SequencePoint vc="0" uspid="1675" ordinal="1" offset="1" sl="1204" sc="13" el="1204" ec="47" bec="0" bev="0" fileid="14" />
                <SequencePoint vc="0" uspid="1676" ordinal="2" offset="13" sl="1206" sc="13" el="1206" ec="44" bec="0" bev="0" fileid="14" />
                <SequencePoint vc="0" uspid="1677" ordinal="3" offset="20" sl="1207" sc="13" el="1207" ec="51" bec="0" bev="0" fileid="14" />
                <SequencePoint vc="0" uspid="1678" ordinal="4" offset="27" sl="1209" sc="13" el="1209" ec="25" bec="2" bev="0" fileid="14" />
                <SequencePoint vc="0" uspid="1679" ordinal="5" offset="38" sl="1210" sc="13" el="1210" ec="14" bec="0" bev="0" fileid="14" />
                <SequencePoint vc="0" uspid="1680" ordinal="6" offset="39" sl="1211" sc="17" el="1211" ec="38" bec="2" bev="0" fileid="14" />
                <SequencePoint vc="0" uspid="1681" ordinal="7" offset="54" sl="1212" sc="17" el="1212" ec="18" bec="0" bev="0" fileid="14" />
                <SequencePoint vc="0" uspid="1682" ordinal="8" offset="55" sl="1213" sc="21" el="1213" ec="101" bec="0" bev="0" fileid="14" />
                <SequencePoint vc="0" uspid="1683" ordinal="9" offset="121" sl="1214" sc="21" el="1214" ec="34" bec="0" bev="0" fileid="14" />
                <SequencePoint vc="0" uspid="1684" ordinal="10" offset="126" sl="1217" sc="22" el="1217" ec="31" bec="0" bev="0" fileid="14" />
                <SequencePoint vc="0" uspid="1685" ordinal="11" offset="131" sl="1218" sc="17" el="1218" ec="18" bec="0" bev="0" fileid="14" />
                <SequencePoint vc="0" uspid="1686" ordinal="12" offset="132" sl="1219" sc="21" el="1219" ec="83" bec="2" bev="0" fileid="14" />
                <SequencePoint vc="0" uspid="1687" ordinal="13" offset="178" sl="1220" sc="21" el="1220" ec="22" bec="0" bev="0" fileid="14" />
                <SequencePoint vc="0" uspid="1688" ordinal="14" offset="179" sl="1221" sc="25" el="1221" ec="38" bec="0" bev="0" fileid="14" />
                <SequencePoint vc="0" uspid="1689" ordinal="15" offset="184" sl="1223" sc="17" el="1223" ec="18" bec="0" bev="0" fileid="14" />
                <SequencePoint vc="0" uspid="1690" ordinal="16" offset="185" sl="1217" sc="55" el="1217" ec="58" bec="0" bev="0" fileid="14" />
                <SequencePoint vc="0" uspid="1691" ordinal="17" offset="191" sl="1217" sc="33" el="1217" ec="53" bec="2" bev="0" fileid="14" />
                <SequencePoint vc="0" uspid="1692" ordinal="18" offset="210" sl="1224" sc="13" el="1224" ec="14" bec="0" bev="0" fileid="14" />
                <SequencePoint vc="0" uspid="1693" ordinal="19" offset="211" sl="1225" sc="13" el="1225" ec="25" bec="0" bev="0" fileid="14" />
                <SequencePoint vc="0" uspid="1694" ordinal="20" offset="216" sl="1226" sc="9" el="1226" ec="10" bec="0" bev="0" fileid="14" />
              </SequencePoints>
              <BranchPoints>
                <BranchPoint vc="0" uspid="1695" ordinal="0" offset="33" sl="1209" path="0" offsetend="38" fileid="14" />
                <BranchPoint vc="0" uspid="1696" ordinal="1" offset="33" sl="1209" path="1" offsetend="211" fileid="14" />
                <BranchPoint vc="0" uspid="1697" ordinal="2" offset="52" sl="1211" path="0" offsetend="54" fileid="14" />
                <BranchPoint vc="0" uspid="1698" ordinal="3" offset="52" sl="1211" path="1" offsetend="126" fileid="14" />
                <BranchPoint vc="0" uspid="1699" ordinal="4" offset="176" sl="1219" path="0" offsetend="178" fileid="14" />
                <BranchPoint vc="0" uspid="1700" ordinal="5" offset="176" sl="1219" path="1" offsetend="184" fileid="14" />
                <BranchPoint vc="0" uspid="1701" ordinal="6" offset="194" sl="1217" path="0" offsetend="196" fileid="14" />
                <BranchPoint vc="0" uspid="1702" ordinal="7" offset="194" sl="1217" path="1" offsetend="203" fileid="14" />
              </BranchPoints>
              <MethodPoint xsi:type="SequencePoint" vc="0" uspid="1674" ordinal="0" offset="0" sl="1203" sc="9" el="1203" ec="10" bec="0" bev="0" fileid="14" />
            </Method>
            <Method visited="false" cyclomaticComplexity="1" nPathComplexity="0" sequenceCoverage="0" branchCoverage="0" crapScore="2" isConstructor="false" isStatic="false" isGetter="false" isSetter="false">
              <Summary numSequencePoints="3" visitedSequencePoints="0" numBranchPoints="1" visitedBranchPoints="0" sequenceCoverage="0" branchCoverage="0" maxCyclomaticComplexity="1" minCyclomaticComplexity="1" maxCrapScore="2" minCrapScore="2" visitedClasses="0" numClasses="0" visitedMethods="0" numMethods="1" />
              <MetadataToken>100663382</MetadataToken>
              <Name>System.Boolean ExMat.VM.ExVM::StartCall(ExMat.Closure.ExClosure,System.Int64,System.Int64,System.Int64,System.Boolean)</Name>
              <FileRef uid="14" />
              <SequencePoints>
                <SequencePoint vc="0" uspid="1703" ordinal="0" offset="0" sl="1229" sc="9" el="1229" ec="10" bec="0" bev="0" fileid="14" />
                <SequencePoint vc="0" uspid="1704" ordinal="1" offset="1" sl="1230" sc="13" el="1230" ec="74" bec="0" bev="0" fileid="14" />
                <SequencePoint vc="0" uspid="1705" ordinal="2" offset="20" sl="1231" sc="9" el="1231" ec="10" bec="0" bev="0" fileid="14" />
              </SequencePoints>
              <BranchPoints />
              <MethodPoint xsi:type="SequencePoint" vc="0" uspid="1703" ordinal="0" offset="0" sl="1229" sc="9" el="1229" ec="10" bec="0" bev="0" fileid="14" />
            </Method>
            <Method visited="false" cyclomaticComplexity="3" nPathComplexity="2" sequenceCoverage="0" branchCoverage="0" crapScore="12" isConstructor="false" isStatic="false" isGetter="false" isSetter="false">
              <Summary numSequencePoints="18" visitedSequencePoints="0" numBranchPoints="3" visitedBranchPoints="0" sequenceCoverage="0" branchCoverage="0" maxCyclomaticComplexity="3" minCyclomaticComplexity="3" maxCrapScore="12" minCrapScore="12" visitedClasses="0" numClasses="0" visitedMethods="0" numMethods="1" />
              <MetadataToken>100663383</MetadataToken>
              <Name>System.Boolean ExMat.VM.ExVM::SetVargsInStack(System.Int32,System.Int32,System.Int32&amp;)</Name>
              <FileRef uid="14" />
              <SequencePoints>
                <SequencePoint vc="0" uspid="1706" ordinal="0" offset="0" sl="1234" sc="9" el="1234" ec="10" bec="0" bev="0" fileid="14" />
                <SequencePoint vc="0" uspid="1707" ordinal="1" offset="1" sl="1235" sc="13" el="1235" ec="44" bec="2" bev="0" fileid="14" />
                <SequencePoint vc="0" uspid="1708" ordinal="2" offset="20" sl="1236" sc="13" el="1236" ec="14" bec="0" bev="0" fileid="14" />
                <SequencePoint vc="0" uspid="1709" ordinal="3" offset="21" sl="1237" sc="17" el="1237" ec="30" bec="0" bev="0" fileid="14" />
                <SequencePoint vc="0" uspid="1710" ordinal="4" offset="26" sl="1240" sc="13" el="1240" ec="44" bec="0" bev="0" fileid="14" />
                <SequencePoint vc="0" uspid="1711" ordinal="5" offset="32" sl="1242" sc="13" el="1242" ec="60" bec="0" bev="0" fileid="14" />
                <SequencePoint vc="0" uspid="1712" ordinal="6" offset="37" sl="1243" sc="13" el="1243" ec="59" bec="0" bev="0" fileid="14" />
                <SequencePoint vc="0" uspid="1713" ordinal="7" offset="42" sl="1244" sc="18" el="1244" ec="27" bec="0" bev="0" fileid="14" />
                <SequencePoint vc="0" uspid="1714" ordinal="8" offset="47" sl="1245" sc="13" el="1245" ec="14" bec="0" bev="0" fileid="14" />
                <SequencePoint vc="0" uspid="1715" ordinal="9" offset="48" sl="1246" sc="17" el="1246" ec="58" bec="0" bev="0" fileid="14" />
                <SequencePoint vc="0" uspid="1716" ordinal="10" offset="68" sl="1247" sc="17" el="1247" ec="50" bec="0" bev="0" fileid="14" />
                <SequencePoint vc="0" uspid="1717" ordinal="11" offset="82" sl="1248" sc="17" el="1248" ec="35" bec="0" bev="0" fileid="14" />
                <SequencePoint vc="0" uspid="1718" ordinal="12" offset="86" sl="1249" sc="13" el="1249" ec="14" bec="0" bev="0" fileid="14" />
                <SequencePoint vc="0" uspid="1719" ordinal="13" offset="87" sl="1244" sc="50" el="1244" ec="53" bec="0" bev="0" fileid="14" />
                <SequencePoint vc="0" uspid="1720" ordinal="14" offset="93" sl="1244" sc="29" el="1244" ec="48" bec="0" bev="0" fileid="14" />
                <SequencePoint vc="0" uspid="1721" ordinal="15" offset="104" sl="1251" sc="13" el="1251" ec="60" bec="0" bev="0" fileid="14" />
                <SequencePoint vc="0" uspid="1722" ordinal="16" offset="122" sl="1252" sc="13" el="1252" ec="25" bec="0" bev="0" fileid="14" />
                <SequencePoint vc="0" uspid="1723" ordinal="17" offset="127" sl="1253" sc="9" el="1253" ec="10" bec="0" bev="0" fileid="14" />
              </SequencePoints>
              <BranchPoints>
                <BranchPoint vc="0" uspid="1724" ordinal="0" offset="18" sl="1235" path="0" offsetend="20" fileid="14" />
                <BranchPoint vc="0" uspid="1725" ordinal="1" offset="18" sl="1235" path="1" offsetend="26" fileid="14" />
              </BranchPoints>
              <MethodPoint xsi:type="SequencePoint" vc="0" uspid="1706" ordinal="0" offset="0" sl="1234" sc="9" el="1234" ec="10" bec="0" bev="0" fileid="14" />
            </Method>
            <Method visited="false" cyclomaticComplexity="5" nPathComplexity="16" sequenceCoverage="0" branchCoverage="0" crapScore="30" isConstructor="false" isStatic="false" isGetter="false" isSetter="false">
              <Summary numSequencePoints="23" visitedSequencePoints="0" numBranchPoints="9" visitedBranchPoints="0" sequenceCoverage="0" branchCoverage="0" maxCyclomaticComplexity="5" minCyclomaticComplexity="5" maxCrapScore="30" minCrapScore="30" visitedClasses="0" numClasses="0" visitedMethods="0" numMethods="1" />
              <MetadataToken>100663384</MetadataToken>
              <Name>System.Boolean ExMat.VM.ExVM::DoArgumentChecksInStack(ExMat.Closure.ExClosure,System.Int32,System.Int32,System.Int32,System.Int32&amp;)</Name>
              <FileRef uid="14" />
              <SequencePoints>
                <SequencePoint vc="0" uspid="1726" ordinal="0" offset="0" sl="1256" sc="9" el="1256" ec="10" bec="0" bev="0" fileid="14" />
                <SequencePoint vc="0" uspid="1727" ordinal="1" offset="1" sl="1257" sc="18" el="1257" ec="29" bec="0" bev="0" fileid="14" />
                <SequencePoint vc="0" uspid="1728" ordinal="2" offset="8" sl="1258" sc="13" el="1258" ec="14" bec="0" bev="0" fileid="14" />
                <SequencePoint vc="0" uspid="1729" ordinal="3" offset="9" sl="1259" sc="17" el="1259" ec="70" bec="2" bev="0" fileid="14" />
                <SequencePoint vc="0" uspid="1730" ordinal="4" offset="35" sl="1260" sc="17" el="1260" ec="18" bec="0" bev="0" fileid="14" />
                <SequencePoint vc="0" uspid="1731" ordinal="5" offset="36" sl="1261" sc="21" el="1261" ec="46" bec="2" bev="0" fileid="14" />
                <SequencePoint vc="0" uspid="1732" ordinal="6" offset="48" sl="1262" sc="21" el="1262" ec="22" bec="0" bev="0" fileid="14" />
                <SequencePoint vc="0" uspid="1733" ordinal="7" offset="49" sl="1263" sc="25" el="1263" ec="99" bec="0" bev="0" fileid="14" />
                <SequencePoint vc="0" uspid="1734" ordinal="8" offset="80" sl="1264" sc="21" el="1264" ec="22" bec="0" bev="0" fileid="14" />
                <SequencePoint vc="0" uspid="1735" ordinal="9" offset="83" sl="1266" sc="21" el="1266" ec="22" bec="0" bev="0" fileid="14" />
                <SequencePoint vc="0" uspid="1736" ordinal="10" offset="84" sl="1267" sc="25" el="1267" ec="109" bec="0" bev="0" fileid="14" />
                <SequencePoint vc="0" uspid="1737" ordinal="11" offset="111" sl="1268" sc="25" el="1268" ec="38" bec="0" bev="0" fileid="14" />
                <SequencePoint vc="0" uspid="1738" ordinal="12" offset="115" sl="1270" sc="17" el="1270" ec="18" bec="0" bev="0" fileid="14" />
                <SequencePoint vc="0" uspid="1739" ordinal="13" offset="118" sl="1271" sc="22" el="1271" ec="44" bec="2" bev="0" fileid="14" />
                <SequencePoint vc="0" uspid="1740" ordinal="14" offset="133" sl="1272" sc="17" el="1272" ec="18" bec="0" bev="0" fileid="14" />
                <SequencePoint vc="0" uspid="1741" ordinal="15" offset="134" sl="1273" sc="21" el="1273" ec="95" bec="0" bev="0" fileid="14" />
                <SequencePoint vc="0" uspid="1742" ordinal="16" offset="165" sl="1274" sc="21" el="1274" ec="34" bec="0" bev="0" fileid="14" />
                <SequencePoint vc="0" uspid="1743" ordinal="17" offset="173" sl="1275" sc="17" el="1275" ec="18" bec="0" bev="0" fileid="14" />
                <SequencePoint vc="0" uspid="1744" ordinal="18" offset="174" sl="1276" sc="13" el="1276" ec="14" bec="0" bev="0" fileid="14" />
                <SequencePoint vc="0" uspid="1745" ordinal="19" offset="175" sl="1257" sc="50" el="1257" ec="55" bec="0" bev="0" fileid="14" />
                <SequencePoint vc="0" uspid="1746" ordinal="20" offset="179" sl="1257" sc="31" el="1257" ec="48" bec="2" bev="0" fileid="14" />
                <SequencePoint vc="0" uspid="1747" ordinal="21" offset="192" sl="1277" sc="13" el="1277" ec="25" bec="0" bev="0" fileid="14" />
                <SequencePoint vc="0" uspid="1748" ordinal="22" offset="196" sl="1278" sc="9" el="1278" ec="10" bec="0" bev="0" fileid="14" />
              </SequencePoints>
              <BranchPoints>
                <BranchPoint vc="0" uspid="1749" ordinal="0" offset="33" sl="1259" path="0" offsetend="35" fileid="14" />
                <BranchPoint vc="0" uspid="1750" ordinal="1" offset="33" sl="1259" path="1" offsetend="118" fileid="14" />
                <BranchPoint vc="0" uspid="1751" ordinal="2" offset="46" sl="1261" path="0" offsetend="48" fileid="14" />
                <BranchPoint vc="0" uspid="1752" ordinal="3" offset="46" sl="1261" path="1" offsetend="83" fileid="14" />
                <BranchPoint vc="0" uspid="1753" ordinal="4" offset="131" sl="1271" path="0" offsetend="133" fileid="14" />
                <BranchPoint vc="0" uspid="1754" ordinal="5" offset="131" sl="1271" path="1" offsetend="174" fileid="14" />
                <BranchPoint vc="0" uspid="1755" ordinal="6" offset="187" sl="1257" path="0" offsetend="192" fileid="14" />
                <BranchPoint vc="0" uspid="1756" ordinal="7" offset="187" sl="1257" path="1" offsetend="8" fileid="14" />
              </BranchPoints>
              <MethodPoint xsi:type="SequencePoint" vc="0" uspid="1726" ordinal="0" offset="0" sl="1256" sc="9" el="1256" ec="10" bec="0" bev="0" fileid="14" />
            </Method>
            <Method visited="false" cyclomaticComplexity="7" nPathComplexity="64" sequenceCoverage="0" branchCoverage="0" crapScore="56" isConstructor="false" isStatic="false" isGetter="false" isSetter="false">
              <Summary numSequencePoints="24" visitedSequencePoints="0" numBranchPoints="13" visitedBranchPoints="0" sequenceCoverage="0" branchCoverage="0" maxCyclomaticComplexity="7" minCyclomaticComplexity="7" maxCrapScore="56" minCrapScore="56" visitedClasses="0" numClasses="0" visitedMethods="0" numMethods="1" />
              <MetadataToken>100663385</MetadataToken>
              <Name>System.Boolean ExMat.VM.ExVM::SetDefaultValuesInStack(ExMat.FuncPrototype.ExPrototype,ExMat.Closure.ExClosure,System.Int32,System.Int32,System.Int32&amp;)</Name>
              <FileRef uid="14" />
              <SequencePoints>
                <SequencePoint vc="0" uspid="1757" ordinal="0" offset="0" sl="1281" sc="9" el="1281" ec="10" bec="0" bev="0" fileid="14" />
                <SequencePoint vc="0" uspid="1758" ordinal="1" offset="1" sl="1283" sc="13" el="1283" ec="62" bec="0" bev="0" fileid="14" />
                <SequencePoint vc="0" uspid="1759" ordinal="2" offset="8" sl="1283" sc="64" el="1283" ec="108" bec="0" bev="0" fileid="14" />
                <SequencePoint vc="0" uspid="1760" ordinal="3" offset="13" sl="1284" sc="13" el="1284" ec="43" bec="2" bev="0" fileid="14" />
                <SequencePoint vc="0" uspid="1761" ordinal="4" offset="30" sl="1285" sc="13" el="1285" ec="14" bec="0" bev="0" fileid="14" />
                <SequencePoint vc="0" uspid="1762" ordinal="5" offset="31" sl="1287" sc="17" el="1287" ec="116" bec="5" bev="0" fileid="14" />
                <SequencePoint vc="0" uspid="1763" ordinal="6" offset="63" sl="1288" sc="17" el="1288" ec="18" bec="0" bev="0" fileid="14" />
                <SequencePoint vc="0" uspid="1764" ordinal="7" offset="64" sl="1289" sc="21" el="1289" ec="117" bec="0" bev="0" fileid="14" />
                <SequencePoint vc="0" uspid="1765" ordinal="8" offset="78" sl="1290" sc="17" el="1290" ec="18" bec="0" bev="0" fileid="14" />
                <SequencePoint vc="0" uspid="1766" ordinal="9" offset="84" sl="1293" sc="17" el="1293" ec="18" bec="0" bev="0" fileid="14" />
                <SequencePoint vc="0" uspid="1767" ordinal="10" offset="85" sl="1294" sc="21" el="1294" ec="70" bec="4" bev="0" fileid="14" />
                <SequencePoint vc="0" uspid="1768" ordinal="11" offset="107" sl="1295" sc="21" el="1295" ec="22" bec="0" bev="0" fileid="14" />
                <SequencePoint vc="0" uspid="1769" ordinal="12" offset="108" sl="1296" sc="25" el="1296" ec="178" bec="0" bev="0" fileid="14" />
                <SequencePoint vc="0" uspid="1770" ordinal="13" offset="206" sl="1297" sc="21" el="1297" ec="22" bec="0" bev="0" fileid="14" />
                <SequencePoint vc="0" uspid="1771" ordinal="14" offset="209" sl="1299" sc="21" el="1299" ec="22" bec="0" bev="0" fileid="14" />
                <SequencePoint vc="0" uspid="1772" ordinal="15" offset="210" sl="1300" sc="25" el="1300" ec="133" bec="0" bev="0" fileid="14" />
                <SequencePoint vc="0" uspid="1773" ordinal="16" offset="282" sl="1301" sc="21" el="1301" ec="22" bec="0" bev="0" fileid="14" />
                <SequencePoint vc="0" uspid="1774" ordinal="17" offset="283" sl="1302" sc="21" el="1302" ec="34" bec="0" bev="0" fileid="14" />
                <SequencePoint vc="0" uspid="1775" ordinal="18" offset="288" sl="1304" sc="13" el="1304" ec="14" bec="0" bev="0" fileid="14" />
                <SequencePoint vc="0" uspid="1776" ordinal="19" offset="291" sl="1306" sc="13" el="1306" ec="14" bec="0" bev="0" fileid="14" />
                <SequencePoint vc="0" uspid="1777" ordinal="20" offset="292" sl="1307" sc="17" el="1307" ec="113" bec="0" bev="0" fileid="14" />
                <SequencePoint vc="0" uspid="1778" ordinal="21" offset="306" sl="1308" sc="13" el="1308" ec="14" bec="0" bev="0" fileid="14" />
                <SequencePoint vc="0" uspid="1779" ordinal="22" offset="307" sl="1309" sc="13" el="1309" ec="26" bec="0" bev="0" fileid="14" />
                <SequencePoint vc="0" uspid="1780" ordinal="23" offset="312" sl="1310" sc="9" el="1310" ec="10" bec="0" bev="0" fileid="14" />
              </SequencePoints>
              <BranchPoints>
                <BranchPoint vc="0" uspid="1781" ordinal="0" offset="25" sl="1284" path="0" offsetend="30" fileid="14" />
                <BranchPoint vc="0" uspid="1782" ordinal="1" offset="25" sl="1284" path="1" offsetend="291" fileid="14" />
                <BranchPoint vc="0" uspid="1783" ordinal="2" offset="33" sl="1287" path="0" offsetend="35" fileid="14" />
                <BranchPoint vc="0" uspid="1784" ordinal="3" offset="33" sl="1287" path="1" offsetend="56" fileid="14" />
                <BranchPoint vc="0" uspid="1785" ordinal="4" offset="40" sl="1287" path="0" offsetend="42" fileid="14" />
                <BranchPoint vc="0" uspid="1786" ordinal="5" offset="40" sl="1287" path="1" offsetend="56" fileid="14" />
                <BranchPoint vc="0" uspid="1787" ordinal="6" offset="61" sl="1287" path="0" offsetend="63" fileid="14" />
                <BranchPoint vc="0" uspid="1788" ordinal="7" offset="61" sl="1287" path="1" offsetend="84" fileid="14" />
                <BranchPoint vc="0" uspid="1789" ordinal="8" offset="87" sl="1294" path="0" offsetend="89" fileid="14" />
                <BranchPoint vc="0" uspid="1790" ordinal="9" offset="87" sl="1294" path="1" offsetend="100" fileid="14" />
                <BranchPoint vc="0" uspid="1791" ordinal="10" offset="105" sl="1294" path="0" offsetend="107" fileid="14" />
                <BranchPoint vc="0" uspid="1792" ordinal="11" offset="105" sl="1294" path="1" offsetend="209" fileid="14" />
              </BranchPoints>
              <MethodPoint xsi:type="SequencePoint" vc="0" uspid="1757" ordinal="0" offset="0" sl="1281" sc="9" el="1281" ec="10" bec="0" bev="0" fileid="14" />
            </Method>
            <Method visited="false" cyclomaticComplexity="9" nPathComplexity="64" sequenceCoverage="0" branchCoverage="0" crapScore="90" isConstructor="false" isStatic="false" isGetter="false" isSetter="false">
              <Summary numSequencePoints="30" visitedSequencePoints="0" numBranchPoints="13" visitedBranchPoints="0" sequenceCoverage="0" branchCoverage="0" maxCyclomaticComplexity="9" minCyclomaticComplexity="9" maxCrapScore="90" minCrapScore="90" visitedClasses="0" numClasses="0" visitedMethods="0" numMethods="1" />
              <MetadataToken>100663386</MetadataToken>
              <Name>ExMat.ExFunctionStatus ExMat.VM.ExVM::SetDefaultValuesInStackForSequence(ExMat.Closure.ExClosure,System.Int32,System.Int32)</Name>
              <FileRef uid="14" />
              <SequencePoints>
                <SequencePoint vc="0" uspid="1793" ordinal="0" offset="0" sl="1313" sc="9" el="1313" ec="10" bec="0" bev="0" fileid="14" />
                <SequencePoint vc="0" uspid="1794" ordinal="1" offset="1" sl="1314" sc="13" el="1314" ec="32" bec="2" bev="0" fileid="14" />
                <SequencePoint vc="0" uspid="1795" ordinal="2" offset="9" sl="1315" sc="13" el="1315" ec="14" bec="0" bev="0" fileid="14" />
                <SequencePoint vc="0" uspid="1796" ordinal="3" offset="10" sl="1316" sc="17" el="1316" ec="96" bec="0" bev="0" fileid="14" />
                <SequencePoint vc="0" uspid="1797" ordinal="4" offset="27" sl="1319" sc="13" el="1319" ec="62" bec="2" bev="0" fileid="14" />
                <SequencePoint vc="0" uspid="1798" ordinal="5" offset="51" sl="1320" sc="13" el="1320" ec="14" bec="0" bev="0" fileid="14" />
                <SequencePoint vc="0" uspid="1799" ordinal="6" offset="52" sl="1321" sc="17" el="1321" ec="92" bec="0" bev="0" fileid="14" />
                <SequencePoint vc="0" uspid="1800" ordinal="7" offset="69" sl="1325" sc="13" el="1325" ec="64" bec="2" bev="0" fileid="14" />
                <SequencePoint vc="0" uspid="1801" ordinal="8" offset="97" sl="1326" sc="13" el="1326" ec="14" bec="0" bev="0" fileid="14" />
                <SequencePoint vc="0" uspid="1802" ordinal="9" offset="98" sl="1327" sc="17" el="1327" ec="53" bec="0" bev="0" fileid="14" />
                <SequencePoint vc="0" uspid="1803" ordinal="10" offset="115" sl="1328" sc="13" el="1328" ec="14" bec="0" bev="0" fileid="14" />
                <SequencePoint vc="0" uspid="1804" ordinal="11" offset="118" sl="1329" sc="18" el="1329" ec="67" bec="2" bev="0" fileid="14" />
                <SequencePoint vc="0" uspid="1805" ordinal="12" offset="146" sl="1330" sc="13" el="1330" ec="14" bec="0" bev="0" fileid="14" />
                <SequencePoint vc="0" uspid="1806" ordinal="13" offset="147" sl="1331" sc="17" el="1331" ec="55" bec="0" bev="0" fileid="14" />
                <SequencePoint vc="0" uspid="1807" ordinal="14" offset="163" sl="1332" sc="13" el="1332" ec="14" bec="0" bev="0" fileid="14" />
                <SequencePoint vc="0" uspid="1808" ordinal="15" offset="166" sl="1334" sc="13" el="1334" ec="14" bec="0" bev="0" fileid="14" />
                <SequencePoint vc="0" uspid="1809" ordinal="16" offset="167" sl="1335" sc="17" el="1335" ec="89" bec="0" bev="0" fileid="14" />
                <SequencePoint vc="0" uspid="1810" ordinal="17" offset="184" sl="1338" sc="13" el="1338" ec="67" bec="0" bev="0" fileid="14" />
                <SequencePoint vc="0" uspid="1811" ordinal="18" offset="197" sl="1339" sc="18" el="1339" ec="27" bec="0" bev="0" fileid="14" />
                <SequencePoint vc="0" uspid="1812" ordinal="19" offset="202" sl="1340" sc="13" el="1340" ec="14" bec="0" bev="0" fileid="14" />
                <SequencePoint vc="0" uspid="1813" ordinal="20" offset="203" sl="1341" sc="17" el="1341" ec="61" bec="0" bev="0" fileid="14" />
                <SequencePoint vc="0" uspid="1814" ordinal="21" offset="223" sl="1342" sc="17" el="1342" ec="42" bec="2" bev="0" fileid="14" />
                <SequencePoint vc="0" uspid="1815" ordinal="22" offset="242" sl="1343" sc="17" el="1343" ec="18" bec="0" bev="0" fileid="14" />
                <SequencePoint vc="0" uspid="1816" ordinal="23" offset="243" sl="1345" sc="21" el="1345" ec="79" bec="0" bev="0" fileid="14" />
                <SequencePoint vc="0" uspid="1817" ordinal="24" offset="274" sl="1346" sc="21" el="1346" ec="53" bec="0" bev="0" fileid="14" />
                <SequencePoint vc="0" uspid="1818" ordinal="25" offset="278" sl="1348" sc="13" el="1348" ec="14" bec="0" bev="0" fileid="14" />
                <SequencePoint vc="0" uspid="1819" ordinal="26" offset="279" sl="1339" sc="68" el="1339" ec="71" bec="0" bev="0" fileid="14" />
                <SequencePoint vc="0" uspid="1820" ordinal="27" offset="285" sl="1339" sc="29" el="1339" ec="66" bec="0" bev="0" fileid="14" />
                <SequencePoint vc="0" uspid="1821" ordinal="28" offset="311" sl="1349" sc="13" el="1349" ec="127" bec="2" bev="0" fileid="14" />
                <SequencePoint vc="0" uspid="1822" ordinal="29" offset="340" sl="1350" sc="9" el="1350" ec="10" bec="0" bev="0" fileid="14" />
              </SequencePoints>
              <BranchPoints>
                <BranchPoint vc="0" uspid="1823" ordinal="0" offset="7" sl="1314" path="0" offsetend="9" fileid="14" />
                <BranchPoint vc="0" uspid="1824" ordinal="1" offset="7" sl="1314" path="1" offsetend="27" fileid="14" />
                <BranchPoint vc="0" uspid="1825" ordinal="2" offset="49" sl="1319" path="0" offsetend="51" fileid="14" />
                <BranchPoint vc="0" uspid="1826" ordinal="3" offset="49" sl="1319" path="1" offsetend="69" fileid="14" />
                <BranchPoint vc="0" uspid="1827" ordinal="4" offset="95" sl="1325" path="0" offsetend="97" fileid="14" />
                <BranchPoint vc="0" uspid="1828" ordinal="5" offset="95" sl="1325" path="1" offsetend="118" fileid="14" />
                <BranchPoint vc="0" uspid="1829" ordinal="6" offset="144" sl="1329" path="0" offsetend="146" fileid="14" />
                <BranchPoint vc="0" uspid="1830" ordinal="7" offset="144" sl="1329" path="1" offsetend="166" fileid="14" />
                <BranchPoint vc="0" uspid="1831" ordinal="8" offset="240" sl="1342" path="0" offsetend="242" fileid="14" />
                <BranchPoint vc="0" uspid="1832" ordinal="9" offset="240" sl="1342" path="1" offsetend="278" fileid="14" />
                <BranchPoint vc="0" uspid="1833" ordinal="10" offset="321" sl="1349" path="0" offsetend="323" fileid="14" />
                <BranchPoint vc="0" uspid="1834" ordinal="11" offset="321" sl="1349" path="1" offsetend="326" fileid="14" />
              </BranchPoints>
              <MethodPoint xsi:type="SequencePoint" vc="0" uspid="1793" ordinal="0" offset="0" sl="1313" sc="9" el="1313" ec="10" bec="0" bev="0" fileid="14" />
            </Method>
            <Method visited="false" cyclomaticComplexity="6" nPathComplexity="32" sequenceCoverage="0" branchCoverage="0" crapScore="42" isConstructor="false" isStatic="false" isGetter="false" isSetter="false">
              <Summary numSequencePoints="20" visitedSequencePoints="0" numBranchPoints="11" visitedBranchPoints="0" sequenceCoverage="0" branchCoverage="0" maxCyclomaticComplexity="6" minCyclomaticComplexity="6" maxCrapScore="42" minCrapScore="42" visitedClasses="0" numClasses="0" visitedMethods="0" numMethods="1" />
              <MetadataToken>100663387</MetadataToken>
              <Name>ExMat.ExFunctionStatus ExMat.VM.ExVM::DoSpecialStartCallChecks(ExMat.Closure.ExClosure,System.Int32,System.Int32)</Name>
              <FileRef uid="14" />
              <SequencePoints>
                <SequencePoint vc="0" uspid="1835" ordinal="0" offset="0" sl="1353" sc="9" el="1353" ec="10" bec="0" bev="0" fileid="14" />
                <SequencePoint vc="0" uspid="1836" ordinal="1" offset="1" sl="1354" sc="13" el="1354" ec="54" bec="0" bev="0" fileid="14" />
                <SequencePoint vc="0" uspid="1837" ordinal="2" offset="8" sl="1355" sc="13" el="1355" ec="36" bec="2" bev="0" fileid="14" />
                <SequencePoint vc="0" uspid="1838" ordinal="3" offset="18" sl="1356" sc="13" el="1356" ec="14" bec="0" bev="0" fileid="14" />
                <SequencePoint vc="0" uspid="1839" ordinal="4" offset="19" sl="1357" sc="17" el="1357" ec="54" bec="0" bev="0" fileid="14" />
                <SequencePoint vc="0" uspid="1840" ordinal="5" offset="31" sl="1358" sc="17" el="1358" ec="39" bec="2" bev="0" fileid="14" />
                <SequencePoint vc="0" uspid="1841" ordinal="6" offset="42" sl="1359" sc="17" el="1359" ec="18" bec="0" bev="0" fileid="14" />
                <SequencePoint vc="0" uspid="1842" ordinal="7" offset="43" sl="1360" sc="21" el="1360" ec="120" bec="0" bev="0" fileid="14" />
                <SequencePoint vc="0" uspid="1843" ordinal="8" offset="117" sl="1362" sc="13" el="1362" ec="14" bec="0" bev="0" fileid="14" />
                <SequencePoint vc="0" uspid="1844" ordinal="9" offset="120" sl="1363" sc="18" el="1363" ec="44" bec="2" bev="0" fileid="14" />
                <SequencePoint vc="0" uspid="1845" ordinal="10" offset="132" sl="1364" sc="13" el="1364" ec="14" bec="0" bev="0" fileid="14" />
                <SequencePoint vc="0" uspid="1846" ordinal="11" offset="133" sl="1365" sc="17" el="1365" ec="75" bec="2" bev="0" fileid="14" />
                <SequencePoint vc="0" uspid="1847" ordinal="12" offset="151" sl="1366" sc="17" el="1366" ec="18" bec="0" bev="0" fileid="14" />
                <SequencePoint vc="0" uspid="1848" ordinal="13" offset="152" sl="1367" sc="21" el="1367" ec="51" bec="0" bev="0" fileid="14" />
                <SequencePoint vc="0" uspid="1849" ordinal="14" offset="157" sl="1369" sc="13" el="1369" ec="14" bec="0" bev="0" fileid="14" />
                <SequencePoint vc="0" uspid="1850" ordinal="15" offset="160" sl="1370" sc="18" el="1370" ec="45" bec="2" bev="0" fileid="14" />
                <SequencePoint vc="0" uspid="1851" ordinal="16" offset="172" sl="1371" sc="13" el="1371" ec="14" bec="0" bev="0" fileid="14" />
                <SequencePoint vc="0" uspid="1852" ordinal="17" offset="173" sl="1372" sc="17" el="1372" ec="91" bec="0" bev="0" fileid="14" />
                <SequencePoint vc="0" uspid="1853" ordinal="18" offset="186" sl="1375" sc="13" el="1375" ec="42" bec="0" bev="0" fileid="14" />
                <SequencePoint vc="0" uspid="1854" ordinal="19" offset="191" sl="1376" sc="9" el="1376" ec="10" bec="0" bev="0" fileid="14" />
              </SequencePoints>
              <BranchPoints>
                <BranchPoint vc="0" uspid="1855" ordinal="0" offset="16" sl="1355" path="0" offsetend="18" fileid="14" />
                <BranchPoint vc="0" uspid="1856" ordinal="1" offset="16" sl="1355" path="1" offsetend="120" fileid="14" />
                <BranchPoint vc="0" uspid="1857" ordinal="2" offset="40" sl="1358" path="0" offsetend="42" fileid="14" />
                <BranchPoint vc="0" uspid="1858" ordinal="3" offset="40" sl="1358" path="1" offsetend="117" fileid="14" />
                <BranchPoint vc="0" uspid="1859" ordinal="4" offset="130" sl="1363" path="0" offsetend="132" fileid="14" />
                <BranchPoint vc="0" uspid="1860" ordinal="5" offset="130" sl="1363" path="1" offsetend="160" fileid="14" />
                <BranchPoint vc="0" uspid="1861" ordinal="6" offset="149" sl="1365" path="0" offsetend="151" fileid="14" />
                <BranchPoint vc="0" uspid="1862" ordinal="7" offset="149" sl="1365" path="1" offsetend="157" fileid="14" />
                <BranchPoint vc="0" uspid="1863" ordinal="8" offset="170" sl="1370" path="0" offsetend="172" fileid="14" />
                <BranchPoint vc="0" uspid="1864" ordinal="9" offset="170" sl="1370" path="1" offsetend="186" fileid="14" />
              </BranchPoints>
              <MethodPoint xsi:type="SequencePoint" vc="0" uspid="1835" ordinal="0" offset="0" sl="1353" sc="9" el="1353" ec="10" bec="0" bev="0" fileid="14" />
            </Method>
            <Method visited="false" cyclomaticComplexity="9" nPathComplexity="256" sequenceCoverage="0" branchCoverage="0" crapScore="90" isConstructor="false" isStatic="false" isGetter="false" isSetter="false">
              <Summary numSequencePoints="34" visitedSequencePoints="0" numBranchPoints="17" visitedBranchPoints="0" sequenceCoverage="0" branchCoverage="0" maxCyclomaticComplexity="9" minCyclomaticComplexity="9" maxCrapScore="90" minCrapScore="90" visitedClasses="0" numClasses="0" visitedMethods="0" numMethods="1" />
              <MetadataToken>100663388</MetadataToken>
              <Name>System.Boolean ExMat.VM.ExVM::StartCall(ExMat.Closure.ExClosure,System.Int32,System.Int32,System.Int32,System.Boolean)</Name>
              <FileRef uid="14" />
              <SequencePoints>
                <SequencePoint vc="0" uspid="1865" ordinal="0" offset="0" sl="1379" sc="9" el="1379" ec="10" bec="0" bev="0" fileid="14" />
                <SequencePoint vc="0" uspid="1866" ordinal="1" offset="1" sl="1380" sc="13" el="1380" ec="54" bec="0" bev="0" fileid="14" />
                <SequencePoint vc="0" uspid="1867" ordinal="2" offset="8" sl="1382" sc="13" el="1382" ec="49" bec="0" bev="0" fileid="14" />
                <SequencePoint vc="0" uspid="1868" ordinal="3" offset="15" sl="1383" sc="13" el="1383" ec="58" bec="0" bev="0" fileid="14" />
                <SequencePoint vc="0" uspid="1869" ordinal="4" offset="25" sl="1384" sc="13" el="1384" ec="44" bec="0" bev="0" fileid="14" />
                <SequencePoint vc="0" uspid="1870" ordinal="5" offset="27" sl="1386" sc="13" el="1386" ec="36" bec="2" bev="0" fileid="14" />
                <SequencePoint vc="0" uspid="1871" ordinal="6" offset="39" sl="1387" sc="13" el="1387" ec="14" bec="0" bev="0" fileid="14" />
                <SequencePoint vc="0" uspid="1872" ordinal="7" offset="40" sl="1388" sc="17" el="1388" ec="78" bec="2" bev="0" fileid="14" />
                <SequencePoint vc="0" uspid="1873" ordinal="8" offset="60" sl="1389" sc="17" el="1389" ec="18" bec="0" bev="0" fileid="14" />
                <SequencePoint vc="0" uspid="1874" ordinal="9" offset="61" sl="1390" sc="21" el="1390" ec="130" bec="0" bev="0" fileid="14" />
                <SequencePoint vc="0" uspid="1875" ordinal="10" offset="132" sl="1391" sc="21" el="1391" ec="34" bec="0" bev="0" fileid="14" />
                <SequencePoint vc="0" uspid="1876" ordinal="11" offset="140" sl="1393" sc="13" el="1393" ec="14" bec="0" bev="0" fileid="14" />
                <SequencePoint vc="0" uspid="1877" ordinal="12" offset="143" sl="1394" sc="18" el="1395" ec="109" bec="4" bev="0" fileid="14" />
                <SequencePoint vc="0" uspid="1878" ordinal="13" offset="176" sl="1396" sc="13" el="1396" ec="14" bec="0" bev="0" fileid="14" />
                <SequencePoint vc="0" uspid="1879" ordinal="14" offset="177" sl="1397" sc="17" el="1397" ec="30" bec="0" bev="0" fileid="14" />
                <SequencePoint vc="0" uspid="1880" ordinal="15" offset="185" sl="1401" sc="13" el="1401" ec="78" bec="4" bev="0" fileid="14" />
                <SequencePoint vc="0" uspid="1881" ordinal="16" offset="214" sl="1403" sc="46" el="1403" ec="59" bec="0" bev="0" fileid="14" />
                <SequencePoint vc="0" uspid="1882" ordinal="17" offset="222" sl="1404" sc="48" el="1404" ec="60" bec="0" bev="0" fileid="14" />
                <SequencePoint vc="0" uspid="1883" ordinal="18" offset="230" sl="1405" sc="26" el="1405" ec="32" bec="0" bev="0" fileid="14" />
                <SequencePoint vc="0" uspid="1884" ordinal="19" offset="232" sl="1408" sc="13" el="1408" ec="47" bec="2" bev="0" fileid="14" />
                <SequencePoint vc="0" uspid="1885" ordinal="20" offset="247" sl="1409" sc="13" el="1409" ec="14" bec="0" bev="0" fileid="14" />
                <SequencePoint vc="0" uspid="1886" ordinal="21" offset="248" sl="1410" sc="17" el="1410" ec="81" bec="0" bev="0" fileid="14" />
                <SequencePoint vc="0" uspid="1887" ordinal="22" offset="274" sl="1411" sc="13" el="1411" ec="14" bec="0" bev="0" fileid="14" />
                <SequencePoint vc="0" uspid="1888" ordinal="23" offset="275" sl="1415" sc="13" el="1415" ec="60" bec="2" bev="0" fileid="14" />
                <SequencePoint vc="0" uspid="1889" ordinal="24" offset="295" sl="1416" sc="13" el="1416" ec="14" bec="0" bev="0" fileid="14" />
                <SequencePoint vc="0" uspid="1890" ordinal="25" offset="296" sl="1417" sc="17" el="1417" ec="63" bec="0" bev="0" fileid="14" />
                <SequencePoint vc="0" uspid="1891" ordinal="26" offset="308" sl="1418" sc="17" el="1418" ec="30" bec="0" bev="0" fileid="14" />
                <SequencePoint vc="0" uspid="1892" ordinal="27" offset="313" sl="1422" sc="13" el="1422" ec="51" bec="0" bev="0" fileid="14" />
                <SequencePoint vc="0" uspid="1893" ordinal="28" offset="335" sl="1423" sc="13" el="1423" ec="58" bec="0" bev="0" fileid="14" />
                <SequencePoint vc="0" uspid="1894" ordinal="29" offset="357" sl="1424" sc="13" el="1424" ec="66" bec="0" bev="0" fileid="14" />
                <SequencePoint vc="0" uspid="1895" ordinal="30" offset="379" sl="1425" sc="13" el="1425" ec="50" bec="0" bev="0" fileid="14" />
                <SequencePoint vc="0" uspid="1896" ordinal="31" offset="396" sl="1426" sc="13" el="1426" ec="49" bec="0" bev="0" fileid="14" />
                <SequencePoint vc="0" uspid="1897" ordinal="32" offset="413" sl="1428" sc="13" el="1428" ec="25" bec="0" bev="0" fileid="14" />
                <SequencePoint vc="0" uspid="1898" ordinal="33" offset="418" sl="1429" sc="9" el="1429" ec="10" bec="0" bev="0" fileid="14" />
              </SequencePoints>
              <BranchPoints>
                <BranchPoint vc="0" uspid="1899" ordinal="0" offset="37" sl="1386" path="0" offsetend="39" fileid="14" />
                <BranchPoint vc="0" uspid="1900" ordinal="1" offset="37" sl="1386" path="1" offsetend="143" fileid="14" />
                <BranchPoint vc="0" uspid="1901" ordinal="2" offset="58" sl="1388" path="0" offsetend="60" fileid="14" />
                <BranchPoint vc="0" uspid="1902" ordinal="3" offset="58" sl="1388" path="1" offsetend="140" fileid="14" />
                <BranchPoint vc="0" uspid="1903" ordinal="4" offset="149" sl="1394" path="0" offsetend="151" fileid="14" />
                <BranchPoint vc="0" uspid="1904" ordinal="5" offset="149" sl="1394" path="1" offsetend="169" fileid="14" />
                <BranchPoint vc="0" uspid="1905" ordinal="6" offset="174" sl="1394" path="0" offsetend="176" fileid="14" />
                <BranchPoint vc="0" uspid="1906" ordinal="7" offset="174" sl="1394" path="1" offsetend="185" fileid="14" />
                <BranchPoint vc="0" uspid="1907" ordinal="8" offset="203" sl="1401" path="0" offsetchain="205" offsetend="207" fileid="14" />
                <BranchPoint vc="0" uspid="1908" ordinal="9" offset="203" sl="1401" path="1" offsetend="214" fileid="14" />
                <BranchPoint vc="0" uspid="1909" ordinal="10" offset="210" sl="1401" path="0" offsetchain="212 230" offsetend="232" fileid="14" />
                <BranchPoint vc="0" uspid="1910" ordinal="11" offset="210" sl="1401" path="1" offsetend="222" fileid="14" />
                <BranchPoint vc="0" uspid="1911" ordinal="12" offset="245" sl="1408" path="0" offsetend="247" fileid="14" />
                <BranchPoint vc="0" uspid="1912" ordinal="13" offset="245" sl="1408" path="1" offsetend="275" fileid="14" />
                <BranchPoint vc="0" uspid="1913" ordinal="14" offset="293" sl="1415" path="0" offsetend="295" fileid="14" />
                <BranchPoint vc="0" uspid="1914" ordinal="15" offset="293" sl="1415" path="1" offsetend="313" fileid="14" />
              </BranchPoints>
              <MethodPoint xsi:type="SequencePoint" vc="0" uspid="1865" ordinal="0" offset="0" sl="1379" sc="9" el="1379" ec="10" bec="0" bev="0" fileid="14" />
            </Method>
            <Method visited="false" cyclomaticComplexity="146" nPathComplexity="2147483647" sequenceCoverage="0" branchCoverage="0" crapScore="21462" isConstructor="false" isStatic="false" isGetter="false" isSetter="false">
              <Summary numSequencePoints="451" visitedSequencePoints="0" numBranchPoints="261" visitedBranchPoints="0" sequenceCoverage="0" branchCoverage="0" maxCyclomaticComplexity="146" minCyclomaticComplexity="146" maxCrapScore="21462" minCrapScore="21462" visitedClasses="0" numClasses="0" visitedMethods="0" numMethods="1" />
              <MetadataToken>100663389</MetadataToken>
              <Name>System.Boolean ExMat.VM.ExVM::IsInSpace(ExMat.Objects.ExObject,ExMat.Objects.ExSpace,System.Int32,System.Boolean)</Name>
              <FileRef uid="14" />
              <SequencePoints>
                <SequencePoint vc="0" uspid="1915" ordinal="0" offset="0" sl="1432" sc="9" el="1432" ec="10" bec="0" bev="0" fileid="14" />
                <SequencePoint vc="0" uspid="1916" ordinal="1" offset="1" sl="1433" sc="13" el="1433" ec="35" bec="8" bev="0" fileid="14" />
                <SequencePoint vc="0" uspid="1917" ordinal="2" offset="83" sl="1436" sc="21" el="1436" ec="22" bec="0" bev="0" fileid="14" />
                <SequencePoint vc="0" uspid="1918" ordinal="3" offset="84" sl="1437" sc="25" el="1437" ec="35" bec="2" bev="0" fileid="14" />
                <SequencePoint vc="0" uspid="1919" ordinal="4" offset="90" sl="1438" sc="25" el="1438" ec="26" bec="0" bev="0" fileid="14" />
                <SequencePoint vc="0" uspid="1920" ordinal="5" offset="91" sl="1439" sc="29" el="1439" ec="117" bec="0" bev="0" fileid="14" />
                <SequencePoint vc="0" uspid="1921" ordinal="6" offset="118" sl="1440" sc="25" el="1440" ec="26" bec="0" bev="0" fileid="14" />
                <SequencePoint vc="0" uspid="1922" ordinal="7" offset="119" sl="1441" sc="25" el="1441" ec="38" bec="0" bev="0" fileid="14" />
                <SequencePoint vc="0" uspid="1923" ordinal="8" offset="126" sl="1444" sc="21" el="1444" ec="22" bec="0" bev="0" fileid="14" />
                <SequencePoint vc="0" uspid="1924" ordinal="9" offset="127" sl="1445" sc="25" el="1445" ec="98" bec="4" bev="0" fileid="14" />
                <SequencePoint vc="0" uspid="1925" ordinal="10" offset="167" sl="1446" sc="25" el="1446" ec="26" bec="0" bev="0" fileid="14" />
                <SequencePoint vc="0" uspid="1926" ordinal="11" offset="168" sl="1447" sc="29" el="1447" ec="39" bec="2" bev="0" fileid="14" />
                <SequencePoint vc="0" uspid="1927" ordinal="12" offset="176" sl="1448" sc="29" el="1448" ec="30" bec="0" bev="0" fileid="14" />
                <SequencePoint vc="0" uspid="1928" ordinal="13" offset="177" sl="1449" sc="33" el="1449" ec="116" bec="0" bev="0" fileid="14" />
                <SequencePoint vc="0" uspid="1929" ordinal="14" offset="218" sl="1450" sc="29" el="1450" ec="30" bec="0" bev="0" fileid="14" />
                <SequencePoint vc="0" uspid="1930" ordinal="15" offset="219" sl="1451" sc="29" el="1451" ec="42" bec="0" bev="0" fileid="14" />
                <SequencePoint vc="0" uspid="1931" ordinal="16" offset="226" sl="1454" sc="25" el="1454" ec="49" bec="2" bev="0" fileid="14" />
                <SequencePoint vc="0" uspid="1932" ordinal="17" offset="241" sl="1455" sc="25" el="1455" ec="26" bec="0" bev="0" fileid="14" />
                <SequencePoint vc="0" uspid="1933" ordinal="18" offset="242" sl="1456" sc="29" el="1456" ec="36" bec="0" bev="0" fileid="14" />
                <SequencePoint vc="0" uspid="1934" ordinal="19" offset="243" sl="1456" sc="54" el="1456" ec="72" bec="0" bev="0" fileid="14" />
                <SequencePoint vc="0" uspid="1935" ordinal="20" offset="258" sl="1456" sc="38" el="1456" ec="50" bec="0" bev="0" fileid="14" />
                <SequencePoint vc="0" uspid="1936" ordinal="21" offset="267" sl="1457" sc="29" el="1457" ec="30" bec="0" bev="0" fileid="14" />
                <SequencePoint vc="0" uspid="1937" ordinal="22" offset="268" sl="1458" sc="33" el="1458" ec="76" bec="2" bev="0" fileid="14" />
                <SequencePoint vc="0" uspid="1938" ordinal="23" offset="294" sl="1459" sc="33" el="1459" ec="34" bec="0" bev="0" fileid="14" />
                <SequencePoint vc="0" uspid="1939" ordinal="24" offset="295" sl="1460" sc="37" el="1460" ec="50" bec="0" bev="0" fileid="14" />
                <SequencePoint vc="0" uspid="1940" ordinal="25" offset="302" sl="1462" sc="29" el="1462" ec="30" bec="0" bev="0" fileid="14" />
                <SequencePoint vc="0" uspid="1941" ordinal="26" offset="303" sl="1456" sc="51" el="1456" ec="53" bec="0" bev="0" fileid="14" />
                <SequencePoint vc="0" uspid="1942" ordinal="27" offset="329" sl="1463" sc="29" el="1463" ec="35" bec="0" bev="0" fileid="14" />
                <SequencePoint vc="0" uspid="1943" ordinal="28" offset="334" sl="1466" sc="25" el="1466" ec="46" bec="12" bev="0" fileid="14" />
                <SequencePoint vc="0" uspid="1944" ordinal="29" offset="450" sl="1469" sc="33" el="1469" ec="34" bec="0" bev="0" fileid="14" />
                <SequencePoint vc="0" uspid="1945" ordinal="30" offset="451" sl="1470" sc="37" el="1470" ec="44" bec="0" bev="0" fileid="14" />
                <SequencePoint vc="0" uspid="1946" ordinal="31" offset="452" sl="1470" sc="62" el="1470" ec="80" bec="0" bev="0" fileid="14" />
                <SequencePoint vc="0" uspid="1947" ordinal="32" offset="467" sl="1470" sc="46" el="1470" ec="58" bec="0" bev="0" fileid="14" />
                <SequencePoint vc="0" uspid="1948" ordinal="33" offset="476" sl="1471" sc="37" el="1471" ec="38" bec="0" bev="0" fileid="14" />
                <SequencePoint vc="0" uspid="1949" ordinal="34" offset="477" sl="1472" sc="41" el="1472" ec="73" bec="2" bev="0" fileid="14" />
                <SequencePoint vc="0" uspid="1950" ordinal="35" offset="493" sl="1473" sc="41" el="1473" ec="42" bec="0" bev="0" fileid="14" />
                <SequencePoint vc="0" uspid="1951" ordinal="36" offset="494" sl="1474" sc="45" el="1474" ec="55" bec="2" bev="0" fileid="14" />
                <SequencePoint vc="0" uspid="1952" ordinal="37" offset="502" sl="1475" sc="45" el="1475" ec="46" bec="0" bev="0" fileid="14" />
                <SequencePoint vc="0" uspid="1953" ordinal="38" offset="503" sl="1476" sc="49" el="1476" ec="124" bec="0" bev="0" fileid="14" />
                <SequencePoint vc="0" uspid="1954" ordinal="39" offset="530" sl="1477" sc="45" el="1477" ec="46" bec="0" bev="0" fileid="14" />
                <SequencePoint vc="0" uspid="1955" ordinal="40" offset="531" sl="1478" sc="45" el="1478" ec="58" bec="0" bev="0" fileid="14" />
                <SequencePoint vc="0" uspid="1956" ordinal="41" offset="538" sl="1480" sc="37" el="1480" ec="38" bec="0" bev="0" fileid="14" />
                <SequencePoint vc="0" uspid="1957" ordinal="42" offset="539" sl="1470" sc="59" el="1470" ec="61" bec="0" bev="0" fileid="14" />
                <SequencePoint vc="0" uspid="1958" ordinal="43" offset="565" sl="1481" sc="37" el="1481" ec="43" bec="0" bev="0" fileid="14" />
                <SequencePoint vc="0" uspid="1959" ordinal="44" offset="570" sl="1484" sc="33" el="1484" ec="34" bec="0" bev="0" fileid="14" />
                <SequencePoint vc="0" uspid="1960" ordinal="45" offset="571" sl="1485" sc="37" el="1485" ec="49" bec="0" bev="0" fileid="14" />
                <SequencePoint vc="0" uspid="1961" ordinal="46" offset="578" sl="1488" sc="33" el="1488" ec="34" bec="0" bev="0" fileid="14" />
                <SequencePoint vc="0" uspid="1962" ordinal="47" offset="579" sl="1489" sc="37" el="1489" ec="56" bec="6" bev="0" fileid="14" />
                <SequencePoint vc="0" uspid="1963" ordinal="48" offset="624" sl="1492" sc="45" el="1492" ec="46" bec="0" bev="0" fileid="14" />
                <SequencePoint vc="0" uspid="1964" ordinal="49" offset="625" sl="1493" sc="49" el="1493" ec="56" bec="0" bev="0" fileid="14" />
                <SequencePoint vc="0" uspid="1965" ordinal="50" offset="626" sl="1493" sc="74" el="1493" ec="92" bec="0" bev="0" fileid="14" />
                <SequencePoint vc="0" uspid="1966" ordinal="51" offset="641" sl="1493" sc="58" el="1493" ec="70" bec="0" bev="0" fileid="14" />
                <SequencePoint vc="0" uspid="1967" ordinal="52" offset="650" sl="1494" sc="49" el="1494" ec="50" bec="0" bev="0" fileid="14" />
                <SequencePoint vc="0" uspid="1968" ordinal="53" offset="651" sl="1495" sc="53" el="1495" ec="111" bec="4" bev="0" fileid="14" />
                <SequencePoint vc="0" uspid="1969" ordinal="54" offset="690" sl="1496" sc="53" el="1496" ec="54" bec="0" bev="0" fileid="14" />
                <SequencePoint vc="0" uspid="1970" ordinal="55" offset="691" sl="1497" sc="57" el="1497" ec="67" bec="2" bev="0" fileid="14" />
                <SequencePoint vc="0" uspid="1971" ordinal="56" offset="699" sl="1498" sc="57" el="1498" ec="58" bec="0" bev="0" fileid="14" />
                <SequencePoint vc="0" uspid="1972" ordinal="57" offset="700" sl="1499" sc="61" el="1499" ec="145" bec="0" bev="0" fileid="14" />
                <SequencePoint vc="0" uspid="1973" ordinal="58" offset="727" sl="1500" sc="57" el="1500" ec="58" bec="0" bev="0" fileid="14" />
                <SequencePoint vc="0" uspid="1974" ordinal="59" offset="728" sl="1501" sc="57" el="1501" ec="70" bec="0" bev="0" fileid="14" />
                <SequencePoint vc="0" uspid="1975" ordinal="60" offset="735" sl="1503" sc="49" el="1503" ec="50" bec="0" bev="0" fileid="14" />
                <SequencePoint vc="0" uspid="1976" ordinal="61" offset="736" sl="1493" sc="71" el="1493" ec="73" bec="0" bev="0" fileid="14" />
                <SequencePoint vc="0" uspid="1977" ordinal="62" offset="762" sl="1504" sc="49" el="1504" ec="55" bec="0" bev="0" fileid="14" />
                <SequencePoint vc="0" uspid="1978" ordinal="63" offset="767" sl="1507" sc="45" el="1507" ec="46" bec="0" bev="0" fileid="14" />
                <SequencePoint vc="0" uspid="1979" ordinal="64" offset="768" sl="1508" sc="49" el="1508" ec="56" bec="0" bev="0" fileid="14" />
                <SequencePoint vc="0" uspid="1980" ordinal="65" offset="769" sl="1508" sc="74" el="1508" ec="92" bec="0" bev="0" fileid="14" />
                <SequencePoint vc="0" uspid="1981" ordinal="66" offset="784" sl="1508" sc="58" el="1508" ec="70" bec="0" bev="0" fileid="14" />
                <SequencePoint vc="0" uspid="1982" ordinal="67" offset="793" sl="1509" sc="49" el="1509" ec="50" bec="0" bev="0" fileid="14" />
                <SequencePoint vc="0" uspid="1983" ordinal="68" offset="794" sl="1510" sc="53" el="1510" ec="111" bec="4" bev="0" fileid="14" />
                <SequencePoint vc="0" uspid="1984" ordinal="69" offset="833" sl="1511" sc="53" el="1511" ec="54" bec="0" bev="0" fileid="14" />
                <SequencePoint vc="0" uspid="1985" ordinal="70" offset="834" sl="1512" sc="57" el="1512" ec="67" bec="2" bev="0" fileid="14" />
                <SequencePoint vc="0" uspid="1986" ordinal="71" offset="842" sl="1513" sc="57" el="1513" ec="58" bec="0" bev="0" fileid="14" />
                <SequencePoint vc="0" uspid="1987" ordinal="72" offset="843" sl="1514" sc="61" el="1514" ec="145" bec="0" bev="0" fileid="14" />
                <SequencePoint vc="0" uspid="1988" ordinal="73" offset="870" sl="1515" sc="57" el="1515" ec="58" bec="0" bev="0" fileid="14" />
                <SequencePoint vc="0" uspid="1989" ordinal="74" offset="871" sl="1516" sc="57" el="1516" ec="70" bec="0" bev="0" fileid="14" />
                <SequencePoint vc="0" uspid="1990" ordinal="75" offset="878" sl="1518" sc="49" el="1518" ec="50" bec="0" bev="0" fileid="14" />
                <SequencePoint vc="0" uspid="1991" ordinal="76" offset="879" sl="1508" sc="71" el="1508" ec="73" bec="0" bev="0" fileid="14" />
                <SequencePoint vc="0" uspid="1992" ordinal="77" offset="905" sl="1519" sc="49" el="1519" ec="55" bec="0" bev="0" fileid="14" />
                <SequencePoint vc="0" uspid="1993" ordinal="78" offset="910" sl="1522" sc="45" el="1522" ec="46" bec="0" bev="0" fileid="14" />
                <SequencePoint vc="0" uspid="1994" ordinal="79" offset="911" sl="1523" sc="49" el="1523" ec="56" bec="0" bev="0" fileid="14" />
                <SequencePoint vc="0" uspid="1995" ordinal="80" offset="912" sl="1523" sc="74" el="1523" ec="92" bec="0" bev="0" fileid="14" />
                <SequencePoint vc="0" uspid="1996" ordinal="81" offset="927" sl="1523" sc="58" el="1523" ec="70" bec="0" bev="0" fileid="14" />
                <SequencePoint vc="0" uspid="1997" ordinal="82" offset="936" sl="1524" sc="49" el="1524" ec="50" bec="0" bev="0" fileid="14" />
                <SequencePoint vc="0" uspid="1998" ordinal="83" offset="937" sl="1525" sc="53" el="1525" ec="111" bec="4" bev="0" fileid="14" />
                <SequencePoint vc="0" uspid="1999" ordinal="84" offset="973" sl="1526" sc="53" el="1526" ec="54" bec="0" bev="0" fileid="14" />
                <SequencePoint vc="0" uspid="2000" ordinal="85" offset="974" sl="1527" sc="57" el="1527" ec="67" bec="2" bev="0" fileid="14" />
                <SequencePoint vc="0" uspid="2001" ordinal="86" offset="982" sl="1528" sc="57" el="1528" ec="58" bec="0" bev="0" fileid="14" />
                <SequencePoint vc="0" uspid="2002" ordinal="87" offset="983" sl="1529" sc="61" el="1529" ec="136" bec="0" bev="0" fileid="14" />
                <SequencePoint vc="0" uspid="2003" ordinal="88" offset="1010" sl="1530" sc="57" el="1530" ec="58" bec="0" bev="0" fileid="14" />
                <SequencePoint vc="0" uspid="2004" ordinal="89" offset="1011" sl="1531" sc="57" el="1531" ec="70" bec="0" bev="0" fileid="14" />
                <SequencePoint vc="0" uspid="2005" ordinal="90" offset="1018" sl="1533" sc="49" el="1533" ec="50" bec="0" bev="0" fileid="14" />
                <SequencePoint vc="0" uspid="2006" ordinal="91" offset="1019" sl="1523" sc="71" el="1523" ec="73" bec="0" bev="0" fileid="14" />
                <SequencePoint vc="0" uspid="2007" ordinal="92" offset="1045" sl="1534" sc="49" el="1534" ec="55" bec="0" bev="0" fileid="14" />
                <SequencePoint vc="0" uspid="2008" ordinal="93" offset="1047" sl="1537" sc="45" el="1537" ec="46" bec="0" bev="0" fileid="14" />
                <SequencePoint vc="0" uspid="2009" ordinal="94" offset="1048" sl="1539" sc="49" el="1539" ec="59" bec="2" bev="0" fileid="14" />
                <SequencePoint vc="0" uspid="2010" ordinal="95" offset="1056" sl="1540" sc="49" el="1540" ec="50" bec="0" bev="0" fileid="14" />
                <SequencePoint vc="0" uspid="2011" ordinal="96" offset="1057" sl="1541" sc="53" el="1541" ec="98" bec="0" bev="0" fileid="14" />
                <SequencePoint vc="0" uspid="2012" ordinal="97" offset="1069" sl="1542" sc="49" el="1542" ec="50" bec="0" bev="0" fileid="14" />
                <SequencePoint vc="0" uspid="2013" ordinal="98" offset="1070" sl="1543" sc="49" el="1543" ec="62" bec="0" bev="0" fileid="14" />
                <SequencePoint vc="0" uspid="2014" ordinal="99" offset="1077" sl="1546" sc="37" el="1546" ec="43" bec="0" bev="0" fileid="14" />
                <SequencePoint vc="0" uspid="2015" ordinal="100" offset="1082" sl="1549" sc="33" el="1549" ec="34" bec="0" bev="0" fileid="14" />
                <SequencePoint vc="0" uspid="2016" ordinal="101" offset="1083" sl="1550" sc="37" el="1550" ec="56" bec="6" bev="0" fileid="14" />
                <SequencePoint vc="0" uspid="2017" ordinal="102" offset="1128" sl="1553" sc="45" el="1553" ec="46" bec="0" bev="0" fileid="14" />
                <SequencePoint vc="0" uspid="2018" ordinal="103" offset="1129" sl="1554" sc="49" el="1554" ec="56" bec="0" bev="0" fileid="14" />
                <SequencePoint vc="0" uspid="2019" ordinal="104" offset="1130" sl="1554" sc="74" el="1554" ec="92" bec="0" bev="0" fileid="14" />
                <SequencePoint vc="0" uspid="2020" ordinal="105" offset="1145" sl="1554" sc="58" el="1554" ec="70" bec="0" bev="0" fileid="14" />
                <SequencePoint vc="0" uspid="2021" ordinal="106" offset="1154" sl="1555" sc="49" el="1555" ec="50" bec="0" bev="0" fileid="14" />
                <SequencePoint vc="0" uspid="2022" ordinal="107" offset="1155" sl="1556" sc="53" el="1556" ec="110" bec="4" bev="0" fileid="14" />
                <SequencePoint vc="0" uspid="2023" ordinal="108" offset="1191" sl="1557" sc="53" el="1557" ec="54" bec="0" bev="0" fileid="14" />
                <SequencePoint vc="0" uspid="2024" ordinal="109" offset="1192" sl="1558" sc="57" el="1558" ec="67" bec="2" bev="0" fileid="14" />
                <SequencePoint vc="0" uspid="2025" ordinal="110" offset="1200" sl="1559" sc="57" el="1559" ec="58" bec="0" bev="0" fileid="14" />
                <SequencePoint vc="0" uspid="2026" ordinal="111" offset="1201" sl="1560" sc="61" el="1560" ec="144" bec="0" bev="0" fileid="14" />
                <SequencePoint vc="0" uspid="2027" ordinal="112" offset="1228" sl="1561" sc="57" el="1561" ec="58" bec="0" bev="0" fileid="14" />
                <SequencePoint vc="0" uspid="2028" ordinal="113" offset="1229" sl="1562" sc="57" el="1562" ec="70" bec="0" bev="0" fileid="14" />
                <SequencePoint vc="0" uspid="2029" ordinal="114" offset="1236" sl="1564" sc="49" el="1564" ec="50" bec="0" bev="0" fileid="14" />
                <SequencePoint vc="0" uspid="2030" ordinal="115" offset="1237" sl="1554" sc="71" el="1554" ec="73" bec="0" bev="0" fileid="14" />
                <SequencePoint vc="0" uspid="2031" ordinal="116" offset="1263" sl="1565" sc="49" el="1565" ec="55" bec="0" bev="0" fileid="14" />
                <SequencePoint vc="0" uspid="2032" ordinal="117" offset="1268" sl="1568" sc="45" el="1568" ec="46" bec="0" bev="0" fileid="14" />
                <SequencePoint vc="0" uspid="2033" ordinal="118" offset="1269" sl="1569" sc="49" el="1569" ec="56" bec="0" bev="0" fileid="14" />
                <SequencePoint vc="0" uspid="2034" ordinal="119" offset="1270" sl="1569" sc="74" el="1569" ec="92" bec="0" bev="0" fileid="14" />
                <SequencePoint vc="0" uspid="2035" ordinal="120" offset="1285" sl="1569" sc="58" el="1569" ec="70" bec="0" bev="0" fileid="14" />
                <SequencePoint vc="0" uspid="2036" ordinal="121" offset="1294" sl="1570" sc="49" el="1570" ec="50" bec="0" bev="0" fileid="14" />
                <SequencePoint vc="0" uspid="2037" ordinal="122" offset="1295" sl="1571" sc="53" el="1571" ec="110" bec="4" bev="0" fileid="14" />
                <SequencePoint vc="0" uspid="2038" ordinal="123" offset="1331" sl="1572" sc="53" el="1572" ec="54" bec="0" bev="0" fileid="14" />
                <SequencePoint vc="0" uspid="2039" ordinal="124" offset="1332" sl="1573" sc="57" el="1573" ec="67" bec="2" bev="0" fileid="14" />
                <SequencePoint vc="0" uspid="2040" ordinal="125" offset="1340" sl="1574" sc="57" el="1574" ec="58" bec="0" bev="0" fileid="14" />
                <SequencePoint vc="0" uspid="2041" ordinal="126" offset="1341" sl="1575" sc="61" el="1575" ec="144" bec="0" bev="0" fileid="14" />
                <SequencePoint vc="0" uspid="2042" ordinal="127" offset="1368" sl="1576" sc="57" el="1576" ec="58" bec="0" bev="0" fileid="14" />
                <SequencePoint vc="0" uspid="2043" ordinal="128" offset="1369" sl="1577" sc="57" el="1577" ec="70" bec="0" bev="0" fileid="14" />
                <SequencePoint vc="0" uspid="2044" ordinal="129" offset="1376" sl="1579" sc="49" el="1579" ec="50" bec="0" bev="0" fileid="14" />
                <SequencePoint vc="0" uspid="2045" ordinal="130" offset="1377" sl="1569" sc="71" el="1569" ec="73" bec="0" bev="0" fileid="14" />
                <SequencePoint vc="0" uspid="2046" ordinal="131" offset="1403" sl="1580" sc="49" el="1580" ec="55" bec="0" bev="0" fileid="14" />
                <SequencePoint vc="0" uspid="2047" ordinal="132" offset="1408" sl="1583" sc="45" el="1583" ec="46" bec="0" bev="0" fileid="14" />
                <SequencePoint vc="0" uspid="2048" ordinal="133" offset="1409" sl="1584" sc="49" el="1584" ec="56" bec="0" bev="0" fileid="14" />
                <SequencePoint vc="0" uspid="2049" ordinal="134" offset="1410" sl="1584" sc="74" el="1584" ec="92" bec="0" bev="0" fileid="14" />
                <SequencePoint vc="0" uspid="2050" ordinal="135" offset="1425" sl="1584" sc="58" el="1584" ec="70" bec="0" bev="0" fileid="14" />
                <SequencePoint vc="0" uspid="2051" ordinal="136" offset="1434" sl="1585" sc="49" el="1585" ec="50" bec="0" bev="0" fileid="14" />
                <SequencePoint vc="0" uspid="2052" ordinal="137" offset="1435" sl="1586" sc="53" el="1586" ec="88" bec="2" bev="0" fileid="14" />
                <SequencePoint vc="0" uspid="2053" ordinal="138" offset="1451" sl="1587" sc="53" el="1587" ec="54" bec="0" bev="0" fileid="14" />
                <SequencePoint vc="0" uspid="2054" ordinal="139" offset="1452" sl="1588" sc="57" el="1588" ec="67" bec="2" bev="0" fileid="14" />
                <SequencePoint vc="0" uspid="2055" ordinal="140" offset="1460" sl="1589" sc="57" el="1589" ec="58" bec="0" bev="0" fileid="14" />
                <SequencePoint vc="0" uspid="2056" ordinal="141" offset="1461" sl="1590" sc="61" el="1590" ec="127" bec="0" bev="0" fileid="14" />
                <SequencePoint vc="0" uspid="2057" ordinal="142" offset="1488" sl="1591" sc="57" el="1591" ec="58" bec="0" bev="0" fileid="14" />
                <SequencePoint vc="0" uspid="2058" ordinal="143" offset="1489" sl="1592" sc="57" el="1592" ec="70" bec="0" bev="0" fileid="14" />
                <SequencePoint vc="0" uspid="2059" ordinal="144" offset="1496" sl="1594" sc="49" el="1594" ec="50" bec="0" bev="0" fileid="14" />
                <SequencePoint vc="0" uspid="2060" ordinal="145" offset="1497" sl="1584" sc="71" el="1584" ec="73" bec="0" bev="0" fileid="14" />
                <SequencePoint vc="0" uspid="2061" ordinal="146" offset="1523" sl="1595" sc="49" el="1595" ec="55" bec="0" bev="0" fileid="14" />
                <SequencePoint vc="0" uspid="2062" ordinal="147" offset="1525" sl="1598" sc="45" el="1598" ec="46" bec="0" bev="0" fileid="14" />
                <SequencePoint vc="0" uspid="2063" ordinal="148" offset="1526" sl="1599" sc="49" el="1599" ec="59" bec="2" bev="0" fileid="14" />
                <SequencePoint vc="0" uspid="2064" ordinal="149" offset="1534" sl="1600" sc="49" el="1600" ec="50" bec="0" bev="0" fileid="14" />
                <SequencePoint vc="0" uspid="2065" ordinal="150" offset="1535" sl="1601" sc="53" el="1601" ec="98" bec="0" bev="0" fileid="14" />
                <SequencePoint vc="0" uspid="2066" ordinal="151" offset="1547" sl="1602" sc="49" el="1602" ec="50" bec="0" bev="0" fileid="14" />
                <SequencePoint vc="0" uspid="2067" ordinal="152" offset="1548" sl="1603" sc="49" el="1603" ec="62" bec="0" bev="0" fileid="14" />
                <SequencePoint vc="0" uspid="2068" ordinal="153" offset="1555" sl="1606" sc="37" el="1606" ec="43" bec="0" bev="0" fileid="14" />
                <SequencePoint vc="0" uspid="2069" ordinal="154" offset="1560" sl="1609" sc="33" el="1609" ec="34" bec="0" bev="0" fileid="14" />
                <SequencePoint vc="0" uspid="2070" ordinal="155" offset="1561" sl="1610" sc="37" el="1610" ec="56" bec="6" bev="0" fileid="14" />
                <SequencePoint vc="0" uspid="2071" ordinal="156" offset="1606" sl="1613" sc="45" el="1613" ec="46" bec="0" bev="0" fileid="14" />
                <SequencePoint vc="0" uspid="2072" ordinal="157" offset="1607" sl="1614" sc="49" el="1614" ec="56" bec="0" bev="0" fileid="14" />
                <SequencePoint vc="0" uspid="2073" ordinal="158" offset="1608" sl="1614" sc="74" el="1614" ec="92" bec="0" bev="0" fileid="14" />
                <SequencePoint vc="0" uspid="2074" ordinal="159" offset="1623" sl="1614" sc="58" el="1614" ec="70" bec="0" bev="0" fileid="14" />
                <SequencePoint vc="0" uspid="2075" ordinal="160" offset="1632" sl="1615" sc="49" el="1615" ec="50" bec="0" bev="0" fileid="14" />
                <SequencePoint vc="0" uspid="2076" ordinal="161" offset="1633" sl="1616" sc="53" el="1616" ec="109" bec="4" bev="0" fileid="14" />
                <SequencePoint vc="0" uspid="2077" ordinal="162" offset="1674" sl="1617" sc="53" el="1617" ec="54" bec="0" bev="0" fileid="14" />
                <SequencePoint vc="0" uspid="2078" ordinal="163" offset="1675" sl="1618" sc="57" el="1618" ec="67" bec="2" bev="0" fileid="14" />
                <SequencePoint vc="0" uspid="2079" ordinal="164" offset="1683" sl="1619" sc="57" el="1619" ec="58" bec="0" bev="0" fileid="14" />
                <SequencePoint vc="0" uspid="2080" ordinal="165" offset="1684" sl="1620" sc="61" el="1620" ec="144" bec="0" bev="0" fileid="14" />
                <SequencePoint vc="0" uspid="2081" ordinal="166" offset="1711" sl="1621" sc="57" el="1621" ec="58" bec="0" bev="0" fileid="14" />
                <SequencePoint vc="0" uspid="2082" ordinal="167" offset="1712" sl="1622" sc="57" el="1622" ec="70" bec="0" bev="0" fileid="14" />
                <SequencePoint vc="0" uspid="2083" ordinal="168" offset="1719" sl="1624" sc="49" el="1624" ec="50" bec="0" bev="0" fileid="14" />
                <SequencePoint vc="0" uspid="2084" ordinal="169" offset="1720" sl="1614" sc="71" el="1614" ec="73" bec="0" bev="0" fileid="14" />
                <SequencePoint vc="0" uspid="2085" ordinal="170" offset="1746" sl="1625" sc="49" el="1625" ec="55" bec="0" bev="0" fileid="14" />
                <SequencePoint vc="0" uspid="2086" ordinal="171" offset="1751" sl="1628" sc="45" el="1628" ec="46" bec="0" bev="0" fileid="14" />
                <SequencePoint vc="0" uspid="2087" ordinal="172" offset="1752" sl="1629" sc="49" el="1629" ec="56" bec="0" bev="0" fileid="14" />
                <SequencePoint vc="0" uspid="2088" ordinal="173" offset="1753" sl="1629" sc="74" el="1629" ec="92" bec="0" bev="0" fileid="14" />
                <SequencePoint vc="0" uspid="2089" ordinal="174" offset="1768" sl="1629" sc="58" el="1629" ec="70" bec="0" bev="0" fileid="14" />
                <SequencePoint vc="0" uspid="2090" ordinal="175" offset="1777" sl="1630" sc="49" el="1630" ec="50" bec="0" bev="0" fileid="14" />
                <SequencePoint vc="0" uspid="2091" ordinal="176" offset="1778" sl="1631" sc="53" el="1631" ec="109" bec="4" bev="0" fileid="14" />
                <SequencePoint vc="0" uspid="2092" ordinal="177" offset="1819" sl="1632" sc="53" el="1632" ec="54" bec="0" bev="0" fileid="14" />
                <SequencePoint vc="0" uspid="2093" ordinal="178" offset="1820" sl="1633" sc="57" el="1633" ec="67" bec="2" bev="0" fileid="14" />
                <SequencePoint vc="0" uspid="2094" ordinal="179" offset="1828" sl="1634" sc="57" el="1634" ec="58" bec="0" bev="0" fileid="14" />
                <SequencePoint vc="0" uspid="2095" ordinal="180" offset="1829" sl="1635" sc="61" el="1635" ec="144" bec="0" bev="0" fileid="14" />
                <SequencePoint vc="0" uspid="2096" ordinal="181" offset="1856" sl="1636" sc="57" el="1636" ec="58" bec="0" bev="0" fileid="14" />
                <SequencePoint vc="0" uspid="2097" ordinal="182" offset="1857" sl="1637" sc="57" el="1637" ec="70" bec="0" bev="0" fileid="14" />
                <SequencePoint vc="0" uspid="2098" ordinal="183" offset="1864" sl="1639" sc="49" el="1639" ec="50" bec="0" bev="0" fileid="14" />
                <SequencePoint vc="0" uspid="2099" ordinal="184" offset="1865" sl="1629" sc="71" el="1629" ec="73" bec="0" bev="0" fileid="14" />
                <SequencePoint vc="0" uspid="2100" ordinal="185" offset="1891" sl="1640" sc="49" el="1640" ec="55" bec="0" bev="0" fileid="14" />
                <SequencePoint vc="0" uspid="2101" ordinal="186" offset="1896" sl="1643" sc="45" el="1643" ec="46" bec="0" bev="0" fileid="14" />
                <SequencePoint vc="0" uspid="2102" ordinal="187" offset="1897" sl="1644" sc="49" el="1644" ec="56" bec="0" bev="0" fileid="14" />
                <SequencePoint vc="0" uspid="2103" ordinal="188" offset="1898" sl="1644" sc="74" el="1644" ec="92" bec="0" bev="0" fileid="14" />
                <SequencePoint vc="0" uspid="2104" ordinal="189" offset="1913" sl="1644" sc="58" el="1644" ec="70" bec="0" bev="0" fileid="14" />
                <SequencePoint vc="0" uspid="2105" ordinal="190" offset="1922" sl="1645" sc="49" el="1645" ec="50" bec="0" bev="0" fileid="14" />
                <SequencePoint vc="0" uspid="2106" ordinal="191" offset="1923" sl="1646" sc="53" el="1646" ec="87" bec="2" bev="0" fileid="14" />
                <SequencePoint vc="0" uspid="2107" ordinal="192" offset="1946" sl="1647" sc="53" el="1647" ec="54" bec="0" bev="0" fileid="14" />
                <SequencePoint vc="0" uspid="2108" ordinal="193" offset="1947" sl="1648" sc="57" el="1648" ec="67" bec="2" bev="0" fileid="14" />
                <SequencePoint vc="0" uspid="2109" ordinal="194" offset="1955" sl="1649" sc="57" el="1649" ec="58" bec="0" bev="0" fileid="14" />
                <SequencePoint vc="0" uspid="2110" ordinal="195" offset="1956" sl="1650" sc="61" el="1650" ec="127" bec="0" bev="0" fileid="14" />
                <SequencePoint vc="0" uspid="2111" ordinal="196" offset="1983" sl="1651" sc="57" el="1651" ec="58" bec="0" bev="0" fileid="14" />
                <SequencePoint vc="0" uspid="2112" ordinal="197" offset="1984" sl="1652" sc="57" el="1652" ec="70" bec="0" bev="0" fileid="14" />
                <SequencePoint vc="0" uspid="2113" ordinal="198" offset="1991" sl="1654" sc="49" el="1654" ec="50" bec="0" bev="0" fileid="14" />
                <SequencePoint vc="0" uspid="2114" ordinal="199" offset="1992" sl="1644" sc="71" el="1644" ec="73" bec="0" bev="0" fileid="14" />
                <SequencePoint vc="0" uspid="2115" ordinal="200" offset="2018" sl="1655" sc="49" el="1655" ec="55" bec="0" bev="0" fileid="14" />
                <SequencePoint vc="0" uspid="2116" ordinal="201" offset="2020" sl="1658" sc="45" el="1658" ec="46" bec="0" bev="0" fileid="14" />
                <SequencePoint vc="0" uspid="2117" ordinal="202" offset="2021" sl="1659" sc="49" el="1659" ec="59" bec="2" bev="0" fileid="14" />
                <SequencePoint vc="0" uspid="2118" ordinal="203" offset="2029" sl="1660" sc="49" el="1660" ec="50" bec="0" bev="0" fileid="14" />
                <SequencePoint vc="0" uspid="2119" ordinal="204" offset="2030" sl="1661" sc="53" el="1661" ec="98" bec="0" bev="0" fileid="14" />
                <SequencePoint vc="0" uspid="2120" ordinal="205" offset="2042" sl="1662" sc="49" el="1662" ec="50" bec="0" bev="0" fileid="14" />
                <SequencePoint vc="0" uspid="2121" ordinal="206" offset="2043" sl="1663" sc="49" el="1663" ec="62" bec="0" bev="0" fileid="14" />
                <SequencePoint vc="0" uspid="2122" ordinal="207" offset="2050" sl="1666" sc="37" el="1666" ec="43" bec="0" bev="0" fileid="14" />
                <SequencePoint vc="0" uspid="2123" ordinal="208" offset="2055" sl="1669" sc="33" el="1669" ec="34" bec="0" bev="0" fileid="14" />
                <SequencePoint vc="0" uspid="2124" ordinal="209" offset="2056" sl="1670" sc="37" el="1670" ec="56" bec="6" bev="0" fileid="14" />
                <SequencePoint vc="0" uspid="2125" ordinal="210" offset="2101" sl="1673" sc="45" el="1673" ec="46" bec="0" bev="0" fileid="14" />
                <SequencePoint vc="0" uspid="2126" ordinal="211" offset="2102" sl="1674" sc="49" el="1674" ec="56" bec="0" bev="0" fileid="14" />
                <SequencePoint vc="0" uspid="2127" ordinal="212" offset="2103" sl="1674" sc="74" el="1674" ec="92" bec="0" bev="0" fileid="14" />
                <SequencePoint vc="0" uspid="2128" ordinal="213" offset="2118" sl="1674" sc="58" el="1674" ec="70" bec="0" bev="0" fileid="14" />
                <SequencePoint vc="0" uspid="2129" ordinal="214" offset="2127" sl="1675" sc="49" el="1675" ec="50" bec="0" bev="0" fileid="14" />
                <SequencePoint vc="0" uspid="2130" ordinal="215" offset="2128" sl="1676" sc="53" el="1676" ec="108" bec="4" bev="0" fileid="14" />
                <SequencePoint vc="0" uspid="2131" ordinal="216" offset="2165" sl="1677" sc="53" el="1677" ec="54" bec="0" bev="0" fileid="14" />
                <SequencePoint vc="0" uspid="2132" ordinal="217" offset="2166" sl="1678" sc="57" el="1678" ec="67" bec="2" bev="0" fileid="14" />
                <SequencePoint vc="0" uspid="2133" ordinal="218" offset="2174" sl="1679" sc="57" el="1679" ec="58" bec="0" bev="0" fileid="14" />
                <SequencePoint vc="0" uspid="2134" ordinal="219" offset="2175" sl="1680" sc="61" el="1680" ec="145" bec="0" bev="0" fileid="14" />
                <SequencePoint vc="0" uspid="2135" ordinal="220" offset="2202" sl="1681" sc="57" el="1681" ec="58" bec="0" bev="0" fileid="14" />
                <SequencePoint vc="0" uspid="2136" ordinal="221" offset="2203" sl="1682" sc="57" el="1682" ec="70" bec="0" bev="0" fileid="14" />
                <SequencePoint vc="0" uspid="2137" ordinal="222" offset="2210" sl="1684" sc="49" el="1684" ec="50" bec="0" bev="0" fileid="14" />
                <SequencePoint vc="0" uspid="2138" ordinal="223" offset="2211" sl="1674" sc="71" el="1674" ec="73" bec="0" bev="0" fileid="14" />
                <SequencePoint vc="0" uspid="2139" ordinal="224" offset="2237" sl="1685" sc="49" el="1685" ec="55" bec="0" bev="0" fileid="14" />
                <SequencePoint vc="0" uspid="2140" ordinal="225" offset="2242" sl="1688" sc="45" el="1688" ec="46" bec="0" bev="0" fileid="14" />
                <SequencePoint vc="0" uspid="2141" ordinal="226" offset="2243" sl="1689" sc="49" el="1689" ec="56" bec="0" bev="0" fileid="14" />
                <SequencePoint vc="0" uspid="2142" ordinal="227" offset="2244" sl="1689" sc="74" el="1689" ec="92" bec="0" bev="0" fileid="14" />
                <SequencePoint vc="0" uspid="2143" ordinal="228" offset="2259" sl="1689" sc="58" el="1689" ec="70" bec="0" bev="0" fileid="14" />
                <SequencePoint vc="0" uspid="2144" ordinal="229" offset="2268" sl="1690" sc="49" el="1690" ec="50" bec="0" bev="0" fileid="14" />
                <SequencePoint vc="0" uspid="2145" ordinal="230" offset="2269" sl="1691" sc="53" el="1691" ec="108" bec="4" bev="0" fileid="14" />
                <SequencePoint vc="0" uspid="2146" ordinal="231" offset="2306" sl="1692" sc="53" el="1692" ec="54" bec="0" bev="0" fileid="14" />
                <SequencePoint vc="0" uspid="2147" ordinal="232" offset="2307" sl="1693" sc="57" el="1693" ec="67" bec="2" bev="0" fileid="14" />
                <SequencePoint vc="0" uspid="2148" ordinal="233" offset="2315" sl="1694" sc="57" el="1694" ec="58" bec="0" bev="0" fileid="14" />
                <SequencePoint vc="0" uspid="2149" ordinal="234" offset="2316" sl="1695" sc="61" el="1695" ec="145" bec="0" bev="0" fileid="14" />
                <SequencePoint vc="0" uspid="2150" ordinal="235" offset="2343" sl="1696" sc="57" el="1696" ec="58" bec="0" bev="0" fileid="14" />
                <SequencePoint vc="0" uspid="2151" ordinal="236" offset="2344" sl="1697" sc="57" el="1697" ec="70" bec="0" bev="0" fileid="14" />
                <SequencePoint vc="0" uspid="2152" ordinal="237" offset="2351" sl="1699" sc="49" el="1699" ec="50" bec="0" bev="0" fileid="14" />
                <SequencePoint vc="0" uspid="2153" ordinal="238" offset="2352" sl="1689" sc="71" el="1689" ec="73" bec="0" bev="0" fileid="14" />
                <SequencePoint vc="0" uspid="2154" ordinal="239" offset="2378" sl="1700" sc="49" el="1700" ec="55" bec="0" bev="0" fileid="14" />
                <SequencePoint vc="0" uspid="2155" ordinal="240" offset="2383" sl="1703" sc="45" el="1703" ec="46" bec="0" bev="0" fileid="14" />
                <SequencePoint vc="0" uspid="2156" ordinal="241" offset="2384" sl="1704" sc="49" el="1704" ec="56" bec="0" bev="0" fileid="14" />
                <SequencePoint vc="0" uspid="2157" ordinal="242" offset="2385" sl="1704" sc="74" el="1704" ec="92" bec="0" bev="0" fileid="14" />
                <SequencePoint vc="0" uspid="2158" ordinal="243" offset="2400" sl="1704" sc="58" el="1704" ec="70" bec="0" bev="0" fileid="14" />
                <SequencePoint vc="0" uspid="2159" ordinal="244" offset="2409" sl="1705" sc="49" el="1705" ec="50" bec="0" bev="0" fileid="14" />
                <SequencePoint vc="0" uspid="2160" ordinal="245" offset="2410" sl="1706" sc="53" el="1706" ec="108" bec="4" bev="0" fileid="14" />
                <SequencePoint vc="0" uspid="2161" ordinal="246" offset="2444" sl="1707" sc="53" el="1707" ec="54" bec="0" bev="0" fileid="14" />
                <SequencePoint vc="0" uspid="2162" ordinal="247" offset="2445" sl="1708" sc="57" el="1708" ec="67" bec="2" bev="0" fileid="14" />
                <SequencePoint vc="0" uspid="2163" ordinal="248" offset="2453" sl="1709" sc="57" el="1709" ec="58" bec="0" bev="0" fileid="14" />
                <SequencePoint vc="0" uspid="2164" ordinal="249" offset="2454" sl="1710" sc="61" el="1710" ec="136" bec="0" bev="0" fileid="14" />
                <SequencePoint vc="0" uspid="2165" ordinal="250" offset="2481" sl="1711" sc="57" el="1711" ec="58" bec="0" bev="0" fileid="14" />
                <SequencePoint vc="0" uspid="2166" ordinal="251" offset="2482" sl="1712" sc="57" el="1712" ec="70" bec="0" bev="0" fileid="14" />
                <SequencePoint vc="0" uspid="2167" ordinal="252" offset="2489" sl="1714" sc="49" el="1714" ec="50" bec="0" bev="0" fileid="14" />
                <SequencePoint vc="0" uspid="2168" ordinal="253" offset="2490" sl="1704" sc="71" el="1704" ec="73" bec="0" bev="0" fileid="14" />
                <SequencePoint vc="0" uspid="2169" ordinal="254" offset="2516" sl="1715" sc="49" el="1715" ec="55" bec="0" bev="0" fileid="14" />
                <SequencePoint vc="0" uspid="2170" ordinal="255" offset="2518" sl="1718" sc="45" el="1718" ec="46" bec="0" bev="0" fileid="14" />
                <SequencePoint vc="0" uspid="2171" ordinal="256" offset="2519" sl="1719" sc="49" el="1719" ec="59" bec="2" bev="0" fileid="14" />
                <SequencePoint vc="0" uspid="2172" ordinal="257" offset="2527" sl="1720" sc="49" el="1720" ec="50" bec="0" bev="0" fileid="14" />
                <SequencePoint vc="0" uspid="2173" ordinal="258" offset="2528" sl="1721" sc="53" el="1721" ec="98" bec="0" bev="0" fileid="14" />
                <SequencePoint vc="0" uspid="2174" ordinal="259" offset="2540" sl="1722" sc="49" el="1722" ec="50" bec="0" bev="0" fileid="14" />
                <SequencePoint vc="0" uspid="2175" ordinal="260" offset="2541" sl="1723" sc="49" el="1723" ec="62" bec="0" bev="0" fileid="14" />
                <SequencePoint vc="0" uspid="2176" ordinal="261" offset="2548" sl="1726" sc="37" el="1726" ec="43" bec="0" bev="0" fileid="14" />
                <SequencePoint vc="0" uspid="2177" ordinal="262" offset="2550" sl="1729" sc="25" el="1729" ec="31" bec="0" bev="0" fileid="14" />
                <SequencePoint vc="0" uspid="2178" ordinal="263" offset="2555" sl="1732" sc="21" el="1732" ec="22" bec="0" bev="0" fileid="14" />
                <SequencePoint vc="0" uspid="2179" ordinal="264" offset="2556" sl="1733" sc="25" el="1733" ec="49" bec="2" bev="0" fileid="14" />
                <SequencePoint vc="0" uspid="2180" ordinal="265" offset="2571" sl="1734" sc="25" el="1734" ec="26" bec="0" bev="0" fileid="14" />
                <SequencePoint vc="0" uspid="2181" ordinal="266" offset="2572" sl="1735" sc="29" el="1735" ec="39" bec="2" bev="0" fileid="14" />
                <SequencePoint vc="0" uspid="2182" ordinal="267" offset="2580" sl="1736" sc="29" el="1736" ec="30" bec="0" bev="0" fileid="14" />
                <SequencePoint vc="0" uspid="2183" ordinal="268" offset="2581" sl="1737" sc="33" el="1737" ec="116" bec="0" bev="0" fileid="14" />
                <SequencePoint vc="0" uspid="2184" ordinal="269" offset="2622" sl="1738" sc="29" el="1738" ec="30" bec="0" bev="0" fileid="14" />
                <SequencePoint vc="0" uspid="2185" ordinal="270" offset="2623" sl="1739" sc="29" el="1739" ec="42" bec="0" bev="0" fileid="14" />
                <SequencePoint vc="0" uspid="2186" ordinal="271" offset="2630" sl="1742" sc="25" el="1742" ec="49" bec="2" bev="0" fileid="14" />
                <SequencePoint vc="0" uspid="2187" ordinal="272" offset="2645" sl="1743" sc="25" el="1743" ec="26" bec="0" bev="0" fileid="14" />
                <SequencePoint vc="0" uspid="2188" ordinal="273" offset="2646" sl="1744" sc="29" el="1744" ec="108" bec="2" bev="0" fileid="14" />
                <SequencePoint vc="0" uspid="2189" ordinal="274" offset="2689" sl="1745" sc="29" el="1745" ec="30" bec="0" bev="0" fileid="14" />
                <SequencePoint vc="0" uspid="2190" ordinal="275" offset="2690" sl="1746" sc="33" el="1746" ec="46" bec="0" bev="0" fileid="14" />
                <SequencePoint vc="0" uspid="2191" ordinal="276" offset="2697" sl="1748" sc="29" el="1748" ec="35" bec="0" bev="0" fileid="14" />
                <SequencePoint vc="0" uspid="2192" ordinal="277" offset="2702" sl="1751" sc="25" el="1751" ec="56" bec="4" bev="0" fileid="14" />
                <SequencePoint vc="0" uspid="2193" ordinal="278" offset="2751" sl="1752" sc="25" el="1752" ec="26" bec="0" bev="0" fileid="14" />
                <SequencePoint vc="0" uspid="2194" ordinal="279" offset="2752" sl="1753" sc="29" el="1753" ec="41" bec="0" bev="0" fileid="14" />
                <SequencePoint vc="0" uspid="2195" ordinal="280" offset="2759" sl="1755" sc="30" el="1755" ec="64" bec="2" bev="0" fileid="14" />
                <SequencePoint vc="0" uspid="2196" ordinal="281" offset="2787" sl="1756" sc="25" el="1756" ec="26" bec="0" bev="0" fileid="14" />
                <SequencePoint vc="0" uspid="2197" ordinal="282" offset="2788" sl="1757" sc="29" el="1757" ec="68" bec="0" bev="0" fileid="14" />
                <SequencePoint vc="0" uspid="2198" ordinal="283" offset="2806" sl="1758" sc="29" el="1758" ec="55" bec="0" bev="0" fileid="14" />
                <SequencePoint vc="0" uspid="2199" ordinal="284" offset="2808" sl="1761" sc="25" el="1761" ec="26" bec="0" bev="0" fileid="14" />
                <SequencePoint vc="0" uspid="2200" ordinal="285" offset="2809" sl="1762" sc="29" el="1762" ec="39" bec="2" bev="0" fileid="14" />
                <SequencePoint vc="0" uspid="2201" ordinal="286" offset="2817" sl="1763" sc="29" el="1763" ec="30" bec="0" bev="0" fileid="14" />
                <SequencePoint vc="0" uspid="2202" ordinal="287" offset="2818" sl="1764" sc="33" el="1764" ec="103" bec="0" bev="0" fileid="14" />
                <SequencePoint vc="0" uspid="2203" ordinal="288" offset="2845" sl="1765" sc="29" el="1765" ec="30" bec="0" bev="0" fileid="14" />
                <SequencePoint vc="0" uspid="2204" ordinal="289" offset="2846" sl="1766" sc="29" el="1766" ec="42" bec="0" bev="0" fileid="14" />
                <SequencePoint vc="0" uspid="2205" ordinal="290" offset="2853" sl="1771" sc="21" el="1771" ec="22" bec="0" bev="0" fileid="14" />
                <SequencePoint vc="0" uspid="2206" ordinal="291" offset="2854" sl="1772" sc="25" el="1772" ec="49" bec="2" bev="0" fileid="14" />
                <SequencePoint vc="0" uspid="2207" ordinal="292" offset="2869" sl="1773" sc="25" el="1773" ec="26" bec="0" bev="0" fileid="14" />
                <SequencePoint vc="0" uspid="2208" ordinal="293" offset="2870" sl="1774" sc="29" el="1774" ec="39" bec="2" bev="0" fileid="14" />
                <SequencePoint vc="0" uspid="2209" ordinal="294" offset="2878" sl="1775" sc="29" el="1775" ec="30" bec="0" bev="0" fileid="14" />
                <SequencePoint vc="0" uspid="2210" ordinal="295" offset="2879" sl="1776" sc="33" el="1776" ec="116" bec="0" bev="0" fileid="14" />
                <SequencePoint vc="0" uspid="2211" ordinal="296" offset="2920" sl="1777" sc="29" el="1777" ec="30" bec="0" bev="0" fileid="14" />
                <SequencePoint vc="0" uspid="2212" ordinal="297" offset="2921" sl="1778" sc="29" el="1778" ec="42" bec="0" bev="0" fileid="14" />
                <SequencePoint vc="0" uspid="2213" ordinal="298" offset="2928" sl="1781" sc="25" el="1781" ec="49" bec="2" bev="0" fileid="14" />
                <SequencePoint vc="0" uspid="2214" ordinal="299" offset="2943" sl="1782" sc="25" el="1782" ec="26" bec="0" bev="0" fileid="14" />
                <SequencePoint vc="0" uspid="2215" ordinal="300" offset="2944" sl="1783" sc="29" el="1783" ec="108" bec="2" bev="0" fileid="14" />
                <SequencePoint vc="0" uspid="2216" ordinal="301" offset="2987" sl="1784" sc="29" el="1784" ec="30" bec="0" bev="0" fileid="14" />
                <SequencePoint vc="0" uspid="2217" ordinal="302" offset="2988" sl="1785" sc="33" el="1785" ec="46" bec="0" bev="0" fileid="14" />
                <SequencePoint vc="0" uspid="2218" ordinal="303" offset="2995" sl="1787" sc="29" el="1787" ec="35" bec="0" bev="0" fileid="14" />
                <SequencePoint vc="0" uspid="2219" ordinal="304" offset="3000" sl="1790" sc="25" el="1790" ec="46" bec="12" bev="0" fileid="14" />
                <SequencePoint vc="0" uspid="2220" ordinal="305" offset="3110" sl="1793" sc="33" el="1793" ec="34" bec="0" bev="0" fileid="14" />
                <SequencePoint vc="0" uspid="2221" ordinal="306" offset="3111" sl="1794" sc="37" el="1794" ec="49" bec="0" bev="0" fileid="14" />
                <SequencePoint vc="0" uspid="2222" ordinal="307" offset="3118" sl="1797" sc="33" el="1797" ec="34" bec="0" bev="0" fileid="14" />
                <SequencePoint vc="0" uspid="2223" ordinal="308" offset="3119" sl="1798" sc="37" el="1798" ec="49" bec="0" bev="0" fileid="14" />
                <SequencePoint vc="0" uspid="2224" ordinal="309" offset="3126" sl="1801" sc="33" el="1801" ec="34" bec="0" bev="0" fileid="14" />
                <SequencePoint vc="0" uspid="2225" ordinal="310" offset="3127" sl="1802" sc="37" el="1802" ec="56" bec="6" bev="0" fileid="14" />
                <SequencePoint vc="0" uspid="2226" ordinal="311" offset="3169" sl="1805" sc="45" el="1805" ec="46" bec="0" bev="0" fileid="14" />
                <SequencePoint vc="0" uspid="2227" ordinal="312" offset="3170" sl="1806" sc="49" el="1806" ec="78" bec="2" bev="0" fileid="14" />
                <SequencePoint vc="0" uspid="2228" ordinal="313" offset="3196" sl="1807" sc="49" el="1807" ec="50" bec="0" bev="0" fileid="14" />
                <SequencePoint vc="0" uspid="2229" ordinal="314" offset="3197" sl="1808" sc="53" el="1808" ec="63" bec="2" bev="0" fileid="14" />
                <SequencePoint vc="0" uspid="2230" ordinal="315" offset="3205" sl="1809" sc="53" el="1809" ec="54" bec="0" bev="0" fileid="14" />
                <SequencePoint vc="0" uspid="2231" ordinal="316" offset="3206" sl="1810" sc="57" el="1810" ec="140" bec="0" bev="0" fileid="14" />
                <SequencePoint vc="0" uspid="2232" ordinal="317" offset="3233" sl="1811" sc="53" el="1811" ec="54" bec="0" bev="0" fileid="14" />
                <SequencePoint vc="0" uspid="2233" ordinal="318" offset="3234" sl="1812" sc="53" el="1812" ec="66" bec="0" bev="0" fileid="14" />
                <SequencePoint vc="0" uspid="2234" ordinal="319" offset="3241" sl="1814" sc="49" el="1814" ec="55" bec="0" bev="0" fileid="14" />
                <SequencePoint vc="0" uspid="2235" ordinal="320" offset="3246" sl="1817" sc="45" el="1817" ec="46" bec="0" bev="0" fileid="14" />
                <SequencePoint vc="0" uspid="2236" ordinal="321" offset="3247" sl="1818" sc="49" el="1818" ec="78" bec="2" bev="0" fileid="14" />
                <SequencePoint vc="0" uspid="2237" ordinal="322" offset="3273" sl="1819" sc="49" el="1819" ec="50" bec="0" bev="0" fileid="14" />
                <SequencePoint vc="0" uspid="2238" ordinal="323" offset="3274" sl="1820" sc="53" el="1820" ec="63" bec="2" bev="0" fileid="14" />
                <SequencePoint vc="0" uspid="2239" ordinal="324" offset="3282" sl="1821" sc="53" el="1821" ec="54" bec="0" bev="0" fileid="14" />
                <SequencePoint vc="0" uspid="2240" ordinal="325" offset="3283" sl="1822" sc="57" el="1822" ec="140" bec="0" bev="0" fileid="14" />
                <SequencePoint vc="0" uspid="2241" ordinal="326" offset="3310" sl="1823" sc="53" el="1823" ec="54" bec="0" bev="0" fileid="14" />
                <SequencePoint vc="0" uspid="2242" ordinal="327" offset="3311" sl="1824" sc="53" el="1824" ec="66" bec="0" bev="0" fileid="14" />
                <SequencePoint vc="0" uspid="2243" ordinal="328" offset="3318" sl="1826" sc="49" el="1826" ec="55" bec="0" bev="0" fileid="14" />
                <SequencePoint vc="0" uspid="2244" ordinal="329" offset="3320" sl="1829" sc="45" el="1829" ec="46" bec="0" bev="0" fileid="14" />
                <SequencePoint vc="0" uspid="2245" ordinal="330" offset="3321" sl="1830" sc="49" el="1830" ec="78" bec="2" bev="0" fileid="14" />
                <SequencePoint vc="0" uspid="2246" ordinal="331" offset="3344" sl="1831" sc="49" el="1831" ec="50" bec="0" bev="0" fileid="14" />
                <SequencePoint vc="0" uspid="2247" ordinal="332" offset="3345" sl="1833" sc="53" el="1833" ec="63" bec="2" bev="0" fileid="14" />
                <SequencePoint vc="0" uspid="2248" ordinal="333" offset="3353" sl="1834" sc="53" el="1834" ec="54" bec="0" bev="0" fileid="14" />
                <SequencePoint vc="0" uspid="2249" ordinal="334" offset="3354" sl="1835" sc="57" el="1835" ec="131" bec="0" bev="0" fileid="14" />
                <SequencePoint vc="0" uspid="2250" ordinal="335" offset="3381" sl="1836" sc="53" el="1836" ec="54" bec="0" bev="0" fileid="14" />
                <SequencePoint vc="0" uspid="2251" ordinal="336" offset="3382" sl="1837" sc="53" el="1837" ec="66" bec="0" bev="0" fileid="14" />
                <SequencePoint vc="0" uspid="2252" ordinal="337" offset="3389" sl="1839" sc="49" el="1839" ec="55" bec="0" bev="0" fileid="14" />
                <SequencePoint vc="0" uspid="2253" ordinal="338" offset="3391" sl="1842" sc="45" el="1842" ec="46" bec="0" bev="0" fileid="14" />
                <SequencePoint vc="0" uspid="2254" ordinal="339" offset="3392" sl="1843" sc="49" el="1843" ec="59" bec="2" bev="0" fileid="14" />
                <SequencePoint vc="0" uspid="2255" ordinal="340" offset="3400" sl="1844" sc="49" el="1844" ec="50" bec="0" bev="0" fileid="14" />
                <SequencePoint vc="0" uspid="2256" ordinal="341" offset="3401" sl="1845" sc="53" el="1845" ec="98" bec="0" bev="0" fileid="14" />
                <SequencePoint vc="0" uspid="2257" ordinal="342" offset="3413" sl="1846" sc="49" el="1846" ec="50" bec="0" bev="0" fileid="14" />
                <SequencePoint vc="0" uspid="2258" ordinal="343" offset="3414" sl="1847" sc="49" el="1847" ec="62" bec="0" bev="0" fileid="14" />
                <SequencePoint vc="0" uspid="2259" ordinal="344" offset="3421" sl="1850" sc="37" el="1850" ec="43" bec="0" bev="0" fileid="14" />
                <SequencePoint vc="0" uspid="2260" ordinal="345" offset="3426" sl="1853" sc="33" el="1853" ec="34" bec="0" bev="0" fileid="14" />
                <SequencePoint vc="0" uspid="2261" ordinal="346" offset="3427" sl="1854" sc="37" el="1854" ec="56" bec="6" bev="0" fileid="14" />
                <SequencePoint vc="0" uspid="2262" ordinal="347" offset="3469" sl="1857" sc="45" el="1857" ec="46" bec="0" bev="0" fileid="14" />
                <SequencePoint vc="0" uspid="2263" ordinal="348" offset="3470" sl="1858" sc="49" el="1858" ec="77" bec="2" bev="0" fileid="14" />
                <SequencePoint vc="0" uspid="2264" ordinal="349" offset="3493" sl="1859" sc="49" el="1859" ec="50" bec="0" bev="0" fileid="14" />
                <SequencePoint vc="0" uspid="2265" ordinal="350" offset="3494" sl="1860" sc="53" el="1860" ec="63" bec="2" bev="0" fileid="14" />
                <SequencePoint vc="0" uspid="2266" ordinal="351" offset="3502" sl="1861" sc="53" el="1861" ec="54" bec="0" bev="0" fileid="14" />
                <SequencePoint vc="0" uspid="2267" ordinal="352" offset="3503" sl="1862" sc="57" el="1862" ec="139" bec="0" bev="0" fileid="14" />
                <SequencePoint vc="0" uspid="2268" ordinal="353" offset="3530" sl="1863" sc="53" el="1863" ec="54" bec="0" bev="0" fileid="14" />
                <SequencePoint vc="0" uspid="2269" ordinal="354" offset="3531" sl="1864" sc="53" el="1864" ec="66" bec="0" bev="0" fileid="14" />
                <SequencePoint vc="0" uspid="2270" ordinal="355" offset="3538" sl="1866" sc="49" el="1866" ec="55" bec="0" bev="0" fileid="14" />
                <SequencePoint vc="0" uspid="2271" ordinal="356" offset="3540" sl="1869" sc="45" el="1869" ec="46" bec="0" bev="0" fileid="14" />
                <SequencePoint vc="0" uspid="2272" ordinal="357" offset="3541" sl="1870" sc="49" el="1870" ec="77" bec="2" bev="0" fileid="14" />
                <SequencePoint vc="0" uspid="2273" ordinal="358" offset="3564" sl="1871" sc="49" el="1871" ec="50" bec="0" bev="0" fileid="14" />
                <SequencePoint vc="0" uspid="2274" ordinal="359" offset="3565" sl="1872" sc="53" el="1872" ec="63" bec="2" bev="0" fileid="14" />
                <SequencePoint vc="0" uspid="2275" ordinal="360" offset="3573" sl="1873" sc="53" el="1873" ec="54" bec="0" bev="0" fileid="14" />
                <SequencePoint vc="0" uspid="2276" ordinal="361" offset="3574" sl="1874" sc="57" el="1874" ec="139" bec="0" bev="0" fileid="14" />
                <SequencePoint vc="0" uspid="2277" ordinal="362" offset="3601" sl="1875" sc="53" el="1875" ec="54" bec="0" bev="0" fileid="14" />
                <SequencePoint vc="0" uspid="2278" ordinal="363" offset="3602" sl="1876" sc="53" el="1876" ec="66" bec="0" bev="0" fileid="14" />
                <SequencePoint vc="0" uspid="2279" ordinal="364" offset="3609" sl="1878" sc="49" el="1878" ec="55" bec="0" bev="0" fileid="14" />
                <SequencePoint vc="0" uspid="2280" ordinal="365" offset="3611" sl="1881" sc="45" el="1881" ec="46" bec="0" bev="0" fileid="14" />
                <SequencePoint vc="0" uspid="2281" ordinal="366" offset="3612" sl="1882" sc="49" el="1882" ec="55" bec="0" bev="0" fileid="14" />
                <SequencePoint vc="0" uspid="2282" ordinal="367" offset="3614" sl="1885" sc="45" el="1885" ec="46" bec="0" bev="0" fileid="14" />
                <SequencePoint vc="0" uspid="2283" ordinal="368" offset="3615" sl="1886" sc="49" el="1886" ec="59" bec="2" bev="0" fileid="14" />
                <SequencePoint vc="0" uspid="2284" ordinal="369" offset="3623" sl="1887" sc="49" el="1887" ec="50" bec="0" bev="0" fileid="14" />
                <SequencePoint vc="0" uspid="2285" ordinal="370" offset="3624" sl="1888" sc="53" el="1888" ec="98" bec="0" bev="0" fileid="14" />
                <SequencePoint vc="0" uspid="2286" ordinal="371" offset="3636" sl="1889" sc="49" el="1889" ec="50" bec="0" bev="0" fileid="14" />
                <SequencePoint vc="0" uspid="2287" ordinal="372" offset="3637" sl="1890" sc="49" el="1890" ec="62" bec="0" bev="0" fileid="14" />
                <SequencePoint vc="0" uspid="2288" ordinal="373" offset="3644" sl="1893" sc="37" el="1893" ec="43" bec="0" bev="0" fileid="14" />
                <SequencePoint vc="0" uspid="2289" ordinal="374" offset="3649" sl="1896" sc="33" el="1896" ec="34" bec="0" bev="0" fileid="14" />
                <SequencePoint vc="0" uspid="2290" ordinal="375" offset="3650" sl="1897" sc="37" el="1897" ec="56" bec="6" bev="0" fileid="14" />
                <SequencePoint vc="0" uspid="2291" ordinal="376" offset="3692" sl="1900" sc="45" el="1900" ec="46" bec="0" bev="0" fileid="14" />
                <SequencePoint vc="0" uspid="2292" ordinal="377" offset="3693" sl="1901" sc="49" el="1901" ec="113" bec="4" bev="0" fileid="14" />
                <SequencePoint vc="0" uspid="2293" ordinal="378" offset="3725" sl="1902" sc="49" el="1902" ec="50" bec="0" bev="0" fileid="14" />
                <SequencePoint vc="0" uspid="2294" ordinal="379" offset="3726" sl="1903" sc="53" el="1903" ec="63" bec="2" bev="0" fileid="14" />
                <SequencePoint vc="0" uspid="2295" ordinal="380" offset="3734" sl="1904" sc="53" el="1904" ec="54" bec="0" bev="0" fileid="14" />
                <SequencePoint vc="0" uspid="2296" ordinal="381" offset="3735" sl="1905" sc="57" el="1905" ec="139" bec="0" bev="0" fileid="14" />
                <SequencePoint vc="0" uspid="2297" ordinal="382" offset="3762" sl="1906" sc="53" el="1906" ec="54" bec="0" bev="0" fileid="14" />
                <SequencePoint vc="0" uspid="2298" ordinal="383" offset="3763" sl="1907" sc="53" el="1907" ec="66" bec="0" bev="0" fileid="14" />
                <SequencePoint vc="0" uspid="2299" ordinal="384" offset="3770" sl="1909" sc="49" el="1909" ec="55" bec="0" bev="0" fileid="14" />
                <SequencePoint vc="0" uspid="2300" ordinal="385" offset="3775" sl="1912" sc="45" el="1912" ec="46" bec="0" bev="0" fileid="14" />
                <SequencePoint vc="0" uspid="2301" ordinal="386" offset="3776" sl="1913" sc="49" el="1913" ec="113" bec="4" bev="0" fileid="14" />
                <SequencePoint vc="0" uspid="2302" ordinal="387" offset="3808" sl="1914" sc="49" el="1914" ec="50" bec="0" bev="0" fileid="14" />
                <SequencePoint vc="0" uspid="2303" ordinal="388" offset="3809" sl="1915" sc="53" el="1915" ec="63" bec="2" bev="0" fileid="14" />
                <SequencePoint vc="0" uspid="2304" ordinal="389" offset="3817" sl="1916" sc="53" el="1916" ec="54" bec="0" bev="0" fileid="14" />
                <SequencePoint vc="0" uspid="2305" ordinal="390" offset="3818" sl="1917" sc="57" el="1917" ec="139" bec="0" bev="0" fileid="14" />
                <SequencePoint vc="0" uspid="2306" ordinal="391" offset="3845" sl="1918" sc="53" el="1918" ec="54" bec="0" bev="0" fileid="14" />
                <SequencePoint vc="0" uspid="2307" ordinal="392" offset="3846" sl="1919" sc="53" el="1919" ec="66" bec="0" bev="0" fileid="14" />
                <SequencePoint vc="0" uspid="2308" ordinal="393" offset="3853" sl="1921" sc="49" el="1921" ec="55" bec="0" bev="0" fileid="14" />
                <SequencePoint vc="0" uspid="2309" ordinal="394" offset="3855" sl="1924" sc="45" el="1924" ec="46" bec="0" bev="0" fileid="14" />
                <SequencePoint vc="0" uspid="2310" ordinal="395" offset="3856" sl="1925" sc="49" el="1925" ec="88" bec="2" bev="0" fileid="14" />
                <SequencePoint vc="0" uspid="2311" ordinal="396" offset="3878" sl="1926" sc="49" el="1926" ec="50" bec="0" bev="0" fileid="14" />
                <SequencePoint vc="0" uspid="2312" ordinal="397" offset="3879" sl="1927" sc="53" el="1927" ec="63" bec="2" bev="0" fileid="14" />
                <SequencePoint vc="0" uspid="2313" ordinal="398" offset="3887" sl="1928" sc="53" el="1928" ec="54" bec="0" bev="0" fileid="14" />
                <SequencePoint vc="0" uspid="2314" ordinal="399" offset="3888" sl="1929" sc="57" el="1929" ec="122" bec="0" bev="0" fileid="14" />
                <SequencePoint vc="0" uspid="2315" ordinal="400" offset="3915" sl="1930" sc="53" el="1930" ec="54" bec="0" bev="0" fileid="14" />
                <SequencePoint vc="0" uspid="2316" ordinal="401" offset="3916" sl="1931" sc="53" el="1931" ec="66" bec="0" bev="0" fileid="14" />
                <SequencePoint vc="0" uspid="2317" ordinal="402" offset="3923" sl="1933" sc="49" el="1933" ec="55" bec="0" bev="0" fileid="14" />
                <SequencePoint vc="0" uspid="2318" ordinal="403" offset="3925" sl="1936" sc="45" el="1936" ec="46" bec="0" bev="0" fileid="14" />
                <SequencePoint vc="0" uspid="2319" ordinal="404" offset="3926" sl="1937" sc="49" el="1937" ec="59" bec="2" bev="0" fileid="14" />
                <SequencePoint vc="0" uspid="2320" ordinal="405" offset="3934" sl="1938" sc="49" el="1938" ec="50" bec="0" bev="0" fileid="14" />
                <SequencePoint vc="0" uspid="2321" ordinal="406" offset="3935" sl="1939" sc="53" el="1939" ec="98" bec="0" bev="0" fileid="14" />
                <SequencePoint vc="0" uspid="2322" ordinal="407" offset="3947" sl="1940" sc="49" el="1940" ec="50" bec="0" bev="0" fileid="14" />
                <SequencePoint vc="0" uspid="2323" ordinal="408" offset="3948" sl="1941" sc="49" el="1941" ec="62" bec="0" bev="0" fileid="14" />
                <SequencePoint vc="0" uspid="2324" ordinal="409" offset="3955" sl="1944" sc="37" el="1944" ec="43" bec="0" bev="0" fileid="14" />
                <SequencePoint vc="0" uspid="2325" ordinal="410" offset="3960" sl="1947" sc="33" el="1947" ec="34" bec="0" bev="0" fileid="14" />
                <SequencePoint vc="0" uspid="2326" ordinal="411" offset="3961" sl="1948" sc="37" el="1948" ec="56" bec="6" bev="0" fileid="14" />
                <SequencePoint vc="0" uspid="2327" ordinal="412" offset="4003" sl="1951" sc="45" el="1951" ec="46" bec="0" bev="0" fileid="14" />
                <SequencePoint vc="0" uspid="2328" ordinal="413" offset="4004" sl="1952" sc="49" el="1952" ec="114" bec="4" bev="0" fileid="14" />
                <SequencePoint vc="0" uspid="2329" ordinal="414" offset="4039" sl="1953" sc="49" el="1953" ec="50" bec="0" bev="0" fileid="14" />
                <SequencePoint vc="0" uspid="2330" ordinal="415" offset="4040" sl="1954" sc="53" el="1954" ec="63" bec="2" bev="0" fileid="14" />
                <SequencePoint vc="0" uspid="2331" ordinal="416" offset="4048" sl="1955" sc="53" el="1955" ec="54" bec="0" bev="0" fileid="14" />
                <SequencePoint vc="0" uspid="2332" ordinal="417" offset="4049" sl="1956" sc="57" el="1956" ec="140" bec="0" bev="0" fileid="14" />
                <SequencePoint vc="0" uspid="2333" ordinal="418" offset="4076" sl="1957" sc="53" el="1957" ec="54" bec="0" bev="0" fileid="14" />
                <SequencePoint vc="0" uspid="2334" ordinal="419" offset="4077" sl="1958" sc="53" el="1958" ec="66" bec="0" bev="0" fileid="14" />
                <SequencePoint vc="0" uspid="2335" ordinal="420" offset="4084" sl="1960" sc="49" el="1960" ec="55" bec="0" bev="0" fileid="14" />
                <SequencePoint vc="0" uspid="2336" ordinal="421" offset="4089" sl="1963" sc="45" el="1963" ec="46" bec="0" bev="0" fileid="14" />
                <SequencePoint vc="0" uspid="2337" ordinal="422" offset="4090" sl="1964" sc="49" el="1964" ec="114" bec="4" bev="0" fileid="14" />
                <SequencePoint vc="0" uspid="2338" ordinal="423" offset="4125" sl="1965" sc="49" el="1965" ec="50" bec="0" bev="0" fileid="14" />
                <SequencePoint vc="0" uspid="2339" ordinal="424" offset="4126" sl="1966" sc="53" el="1966" ec="63" bec="2" bev="0" fileid="14" />
                <SequencePoint vc="0" uspid="2340" ordinal="425" offset="4134" sl="1967" sc="53" el="1967" ec="54" bec="0" bev="0" fileid="14" />
                <SequencePoint vc="0" uspid="2341" ordinal="426" offset="4135" sl="1968" sc="57" el="1968" ec="140" bec="0" bev="0" fileid="14" />
                <SequencePoint vc="0" uspid="2342" ordinal="427" offset="4162" sl="1969" sc="53" el="1969" ec="54" bec="0" bev="0" fileid="14" />
                <SequencePoint vc="0" uspid="2343" ordinal="428" offset="4163" sl="1970" sc="53" el="1970" ec="66" bec="0" bev="0" fileid="14" />
                <SequencePoint vc="0" uspid="2344" ordinal="429" offset="4167" sl="1972" sc="49" el="1972" ec="55" bec="0" bev="0" fileid="14" />
                <SequencePoint vc="0" uspid="2345" ordinal="430" offset="4169" sl="1975" sc="45" el="1975" ec="46" bec="0" bev="0" fileid="14" />
                <SequencePoint vc="0" uspid="2346" ordinal="431" offset="4170" sl="1976" sc="49" el="1976" ec="114" bec="4" bev="0" fileid="14" />
                <SequencePoint vc="0" uspid="2347" ordinal="432" offset="4202" sl="1977" sc="49" el="1977" ec="50" bec="0" bev="0" fileid="14" />
                <SequencePoint vc="0" uspid="2348" ordinal="433" offset="4203" sl="1978" sc="53" el="1978" ec="63" bec="2" bev="0" fileid="14" />
                <SequencePoint vc="0" uspid="2349" ordinal="434" offset="4211" sl="1979" sc="53" el="1979" ec="54" bec="0" bev="0" fileid="14" />
                <SequencePoint vc="0" uspid="2350" ordinal="435" offset="4212" sl="1980" sc="57" el="1980" ec="131" bec="0" bev="0" fileid="14" />
                <SequencePoint vc="0" uspid="2351" ordinal="436" offset="4239" sl="1981" sc="53" el="1981" ec="54" bec="0" bev="0" fileid="14" />
                <SequencePoint vc="0" uspid="2352" ordinal="437" offset="4240" sl="1982" sc="53" el="1982" ec="66" bec="0" bev="0" fileid="14" />
                <SequencePoint vc="0" uspid="2353" ordinal="438" offset="4244" sl="1984" sc="49" el="1984" ec="55" bec="0" bev="0" fileid="14" />
                <SequencePoint vc="0" uspid="2354" ordinal="439" offset="4246" sl="1987" sc="45" el="1987" ec="46" bec="0" bev="0" fileid="14" />
                <SequencePoint vc="0" uspid="2355" ordinal="440" offset="4247" sl="1988" sc="49" el="1988" ec="59" bec="2" bev="0" fileid="14" />
                <SequencePoint vc="0" uspid="2356" ordinal="441" offset="4255" sl="1989" sc="49" el="1989" ec="50" bec="0" bev="0" fileid="14" />
                <SequencePoint vc="0" uspid="2357" ordinal="442" offset="4256" sl="1990" sc="53" el="1990" ec="98" bec="0" bev="0" fileid="14" />
                <SequencePoint vc="0" uspid="2358" ordinal="443" offset="4268" sl="1991" sc="49" el="1991" ec="50" bec="0" bev="0" fileid="14" />
                <SequencePoint vc="0" uspid="2359" ordinal="444" offset="4269" sl="1992" sc="49" el="1992" ec="62" bec="0" bev="0" fileid="14" />
                <SequencePoint vc="0" uspid="2360" ordinal="445" offset="4273" sl="1995" sc="37" el="1995" ec="43" bec="0" bev="0" fileid="14" />
                <SequencePoint vc="0" uspid="2361" ordinal="446" offset="4275" sl="1998" sc="25" el="1998" ec="31" bec="0" bev="0" fileid="14" />
                <SequencePoint vc="0" uspid="2362" ordinal="447" offset="4277" sl="2001" sc="21" el="2001" ec="22" bec="0" bev="0" fileid="14" />
                <SequencePoint vc="0" uspid="2363" ordinal="448" offset="4278" sl="2002" sc="25" el="2002" ec="38" bec="0" bev="0" fileid="14" />
                <SequencePoint vc="0" uspid="2364" ordinal="449" offset="4282" sl="2005" sc="13" el="2005" ec="25" bec="0" bev="0" fileid="14" />
                <SequencePoint vc="0" uspid="2365" ordinal="450" offset="4286" sl="2006" sc="9" el="2006" ec="10" bec="0" bev="0" fileid="14" />
              </SequencePoints>
              <BranchPoints>
                <BranchPoint vc="0" uspid="2366" ordinal="0" offset="24" sl="1433" path="0" offsetchain="26" offsetend="28" fileid="14" />
                <BranchPoint vc="0" uspid="2367" ordinal="1" offset="24" sl="1433" path="1" offsetend="83" fileid="14" />
                <BranchPoint vc="0" uspid="2368" ordinal="2" offset="34" sl="1433" path="0" offsetchain="39" offsetend="4277" fileid="14" />
                <BranchPoint vc="0" uspid="2369" ordinal="3" offset="34" sl="1433" path="1" offsetend="2853" fileid="14" />
                <BranchPoint vc="0" uspid="2370" ordinal="4" offset="50" sl="1433" path="0" offsetchain="55" offsetend="57" fileid="14" />
                <BranchPoint vc="0" uspid="2371" ordinal="5" offset="50" sl="1433" path="1" offsetend="2853" fileid="14" />
                <BranchPoint vc="0" uspid="2372" ordinal="6" offset="63" sl="1433" path="0" offsetchain="68" offsetend="70" fileid="14" />
                <BranchPoint vc="0" uspid="2373" ordinal="7" offset="63" sl="1433" path="1" offsetend="2555" fileid="14" />
                <BranchPoint vc="0" uspid="2374" ordinal="8" offset="76" sl="1433" path="0" offsetchain="78" offsetend="4277" fileid="14" />
                <BranchPoint vc="0" uspid="2375" ordinal="9" offset="76" sl="1433" path="1" offsetend="126" fileid="14" />
                <BranchPoint vc="0" uspid="2376" ordinal="10" offset="88" sl="1437" path="0" offsetend="90" fileid="14" />
                <BranchPoint vc="0" uspid="2377" ordinal="11" offset="88" sl="1437" path="1" offsetend="119" fileid="14" />
                <BranchPoint vc="0" uspid="2378" ordinal="12" offset="144" sl="1445" path="0" offsetend="146" fileid="14" />
                <BranchPoint vc="0" uspid="2379" ordinal="13" offset="144" sl="1445" path="1" offsetend="160" fileid="14" />
                <BranchPoint vc="0" uspid="2380" ordinal="14" offset="165" sl="1445" path="0" offsetend="167" fileid="14" />
                <BranchPoint vc="0" uspid="2381" ordinal="15" offset="165" sl="1445" path="1" offsetend="226" fileid="14" />
                <BranchPoint vc="0" uspid="2382" ordinal="16" offset="174" sl="1447" path="0" offsetend="176" fileid="14" />
                <BranchPoint vc="0" uspid="2383" ordinal="17" offset="174" sl="1447" path="1" offsetend="219" fileid="14" />
                <BranchPoint vc="0" uspid="2384" ordinal="18" offset="239" sl="1454" path="0" offsetend="241" fileid="14" />
                <BranchPoint vc="0" uspid="2385" ordinal="19" offset="239" sl="1454" path="1" offsetend="334" fileid="14" />
                <BranchPoint vc="0" uspid="2386" ordinal="20" offset="292" sl="1458" path="0" offsetend="294" fileid="14" />
                <BranchPoint vc="0" uspid="2387" ordinal="21" offset="292" sl="1458" path="1" offsetend="302" fileid="14" />
                <BranchPoint vc="0" uspid="2388" ordinal="22" offset="358" sl="1466" path="0" offsetend="360" fileid="14" />
                <BranchPoint vc="0" uspid="2389" ordinal="23" offset="358" sl="1466" path="1" offsetend="450" fileid="14" />
                <BranchPoint vc="0" uspid="2390" ordinal="24" offset="372" sl="1466" path="0" offsetend="377" fileid="14" />
                <BranchPoint vc="0" uspid="2391" ordinal="25" offset="372" sl="1466" path="1" offsetend="570" fileid="14" />
                <BranchPoint vc="0" uspid="2392" ordinal="26" offset="389" sl="1466" path="0" offsetend="394" fileid="14" />
                <BranchPoint vc="0" uspid="2393" ordinal="27" offset="389" sl="1466" path="1" offsetend="578" fileid="14" />
                <BranchPoint vc="0" uspid="2394" ordinal="28" offset="406" sl="1466" path="0" offsetend="411" fileid="14" />
                <BranchPoint vc="0" uspid="2395" ordinal="29" offset="406" sl="1466" path="1" offsetend="1082" fileid="14" />
                <BranchPoint vc="0" uspid="2396" ordinal="30" offset="423" sl="1466" path="0" offsetend="428" fileid="14" />
                <BranchPoint vc="0" uspid="2397" ordinal="31" offset="423" sl="1466" path="1" offsetend="1560" fileid="14" />
                <BranchPoint vc="0" uspid="2398" ordinal="32" offset="440" sl="1466" path="0" offsetchain="445 2550" offsetend="4282" fileid="14" />
                <BranchPoint vc="0" uspid="2399" ordinal="33" offset="440" sl="1466" path="1" offsetend="2055" fileid="14" />
                <BranchPoint vc="0" uspid="2400" ordinal="34" offset="491" sl="1472" path="0" offsetend="493" fileid="14" />
                <BranchPoint vc="0" uspid="2401" ordinal="35" offset="491" sl="1472" path="1" offsetend="538" fileid="14" />
                <BranchPoint vc="0" uspid="2402" ordinal="36" offset="500" sl="1474" path="0" offsetend="502" fileid="14" />
                <BranchPoint vc="0" uspid="2403" ordinal="37" offset="500" sl="1474" path="1" offsetend="531" fileid="14" />
                <BranchPoint vc="0" uspid="2404" ordinal="38" offset="595" sl="1489" path="0" offsetchain="597" offsetend="599" fileid="14" />
                <BranchPoint vc="0" uspid="2405" ordinal="39" offset="595" sl="1489" path="1" offsetend="624" fileid="14" />
                <BranchPoint vc="0" uspid="2406" ordinal="40" offset="603" sl="1489" path="0" offsetchain="608" offsetend="610" fileid="14" />
                <BranchPoint vc="0" uspid="2407" ordinal="41" offset="603" sl="1489" path="1" offsetend="767" fileid="14" />
                <BranchPoint vc="0" uspid="2408" ordinal="42" offset="614" sl="1489" path="0" offsetchain="619" offsetend="1047" fileid="14" />
                <BranchPoint vc="0" uspid="2409" ordinal="43" offset="614" sl="1489" path="1" offsetend="910" fileid="14" />
                <BranchPoint vc="0" uspid="2410" ordinal="44" offset="658" sl="1495" path="0" offsetend="660" fileid="14" />
                <BranchPoint vc="0" uspid="2411" ordinal="45" offset="658" sl="1495" path="1" offsetend="683" fileid="14" />
                <BranchPoint vc="0" uspid="2412" ordinal="46" offset="688" sl="1495" path="0" offsetend="690" fileid="14" />
                <BranchPoint vc="0" uspid="2413" ordinal="47" offset="688" sl="1495" path="1" offsetend="735" fileid="14" />
                <BranchPoint vc="0" uspid="2414" ordinal="48" offset="697" sl="1497" path="0" offsetend="699" fileid="14" />
                <BranchPoint vc="0" uspid="2415" ordinal="49" offset="697" sl="1497" path="1" offsetend="728" fileid="14" />
                <BranchPoint vc="0" uspid="2416" ordinal="50" offset="801" sl="1510" path="0" offsetend="803" fileid="14" />
                <BranchPoint vc="0" uspid="2417" ordinal="51" offset="801" sl="1510" path="1" offsetend="826" fileid="14" />
                <BranchPoint vc="0" uspid="2418" ordinal="52" offset="831" sl="1510" path="0" offsetend="833" fileid="14" />
                <BranchPoint vc="0" uspid="2419" ordinal="53" offset="831" sl="1510" path="1" offsetend="878" fileid="14" />
                <BranchPoint vc="0" uspid="2420" ordinal="54" offset="840" sl="1512" path="0" offsetend="842" fileid="14" />
                <BranchPoint vc="0" uspid="2421" ordinal="55" offset="840" sl="1512" path="1" offsetend="871" fileid="14" />
                <BranchPoint vc="0" uspid="2422" ordinal="56" offset="944" sl="1525" path="0" offsetend="946" fileid="14" />
                <BranchPoint vc="0" uspid="2423" ordinal="57" offset="944" sl="1525" path="1" offsetend="966" fileid="14" />
                <BranchPoint vc="0" uspid="2424" ordinal="58" offset="971" sl="1525" path="0" offsetend="973" fileid="14" />
                <BranchPoint vc="0" uspid="2425" ordinal="59" offset="971" sl="1525" path="1" offsetend="1018" fileid="14" />
                <BranchPoint vc="0" uspid="2426" ordinal="60" offset="980" sl="1527" path="0" offsetend="982" fileid="14" />
                <BranchPoint vc="0" uspid="2427" ordinal="61" offset="980" sl="1527" path="1" offsetend="1011" fileid="14" />
                <BranchPoint vc="0" uspid="2428" ordinal="62" offset="1054" sl="1539" path="0" offsetend="1056" fileid="14" />
                <BranchPoint vc="0" uspid="2429" ordinal="63" offset="1054" sl="1539" path="1" offsetend="1070" fileid="14" />
                <BranchPoint vc="0" uspid="2430" ordinal="64" offset="1099" sl="1550" path="0" offsetchain="1101" offsetend="1103" fileid="14" />
                <BranchPoint vc="0" uspid="2431" ordinal="65" offset="1099" sl="1550" path="1" offsetend="1128" fileid="14" />
                <BranchPoint vc="0" uspid="2432" ordinal="66" offset="1107" sl="1550" path="0" offsetchain="1112" offsetend="1114" fileid="14" />
                <BranchPoint vc="0" uspid="2433" ordinal="67" offset="1107" sl="1550" path="1" offsetend="1268" fileid="14" />
                <BranchPoint vc="0" uspid="2434" ordinal="68" offset="1118" sl="1550" path="0" offsetchain="1123" offsetend="1525" fileid="14" />
                <BranchPoint vc="0" uspid="2435" ordinal="69" offset="1118" sl="1550" path="1" offsetend="1408" fileid="14" />
                <BranchPoint vc="0" uspid="2436" ordinal="70" offset="1162" sl="1556" path="0" offsetend="1164" fileid="14" />
                <BranchPoint vc="0" uspid="2437" ordinal="71" offset="1162" sl="1556" path="1" offsetend="1184" fileid="14" />
                <BranchPoint vc="0" uspid="2438" ordinal="72" offset="1189" sl="1556" path="0" offsetend="1191" fileid="14" />
                <BranchPoint vc="0" uspid="2439" ordinal="73" offset="1189" sl="1556" path="1" offsetend="1236" fileid="14" />
                <BranchPoint vc="0" uspid="2440" ordinal="74" offset="1198" sl="1558" path="0" offsetend="1200" fileid="14" />
                <BranchPoint vc="0" uspid="2441" ordinal="75" offset="1198" sl="1558" path="1" offsetend="1229" fileid="14" />
                <BranchPoint vc="0" uspid="2442" ordinal="76" offset="1302" sl="1571" path="0" offsetend="1304" fileid="14" />
                <BranchPoint vc="0" uspid="2443" ordinal="77" offset="1302" sl="1571" path="1" offsetend="1324" fileid="14" />
                <BranchPoint vc="0" uspid="2444" ordinal="78" offset="1329" sl="1571" path="0" offsetend="1331" fileid="14" />
                <BranchPoint vc="0" uspid="2445" ordinal="79" offset="1329" sl="1571" path="1" offsetend="1376" fileid="14" />
                <BranchPoint vc="0" uspid="2446" ordinal="80" offset="1338" sl="1573" path="0" offsetend="1340" fileid="14" />
                <BranchPoint vc="0" uspid="2447" ordinal="81" offset="1338" sl="1573" path="1" offsetend="1369" fileid="14" />
                <BranchPoint vc="0" uspid="2448" ordinal="82" offset="1449" sl="1586" path="0" offsetend="1451" fileid="14" />
                <BranchPoint vc="0" uspid="2449" ordinal="83" offset="1449" sl="1586" path="1" offsetend="1496" fileid="14" />
                <BranchPoint vc="0" uspid="2450" ordinal="84" offset="1458" sl="1588" path="0" offsetend="1460" fileid="14" />
                <BranchPoint vc="0" uspid="2451" ordinal="85" offset="1458" sl="1588" path="1" offsetend="1489" fileid="14" />
                <BranchPoint vc="0" uspid="2452" ordinal="86" offset="1532" sl="1599" path="0" offsetend="1534" fileid="14" />
                <BranchPoint vc="0" uspid="2453" ordinal="87" offset="1532" sl="1599" path="1" offsetend="1548" fileid="14" />
                <BranchPoint vc="0" uspid="2454" ordinal="88" offset="1577" sl="1610" path="0" offsetchain="1579" offsetend="1581" fileid="14" />
                <BranchPoint vc="0" uspid="2455" ordinal="89" offset="1577" sl="1610" path="1" offsetend="1606" fileid="14" />
                <BranchPoint vc="0" uspid="2456" ordinal="90" offset="1585" sl="1610" path="0" offsetchain="1590" offsetend="1592" fileid="14" />
                <BranchPoint vc="0" uspid="2457" ordinal="91" offset="1585" sl="1610" path="1" offsetend="1751" fileid="14" />
                <BranchPoint vc="0" uspid="2458" ordinal="92" offset="1596" sl="1610" path="0" offsetchain="1601" offsetend="2020" fileid="14" />
                <BranchPoint vc="0" uspid="2459" ordinal="93" offset="1596" sl="1610" path="1" offsetend="1896" fileid="14" />
                <BranchPoint vc="0" uspid="2460" ordinal="94" offset="1645" sl="1616" path="0" offsetend="1647" fileid="14" />
                <BranchPoint vc="0" uspid="2461" ordinal="95" offset="1645" sl="1616" path="1" offsetend="1667" fileid="14" />
                <BranchPoint vc="0" uspid="2462" ordinal="96" offset="1672" sl="1616" path="0" offsetend="1674" fileid="14" />
                <BranchPoint vc="0" uspid="2463" ordinal="97" offset="1672" sl="1616" path="1" offsetend="1719" fileid="14" />
                <BranchPoint vc="0" uspid="2464" ordinal="98" offset="1681" sl="1618" path="0" offsetend="1683" fileid="14" />
                <BranchPoint vc="0" uspid="2465" ordinal="99" offset="1681" sl="1618" path="1" offsetend="1712" fileid="14" />
                <BranchPoint vc="0" uspid="2466" ordinal="100" offset="1790" sl="1631" path="0" offsetend="1792" fileid="14" />
                <BranchPoint vc="0" uspid="2467" ordinal="101" offset="1790" sl="1631" path="1" offsetend="1812" fileid="14" />
                <BranchPoint vc="0" uspid="2468" ordinal="102" offset="1817" sl="1631" path="0" offsetend="1819" fileid="14" />
                <BranchPoint vc="0" uspid="2469" ordinal="103" offset="1817" sl="1631" path="1" offsetend="1864" fileid="14" />
                <BranchPoint vc="0" uspid="2470" ordinal="104" offset="1826" sl="1633" path="0" offsetend="1828" fileid="14" />
                <BranchPoint vc="0" uspid="2471" ordinal="105" offset="1826" sl="1633" path="1" offsetend="1857" fileid="14" />
                <BranchPoint vc="0" uspid="2472" ordinal="106" offset="1944" sl="1646" path="0" offsetend="1946" fileid="14" />
                <BranchPoint vc="0" uspid="2473" ordinal="107" offset="1944" sl="1646" path="1" offsetend="1991" fileid="14" />
                <BranchPoint vc="0" uspid="2474" ordinal="108" offset="1953" sl="1648" path="0" offsetend="1955" fileid="14" />
                <BranchPoint vc="0" uspid="2475" ordinal="109" offset="1953" sl="1648" path="1" offsetend="1984" fileid="14" />
                <BranchPoint vc="0" uspid="2476" ordinal="110" offset="2027" sl="1659" path="0" offsetend="2029" fileid="14" />
                <BranchPoint vc="0" uspid="2477" ordinal="111" offset="2027" sl="1659" path="1" offsetend="2043" fileid="14" />
                <BranchPoint vc="0" uspid="2478" ordinal="112" offset="2072" sl="1670" path="0" offsetchain="2074" offsetend="2076" fileid="14" />
                <BranchPoint vc="0" uspid="2479" ordinal="113" offset="2072" sl="1670" path="1" offsetend="2101" fileid="14" />
                <BranchPoint vc="0" uspid="2480" ordinal="114" offset="2080" sl="1670" path="0" offsetchain="2085" offsetend="2087" fileid="14" />
                <BranchPoint vc="0" uspid="2481" ordinal="115" offset="2080" sl="1670" path="1" offsetend="2242" fileid="14" />
                <BranchPoint vc="0" uspid="2482" ordinal="116" offset="2091" sl="1670" path="0" offsetchain="2096" offsetend="2518" fileid="14" />
                <BranchPoint vc="0" uspid="2483" ordinal="117" offset="2091" sl="1670" path="1" offsetend="2383" fileid="14" />
                <BranchPoint vc="0" uspid="2484" ordinal="118" offset="2140" sl="1676" path="0" offsetend="2142" fileid="14" />
                <BranchPoint vc="0" uspid="2485" ordinal="119" offset="2140" sl="1676" path="1" offsetend="2158" fileid="14" />
                <BranchPoint vc="0" uspid="2486" ordinal="120" offset="2163" sl="1676" path="0" offsetend="2165" fileid="14" />
                <BranchPoint vc="0" uspid="2487" ordinal="121" offset="2163" sl="1676" path="1" offsetend="2210" fileid="14" />
                <BranchPoint vc="0" uspid="2488" ordinal="122" offset="2172" sl="1678" path="0" offsetend="2174" fileid="14" />
                <BranchPoint vc="0" uspid="2489" ordinal="123" offset="2172" sl="1678" path="1" offsetend="2203" fileid="14" />
                <BranchPoint vc="0" uspid="2490" ordinal="124" offset="2281" sl="1691" path="0" offsetend="2283" fileid="14" />
                <BranchPoint vc="0" uspid="2491" ordinal="125" offset="2281" sl="1691" path="1" offsetend="2299" fileid="14" />
                <BranchPoint vc="0" uspid="2492" ordinal="126" offset="2304" sl="1691" path="0" offsetend="2306" fileid="14" />
                <BranchPoint vc="0" uspid="2493" ordinal="127" offset="2304" sl="1691" path="1" offsetend="2351" fileid="14" />
                <BranchPoint vc="0" uspid="2494" ordinal="128" offset="2313" sl="1693" path="0" offsetend="2315" fileid="14" />
                <BranchPoint vc="0" uspid="2495" ordinal="129" offset="2313" sl="1693" path="1" offsetend="2344" fileid="14" />
                <BranchPoint vc="0" uspid="2496" ordinal="130" offset="2422" sl="1706" path="0" offsetend="2424" fileid="14" />
                <BranchPoint vc="0" uspid="2497" ordinal="131" offset="2422" sl="1706" path="1" offsetend="2437" fileid="14" />
                <BranchPoint vc="0" uspid="2498" ordinal="132" offset="2442" sl="1706" path="0" offsetend="2444" fileid="14" />
                <BranchPoint vc="0" uspid="2499" ordinal="133" offset="2442" sl="1706" path="1" offsetend="2489" fileid="14" />
                <BranchPoint vc="0" uspid="2500" ordinal="134" offset="2451" sl="1708" path="0" offsetend="2453" fileid="14" />
                <BranchPoint vc="0" uspid="2501" ordinal="135" offset="2451" sl="1708" path="1" offsetend="2482" fileid="14" />
                <BranchPoint vc="0" uspid="2502" ordinal="136" offset="2525" sl="1719" path="0" offsetend="2527" fileid="14" />
                <BranchPoint vc="0" uspid="2503" ordinal="137" offset="2525" sl="1719" path="1" offsetend="2541" fileid="14" />
                <BranchPoint vc="0" uspid="2504" ordinal="138" offset="2569" sl="1733" path="0" offsetend="2571" fileid="14" />
                <BranchPoint vc="0" uspid="2505" ordinal="139" offset="2569" sl="1733" path="1" offsetend="2630" fileid="14" />
                <BranchPoint vc="0" uspid="2506" ordinal="140" offset="2578" sl="1735" path="0" offsetend="2580" fileid="14" />
                <BranchPoint vc="0" uspid="2507" ordinal="141" offset="2578" sl="1735" path="1" offsetend="2623" fileid="14" />
                <BranchPoint vc="0" uspid="2508" ordinal="142" offset="2643" sl="1742" path="0" offsetend="2645" fileid="14" />
                <BranchPoint vc="0" uspid="2509" ordinal="143" offset="2643" sl="1742" path="1" offsetend="2702" fileid="14" />
                <BranchPoint vc="0" uspid="2510" ordinal="144" offset="2687" sl="1744" path="0" offsetend="2689" fileid="14" />
                <BranchPoint vc="0" uspid="2511" ordinal="145" offset="2687" sl="1744" path="1" offsetchain="2697" offsetend="4282" fileid="14" />
                <BranchPoint vc="0" uspid="2512" ordinal="146" offset="2722" sl="1751" path="0" offsetend="2724" fileid="14" />
                <BranchPoint vc="0" uspid="2513" ordinal="147" offset="2722" sl="1751" path="1" offsetend="2741" fileid="14" />
                <BranchPoint vc="0" uspid="2514" ordinal="148" offset="2749" sl="1751" path="0" offsetend="2751" fileid="14" />
                <BranchPoint vc="0" uspid="2515" ordinal="149" offset="2749" sl="1751" path="1" offsetend="2759" fileid="14" />
                <BranchPoint vc="0" uspid="2516" ordinal="150" offset="2785" sl="1755" path="0" offsetend="2787" fileid="14" />
                <BranchPoint vc="0" uspid="2517" ordinal="151" offset="2785" sl="1755" path="1" offsetend="2808" fileid="14" />
                <BranchPoint vc="0" uspid="2518" ordinal="152" offset="2815" sl="1762" path="0" offsetend="2817" fileid="14" />
                <BranchPoint vc="0" uspid="2519" ordinal="153" offset="2815" sl="1762" path="1" offsetend="2846" fileid="14" />
                <BranchPoint vc="0" uspid="2520" ordinal="154" offset="2867" sl="1772" path="0" offsetend="2869" fileid="14" />
                <BranchPoint vc="0" uspid="2521" ordinal="155" offset="2867" sl="1772" path="1" offsetend="2928" fileid="14" />
                <BranchPoint vc="0" uspid="2522" ordinal="156" offset="2876" sl="1774" path="0" offsetend="2878" fileid="14" />
                <BranchPoint vc="0" uspid="2523" ordinal="157" offset="2876" sl="1774" path="1" offsetend="2921" fileid="14" />
                <BranchPoint vc="0" uspid="2524" ordinal="158" offset="2941" sl="1781" path="0" offsetend="2943" fileid="14" />
                <BranchPoint vc="0" uspid="2525" ordinal="159" offset="2941" sl="1781" path="1" offsetend="3000" fileid="14" />
                <BranchPoint vc="0" uspid="2526" ordinal="160" offset="2985" sl="1783" path="0" offsetend="2987" fileid="14" />
                <BranchPoint vc="0" uspid="2527" ordinal="161" offset="2985" sl="1783" path="1" offsetchain="2995" offsetend="4282" fileid="14" />
                <BranchPoint vc="0" uspid="2528" ordinal="162" offset="3024" sl="1790" path="0" offsetend="3026" fileid="14" />
                <BranchPoint vc="0" uspid="2529" ordinal="163" offset="3024" sl="1790" path="1" offsetend="3110" fileid="14" />
                <BranchPoint vc="0" uspid="2530" ordinal="164" offset="3038" sl="1790" path="0" offsetend="3040" fileid="14" />
                <BranchPoint vc="0" uspid="2531" ordinal="165" offset="3038" sl="1790" path="1" offsetend="3118" fileid="14" />
                <BranchPoint vc="0" uspid="2532" ordinal="166" offset="3052" sl="1790" path="0" offsetend="3054" fileid="14" />
                <BranchPoint vc="0" uspid="2533" ordinal="167" offset="3052" sl="1790" path="1" offsetend="3126" fileid="14" />
                <BranchPoint vc="0" uspid="2534" ordinal="168" offset="3066" sl="1790" path="0" offsetend="3071" fileid="14" />
                <BranchPoint vc="0" uspid="2535" ordinal="169" offset="3066" sl="1790" path="1" offsetend="3426" fileid="14" />
                <BranchPoint vc="0" uspid="2536" ordinal="170" offset="3083" sl="1790" path="0" offsetend="3088" fileid="14" />
                <BranchPoint vc="0" uspid="2537" ordinal="171" offset="3083" sl="1790" path="1" offsetend="3649" fileid="14" />
                <BranchPoint vc="0" uspid="2538" ordinal="172" offset="3100" sl="1790" path="0" offsetchain="3105 4275" offsetend="4282" fileid="14" />
                <BranchPoint vc="0" uspid="2539" ordinal="173" offset="3100" sl="1790" path="1" offsetend="3960" fileid="14" />
                <BranchPoint vc="0" uspid="2540" ordinal="174" offset="3143" sl="1802" path="0" offsetchain="3145" offsetend="3147" fileid="14" />
                <BranchPoint vc="0" uspid="2541" ordinal="175" offset="3143" sl="1802" path="1" offsetend="3169" fileid="14" />
                <BranchPoint vc="0" uspid="2542" ordinal="176" offset="3151" sl="1802" path="0" offsetchain="3153" offsetend="3155" fileid="14" />
                <BranchPoint vc="0" uspid="2543" ordinal="177" offset="3151" sl="1802" path="1" offsetend="3246" fileid="14" />
                <BranchPoint vc="0" uspid="2544" ordinal="178" offset="3159" sl="1802" path="0" offsetchain="3164" offsetend="3391" fileid="14" />
                <BranchPoint vc="0" uspid="2545" ordinal="179" offset="3159" sl="1802" path="1" offsetend="3320" fileid="14" />
                <BranchPoint vc="0" uspid="2546" ordinal="180" offset="3194" sl="1806" path="0" offsetend="3196" fileid="14" />
                <BranchPoint vc="0" uspid="2547" ordinal="181" offset="3194" sl="1806" path="1" offsetchain="3241 3421 4275" offsetend="4282" fileid="14" />
                <BranchPoint vc="0" uspid="2548" ordinal="182" offset="3203" sl="1808" path="0" offsetend="3205" fileid="14" />
                <BranchPoint vc="0" uspid="2549" ordinal="183" offset="3203" sl="1808" path="1" offsetend="3234" fileid="14" />
                <BranchPoint vc="0" uspid="2550" ordinal="184" offset="3271" sl="1818" path="0" offsetend="3273" fileid="14" />
                <BranchPoint vc="0" uspid="2551" ordinal="185" offset="3271" sl="1818" path="1" offsetchain="3318 3421 4275" offsetend="4282" fileid="14" />
                <BranchPoint vc="0" uspid="2552" ordinal="186" offset="3280" sl="1820" path="0" offsetend="3282" fileid="14" />
                <BranchPoint vc="0" uspid="2553" ordinal="187" offset="3280" sl="1820" path="1" offsetend="3311" fileid="14" />
                <BranchPoint vc="0" uspid="2554" ordinal="188" offset="3342" sl="1830" path="0" offsetend="3344" fileid="14" />
                <BranchPoint vc="0" uspid="2555" ordinal="189" offset="3342" sl="1830" path="1" offsetchain="3389 3421 4275" offsetend="4282" fileid="14" />
                <BranchPoint vc="0" uspid="2556" ordinal="190" offset="3351" sl="1833" path="0" offsetend="3353" fileid="14" />
                <BranchPoint vc="0" uspid="2557" ordinal="191" offset="3351" sl="1833" path="1" offsetend="3382" fileid="14" />
                <BranchPoint vc="0" uspid="2558" ordinal="192" offset="3398" sl="1843" path="0" offsetend="3400" fileid="14" />
                <BranchPoint vc="0" uspid="2559" ordinal="193" offset="3398" sl="1843" path="1" offsetend="3414" fileid="14" />
                <BranchPoint vc="0" uspid="2560" ordinal="194" offset="3443" sl="1854" path="0" offsetchain="3445" offsetend="3447" fileid="14" />
                <BranchPoint vc="0" uspid="2561" ordinal="195" offset="3443" sl="1854" path="1" offsetend="3469" fileid="14" />
                <BranchPoint vc="0" uspid="2562" ordinal="196" offset="3451" sl="1854" path="0" offsetchain="3453" offsetend="3455" fileid="14" />
                <BranchPoint vc="0" uspid="2563" ordinal="197" offset="3451" sl="1854" path="1" offsetend="3540" fileid="14" />
                <BranchPoint vc="0" uspid="2564" ordinal="198" offset="3459" sl="1854" path="0" offsetchain="3464" offsetend="3614" fileid="14" />
                <BranchPoint vc="0" uspid="2565" ordinal="199" offset="3459" sl="1854" path="1" offsetend="3611" fileid="14" />
                <BranchPoint vc="0" uspid="2566" ordinal="200" offset="3491" sl="1858" path="0" offsetend="3493" fileid="14" />
                <BranchPoint vc="0" uspid="2567" ordinal="201" offset="3491" sl="1858" path="1" offsetchain="3538 3644 4275" offsetend="4282" fileid="14" />
                <BranchPoint vc="0" uspid="2568" ordinal="202" offset="3500" sl="1860" path="0" offsetend="3502" fileid="14" />
                <BranchPoint vc="0" uspid="2569" ordinal="203" offset="3500" sl="1860" path="1" offsetend="3531" fileid="14" />
                <BranchPoint vc="0" uspid="2570" ordinal="204" offset="3562" sl="1870" path="0" offsetend="3564" fileid="14" />
                <BranchPoint vc="0" uspid="2571" ordinal="205" offset="3562" sl="1870" path="1" offsetchain="3609 3644 4275" offsetend="4282" fileid="14" />
                <BranchPoint vc="0" uspid="2572" ordinal="206" offset="3571" sl="1872" path="0" offsetend="3573" fileid="14" />
                <BranchPoint vc="0" uspid="2573" ordinal="207" offset="3571" sl="1872" path="1" offsetend="3602" fileid="14" />
                <BranchPoint vc="0" uspid="2574" ordinal="208" offset="3621" sl="1886" path="0" offsetend="3623" fileid="14" />
                <BranchPoint vc="0" uspid="2575" ordinal="209" offset="3621" sl="1886" path="1" offsetend="3637" fileid="14" />
                <BranchPoint vc="0" uspid="2576" ordinal="210" offset="3666" sl="1897" path="0" offsetchain="3668" offsetend="3670" fileid="14" />
                <BranchPoint vc="0" uspid="2577" ordinal="211" offset="3666" sl="1897" path="1" offsetend="3692" fileid="14" />
                <BranchPoint vc="0" uspid="2578" ordinal="212" offset="3674" sl="1897" path="0" offsetchain="3676" offsetend="3678" fileid="14" />
                <BranchPoint vc="0" uspid="2579" ordinal="213" offset="3674" sl="1897" path="1" offsetend="3775" fileid="14" />
                <BranchPoint vc="0" uspid="2580" ordinal="214" offset="3682" sl="1897" path="0" offsetchain="3687" offsetend="3925" fileid="14" />
                <BranchPoint vc="0" uspid="2581" ordinal="215" offset="3682" sl="1897" path="1" offsetend="3855" fileid="14" />
                <BranchPoint vc="0" uspid="2582" ordinal="216" offset="3704" sl="1901" path="0" offsetend="3706" fileid="14" />
                <BranchPoint vc="0" uspid="2583" ordinal="217" offset="3704" sl="1901" path="1" offsetend="3718" fileid="14" />
                <BranchPoint vc="0" uspid="2584" ordinal="218" offset="3723" sl="1901" path="0" offsetend="3725" fileid="14" />
                <BranchPoint vc="0" uspid="2585" ordinal="219" offset="3723" sl="1901" path="1" offsetchain="3770 3955 4275" offsetend="4282" fileid="14" />
                <BranchPoint vc="0" uspid="2586" ordinal="220" offset="3732" sl="1903" path="0" offsetend="3734" fileid="14" />
                <BranchPoint vc="0" uspid="2587" ordinal="221" offset="3732" sl="1903" path="1" offsetend="3763" fileid="14" />
                <BranchPoint vc="0" uspid="2588" ordinal="222" offset="3787" sl="1913" path="0" offsetend="3789" fileid="14" />
                <BranchPoint vc="0" uspid="2589" ordinal="223" offset="3787" sl="1913" path="1" offsetend="3801" fileid="14" />
                <BranchPoint vc="0" uspid="2590" ordinal="224" offset="3806" sl="1913" path="0" offsetend="3808" fileid="14" />
                <BranchPoint vc="0" uspid="2591" ordinal="225" offset="3806" sl="1913" path="1" offsetchain="3853 3955 4275" offsetend="4282" fileid="14" />
                <BranchPoint vc="0" uspid="2592" ordinal="226" offset="3815" sl="1915" path="0" offsetend="3817" fileid="14" />
                <BranchPoint vc="0" uspid="2593" ordinal="227" offset="3815" sl="1915" path="1" offsetend="3846" fileid="14" />
                <BranchPoint vc="0" uspid="2594" ordinal="228" offset="3876" sl="1925" path="0" offsetend="3878" fileid="14" />
                <BranchPoint vc="0" uspid="2595" ordinal="229" offset="3876" sl="1925" path="1" offsetchain="3923 3955 4275" offsetend="4282" fileid="14" />
                <BranchPoint vc="0" uspid="2596" ordinal="230" offset="3885" sl="1927" path="0" offsetend="3887" fileid="14" />
                <BranchPoint vc="0" uspid="2597" ordinal="231" offset="3885" sl="1927" path="1" offsetend="3916" fileid="14" />
                <BranchPoint vc="0" uspid="2598" ordinal="232" offset="3932" sl="1937" path="0" offsetend="3934" fileid="14" />
                <BranchPoint vc="0" uspid="2599" ordinal="233" offset="3932" sl="1937" path="1" offsetend="3948" fileid="14" />
                <BranchPoint vc="0" uspid="2600" ordinal="234" offset="3977" sl="1948" path="0" offsetchain="3979" offsetend="3981" fileid="14" />
                <BranchPoint vc="0" uspid="2601" ordinal="235" offset="3977" sl="1948" path="1" offsetend="4003" fileid="14" />
                <BranchPoint vc="0" uspid="2602" ordinal="236" offset="3985" sl="1948" path="0" offsetchain="3987" offsetend="3989" fileid="14" />
                <BranchPoint vc="0" uspid="2603" ordinal="237" offset="3985" sl="1948" path="1" offsetend="4089" fileid="14" />
                <BranchPoint vc="0" uspid="2604" ordinal="238" offset="3993" sl="1948" path="0" offsetchain="3998" offsetend="4246" fileid="14" />
                <BranchPoint vc="0" uspid="2605" ordinal="239" offset="3993" sl="1948" path="1" offsetend="4169" fileid="14" />
                <BranchPoint vc="0" uspid="2606" ordinal="240" offset="4015" sl="1952" path="0" offsetend="4017" fileid="14" />
                <BranchPoint vc="0" uspid="2607" ordinal="241" offset="4015" sl="1952" path="1" offsetend="4032" fileid="14" />
                <BranchPoint vc="0" uspid="2608" ordinal="242" offset="4037" sl="1952" path="0" offsetend="4039" fileid="14" />
                <BranchPoint vc="0" uspid="2609" ordinal="243" offset="4037" sl="1952" path="1" offsetchain="4084 4273 4275" offsetend="4282" fileid="14" />
                <BranchPoint vc="0" uspid="2610" ordinal="244" offset="4046" sl="1954" path="0" offsetend="4048" fileid="14" />
                <BranchPoint vc="0" uspid="2611" ordinal="245" offset="4046" sl="1954" path="1" offsetend="4077" fileid="14" />
                <BranchPoint vc="0" uspid="2612" ordinal="246" offset="4101" sl="1964" path="0" offsetend="4103" fileid="14" />
                <BranchPoint vc="0" uspid="2613" ordinal="247" offset="4101" sl="1964" path="1" offsetend="4118" fileid="14" />
                <BranchPoint vc="0" uspid="2614" ordinal="248" offset="4123" sl="1964" path="0" offsetend="4125" fileid="14" />
                <BranchPoint vc="0" uspid="2615" ordinal="249" offset="4123" sl="1964" path="1" offsetchain="4167 4273 4275" offsetend="4282" fileid="14" />
                <BranchPoint vc="0" uspid="2616" ordinal="250" offset="4132" sl="1966" path="0" offsetend="4134" fileid="14" />
                <BranchPoint vc="0" uspid="2617" ordinal="251" offset="4132" sl="1966" path="1" offsetend="4163" fileid="14" />
                <BranchPoint vc="0" uspid="2618" ordinal="252" offset="4181" sl="1976" path="0" offsetend="4183" fileid="14" />
                <BranchPoint vc="0" uspid="2619" ordinal="253" offset="4181" sl="1976" path="1" offsetend="4195" fileid="14" />
                <BranchPoint vc="0" uspid="2620" ordinal="254" offset="4200" sl="1976" path="0" offsetend="4202" fileid="14" />
                <BranchPoint vc="0" uspid="2621" ordinal="255" offset="4200" sl="1976" path="1" offsetchain="4244 4273 4275" offsetend="4282" fileid="14" />
                <BranchPoint vc="0" uspid="2622" ordinal="256" offset="4209" sl="1978" path="0" offsetend="4211" fileid="14" />
                <BranchPoint vc="0" uspid="2623" ordinal="257" offset="4209" sl="1978" path="1" offsetend="4240" fileid="14" />
                <BranchPoint vc="0" uspid="2624" ordinal="258" offset="4253" sl="1988" path="0" offsetend="4255" fileid="14" />
                <BranchPoint vc="0" uspid="2625" ordinal="259" offset="4253" sl="1988" path="1" offsetend="4269" fileid="14" />
              </BranchPoints>
              <MethodPoint xsi:type="SequencePoint" vc="0" uspid="1915" ordinal="0" offset="0" sl="1432" sc="9" el="1432" ec="10" bec="0" bev="0" fileid="14" />
            </Method>
            <Method visited="false" cyclomaticComplexity="5" nPathComplexity="8" sequenceCoverage="0" branchCoverage="0" crapScore="30" isConstructor="false" isStatic="true" isGetter="false" isSetter="false">
              <Summary numSequencePoints="24" visitedSequencePoints="0" numBranchPoints="7" visitedBranchPoints="0" sequenceCoverage="0" branchCoverage="0" maxCyclomaticComplexity="5" minCyclomaticComplexity="5" maxCrapScore="30" minCrapScore="30" visitedClasses="0" numClasses="0" visitedMethods="0" numMethods="1" />
              <MetadataToken>100663390</MetadataToken>
              <Name>System.Int32 ExMat.VM.ExVM::IterDictNext(ExMat.Objects.ExObject,ExMat.Objects.ExObject,ExMat.Objects.ExObject,ExMat.Objects.ExObject)</Name>
              <FileRef uid="14" />
              <SequencePoints>
                <SequencePoint vc="0" uspid="2626" ordinal="0" offset="0" sl="2009" sc="9" el="2009" ec="10" bec="0" bev="0" fileid="14" />
                <SequencePoint vc="0" uspid="2627" ordinal="1" offset="1" sl="2010" sc="13" el="2010" ec="87" bec="0" bev="0" fileid="14" />
                <SequencePoint vc="0" uspid="2628" ordinal="2" offset="13" sl="2011" sc="13" el="2011" ec="31" bec="2" bev="0" fileid="14" />
                <SequencePoint vc="0" uspid="2629" ordinal="3" offset="27" sl="2012" sc="13" el="2012" ec="14" bec="0" bev="0" fileid="14" />
                <SequencePoint vc="0" uspid="2630" ordinal="4" offset="28" sl="2013" sc="17" el="2013" ec="27" bec="0" bev="0" fileid="14" />
                <SequencePoint vc="0" uspid="2631" ordinal="5" offset="35" sl="2016" sc="13" el="2016" ec="42" bec="2" bev="0" fileid="14" />
                <SequencePoint vc="0" uspid="2632" ordinal="6" offset="45" sl="2017" sc="13" el="2017" ec="14" bec="0" bev="0" fileid="14" />
                <SequencePoint vc="0" uspid="2633" ordinal="7" offset="46" sl="2018" sc="17" el="2018" ec="44" bec="0" bev="0" fileid="14" />
                <SequencePoint vc="0" uspid="2634" ordinal="8" offset="69" sl="2019" sc="17" el="2019" ec="46" bec="0" bev="0" fileid="14" />
                <SequencePoint vc="0" uspid="2635" ordinal="9" offset="92" sl="2020" sc="17" el="2020" ec="26" bec="0" bev="0" fileid="14" />
                <SequencePoint vc="0" uspid="2636" ordinal="10" offset="96" sl="2023" sc="13" el="2023" ec="14" bec="0" bev="0" fileid="14" />
                <SequencePoint vc="0" uspid="2637" ordinal="11" offset="97" sl="2024" sc="17" el="2024" ec="46" bec="0" bev="0" fileid="14" />
                <SequencePoint vc="0" uspid="2638" ordinal="12" offset="106" sl="2025" sc="17" el="2025" ec="29" bec="0" bev="0" fileid="14" />
                <SequencePoint vc="0" uspid="2639" ordinal="13" offset="112" sl="2028" sc="17" el="2028" ec="18" bec="0" bev="0" fileid="14" />
                <SequencePoint vc="0" uspid="2640" ordinal="14" offset="113" sl="2029" sc="21" el="2029" ec="25" bec="0" bev="0" fileid="14" />
                <SequencePoint vc="0" uspid="2641" ordinal="15" offset="119" sl="2030" sc="21" el="2030" ec="39" bec="2" bev="0" fileid="14" />
                <SequencePoint vc="0" uspid="2642" ordinal="16" offset="135" sl="2031" sc="21" el="2031" ec="22" bec="0" bev="0" fileid="14" />
                <SequencePoint vc="0" uspid="2643" ordinal="17" offset="136" sl="2032" sc="25" el="2032" ec="35" bec="0" bev="0" fileid="14" />
                <SequencePoint vc="0" uspid="2644" ordinal="18" offset="140" sl="2034" sc="17" el="2034" ec="18" bec="0" bev="0" fileid="14" />
                <SequencePoint vc="0" uspid="2645" ordinal="19" offset="141" sl="2027" sc="17" el="2027" ec="31" bec="0" bev="0" fileid="14" />
                <SequencePoint vc="0" uspid="2646" ordinal="20" offset="155" sl="2036" sc="17" el="2036" ec="44" bec="0" bev="0" fileid="14" />
                <SequencePoint vc="0" uspid="2647" ordinal="21" offset="178" sl="2037" sc="17" el="2037" ec="46" bec="0" bev="0" fileid="14" />
                <SequencePoint vc="0" uspid="2648" ordinal="22" offset="201" sl="2038" sc="17" el="2038" ec="32" bec="0" bev="0" fileid="14" />
                <SequencePoint vc="0" uspid="2649" ordinal="23" offset="208" sl="2040" sc="9" el="2040" ec="10" bec="0" bev="0" fileid="14" />
              </SequencePoints>
              <BranchPoints>
                <BranchPoint vc="0" uspid="2650" ordinal="0" offset="25" sl="2011" path="0" offsetend="27" fileid="14" />
                <BranchPoint vc="0" uspid="2651" ordinal="1" offset="25" sl="2011" path="1" offsetend="35" fileid="14" />
                <BranchPoint vc="0" uspid="2652" ordinal="2" offset="43" sl="2016" path="0" offsetend="45" fileid="14" />
                <BranchPoint vc="0" uspid="2653" ordinal="3" offset="43" sl="2016" path="1" offsetend="96" fileid="14" />
                <BranchPoint vc="0" uspid="2654" ordinal="4" offset="133" sl="2030" path="0" offsetend="135" fileid="14" />
                <BranchPoint vc="0" uspid="2655" ordinal="5" offset="133" sl="2030" path="1" offsetend="140" fileid="14" />
              </BranchPoints>
              <MethodPoint xsi:type="SequencePoint" vc="0" uspid="2626" ordinal="0" offset="0" sl="2009" sc="9" el="2009" ec="10" bec="0" bev="0" fileid="14" />
            </Method>
            <Method visited="false" cyclomaticComplexity="4" nPathComplexity="8" sequenceCoverage="0" branchCoverage="0" crapScore="20" isConstructor="false" isStatic="true" isGetter="false" isSetter="false">
              <Summary numSequencePoints="19" visitedSequencePoints="0" numBranchPoints="7" visitedBranchPoints="0" sequenceCoverage="0" branchCoverage="0" maxCyclomaticComplexity="4" minCyclomaticComplexity="4" maxCrapScore="20" minCrapScore="20" visitedClasses="0" numClasses="0" visitedMethods="0" numMethods="1" />
              <MetadataToken>100663391</MetadataToken>
              <Name>System.Int32 ExMat.VM.ExVM::IterStringNext(ExMat.Objects.ExObject,ExMat.Objects.ExObject,ExMat.Objects.ExObject,ExMat.Objects.ExObject)</Name>
              <FileRef uid="14" />
              <SequencePoints>
                <SequencePoint vc="0" uspid="2656" ordinal="0" offset="0" sl="2043" sc="9" el="2043" ec="10" bec="0" bev="0" fileid="14" />
                <SequencePoint vc="0" uspid="2657" ordinal="1" offset="1" sl="2044" sc="13" el="2044" ec="40" bec="0" bev="0" fileid="14" />
                <SequencePoint vc="0" uspid="2658" ordinal="2" offset="8" sl="2045" sc="13" el="2045" ec="31" bec="2" bev="0" fileid="14" />
                <SequencePoint vc="0" uspid="2659" ordinal="3" offset="21" sl="2046" sc="13" el="2046" ec="14" bec="0" bev="0" fileid="14" />
                <SequencePoint vc="0" uspid="2660" ordinal="4" offset="22" sl="2047" sc="17" el="2047" ec="27" bec="0" bev="0" fileid="14" />
                <SequencePoint vc="0" uspid="2661" ordinal="5" offset="26" sl="2050" sc="13" el="2050" ec="42" bec="2" bev="0" fileid="14" />
                <SequencePoint vc="0" uspid="2662" ordinal="6" offset="36" sl="2051" sc="13" el="2051" ec="14" bec="0" bev="0" fileid="14" />
                <SequencePoint vc="0" uspid="2663" ordinal="7" offset="37" sl="2052" sc="17" el="2052" ec="32" bec="0" bev="0" fileid="14" />
                <SequencePoint vc="0" uspid="2664" ordinal="8" offset="46" sl="2053" sc="17" el="2053" ec="46" bec="0" bev="0" fileid="14" />
                <SequencePoint vc="0" uspid="2665" ordinal="9" offset="69" sl="2054" sc="17" el="2054" ec="26" bec="0" bev="0" fileid="14" />
                <SequencePoint vc="0" uspid="2666" ordinal="10" offset="73" sl="2057" sc="13" el="2057" ec="14" bec="0" bev="0" fileid="14" />
                <SequencePoint vc="0" uspid="2667" ordinal="11" offset="74" sl="2058" sc="17" el="2058" ec="46" bec="0" bev="0" fileid="14" />
                <SequencePoint vc="0" uspid="2668" ordinal="12" offset="83" sl="2059" sc="17" el="2059" ec="37" bec="2" bev="0" fileid="14" />
                <SequencePoint vc="0" uspid="2669" ordinal="13" offset="102" sl="2060" sc="17" el="2060" ec="18" bec="0" bev="0" fileid="14" />
                <SequencePoint vc="0" uspid="2670" ordinal="14" offset="103" sl="2061" sc="21" el="2061" ec="31" bec="0" bev="0" fileid="14" />
                <SequencePoint vc="0" uspid="2671" ordinal="15" offset="107" sl="2064" sc="17" el="2064" ec="34" bec="0" bev="0" fileid="14" />
                <SequencePoint vc="0" uspid="2672" ordinal="16" offset="117" sl="2065" sc="17" el="2065" ec="48" bec="0" bev="0" fileid="14" />
                <SequencePoint vc="0" uspid="2673" ordinal="17" offset="141" sl="2066" sc="17" el="2066" ec="32" bec="0" bev="0" fileid="14" />
                <SequencePoint vc="0" uspid="2674" ordinal="18" offset="148" sl="2068" sc="9" el="2068" ec="10" bec="0" bev="0" fileid="14" />
              </SequencePoints>
              <BranchPoints>
                <BranchPoint vc="0" uspid="2675" ordinal="0" offset="19" sl="2045" path="0" offsetend="21" fileid="14" />
                <BranchPoint vc="0" uspid="2676" ordinal="1" offset="19" sl="2045" path="1" offsetend="26" fileid="14" />
                <BranchPoint vc="0" uspid="2677" ordinal="2" offset="34" sl="2050" path="0" offsetend="36" fileid="14" />
                <BranchPoint vc="0" uspid="2678" ordinal="3" offset="34" sl="2050" path="1" offsetend="73" fileid="14" />
                <BranchPoint vc="0" uspid="2679" ordinal="4" offset="100" sl="2059" path="0" offsetend="102" fileid="14" />
                <BranchPoint vc="0" uspid="2680" ordinal="5" offset="100" sl="2059" path="1" offsetend="107" fileid="14" />
              </BranchPoints>
              <MethodPoint xsi:type="SequencePoint" vc="0" uspid="2656" ordinal="0" offset="0" sl="2043" sc="9" el="2043" ec="10" bec="0" bev="0" fileid="14" />
            </Method>
            <Method visited="false" cyclomaticComplexity="4" nPathComplexity="8" sequenceCoverage="0" branchCoverage="0" crapScore="20" isConstructor="false" isStatic="true" isGetter="false" isSetter="false">
              <Summary numSequencePoints="19" visitedSequencePoints="0" numBranchPoints="7" visitedBranchPoints="0" sequenceCoverage="0" branchCoverage="0" maxCyclomaticComplexity="4" minCyclomaticComplexity="4" maxCrapScore="20" minCrapScore="20" visitedClasses="0" numClasses="0" visitedMethods="0" numMethods="1" />
              <MetadataToken>100663392</MetadataToken>
              <Name>System.Int32 ExMat.VM.ExVM::IterArrayNext(ExMat.Objects.ExObject,ExMat.Objects.ExObject,ExMat.Objects.ExObject,ExMat.Objects.ExObject)</Name>
              <FileRef uid="14" />
              <SequencePoints>
                <SequencePoint vc="0" uspid="2681" ordinal="0" offset="0" sl="2071" sc="9" el="2071" ec="10" bec="0" bev="0" fileid="14" />
                <SequencePoint vc="0" uspid="2682" ordinal="1" offset="1" sl="2072" sc="13" el="2072" ec="46" bec="0" bev="0" fileid="14" />
                <SequencePoint vc="0" uspid="2683" ordinal="2" offset="8" sl="2073" sc="13" el="2073" ec="30" bec="2" bev="0" fileid="14" />
                <SequencePoint vc="0" uspid="2684" ordinal="3" offset="21" sl="2074" sc="13" el="2074" ec="14" bec="0" bev="0" fileid="14" />
                <SequencePoint vc="0" uspid="2685" ordinal="4" offset="22" sl="2075" sc="17" el="2075" ec="27" bec="0" bev="0" fileid="14" />
                <SequencePoint vc="0" uspid="2686" ordinal="5" offset="26" sl="2078" sc="13" el="2078" ec="42" bec="2" bev="0" fileid="14" />
                <SequencePoint vc="0" uspid="2687" ordinal="6" offset="36" sl="2079" sc="13" el="2079" ec="14" bec="0" bev="0" fileid="14" />
                <SequencePoint vc="0" uspid="2688" ordinal="7" offset="37" sl="2080" sc="17" el="2080" ec="32" bec="0" bev="0" fileid="14" />
                <SequencePoint vc="0" uspid="2689" ordinal="8" offset="46" sl="2081" sc="17" el="2081" ec="35" bec="0" bev="0" fileid="14" />
                <SequencePoint vc="0" uspid="2690" ordinal="9" offset="60" sl="2082" sc="17" el="2082" ec="26" bec="0" bev="0" fileid="14" />
                <SequencePoint vc="0" uspid="2691" ordinal="10" offset="64" sl="2085" sc="13" el="2085" ec="14" bec="0" bev="0" fileid="14" />
                <SequencePoint vc="0" uspid="2692" ordinal="11" offset="65" sl="2086" sc="17" el="2086" ec="46" bec="0" bev="0" fileid="14" />
                <SequencePoint vc="0" uspid="2693" ordinal="12" offset="74" sl="2087" sc="17" el="2087" ec="36" bec="2" bev="0" fileid="14" />
                <SequencePoint vc="0" uspid="2694" ordinal="13" offset="93" sl="2088" sc="17" el="2088" ec="18" bec="0" bev="0" fileid="14" />
                <SequencePoint vc="0" uspid="2695" ordinal="14" offset="94" sl="2089" sc="21" el="2089" ec="31" bec="0" bev="0" fileid="14" />
                <SequencePoint vc="0" uspid="2696" ordinal="15" offset="98" sl="2092" sc="17" el="2092" ec="34" bec="0" bev="0" fileid="14" />
                <SequencePoint vc="0" uspid="2697" ordinal="16" offset="108" sl="2093" sc="17" el="2093" ec="37" bec="0" bev="0" fileid="14" />
                <SequencePoint vc="0" uspid="2698" ordinal="17" offset="123" sl="2094" sc="17" el="2094" ec="32" bec="0" bev="0" fileid="14" />
                <SequencePoint vc="0" uspid="2699" ordinal="18" offset="130" sl="2096" sc="9" el="2096" ec="10" bec="0" bev="0" fileid="14" />
              </SequencePoints>
              <BranchPoints>
                <BranchPoint vc="0" uspid="2700" ordinal="0" offset="19" sl="2073" path="0" offsetend="21" fileid="14" />
                <BranchPoint vc="0" uspid="2701" ordinal="1" offset="19" sl="2073" path="1" offsetend="26" fileid="14" />
                <BranchPoint vc="0" uspid="2702" ordinal="2" offset="34" sl="2078" path="0" offsetend="36" fileid="14" />
                <BranchPoint vc="0" uspid="2703" ordinal="3" offset="34" sl="2078" path="1" offsetend="64" fileid="14" />
                <BranchPoint vc="0" uspid="2704" ordinal="4" offset="91" sl="2087" path="0" offsetend="93" fileid="14" />
                <BranchPoint vc="0" uspid="2705" ordinal="5" offset="91" sl="2087" path="1" offsetend="98" fileid="14" />
              </BranchPoints>
              <MethodPoint xsi:type="SequencePoint" vc="0" uspid="2681" ordinal="0" offset="0" sl="2071" sc="9" el="2071" ec="10" bec="0" bev="0" fileid="14" />
            </Method>
            <Method visited="false" cyclomaticComplexity="8" nPathComplexity="64" sequenceCoverage="0" branchCoverage="0" crapScore="72" isConstructor="false" isStatic="false" isGetter="false" isSetter="false">
              <Summary numSequencePoints="24" visitedSequencePoints="0" numBranchPoints="13" visitedBranchPoints="0" sequenceCoverage="0" branchCoverage="0" maxCyclomaticComplexity="8" minCyclomaticComplexity="8" maxCrapScore="72" minCrapScore="72" visitedClasses="0" numClasses="0" visitedMethods="0" numMethods="1" />
              <MetadataToken>100663393</MetadataToken>
              <Name>System.Boolean ExMat.VM.ExVM::DoForeach(ExMat.Objects.ExObject,ExMat.Objects.ExObject,ExMat.Objects.ExObject,ExMat.Objects.ExObject,System.Int32,System.Int32&amp;)</Name>
              <FileRef uid="14" />
              <SequencePoints>
                <SequencePoint vc="0" uspid="2706" ordinal="0" offset="0" sl="2101" sc="9" el="2101" ec="10" bec="0" bev="0" fileid="14" />
                <SequencePoint vc="0" uspid="2707" ordinal="1" offset="1" sl="2105" sc="13" el="2105" ec="30" bec="7" bev="0" fileid="14" />
                <SequencePoint vc="0" uspid="2708" ordinal="2" offset="68" sl="2108" sc="21" el="2108" ec="22" bec="0" bev="0" fileid="14" />
                <SequencePoint vc="0" uspid="2709" ordinal="3" offset="69" sl="2109" sc="25" el="2109" ec="49" bec="0" bev="0" fileid="14" />
                <SequencePoint vc="0" uspid="2710" ordinal="4" offset="82" sl="2110" sc="25" el="2110" ec="31" bec="0" bev="0" fileid="14" />
                <SequencePoint vc="0" uspid="2711" ordinal="5" offset="84" sl="2113" sc="21" el="2113" ec="22" bec="0" bev="0" fileid="14" />
                <SequencePoint vc="0" uspid="2712" ordinal="6" offset="85" sl="2114" sc="25" el="2114" ec="50" bec="0" bev="0" fileid="14" />
                <SequencePoint vc="0" uspid="2713" ordinal="7" offset="98" sl="2115" sc="25" el="2115" ec="31" bec="0" bev="0" fileid="14" />
                <SequencePoint vc="0" uspid="2714" ordinal="8" offset="100" sl="2118" sc="21" el="2118" ec="22" bec="0" bev="0" fileid="14" />
                <SequencePoint vc="0" uspid="2715" ordinal="9" offset="101" sl="2119" sc="25" el="2119" ec="51" bec="0" bev="0" fileid="14" />
                <SequencePoint vc="0" uspid="2716" ordinal="10" offset="114" sl="2120" sc="25" el="2120" ec="31" bec="0" bev="0" fileid="14" />
                <SequencePoint vc="0" uspid="2717" ordinal="11" offset="116" sl="2125" sc="21" el="2125" ec="22" bec="0" bev="0" fileid="14" />
                <SequencePoint vc="0" uspid="2718" ordinal="12" offset="117" sl="2126" sc="25" el="2126" ec="83" bec="0" bev="0" fileid="14" />
                <SequencePoint vc="0" uspid="2719" ordinal="13" offset="149" sl="2127" sc="25" el="2127" ec="38" bec="0" bev="0" fileid="14" />
                <SequencePoint vc="0" uspid="2720" ordinal="14" offset="154" sl="2132" sc="13" el="2132" ec="64" bec="2" bev="0" fileid="14" />
                <SequencePoint vc="0" uspid="2721" ordinal="15" offset="176" sl="2133" sc="13" el="2133" ec="14" bec="0" bev="0" fileid="14" />
                <SequencePoint vc="0" uspid="2722" ordinal="16" offset="177" sl="2134" sc="17" el="2134" ec="28" bec="0" bev="0" fileid="14" />
                <SequencePoint vc="0" uspid="2723" ordinal="17" offset="182" sl="2135" sc="13" el="2135" ec="14" bec="0" bev="0" fileid="14" />
                <SequencePoint vc="0" uspid="2724" ordinal="18" offset="185" sl="2137" sc="13" el="2137" ec="14" bec="0" bev="0" fileid="14" />
                <SequencePoint vc="0" uspid="2725" ordinal="19" offset="186" sl="2138" sc="17" el="2138" ec="35" bec="0" bev="0" fileid="14" />
                <SequencePoint vc="0" uspid="2726" ordinal="20" offset="196" sl="2139" sc="17" el="2139" ec="25" bec="0" bev="0" fileid="14" />
                <SequencePoint vc="0" uspid="2727" ordinal="21" offset="200" sl="2140" sc="13" el="2140" ec="14" bec="0" bev="0" fileid="14" />
                <SequencePoint vc="0" uspid="2728" ordinal="22" offset="201" sl="2141" sc="13" el="2141" ec="25" bec="0" bev="0" fileid="14" />
                <SequencePoint vc="0" uspid="2729" ordinal="23" offset="206" sl="2142" sc="9" el="2142" ec="10" bec="0" bev="0" fileid="14" />
              </SequencePoints>
              <BranchPoints>
                <BranchPoint vc="0" uspid="2730" ordinal="0" offset="24" sl="2105" path="0" offsetchain="26" offsetend="28" fileid="14" />
                <BranchPoint vc="0" uspid="2731" ordinal="1" offset="24" sl="2105" path="1" offsetend="100" fileid="14" />
                <BranchPoint vc="0" uspid="2732" ordinal="2" offset="34" sl="2105" path="0" offsetchain="36" offsetend="116" fileid="14" />
                <BranchPoint vc="0" uspid="2733" ordinal="3" offset="34" sl="2105" path="1" offsetend="84" fileid="14" />
                <BranchPoint vc="0" uspid="2734" ordinal="4" offset="44" sl="2105" path="0" offsetchain="46" offsetend="48" fileid="14" />
                <BranchPoint vc="0" uspid="2735" ordinal="5" offset="44" sl="2105" path="1" offsetend="68" fileid="14" />
                <BranchPoint vc="0" uspid="2736" ordinal="6" offset="54" sl="2105" path="0" offsetchain="56" offsetend="58" fileid="14" />
                <BranchPoint vc="0" uspid="2737" ordinal="7" offset="54" sl="2105" path="1" offsetend="116" fileid="14" />
                <BranchPoint vc="0" uspid="2738" ordinal="8" offset="64" sl="2105" path="0" offsetchain="66" offsetend="116" fileid="14" />
                <BranchPoint vc="0" uspid="2739" ordinal="9" offset="64" sl="2105" path="1" offsetend="116" fileid="14" />
                <BranchPoint vc="0" uspid="2740" ordinal="10" offset="174" sl="2132" path="0" offsetend="176" fileid="14" />
                <BranchPoint vc="0" uspid="2741" ordinal="11" offset="174" sl="2132" path="1" offsetend="185" fileid="14" />
              </BranchPoints>
              <MethodPoint xsi:type="SequencePoint" vc="0" uspid="2706" ordinal="0" offset="0" sl="2101" sc="9" el="2101" ec="10" bec="0" bev="0" fileid="14" />
            </Method>
            <Method visited="false" cyclomaticComplexity="1" nPathComplexity="0" sequenceCoverage="0" branchCoverage="0" crapScore="2" isConstructor="false" isStatic="false" isGetter="false" isSetter="false">
              <Summary numSequencePoints="4" visitedSequencePoints="0" numBranchPoints="1" visitedBranchPoints="0" sequenceCoverage="0" branchCoverage="0" maxCyclomaticComplexity="1" minCyclomaticComplexity="1" maxCrapScore="2" minCrapScore="2" visitedClasses="0" numClasses="0" visitedMethods="0" numMethods="1" />
              <MetadataToken>100663394</MetadataToken>
              <Name>ExMat.Objects.ExObject ExMat.VM.ExVM::FindSpaceObject(System.Int32)</Name>
              <FileRef uid="14" />
              <SequencePoints>
                <SequencePoint vc="0" uspid="2742" ordinal="0" offset="0" sl="2145" sc="9" el="2145" ec="10" bec="0" bev="0" fileid="14" />
                <SequencePoint vc="0" uspid="2743" ordinal="1" offset="1" sl="2146" sc="13" el="2146" ec="66" bec="0" bev="0" fileid="14" />
                <SequencePoint vc="0" uspid="2744" ordinal="2" offset="29" sl="2147" sc="13" el="2147" ec="58" bec="0" bev="0" fileid="14" />
                <SequencePoint vc="0" uspid="2745" ordinal="3" offset="43" sl="2148" sc="9" el="2148" ec="10" bec="0" bev="0" fileid="14" />
              </SequencePoints>
              <BranchPoints />
              <MethodPoint xsi:type="SequencePoint" vc="0" uspid="2742" ordinal="0" offset="0" sl="2145" sc="9" el="2145" ec="10" bec="0" bev="0" fileid="14" />
            </Method>
            <Method visited="false" cyclomaticComplexity="9" nPathComplexity="128" sequenceCoverage="0" branchCoverage="0" crapScore="90" isConstructor="false" isStatic="false" isGetter="false" isSetter="false">
              <Summary numSequencePoints="27" visitedSequencePoints="0" numBranchPoints="15" visitedBranchPoints="0" sequenceCoverage="0" branchCoverage="0" maxCyclomaticComplexity="9" minCyclomaticComplexity="9" maxCrapScore="90" minCrapScore="90" visitedClasses="0" numClasses="0" visitedMethods="0" numMethods="1" />
              <MetadataToken>100663395</MetadataToken>
              <Name>System.Boolean ExMat.VM.ExVM::FixStackAfterError()</Name>
              <FileRef uid="14" />
              <SequencePoints>
                <SequencePoint vc="0" uspid="2746" ordinal="0" offset="0" sl="2151" sc="9" el="2151" ec="10" bec="0" bev="0" fileid="14" />
                <SequencePoint vc="0" uspid="2747" ordinal="1" offset="1" sl="2152" sc="13" el="2152" ec="28" bec="2" bev="0" fileid="14" />
                <SequencePoint vc="0" uspid="2748" ordinal="2" offset="11" sl="2153" sc="13" el="2153" ec="14" bec="0" bev="0" fileid="14" />
                <SequencePoint vc="0" uspid="2749" ordinal="3" offset="12" sl="2154" sc="17" el="2154" ec="36" bec="0" bev="0" fileid="14" />
                <SequencePoint vc="0" uspid="2750" ordinal="4" offset="19" sl="2155" sc="13" el="2155" ec="14" bec="0" bev="0" fileid="14" />
                <SequencePoint vc="0" uspid="2751" ordinal="5" offset="20" sl="2156" sc="13" el="2156" ec="28" bec="2" bev="0" fileid="14" />
                <SequencePoint vc="0" uspid="2752" ordinal="6" offset="30" sl="2157" sc="13" el="2157" ec="14" bec="0" bev="0" fileid="14" />
                <SequencePoint vc="0" uspid="2753" ordinal="7" offset="31" sl="2158" sc="17" el="2158" ec="30" bec="0" bev="0" fileid="14" />
                <SequencePoint vc="0" uspid="2754" ordinal="8" offset="38" sl="2160" sc="13" el="2160" ec="32" bec="0" bev="0" fileid="14" />
                <SequencePoint vc="0" uspid="2755" ordinal="9" offset="54" sl="2162" sc="13" el="2162" ec="14" bec="0" bev="0" fileid="14" />
                <SequencePoint vc="0" uspid="2756" ordinal="10" offset="55" sl="2163" sc="17" el="2163" ec="80" bec="2" bev="0" fileid="14" />
                <SequencePoint vc="0" uspid="2757" ordinal="11" offset="88" sl="2164" sc="17" el="2164" ec="44" bec="2" bev="0" fileid="14" />
                <SequencePoint vc="0" uspid="2758" ordinal="12" offset="108" sl="2165" sc="17" el="2165" ec="18" bec="0" bev="0" fileid="14" />
                <SequencePoint vc="0" uspid="2759" ordinal="13" offset="109" sl="2166" sc="21" el="2166" ec="131" bec="0" bev="0" fileid="14" />
                <SequencePoint vc="0" uspid="2760" ordinal="14" offset="158" sl="2167" sc="21" el="2167" ec="73" bec="0" bev="0" fileid="14" />
                <SequencePoint vc="0" uspid="2761" ordinal="15" offset="204" sl="2168" sc="17" el="2168" ec="18" bec="0" bev="0" fileid="14" />
                <SequencePoint vc="0" uspid="2762" ordinal="16" offset="205" sl="2170" sc="17" el="2170" ec="35" bec="2" bev="0" fileid="14" />
                <SequencePoint vc="0" uspid="2763" ordinal="17" offset="221" sl="2171" sc="17" el="2171" ec="18" bec="0" bev="0" fileid="14" />
                <SequencePoint vc="0" uspid="2764" ordinal="18" offset="222" sl="2172" sc="21" el="2172" ec="95" bec="0" bev="0" fileid="14" />
                <SequencePoint vc="0" uspid="2765" ordinal="19" offset="236" sl="2173" sc="17" el="2173" ec="18" bec="0" bev="0" fileid="14" />
                <SequencePoint vc="0" uspid="2766" ordinal="20" offset="237" sl="2174" sc="17" el="2174" ec="25" bec="2" bev="0" fileid="14" />
                <SequencePoint vc="0" uspid="2767" ordinal="21" offset="244" sl="2175" sc="17" el="2175" ec="18" bec="0" bev="0" fileid="14" />
                <SequencePoint vc="0" uspid="2768" ordinal="22" offset="245" sl="2176" sc="21" el="2176" ec="27" bec="0" bev="0" fileid="14" />
                <SequencePoint vc="0" uspid="2769" ordinal="23" offset="247" sl="2178" sc="13" el="2178" ec="14" bec="0" bev="0" fileid="14" />
                <SequencePoint vc="0" uspid="2770" ordinal="24" offset="248" sl="2161" sc="13" el="2161" ec="43" bec="2" bev="0" fileid="14" />
                <SequencePoint vc="0" uspid="2771" ordinal="25" offset="271" sl="2180" sc="13" el="2180" ec="26" bec="0" bev="0" fileid="14" />
                <SequencePoint vc="0" uspid="2772" ordinal="26" offset="275" sl="2181" sc="9" el="2181" ec="10" bec="0" bev="0" fileid="14" />
              </SequencePoints>
              <BranchPoints>
                <BranchPoint vc="0" uspid="2773" ordinal="0" offset="9" sl="2152" path="0" offsetend="11" fileid="14" />
                <BranchPoint vc="0" uspid="2774" ordinal="1" offset="9" sl="2152" path="1" offsetend="20" fileid="14" />
                <BranchPoint vc="0" uspid="2775" ordinal="2" offset="28" sl="2156" path="0" offsetend="30" fileid="14" />
                <BranchPoint vc="0" uspid="2776" ordinal="3" offset="28" sl="2156" path="1" offsetend="38" fileid="14" />
                <BranchPoint vc="0" uspid="2777" ordinal="4" offset="66" sl="2163" path="0" offsetend="68" fileid="14" />
                <BranchPoint vc="0" uspid="2778" ordinal="5" offset="66" sl="2163" path="1" offsetend="86" fileid="14" />
                <BranchPoint vc="0" uspid="2779" ordinal="6" offset="106" sl="2164" path="0" offsetend="108" fileid="14" />
                <BranchPoint vc="0" uspid="2780" ordinal="7" offset="106" sl="2164" path="1" offsetend="205" fileid="14" />
                <BranchPoint vc="0" uspid="2781" ordinal="8" offset="219" sl="2170" path="0" offsetend="221" fileid="14" />
                <BranchPoint vc="0" uspid="2782" ordinal="9" offset="219" sl="2170" path="1" offsetend="237" fileid="14" />
                <BranchPoint vc="0" uspid="2783" ordinal="10" offset="242" sl="2174" path="0" offsetend="244" fileid="14" />
                <BranchPoint vc="0" uspid="2784" ordinal="11" offset="242" sl="2174" path="1" offsetend="247" fileid="14" />
                <BranchPoint vc="0" uspid="2785" ordinal="12" offset="266" sl="2161" path="0" offsetend="271" fileid="14" />
                <BranchPoint vc="0" uspid="2786" ordinal="13" offset="266" sl="2161" path="1" offsetend="54" fileid="14" />
              </BranchPoints>
              <MethodPoint xsi:type="SequencePoint" vc="0" uspid="2746" ordinal="0" offset="0" sl="2151" sc="9" el="2151" ec="10" bec="0" bev="0" fileid="14" />
            </Method>
            <Method visited="false" cyclomaticComplexity="156" nPathComplexity="2147483647" sequenceCoverage="0" branchCoverage="0" crapScore="24492" isConstructor="false" isStatic="false" isGetter="false" isSetter="false">
              <Summary numSequencePoints="535" visitedSequencePoints="0" numBranchPoints="246" visitedBranchPoints="0" sequenceCoverage="0" branchCoverage="0" maxCyclomaticComplexity="156" minCyclomaticComplexity="156" maxCrapScore="24492" minCrapScore="24492" visitedClasses="0" numClasses="0" visitedMethods="0" numMethods="1" />
              <MetadataToken>100663396</MetadataToken>
              <Name>System.Boolean ExMat.VM.ExVM::Execute(ExMat.Objects.ExObject,System.Int32,System.Int32,ExMat.Objects.ExObject&amp;)</Name>
              <FileRef uid="14" />
              <SequencePoints>
                <SequencePoint vc="0" uspid="2787" ordinal="0" offset="0" sl="2184" sc="9" el="2184" ec="10" bec="0" bev="0" fileid="14" />
                <SequencePoint vc="0" uspid="2788" ordinal="1" offset="1" sl="2185" sc="13" el="2185" ec="38" bec="2" bev="0" fileid="14" />
                <SequencePoint vc="0" uspid="2789" ordinal="2" offset="26" sl="2186" sc="13" el="2186" ec="14" bec="0" bev="0" fileid="14" />
                <SequencePoint vc="0" uspid="2790" ordinal="3" offset="27" sl="2187" sc="17" el="2187" ec="76" bec="0" bev="0" fileid="14" />
                <SequencePoint vc="0" uspid="2791" ordinal="4" offset="41" sl="2188" sc="13" el="2188" ec="14" bec="0" bev="0" fileid="14" />
                <SequencePoint vc="0" uspid="2792" ordinal="5" offset="42" sl="2190" sc="13" el="2190" ec="42" bec="0" bev="0" fileid="14" />
                <SequencePoint vc="0" uspid="2793" ordinal="6" offset="54" sl="2191" sc="13" el="2191" ec="56" bec="0" bev="0" fileid="14" />
                <SequencePoint vc="0" uspid="2794" ordinal="7" offset="61" sl="2193" sc="13" el="2193" ec="109" bec="2" bev="0" fileid="14" />
                <SequencePoint vc="0" uspid="2795" ordinal="8" offset="96" sl="2194" sc="13" el="2194" ec="14" bec="0" bev="0" fileid="14" />
                <SequencePoint vc="0" uspid="2796" ordinal="9" offset="97" sl="2195" sc="17" el="2195" ec="30" bec="0" bev="0" fileid="14" />
                <SequencePoint vc="0" uspid="2797" ordinal="10" offset="105" sl="2198" sc="13" el="2198" ec="42" bec="2" bev="0" fileid="14" />
                <SequencePoint vc="0" uspid="2798" ordinal="11" offset="120" sl="2199" sc="13" el="2199" ec="14" bec="0" bev="0" fileid="14" />
                <SequencePoint vc="0" uspid="2799" ordinal="12" offset="121" sl="2200" sc="17" el="2200" ec="79" bec="0" bev="0" fileid="14" />
                <SequencePoint vc="0" uspid="2800" ordinal="13" offset="152" sl="2201" sc="17" el="2201" ec="29" bec="0" bev="0" fileid="14" />
                <SequencePoint vc="0" uspid="2801" ordinal="14" offset="160" sl="2203" sc="13" el="2203" ec="46" bec="0" bev="0" fileid="14" />
                <SequencePoint vc="0" uspid="2802" ordinal="15" offset="182" sl="2207" sc="13" el="2207" ec="14" bec="0" bev="0" fileid="14" />
                <SequencePoint vc="0" uspid="2803" ordinal="16" offset="183" sl="2208" sc="17" el="2208" ec="32" bec="2" bev="0" fileid="14" />
                <SequencePoint vc="0" uspid="2804" ordinal="17" offset="195" sl="2209" sc="17" el="2209" ec="18" bec="0" bev="0" fileid="14" />
                <SequencePoint vc="0" uspid="2805" ordinal="18" offset="196" sl="2210" sc="21" el="2210" ec="47" bec="0" bev="0" fileid="14" />
                <SequencePoint vc="0" uspid="2806" ordinal="19" offset="215" sl="2213" sc="17" el="2214" ec="60" bec="4" bev="0" fileid="14" />
                <SequencePoint vc="0" uspid="2807" ordinal="20" offset="256" sl="2215" sc="17" el="2215" ec="18" bec="0" bev="0" fileid="14" />
                <SequencePoint vc="0" uspid="2808" ordinal="21" offset="257" sl="2216" sc="21" el="2216" ec="33" bec="0" bev="0" fileid="14" />
                <SequencePoint vc="0" uspid="2809" ordinal="22" offset="265" sl="2219" sc="17" el="2220" ec="61" bec="4" bev="0" fileid="14" />
                <SequencePoint vc="0" uspid="2810" ordinal="23" offset="332" sl="2221" sc="17" el="2221" ec="18" bec="0" bev="0" fileid="14" />
                <SequencePoint vc="0" uspid="2811" ordinal="24" offset="333" sl="2222" sc="21" el="2222" ec="34" bec="0" bev="0" fileid="14" />
                <SequencePoint vc="0" uspid="2812" ordinal="25" offset="341" sl="2226" sc="17" el="2226" ec="103" bec="0" bev="0" fileid="14" />
                <SequencePoint vc="0" uspid="2813" ordinal="26" offset="391" sl="2228" sc="17" el="2228" ec="40" bec="54" bev="0" fileid="14" />
                <SequencePoint vc="0" uspid="2814" ordinal="27" offset="686" sl="2231" sc="25" el="2231" ec="26" bec="0" bev="0" fileid="14" />
                <SequencePoint vc="0" uspid="2815" ordinal="28" offset="687" sl="2232" sc="29" el="2232" ec="84" bec="0" bev="0" fileid="14" />
                <SequencePoint vc="0" uspid="2816" ordinal="29" offset="708" sl="2233" sc="29" el="2233" ec="38" bec="0" bev="0" fileid="14" />
                <SequencePoint vc="0" uspid="2817" ordinal="30" offset="713" sl="2236" sc="25" el="2236" ec="26" bec="0" bev="0" fileid="14" />
                <SequencePoint vc="0" uspid="2818" ordinal="31" offset="714" sl="2237" sc="29" el="2237" ec="111" bec="0" bev="0" fileid="14" />
                <SequencePoint vc="0" uspid="2819" ordinal="32" offset="757" sl="2238" sc="29" el="2238" ec="38" bec="0" bev="0" fileid="14" />
                <SequencePoint vc="0" uspid="2820" ordinal="33" offset="762" sl="2241" sc="25" el="2241" ec="26" bec="0" bev="0" fileid="14" />
                <SequencePoint vc="0" uspid="2821" ordinal="34" offset="763" sl="2242" sc="29" el="2242" ec="55" bec="2" bev="0" fileid="14" />
                <SequencePoint vc="0" uspid="2822" ordinal="35" offset="780" sl="2243" sc="29" el="2243" ec="30" bec="0" bev="0" fileid="14" />
                <SequencePoint vc="0" uspid="2823" ordinal="36" offset="781" sl="2244" sc="33" el="2244" ec="133" bec="0" bev="0" fileid="14" />
                <SequencePoint vc="0" uspid="2824" ordinal="37" offset="838" sl="2245" sc="29" el="2245" ec="30" bec="0" bev="0" fileid="14" />
                <SequencePoint vc="0" uspid="2825" ordinal="38" offset="841" sl="2247" sc="29" el="2247" ec="30" bec="0" bev="0" fileid="14" />
                <SequencePoint vc="0" uspid="2826" ordinal="39" offset="842" sl="2248" sc="33" el="2248" ec="106" bec="0" bev="0" fileid="14" />
                <SequencePoint vc="0" uspid="2827" ordinal="40" offset="878" sl="2249" sc="29" el="2249" ec="30" bec="0" bev="0" fileid="14" />
                <SequencePoint vc="0" uspid="2828" ordinal="41" offset="879" sl="2250" sc="29" el="2250" ec="38" bec="0" bev="0" fileid="14" />
                <SequencePoint vc="0" uspid="2829" ordinal="42" offset="884" sl="2253" sc="25" el="2253" ec="26" bec="0" bev="0" fileid="14" />
                <SequencePoint vc="0" uspid="2830" ordinal="43" offset="885" sl="2255" sc="29" el="2255" ec="89" bec="0" bev="0" fileid="14" />
                <SequencePoint vc="0" uspid="2831" ordinal="44" offset="910" sl="2256" sc="29" el="2256" ec="38" bec="0" bev="0" fileid="14" />
                <SequencePoint vc="0" uspid="2832" ordinal="45" offset="915" sl="2259" sc="25" el="2259" ec="26" bec="0" bev="0" fileid="14" />
                <SequencePoint vc="0" uspid="2833" ordinal="46" offset="916" sl="2260" sc="29" el="2260" ec="106" bec="0" bev="0" fileid="14" />
                <SequencePoint vc="0" uspid="2834" ordinal="47" offset="944" sl="2261" sc="29" el="2261" ec="38" bec="0" bev="0" fileid="14" />
                <SequencePoint vc="0" uspid="2835" ordinal="48" offset="949" sl="2264" sc="25" el="2264" ec="26" bec="0" bev="0" fileid="14" />
                <SequencePoint vc="0" uspid="2836" ordinal="49" offset="950" sl="2265" sc="29" el="2265" ec="114" bec="0" bev="0" fileid="14" />
                <SequencePoint vc="0" uspid="2837" ordinal="50" offset="993" sl="2266" sc="29" el="2266" ec="38" bec="0" bev="0" fileid="14" />
                <SequencePoint vc="0" uspid="2838" ordinal="51" offset="998" sl="2269" sc="25" el="2269" ec="26" bec="0" bev="0" fileid="14" />
                <SequencePoint vc="0" uspid="2839" ordinal="52" offset="999" sl="2270" sc="29" el="2270" ec="114" bec="0" bev="0" fileid="14" />
                <SequencePoint vc="0" uspid="2840" ordinal="53" offset="1042" sl="2271" sc="29" el="2271" ec="119" bec="0" bev="0" fileid="14" />
                <SequencePoint vc="0" uspid="2841" ordinal="54" offset="1090" sl="2272" sc="29" el="2272" ec="38" bec="0" bev="0" fileid="14" />
                <SequencePoint vc="0" uspid="2842" ordinal="55" offset="1095" sl="2275" sc="25" el="2275" ec="26" bec="0" bev="0" fileid="14" />
                <SequencePoint vc="0" uspid="2843" ordinal="56" offset="1096" sl="2276" sc="29" el="2276" ec="79" bec="0" bev="0" fileid="14" />
                <SequencePoint vc="0" uspid="2844" ordinal="57" offset="1111" sl="2277" sc="29" el="2277" ec="63" bec="2" bev="0" fileid="14" />
                <SequencePoint vc="0" uspid="2845" ordinal="58" offset="1134" sl="2278" sc="29" el="2278" ec="30" bec="0" bev="0" fileid="14" />
                <SequencePoint vc="0" uspid="2846" ordinal="59" offset="1135" sl="2279" sc="33" el="2279" ec="55" bec="0" bev="0" fileid="14" />
                <SequencePoint vc="0" uspid="2847" ordinal="60" offset="1144" sl="2280" sc="33" el="2280" ec="52" bec="2" bev="0" fileid="14" />
                <SequencePoint vc="0" uspid="2848" ordinal="61" offset="1159" sl="2281" sc="33" el="2281" ec="34" bec="0" bev="0" fileid="14" />
                <SequencePoint vc="0" uspid="2849" ordinal="62" offset="1160" sl="2282" sc="37" el="2282" ec="60" bec="0" bev="0" fileid="14" />
                <SequencePoint vc="0" uspid="2850" ordinal="63" offset="1173" sl="2283" sc="33" el="2283" ec="34" bec="0" bev="0" fileid="14" />
                <SequencePoint vc="0" uspid="2851" ordinal="64" offset="1174" sl="2284" sc="38" el="2284" ec="47" bec="0" bev="0" fileid="14" />
                <SequencePoint vc="0" uspid="2852" ordinal="65" offset="1179" sl="2285" sc="33" el="2285" ec="34" bec="0" bev="0" fileid="14" />
                <SequencePoint vc="0" uspid="2853" ordinal="66" offset="1180" sl="2286" sc="37" el="2286" ec="104" bec="0" bev="0" fileid="14" />
                <SequencePoint vc="0" uspid="2854" ordinal="67" offset="1211" sl="2287" sc="33" el="2287" ec="34" bec="0" bev="0" fileid="14" />
                <SequencePoint vc="0" uspid="2855" ordinal="68" offset="1212" sl="2284" sc="71" el="2284" ec="74" bec="0" bev="0" fileid="14" />
                <SequencePoint vc="0" uspid="2856" ordinal="69" offset="1218" sl="2284" sc="49" el="2284" ec="69" bec="0" bev="0" fileid="14" />
                <SequencePoint vc="0" uspid="2857" ordinal="70" offset="1236" sl="2288" sc="33" el="2288" ec="122" bec="2" bev="0" fileid="14" />
                <SequencePoint vc="0" uspid="2858" ordinal="71" offset="1290" sl="2289" sc="33" el="2289" ec="34" bec="0" bev="0" fileid="14" />
                <SequencePoint vc="0" uspid="2859" ordinal="72" offset="1291" sl="2290" sc="37" el="2290" ec="65" bec="0" bev="0" fileid="14" />
                <SequencePoint vc="0" uspid="2860" ordinal="73" offset="1304" sl="2292" sc="33" el="2292" ec="42" bec="0" bev="0" fileid="14" />
                <SequencePoint vc="0" uspid="2861" ordinal="74" offset="1309" sl="2294" sc="29" el="2294" ec="60" bec="0" bev="0" fileid="14" />
                <SequencePoint vc="0" uspid="2862" ordinal="75" offset="1311" sl="2297" sc="25" el="2297" ec="26" bec="0" bev="0" fileid="14" />
                <SequencePoint vc="0" uspid="2863" ordinal="76" offset="1312" sl="2298" sc="29" el="2298" ec="79" bec="0" bev="0" fileid="14" />
                <SequencePoint vc="0" uspid="2864" ordinal="77" offset="1327" sl="2299" sc="29" el="2299" ec="46" bec="9" bev="0" fileid="14" />
                <SequencePoint vc="0" uspid="2865" ordinal="78" offset="1419" sl="2302" sc="37" el="2302" ec="38" bec="0" bev="0" fileid="14" />
                <SequencePoint vc="0" uspid="2866" ordinal="79" offset="1420" sl="2303" sc="41" el="2303" ec="147" bec="2" bev="0" fileid="14" />
                <SequencePoint vc="0" uspid="2867" ordinal="80" offset="1472" sl="2304" sc="41" el="2304" ec="42" bec="0" bev="0" fileid="14" />
                <SequencePoint vc="0" uspid="2868" ordinal="81" offset="1473" sl="2305" sc="45" el="2305" ec="73" bec="0" bev="0" fileid="14" />
                <SequencePoint vc="0" uspid="2869" ordinal="82" offset="1486" sl="2307" sc="41" el="2307" ec="50" bec="0" bev="0" fileid="14" />
                <SequencePoint vc="0" uspid="2870" ordinal="83" offset="1491" sl="2310" sc="37" el="2310" ec="38" bec="0" bev="0" fileid="14" />
                <SequencePoint vc="0" uspid="2871" ordinal="84" offset="1492" sl="2311" sc="41" el="2311" ec="133" bec="2" bev="0" fileid="14" />
                <SequencePoint vc="0" uspid="2872" ordinal="85" offset="1538" sl="2312" sc="41" el="2312" ec="42" bec="0" bev="0" fileid="14" />
                <SequencePoint vc="0" uspid="2873" ordinal="86" offset="1539" sl="2313" sc="45" el="2313" ec="73" bec="0" bev="0" fileid="14" />
                <SequencePoint vc="0" uspid="2874" ordinal="87" offset="1552" sl="2316" sc="41" el="2316" ec="87" bec="2" bev="0" fileid="14" />
                <SequencePoint vc="0" uspid="2875" ordinal="88" offset="1576" sl="2317" sc="41" el="2317" ec="42" bec="0" bev="0" fileid="14" />
                <SequencePoint vc="0" uspid="2876" ordinal="89" offset="1577" sl="2318" sc="45" el="2318" ec="92" bec="0" bev="0" fileid="14" />
                <SequencePoint vc="0" uspid="2877" ordinal="90" offset="1598" sl="2319" sc="41" el="2319" ec="42" bec="0" bev="0" fileid="14" />
                <SequencePoint vc="0" uspid="2878" ordinal="91" offset="1599" sl="2320" sc="41" el="2320" ec="50" bec="0" bev="0" fileid="14" />
                <SequencePoint vc="0" uspid="2879" ordinal="92" offset="1604" sl="2323" sc="37" el="2323" ec="38" bec="0" bev="0" fileid="14" />
                <SequencePoint vc="0" uspid="2880" ordinal="93" offset="1605" sl="2324" sc="41" el="2324" ec="67" bec="0" bev="0" fileid="14" />
                <SequencePoint vc="0" uspid="2881" ordinal="94" offset="1612" sl="2325" sc="41" el="2325" ec="118" bec="2" bev="0" fileid="14" />
                <SequencePoint vc="0" uspid="2882" ordinal="95" offset="1638" sl="2326" sc="41" el="2326" ec="42" bec="0" bev="0" fileid="14" />
                <SequencePoint vc="0" uspid="2883" ordinal="96" offset="1639" sl="2327" sc="45" el="2327" ec="73" bec="0" bev="0" fileid="14" />
                <SequencePoint vc="0" uspid="2884" ordinal="97" offset="1652" sl="2329" sc="41" el="2329" ec="68" bec="2" bev="0" fileid="14" />
                <SequencePoint vc="0" uspid="2885" ordinal="98" offset="1672" sl="2330" sc="41" el="2330" ec="42" bec="0" bev="0" fileid="14" />
                <SequencePoint vc="0" uspid="2886" ordinal="99" offset="1673" sl="2331" sc="45" el="2331" ec="97" bec="0" bev="0" fileid="14" />
                <SequencePoint vc="0" uspid="2887" ordinal="100" offset="1694" sl="2332" sc="41" el="2332" ec="42" bec="0" bev="0" fileid="14" />
                <SequencePoint vc="0" uspid="2888" ordinal="101" offset="1695" sl="2335" sc="41" el="2335" ec="66" bec="4" bev="0" fileid="14" />
                <SequencePoint vc="0" uspid="2889" ordinal="102" offset="1733" sl="2338" sc="49" el="2338" ec="50" bec="0" bev="0" fileid="14" />
                <SequencePoint vc="0" uspid="2890" ordinal="103" offset="1734" sl="2339" sc="53" el="2339" ec="95" bec="0" bev="0" fileid="14" />
                <SequencePoint vc="0" uspid="2891" ordinal="104" offset="1751" sl="2340" sc="53" el="2340" ec="83" bec="0" bev="0" fileid="14" />
                <SequencePoint vc="0" uspid="2892" ordinal="105" offset="1768" sl="2341" sc="53" el="2341" ec="130" bec="2" bev="0" fileid="14" />
                <SequencePoint vc="0" uspid="2893" ordinal="106" offset="1803" sl="2342" sc="53" el="2342" ec="54" bec="0" bev="0" fileid="14" />
                <SequencePoint vc="0" uspid="2894" ordinal="107" offset="1804" sl="2343" sc="57" el="2343" ec="85" bec="0" bev="0" fileid="14" />
                <SequencePoint vc="0" uspid="2895" ordinal="108" offset="1817" sl="2345" sc="53" el="2345" ec="59" bec="0" bev="0" fileid="14" />
                <SequencePoint vc="0" uspid="2896" ordinal="109" offset="1819" sl="2348" sc="49" el="2348" ec="50" bec="0" bev="0" fileid="14" />
                <SequencePoint vc="0" uspid="2897" ordinal="110" offset="1820" sl="2349" sc="53" el="2349" ec="95" bec="0" bev="0" fileid="14" />
                <SequencePoint vc="0" uspid="2898" ordinal="111" offset="1837" sl="2350" sc="53" el="2350" ec="83" bec="0" bev="0" fileid="14" />
                <SequencePoint vc="0" uspid="2899" ordinal="112" offset="1854" sl="2351" sc="53" el="2351" ec="138" bec="2" bev="0" fileid="14" />
                <SequencePoint vc="0" uspid="2900" ordinal="113" offset="1888" sl="2352" sc="53" el="2352" ec="54" bec="0" bev="0" fileid="14" />
                <SequencePoint vc="0" uspid="2901" ordinal="114" offset="1889" sl="2353" sc="57" el="2353" ec="85" bec="0" bev="0" fileid="14" />
                <SequencePoint vc="0" uspid="2902" ordinal="115" offset="1902" sl="2355" sc="53" el="2355" ec="59" bec="0" bev="0" fileid="14" />
                <SequencePoint vc="0" uspid="2903" ordinal="116" offset="1904" sl="2358" sc="41" el="2358" ec="47" bec="0" bev="0" fileid="14" />
                <SequencePoint vc="0" uspid="2904" ordinal="117" offset="1909" sl="2361" sc="37" el="2361" ec="38" bec="0" bev="0" fileid="14" />
                <SequencePoint vc="0" uspid="2905" ordinal="118" offset="1910" sl="2362" sc="41" el="2362" ec="62" bec="0" bev="0" fileid="14" />
                <SequencePoint vc="0" uspid="2906" ordinal="119" offset="1913" sl="2363" sc="41" el="2363" ec="101" bec="2" bev="0" fileid="14" />
                <SequencePoint vc="0" uspid="2907" ordinal="120" offset="1938" sl="2364" sc="41" el="2364" ec="42" bec="0" bev="0" fileid="14" />
                <SequencePoint vc="0" uspid="2908" ordinal="121" offset="1939" sl="2365" sc="45" el="2365" ec="55" bec="0" bev="0" fileid="14" />
                <SequencePoint vc="0" uspid="2909" ordinal="122" offset="1948" sl="2366" sc="50" el="2366" ec="59" bec="0" bev="0" fileid="14" />
                <SequencePoint vc="0" uspid="2910" ordinal="123" offset="1953" sl="2367" sc="45" el="2367" ec="46" bec="0" bev="0" fileid="14" />
                <SequencePoint vc="0" uspid="2911" ordinal="124" offset="1954" sl="2368" sc="49" el="2368" ec="94" bec="0" bev="0" fileid="14" />
                <SequencePoint vc="0" uspid="2912" ordinal="125" offset="1978" sl="2369" sc="45" el="2369" ec="46" bec="0" bev="0" fileid="14" />
                <SequencePoint vc="0" uspid="2913" ordinal="126" offset="1979" sl="2366" sc="83" el="2366" ec="86" bec="0" bev="0" fileid="14" />
                <SequencePoint vc="0" uspid="2914" ordinal="127" offset="1985" sl="2366" sc="61" el="2366" ec="81" bec="0" bev="0" fileid="14" />
                <SequencePoint vc="0" uspid="2915" ordinal="128" offset="2003" sl="2371" sc="45" el="2371" ec="100" bec="2" bev="0" fileid="14" />
                <SequencePoint vc="0" uspid="2916" ordinal="129" offset="2032" sl="2372" sc="45" el="2372" ec="46" bec="0" bev="0" fileid="14" />
                <SequencePoint vc="0" uspid="2917" ordinal="130" offset="2033" sl="2373" sc="49" el="2373" ec="94" bec="0" bev="0" fileid="14" />
                <SequencePoint vc="0" uspid="2918" ordinal="131" offset="2045" sl="2374" sc="49" el="2374" ec="77" bec="0" bev="0" fileid="14" />
                <SequencePoint vc="0" uspid="2919" ordinal="132" offset="2058" sl="2377" sc="45" el="2377" ec="72" bec="2" bev="0" fileid="14" />
                <SequencePoint vc="0" uspid="2920" ordinal="133" offset="2078" sl="2378" sc="45" el="2378" ec="46" bec="0" bev="0" fileid="14" />
                <SequencePoint vc="0" uspid="2921" ordinal="134" offset="2079" sl="2379" sc="49" el="2379" ec="96" bec="0" bev="0" fileid="14" />
                <SequencePoint vc="0" uspid="2922" ordinal="135" offset="2100" sl="2380" sc="45" el="2380" ec="46" bec="0" bev="0" fileid="14" />
                <SequencePoint vc="0" uspid="2923" ordinal="136" offset="2101" sl="2381" sc="45" el="2381" ec="51" bec="0" bev="0" fileid="14" />
                <SequencePoint vc="0" uspid="2924" ordinal="137" offset="2106" sl="2383" sc="41" el="2383" ec="54" bec="0" bev="0" fileid="14" />
                <SequencePoint vc="0" uspid="2925" ordinal="138" offset="2111" sl="2386" sc="37" el="2386" ec="38" bec="0" bev="0" fileid="14" />
                <SequencePoint vc="0" uspid="2926" ordinal="139" offset="2112" sl="2387" sc="41" el="2387" ec="104" bec="0" bev="0" fileid="14" />
                <SequencePoint vc="0" uspid="2927" ordinal="140" offset="2132" sl="2388" sc="41" el="2388" ec="72" bec="0" bev="0" fileid="14" />
                <SequencePoint vc="0" uspid="2928" ordinal="141" offset="2141" sl="2390" sc="41" el="2390" ec="70" bec="0" bev="0" fileid="14" />
                <SequencePoint vc="0" uspid="2929" ordinal="142" offset="2150" sl="2391" sc="41" el="2391" ec="82" bec="0" bev="0" fileid="14" />
                <SequencePoint vc="0" uspid="2930" ordinal="143" offset="2162" sl="2392" sc="41" el="2392" ec="65" bec="2" bev="0" fileid="14" />
                <SequencePoint vc="0" uspid="2931" ordinal="144" offset="2174" sl="2393" sc="41" el="2393" ec="42" bec="0" bev="0" fileid="14" />
                <SequencePoint vc="0" uspid="2932" ordinal="145" offset="2175" sl="2394" sc="45" el="2394" ec="120" bec="0" bev="0" fileid="14" />
                <SequencePoint vc="0" uspid="2933" ordinal="146" offset="2204" sl="2395" sc="45" el="2395" ec="73" bec="0" bev="0" fileid="14" />
                <SequencePoint vc="0" uspid="2934" ordinal="147" offset="2217" sl="2398" sc="41" el="2398" ec="60" bec="0" bev="0" fileid="14" />
                <SequencePoint vc="0" uspid="2935" ordinal="148" offset="2221" sl="2399" sc="41" el="2399" ec="72" bec="0" bev="0" fileid="14" />
                <SequencePoint vc="0" uspid="2936" ordinal="149" offset="2231" sl="2400" sc="41" el="2400" ec="55" bec="0" bev="0" fileid="14" />
                <SequencePoint vc="0" uspid="2937" ordinal="150" offset="2239" sl="2402" sc="41" el="2402" ec="42" bec="0" bev="0" fileid="14" />
                <SequencePoint vc="0" uspid="2938" ordinal="151" offset="2240" sl="2403" sc="45" el="2403" ec="71" bec="2" bev="0" fileid="14" />
                <SequencePoint vc="0" uspid="2939" ordinal="152" offset="2256" sl="2404" sc="45" el="2404" ec="46" bec="0" bev="0" fileid="14" />
                <SequencePoint vc="0" uspid="2940" ordinal="153" offset="2257" sl="2405" sc="49" el="2405" ec="93" bec="0" bev="0" fileid="14" />
                <SequencePoint vc="0" uspid="2941" ordinal="154" offset="2270" sl="2406" sc="49" el="2406" ec="83" bec="2" bev="0" fileid="14" />
                <SequencePoint vc="0" uspid="2942" ordinal="155" offset="2293" sl="2407" sc="49" el="2407" ec="50" bec="0" bev="0" fileid="14" />
                <SequencePoint vc="0" uspid="2943" ordinal="156" offset="2294" sl="2408" sc="53" el="2408" ec="115" bec="0" bev="0" fileid="14" />
                <SequencePoint vc="0" uspid="2944" ordinal="157" offset="2306" sl="2409" sc="53" el="2409" ec="81" bec="0" bev="0" fileid="14" />
                <SequencePoint vc="0" uspid="2945" ordinal="158" offset="2319" sl="2411" sc="49" el="2411" ec="75" bec="0" bev="0" fileid="14" />
                <SequencePoint vc="0" uspid="2946" ordinal="159" offset="2329" sl="2412" sc="49" el="2412" ec="59" bec="2" bev="0" fileid="14" />
                <SequencePoint vc="0" uspid="2947" ordinal="160" offset="2340" sl="2413" sc="49" el="2413" ec="50" bec="0" bev="0" fileid="14" />
                <SequencePoint vc="0" uspid="2948" ordinal="161" offset="2341" sl="2414" sc="53" el="2414" ec="60" bec="0" bev="0" fileid="14" />
                <SequencePoint vc="0" uspid="2949" ordinal="162" offset="2344" sl="2415" sc="49" el="2415" ec="50" bec="0" bev="0" fileid="14" />
                <SequencePoint vc="0" uspid="2950" ordinal="163" offset="2345" sl="2416" sc="49" el="2416" ec="69" bec="0" bev="0" fileid="14" />
                <SequencePoint vc="0" uspid="2951" ordinal="164" offset="2354" sl="2417" sc="49" el="2417" ec="60" bec="0" bev="0" fileid="14" />
                <SequencePoint vc="0" uspid="2952" ordinal="165" offset="2360" sl="2418" sc="49" el="2418" ec="57" bec="0" bev="0" fileid="14" />
                <SequencePoint vc="0" uspid="2953" ordinal="166" offset="2366" sl="2419" sc="45" el="2419" ec="46" bec="0" bev="0" fileid="14" />
                <SequencePoint vc="0" uspid="2954" ordinal="167" offset="2367" sl="2420" sc="45" el="2420" ec="65" bec="0" bev="0" fileid="14" />
                <SequencePoint vc="0" uspid="2955" ordinal="168" offset="2376" sl="2421" sc="41" el="2421" ec="42" bec="0" bev="0" fileid="14" />
                <SequencePoint vc="0" uspid="2956" ordinal="169" offset="2377" sl="2401" sc="41" el="2401" ec="78" bec="4" bev="0" fileid="14" />
                <SequencePoint vc="0" uspid="2957" ordinal="170" offset="2398" sl="2423" sc="41" el="2423" ec="87" bec="0" bev="0" fileid="14" />
                <SequencePoint vc="0" uspid="2958" ordinal="171" offset="2419" sl="2424" sc="41" el="2424" ec="47" bec="0" bev="0" fileid="14" />
                <SequencePoint vc="0" uspid="2959" ordinal="172" offset="2421" sl="2427" sc="37" el="2427" ec="38" bec="0" bev="0" fileid="14" />
                <SequencePoint vc="0" uspid="2960" ordinal="173" offset="2422" sl="2428" sc="41" el="2428" ec="101" bec="0" bev="0" fileid="14" />
                <SequencePoint vc="0" uspid="2961" ordinal="174" offset="2457" sl="2429" sc="41" el="2429" ec="69" bec="0" bev="0" fileid="14" />
                <SequencePoint vc="0" uspid="2962" ordinal="175" offset="2470" sl="2432" sc="29" el="2432" ec="38" bec="0" bev="0" fileid="14" />
                <SequencePoint vc="0" uspid="2963" ordinal="176" offset="2475" sl="2436" sc="25" el="2436" ec="26" bec="0" bev="0" fileid="14" />
                <SequencePoint vc="0" uspid="2964" ordinal="177" offset="2476" sl="2438" sc="29" el="2438" ec="175" bec="2" bev="0" fileid="14" />
                <SequencePoint vc="0" uspid="2965" ordinal="178" offset="2533" sl="2440" sc="29" el="2440" ec="82" bec="0" bev="0" fileid="14" />
                <SequencePoint vc="0" uspid="2966" ordinal="179" offset="2548" sl="2442" sc="29" el="2442" ec="111" bec="2" bev="0" fileid="14" />
                <SequencePoint vc="0" uspid="2967" ordinal="180" offset="2583" sl="2443" sc="29" el="2443" ec="30" bec="0" bev="0" fileid="14" />
                <SequencePoint vc="0" uspid="2968" ordinal="181" offset="2584" sl="2444" sc="33" el="2444" ec="105" bec="0" bev="0" fileid="14" />
                <SequencePoint vc="0" uspid="2969" ordinal="182" offset="2613" sl="2445" sc="33" el="2445" ec="61" bec="0" bev="0" fileid="14" />
                <SequencePoint vc="0" uspid="2970" ordinal="183" offset="2626" sl="2448" sc="29" el="2448" ec="79" bec="0" bev="0" fileid="14" />
                <SequencePoint vc="0" uspid="2971" ordinal="184" offset="2647" sl="2449" sc="29" el="2449" ec="87" bec="0" bev="0" fileid="14" />
                <SequencePoint vc="0" uspid="2972" ordinal="185" offset="2667" sl="2450" sc="29" el="2450" ec="38" bec="0" bev="0" fileid="14" />
                <SequencePoint vc="0" uspid="2973" ordinal="186" offset="2672" sl="2453" sc="25" el="2453" ec="26" bec="0" bev="0" fileid="14" />
                <SequencePoint vc="0" uspid="2974" ordinal="187" offset="2673" sl="2454" sc="29" el="2454" ec="107" bec="0" bev="0" fileid="14" />
                <SequencePoint vc="0" uspid="2975" ordinal="188" offset="2705" sl="2455" sc="29" el="2455" ec="107" bec="0" bev="0" fileid="14" />
                <SequencePoint vc="0" uspid="2976" ordinal="189" offset="2737" sl="2456" sc="29" el="2456" ec="38" bec="0" bev="0" fileid="14" />
                <SequencePoint vc="0" uspid="2977" ordinal="190" offset="2742" sl="2459" sc="25" el="2459" ec="26" bec="0" bev="0" fileid="14" />
                <SequencePoint vc="0" uspid="2978" ordinal="191" offset="2743" sl="2462" sc="29" el="2462" ec="102" bec="0" bev="0" fileid="14" />
                <SequencePoint vc="0" uspid="2979" ordinal="192" offset="2770" sl="2463" sc="29" el="2463" ec="38" bec="0" bev="0" fileid="14" />
                <SequencePoint vc="0" uspid="2980" ordinal="193" offset="2775" sl="2466" sc="25" el="2466" ec="26" bec="0" bev="0" fileid="14" />
                <SequencePoint vc="0" uspid="2981" ordinal="194" offset="2776" sl="2472" sc="29" el="2472" ec="157" bec="2" bev="0" fileid="14" />
                <SequencePoint vc="0" uspid="2982" ordinal="195" offset="2831" sl="2473" sc="29" el="2473" ec="30" bec="0" bev="0" fileid="14" />
                <SequencePoint vc="0" uspid="2983" ordinal="196" offset="2832" sl="2474" sc="33" el="2474" ec="61" bec="0" bev="0" fileid="14" />
                <SequencePoint vc="0" uspid="2984" ordinal="197" offset="2845" sl="2476" sc="29" el="2476" ec="75" bec="2" bev="0" fileid="14" />
                <SequencePoint vc="0" uspid="2985" ordinal="198" offset="2869" sl="2477" sc="29" el="2477" ec="30" bec="0" bev="0" fileid="14" />
                <SequencePoint vc="0" uspid="2986" ordinal="199" offset="2870" sl="2478" sc="33" el="2478" ec="106" bec="0" bev="0" fileid="14" />
                <SequencePoint vc="0" uspid="2987" ordinal="200" offset="2897" sl="2479" sc="29" el="2479" ec="30" bec="0" bev="0" fileid="14" />
                <SequencePoint vc="0" uspid="2988" ordinal="201" offset="2898" sl="2480" sc="29" el="2480" ec="38" bec="0" bev="0" fileid="14" />
                <SequencePoint vc="0" uspid="2989" ordinal="202" offset="2903" sl="2483" sc="25" el="2483" ec="26" bec="0" bev="0" fileid="14" />
                <SequencePoint vc="0" uspid="2990" ordinal="203" offset="2904" sl="2484" sc="29" el="2484" ec="77" bec="0" bev="0" fileid="14" />
                <SequencePoint vc="0" uspid="2991" ordinal="204" offset="2919" sl="2485" sc="29" el="2485" ec="130" bec="2" bev="0" fileid="14" />
                <SequencePoint vc="0" uspid="2992" ordinal="205" offset="2962" sl="2486" sc="29" el="2486" ec="30" bec="0" bev="0" fileid="14" />
                <SequencePoint vc="0" uspid="2993" ordinal="206" offset="2963" sl="2487" sc="33" el="2487" ec="78" bec="0" bev="0" fileid="14" />
                <SequencePoint vc="0" uspid="2994" ordinal="207" offset="2975" sl="2488" sc="33" el="2488" ec="61" bec="0" bev="0" fileid="14" />
                <SequencePoint vc="0" uspid="2995" ordinal="208" offset="2988" sl="2490" sc="29" el="2490" ec="38" bec="0" bev="0" fileid="14" />
                <SequencePoint vc="0" uspid="2996" ordinal="209" offset="2993" sl="2493" sc="25" el="2493" ec="26" bec="0" bev="0" fileid="14" />
                <SequencePoint vc="0" uspid="2997" ordinal="210" offset="2994" sl="2494" sc="29" el="2494" ec="82" bec="0" bev="0" fileid="14" />
                <SequencePoint vc="0" uspid="2998" ordinal="211" offset="3014" sl="2495" sc="29" el="2495" ec="120" bec="2" bev="0" fileid="14" />
                <SequencePoint vc="0" uspid="2999" ordinal="212" offset="3057" sl="2496" sc="29" el="2496" ec="30" bec="0" bev="0" fileid="14" />
                <SequencePoint vc="0" uspid="3000" ordinal="213" offset="3058" sl="2497" sc="33" el="2497" ec="61" bec="0" bev="0" fileid="14" />
                <SequencePoint vc="0" uspid="3001" ordinal="214" offset="3071" sl="2499" sc="29" el="2499" ec="75" bec="2" bev="0" fileid="14" />
                <SequencePoint vc="0" uspid="3002" ordinal="215" offset="3095" sl="2500" sc="29" el="2500" ec="30" bec="0" bev="0" fileid="14" />
                <SequencePoint vc="0" uspid="3003" ordinal="216" offset="3096" sl="2501" sc="33" el="2501" ec="106" bec="0" bev="0" fileid="14" />
                <SequencePoint vc="0" uspid="3004" ordinal="217" offset="3123" sl="2502" sc="29" el="2502" ec="30" bec="0" bev="0" fileid="14" />
                <SequencePoint vc="0" uspid="3005" ordinal="218" offset="3124" sl="2503" sc="29" el="2503" ec="38" bec="0" bev="0" fileid="14" />
                <SequencePoint vc="0" uspid="3006" ordinal="219" offset="3129" sl="2506" sc="25" el="2506" ec="26" bec="0" bev="0" fileid="14" />
                <SequencePoint vc="0" uspid="3007" ordinal="220" offset="3130" sl="2507" sc="29" el="2507" ec="179" bec="2" bev="0" fileid="14" />
                <SequencePoint vc="0" uspid="3008" ordinal="221" offset="3197" sl="2508" sc="29" el="2508" ec="30" bec="0" bev="0" fileid="14" />
                <SequencePoint vc="0" uspid="3009" ordinal="222" offset="3198" sl="2509" sc="33" el="2509" ec="61" bec="0" bev="0" fileid="14" />
                <SequencePoint vc="0" uspid="3010" ordinal="223" offset="3211" sl="2511" sc="29" el="2511" ec="87" bec="0" bev="0" fileid="14" />
                <SequencePoint vc="0" uspid="3011" ordinal="224" offset="3231" sl="2512" sc="29" el="2512" ec="38" bec="0" bev="0" fileid="14" />
                <SequencePoint vc="0" uspid="3012" ordinal="225" offset="3236" sl="2515" sc="25" el="2515" ec="26" bec="0" bev="0" fileid="14" />
                <SequencePoint vc="0" uspid="3013" ordinal="226" offset="3237" sl="2516" sc="29" el="2516" ec="181" bec="2" bev="0" fileid="14" />
                <SequencePoint vc="0" uspid="3014" ordinal="227" offset="3310" sl="2517" sc="29" el="2517" ec="30" bec="0" bev="0" fileid="14" />
                <SequencePoint vc="0" uspid="3015" ordinal="228" offset="3311" sl="2518" sc="33" el="2518" ec="140" bec="0" bev="0" fileid="14" />
                <SequencePoint vc="0" uspid="3016" ordinal="229" offset="3367" sl="2519" sc="33" el="2519" ec="61" bec="0" bev="0" fileid="14" />
                <SequencePoint vc="0" uspid="3017" ordinal="230" offset="3380" sl="2521" sc="29" el="2521" ec="87" bec="0" bev="0" fileid="14" />
                <SequencePoint vc="0" uspid="3018" ordinal="231" offset="3400" sl="2522" sc="29" el="2522" ec="38" bec="0" bev="0" fileid="14" />
                <SequencePoint vc="0" uspid="3019" ordinal="232" offset="3405" sl="2526" sc="25" el="2526" ec="26" bec="0" bev="0" fileid="14" />
                <SequencePoint vc="0" uspid="3020" ordinal="233" offset="3406" sl="2527" sc="29" el="2527" ec="46" bec="0" bev="0" fileid="14" />
                <SequencePoint vc="0" uspid="3021" ordinal="234" offset="3409" sl="2528" sc="29" el="2528" ec="132" bec="2" bev="0" fileid="14" />
                <SequencePoint vc="0" uspid="3022" ordinal="235" offset="3446" sl="2529" sc="29" el="2529" ec="30" bec="0" bev="0" fileid="14" />
                <SequencePoint vc="0" uspid="3023" ordinal="236" offset="3447" sl="2530" sc="33" el="2530" ec="70" bec="0" bev="0" fileid="14" />
                <SequencePoint vc="0" uspid="3024" ordinal="237" offset="3459" sl="2531" sc="33" el="2531" ec="61" bec="0" bev="0" fileid="14" />
                <SequencePoint vc="0" uspid="3025" ordinal="238" offset="3472" sl="2533" sc="29" el="2533" ec="117" bec="2" bev="0" fileid="14" />
                <SequencePoint vc="0" uspid="3026" ordinal="239" offset="3505" sl="2534" sc="29" el="2534" ec="38" bec="0" bev="0" fileid="14" />
                <SequencePoint vc="0" uspid="3027" ordinal="240" offset="3510" sl="2542" sc="25" el="2542" ec="26" bec="0" bev="0" fileid="14" />
                <SequencePoint vc="0" uspid="3028" ordinal="241" offset="3511" sl="2545" sc="29" el="2545" ec="50" bec="0" bev="0" fileid="14" />
                <SequencePoint vc="0" uspid="3029" ordinal="242" offset="3518" sl="2546" sc="29" el="2546" ec="146" bec="2" bev="0" fileid="14" />
                <SequencePoint vc="0" uspid="3030" ordinal="243" offset="3568" sl="2547" sc="29" el="2547" ec="30" bec="0" bev="0" fileid="14" />
                <SequencePoint vc="0" uspid="3031" ordinal="244" offset="3569" sl="2548" sc="33" el="2548" ec="61" bec="0" bev="0" fileid="14" />
                <SequencePoint vc="0" uspid="3032" ordinal="245" offset="3582" sl="2550" sc="29" el="2550" ec="71" bec="0" bev="0" fileid="14" />
                <SequencePoint vc="0" uspid="3033" ordinal="246" offset="3598" sl="2551" sc="29" el="2551" ec="38" bec="0" bev="0" fileid="14" />
                <SequencePoint vc="0" uspid="3034" ordinal="247" offset="3603" sl="2554" sc="25" el="2554" ec="26" bec="0" bev="0" fileid="14" />
                <SequencePoint vc="0" uspid="3035" ordinal="248" offset="3604" sl="2555" sc="29" el="2555" ec="50" bec="0" bev="0" fileid="14" />
                <SequencePoint vc="0" uspid="3036" ordinal="249" offset="3611" sl="2556" sc="29" el="2556" ec="129" bec="2" bev="0" fileid="14" />
                <SequencePoint vc="0" uspid="3037" ordinal="250" offset="3654" sl="2557" sc="29" el="2557" ec="30" bec="0" bev="0" fileid="14" />
                <SequencePoint vc="0" uspid="3038" ordinal="251" offset="3655" sl="2558" sc="33" el="2558" ec="61" bec="0" bev="0" fileid="14" />
                <SequencePoint vc="0" uspid="3039" ordinal="252" offset="3668" sl="2560" sc="29" el="2560" ec="71" bec="0" bev="0" fileid="14" />
                <SequencePoint vc="0" uspid="3040" ordinal="253" offset="3684" sl="2561" sc="29" el="2561" ec="38" bec="0" bev="0" fileid="14" />
                <SequencePoint vc="0" uspid="3041" ordinal="254" offset="3689" sl="2564" sc="25" el="2564" ec="26" bec="0" bev="0" fileid="14" />
                <SequencePoint vc="0" uspid="3042" ordinal="255" offset="3690" sl="2565" sc="29" el="2565" ec="50" bec="0" bev="0" fileid="14" />
                <SequencePoint vc="0" uspid="3043" ordinal="256" offset="3697" sl="2566" sc="29" el="2566" ec="136" bec="2" bev="0" fileid="14" />
                <SequencePoint vc="0" uspid="3044" ordinal="257" offset="3740" sl="2567" sc="29" el="2567" ec="30" bec="0" bev="0" fileid="14" />
                <SequencePoint vc="0" uspid="3045" ordinal="258" offset="3741" sl="2568" sc="33" el="2568" ec="61" bec="0" bev="0" fileid="14" />
                <SequencePoint vc="0" uspid="3046" ordinal="259" offset="3754" sl="2570" sc="29" el="2570" ec="71" bec="0" bev="0" fileid="14" />
                <SequencePoint vc="0" uspid="3047" ordinal="260" offset="3770" sl="2571" sc="29" el="2571" ec="38" bec="0" bev="0" fileid="14" />
                <SequencePoint vc="0" uspid="3048" ordinal="261" offset="3775" sl="2574" sc="25" el="2574" ec="26" bec="0" bev="0" fileid="14" />
                <SequencePoint vc="0" uspid="3049" ordinal="262" offset="3776" sl="2575" sc="29" el="2575" ec="167" bec="2" bev="0" fileid="14" />
                <SequencePoint vc="0" uspid="3050" ordinal="263" offset="3831" sl="2576" sc="29" el="2576" ec="30" bec="0" bev="0" fileid="14" />
                <SequencePoint vc="0" uspid="3051" ordinal="264" offset="3832" sl="2577" sc="33" el="2577" ec="199" bec="0" bev="0" fileid="14" />
                <SequencePoint vc="0" uspid="3052" ordinal="265" offset="3938" sl="2578" sc="33" el="2578" ec="61" bec="0" bev="0" fileid="14" />
                <SequencePoint vc="0" uspid="3053" ordinal="266" offset="3951" sl="2581" sc="29" el="2581" ec="38" bec="0" bev="0" fileid="14" />
                <SequencePoint vc="0" uspid="3054" ordinal="267" offset="3956" sl="2585" sc="25" el="2585" ec="26" bec="0" bev="0" fileid="14" />
                <SequencePoint vc="0" uspid="3055" ordinal="268" offset="3957" sl="2586" sc="29" el="2586" ec="179" bec="2" bev="0" fileid="14" />
                <SequencePoint vc="0" uspid="3056" ordinal="269" offset="4013" sl="2587" sc="29" el="2587" ec="30" bec="0" bev="0" fileid="14" />
                <SequencePoint vc="0" uspid="3057" ordinal="270" offset="4014" sl="2588" sc="33" el="2588" ec="74" bec="0" bev="0" fileid="14" />
                <SequencePoint vc="0" uspid="3058" ordinal="271" offset="4029" sl="2590" sc="33" el="2590" ec="48" bec="2" bev="0" fileid="14" />
                <SequencePoint vc="0" uspid="3059" ordinal="272" offset="4041" sl="2591" sc="33" el="2591" ec="34" bec="0" bev="0" fileid="14" />
                <SequencePoint vc="0" uspid="3060" ordinal="273" offset="4042" sl="2592" sc="37" el="2592" ec="56" bec="0" bev="0" fileid="14" />
                <SequencePoint vc="0" uspid="3061" ordinal="274" offset="4049" sl="2593" sc="37" el="2593" ec="50" bec="0" bev="0" fileid="14" />
                <SequencePoint vc="0" uspid="3062" ordinal="275" offset="4057" sl="2595" sc="33" el="2595" ec="45" bec="0" bev="0" fileid="14" />
                <SequencePoint vc="0" uspid="3063" ordinal="276" offset="4065" sl="2597" sc="29" el="2597" ec="38" bec="0" bev="0" fileid="14" />
                <SequencePoint vc="0" uspid="3064" ordinal="277" offset="4070" sl="2600" sc="25" el="2600" ec="26" bec="0" bev="0" fileid="14" />
                <SequencePoint vc="0" uspid="3065" ordinal="278" offset="4071" sl="2601" sc="29" el="2601" ec="55" bec="2" bev="0" fileid="14" />
                <SequencePoint vc="0" uspid="3066" ordinal="279" offset="4088" sl="2602" sc="29" el="2602" ec="30" bec="0" bev="0" fileid="14" />
                <SequencePoint vc="0" uspid="3067" ordinal="280" offset="4089" sl="2603" sc="38" el="2603" ec="47" bec="0" bev="0" fileid="14" />
                <SequencePoint vc="0" uspid="3068" ordinal="281" offset="4094" sl="2604" sc="33" el="2604" ec="34" bec="0" bev="0" fileid="14" />
                <SequencePoint vc="0" uspid="3069" ordinal="282" offset="4095" sl="2605" sc="37" el="2605" ec="86" bec="0" bev="0" fileid="14" />
                <SequencePoint vc="0" uspid="3070" ordinal="283" offset="4118" sl="2606" sc="37" el="2606" ec="128" bec="0" bev="0" fileid="14" />
                <SequencePoint vc="0" uspid="3071" ordinal="284" offset="4157" sl="2607" sc="33" el="2607" ec="34" bec="0" bev="0" fileid="14" />
                <SequencePoint vc="0" uspid="3072" ordinal="285" offset="4158" sl="2603" sc="71" el="2603" ec="74" bec="0" bev="0" fileid="14" />
                <SequencePoint vc="0" uspid="3073" ordinal="286" offset="4164" sl="2603" sc="49" el="2603" ec="69" bec="0" bev="0" fileid="14" />
                <SequencePoint vc="0" uspid="3074" ordinal="287" offset="4182" sl="2608" sc="29" el="2608" ec="30" bec="0" bev="0" fileid="14" />
                <SequencePoint vc="0" uspid="3075" ordinal="288" offset="4185" sl="2610" sc="29" el="2610" ec="30" bec="0" bev="0" fileid="14" />
                <SequencePoint vc="0" uspid="3076" ordinal="289" offset="4186" sl="2611" sc="38" el="2611" ec="47" bec="0" bev="0" fileid="14" />
                <SequencePoint vc="0" uspid="3077" ordinal="290" offset="4191" sl="2612" sc="33" el="2612" ec="34" bec="0" bev="0" fileid="14" />
                <SequencePoint vc="0" uspid="3078" ordinal="291" offset="4192" sl="2613" sc="37" el="2613" ec="86" bec="0" bev="0" fileid="14" />
                <SequencePoint vc="0" uspid="3079" ordinal="292" offset="4215" sl="2614" sc="33" el="2614" ec="34" bec="0" bev="0" fileid="14" />
                <SequencePoint vc="0" uspid="3080" ordinal="293" offset="4216" sl="2611" sc="71" el="2611" ec="74" bec="0" bev="0" fileid="14" />
                <SequencePoint vc="0" uspid="3081" ordinal="294" offset="4222" sl="2611" sc="49" el="2611" ec="69" bec="0" bev="0" fileid="14" />
                <SequencePoint vc="0" uspid="3082" ordinal="295" offset="4240" sl="2615" sc="29" el="2615" ec="30" bec="0" bev="0" fileid="14" />
                <SequencePoint vc="0" uspid="3083" ordinal="296" offset="4241" sl="2616" sc="29" el="2616" ec="38" bec="0" bev="0" fileid="14" />
                <SequencePoint vc="0" uspid="3084" ordinal="297" offset="4246" sl="2619" sc="25" el="2619" ec="26" bec="0" bev="0" fileid="14" />
                <SequencePoint vc="0" uspid="3085" ordinal="298" offset="4247" sl="2620" sc="29" el="2620" ec="75" bec="2" bev="0" fileid="14" />
                <SequencePoint vc="0" uspid="3086" ordinal="299" offset="4271" sl="2621" sc="29" el="2621" ec="30" bec="0" bev="0" fileid="14" />
                <SequencePoint vc="0" uspid="3087" ordinal="300" offset="4272" sl="2622" sc="33" el="2622" ec="150" bec="0" bev="0" fileid="14" />
                <SequencePoint vc="0" uspid="3088" ordinal="301" offset="4336" sl="2623" sc="29" el="2623" ec="30" bec="0" bev="0" fileid="14" />
                <SequencePoint vc="0" uspid="3089" ordinal="302" offset="4339" sl="2625" sc="29" el="2625" ec="30" bec="0" bev="0" fileid="14" />
                <SequencePoint vc="0" uspid="3090" ordinal="303" offset="4340" sl="2626" sc="33" el="2626" ec="90" bec="0" bev="0" fileid="14" />
                <SequencePoint vc="0" uspid="3091" ordinal="304" offset="4365" sl="2627" sc="29" el="2627" ec="30" bec="0" bev="0" fileid="14" />
                <SequencePoint vc="0" uspid="3092" ordinal="305" offset="4366" sl="2628" sc="29" el="2628" ec="38" bec="0" bev="0" fileid="14" />
                <SequencePoint vc="0" uspid="3093" ordinal="306" offset="4371" sl="2631" sc="25" el="2631" ec="26" bec="0" bev="0" fileid="14" />
                <SequencePoint vc="0" uspid="3094" ordinal="307" offset="4372" sl="2632" sc="29" el="2632" ec="120" bec="2" bev="0" fileid="14" />
                <SequencePoint vc="0" uspid="3095" ordinal="308" offset="4421" sl="2633" sc="29" el="2633" ec="30" bec="0" bev="0" fileid="14" />
                <SequencePoint vc="0" uspid="3096" ordinal="309" offset="4422" sl="2634" sc="33" el="2634" ec="46" bec="0" bev="0" fileid="14" />
                <SequencePoint vc="0" uspid="3097" ordinal="310" offset="4430" sl="2636" sc="29" el="2636" ec="82" bec="0" bev="0" fileid="14" />
                <SequencePoint vc="0" uspid="3098" ordinal="311" offset="4450" sl="2637" sc="29" el="2637" ec="38" bec="0" bev="0" fileid="14" />
                <SequencePoint vc="0" uspid="3099" ordinal="312" offset="4455" sl="2640" sc="25" el="2640" ec="26" bec="0" bev="0" fileid="14" />
                <SequencePoint vc="0" uspid="3100" ordinal="313" offset="4456" sl="2641" sc="29" el="2641" ec="82" bec="0" bev="0" fileid="14" />
                <SequencePoint vc="0" uspid="3101" ordinal="314" offset="4476" sl="2642" sc="29" el="2642" ec="38" bec="0" bev="0" fileid="14" />
                <SequencePoint vc="0" uspid="3102" ordinal="315" offset="4481" sl="2645" sc="25" el="2645" ec="26" bec="0" bev="0" fileid="14" />
                <SequencePoint vc="0" uspid="3103" ordinal="316" offset="4482" sl="2646" sc="29" el="2646" ec="87" bec="0" bev="0" fileid="14" />
                <SequencePoint vc="0" uspid="3104" ordinal="317" offset="4513" sl="2647" sc="29" el="2647" ec="38" bec="0" bev="0" fileid="14" />
                <SequencePoint vc="0" uspid="3105" ordinal="318" offset="4518" sl="2651" sc="25" el="2651" ec="26" bec="0" bev="0" fileid="14" />
                <SequencePoint vc="0" uspid="3106" ordinal="319" offset="4519" sl="2652" sc="29" el="2652" ec="79" bec="2" bev="0" fileid="14" />
                <SequencePoint vc="0" uspid="3107" ordinal="320" offset="4546" sl="2653" sc="29" el="2653" ec="30" bec="0" bev="0" fileid="14" />
                <SequencePoint vc="0" uspid="3108" ordinal="321" offset="4547" sl="2654" sc="33" el="2654" ec="91" bec="0" bev="0" fileid="14" />
                <SequencePoint vc="0" uspid="3109" ordinal="322" offset="4578" sl="2655" sc="29" el="2655" ec="30" bec="0" bev="0" fileid="14" />
                <SequencePoint vc="0" uspid="3110" ordinal="323" offset="4579" sl="2656" sc="29" el="2656" ec="38" bec="0" bev="0" fileid="14" />
                <SequencePoint vc="0" uspid="3111" ordinal="324" offset="4584" sl="2659" sc="25" el="2659" ec="26" bec="0" bev="0" fileid="14" />
                <SequencePoint vc="0" uspid="3112" ordinal="325" offset="4585" sl="2660" sc="29" el="2660" ec="158" bec="2" bev="0" fileid="14" />
                <SequencePoint vc="0" uspid="3113" ordinal="326" offset="4640" sl="2661" sc="29" el="2661" ec="30" bec="0" bev="0" fileid="14" />
                <SequencePoint vc="0" uspid="3114" ordinal="327" offset="4641" sl="2662" sc="33" el="2662" ec="61" bec="0" bev="0" fileid="14" />
                <SequencePoint vc="0" uspid="3115" ordinal="328" offset="4654" sl="2664" sc="29" el="2664" ec="58" bec="2" bev="0" fileid="14" />
                <SequencePoint vc="0" uspid="3116" ordinal="329" offset="4674" sl="2665" sc="29" el="2665" ec="30" bec="0" bev="0" fileid="14" />
                <SequencePoint vc="0" uspid="3117" ordinal="330" offset="4675" sl="2666" sc="33" el="2666" ec="91" bec="0" bev="0" fileid="14" />
                <SequencePoint vc="0" uspid="3118" ordinal="331" offset="4706" sl="2667" sc="29" el="2667" ec="30" bec="0" bev="0" fileid="14" />
                <SequencePoint vc="0" uspid="3119" ordinal="332" offset="4707" sl="2668" sc="29" el="2668" ec="38" bec="0" bev="0" fileid="14" />
                <SequencePoint vc="0" uspid="3120" ordinal="333" offset="4712" sl="2671" sc="25" el="2671" ec="26" bec="0" bev="0" fileid="14" />
                <SequencePoint vc="0" uspid="3121" ordinal="334" offset="4713" sl="2672" sc="29" el="2672" ec="85" bec="0" bev="0" fileid="14" />
                <SequencePoint vc="0" uspid="3122" ordinal="335" offset="4736" sl="2673" sc="29" el="2673" ec="105" bec="0" bev="0" fileid="14" />
                <SequencePoint vc="0" uspid="3123" ordinal="336" offset="4768" sl="2674" sc="29" el="2674" ec="81" bec="0" bev="0" fileid="14" />
                <SequencePoint vc="0" uspid="3124" ordinal="337" offset="4789" sl="2675" sc="29" el="2675" ec="38" bec="0" bev="0" fileid="14" />
                <SequencePoint vc="0" uspid="3125" ordinal="338" offset="4794" sl="2678" sc="25" el="2678" ec="26" bec="0" bev="0" fileid="14" />
                <SequencePoint vc="0" uspid="3126" ordinal="339" offset="4795" sl="2679" sc="29" el="2679" ec="85" bec="0" bev="0" fileid="14" />
                <SequencePoint vc="0" uspid="3127" ordinal="340" offset="4818" sl="2680" sc="29" el="2680" ec="105" bec="0" bev="0" fileid="14" />
                <SequencePoint vc="0" uspid="3128" ordinal="341" offset="4850" sl="2681" sc="29" el="2681" ec="86" bec="0" bev="0" fileid="14" />
                <SequencePoint vc="0" uspid="3129" ordinal="342" offset="4876" sl="2682" sc="29" el="2682" ec="75" bec="2" bev="0" fileid="14" />
                <SequencePoint vc="0" uspid="3130" ordinal="343" offset="4900" sl="2683" sc="29" el="2683" ec="30" bec="0" bev="0" fileid="14" />
                <SequencePoint vc="0" uspid="3131" ordinal="344" offset="4901" sl="2684" sc="33" el="2684" ec="106" bec="0" bev="0" fileid="14" />
                <SequencePoint vc="0" uspid="3132" ordinal="345" offset="4928" sl="2685" sc="29" el="2685" ec="30" bec="0" bev="0" fileid="14" />
                <SequencePoint vc="0" uspid="3133" ordinal="346" offset="4929" sl="2686" sc="29" el="2686" ec="38" bec="0" bev="0" fileid="14" />
                <SequencePoint vc="0" uspid="3134" ordinal="347" offset="4934" sl="2689" sc="25" el="2689" ec="26" bec="0" bev="0" fileid="14" />
                <SequencePoint vc="0" uspid="3135" ordinal="348" offset="4935" sl="2690" sc="29" el="2690" ec="54" bec="4" bev="0" fileid="14" />
                <SequencePoint vc="0" uspid="3136" ordinal="349" offset="4984" sl="2693" sc="37" el="2693" ec="38" bec="0" bev="0" fileid="14" />
                <SequencePoint vc="0" uspid="3137" ordinal="350" offset="4985" sl="2694" sc="41" el="2694" ec="114" bec="0" bev="0" fileid="14" />
                <SequencePoint vc="0" uspid="3138" ordinal="351" offset="5004" sl="2695" sc="41" el="2695" ec="50" bec="0" bev="0" fileid="14" />
                <SequencePoint vc="0" uspid="3139" ordinal="352" offset="5009" sl="2698" sc="37" el="2698" ec="38" bec="0" bev="0" fileid="14" />
                <SequencePoint vc="0" uspid="3140" ordinal="353" offset="5010" sl="2699" sc="41" el="2699" ec="121" bec="0" bev="0" fileid="14" />
                <SequencePoint vc="0" uspid="3141" ordinal="354" offset="5037" sl="2700" sc="41" el="2700" ec="50" bec="0" bev="0" fileid="14" />
                <SequencePoint vc="0" uspid="3142" ordinal="355" offset="5042" sl="2703" sc="37" el="2703" ec="38" bec="0" bev="0" fileid="14" />
                <SequencePoint vc="0" uspid="3143" ordinal="356" offset="5043" sl="2704" sc="41" el="2704" ec="133" bec="2" bev="0" fileid="14" />
                <SequencePoint vc="0" uspid="3144" ordinal="357" offset="5082" sl="2705" sc="41" el="2705" ec="42" bec="0" bev="0" fileid="14" />
                <SequencePoint vc="0" uspid="3145" ordinal="358" offset="5083" sl="2706" sc="45" el="2706" ec="89" bec="0" bev="0" fileid="14" />
                <SequencePoint vc="0" uspid="3146" ordinal="359" offset="5095" sl="2707" sc="45" el="2707" ec="73" bec="0" bev="0" fileid="14" />
                <SequencePoint vc="0" uspid="3147" ordinal="360" offset="5108" sl="2709" sc="41" el="2709" ec="50" bec="0" bev="0" fileid="14" />
                <SequencePoint vc="0" uspid="3148" ordinal="361" offset="5113" sl="2712" sc="37" el="2712" ec="38" bec="0" bev="0" fileid="14" />
                <SequencePoint vc="0" uspid="3149" ordinal="362" offset="5114" sl="2713" sc="41" el="2713" ec="102" bec="0" bev="0" fileid="14" />
                <SequencePoint vc="0" uspid="3150" ordinal="363" offset="5143" sl="2714" sc="41" el="2714" ec="69" bec="0" bev="0" fileid="14" />
                <SequencePoint vc="0" uspid="3151" ordinal="364" offset="5156" sl="2719" sc="25" el="2719" ec="26" bec="0" bev="0" fileid="14" />
                <SequencePoint vc="0" uspid="3152" ordinal="365" offset="5157" sl="2720" sc="29" el="2720" ec="50" bec="0" bev="0" fileid="14" />
                <SequencePoint vc="0" uspid="3153" ordinal="366" offset="5164" sl="2721" sc="29" el="2721" ec="54" bec="6" bev="0" fileid="14" />
                <SequencePoint vc="0" uspid="3154" ordinal="367" offset="5221" sl="2724" sc="37" el="2724" ec="84" bec="0" bev="0" fileid="14" />
                <SequencePoint vc="0" uspid="3155" ordinal="368" offset="5242" sl="2724" sc="85" el="2724" ec="91" bec="0" bev="0" fileid="14" />
                <SequencePoint vc="0" uspid="3156" ordinal="369" offset="5247" sl="2726" sc="37" el="2726" ec="96" bec="0" bev="0" fileid="14" />
                <SequencePoint vc="0" uspid="3157" ordinal="370" offset="5284" sl="2726" sc="97" el="2726" ec="103" bec="0" bev="0" fileid="14" />
                <SequencePoint vc="0" uspid="3158" ordinal="371" offset="5286" sl="2728" sc="37" el="2728" ec="66" bec="0" bev="0" fileid="14" />
                <SequencePoint vc="0" uspid="3159" ordinal="372" offset="5301" sl="2728" sc="67" el="2728" ec="73" bec="0" bev="0" fileid="14" />
                <SequencePoint vc="0" uspid="3160" ordinal="373" offset="5303" sl="2730" sc="37" el="2730" ec="93" bec="0" bev="0" fileid="14" />
                <SequencePoint vc="0" uspid="3161" ordinal="374" offset="5340" sl="2730" sc="94" el="2730" ec="100" bec="0" bev="0" fileid="14" />
                <SequencePoint vc="0" uspid="3162" ordinal="375" offset="5342" sl="2732" sc="37" el="2732" ec="71" bec="0" bev="0" fileid="14" />
                <SequencePoint vc="0" uspid="3163" ordinal="376" offset="5361" sl="2732" sc="72" el="2732" ec="78" bec="0" bev="0" fileid="14" />
                <SequencePoint vc="0" uspid="3164" ordinal="377" offset="5363" sl="2734" sc="37" el="2734" ec="38" bec="0" bev="0" fileid="14" />
                <SequencePoint vc="0" uspid="3165" ordinal="378" offset="5364" sl="2735" sc="41" el="2735" ec="106" bec="0" bev="0" fileid="14" />
                <SequencePoint vc="0" uspid="3166" ordinal="379" offset="5378" sl="2736" sc="41" el="2736" ec="47" bec="0" bev="0" fileid="14" />
                <SequencePoint vc="0" uspid="3167" ordinal="380" offset="5380" sl="2739" sc="29" el="2739" ec="83" bec="0" bev="0" fileid="14" />
                <SequencePoint vc="0" uspid="3168" ordinal="381" offset="5406" sl="2740" sc="29" el="2740" ec="38" bec="0" bev="0" fileid="14" />
                <SequencePoint vc="0" uspid="3169" ordinal="382" offset="5411" sl="2743" sc="25" el="2743" ec="26" bec="0" bev="0" fileid="14" />
                <SequencePoint vc="0" uspid="3170" ordinal="383" offset="5412" sl="2744" sc="29" el="2744" ec="83" bec="0" bev="0" fileid="14" />
                <SequencePoint vc="0" uspid="3171" ordinal="384" offset="5432" sl="2745" sc="29" el="2745" ec="91" bec="2" bev="0" fileid="14" />
                <SequencePoint vc="0" uspid="3172" ordinal="385" offset="5457" sl="2746" sc="29" el="2746" ec="30" bec="0" bev="0" fileid="14" />
                <SequencePoint vc="0" uspid="3173" ordinal="386" offset="5458" sl="2747" sc="33" el="2747" ec="61" bec="0" bev="0" fileid="14" />
                <SequencePoint vc="0" uspid="3174" ordinal="387" offset="5471" sl="2749" sc="29" el="2749" ec="38" bec="0" bev="0" fileid="14" />
                <SequencePoint vc="0" uspid="3175" ordinal="388" offset="5476" sl="2753" sc="25" el="2753" ec="26" bec="0" bev="0" fileid="14" />
                <SequencePoint vc="0" uspid="3176" ordinal="389" offset="5477" sl="2754" sc="29" el="2754" ec="65" bec="0" bev="0" fileid="14" />
                <SequencePoint vc="0" uspid="3177" ordinal="390" offset="5491" sl="2756" sc="29" el="2756" ec="83" bec="0" bev="0" fileid="14" />
                <SequencePoint vc="0" uspid="3178" ordinal="391" offset="5511" sl="2757" sc="29" el="2757" ec="83" bec="0" bev="0" fileid="14" />
                <SequencePoint vc="0" uspid="3179" ordinal="392" offset="5531" sl="2758" sc="29" el="2758" ec="187" bec="2" bev="0" fileid="14" />
                <SequencePoint vc="0" uspid="3180" ordinal="393" offset="5581" sl="2759" sc="29" el="2759" ec="30" bec="0" bev="0" fileid="14" />
                <SequencePoint vc="0" uspid="3181" ordinal="394" offset="5582" sl="2760" sc="33" el="2760" ec="61" bec="0" bev="0" fileid="14" />
                <SequencePoint vc="0" uspid="3182" ordinal="395" offset="5595" sl="2762" sc="29" el="2762" ec="38" bec="0" bev="0" fileid="14" />
                <SequencePoint vc="0" uspid="3183" ordinal="396" offset="5600" sl="2766" sc="25" el="2766" ec="26" bec="0" bev="0" fileid="14" />
                <SequencePoint vc="0" uspid="3184" ordinal="397" offset="5601" sl="2767" sc="29" el="2767" ec="78" bec="0" bev="0" fileid="14" />
                <SequencePoint vc="0" uspid="3185" ordinal="398" offset="5616" sl="2768" sc="29" el="2768" ec="62" bec="2" bev="0" fileid="14" />
                <SequencePoint vc="0" uspid="3186" ordinal="399" offset="5636" sl="2769" sc="29" el="2769" ec="30" bec="0" bev="0" fileid="14" />
                <SequencePoint vc="0" uspid="3187" ordinal="400" offset="5637" sl="2770" sc="33" el="2770" ec="74" bec="0" bev="0" fileid="14" />
                <SequencePoint vc="0" uspid="3188" ordinal="401" offset="5653" sl="2771" sc="33" el="2771" ec="68" bec="0" bev="0" fileid="14" />
                <SequencePoint vc="0" uspid="3189" ordinal="402" offset="5676" sl="2772" sc="29" el="2772" ec="30" bec="0" bev="0" fileid="14" />
                <SequencePoint vc="0" uspid="3190" ordinal="403" offset="5682" sl="2774" sc="29" el="2774" ec="30" bec="0" bev="0" fileid="14" />
                <SequencePoint vc="0" uspid="3191" ordinal="404" offset="5683" sl="2775" sc="33" el="2775" ec="60" bec="0" bev="0" fileid="14" />
                <SequencePoint vc="0" uspid="3192" ordinal="405" offset="5697" sl="2776" sc="33" el="2776" ec="76" bec="2" bev="0" fileid="14" />
                <SequencePoint vc="0" uspid="3193" ordinal="406" offset="5714" sl="2777" sc="33" el="2777" ec="34" bec="0" bev="0" fileid="14" />
                <SequencePoint vc="0" uspid="3194" ordinal="407" offset="5715" sl="2778" sc="37" el="2778" ec="58" bec="0" bev="0" fileid="14" />
                <SequencePoint vc="0" uspid="3195" ordinal="408" offset="5722" sl="2779" sc="37" el="2779" ec="105" bec="2" bev="0" fileid="14" />
                <SequencePoint vc="0" uspid="3196" ordinal="409" offset="5746" sl="2780" sc="37" el="2780" ec="38" bec="0" bev="0" fileid="14" />
                <SequencePoint vc="0" uspid="3197" ordinal="410" offset="5747" sl="2781" sc="41" el="2781" ec="69" bec="0" bev="0" fileid="14" />
                <SequencePoint vc="0" uspid="3198" ordinal="411" offset="5760" sl="2783" sc="37" el="2783" ec="52" bec="0" bev="0" fileid="14" />
                <SequencePoint vc="0" uspid="3199" ordinal="412" offset="5770" sl="2784" sc="33" el="2784" ec="34" bec="0" bev="0" fileid="14" />
                <SequencePoint vc="0" uspid="3200" ordinal="413" offset="5773" sl="2786" sc="33" el="2786" ec="34" bec="0" bev="0" fileid="14" />
                <SequencePoint vc="0" uspid="3201" ordinal="414" offset="5774" sl="2787" sc="37" el="2787" ec="88" bec="0" bev="0" fileid="14" />
                <SequencePoint vc="0" uspid="3202" ordinal="415" offset="5789" sl="2788" sc="37" el="2788" ec="92" bec="0" bev="0" fileid="14" />
                <SequencePoint vc="0" uspid="3203" ordinal="416" offset="5809" sl="2789" sc="37" el="2789" ec="95" bec="2" bev="0" fileid="14" />
                <SequencePoint vc="0" uspid="3204" ordinal="417" offset="5832" sl="2790" sc="37" el="2790" ec="38" bec="0" bev="0" fileid="14" />
                <SequencePoint vc="0" uspid="3205" ordinal="418" offset="5833" sl="2791" sc="41" el="2791" ec="69" bec="0" bev="0" fileid="14" />
                <SequencePoint vc="0" uspid="3206" ordinal="419" offset="5846" sl="2793" sc="33" el="2793" ec="34" bec="0" bev="0" fileid="14" />
                <SequencePoint vc="0" uspid="3207" ordinal="420" offset="5847" sl="2794" sc="29" el="2794" ec="30" bec="0" bev="0" fileid="14" />
                <SequencePoint vc="0" uspid="3208" ordinal="421" offset="5848" sl="2795" sc="29" el="2795" ec="38" bec="0" bev="0" fileid="14" />
                <SequencePoint vc="0" uspid="3209" ordinal="422" offset="5853" sl="2798" sc="25" el="2798" ec="26" bec="0" bev="0" fileid="14" />
                <SequencePoint vc="0" uspid="3210" ordinal="423" offset="5854" sl="2799" sc="29" el="2799" ec="175" bec="0" bev="0" fileid="14" />
                <SequencePoint vc="0" uspid="3211" ordinal="424" offset="5911" sl="2801" sc="29" el="2801" ec="98" bec="2" bev="0" fileid="14" />
                <SequencePoint vc="0" uspid="3212" ordinal="425" offset="5943" sl="2803" sc="29" el="2803" ec="38" bec="0" bev="0" fileid="14" />
                <SequencePoint vc="0" uspid="3213" ordinal="426" offset="5948" sl="2806" sc="25" el="2806" ec="26" bec="0" bev="0" fileid="14" />
                <SequencePoint vc="0" uspid="3214" ordinal="427" offset="5949" sl="2807" sc="29" el="2807" ec="174" bec="2" bev="0" fileid="14" />
                <SequencePoint vc="0" uspid="3215" ordinal="428" offset="6006" sl="2808" sc="29" el="2808" ec="30" bec="0" bev="0" fileid="14" />
                <SequencePoint vc="0" uspid="3216" ordinal="429" offset="6007" sl="2809" sc="33" el="2809" ec="61" bec="0" bev="0" fileid="14" />
                <SequencePoint vc="0" uspid="3217" ordinal="430" offset="6020" sl="2811" sc="29" el="2811" ec="38" bec="0" bev="0" fileid="14" />
                <SequencePoint vc="0" uspid="3218" ordinal="431" offset="6025" sl="2814" sc="25" el="2814" ec="26" bec="0" bev="0" fileid="14" />
                <SequencePoint vc="0" uspid="3219" ordinal="432" offset="6026" sl="2815" sc="29" el="2815" ec="48" bec="2" bev="0" fileid="14" />
                <SequencePoint vc="0" uspid="3220" ordinal="433" offset="6041" sl="2816" sc="29" el="2816" ec="30" bec="0" bev="0" fileid="14" />
                <SequencePoint vc="0" uspid="3221" ordinal="434" offset="6042" sl="2817" sc="33" el="2817" ec="95" bec="0" bev="0" fileid="14" />
                <SequencePoint vc="0" uspid="3222" ordinal="435" offset="6068" sl="2818" sc="29" el="2818" ec="30" bec="0" bev="0" fileid="14" />
                <SequencePoint vc="0" uspid="3223" ordinal="436" offset="6069" sl="2819" sc="29" el="2819" ec="38" bec="0" bev="0" fileid="14" />
                <SequencePoint vc="0" uspid="3224" ordinal="437" offset="6074" sl="2822" sc="25" el="2822" ec="26" bec="0" bev="0" fileid="14" />
                <SequencePoint vc="0" uspid="3225" ordinal="438" offset="6075" sl="2823" sc="29" el="2823" ec="79" bec="2" bev="0" fileid="14" />
                <SequencePoint vc="0" uspid="3226" ordinal="439" offset="6102" sl="2824" sc="29" el="2824" ec="30" bec="0" bev="0" fileid="14" />
                <SequencePoint vc="0" uspid="3227" ordinal="440" offset="6103" sl="2825" sc="33" el="2825" ec="106" bec="0" bev="0" fileid="14" />
                <SequencePoint vc="0" uspid="3228" ordinal="441" offset="6130" sl="2826" sc="33" el="2826" ec="91" bec="0" bev="0" fileid="14" />
                <SequencePoint vc="0" uspid="3229" ordinal="442" offset="6161" sl="2827" sc="29" el="2827" ec="30" bec="0" bev="0" fileid="14" />
                <SequencePoint vc="0" uspid="3230" ordinal="443" offset="6162" sl="2828" sc="29" el="2828" ec="38" bec="0" bev="0" fileid="14" />
                <SequencePoint vc="0" uspid="3231" ordinal="444" offset="6167" sl="2831" sc="25" el="2831" ec="26" bec="0" bev="0" fileid="14" />
                <SequencePoint vc="0" uspid="3232" ordinal="445" offset="6168" sl="2832" sc="29" el="2832" ec="78" bec="2" bev="0" fileid="14" />
                <SequencePoint vc="0" uspid="3233" ordinal="446" offset="6192" sl="2833" sc="29" el="2833" ec="30" bec="0" bev="0" fileid="14" />
                <SequencePoint vc="0" uspid="3234" ordinal="447" offset="6193" sl="2834" sc="33" el="2834" ec="106" bec="0" bev="0" fileid="14" />
                <SequencePoint vc="0" uspid="3235" ordinal="448" offset="6220" sl="2835" sc="33" el="2835" ec="91" bec="0" bev="0" fileid="14" />
                <SequencePoint vc="0" uspid="3236" ordinal="449" offset="6251" sl="2836" sc="29" el="2836" ec="30" bec="0" bev="0" fileid="14" />
                <SequencePoint vc="0" uspid="3237" ordinal="450" offset="6252" sl="2837" sc="29" el="2837" ec="38" bec="0" bev="0" fileid="14" />
                <SequencePoint vc="0" uspid="3238" ordinal="451" offset="6257" sl="2840" sc="25" el="2840" ec="26" bec="0" bev="0" fileid="14" />
                <SequencePoint vc="0" uspid="3239" ordinal="452" offset="6258" sl="2841" sc="29" el="2841" ec="113" bec="0" bev="0" fileid="14" />
                <SequencePoint vc="0" uspid="3240" ordinal="453" offset="6293" sl="2842" sc="29" el="2842" ec="38" bec="0" bev="0" fileid="14" />
                <SequencePoint vc="0" uspid="3241" ordinal="454" offset="6298" sl="2845" sc="25" el="2845" ec="26" bec="0" bev="0" fileid="14" />
                <SequencePoint vc="0" uspid="3242" ordinal="455" offset="6299" sl="2846" sc="29" el="2846" ec="112" bec="2" bev="0" fileid="14" />
                <SequencePoint vc="0" uspid="3243" ordinal="456" offset="6334" sl="2847" sc="29" el="2847" ec="30" bec="0" bev="0" fileid="14" />
                <SequencePoint vc="0" uspid="3244" ordinal="457" offset="6335" sl="2848" sc="33" el="2848" ec="135" bec="0" bev="0" fileid="14" />
                <SequencePoint vc="0" uspid="3245" ordinal="458" offset="6386" sl="2849" sc="33" el="2849" ec="61" bec="0" bev="0" fileid="14" />
                <SequencePoint vc="0" uspid="3246" ordinal="459" offset="6399" sl="2851" sc="29" el="2851" ec="38" bec="0" bev="0" fileid="14" />
                <SequencePoint vc="0" uspid="3247" ordinal="460" offset="6404" sl="2854" sc="25" el="2854" ec="26" bec="0" bev="0" fileid="14" />
                <SequencePoint vc="0" uspid="3248" ordinal="461" offset="6405" sl="2855" sc="29" el="2855" ec="80" bec="0" bev="0" fileid="14" />
                <SequencePoint vc="0" uspid="3249" ordinal="462" offset="6428" sl="2856" sc="29" el="2856" ec="58" bec="0" bev="0" fileid="14" />
                <SequencePoint vc="0" uspid="3250" ordinal="463" offset="6437" sl="2857" sc="29" el="2857" ec="114" bec="2" bev="0" fileid="14" />
                <SequencePoint vc="0" uspid="3251" ordinal="464" offset="6480" sl="2858" sc="29" el="2858" ec="30" bec="0" bev="0" fileid="14" />
                <SequencePoint vc="0" uspid="3252" ordinal="465" offset="6481" sl="2859" sc="33" el="2859" ec="61" bec="0" bev="0" fileid="14" />
                <SequencePoint vc="0" uspid="3253" ordinal="466" offset="6494" sl="2861" sc="29" el="2861" ec="38" bec="0" bev="0" fileid="14" />
                <SequencePoint vc="0" uspid="3254" ordinal="467" offset="6499" sl="2864" sc="25" el="2864" ec="26" bec="0" bev="0" fileid="14" />
                <SequencePoint vc="0" uspid="3255" ordinal="468" offset="6500" sl="2865" sc="29" el="2870" ec="49" bec="4" bev="0" fileid="14" />
                <SequencePoint vc="0" uspid="3256" ordinal="469" offset="6606" sl="2871" sc="29" el="2871" ec="30" bec="0" bev="0" fileid="14" />
                <SequencePoint vc="0" uspid="3257" ordinal="470" offset="6607" sl="2872" sc="33" el="2872" ec="61" bec="0" bev="0" fileid="14" />
                <SequencePoint vc="0" uspid="3258" ordinal="471" offset="6620" sl="2874" sc="29" el="2874" ec="38" bec="0" bev="0" fileid="14" />
                <SequencePoint vc="0" uspid="3259" ordinal="472" offset="6625" sl="2877" sc="25" el="2877" ec="26" bec="0" bev="0" fileid="14" />
                <SequencePoint vc="0" uspid="3260" ordinal="473" offset="6626" sl="2879" sc="29" el="2879" ec="84" bec="0" bev="0" fileid="14" />
                <SequencePoint vc="0" uspid="3261" ordinal="474" offset="6646" sl="2881" sc="29" el="2881" ec="65" bec="0" bev="0" fileid="14" />
                <SequencePoint vc="0" uspid="3262" ordinal="475" offset="6656" sl="2882" sc="29" el="2882" ec="78" bec="0" bev="0" fileid="14" />
                <SequencePoint vc="0" uspid="3263" ordinal="476" offset="6671" sl="2883" sc="29" el="2883" ec="92" bec="0" bev="0" fileid="14" />
                <SequencePoint vc="0" uspid="3264" ordinal="477" offset="6693" sl="2885" sc="29" el="2885" ec="156" bec="2" bev="0" fileid="14" />
                <SequencePoint vc="0" uspid="3265" ordinal="478" offset="6733" sl="2886" sc="29" el="2886" ec="30" bec="0" bev="0" fileid="14" />
                <SequencePoint vc="0" uspid="3266" ordinal="479" offset="6734" sl="2887" sc="33" el="2887" ec="61" bec="0" bev="0" fileid="14" />
                <SequencePoint vc="0" uspid="3267" ordinal="480" offset="6747" sl="2889" sc="29" el="2889" ec="38" bec="0" bev="0" fileid="14" />
                <SequencePoint vc="0" uspid="3268" ordinal="481" offset="6752" sl="2892" sc="25" el="2892" ec="26" bec="0" bev="0" fileid="14" />
                <SequencePoint vc="0" uspid="3269" ordinal="482" offset="6753" sl="2893" sc="29" el="2893" ec="42" bec="0" bev="0" fileid="14" />
                <SequencePoint vc="0" uspid="3270" ordinal="483" offset="6756" sl="2894" sc="29" el="2899" ec="55" bec="2" bev="0" fileid="14" />
                <SequencePoint vc="0" uspid="3271" ordinal="484" offset="6839" sl="2900" sc="29" el="2900" ec="30" bec="0" bev="0" fileid="14" />
                <SequencePoint vc="0" uspid="3272" ordinal="485" offset="6840" sl="2901" sc="33" el="2901" ec="46" bec="0" bev="0" fileid="14" />
                <SequencePoint vc="0" uspid="3273" ordinal="486" offset="6848" sl="2903" sc="29" el="2903" ec="70" bec="0" bev="0" fileid="14" />
                <SequencePoint vc="0" uspid="3274" ordinal="487" offset="6873" sl="2904" sc="29" el="2904" ec="38" bec="0" bev="0" fileid="14" />
                <SequencePoint vc="0" uspid="3275" ordinal="488" offset="6878" sl="2907" sc="25" el="2907" ec="26" bec="0" bev="0" fileid="14" />
                <SequencePoint vc="0" uspid="3276" ordinal="489" offset="6879" sl="2908" sc="29" el="2908" ec="96" bec="2" bev="0" fileid="14" />
                <SequencePoint vc="0" uspid="3277" ordinal="490" offset="6913" sl="2909" sc="29" el="2909" ec="30" bec="0" bev="0" fileid="14" />
                <SequencePoint vc="0" uspid="3278" ordinal="491" offset="6914" sl="2910" sc="33" el="2910" ec="46" bec="0" bev="0" fileid="14" />
                <SequencePoint vc="0" uspid="3279" ordinal="492" offset="6922" sl="2913" sc="29" el="2913" ec="38" bec="0" bev="0" fileid="14" />
                <SequencePoint vc="0" uspid="3280" ordinal="493" offset="6927" sl="2916" sc="25" el="2916" ec="26" bec="0" bev="0" fileid="14" />
                <SequencePoint vc="0" uspid="3281" ordinal="494" offset="6928" sl="2917" sc="29" el="2917" ec="79" bec="0" bev="0" fileid="14" />
                <SequencePoint vc="0" uspid="3282" ordinal="495" offset="6943" sl="2918" sc="29" el="2918" ec="50" bec="0" bev="0" fileid="14" />
                <SequencePoint vc="0" uspid="3283" ordinal="496" offset="6950" sl="2919" sc="29" el="2919" ec="124" bec="4" bev="0" fileid="14" />
                <SequencePoint vc="0" uspid="3284" ordinal="497" offset="6989" sl="2920" sc="29" el="2920" ec="30" bec="0" bev="0" fileid="14" />
                <SequencePoint vc="0" uspid="3285" ordinal="498" offset="6990" sl="2921" sc="33" el="2921" ec="52" bec="0" bev="0" fileid="14" />
                <SequencePoint vc="0" uspid="3286" ordinal="499" offset="6997" sl="2922" sc="33" el="2922" ec="43" bec="0" bev="0" fileid="14" />
                <SequencePoint vc="0" uspid="3287" ordinal="500" offset="7006" sl="2923" sc="33" el="2923" ec="66" bec="2" bev="0" fileid="14" />
                <SequencePoint vc="0" uspid="3288" ordinal="501" offset="7027" sl="2924" sc="33" el="2924" ec="34" bec="0" bev="0" fileid="14" />
                <SequencePoint vc="0" uspid="3289" ordinal="502" offset="7028" sl="2925" sc="37" el="2925" ec="91" bec="0" bev="0" fileid="14" />
                <SequencePoint vc="0" uspid="3290" ordinal="503" offset="7040" sl="2926" sc="37" el="2926" ec="65" bec="0" bev="0" fileid="14" />
                <SequencePoint vc="0" uspid="3291" ordinal="504" offset="7053" sl="2929" sc="33" el="2929" ec="34" bec="0" bev="0" fileid="14" />
                <SequencePoint vc="0" uspid="3292" ordinal="505" offset="7054" sl="2930" sc="37" el="2930" ec="94" bec="0" bev="0" fileid="14" />
                <SequencePoint vc="0" uspid="3293" ordinal="506" offset="7076" sl="2931" sc="33" el="2931" ec="34" bec="0" bev="0" fileid="14" />
                <SequencePoint vc="0" uspid="3294" ordinal="507" offset="7077" sl="2932" sc="29" el="2932" ec="30" bec="0" bev="0" fileid="14" />
                <SequencePoint vc="0" uspid="3295" ordinal="508" offset="7080" sl="2934" sc="29" el="2934" ec="30" bec="0" bev="0" fileid="14" />
                <SequencePoint vc="0" uspid="3296" ordinal="509" offset="7081" sl="2935" sc="33" el="2935" ec="91" bec="0" bev="0" fileid="14" />
                <SequencePoint vc="0" uspid="3297" ordinal="510" offset="7113" sl="2936" sc="29" el="2936" ec="30" bec="0" bev="0" fileid="14" />
                <SequencePoint vc="0" uspid="3298" ordinal="511" offset="7114" sl="2937" sc="29" el="2937" ec="38" bec="0" bev="0" fileid="14" />
                <SequencePoint vc="0" uspid="3299" ordinal="512" offset="7119" sl="2940" sc="25" el="2940" ec="26" bec="0" bev="0" fileid="14" />
                <SequencePoint vc="0" uspid="3300" ordinal="513" offset="7120" sl="2941" sc="29" el="2941" ec="92" bec="2" bev="0" fileid="14" />
                <SequencePoint vc="0" uspid="3301" ordinal="514" offset="7154" sl="2942" sc="29" el="2942" ec="30" bec="0" bev="0" fileid="14" />
                <SequencePoint vc="0" uspid="3302" ordinal="515" offset="7155" sl="2943" sc="33" el="2943" ec="112" bec="0" bev="0" fileid="14" />
                <SequencePoint vc="0" uspid="3303" ordinal="516" offset="7167" sl="2944" sc="33" el="2944" ec="61" bec="0" bev="0" fileid="14" />
                <SequencePoint vc="0" uspid="3304" ordinal="517" offset="7180" sl="2946" sc="29" el="2948" ec="146" bec="2" bev="0" fileid="14" />
                <SequencePoint vc="0" uspid="3305" ordinal="518" offset="7263" sl="2949" sc="29" el="2949" ec="38" bec="0" bev="0" fileid="14" />
                <SequencePoint vc="0" uspid="3306" ordinal="519" offset="7265" sl="2952" sc="25" el="2952" ec="26" bec="0" bev="0" fileid="14" />
                <SequencePoint vc="0" uspid="3307" ordinal="520" offset="7266" sl="2953" sc="29" el="2953" ec="79" bec="0" bev="0" fileid="14" />
                <SequencePoint vc="0" uspid="3308" ordinal="521" offset="7289" sl="2954" sc="29" el="2954" ec="48" bec="2" bev="0" fileid="14" />
                <SequencePoint vc="0" uspid="3309" ordinal="522" offset="7305" sl="2955" sc="29" el="2955" ec="30" bec="0" bev="0" fileid="14" />
                <SequencePoint vc="0" uspid="3310" ordinal="523" offset="7306" sl="2956" sc="33" el="2956" ec="78" bec="0" bev="0" fileid="14" />
                <SequencePoint vc="0" uspid="3311" ordinal="524" offset="7327" sl="2957" sc="29" el="2957" ec="30" bec="0" bev="0" fileid="14" />
                <SequencePoint vc="0" uspid="3312" ordinal="525" offset="7330" sl="2959" sc="29" el="2959" ec="30" bec="0" bev="0" fileid="14" />
                <SequencePoint vc="0" uspid="3313" ordinal="526" offset="7331" sl="2960" sc="33" el="2960" ec="73" bec="0" bev="0" fileid="14" />
                <SequencePoint vc="0" uspid="3314" ordinal="527" offset="7345" sl="2961" sc="29" el="2961" ec="30" bec="0" bev="0" fileid="14" />
                <SequencePoint vc="0" uspid="3315" ordinal="528" offset="7346" sl="2962" sc="29" el="2962" ec="38" bec="0" bev="0" fileid="14" />
                <SequencePoint vc="0" uspid="3316" ordinal="529" offset="7348" sl="2965" sc="25" el="2965" ec="26" bec="0" bev="0" fileid="14" />
                <SequencePoint vc="0" uspid="3317" ordinal="530" offset="7349" sl="2966" sc="29" el="2966" ec="101" bec="0" bev="0" fileid="14" />
                <SequencePoint vc="0" uspid="3318" ordinal="531" offset="7386" sl="2967" sc="29" el="2967" ec="35" bec="0" bev="0" fileid="14" />
                <SequencePoint vc="0" uspid="3319" ordinal="532" offset="7388" sl="2970" sc="13" el="2970" ec="14" bec="0" bev="0" fileid="14" />
                <SequencePoint vc="0" uspid="3320" ordinal="533" offset="7389" sl="2206" sc="13" el="2206" ec="25" bec="0" bev="0" fileid="14" />
                <SequencePoint vc="0" uspid="3321" ordinal="534" offset="7397" sl="2972" sc="9" el="2972" ec="10" bec="0" bev="0" fileid="14" />
              </SequencePoints>
              <BranchPoints>
                <BranchPoint vc="0" uspid="3322" ordinal="0" offset="24" sl="2185" path="0" offsetend="26" fileid="14" />
                <BranchPoint vc="0" uspid="3323" ordinal="1" offset="24" sl="2185" path="1" offsetend="42" fileid="14" />
                <BranchPoint vc="0" uspid="3324" ordinal="2" offset="94" sl="2193" path="0" offsetend="96" fileid="14" />
                <BranchPoint vc="0" uspid="3325" ordinal="3" offset="94" sl="2193" path="1" offsetend="105" fileid="14" />
                <BranchPoint vc="0" uspid="3326" ordinal="4" offset="118" sl="2198" path="0" offsetend="120" fileid="14" />
                <BranchPoint vc="0" uspid="3327" ordinal="5" offset="118" sl="2198" path="1" offsetend="160" fileid="14" />
                <BranchPoint vc="0" uspid="3328" ordinal="6" offset="193" sl="2208" path="0" offsetend="195" fileid="14" />
                <BranchPoint vc="0" uspid="3329" ordinal="7" offset="193" sl="2208" path="1" offsetend="215" fileid="14" />
                <BranchPoint vc="0" uspid="3330" ordinal="8" offset="226" sl="2213" path="0" offsetend="228" fileid="14" />
                <BranchPoint vc="0" uspid="3331" ordinal="9" offset="226" sl="2213" path="1" offsetend="249" fileid="14" />
                <BranchPoint vc="0" uspid="3332" ordinal="10" offset="254" sl="2213" path="0" offsetend="256" fileid="14" />
                <BranchPoint vc="0" uspid="3333" ordinal="11" offset="254" sl="2213" path="1" offsetend="265" fileid="14" />
                <BranchPoint vc="0" uspid="3334" ordinal="12" offset="302" sl="2219" path="0" offsetend="304" fileid="14" />
                <BranchPoint vc="0" uspid="3335" ordinal="13" offset="302" sl="2219" path="1" offsetend="325" fileid="14" />
                <BranchPoint vc="0" uspid="3336" ordinal="14" offset="330" sl="2219" path="0" offsetend="332" fileid="14" />
                <BranchPoint vc="0" uspid="3337" ordinal="15" offset="330" sl="2219" path="1" offsetend="341" fileid="14" />
                <BranchPoint vc="0" uspid="3338" ordinal="16" offset="406" sl="2228" path="0" offsetchain="667" offsetend="669" fileid="14" />
                <BranchPoint vc="0" uspid="3339" ordinal="17" offset="406" sl="2228" path="1" offsetend="686" fileid="14" />
                <BranchPoint vc="0" uspid="3340" ordinal="18" offset="406" sl="2228" path="2" offsetend="713" fileid="14" />
                <BranchPoint vc="0" uspid="3341" ordinal="19" offset="406" sl="2228" path="3" offsetend="884" fileid="14" />
                <BranchPoint vc="0" uspid="3342" ordinal="20" offset="406" sl="2228" path="4" offsetend="762" fileid="14" />
                <BranchPoint vc="0" uspid="3343" ordinal="21" offset="406" sl="2228" path="5" offsetend="915" fileid="14" />
                <BranchPoint vc="0" uspid="3344" ordinal="22" offset="406" sl="2228" path="6" offsetend="3405" fileid="14" />
                <BranchPoint vc="0" uspid="3345" ordinal="23" offset="406" sl="2228" path="7" offsetend="3405" fileid="14" />
                <BranchPoint vc="0" uspid="3346" ordinal="24" offset="406" sl="2228" path="8" offsetend="5948" fileid="14" />
                <BranchPoint vc="0" uspid="3347" ordinal="25" offset="406" sl="2228" path="9" offsetend="4584" fileid="14" />
                <BranchPoint vc="0" uspid="3348" ordinal="26" offset="406" sl="2228" path="10" offsetend="4481" fileid="14" />
                <BranchPoint vc="0" uspid="3349" ordinal="27" offset="406" sl="2228" path="11" offsetend="4518" fileid="14" />
                <BranchPoint vc="0" uspid="3350" ordinal="28" offset="406" sl="2228" path="12" offsetend="1311" fileid="14" />
                <BranchPoint vc="0" uspid="3351" ordinal="29" offset="406" sl="2228" path="13" offsetend="2475" fileid="14" />
                <BranchPoint vc="0" uspid="3352" ordinal="30" offset="406" sl="2228" path="14" offsetend="2475" fileid="14" />
                <BranchPoint vc="0" uspid="3353" ordinal="31" offset="406" sl="2228" path="15" offsetend="1095" fileid="14" />
                <BranchPoint vc="0" uspid="3354" ordinal="32" offset="406" sl="2228" path="16" offsetend="949" fileid="14" />
                <BranchPoint vc="0" uspid="3355" ordinal="33" offset="406" sl="2228" path="17" offsetend="998" fileid="14" />
                <BranchPoint vc="0" uspid="3356" ordinal="34" offset="406" sl="2228" path="18" offsetend="3129" fileid="14" />
                <BranchPoint vc="0" uspid="3357" ordinal="35" offset="406" sl="2228" path="19" offsetend="3236" fileid="14" />
                <BranchPoint vc="0" uspid="3358" ordinal="36" offset="406" sl="2228" path="20" offsetend="2742" fileid="14" />
                <BranchPoint vc="0" uspid="3359" ordinal="37" offset="406" sl="2228" path="21" offsetend="2672" fileid="14" />
                <BranchPoint vc="0" uspid="3360" ordinal="38" offset="406" sl="2228" path="22" offsetend="2993" fileid="14" />
                <BranchPoint vc="0" uspid="3361" ordinal="39" offset="406" sl="2228" path="23" offsetend="2903" fileid="14" />
                <BranchPoint vc="0" uspid="3362" ordinal="40" offset="406" sl="2228" path="24" offsetend="6404" fileid="14" />
                <BranchPoint vc="0" uspid="3363" ordinal="41" offset="406" sl="2228" path="25" offsetend="5853" fileid="14" />
                <BranchPoint vc="0" uspid="3364" ordinal="42" offset="406" sl="2228" path="26" offsetend="7119" fileid="14" />
                <BranchPoint vc="0" uspid="3365" ordinal="43" offset="406" sl="2228" path="27" offsetend="6927" fileid="14" />
                <BranchPoint vc="0" uspid="3366" ordinal="44" offset="406" sl="2228" path="28" offsetend="3956" fileid="14" />
                <BranchPoint vc="0" uspid="3367" ordinal="45" offset="406" sl="2228" path="29" offsetend="5156" fileid="14" />
                <BranchPoint vc="0" uspid="3368" ordinal="46" offset="406" sl="2228" path="30" offsetend="4070" fileid="14" />
                <BranchPoint vc="0" uspid="3369" ordinal="47" offset="406" sl="2228" path="31" offsetend="4455" fileid="14" />
                <BranchPoint vc="0" uspid="3370" ordinal="48" offset="406" sl="2228" path="32" offsetend="4794" fileid="14" />
                <BranchPoint vc="0" uspid="3371" ordinal="49" offset="406" sl="2228" path="33" offsetend="4712" fileid="14" />
                <BranchPoint vc="0" uspid="3372" ordinal="50" offset="406" sl="2228" path="34" offsetend="4934" fileid="14" />
                <BranchPoint vc="0" uspid="3373" ordinal="51" offset="406" sl="2228" path="35" offsetend="2775" fileid="14" />
                <BranchPoint vc="0" uspid="3374" ordinal="52" offset="406" sl="2228" path="36" offsetend="6499" fileid="14" />
                <BranchPoint vc="0" uspid="3375" ordinal="53" offset="406" sl="2228" path="37" offsetend="6625" fileid="14" />
                <BranchPoint vc="0" uspid="3376" ordinal="54" offset="406" sl="2228" path="38" offsetend="3510" fileid="14" />
                <BranchPoint vc="0" uspid="3377" ordinal="55" offset="406" sl="2228" path="39" offsetend="5476" fileid="14" />
                <BranchPoint vc="0" uspid="3378" ordinal="56" offset="406" sl="2228" path="40" offsetend="5476" fileid="14" />
                <BranchPoint vc="0" uspid="3379" ordinal="57" offset="406" sl="2228" path="41" offsetend="5600" fileid="14" />
                <BranchPoint vc="0" uspid="3380" ordinal="58" offset="406" sl="2228" path="42" offsetend="5600" fileid="14" />
                <BranchPoint vc="0" uspid="3381" ordinal="59" offset="406" sl="2228" path="43" offsetend="3510" fileid="14" />
                <BranchPoint vc="0" uspid="3382" ordinal="60" offset="406" sl="2228" path="44" offsetend="3510" fileid="14" />
                <BranchPoint vc="0" uspid="3383" ordinal="61" offset="406" sl="2228" path="45" offsetend="7348" fileid="14" />
                <BranchPoint vc="0" uspid="3384" ordinal="62" offset="406" sl="2228" path="46" offsetend="3510" fileid="14" />
                <BranchPoint vc="0" uspid="3385" ordinal="63" offset="406" sl="2228" path="47" offsetend="3775" fileid="14" />
                <BranchPoint vc="0" uspid="3386" ordinal="64" offset="406" sl="2228" path="48" offsetend="3510" fileid="14" />
                <BranchPoint vc="0" uspid="3387" ordinal="65" offset="406" sl="2228" path="49" offsetend="3510" fileid="14" />
                <BranchPoint vc="0" uspid="3388" ordinal="66" offset="406" sl="2228" path="50" offsetend="6074" fileid="14" />
                <BranchPoint vc="0" uspid="3389" ordinal="67" offset="406" sl="2228" path="51" offsetend="6167" fileid="14" />
                <BranchPoint vc="0" uspid="3390" ordinal="68" offset="406" sl="2228" path="52" offsetend="6298" fileid="14" />
                <BranchPoint vc="0" uspid="3391" ordinal="69" offset="406" sl="2228" path="53" offsetend="6257" fileid="14" />
                <BranchPoint vc="0" uspid="3392" ordinal="70" offset="406" sl="2228" path="54" offsetend="7348" fileid="14" />
                <BranchPoint vc="0" uspid="3393" ordinal="71" offset="406" sl="2228" path="55" offsetend="7265" fileid="14" />
                <BranchPoint vc="0" uspid="3394" ordinal="72" offset="406" sl="2228" path="56" offsetend="3956" fileid="14" />
                <BranchPoint vc="0" uspid="3395" ordinal="73" offset="406" sl="2228" path="57" offsetend="3603" fileid="14" />
                <BranchPoint vc="0" uspid="3396" ordinal="74" offset="406" sl="2228" path="58" offsetend="5411" fileid="14" />
                <BranchPoint vc="0" uspid="3397" ordinal="75" offset="406" sl="2228" path="59" offsetend="3689" fileid="14" />
                <BranchPoint vc="0" uspid="3398" ordinal="76" offset="406" sl="2228" path="60" offsetend="7348" fileid="14" />
                <BranchPoint vc="0" uspid="3399" ordinal="77" offset="406" sl="2228" path="61" offsetend="4246" fileid="14" />
                <BranchPoint vc="0" uspid="3400" ordinal="78" offset="406" sl="2228" path="62" offsetend="4371" fileid="14" />
                <BranchPoint vc="0" uspid="3401" ordinal="79" offset="406" sl="2228" path="63" offsetend="6752" fileid="14" />
                <BranchPoint vc="0" uspid="3402" ordinal="80" offset="406" sl="2228" path="64" offsetend="6878" fileid="14" />
                <BranchPoint vc="0" uspid="3403" ordinal="81" offset="676" sl="2228" path="0" offsetchain="681" offsetend="7348" fileid="14" />
                <BranchPoint vc="0" uspid="3404" ordinal="82" offset="676" sl="2228" path="1" offsetend="6025" fileid="14" />
                <BranchPoint vc="0" uspid="3405" ordinal="83" offset="778" sl="2242" path="0" offsetend="780" fileid="14" />
                <BranchPoint vc="0" uspid="3406" ordinal="84" offset="778" sl="2242" path="1" offsetend="841" fileid="14" />
                <BranchPoint vc="0" uspid="3407" ordinal="85" offset="1129" sl="2277" path="0" offsetend="1134" fileid="14" />
                <BranchPoint vc="0" uspid="3408" ordinal="86" offset="1129" sl="2277" path="1" offsetchain="1309" offsetend="1311" fileid="14" />
                <BranchPoint vc="0" uspid="3409" ordinal="87" offset="1157" sl="2280" path="0" offsetend="1159" fileid="14" />
                <BranchPoint vc="0" uspid="3410" ordinal="88" offset="1157" sl="2280" path="1" offsetend="1174" fileid="14" />
                <BranchPoint vc="0" uspid="3411" ordinal="89" offset="1288" sl="2288" path="0" offsetend="1290" fileid="14" />
                <BranchPoint vc="0" uspid="3412" ordinal="90" offset="1288" sl="2288" path="1" offsetchain="1304" offsetend="7389" fileid="14" />
                <BranchPoint vc="0" uspid="3413" ordinal="91" offset="1356" sl="2299" path="0" offsetchain="1361" offsetend="1363" fileid="14" />
                <BranchPoint vc="0" uspid="3414" ordinal="92" offset="1356" sl="2299" path="1" offsetend="2111" fileid="14" />
                <BranchPoint vc="0" uspid="3415" ordinal="93" offset="1370" sl="2299" path="0" offsetchain="1372" offsetend="2421" fileid="14" />
                <BranchPoint vc="0" uspid="3416" ordinal="94" offset="1370" sl="2299" path="1" offsetend="1419" fileid="14" />
                <BranchPoint vc="0" uspid="3417" ordinal="95" offset="1384" sl="2299" path="0" offsetchain="1386" offsetend="1388" fileid="14" />
                <BranchPoint vc="0" uspid="3418" ordinal="96" offset="1384" sl="2299" path="1" offsetend="1491" fileid="14" />
                <BranchPoint vc="0" uspid="3419" ordinal="97" offset="1395" sl="2299" path="0" offsetchain="1400" offsetend="1402" fileid="14" />
                <BranchPoint vc="0" uspid="3420" ordinal="98" offset="1395" sl="2299" path="1" offsetend="1604" fileid="14" />
                <BranchPoint vc="0" uspid="3421" ordinal="99" offset="1409" sl="2299" path="0" offsetchain="1414" offsetend="2421" fileid="14" />
                <BranchPoint vc="0" uspid="3422" ordinal="100" offset="1409" sl="2299" path="1" offsetend="1909" fileid="14" />
                <BranchPoint vc="0" uspid="3423" ordinal="101" offset="1470" sl="2303" path="0" offsetend="1472" fileid="14" />
                <BranchPoint vc="0" uspid="3424" ordinal="102" offset="1470" sl="2303" path="1" offsetchain="1486" offsetend="7389" fileid="14" />
                <BranchPoint vc="0" uspid="3425" ordinal="103" offset="1536" sl="2311" path="0" offsetend="1538" fileid="14" />
                <BranchPoint vc="0" uspid="3426" ordinal="104" offset="1536" sl="2311" path="1" offsetend="1552" fileid="14" />
                <BranchPoint vc="0" uspid="3427" ordinal="105" offset="1574" sl="2316" path="0" offsetend="1576" fileid="14" />
                <BranchPoint vc="0" uspid="3428" ordinal="106" offset="1574" sl="2316" path="1" offsetchain="1599" offsetend="7389" fileid="14" />
                <BranchPoint vc="0" uspid="3429" ordinal="107" offset="1636" sl="2325" path="0" offsetend="1638" fileid="14" />
                <BranchPoint vc="0" uspid="3430" ordinal="108" offset="1636" sl="2325" path="1" offsetend="1652" fileid="14" />
                <BranchPoint vc="0" uspid="3431" ordinal="109" offset="1670" sl="2329" path="0" offsetend="1672" fileid="14" />
                <BranchPoint vc="0" uspid="3432" ordinal="110" offset="1670" sl="2329" path="1" offsetend="1695" fileid="14" />
                <BranchPoint vc="0" uspid="3433" ordinal="111" offset="1715" sl="2335" path="0" offsetchain="1717" offsetend="1719" fileid="14" />
                <BranchPoint vc="0" uspid="3434" ordinal="112" offset="1715" sl="2335" path="1" offsetend="1733" fileid="14" />
                <BranchPoint vc="0" uspid="3435" ordinal="113" offset="1726" sl="2335" path="0" offsetchain="1728 1904 2470" offsetend="7389" fileid="14" />
                <BranchPoint vc="0" uspid="3436" ordinal="114" offset="1726" sl="2335" path="1" offsetend="1819" fileid="14" />
                <BranchPoint vc="0" uspid="3437" ordinal="115" offset="1801" sl="2341" path="0" offsetend="1803" fileid="14" />
                <BranchPoint vc="0" uspid="3438" ordinal="116" offset="1801" sl="2341" path="1" offsetchain="1817 1904 2470" offsetend="7389" fileid="14" />
                <BranchPoint vc="0" uspid="3439" ordinal="117" offset="1886" sl="2351" path="0" offsetend="1888" fileid="14" />
                <BranchPoint vc="0" uspid="3440" ordinal="118" offset="1886" sl="2351" path="1" offsetchain="1902 1904 2470" offsetend="7389" fileid="14" />
                <BranchPoint vc="0" uspid="3441" ordinal="119" offset="1933" sl="2363" path="0" offsetend="1938" fileid="14" />
                <BranchPoint vc="0" uspid="3442" ordinal="120" offset="1933" sl="2363" path="1" offsetchain="2106" offsetend="2421" fileid="14" />
                <BranchPoint vc="0" uspid="3443" ordinal="121" offset="2030" sl="2371" path="0" offsetend="2032" fileid="14" />
                <BranchPoint vc="0" uspid="3444" ordinal="122" offset="2030" sl="2371" path="1" offsetend="2058" fileid="14" />
                <BranchPoint vc="0" uspid="3445" ordinal="123" offset="2076" sl="2377" path="0" offsetend="2078" fileid="14" />
                <BranchPoint vc="0" uspid="3446" ordinal="124" offset="2076" sl="2377" path="1" offsetchain="2101 2470" offsetend="7389" fileid="14" />
                <BranchPoint vc="0" uspid="3447" ordinal="125" offset="2172" sl="2392" path="0" offsetend="2174" fileid="14" />
                <BranchPoint vc="0" uspid="3448" ordinal="126" offset="2172" sl="2392" path="1" offsetend="2217" fileid="14" />
                <BranchPoint vc="0" uspid="3449" ordinal="127" offset="2254" sl="2403" path="0" offsetend="2256" fileid="14" />
                <BranchPoint vc="0" uspid="3450" ordinal="128" offset="2254" sl="2403" path="1" offsetend="2367" fileid="14" />
                <BranchPoint vc="0" uspid="3451" ordinal="129" offset="2291" sl="2406" path="0" offsetend="2293" fileid="14" />
                <BranchPoint vc="0" uspid="3452" ordinal="130" offset="2291" sl="2406" path="1" offsetend="2319" fileid="14" />
                <BranchPoint vc="0" uspid="3453" ordinal="131" offset="2338" sl="2412" path="0" offsetend="2340" fileid="14" />
                <BranchPoint vc="0" uspid="3454" ordinal="132" offset="2338" sl="2412" path="1" offsetend="2345" fileid="14" />
                <BranchPoint vc="0" uspid="3455" ordinal="133" offset="2379" sl="2401" path="0" offsetend="2381" fileid="14" />
                <BranchPoint vc="0" uspid="3456" ordinal="134" offset="2379" sl="2401" path="1" offsetend="2388" fileid="14" />
                <BranchPoint vc="0" uspid="3457" ordinal="135" offset="2393" sl="2401" path="0" offsetend="2398" fileid="14" />
                <BranchPoint vc="0" uspid="3458" ordinal="136" offset="2393" sl="2401" path="1" offsetend="2239" fileid="14" />
                <BranchPoint vc="0" uspid="3459" ordinal="137" offset="2485" sl="2438" path="0" offsetend="2487" fileid="14" />
                <BranchPoint vc="0" uspid="3460" ordinal="138" offset="2485" sl="2438" path="1" offsetend="2502" fileid="14" />
                <BranchPoint vc="0" uspid="3461" ordinal="139" offset="2581" sl="2442" path="0" offsetend="2583" fileid="14" />
                <BranchPoint vc="0" uspid="3462" ordinal="140" offset="2581" sl="2442" path="1" offsetend="2626" fileid="14" />
                <BranchPoint vc="0" uspid="3463" ordinal="141" offset="2829" sl="2472" path="0" offsetend="2831" fileid="14" />
                <BranchPoint vc="0" uspid="3464" ordinal="142" offset="2829" sl="2472" path="1" offsetend="2845" fileid="14" />
                <BranchPoint vc="0" uspid="3465" ordinal="143" offset="2867" sl="2476" path="0" offsetend="2869" fileid="14" />
                <BranchPoint vc="0" uspid="3466" ordinal="144" offset="2867" sl="2476" path="1" offsetchain="2898" offsetend="7389" fileid="14" />
                <BranchPoint vc="0" uspid="3467" ordinal="145" offset="2960" sl="2485" path="0" offsetend="2962" fileid="14" />
                <BranchPoint vc="0" uspid="3468" ordinal="146" offset="2960" sl="2485" path="1" offsetchain="2988" offsetend="7389" fileid="14" />
                <BranchPoint vc="0" uspid="3469" ordinal="147" offset="3055" sl="2495" path="0" offsetend="3057" fileid="14" />
                <BranchPoint vc="0" uspid="3470" ordinal="148" offset="3055" sl="2495" path="1" offsetend="3071" fileid="14" />
                <BranchPoint vc="0" uspid="3471" ordinal="149" offset="3093" sl="2499" path="0" offsetend="3095" fileid="14" />
                <BranchPoint vc="0" uspid="3472" ordinal="150" offset="3093" sl="2499" path="1" offsetchain="3124" offsetend="7389" fileid="14" />
                <BranchPoint vc="0" uspid="3473" ordinal="151" offset="3195" sl="2507" path="0" offsetend="3197" fileid="14" />
                <BranchPoint vc="0" uspid="3474" ordinal="152" offset="3195" sl="2507" path="1" offsetend="3211" fileid="14" />
                <BranchPoint vc="0" uspid="3475" ordinal="153" offset="3308" sl="2516" path="0" offsetend="3310" fileid="14" />
                <BranchPoint vc="0" uspid="3476" ordinal="154" offset="3308" sl="2516" path="1" offsetend="3380" fileid="14" />
                <BranchPoint vc="0" uspid="3477" ordinal="155" offset="3444" sl="2528" path="0" offsetend="3446" fileid="14" />
                <BranchPoint vc="0" uspid="3478" ordinal="156" offset="3444" sl="2528" path="1" offsetend="3472" fileid="14" />
                <BranchPoint vc="0" uspid="3479" ordinal="157" offset="3488" sl="2533" path="0" offsetend="3490" fileid="14" />
                <BranchPoint vc="0" uspid="3480" ordinal="158" offset="3488" sl="2533" path="1" offsetend="3497" fileid="14" />
                <BranchPoint vc="0" uspid="3481" ordinal="159" offset="3566" sl="2546" path="0" offsetend="3568" fileid="14" />
                <BranchPoint vc="0" uspid="3482" ordinal="160" offset="3566" sl="2546" path="1" offsetend="3582" fileid="14" />
                <BranchPoint vc="0" uspid="3483" ordinal="161" offset="3652" sl="2556" path="0" offsetend="3654" fileid="14" />
                <BranchPoint vc="0" uspid="3484" ordinal="162" offset="3652" sl="2556" path="1" offsetend="3668" fileid="14" />
                <BranchPoint vc="0" uspid="3485" ordinal="163" offset="3738" sl="2566" path="0" offsetend="3740" fileid="14" />
                <BranchPoint vc="0" uspid="3486" ordinal="164" offset="3738" sl="2566" path="1" offsetend="3754" fileid="14" />
                <BranchPoint vc="0" uspid="3487" ordinal="165" offset="3829" sl="2575" path="0" offsetend="3831" fileid="14" />
                <BranchPoint vc="0" uspid="3488" ordinal="166" offset="3829" sl="2575" path="1" offsetchain="3951" offsetend="7389" fileid="14" />
                <BranchPoint vc="0" uspid="3489" ordinal="167" offset="4011" sl="2586" path="0" offsetend="4013" fileid="14" />
                <BranchPoint vc="0" uspid="3490" ordinal="168" offset="4011" sl="2586" path="1" offsetchain="4065" offsetend="7389" fileid="14" />
                <BranchPoint vc="0" uspid="3491" ordinal="169" offset="4039" sl="2590" path="0" offsetend="4041" fileid="14" />
                <BranchPoint vc="0" uspid="3492" ordinal="170" offset="4039" sl="2590" path="1" offsetend="4057" fileid="14" />
                <BranchPoint vc="0" uspid="3493" ordinal="171" offset="4086" sl="2601" path="0" offsetend="4088" fileid="14" />
                <BranchPoint vc="0" uspid="3494" ordinal="172" offset="4086" sl="2601" path="1" offsetend="4185" fileid="14" />
                <BranchPoint vc="0" uspid="3495" ordinal="173" offset="4269" sl="2620" path="0" offsetend="4271" fileid="14" />
                <BranchPoint vc="0" uspid="3496" ordinal="174" offset="4269" sl="2620" path="1" offsetend="4339" fileid="14" />
                <BranchPoint vc="0" uspid="3497" ordinal="175" offset="4419" sl="2632" path="0" offsetend="4421" fileid="14" />
                <BranchPoint vc="0" uspid="3498" ordinal="176" offset="4419" sl="2632" path="1" offsetend="4430" fileid="14" />
                <BranchPoint vc="0" uspid="3499" ordinal="177" offset="4544" sl="2652" path="0" offsetend="4546" fileid="14" />
                <BranchPoint vc="0" uspid="3500" ordinal="178" offset="4544" sl="2652" path="1" offsetchain="4579" offsetend="7389" fileid="14" />
                <BranchPoint vc="0" uspid="3501" ordinal="179" offset="4638" sl="2660" path="0" offsetend="4640" fileid="14" />
                <BranchPoint vc="0" uspid="3502" ordinal="180" offset="4638" sl="2660" path="1" offsetend="4654" fileid="14" />
                <BranchPoint vc="0" uspid="3503" ordinal="181" offset="4672" sl="2664" path="0" offsetend="4674" fileid="14" />
                <BranchPoint vc="0" uspid="3504" ordinal="182" offset="4672" sl="2664" path="1" offsetchain="4707" offsetend="7389" fileid="14" />
                <BranchPoint vc="0" uspid="3505" ordinal="183" offset="4898" sl="2682" path="0" offsetend="4900" fileid="14" />
                <BranchPoint vc="0" uspid="3506" ordinal="184" offset="4898" sl="2682" path="1" offsetchain="4929" offsetend="7389" fileid="14" />
                <BranchPoint vc="0" uspid="3507" ordinal="185" offset="4962" sl="2690" path="0" offsetchain="4979" offsetend="5113" fileid="14" />
                <BranchPoint vc="0" uspid="3508" ordinal="186" offset="4962" sl="2690" path="1" offsetend="4984" fileid="14" />
                <BranchPoint vc="0" uspid="3509" ordinal="187" offset="4962" sl="2690" path="2" offsetend="5009" fileid="14" />
                <BranchPoint vc="0" uspid="3510" ordinal="188" offset="4962" sl="2690" path="3" offsetend="5042" fileid="14" />
                <BranchPoint vc="0" uspid="3511" ordinal="189" offset="5080" sl="2704" path="0" offsetend="5082" fileid="14" />
                <BranchPoint vc="0" uspid="3512" ordinal="190" offset="5080" sl="2704" path="1" offsetchain="5108" offsetend="7389" fileid="14" />
                <BranchPoint vc="0" uspid="3513" ordinal="191" offset="5191" sl="2721" path="0" offsetchain="5216" offsetend="5363" fileid="14" />
                <BranchPoint vc="0" uspid="3514" ordinal="192" offset="5191" sl="2721" path="1" offsetend="5221" fileid="14" />
                <BranchPoint vc="0" uspid="3515" ordinal="193" offset="5191" sl="2721" path="2" offsetend="5247" fileid="14" />
                <BranchPoint vc="0" uspid="3516" ordinal="194" offset="5191" sl="2721" path="3" offsetend="5286" fileid="14" />
                <BranchPoint vc="0" uspid="3517" ordinal="195" offset="5191" sl="2721" path="4" offsetend="5303" fileid="14" />
                <BranchPoint vc="0" uspid="3518" ordinal="196" offset="5191" sl="2721" path="5" offsetend="5342" fileid="14" />
                <BranchPoint vc="0" uspid="3519" ordinal="197" offset="5455" sl="2745" path="0" offsetend="5457" fileid="14" />
                <BranchPoint vc="0" uspid="3520" ordinal="198" offset="5455" sl="2745" path="1" offsetchain="5471" offsetend="7389" fileid="14" />
                <BranchPoint vc="0" uspid="3521" ordinal="199" offset="5579" sl="2758" path="0" offsetend="5581" fileid="14" />
                <BranchPoint vc="0" uspid="3522" ordinal="200" offset="5579" sl="2758" path="1" offsetchain="5595" offsetend="7389" fileid="14" />
                <BranchPoint vc="0" uspid="3523" ordinal="201" offset="5634" sl="2768" path="0" offsetend="5636" fileid="14" />
                <BranchPoint vc="0" uspid="3524" ordinal="202" offset="5634" sl="2768" path="1" offsetend="5682" fileid="14" />
                <BranchPoint vc="0" uspid="3525" ordinal="203" offset="5712" sl="2776" path="0" offsetend="5714" fileid="14" />
                <BranchPoint vc="0" uspid="3526" ordinal="204" offset="5712" sl="2776" path="1" offsetend="5773" fileid="14" />
                <BranchPoint vc="0" uspid="3527" ordinal="205" offset="5744" sl="2779" path="0" offsetend="5746" fileid="14" />
                <BranchPoint vc="0" uspid="3528" ordinal="206" offset="5744" sl="2779" path="1" offsetend="5760" fileid="14" />
                <BranchPoint vc="0" uspid="3529" ordinal="207" offset="5830" sl="2789" path="0" offsetend="5832" fileid="14" />
                <BranchPoint vc="0" uspid="3530" ordinal="208" offset="5830" sl="2789" path="1" offsetend="5846" fileid="14" />
                <BranchPoint vc="0" uspid="3531" ordinal="209" offset="5926" sl="2801" path="0" offsetend="5928" fileid="14" />
                <BranchPoint vc="0" uspid="3532" ordinal="210" offset="5926" sl="2801" path="1" offsetend="5935" fileid="14" />
                <BranchPoint vc="0" uspid="3533" ordinal="211" offset="6004" sl="2807" path="0" offsetend="6006" fileid="14" />
                <BranchPoint vc="0" uspid="3534" ordinal="212" offset="6004" sl="2807" path="1" offsetchain="6020" offsetend="7389" fileid="14" />
                <BranchPoint vc="0" uspid="3535" ordinal="213" offset="6039" sl="2815" path="0" offsetend="6041" fileid="14" />
                <BranchPoint vc="0" uspid="3536" ordinal="214" offset="6039" sl="2815" path="1" offsetchain="6069" offsetend="7389" fileid="14" />
                <BranchPoint vc="0" uspid="3537" ordinal="215" offset="6100" sl="2823" path="0" offsetend="6102" fileid="14" />
                <BranchPoint vc="0" uspid="3538" ordinal="216" offset="6100" sl="2823" path="1" offsetchain="6162" offsetend="7389" fileid="14" />
                <BranchPoint vc="0" uspid="3539" ordinal="217" offset="6190" sl="2832" path="0" offsetend="6192" fileid="14" />
                <BranchPoint vc="0" uspid="3540" ordinal="218" offset="6190" sl="2832" path="1" offsetchain="6252" offsetend="7389" fileid="14" />
                <BranchPoint vc="0" uspid="3541" ordinal="219" offset="6332" sl="2846" path="0" offsetend="6334" fileid="14" />
                <BranchPoint vc="0" uspid="3542" ordinal="220" offset="6332" sl="2846" path="1" offsetchain="6399" offsetend="7389" fileid="14" />
                <BranchPoint vc="0" uspid="3543" ordinal="221" offset="6478" sl="2857" path="0" offsetend="6480" fileid="14" />
                <BranchPoint vc="0" uspid="3544" ordinal="222" offset="6478" sl="2857" path="1" offsetchain="6494" offsetend="7389" fileid="14" />
                <BranchPoint vc="0" uspid="3545" ordinal="223" offset="6552" sl="2865" path="0" offsetend="6554" fileid="14" />
                <BranchPoint vc="0" uspid="3546" ordinal="224" offset="6552" sl="2865" path="1" offsetend="6561" fileid="14" />
                <BranchPoint vc="0" uspid="3547" ordinal="225" offset="6604" sl="2865" path="0" offsetend="6606" fileid="14" />
                <BranchPoint vc="0" uspid="3548" ordinal="226" offset="6604" sl="2865" path="1" offsetchain="6620" offsetend="7389" fileid="14" />
                <BranchPoint vc="0" uspid="3549" ordinal="227" offset="6731" sl="2885" path="0" offsetend="6733" fileid="14" />
                <BranchPoint vc="0" uspid="3550" ordinal="228" offset="6731" sl="2885" path="1" offsetchain="6747" offsetend="7389" fileid="14" />
                <BranchPoint vc="0" uspid="3551" ordinal="229" offset="6837" sl="2894" path="0" offsetend="6839" fileid="14" />
                <BranchPoint vc="0" uspid="3552" ordinal="230" offset="6837" sl="2894" path="1" offsetend="6848" fileid="14" />
                <BranchPoint vc="0" uspid="3553" ordinal="231" offset="6911" sl="2908" path="0" offsetend="6913" fileid="14" />
                <BranchPoint vc="0" uspid="3554" ordinal="232" offset="6911" sl="2908" path="1" offsetchain="6922" offsetend="7389" fileid="14" />
                <BranchPoint vc="0" uspid="3555" ordinal="233" offset="6962" sl="2919" path="0" offsetend="6964" fileid="14" />
                <BranchPoint vc="0" uspid="3556" ordinal="234" offset="6962" sl="2919" path="1" offsetend="6982" fileid="14" />
                <BranchPoint vc="0" uspid="3557" ordinal="235" offset="6987" sl="2919" path="0" offsetend="6989" fileid="14" />
                <BranchPoint vc="0" uspid="3558" ordinal="236" offset="6987" sl="2919" path="1" offsetend="7080" fileid="14" />
                <BranchPoint vc="0" uspid="3559" ordinal="237" offset="7025" sl="2923" path="0" offsetend="7027" fileid="14" />
                <BranchPoint vc="0" uspid="3560" ordinal="238" offset="7025" sl="2923" path="1" offsetend="7053" fileid="14" />
                <BranchPoint vc="0" uspid="3561" ordinal="239" offset="7152" sl="2941" path="0" offsetend="7154" fileid="14" />
                <BranchPoint vc="0" uspid="3562" ordinal="240" offset="7152" sl="2941" path="1" offsetend="7180" fileid="14" />
                <BranchPoint vc="0" uspid="3563" ordinal="241" offset="7211" sl="2946" path="0" offsetend="7213" fileid="14" />
                <BranchPoint vc="0" uspid="3564" ordinal="242" offset="7211" sl="2946" path="1" offsetend="7256" fileid="14" />
                <BranchPoint vc="0" uspid="3565" ordinal="243" offset="7303" sl="2954" path="0" offsetend="7305" fileid="14" />
                <BranchPoint vc="0" uspid="3566" ordinal="244" offset="7303" sl="2954" path="1" offsetend="7330" fileid="14" />
              </BranchPoints>
              <MethodPoint xsi:type="SequencePoint" vc="0" uspid="2787" ordinal="0" offset="0" sl="2184" sc="9" el="2184" ec="10" bec="0" bev="0" fileid="14" />
            </Method>
            <Method visited="false" cyclomaticComplexity="12" nPathComplexity="2048" sequenceCoverage="0" branchCoverage="0" crapScore="156" isConstructor="false" isStatic="false" isGetter="false" isSetter="false">
              <Summary numSequencePoints="49" visitedSequencePoints="0" numBranchPoints="23" visitedBranchPoints="0" sequenceCoverage="0" branchCoverage="0" maxCyclomaticComplexity="12" minCyclomaticComplexity="12" maxCrapScore="156" minCrapScore="156" visitedClasses="0" numClasses="0" visitedMethods="0" numMethods="1" />
              <MetadataToken>100663397</MetadataToken>
              <Name>System.Boolean ExMat.VM.ExVM::RemoveObjectSlot(ExMat.Objects.ExObject,ExMat.Objects.ExObject,ExMat.Objects.ExObject&amp;)</Name>
              <FileRef uid="14" />
              <SequencePoints>
                <SequencePoint vc="0" uspid="3567" ordinal="0" offset="0" sl="2975" sc="9" el="2975" ec="10" bec="0" bev="0" fileid="14" />
                <SequencePoint vc="0" uspid="3568" ordinal="1" offset="1" sl="2976" sc="13" el="2976" ec="31" bec="5" bev="0" fileid="14" />
                <SequencePoint vc="0" uspid="3569" ordinal="2" offset="46" sl="2980" sc="21" el="2980" ec="22" bec="0" bev="0" fileid="14" />
                <SequencePoint vc="0" uspid="3570" ordinal="3" offset="47" sl="2981" sc="25" el="2981" ec="46" bec="0" bev="0" fileid="14" />
                <SequencePoint vc="0" uspid="3571" ordinal="4" offset="53" sl="2985" sc="25" el="2985" ec="123" bec="4" bev="0" fileid="14" />
                <SequencePoint vc="0" uspid="3572" ordinal="5" offset="90" sl="2986" sc="25" el="2986" ec="26" bec="0" bev="0" fileid="14" />
                <SequencePoint vc="0" uspid="3573" ordinal="6" offset="91" sl="2987" sc="29" el="2987" ec="40" bec="0" bev="0" fileid="14" />
                <SequencePoint vc="0" uspid="3574" ordinal="7" offset="99" sl="2988" sc="29" el="2988" ec="37" bec="0" bev="0" fileid="14" />
                <SequencePoint vc="0" uspid="3575" ordinal="8" offset="107" sl="2989" sc="29" el="2989" ec="64" bec="0" bev="0" fileid="14" />
                <SequencePoint vc="0" uspid="3576" ordinal="9" offset="125" sl="2992" sc="25" el="2992" ec="26" bec="0" bev="0" fileid="14" />
                <SequencePoint vc="0" uspid="3577" ordinal="10" offset="126" sl="2993" sc="29" el="2993" ec="61" bec="2" bev="0" fileid="14" />
                <SequencePoint vc="0" uspid="3578" ordinal="11" offset="145" sl="2994" sc="29" el="2994" ec="30" bec="0" bev="0" fileid="14" />
                <SequencePoint vc="0" uspid="3579" ordinal="12" offset="146" sl="2995" sc="33" el="2995" ec="79" bec="2" bev="0" fileid="14" />
                <SequencePoint vc="0" uspid="3580" ordinal="13" offset="169" sl="2996" sc="33" el="2996" ec="34" bec="0" bev="0" fileid="14" />
                <SequencePoint vc="0" uspid="3581" ordinal="14" offset="170" sl="2997" sc="37" el="2997" ec="78" bec="0" bev="0" fileid="14" />
                <SequencePoint vc="0" uspid="3582" ordinal="15" offset="193" sl="2999" sc="37" el="2999" ec="74" bec="0" bev="0" fileid="14" />
                <SequencePoint vc="0" uspid="3583" ordinal="16" offset="211" sl="3000" sc="33" el="3000" ec="34" bec="0" bev="0" fileid="14" />
                <SequencePoint vc="0" uspid="3584" ordinal="17" offset="214" sl="3002" sc="33" el="3002" ec="34" bec="0" bev="0" fileid="14" />
                <SequencePoint vc="0" uspid="3585" ordinal="18" offset="215" sl="3003" sc="37" el="3003" ec="89" bec="0" bev="0" fileid="14" />
                <SequencePoint vc="0" uspid="3586" ordinal="19" offset="238" sl="3004" sc="37" el="3004" ec="50" bec="0" bev="0" fileid="14" />
                <SequencePoint vc="0" uspid="3587" ordinal="20" offset="246" sl="3006" sc="29" el="3006" ec="30" bec="0" bev="0" fileid="14" />
                <SequencePoint vc="0" uspid="3588" ordinal="21" offset="249" sl="3008" sc="29" el="3008" ec="30" bec="0" bev="0" fileid="14" />
                <SequencePoint vc="0" uspid="3589" ordinal="22" offset="250" sl="3009" sc="33" el="3009" ec="103" bec="0" bev="0" fileid="14" />
                <SequencePoint vc="0" uspid="3590" ordinal="23" offset="284" sl="3010" sc="33" el="3010" ec="46" bec="0" bev="0" fileid="14" />
                <SequencePoint vc="0" uspid="3591" ordinal="24" offset="292" sl="3012" sc="25" el="3012" ec="26" bec="0" bev="0" fileid="14" />
                <SequencePoint vc="0" uspid="3592" ordinal="25" offset="293" sl="3014" sc="25" el="3014" ec="33" bec="0" bev="0" fileid="14" />
                <SequencePoint vc="0" uspid="3593" ordinal="26" offset="296" sl="3015" sc="25" el="3015" ec="31" bec="0" bev="0" fileid="14" />
                <SequencePoint vc="0" uspid="3594" ordinal="27" offset="301" sl="3018" sc="21" el="3018" ec="22" bec="0" bev="0" fileid="14" />
                <SequencePoint vc="0" uspid="3595" ordinal="28" offset="302" sl="3019" sc="25" el="3019" ec="55" bec="2" bev="0" fileid="14" />
                <SequencePoint vc="0" uspid="3596" ordinal="29" offset="317" sl="3020" sc="25" el="3020" ec="26" bec="0" bev="0" fileid="14" />
                <SequencePoint vc="0" uspid="3597" ordinal="30" offset="318" sl="3021" sc="29" el="3021" ec="91" bec="0" bev="0" fileid="14" />
                <SequencePoint vc="0" uspid="3598" ordinal="31" offset="330" sl="3022" sc="29" el="3022" ec="42" bec="0" bev="0" fileid="14" />
                <SequencePoint vc="0" uspid="3599" ordinal="32" offset="338" sl="3024" sc="30" el="3024" ec="57" bec="2" bev="0" fileid="14" />
                <SequencePoint vc="0" uspid="3600" ordinal="33" offset="353" sl="3025" sc="25" el="3025" ec="26" bec="0" bev="0" fileid="14" />
                <SequencePoint vc="0" uspid="3601" ordinal="34" offset="354" sl="3026" sc="29" el="3026" ec="78" bec="0" bev="0" fileid="14" />
                <SequencePoint vc="0" uspid="3602" ordinal="35" offset="366" sl="3027" sc="29" el="3027" ec="42" bec="0" bev="0" fileid="14" />
                <SequencePoint vc="0" uspid="3603" ordinal="36" offset="374" sl="3029" sc="30" el="3029" ec="87" bec="4" bev="0" fileid="14" />
                <SequencePoint vc="0" uspid="3604" ordinal="37" offset="413" sl="3030" sc="25" el="3030" ec="26" bec="0" bev="0" fileid="14" />
                <SequencePoint vc="0" uspid="3605" ordinal="38" offset="414" sl="3031" sc="29" el="3031" ec="125" bec="0" bev="0" fileid="14" />
                <SequencePoint vc="0" uspid="3606" ordinal="39" offset="471" sl="3032" sc="29" el="3032" ec="42" bec="0" bev="0" fileid="14" />
                <SequencePoint vc="0" uspid="3607" ordinal="40" offset="476" sl="3035" sc="25" el="3035" ec="26" bec="0" bev="0" fileid="14" />
                <SequencePoint vc="0" uspid="3608" ordinal="41" offset="477" sl="3036" sc="29" el="3036" ec="73" bec="0" bev="0" fileid="14" />
                <SequencePoint vc="0" uspid="3609" ordinal="42" offset="501" sl="3037" sc="29" el="3037" ec="70" bec="0" bev="0" fileid="14" />
                <SequencePoint vc="0" uspid="3610" ordinal="43" offset="520" sl="3038" sc="29" el="3038" ec="41" bec="0" bev="0" fileid="14" />
                <SequencePoint vc="0" uspid="3611" ordinal="44" offset="525" sl="3042" sc="21" el="3042" ec="22" bec="0" bev="0" fileid="14" />
                <SequencePoint vc="0" uspid="3612" ordinal="45" offset="526" sl="3043" sc="25" el="3043" ec="95" bec="0" bev="0" fileid="14" />
                <SequencePoint vc="0" uspid="3613" ordinal="46" offset="560" sl="3044" sc="25" el="3044" ec="38" bec="0" bev="0" fileid="14" />
                <SequencePoint vc="0" uspid="3614" ordinal="47" offset="565" sl="3047" sc="13" el="3047" ec="25" bec="0" bev="0" fileid="14" />
                <SequencePoint vc="0" uspid="3615" ordinal="48" offset="570" sl="3048" sc="9" el="3048" ec="10" bec="0" bev="0" fileid="14" />
              </SequencePoints>
              <BranchPoints>
                <BranchPoint vc="0" uspid="3616" ordinal="0" offset="16" sl="2976" path="0" offsetchain="21" offsetend="23" fileid="14" />
                <BranchPoint vc="0" uspid="3617" ordinal="1" offset="16" sl="2976" path="1" offsetend="301" fileid="14" />
                <BranchPoint vc="0" uspid="3618" ordinal="2" offset="29" sl="2976" path="0" offsetchain="31" offsetend="33" fileid="14" />
                <BranchPoint vc="0" uspid="3619" ordinal="3" offset="29" sl="2976" path="1" offsetend="46" fileid="14" />
                <BranchPoint vc="0" uspid="3620" ordinal="4" offset="39" sl="2976" path="0" offsetchain="41" offsetend="525" fileid="14" />
                <BranchPoint vc="0" uspid="3621" ordinal="5" offset="39" sl="2976" path="1" offsetend="46" fileid="14" />
                <BranchPoint vc="0" uspid="3622" ordinal="6" offset="64" sl="2985" path="0" offsetend="66" fileid="14" />
                <BranchPoint vc="0" uspid="3623" ordinal="7" offset="64" sl="2985" path="1" offsetend="83" fileid="14" />
                <BranchPoint vc="0" uspid="3624" ordinal="8" offset="88" sl="2985" path="0" offsetend="90" fileid="14" />
                <BranchPoint vc="0" uspid="3625" ordinal="9" offset="88" sl="2985" path="1" offsetend="125" fileid="14" />
                <BranchPoint vc="0" uspid="3626" ordinal="10" offset="143" sl="2993" path="0" offsetend="145" fileid="14" />
                <BranchPoint vc="0" uspid="3627" ordinal="11" offset="143" sl="2993" path="1" offsetend="249" fileid="14" />
                <BranchPoint vc="0" uspid="3628" ordinal="12" offset="167" sl="2995" path="0" offsetend="169" fileid="14" />
                <BranchPoint vc="0" uspid="3629" ordinal="13" offset="167" sl="2995" path="1" offsetend="214" fileid="14" />
                <BranchPoint vc="0" uspid="3630" ordinal="14" offset="315" sl="3019" path="0" offsetend="317" fileid="14" />
                <BranchPoint vc="0" uspid="3631" ordinal="15" offset="315" sl="3019" path="1" offsetend="338" fileid="14" />
                <BranchPoint vc="0" uspid="3632" ordinal="16" offset="351" sl="3024" path="0" offsetend="353" fileid="14" />
                <BranchPoint vc="0" uspid="3633" ordinal="17" offset="351" sl="3024" path="1" offsetend="374" fileid="14" />
                <BranchPoint vc="0" uspid="3634" ordinal="18" offset="392" sl="3029" path="0" offsetend="394" fileid="14" />
                <BranchPoint vc="0" uspid="3635" ordinal="19" offset="392" sl="3029" path="1" offsetend="406" fileid="14" />
                <BranchPoint vc="0" uspid="3636" ordinal="20" offset="411" sl="3029" path="0" offsetend="413" fileid="14" />
                <BranchPoint vc="0" uspid="3637" ordinal="21" offset="411" sl="3029" path="1" offsetend="476" fileid="14" />
              </BranchPoints>
              <MethodPoint xsi:type="SequencePoint" vc="0" uspid="3567" ordinal="0" offset="0" sl="2975" sc="9" el="2975" ec="10" bec="0" bev="0" fileid="14" />
            </Method>
            <Method visited="false" cyclomaticComplexity="5" nPathComplexity="4" sequenceCoverage="0" branchCoverage="0" crapScore="30" isConstructor="false" isStatic="false" isGetter="false" isSetter="false">
              <Summary numSequencePoints="20" visitedSequencePoints="0" numBranchPoints="5" visitedBranchPoints="0" sequenceCoverage="0" branchCoverage="0" maxCyclomaticComplexity="5" minCyclomaticComplexity="5" maxCrapScore="30" minCrapScore="30" visitedClasses="0" numClasses="0" visitedMethods="0" numMethods="1" />
              <MetadataToken>100663398</MetadataToken>
              <Name>System.Void ExMat.VM.ExVM::FindOuterVal(ExMat.Objects.ExObject,ExMat.Objects.ExObject)</Name>
              <FileRef uid="14" />
              <SequencePoints>
                <SequencePoint vc="0" uspid="3638" ordinal="0" offset="0" sl="3051" sc="9" el="3051" ec="10" bec="0" bev="0" fileid="14" />
                <SequencePoint vc="0" uspid="3639" ordinal="1" offset="1" sl="3052" sc="13" el="3052" ec="32" bec="0" bev="0" fileid="14" />
                <SequencePoint vc="0" uspid="3640" ordinal="2" offset="14" sl="3053" sc="13" el="3053" ec="14" bec="0" bev="0" fileid="14" />
                <SequencePoint vc="0" uspid="3641" ordinal="3" offset="15" sl="3054" sc="17" el="3054" ec="32" bec="0" bev="0" fileid="14" />
                <SequencePoint vc="0" uspid="3642" ordinal="4" offset="26" sl="3055" sc="13" el="3055" ec="14" bec="0" bev="0" fileid="14" />
                <SequencePoint vc="0" uspid="3643" ordinal="5" offset="29" sl="3059" sc="13" el="3059" ec="14" bec="0" bev="0" fileid="14" />
                <SequencePoint vc="0" uspid="3644" ordinal="6" offset="30" sl="3060" sc="17" el="3060" ec="63" bec="2" bev="0" fileid="14" />
                <SequencePoint vc="0" uspid="3645" ordinal="7" offset="58" sl="3061" sc="17" el="3061" ec="18" bec="0" bev="0" fileid="14" />
                <SequencePoint vc="0" uspid="3646" ordinal="8" offset="59" sl="3062" sc="21" el="3062" ec="43" bec="0" bev="0" fileid="14" />
                <SequencePoint vc="0" uspid="3647" ordinal="9" offset="72" sl="3063" sc="21" el="3063" ec="28" bec="0" bev="0" fileid="14" />
                <SequencePoint vc="0" uspid="3648" ordinal="10" offset="77" sl="3065" sc="17" el="3065" ec="39" bec="0" bev="0" fileid="14" />
                <SequencePoint vc="0" uspid="3649" ordinal="11" offset="94" sl="3066" sc="13" el="3066" ec="14" bec="0" bev="0" fileid="14" />
                <SequencePoint vc="0" uspid="3650" ordinal="12" offset="95" sl="3058" sc="13" el="3058" ec="89" bec="2" bev="0" fileid="14" />
                <SequencePoint vc="0" uspid="3651" ordinal="13" offset="142" sl="3068" sc="13" el="3068" ec="53" bec="0" bev="0" fileid="14" />
                <SequencePoint vc="0" uspid="3652" ordinal="14" offset="155" sl="3069" sc="13" el="3069" ec="32" bec="0" bev="0" fileid="14" />
                <SequencePoint vc="0" uspid="3653" ordinal="15" offset="167" sl="3070" sc="13" el="3070" ec="69" bec="0" bev="0" fileid="14" />
                <SequencePoint vc="0" uspid="3654" ordinal="16" offset="187" sl="3071" sc="13" el="3071" ec="34" bec="0" bev="0" fileid="14" />
                <SequencePoint vc="0" uspid="3655" ordinal="17" offset="201" sl="3072" sc="13" el="3072" ec="26" bec="0" bev="0" fileid="14" />
                <SequencePoint vc="0" uspid="3656" ordinal="18" offset="208" sl="3073" sc="13" el="3073" ec="32" bec="0" bev="0" fileid="14" />
                <SequencePoint vc="0" uspid="3657" ordinal="19" offset="216" sl="3074" sc="9" el="3074" ec="10" bec="0" bev="0" fileid="14" />
              </SequencePoints>
              <BranchPoints>
                <BranchPoint vc="0" uspid="3658" ordinal="0" offset="56" sl="3060" path="0" offsetend="58" fileid="14" />
                <BranchPoint vc="0" uspid="3659" ordinal="1" offset="56" sl="3060" path="1" offsetend="77" fileid="14" />
                <BranchPoint vc="0" uspid="3660" ordinal="2" offset="106" sl="3058" path="0" offsetend="108" fileid="14" />
                <BranchPoint vc="0" uspid="3661" ordinal="3" offset="106" sl="3058" path="1" offsetend="137" fileid="14" />
              </BranchPoints>
              <MethodPoint xsi:type="SequencePoint" vc="0" uspid="3638" ordinal="0" offset="0" sl="3051" sc="9" el="3051" ec="10" bec="0" bev="0" fileid="14" />
            </Method>
            <Method visited="false" cyclomaticComplexity="3" nPathComplexity="2" sequenceCoverage="0" branchCoverage="0" crapScore="12" isConstructor="false" isStatic="false" isGetter="false" isSetter="false">
              <Summary numSequencePoints="11" visitedSequencePoints="0" numBranchPoints="3" visitedBranchPoints="0" sequenceCoverage="0" branchCoverage="0" maxCyclomaticComplexity="3" minCyclomaticComplexity="3" maxCrapScore="12" minCrapScore="12" visitedClasses="0" numClasses="0" visitedMethods="0" numMethods="1" />
              <MetadataToken>100663399</MetadataToken>
              <Name>System.Int32 ExMat.VM.ExVM::FindFirstNullInStack()</Name>
              <FileRef uid="14" />
              <SequencePoints>
                <SequencePoint vc="0" uspid="3662" ordinal="0" offset="0" sl="3077" sc="9" el="3077" ec="10" bec="0" bev="0" fileid="14" />
                <SequencePoint vc="0" uspid="3663" ordinal="1" offset="1" sl="3078" sc="18" el="3078" ec="27" bec="0" bev="0" fileid="14" />
                <SequencePoint vc="0" uspid="3664" ordinal="2" offset="5" sl="3079" sc="13" el="3079" ec="14" bec="0" bev="0" fileid="14" />
                <SequencePoint vc="0" uspid="3665" ordinal="3" offset="6" sl="3080" sc="17" el="3080" ec="50" bec="2" bev="0" fileid="14" />
                <SequencePoint vc="0" uspid="3666" ordinal="4" offset="23" sl="3081" sc="17" el="3081" ec="18" bec="0" bev="0" fileid="14" />
                <SequencePoint vc="0" uspid="3667" ordinal="5" offset="24" sl="3082" sc="21" el="3082" ec="30" bec="0" bev="0" fileid="14" />
                <SequencePoint vc="0" uspid="3668" ordinal="6" offset="28" sl="3084" sc="13" el="3084" ec="14" bec="0" bev="0" fileid="14" />
                <SequencePoint vc="0" uspid="3669" ordinal="7" offset="29" sl="3078" sc="44" el="3078" ec="47" bec="0" bev="0" fileid="14" />
                <SequencePoint vc="0" uspid="3670" ordinal="8" offset="33" sl="3078" sc="29" el="3078" ec="42" bec="0" bev="0" fileid="14" />
                <SequencePoint vc="0" uspid="3671" ordinal="9" offset="46" sl="3085" sc="13" el="3085" ec="23" bec="0" bev="0" fileid="14" />
                <SequencePoint vc="0" uspid="3672" ordinal="10" offset="50" sl="3086" sc="9" el="3086" ec="10" bec="0" bev="0" fileid="14" />
              </SequencePoints>
              <BranchPoints>
                <BranchPoint vc="0" uspid="3673" ordinal="0" offset="21" sl="3080" path="0" offsetend="23" fileid="14" />
                <BranchPoint vc="0" uspid="3674" ordinal="1" offset="21" sl="3080" path="1" offsetend="28" fileid="14" />
              </BranchPoints>
              <MethodPoint xsi:type="SequencePoint" vc="0" uspid="3662" ordinal="0" offset="0" sl="3077" sc="9" el="3077" ec="10" bec="0" bev="0" fileid="14" />
            </Method>
            <Method visited="false" cyclomaticComplexity="7" nPathComplexity="32" sequenceCoverage="0" branchCoverage="0" crapScore="56" isConstructor="false" isStatic="false" isGetter="false" isSetter="false">
              <Summary numSequencePoints="31" visitedSequencePoints="0" numBranchPoints="11" visitedBranchPoints="0" sequenceCoverage="0" branchCoverage="0" maxCyclomaticComplexity="7" minCyclomaticComplexity="7" maxCrapScore="56" minCrapScore="56" visitedClasses="0" numClasses="0" visitedMethods="0" numMethods="1" />
              <MetadataToken>100663400</MetadataToken>
              <Name>System.Boolean ExMat.VM.ExVM::DoClosureOP(ExMat.Objects.ExObject,ExMat.FuncPrototype.ExPrototype)</Name>
              <FileRef uid="14" />
              <SequencePoints>
                <SequencePoint vc="0" uspid="3675" ordinal="0" offset="0" sl="3089" sc="9" el="3089" ec="10" bec="0" bev="0" fileid="14" />
                <SequencePoint vc="0" uspid="3676" ordinal="1" offset="1" sl="3091" sc="13" el="3091" ec="62" bec="0" bev="0" fileid="14" />
                <SequencePoint vc="0" uspid="3677" ordinal="2" offset="14" sl="3093" sc="13" el="3093" ec="41" bec="2" bev="0" fileid="14" />
                <SequencePoint vc="0" uspid="3678" ordinal="3" offset="32" sl="3094" sc="13" el="3094" ec="14" bec="0" bev="0" fileid="14" />
                <SequencePoint vc="0" uspid="3679" ordinal="4" offset="33" sl="3095" sc="22" el="3095" ec="31" bec="0" bev="0" fileid="14" />
                <SequencePoint vc="0" uspid="3680" ordinal="5" offset="41" sl="3096" sc="17" el="3096" ec="18" bec="0" bev="0" fileid="14" />
                <SequencePoint vc="0" uspid="3681" ordinal="6" offset="42" sl="3097" sc="21" el="3097" ec="51" bec="0" bev="0" fileid="14" />
                <SequencePoint vc="0" uspid="3682" ordinal="7" offset="57" sl="3098" sc="21" el="3098" ec="37" bec="4" bev="0" fileid="14" />
                <SequencePoint vc="0" uspid="3683" ordinal="8" offset="83" sl="3101" sc="29" el="3101" ec="30" bec="0" bev="0" fileid="14" />
                <SequencePoint vc="0" uspid="3684" ordinal="9" offset="84" sl="3102" sc="33" el="3102" ec="101" bec="0" bev="0" fileid="14" />
                <SequencePoint vc="0" uspid="3685" ordinal="10" offset="122" sl="3103" sc="33" el="3103" ec="39" bec="0" bev="0" fileid="14" />
                <SequencePoint vc="0" uspid="3686" ordinal="11" offset="124" sl="3106" sc="29" el="3106" ec="30" bec="0" bev="0" fileid="14" />
                <SequencePoint vc="0" uspid="3687" ordinal="12" offset="125" sl="3107" sc="33" el="3107" ec="129" bec="0" bev="0" fileid="14" />
                <SequencePoint vc="0" uspid="3688" ordinal="13" offset="188" sl="3108" sc="33" el="3108" ec="39" bec="0" bev="0" fileid="14" />
                <SequencePoint vc="0" uspid="3689" ordinal="14" offset="190" sl="3111" sc="17" el="3111" ec="18" bec="0" bev="0" fileid="14" />
                <SequencePoint vc="0" uspid="3690" ordinal="15" offset="191" sl="3095" sc="43" el="3095" ec="46" bec="0" bev="0" fileid="14" />
                <SequencePoint vc="0" uspid="3691" ordinal="16" offset="197" sl="3095" sc="33" el="3095" ec="41" bec="2" bev="0" fileid="14" />
                <SequencePoint vc="0" uspid="3692" ordinal="17" offset="211" sl="3112" sc="13" el="3112" ec="14" bec="0" bev="0" fileid="14" />
                <SequencePoint vc="0" uspid="3693" ordinal="18" offset="212" sl="3114" sc="13" el="3114" ec="56" bec="2" bev="0" fileid="14" />
                <SequencePoint vc="0" uspid="3694" ordinal="19" offset="229" sl="3115" sc="13" el="3115" ec="14" bec="0" bev="0" fileid="14" />
                <SequencePoint vc="0" uspid="3695" ordinal="20" offset="230" sl="3116" sc="22" el="3116" ec="31" bec="0" bev="0" fileid="14" />
                <SequencePoint vc="0" uspid="3696" ordinal="21" offset="235" sl="3117" sc="17" el="3117" ec="18" bec="0" bev="0" fileid="14" />
                <SequencePoint vc="0" uspid="3697" ordinal="22" offset="236" sl="3118" sc="21" el="3118" ec="55" bec="0" bev="0" fileid="14" />
                <SequencePoint vc="0" uspid="3698" ordinal="23" offset="251" sl="3119" sc="21" el="3119" ec="72" bec="0" bev="0" fileid="14" />
                <SequencePoint vc="0" uspid="3699" ordinal="24" offset="286" sl="3120" sc="17" el="3120" ec="18" bec="0" bev="0" fileid="14" />
                <SequencePoint vc="0" uspid="3700" ordinal="25" offset="287" sl="3116" sc="47" el="3116" ec="50" bec="0" bev="0" fileid="14" />
                <SequencePoint vc="0" uspid="3701" ordinal="26" offset="293" sl="3116" sc="33" el="3116" ec="45" bec="0" bev="0" fileid="14" />
                <SequencePoint vc="0" uspid="3702" ordinal="27" offset="304" sl="3121" sc="13" el="3121" ec="14" bec="0" bev="0" fileid="14" />
                <SequencePoint vc="0" uspid="3703" ordinal="28" offset="305" sl="3123" sc="13" el="3123" ec="26" bec="0" bev="0" fileid="14" />
                <SequencePoint vc="0" uspid="3704" ordinal="29" offset="313" sl="3124" sc="13" el="3124" ec="25" bec="0" bev="0" fileid="14" />
                <SequencePoint vc="0" uspid="3705" ordinal="30" offset="318" sl="3125" sc="9" el="3125" ec="10" bec="0" bev="0" fileid="14" />
              </SequencePoints>
              <BranchPoints>
                <BranchPoint vc="0" uspid="3706" ordinal="0" offset="27" sl="3093" path="0" offsetend="32" fileid="14" />
                <BranchPoint vc="0" uspid="3707" ordinal="1" offset="27" sl="3093" path="1" offsetend="212" fileid="14" />
                <BranchPoint vc="0" uspid="3708" ordinal="2" offset="72" sl="3098" path="0" offsetchain="74" offsetend="76" fileid="14" />
                <BranchPoint vc="0" uspid="3709" ordinal="3" offset="72" sl="3098" path="1" offsetend="83" fileid="14" />
                <BranchPoint vc="0" uspid="3710" ordinal="4" offset="79" sl="3098" path="0" offsetchain="81" offsetend="190" fileid="14" />
                <BranchPoint vc="0" uspid="3711" ordinal="5" offset="79" sl="3098" path="1" offsetend="124" fileid="14" />
                <BranchPoint vc="0" uspid="3712" ordinal="6" offset="206" sl="3095" path="0" offsetend="211" fileid="14" />
                <BranchPoint vc="0" uspid="3713" ordinal="7" offset="206" sl="3095" path="1" offsetend="41" fileid="14" />
                <BranchPoint vc="0" uspid="3714" ordinal="8" offset="227" sl="3114" path="0" offsetend="229" fileid="14" />
                <BranchPoint vc="0" uspid="3715" ordinal="9" offset="227" sl="3114" path="1" offsetend="305" fileid="14" />
              </BranchPoints>
              <MethodPoint xsi:type="SequencePoint" vc="0" uspid="3675" ordinal="0" offset="0" sl="3089" sc="9" el="3089" ec="10" bec="0" bev="0" fileid="14" />
            </Method>
            <Method visited="true" cyclomaticComplexity="7" nPathComplexity="32" sequenceCoverage="93.33" branchCoverage="72.73" crapScore="7.01" isConstructor="false" isStatic="true" isGetter="false" isSetter="false">
              <Summary numSequencePoints="15" visitedSequencePoints="14" numBranchPoints="11" visitedBranchPoints="8" sequenceCoverage="93.33" branchCoverage="72.73" maxCyclomaticComplexity="7" minCyclomaticComplexity="7" maxCrapScore="7.01" minCrapScore="7.01" visitedClasses="0" numClasses="0" visitedMethods="1" numMethods="1" />
              <MetadataToken>100663401</MetadataToken>
              <Name>System.Boolean ExMat.VM.ExVM::DoNegateOP(ExMat.Objects.ExObject,ExMat.Objects.ExObject)</Name>
              <FileRef uid="14" />
              <SequencePoints>
                <SequencePoint vc="4" uspid="3716" ordinal="0" offset="0" sl="3134" sc="9" el="3134" ec="10" bec="0" bev="0" fileid="14" />
                <SequencePoint vc="4" uspid="3717" ordinal="1" offset="1" sl="3135" sc="13" el="3135" ec="30" bec="8" bev="6" fileid="14" />
                <SequencePoint vc="1" uspid="3718" ordinal="2" offset="68" sl="3138" sc="21" el="3138" ec="22" bec="0" bev="0" fileid="14" />
                <SequencePoint vc="1" uspid="3719" ordinal="3" offset="69" sl="3139" sc="25" el="3139" ec="54" bec="0" bev="0" fileid="14" />
                <SequencePoint vc="1" uspid="3720" ordinal="4" offset="83" sl="3140" sc="25" el="3140" ec="37" bec="0" bev="0" fileid="14" />
                <SequencePoint vc="1" uspid="3721" ordinal="5" offset="87" sl="3143" sc="21" el="3143" ec="22" bec="0" bev="0" fileid="14" />
                <SequencePoint vc="1" uspid="3722" ordinal="6" offset="88" sl="3144" sc="25" el="3144" ec="56" bec="0" bev="0" fileid="14" />
                <SequencePoint vc="1" uspid="3723" ordinal="7" offset="102" sl="3145" sc="25" el="3145" ec="37" bec="0" bev="0" fileid="14" />
                <SequencePoint vc="1" uspid="3724" ordinal="8" offset="106" sl="3148" sc="21" el="3148" ec="22" bec="0" bev="0" fileid="14" />
                <SequencePoint vc="1" uspid="3725" ordinal="9" offset="107" sl="3149" sc="25" el="3149" ec="58" bec="0" bev="0" fileid="14" />
                <SequencePoint vc="1" uspid="3726" ordinal="10" offset="125" sl="3150" sc="25" el="3150" ec="37" bec="0" bev="0" fileid="14" />
                <SequencePoint vc="1" uspid="3727" ordinal="11" offset="129" sl="3154" sc="21" el="3154" ec="22" bec="0" bev="0" fileid="14" />
                <SequencePoint vc="1" uspid="3728" ordinal="12" offset="130" sl="3156" sc="25" el="3156" ec="38" bec="0" bev="0" fileid="14" />
                <SequencePoint vc="0" uspid="3729" ordinal="13" offset="134" sl="3160" sc="13" el="3160" ec="26" bec="0" bev="0" fileid="14" />
                <SequencePoint vc="4" uspid="3730" ordinal="14" offset="138" sl="3161" sc="9" el="3161" ec="10" bec="0" bev="0" fileid="14" />
              </SequencePoints>
              <BranchPoints>
                <BranchPoint vc="1" uspid="3731" ordinal="0" offset="24" sl="3135" path="0" offsetchain="26" offsetend="28" fileid="14" />
                <BranchPoint vc="1" uspid="3732" ordinal="1" offset="24" sl="3135" path="1" offsetend="68" fileid="14" />
                <BranchPoint vc="0" uspid="3733" ordinal="2" offset="34" sl="3135" path="0" offsetchain="36" offsetend="134" fileid="14" />
                <BranchPoint vc="1" uspid="3734" ordinal="3" offset="34" sl="3135" path="1" offsetend="87" fileid="14" />
                <BranchPoint vc="1" uspid="3735" ordinal="4" offset="44" sl="3135" path="0" offsetchain="46" offsetend="48" fileid="14" />
                <BranchPoint vc="1" uspid="3736" ordinal="5" offset="44" sl="3135" path="1" offsetend="106" fileid="14" />
                <BranchPoint vc="0" uspid="3737" ordinal="6" offset="54" sl="3135" path="0" offsetchain="56" offsetend="58" fileid="14" />
                <BranchPoint vc="1" uspid="3738" ordinal="7" offset="54" sl="3135" path="1" offsetend="129" fileid="14" />
                <BranchPoint vc="0" uspid="3739" ordinal="8" offset="64" sl="3135" path="0" offsetchain="66" offsetend="134" fileid="14" />
                <BranchPoint vc="1" uspid="3740" ordinal="9" offset="64" sl="3135" path="1" offsetend="129" fileid="14" />
              </BranchPoints>
              <MethodPoint xsi:type="SequencePoint" vc="4" uspid="3716" ordinal="0" offset="0" sl="3134" sc="9" el="3134" ec="10" bec="0" bev="0" fileid="14" />
            </Method>
            <Method visited="false" cyclomaticComplexity="3" nPathComplexity="4" sequenceCoverage="0" branchCoverage="0" crapScore="12" isConstructor="false" isStatic="false" isGetter="false" isSetter="false">
              <Summary numSequencePoints="14" visitedSequencePoints="0" numBranchPoints="5" visitedBranchPoints="0" sequenceCoverage="0" branchCoverage="0" maxCyclomaticComplexity="3" minCyclomaticComplexity="3" maxCrapScore="12" minCrapScore="12" visitedClasses="0" numClasses="0" visitedMethods="0" numMethods="1" />
              <MetadataToken>100663402</MetadataToken>
              <Name>System.Boolean ExMat.VM.ExVM::DoMatrixTranspose(ExMat.Objects.ExObject,ExMat.Objects.ExObject&amp;)</Name>
              <FileRef uid="14" />
              <SequencePoints>
                <SequencePoint vc="0" uspid="3741" ordinal="0" offset="0" sl="3164" sc="9" el="3164" ec="10" bec="0" bev="0" fileid="14" />
                <SequencePoint vc="0" uspid="3742" ordinal="1" offset="1" sl="3165" sc="13" el="3165" ec="45" bec="2" bev="0" fileid="14" />
                <SequencePoint vc="0" uspid="3743" ordinal="2" offset="22" sl="3166" sc="13" el="3166" ec="14" bec="0" bev="0" fileid="14" />
                <SequencePoint vc="0" uspid="3744" ordinal="3" offset="23" sl="3167" sc="17" el="3167" ec="71" bec="0" bev="0" fileid="14" />
                <SequencePoint vc="0" uspid="3745" ordinal="4" offset="35" sl="3168" sc="17" el="3168" ec="30" bec="0" bev="0" fileid="14" />
                <SequencePoint vc="0" uspid="3746" ordinal="5" offset="40" sl="3171" sc="13" el="3171" ec="49" bec="0" bev="0" fileid="14" />
                <SequencePoint vc="0" uspid="3747" ordinal="6" offset="48" sl="3172" sc="13" el="3172" ec="35" bec="0" bev="0" fileid="14" />
                <SequencePoint vc="0" uspid="3748" ordinal="7" offset="55" sl="3173" sc="13" el="3173" ec="26" bec="0" bev="0" fileid="14" />
                <SequencePoint vc="0" uspid="3749" ordinal="8" offset="57" sl="3175" sc="13" el="3175" ec="70" bec="2" bev="0" fileid="14" />
                <SequencePoint vc="0" uspid="3750" ordinal="9" offset="75" sl="3176" sc="13" el="3176" ec="14" bec="0" bev="0" fileid="14" />
                <SequencePoint vc="0" uspid="3751" ordinal="10" offset="76" sl="3177" sc="17" el="3177" ec="30" bec="0" bev="0" fileid="14" />
                <SequencePoint vc="0" uspid="3752" ordinal="11" offset="81" sl="3180" sc="13" el="3180" ec="63" bec="0" bev="0" fileid="14" />
                <SequencePoint vc="0" uspid="3753" ordinal="12" offset="96" sl="3182" sc="13" el="3182" ec="25" bec="0" bev="0" fileid="14" />
                <SequencePoint vc="0" uspid="3754" ordinal="13" offset="101" sl="3183" sc="9" el="3183" ec="10" bec="0" bev="0" fileid="14" />
              </SequencePoints>
              <BranchPoints>
                <BranchPoint vc="0" uspid="3755" ordinal="0" offset="20" sl="3165" path="0" offsetend="22" fileid="14" />
                <BranchPoint vc="0" uspid="3756" ordinal="1" offset="20" sl="3165" path="1" offsetend="40" fileid="14" />
                <BranchPoint vc="0" uspid="3757" ordinal="2" offset="73" sl="3175" path="0" offsetend="75" fileid="14" />
                <BranchPoint vc="0" uspid="3758" ordinal="3" offset="73" sl="3175" path="1" offsetend="81" fileid="14" />
              </BranchPoints>
              <MethodPoint xsi:type="SequencePoint" vc="0" uspid="3741" ordinal="0" offset="0" sl="3164" sc="9" el="3164" ec="10" bec="0" bev="0" fileid="14" />
            </Method>
            <Method visited="false" cyclomaticComplexity="5" nPathComplexity="16" sequenceCoverage="0" branchCoverage="0" crapScore="30" isConstructor="false" isStatic="false" isGetter="false" isSetter="false">
              <Summary numSequencePoints="19" visitedSequencePoints="0" numBranchPoints="9" visitedBranchPoints="0" sequenceCoverage="0" branchCoverage="0" maxCyclomaticComplexity="5" minCyclomaticComplexity="5" maxCrapScore="30" minCrapScore="30" visitedClasses="0" numClasses="0" visitedMethods="0" numMethods="1" />
              <MetadataToken>100663403</MetadataToken>
              <Name>System.Boolean ExMat.VM.ExVM::DoDerefInc(ExMat.OPs.ExOperationCode,ExMat.Objects.ExObject,ExMat.Objects.ExObject&amp;,ExMat.Objects.ExObject&amp;,ExMat.Objects.ExObject,System.Boolean,ExMat.ExFallback)</Name>
              <FileRef uid="14" />
              <SequencePoints>
                <SequencePoint vc="0" uspid="3759" ordinal="0" offset="0" sl="3186" sc="9" el="3186" ec="10" bec="0" bev="0" fileid="14" />
                <SequencePoint vc="0" uspid="3760" ordinal="1" offset="1" sl="3187" sc="13" el="3187" ec="34" bec="0" bev="0" fileid="14" />
                <SequencePoint vc="0" uspid="3761" ordinal="2" offset="7" sl="3188" sc="13" el="3188" ec="31" bec="0" bev="0" fileid="14" />
                <SequencePoint vc="0" uspid="3762" ordinal="3" offset="11" sl="3189" sc="13" el="3189" ec="34" bec="0" bev="0" fileid="14" />
                <SequencePoint vc="0" uspid="3763" ordinal="4" offset="14" sl="3190" sc="13" el="3190" ec="58" bec="2" bev="0" fileid="14" />
                <SequencePoint vc="0" uspid="3764" ordinal="5" offset="36" sl="3191" sc="13" el="3191" ec="14" bec="0" bev="0" fileid="14" />
                <SequencePoint vc="0" uspid="3765" ordinal="6" offset="37" sl="3192" sc="17" el="3192" ec="30" bec="0" bev="0" fileid="14" />
                <SequencePoint vc="0" uspid="3766" ordinal="7" offset="42" sl="3195" sc="13" el="3195" ec="54" bec="2" bev="0" fileid="14" />
                <SequencePoint vc="0" uspid="3767" ordinal="8" offset="63" sl="3196" sc="13" el="3196" ec="14" bec="0" bev="0" fileid="14" />
                <SequencePoint vc="0" uspid="3768" ordinal="9" offset="64" sl="3197" sc="17" el="3197" ec="30" bec="0" bev="0" fileid="14" />
                <SequencePoint vc="0" uspid="3769" ordinal="10" offset="69" sl="3200" sc="13" el="3200" ec="44" bec="2" bev="0" fileid="14" />
                <SequencePoint vc="0" uspid="3770" ordinal="11" offset="88" sl="3201" sc="13" el="3201" ec="14" bec="0" bev="0" fileid="14" />
                <SequencePoint vc="0" uspid="3771" ordinal="12" offset="89" sl="3202" sc="17" el="3202" ec="30" bec="0" bev="0" fileid="14" />
                <SequencePoint vc="0" uspid="3772" ordinal="13" offset="94" sl="3204" sc="13" el="3204" ec="22" bec="2" bev="0" fileid="14" />
                <SequencePoint vc="0" uspid="3773" ordinal="14" offset="102" sl="3205" sc="13" el="3205" ec="14" bec="0" bev="0" fileid="14" />
                <SequencePoint vc="0" uspid="3774" ordinal="15" offset="103" sl="3206" sc="17" el="3206" ec="31" bec="0" bev="0" fileid="14" />
                <SequencePoint vc="0" uspid="3775" ordinal="16" offset="111" sl="3207" sc="13" el="3207" ec="14" bec="0" bev="0" fileid="14" />
                <SequencePoint vc="0" uspid="3776" ordinal="17" offset="112" sl="3208" sc="13" el="3208" ec="25" bec="0" bev="0" fileid="14" />
                <SequencePoint vc="0" uspid="3777" ordinal="18" offset="117" sl="3209" sc="9" el="3209" ec="10" bec="0" bev="0" fileid="14" />
              </SequencePoints>
              <BranchPoints>
                <BranchPoint vc="0" uspid="3778" ordinal="0" offset="34" sl="3190" path="0" offsetend="36" fileid="14" />
                <BranchPoint vc="0" uspid="3779" ordinal="1" offset="34" sl="3190" path="1" offsetend="42" fileid="14" />
                <BranchPoint vc="0" uspid="3780" ordinal="2" offset="61" sl="3195" path="0" offsetend="63" fileid="14" />
                <BranchPoint vc="0" uspid="3781" ordinal="3" offset="61" sl="3195" path="1" offsetend="69" fileid="14" />
                <BranchPoint vc="0" uspid="3782" ordinal="4" offset="86" sl="3200" path="0" offsetend="88" fileid="14" />
                <BranchPoint vc="0" uspid="3783" ordinal="5" offset="86" sl="3200" path="1" offsetend="94" fileid="14" />
                <BranchPoint vc="0" uspid="3784" ordinal="6" offset="100" sl="3204" path="0" offsetend="102" fileid="14" />
                <BranchPoint vc="0" uspid="3785" ordinal="7" offset="100" sl="3204" path="1" offsetend="112" fileid="14" />
              </BranchPoints>
              <MethodPoint xsi:type="SequencePoint" vc="0" uspid="3759" ordinal="0" offset="0" sl="3186" sc="9" el="3186" ec="10" bec="0" bev="0" fileid="14" />
            </Method>
            <Method visited="false" cyclomaticComplexity="2" nPathComplexity="2" sequenceCoverage="0" branchCoverage="0" crapScore="6" isConstructor="false" isStatic="false" isGetter="false" isSetter="false">
              <Summary numSequencePoints="9" visitedSequencePoints="0" numBranchPoints="3" visitedBranchPoints="0" sequenceCoverage="0" branchCoverage="0" maxCyclomaticComplexity="2" minCyclomaticComplexity="2" maxCrapScore="6" minCrapScore="6" visitedClasses="0" numClasses="0" visitedMethods="0" numMethods="1" />
              <MetadataToken>100663404</MetadataToken>
              <Name>System.Boolean ExMat.VM.ExVM::DoVarInc(ExMat.OPs.ExOperationCode,ExMat.Objects.ExObject&amp;,ExMat.Objects.ExObject&amp;,ExMat.Objects.ExObject)</Name>
              <FileRef uid="14" />
              <SequencePoints>
                <SequencePoint vc="0" uspid="3786" ordinal="0" offset="0" sl="3212" sc="9" el="3212" ec="10" bec="0" bev="0" fileid="14" />
                <SequencePoint vc="0" uspid="3787" ordinal="1" offset="1" sl="3213" sc="13" el="3213" ec="34" bec="0" bev="0" fileid="14" />
                <SequencePoint vc="0" uspid="3788" ordinal="2" offset="7" sl="3214" sc="13" el="3214" ec="55" bec="2" bev="0" fileid="14" />
                <SequencePoint vc="0" uspid="3789" ordinal="3" offset="27" sl="3215" sc="13" el="3215" ec="14" bec="0" bev="0" fileid="14" />
                <SequencePoint vc="0" uspid="3790" ordinal="4" offset="28" sl="3216" sc="17" el="3216" ec="30" bec="0" bev="0" fileid="14" />
                <SequencePoint vc="0" uspid="3791" ordinal="5" offset="32" sl="3218" sc="13" el="3218" ec="25" bec="0" bev="0" fileid="14" />
                <SequencePoint vc="0" uspid="3792" ordinal="6" offset="42" sl="3219" sc="13" el="3219" ec="27" bec="0" bev="0" fileid="14" />
                <SequencePoint vc="0" uspid="3793" ordinal="7" offset="51" sl="3220" sc="13" el="3220" ec="25" bec="0" bev="0" fileid="14" />
                <SequencePoint vc="0" uspid="3794" ordinal="8" offset="55" sl="3221" sc="9" el="3221" ec="10" bec="0" bev="0" fileid="14" />
              </SequencePoints>
              <BranchPoints>
                <BranchPoint vc="0" uspid="3795" ordinal="0" offset="25" sl="3214" path="0" offsetend="27" fileid="14" />
                <BranchPoint vc="0" uspid="3796" ordinal="1" offset="25" sl="3214" path="1" offsetend="32" fileid="14" />
              </BranchPoints>
              <MethodPoint xsi:type="SequencePoint" vc="0" uspid="3786" ordinal="0" offset="0" sl="3212" sc="9" el="3212" ec="10" bec="0" bev="0" fileid="14" />
            </Method>
            <Method visited="false" cyclomaticComplexity="4" nPathComplexity="8" sequenceCoverage="0" branchCoverage="0" crapScore="20" isConstructor="false" isStatic="false" isGetter="false" isSetter="false">
              <Summary numSequencePoints="24" visitedSequencePoints="0" numBranchPoints="7" visitedBranchPoints="0" sequenceCoverage="0" branchCoverage="0" maxCyclomaticComplexity="4" minCyclomaticComplexity="4" maxCrapScore="20" minCrapScore="20" visitedClasses="0" numClasses="0" visitedMethods="0" numMethods="1" />
              <MetadataToken>100663405</MetadataToken>
              <Name>System.Boolean ExMat.VM.ExVM::DoClassOP(ExMat.Objects.ExObject,System.Int32,System.Int32)</Name>
              <FileRef uid="14" />
              <SequencePoints>
                <SequencePoint vc="0" uspid="3797" ordinal="0" offset="0" sl="3224" sc="9" el="3224" ec="10" bec="0" bev="0" fileid="14" />
                <SequencePoint vc="0" uspid="3798" ordinal="1" offset="1" sl="3225" sc="13" el="3225" ec="39" bec="0" bev="0" fileid="14" />
                <SequencePoint vc="0" uspid="3799" ordinal="2" offset="3" sl="3226" sc="13" el="3226" ec="35" bec="0" bev="0" fileid="14" />
                <SequencePoint vc="0" uspid="3800" ordinal="3" offset="9" sl="3227" sc="13" el="3227" ec="28" bec="2" bev="0" fileid="14" />
                <SequencePoint vc="0" uspid="3801" ordinal="4" offset="20" sl="3228" sc="13" el="3228" ec="14" bec="0" bev="0" fileid="14" />
                <SequencePoint vc="0" uspid="3802" ordinal="5" offset="21" sl="3230" sc="17" el="3230" ec="30" bec="0" bev="0" fileid="14" />
                <SequencePoint vc="0" uspid="3803" ordinal="6" offset="28" sl="3233" sc="13" el="3233" ec="47" bec="2" bev="0" fileid="14" />
                <SequencePoint vc="0" uspid="3804" ordinal="7" offset="45" sl="3234" sc="13" el="3234" ec="14" bec="0" bev="0" fileid="14" />
                <SequencePoint vc="0" uspid="3805" ordinal="8" offset="46" sl="3235" sc="17" el="3235" ec="54" bec="0" bev="0" fileid="14" />
                <SequencePoint vc="0" uspid="3806" ordinal="9" offset="68" sl="3236" sc="13" el="3236" ec="14" bec="0" bev="0" fileid="14" />
                <SequencePoint vc="0" uspid="3807" ordinal="10" offset="69" sl="3238" sc="13" el="3238" ec="68" bec="0" bev="0" fileid="14" />
                <SequencePoint vc="0" uspid="3808" ordinal="11" offset="88" sl="3240" sc="13" el="3240" ec="95" bec="2" bev="0" fileid="14" />
                <SequencePoint vc="0" uspid="3809" ordinal="12" offset="117" sl="3241" sc="13" el="3241" ec="14" bec="0" bev="0" fileid="14" />
                <SequencePoint vc="0" uspid="3810" ordinal="13" offset="118" sl="3242" sc="17" el="3242" ec="28" bec="0" bev="0" fileid="14" />
                <SequencePoint vc="0" uspid="3811" ordinal="14" offset="121" sl="3243" sc="17" el="3243" ec="36" bec="0" bev="0" fileid="14" />
                <SequencePoint vc="0" uspid="3812" ordinal="15" offset="128" sl="3244" sc="17" el="3244" ec="30" bec="0" bev="0" fileid="14" />
                <SequencePoint vc="0" uspid="3813" ordinal="16" offset="136" sl="3245" sc="17" el="3245" ec="28" bec="0" bev="0" fileid="14" />
                <SequencePoint vc="0" uspid="3814" ordinal="17" offset="144" sl="3246" sc="17" el="3246" ec="86" bec="0" bev="0" fileid="14" />
                <SequencePoint vc="0" uspid="3815" ordinal="18" offset="164" sl="3247" sc="17" el="3247" ec="56" bec="0" bev="0" fileid="14" />
                <SequencePoint vc="0" uspid="3816" ordinal="19" offset="187" sl="3248" sc="17" el="3248" ec="25" bec="0" bev="0" fileid="14" />
                <SequencePoint vc="0" uspid="3817" ordinal="20" offset="196" sl="3249" sc="13" el="3249" ec="14" bec="0" bev="0" fileid="14" />
                <SequencePoint vc="0" uspid="3818" ordinal="21" offset="197" sl="3250" sc="13" el="3250" ec="55" bec="0" bev="0" fileid="14" />
                <SequencePoint vc="0" uspid="3819" ordinal="22" offset="215" sl="3251" sc="13" el="3251" ec="25" bec="0" bev="0" fileid="14" />
                <SequencePoint vc="0" uspid="3820" ordinal="23" offset="219" sl="3252" sc="9" el="3252" ec="10" bec="0" bev="0" fileid="14" />
              </SequencePoints>
              <BranchPoints>
                <BranchPoint vc="0" uspid="3821" ordinal="0" offset="18" sl="3227" path="0" offsetend="20" fileid="14" />
                <BranchPoint vc="0" uspid="3822" ordinal="1" offset="18" sl="3227" path="1" offsetend="28" fileid="14" />
                <BranchPoint vc="0" uspid="3823" ordinal="2" offset="43" sl="3233" path="0" offsetend="45" fileid="14" />
                <BranchPoint vc="0" uspid="3824" ordinal="3" offset="43" sl="3233" path="1" offsetend="69" fileid="14" />
                <BranchPoint vc="0" uspid="3825" ordinal="4" offset="115" sl="3240" path="0" offsetend="117" fileid="14" />
                <BranchPoint vc="0" uspid="3826" ordinal="5" offset="115" sl="3240" path="1" offsetend="197" fileid="14" />
              </BranchPoints>
              <MethodPoint xsi:type="SequencePoint" vc="0" uspid="3797" ordinal="0" offset="0" sl="3224" sc="9" el="3224" ec="10" bec="0" bev="0" fileid="14" />
            </Method>
            <Method visited="false" cyclomaticComplexity="12" nPathComplexity="64" sequenceCoverage="0" branchCoverage="0" crapScore="156" isConstructor="false" isStatic="true" isGetter="false" isSetter="false">
              <Summary numSequencePoints="4" visitedSequencePoints="0" numBranchPoints="13" visitedBranchPoints="0" sequenceCoverage="0" branchCoverage="0" maxCyclomaticComplexity="12" minCyclomaticComplexity="12" maxCrapScore="156" minCrapScore="156" visitedClasses="0" numClasses="0" visitedMethods="0" numMethods="1" />
              <MetadataToken>100663406</MetadataToken>
              <Name>System.Boolean ExMat.VM.ExVM::InnerNumericTypeCmp(ExMat.Objects.ExObject,ExMat.Objects.ExObject,System.Int32&amp;)</Name>
              <FileRef uid="14" />
              <SequencePoints>
                <SequencePoint vc="0" uspid="3827" ordinal="0" offset="0" sl="3255" sc="9" el="3255" ec="10" bec="0" bev="0" fileid="14" />
                <SequencePoint vc="0" uspid="3828" ordinal="1" offset="1" sl="3256" sc="13" el="3258" ec="87" bec="11" bev="0" fileid="14" />
                <SequencePoint vc="0" uspid="3829" ordinal="2" offset="105" sl="3260" sc="13" el="3260" ec="25" bec="0" bev="0" fileid="14" />
                <SequencePoint vc="0" uspid="3830" ordinal="3" offset="109" sl="3261" sc="9" el="3261" ec="10" bec="0" bev="0" fileid="14" />
              </SequencePoints>
              <BranchPoints>
                <BranchPoint vc="0" uspid="3831" ordinal="0" offset="13" sl="3256" path="0" offsetend="15" fileid="14" />
                <BranchPoint vc="0" uspid="3832" ordinal="1" offset="13" sl="3256" path="1" offsetend="28" fileid="14" />
                <BranchPoint vc="0" uspid="3833" ordinal="2" offset="26" sl="3256" path="0" offsetend="28" fileid="14" />
                <BranchPoint vc="0" uspid="3834" ordinal="3" offset="26" sl="3256" path="1" offsetend="67" fileid="14" />
                <BranchPoint vc="0" uspid="3835" ordinal="4" offset="41" sl="3256" path="0" offsetend="43" fileid="14" />
                <BranchPoint vc="0" uspid="3836" ordinal="5" offset="41" sl="3256" path="1" offsetend="64" fileid="14" />
                <BranchPoint vc="0" uspid="3837" ordinal="6" offset="56" sl="3256" path="0" offsetend="58" fileid="14" />
                <BranchPoint vc="0" uspid="3838" ordinal="7" offset="56" sl="3256" path="1" offsetend="61" fileid="14" />
                <BranchPoint vc="0" uspid="3839" ordinal="8" offset="80" sl="3256" path="0" offsetend="82" fileid="14" />
                <BranchPoint vc="0" uspid="3840" ordinal="9" offset="80" sl="3256" path="1" offsetend="103" fileid="14" />
                <BranchPoint vc="0" uspid="3841" ordinal="10" offset="95" sl="3256" path="0" offsetend="97" fileid="14" />
                <BranchPoint vc="0" uspid="3842" ordinal="11" offset="95" sl="3256" path="1" offsetend="100" fileid="14" />
              </BranchPoints>
              <MethodPoint xsi:type="SequencePoint" vc="0" uspid="3827" ordinal="0" offset="0" sl="3255" sc="9" el="3255" ec="10" bec="0" bev="0" fileid="14" />
            </Method>
            <Method visited="true" cyclomaticComplexity="14" nPathComplexity="256" sequenceCoverage="85.71" branchCoverage="94.12" crapScore="14.57" isConstructor="false" isStatic="true" isGetter="false" isSetter="false">
              <Summary numSequencePoints="14" visitedSequencePoints="12" numBranchPoints="17" visitedBranchPoints="16" sequenceCoverage="85.71" branchCoverage="94.12" maxCyclomaticComplexity="14" minCyclomaticComplexity="14" maxCrapScore="14.57" minCrapScore="14.57" visitedClasses="0" numClasses="0" visitedMethods="1" numMethods="1" />
              <MetadataToken>100663407</MetadataToken>
              <Name>System.Boolean ExMat.VM.ExVM::InnerSameTypeCmp(ExMat.Objects.ExObject,ExMat.Objects.ExObject,System.Int32&amp;)</Name>
              <FileRef uid="14" />
              <SequencePoints>
                <SequencePoint vc="9" uspid="3843" ordinal="0" offset="0" sl="3264" sc="9" el="3264" ec="10" bec="0" bev="0" fileid="14" />
                <SequencePoint vc="9" uspid="3844" ordinal="1" offset="1" sl="3265" sc="13" el="3265" ec="28" bec="6" bev="5" fileid="14" />
                <SequencePoint vc="3" uspid="3845" ordinal="2" offset="40" sl="3268" sc="21" el="3268" ec="22" bec="0" bev="0" fileid="14" />
                <SequencePoint vc="3" uspid="3846" ordinal="3" offset="41" sl="3269" sc="25" el="3269" ec="69" bec="2" bev="2" fileid="14" />
                <SequencePoint vc="3" uspid="3847" ordinal="4" offset="66" sl="3270" sc="25" el="3270" ec="37" bec="0" bev="0" fileid="14" />
                <SequencePoint vc="3" uspid="3848" ordinal="5" offset="70" sl="3273" sc="21" el="3273" ec="22" bec="0" bev="0" fileid="14" />
                <SequencePoint vc="3" uspid="3849" ordinal="6" offset="71" sl="3274" sc="25" el="3274" ec="93" bec="4" bev="4" fileid="14" />
                <SequencePoint vc="3" uspid="3850" ordinal="7" offset="108" sl="3275" sc="25" el="3275" ec="37" bec="0" bev="0" fileid="14" />
                <SequencePoint vc="3" uspid="3851" ordinal="8" offset="112" sl="3278" sc="21" el="3278" ec="22" bec="0" bev="0" fileid="14" />
                <SequencePoint vc="3" uspid="3852" ordinal="9" offset="113" sl="3279" sc="25" el="3279" ec="101" bec="4" bev="4" fileid="14" />
                <SequencePoint vc="3" uspid="3853" ordinal="10" offset="150" sl="3280" sc="25" el="3280" ec="37" bec="0" bev="0" fileid="14" />
                <SequencePoint vc="0" uspid="3854" ordinal="11" offset="154" sl="3283" sc="21" el="3283" ec="22" bec="0" bev="0" fileid="14" />
                <SequencePoint vc="0" uspid="3855" ordinal="12" offset="155" sl="3284" sc="25" el="3284" ec="38" bec="0" bev="0" fileid="14" />
                <SequencePoint vc="9" uspid="3856" ordinal="13" offset="159" sl="3287" sc="9" el="3287" ec="10" bec="0" bev="0" fileid="14" />
              </SequencePoints>
              <BranchPoints>
                <BranchPoint vc="6" uspid="3857" ordinal="0" offset="16" sl="3265" path="0" offsetchain="18" offsetend="20" fileid="14" />
                <BranchPoint vc="3" uspid="3858" ordinal="1" offset="16" sl="3265" path="1" offsetend="40" fileid="14" />
                <BranchPoint vc="3" uspid="3859" ordinal="2" offset="26" sl="3265" path="0" offsetchain="28" offsetend="30" fileid="14" />
                <BranchPoint vc="3" uspid="3860" ordinal="3" offset="26" sl="3265" path="1" offsetend="70" fileid="14" />
                <BranchPoint vc="0" uspid="3861" ordinal="4" offset="36" sl="3265" path="0" offsetchain="38" offsetend="154" fileid="14" />
                <BranchPoint vc="3" uspid="3862" ordinal="5" offset="36" sl="3265" path="1" offsetend="112" fileid="14" />
                <BranchPoint vc="2" uspid="3863" ordinal="6" offset="59" sl="3269" path="0" offsetend="61" fileid="14" />
                <BranchPoint vc="1" uspid="3864" ordinal="7" offset="59" sl="3269" path="1" offsetend="64" fileid="14" />
                <BranchPoint vc="2" uspid="3865" ordinal="8" offset="84" sl="3274" path="0" offsetend="86" fileid="14" />
                <BranchPoint vc="1" uspid="3866" ordinal="9" offset="84" sl="3274" path="1" offsetend="106" fileid="14" />
                <BranchPoint vc="1" uspid="3867" ordinal="10" offset="98" sl="3274" path="0" offsetend="100" fileid="14" />
                <BranchPoint vc="1" uspid="3868" ordinal="11" offset="98" sl="3274" path="1" offsetend="103" fileid="14" />
                <BranchPoint vc="2" uspid="3869" ordinal="12" offset="126" sl="3279" path="0" offsetend="128" fileid="14" />
                <BranchPoint vc="1" uspid="3870" ordinal="13" offset="126" sl="3279" path="1" offsetend="148" fileid="14" />
                <BranchPoint vc="1" uspid="3871" ordinal="14" offset="140" sl="3279" path="0" offsetend="142" fileid="14" />
                <BranchPoint vc="1" uspid="3872" ordinal="15" offset="140" sl="3279" path="1" offsetend="145" fileid="14" />
              </BranchPoints>
              <MethodPoint xsi:type="SequencePoint" vc="9" uspid="3843" ordinal="0" offset="0" sl="3264" sc="9" el="3264" ec="10" bec="0" bev="0" fileid="14" />
            </Method>
            <Method visited="true" cyclomaticComplexity="6" nPathComplexity="32" sequenceCoverage="50" branchCoverage="36.36" crapScore="10.50" isConstructor="false" isStatic="true" isGetter="false" isSetter="false">
              <Summary numSequencePoints="12" visitedSequencePoints="6" numBranchPoints="11" visitedBranchPoints="4" sequenceCoverage="50" branchCoverage="36.36" maxCyclomaticComplexity="6" minCyclomaticComplexity="6" maxCrapScore="10.50" minCrapScore="10.50" visitedClasses="0" numClasses="0" visitedMethods="1" numMethods="1" />
              <MetadataToken>100663408</MetadataToken>
              <Name>System.Boolean ExMat.VM.ExVM::InnerDoCompareOP(ExMat.Objects.ExObject,ExMat.Objects.ExObject,System.Int32&amp;)</Name>
              <FileRef uid="14" />
              <SequencePoints>
                <SequencePoint vc="9" uspid="3873" ordinal="0" offset="0" sl="3300" sc="9" el="3300" ec="10" bec="0" bev="0" fileid="14" />
                <SequencePoint vc="9" uspid="3874" ordinal="1" offset="1" sl="3301" sc="13" el="3301" ec="76" bec="4" bev="2" fileid="14" />
                <SequencePoint vc="0" uspid="3875" ordinal="2" offset="34" sl="3302" sc="13" el="3302" ec="14" bec="0" bev="0" fileid="14" />
                <SequencePoint vc="0" uspid="3876" ordinal="3" offset="35" sl="3303" sc="17" el="3303" ec="30" bec="0" bev="0" fileid="14" />
                <SequencePoint vc="9" uspid="3877" ordinal="4" offset="39" sl="3305" sc="13" el="3305" ec="34" bec="2" bev="1" fileid="14" />
                <SequencePoint vc="9" uspid="3878" ordinal="5" offset="57" sl="3306" sc="13" el="3306" ec="14" bec="0" bev="0" fileid="14" />
                <SequencePoint vc="9" uspid="3879" ordinal="6" offset="58" sl="3307" sc="17" el="3307" ec="54" bec="0" bev="0" fileid="14" />
                <SequencePoint vc="0" uspid="3880" ordinal="7" offset="69" sl="3309" sc="18" el="3309" ec="75" bec="4" bev="0" fileid="14" />
                <SequencePoint vc="0" uspid="3881" ordinal="8" offset="90" sl="3310" sc="13" el="3310" ec="14" bec="0" bev="0" fileid="14" />
                <SequencePoint vc="0" uspid="3882" ordinal="9" offset="91" sl="3311" sc="17" el="3311" ec="57" bec="0" bev="0" fileid="14" />
                <SequencePoint vc="0" uspid="3883" ordinal="10" offset="102" sl="3313" sc="13" el="3313" ec="26" bec="0" bev="0" fileid="14" />
                <SequencePoint vc="9" uspid="3884" ordinal="11" offset="106" sl="3314" sc="9" el="3314" ec="10" bec="0" bev="0" fileid="14" />
              </SequencePoints>
              <BranchPoints>
                <BranchPoint vc="9" uspid="3885" ordinal="0" offset="12" sl="3301" path="0" offsetend="14" fileid="14" />
                <BranchPoint vc="0" uspid="3886" ordinal="1" offset="12" sl="3301" path="1" offsetend="29" fileid="14" />
                <BranchPoint vc="0" uspid="3887" ordinal="2" offset="32" sl="3301" path="0" offsetend="34" fileid="14" />
                <BranchPoint vc="9" uspid="3888" ordinal="3" offset="32" sl="3301" path="1" offsetend="39" fileid="14" />
                <BranchPoint vc="9" uspid="3889" ordinal="4" offset="55" sl="3305" path="0" offsetend="57" fileid="14" />
                <BranchPoint vc="0" uspid="3890" ordinal="5" offset="55" sl="3305" path="1" offsetend="69" fileid="14" />
                <BranchPoint vc="0" uspid="3891" ordinal="6" offset="75" sl="3309" path="0" offsetend="77" fileid="14" />
                <BranchPoint vc="0" uspid="3892" ordinal="7" offset="75" sl="3309" path="1" offsetend="85" fileid="14" />
                <BranchPoint vc="0" uspid="3893" ordinal="8" offset="88" sl="3309" path="0" offsetend="90" fileid="14" />
                <BranchPoint vc="0" uspid="3894" ordinal="9" offset="88" sl="3309" path="1" offsetend="102" fileid="14" />
              </BranchPoints>
              <MethodPoint xsi:type="SequencePoint" vc="9" uspid="3873" ordinal="0" offset="0" sl="3300" sc="9" el="3300" ec="10" bec="0" bev="0" fileid="14" />
            </Method>
            <Method visited="false" cyclomaticComplexity="9" nPathComplexity="48" sequenceCoverage="0" branchCoverage="0" crapScore="90" isConstructor="false" isStatic="false" isGetter="false" isSetter="false">
              <Summary numSequencePoints="25" visitedSequencePoints="0" numBranchPoints="13" visitedBranchPoints="0" sequenceCoverage="0" branchCoverage="0" maxCyclomaticComplexity="9" minCyclomaticComplexity="9" maxCrapScore="90" minCrapScore="90" visitedClasses="0" numClasses="0" visitedMethods="0" numMethods="1" />
              <MetadataToken>100663409</MetadataToken>
              <Name>System.Boolean ExMat.VM.ExVM::DoCompareOP(ExMat.OPs.CmpOP,ExMat.Objects.ExObject,ExMat.Objects.ExObject,ExMat.Objects.ExObject)</Name>
              <FileRef uid="14" />
              <SequencePoints>
                <SequencePoint vc="0" uspid="3895" ordinal="0" offset="0" sl="3317" sc="9" el="3317" ec="10" bec="0" bev="0" fileid="14" />
                <SequencePoint vc="0" uspid="3896" ordinal="1" offset="1" sl="3318" sc="13" el="3318" ec="23" bec="0" bev="0" fileid="14" />
                <SequencePoint vc="0" uspid="3897" ordinal="2" offset="3" sl="3319" sc="13" el="3319" ec="47" bec="2" bev="0" fileid="14" />
                <SequencePoint vc="0" uspid="3898" ordinal="3" offset="16" sl="3320" sc="13" el="3320" ec="14" bec="0" bev="0" fileid="14" />
                <SequencePoint vc="0" uspid="3899" ordinal="4" offset="17" sl="3321" sc="17" el="3321" ec="29" bec="5" bev="0" fileid="14" />
                <SequencePoint vc="0" uspid="3900" ordinal="5" offset="49" sl="3324" sc="25" el="3324" ec="43" bec="0" bev="0" fileid="14" />
                <SequencePoint vc="0" uspid="3901" ordinal="6" offset="61" sl="3324" sc="44" el="3324" ec="56" bec="0" bev="0" fileid="14" />
                <SequencePoint vc="0" uspid="3902" ordinal="7" offset="69" sl="3326" sc="25" el="3326" ec="44" bec="0" bev="0" fileid="14" />
                <SequencePoint vc="0" uspid="3903" ordinal="8" offset="84" sl="3326" sc="45" el="3326" ec="57" bec="0" bev="0" fileid="14" />
                <SequencePoint vc="0" uspid="3904" ordinal="9" offset="92" sl="3328" sc="25" el="3328" ec="43" bec="0" bev="0" fileid="14" />
                <SequencePoint vc="0" uspid="3905" ordinal="10" offset="104" sl="3328" sc="44" el="3328" ec="56" bec="0" bev="0" fileid="14" />
                <SequencePoint vc="0" uspid="3906" ordinal="11" offset="112" sl="3330" sc="25" el="3330" ec="44" bec="0" bev="0" fileid="14" />
                <SequencePoint vc="0" uspid="3907" ordinal="12" offset="127" sl="3330" sc="45" el="3330" ec="57" bec="0" bev="0" fileid="14" />
                <SequencePoint vc="0" uspid="3908" ordinal="13" offset="132" sl="3332" sc="13" el="3332" ec="14" bec="0" bev="0" fileid="14" />
                <SequencePoint vc="0" uspid="3909" ordinal="14" offset="135" sl="3334" sc="13" el="3334" ec="14" bec="0" bev="0" fileid="14" />
                <SequencePoint vc="0" uspid="3910" ordinal="15" offset="136" sl="3335" sc="17" el="3335" ec="80" bec="4" bev="0" fileid="14" />
                <SequencePoint vc="0" uspid="3911" ordinal="16" offset="171" sl="3336" sc="17" el="3336" ec="18" bec="0" bev="0" fileid="14" />
                <SequencePoint vc="0" uspid="3912" ordinal="17" offset="172" sl="3337" sc="21" el="3337" ec="72" bec="0" bev="0" fileid="14" />
                <SequencePoint vc="0" uspid="3913" ordinal="18" offset="184" sl="3338" sc="17" el="3338" ec="18" bec="0" bev="0" fileid="14" />
                <SequencePoint vc="0" uspid="3914" ordinal="19" offset="187" sl="3340" sc="17" el="3340" ec="18" bec="0" bev="0" fileid="14" />
                <SequencePoint vc="0" uspid="3915" ordinal="20" offset="188" sl="3341" sc="21" el="3341" ec="111" bec="0" bev="0" fileid="14" />
                <SequencePoint vc="0" uspid="3916" ordinal="21" offset="244" sl="3342" sc="17" el="3342" ec="18" bec="0" bev="0" fileid="14" />
                <SequencePoint vc="0" uspid="3917" ordinal="22" offset="245" sl="3343" sc="13" el="3343" ec="14" bec="0" bev="0" fileid="14" />
                <SequencePoint vc="0" uspid="3918" ordinal="23" offset="246" sl="3344" sc="13" el="3344" ec="26" bec="0" bev="0" fileid="14" />
                <SequencePoint vc="0" uspid="3919" ordinal="24" offset="251" sl="3345" sc="9" el="3345" ec="10" bec="0" bev="0" fileid="14" />
              </SequencePoints>
              <BranchPoints>
                <BranchPoint vc="0" uspid="3920" ordinal="0" offset="14" sl="3319" path="0" offsetend="16" fileid="14" />
                <BranchPoint vc="0" uspid="3921" ordinal="1" offset="14" sl="3319" path="1" offsetend="135" fileid="14" />
                <BranchPoint vc="0" uspid="3922" ordinal="2" offset="22" sl="3321" path="0" offsetchain="47" offsetend="132" fileid="14" />
                <BranchPoint vc="0" uspid="3923" ordinal="3" offset="22" sl="3321" path="1" offsetend="49" fileid="14" />
                <BranchPoint vc="0" uspid="3924" ordinal="4" offset="22" sl="3321" path="2" offsetend="132" fileid="14" />
                <BranchPoint vc="0" uspid="3925" ordinal="5" offset="22" sl="3321" path="3" offsetend="69" fileid="14" />
                <BranchPoint vc="0" uspid="3926" ordinal="6" offset="22" sl="3321" path="4" offsetend="92" fileid="14" />
                <BranchPoint vc="0" uspid="3927" ordinal="7" offset="22" sl="3321" path="5" offsetend="112" fileid="14" />
                <BranchPoint vc="0" uspid="3928" ordinal="8" offset="147" sl="3335" path="0" offsetend="149" fileid="14" />
                <BranchPoint vc="0" uspid="3929" ordinal="9" offset="147" sl="3335" path="1" offsetend="164" fileid="14" />
                <BranchPoint vc="0" uspid="3930" ordinal="10" offset="169" sl="3335" path="0" offsetend="171" fileid="14" />
                <BranchPoint vc="0" uspid="3931" ordinal="11" offset="169" sl="3335" path="1" offsetend="187" fileid="14" />
              </BranchPoints>
              <MethodPoint xsi:type="SequencePoint" vc="0" uspid="3895" ordinal="0" offset="0" sl="3317" sc="9" el="3317" ec="10" bec="0" bev="0" fileid="14" />
            </Method>
            <Method visited="false" cyclomaticComplexity="13" nPathComplexity="512" sequenceCoverage="0" branchCoverage="0" crapScore="182" isConstructor="false" isStatic="false" isGetter="false" isSetter="false">
              <Summary numSequencePoints="30" visitedSequencePoints="0" numBranchPoints="19" visitedBranchPoints="0" sequenceCoverage="0" branchCoverage="0" maxCyclomaticComplexity="13" minCyclomaticComplexity="13" maxCrapScore="182" minCrapScore="182" visitedClasses="0" numClasses="0" visitedMethods="0" numMethods="1" />
              <MetadataToken>100663410</MetadataToken>
              <Name>System.Boolean ExMat.VM.ExVM::ReturnValue(System.Int32,System.Int32,ExMat.Objects.ExObject&amp;,System.Boolean,System.Boolean)</Name>
              <FileRef uid="14" />
              <SequencePoints>
                <SequencePoint vc="0" uspid="3932" ordinal="0" offset="0" sl="3348" sc="9" el="3348" ec="10" bec="0" bev="0" fileid="14" />
                <SequencePoint vc="0" uspid="3933" ordinal="1" offset="1" sl="3349" sc="13" el="3349" ec="51" bec="0" bev="0" fileid="14" />
                <SequencePoint vc="0" uspid="3934" ordinal="2" offset="18" sl="3350" sc="13" el="3350" ec="61" bec="0" bev="0" fileid="14" />
                <SequencePoint vc="0" uspid="3935" ordinal="3" offset="42" sl="3352" sc="13" el="3352" ec="116" bec="4" bev="0" fileid="14" />
                <SequencePoint vc="0" uspid="3936" ordinal="4" offset="101" sl="3355" sc="13" el="3355" ec="58" bec="4" bev="0" fileid="14" />
                <SequencePoint vc="0" uspid="3937" ordinal="5" offset="125" sl="3356" sc="13" el="3356" ec="14" bec="0" bev="0" fileid="14" />
                <SequencePoint vc="0" uspid="3938" ordinal="6" offset="126" sl="3357" sc="17" el="3357" ec="64" bec="2" bev="0" fileid="14" />
                <SequencePoint vc="0" uspid="3939" ordinal="7" offset="149" sl="3358" sc="17" el="3358" ec="18" bec="0" bev="0" fileid="14" />
                <SequencePoint vc="0" uspid="3940" ordinal="8" offset="150" sl="3360" sc="21" el="3360" ec="106" bec="2" bev="0" fileid="14" />
                <SequencePoint vc="0" uspid="3941" ordinal="9" offset="203" sl="3363" sc="21" el="3363" ec="97" bec="0" bev="0" fileid="14" />
                <SequencePoint vc="0" uspid="3942" ordinal="10" offset="236" sl="3365" sc="21" el="3365" ec="36" bec="2" bev="0" fileid="14" />
                <SequencePoint vc="0" uspid="3943" ordinal="11" offset="244" sl="3366" sc="21" el="3366" ec="22" bec="0" bev="0" fileid="14" />
                <SequencePoint vc="0" uspid="3944" ordinal="12" offset="245" sl="3367" sc="25" el="3367" ec="87" bec="0" bev="0" fileid="14" />
                <SequencePoint vc="0" uspid="3945" ordinal="13" offset="283" sl="3368" sc="25" el="3368" ec="158" bec="0" bev="0" fileid="14" />
                <SequencePoint vc="0" uspid="3946" ordinal="14" offset="359" sl="3369" sc="21" el="3369" ec="22" bec="0" bev="0" fileid="14" />
                <SequencePoint vc="0" uspid="3947" ordinal="15" offset="360" sl="3372" sc="21" el="3372" ec="49" bec="2" bev="0" fileid="14" />
                <SequencePoint vc="0" uspid="3948" ordinal="16" offset="377" sl="3373" sc="21" el="3373" ec="22" bec="0" bev="0" fileid="14" />
                <SequencePoint vc="0" uspid="3949" ordinal="17" offset="378" sl="3374" sc="25" el="3374" ec="99" bec="0" bev="0" fileid="14" />
                <SequencePoint vc="0" uspid="3950" ordinal="18" offset="392" sl="3375" sc="21" el="3375" ec="22" bec="0" bev="0" fileid="14" />
                <SequencePoint vc="0" uspid="3951" ordinal="19" offset="393" sl="3376" sc="21" el="3376" ec="33" bec="0" bev="0" fileid="14" />
                <SequencePoint vc="0" uspid="3952" ordinal="20" offset="398" sl="3379" sc="17" el="3379" ec="18" bec="0" bev="0" fileid="14" />
                <SequencePoint vc="0" uspid="3953" ordinal="21" offset="399" sl="3380" sc="21" el="3380" ec="33" bec="0" bev="0" fileid="14" />
                <SequencePoint vc="0" uspid="3954" ordinal="22" offset="406" sl="3381" sc="17" el="3381" ec="18" bec="0" bev="0" fileid="14" />
                <SequencePoint vc="0" uspid="3955" ordinal="23" offset="407" sl="3382" sc="13" el="3382" ec="14" bec="0" bev="0" fileid="14" />
                <SequencePoint vc="0" uspid="3956" ordinal="24" offset="408" sl="3384" sc="13" el="3384" ec="31" bec="2" bev="0" fileid="14" />
                <SequencePoint vc="0" uspid="3957" ordinal="25" offset="424" sl="3385" sc="13" el="3385" ec="14" bec="0" bev="0" fileid="14" />
                <SequencePoint vc="0" uspid="3958" ordinal="26" offset="425" sl="3386" sc="17" el="3386" ec="91" bec="0" bev="0" fileid="14" />
                <SequencePoint vc="0" uspid="3959" ordinal="27" offset="439" sl="3387" sc="13" el="3387" ec="14" bec="0" bev="0" fileid="14" />
                <SequencePoint vc="0" uspid="3960" ordinal="28" offset="440" sl="3388" sc="13" el="3388" ec="25" bec="0" bev="0" fileid="14" />
                <SequencePoint vc="0" uspid="3961" ordinal="29" offset="445" sl="3389" sc="9" el="3389" ec="10" bec="0" bev="0" fileid="14" />
              </SequencePoints>
              <BranchPoints>
                <BranchPoint vc="0" uspid="3962" ordinal="0" offset="43" sl="3352" path="0" offsetend="45" fileid="14" />
                <BranchPoint vc="0" uspid="3963" ordinal="1" offset="43" sl="3352" path="1" offsetend="98" fileid="14" />
                <BranchPoint vc="0" uspid="3964" ordinal="2" offset="62" sl="3352" path="0" offsetend="64" fileid="14" />
                <BranchPoint vc="0" uspid="3965" ordinal="3" offset="62" sl="3352" path="1" offsetend="91" fileid="14" />
                <BranchPoint vc="0" uspid="3966" ordinal="4" offset="107" sl="3355" path="0" offsetend="109" fileid="14" />
                <BranchPoint vc="0" uspid="3967" ordinal="5" offset="107" sl="3355" path="1" offsetend="117" fileid="14" />
                <BranchPoint vc="0" uspid="3968" ordinal="6" offset="120" sl="3355" path="0" offsetend="125" fileid="14" />
                <BranchPoint vc="0" uspid="3969" ordinal="7" offset="120" sl="3355" path="1" offsetend="408" fileid="14" />
                <BranchPoint vc="0" uspid="3970" ordinal="8" offset="144" sl="3357" path="0" offsetend="149" fileid="14" />
                <BranchPoint vc="0" uspid="3971" ordinal="9" offset="144" sl="3357" path="1" offsetend="398" fileid="14" />
                <BranchPoint vc="0" uspid="3972" ordinal="10" offset="153" sl="3360" path="0" offsetend="155" fileid="14" />
                <BranchPoint vc="0" uspid="3973" ordinal="11" offset="153" sl="3360" path="1" offsetend="172" fileid="14" />
                <BranchPoint vc="0" uspid="3974" ordinal="12" offset="242" sl="3365" path="0" offsetend="244" fileid="14" />
                <BranchPoint vc="0" uspid="3975" ordinal="13" offset="242" sl="3365" path="1" offsetend="360" fileid="14" />
                <BranchPoint vc="0" uspid="3976" ordinal="14" offset="375" sl="3372" path="0" offsetend="377" fileid="14" />
                <BranchPoint vc="0" uspid="3977" ordinal="15" offset="375" sl="3372" path="1" offsetend="393" fileid="14" />
                <BranchPoint vc="0" uspid="3978" ordinal="16" offset="422" sl="3384" path="0" offsetend="424" fileid="14" />
                <BranchPoint vc="0" uspid="3979" ordinal="17" offset="422" sl="3384" path="1" offsetend="440" fileid="14" />
              </BranchPoints>
              <MethodPoint xsi:type="SequencePoint" vc="0" uspid="3932" ordinal="0" offset="0" sl="3348" sc="9" el="3348" ec="10" bec="0" bev="0" fileid="14" />
            </Method>
            <Method visited="true" cyclomaticComplexity="8" nPathComplexity="14" sequenceCoverage="100" branchCoverage="100" crapScore="8" isConstructor="false" isStatic="true" isGetter="false" isSetter="false">
              <Summary numSequencePoints="22" visitedSequencePoints="22" numBranchPoints="10" visitedBranchPoints="10" sequenceCoverage="100" branchCoverage="100" maxCyclomaticComplexity="8" minCyclomaticComplexity="8" maxCrapScore="8" minCrapScore="8" visitedClasses="0" numClasses="0" visitedMethods="1" numMethods="1" />
              <MetadataToken>100663411</MetadataToken>
              <Name>System.Boolean ExMat.VM.ExVM::DoBitwiseOP(System.Int64,ExMat.Objects.ExObject,ExMat.Objects.ExObject,ExMat.Objects.ExObject)</Name>
              <FileRef uid="14" />
              <SequencePoints>
                <SequencePoint vc="7" uspid="3980" ordinal="0" offset="0" sl="3400" sc="9" el="3400" ec="10" bec="0" bev="0" fileid="14" />
                <SequencePoint vc="7" uspid="3981" ordinal="1" offset="1" sl="3401" sc="13" el="3401" ec="52" bec="0" bev="0" fileid="14" />
                <SequencePoint vc="7" uspid="3982" ordinal="2" offset="15" sl="3402" sc="13" el="3402" ec="50" bec="2" bev="2" fileid="14" />
                <SequencePoint vc="6" uspid="3983" ordinal="3" offset="30" sl="3403" sc="13" el="3403" ec="14" bec="0" bev="0" fileid="14" />
                <SequencePoint vc="6" uspid="3984" ordinal="4" offset="31" sl="3404" sc="17" el="3404" ec="36" bec="6" bev="6" fileid="14" />
                <SequencePoint vc="1" uspid="3985" ordinal="5" offset="68" sl="3407" sc="25" el="3407" ec="61" bec="0" bev="0" fileid="14" />
                <SequencePoint vc="1" uspid="3986" ordinal="6" offset="88" sl="3407" sc="62" el="3407" ec="68" bec="0" bev="0" fileid="14" />
                <SequencePoint vc="1" uspid="3987" ordinal="7" offset="90" sl="3409" sc="25" el="3409" ec="61" bec="0" bev="0" fileid="14" />
                <SequencePoint vc="1" uspid="3988" ordinal="8" offset="110" sl="3409" sc="62" el="3409" ec="68" bec="0" bev="0" fileid="14" />
                <SequencePoint vc="1" uspid="3989" ordinal="9" offset="112" sl="3411" sc="25" el="3411" ec="61" bec="0" bev="0" fileid="14" />
                <SequencePoint vc="1" uspid="3990" ordinal="10" offset="132" sl="3411" sc="62" el="3411" ec="68" bec="0" bev="0" fileid="14" />
                <SequencePoint vc="1" uspid="3991" ordinal="11" offset="134" sl="3413" sc="25" el="3413" ec="67" bec="0" bev="0" fileid="14" />
                <SequencePoint vc="1" uspid="3992" ordinal="12" offset="158" sl="3413" sc="68" el="3413" ec="74" bec="0" bev="0" fileid="14" />
                <SequencePoint vc="1" uspid="3993" ordinal="13" offset="160" sl="3415" sc="25" el="3415" ec="67" bec="0" bev="0" fileid="14" />
                <SequencePoint vc="1" uspid="3994" ordinal="14" offset="184" sl="3415" sc="68" el="3415" ec="74" bec="0" bev="0" fileid="14" />
                <SequencePoint vc="1" uspid="3995" ordinal="15" offset="186" sl="3417" sc="25" el="3417" ec="26" bec="0" bev="0" fileid="14" />
                <SequencePoint vc="1" uspid="3996" ordinal="16" offset="187" sl="3418" sc="29" el="3418" ec="42" bec="0" bev="0" fileid="14" />
                <SequencePoint vc="5" uspid="3997" ordinal="17" offset="192" sl="3421" sc="13" el="3421" ec="14" bec="0" bev="0" fileid="14" />
                <SequencePoint vc="1" uspid="3998" ordinal="18" offset="195" sl="3423" sc="13" el="3423" ec="14" bec="0" bev="0" fileid="14" />
                <SequencePoint vc="1" uspid="3999" ordinal="19" offset="196" sl="3424" sc="17" el="3424" ec="30" bec="0" bev="0" fileid="14" />
                <SequencePoint vc="5" uspid="4000" ordinal="20" offset="201" sl="3426" sc="13" el="3426" ec="25" bec="0" bev="0" fileid="14" />
                <SequencePoint vc="7" uspid="4001" ordinal="21" offset="206" sl="3427" sc="9" el="3427" ec="10" bec="0" bev="0" fileid="14" />
              </SequencePoints>
              <BranchPoints>
                <BranchPoint vc="6" uspid="4002" ordinal="0" offset="25" sl="3402" path="0" offsetend="30" fileid="14" />
                <BranchPoint vc="1" uspid="4003" ordinal="1" offset="25" sl="3402" path="1" offsetend="195" fileid="14" />
                <BranchPoint vc="1" uspid="4004" ordinal="2" offset="37" sl="3404" path="0" offsetchain="66" offsetend="186" fileid="14" />
                <BranchPoint vc="1" uspid="4005" ordinal="3" offset="37" sl="3404" path="1" offsetend="68" fileid="14" />
                <BranchPoint vc="1" uspid="4006" ordinal="4" offset="37" sl="3404" path="2" offsetend="186" fileid="14" />
                <BranchPoint vc="1" uspid="4007" ordinal="5" offset="37" sl="3404" path="3" offsetend="90" fileid="14" />
                <BranchPoint vc="1" uspid="4008" ordinal="6" offset="37" sl="3404" path="4" offsetend="112" fileid="14" />
                <BranchPoint vc="1" uspid="4009" ordinal="7" offset="37" sl="3404" path="5" offsetend="134" fileid="14" />
                <BranchPoint vc="1" uspid="4010" ordinal="8" offset="37" sl="3404" path="6" offsetend="160" fileid="14" />
              </BranchPoints>
              <MethodPoint xsi:type="SequencePoint" vc="7" uspid="3980" ordinal="0" offset="0" sl="3400" sc="9" el="3400" ec="10" bec="0" bev="0" fileid="14" />
            </Method>
            <Method visited="true" cyclomaticComplexity="5" nPathComplexity="4" sequenceCoverage="100" branchCoverage="100" crapScore="5" isConstructor="false" isStatic="true" isGetter="false" isSetter="false">
              <Summary numSequencePoints="3" visitedSequencePoints="3" numBranchPoints="5" visitedBranchPoints="5" sequenceCoverage="100" branchCoverage="100" maxCyclomaticComplexity="5" minCyclomaticComplexity="5" maxCrapScore="5" minCrapScore="5" visitedClasses="0" numClasses="0" visitedMethods="1" numMethods="1" />
              <MetadataToken>100663412</MetadataToken>
              <Name>System.Double ExMat.VM.ExVM::HandleZeroInDivision(System.Double)</Name>
              <FileRef uid="14" />
              <SequencePoints>
                <SequencePoint vc="12" uspid="4011" ordinal="0" offset="0" sl="3430" sc="9" el="3430" ec="10" bec="0" bev="0" fileid="14" />
                <SequencePoint vc="12" uspid="4012" ordinal="1" offset="1" sl="3431" sc="13" el="3431" ec="100" bec="4" bev="4" fileid="14" />
                <SequencePoint vc="12" uspid="4013" ordinal="2" offset="59" sl="3432" sc="9" el="3432" ec="10" bec="0" bev="0" fileid="14" />
              </SequencePoints>
              <BranchPoints>
                <BranchPoint vc="8" uspid="4014" ordinal="0" offset="11" sl="3431" path="0" offsetend="13" fileid="14" />
                <BranchPoint vc="4" uspid="4015" ordinal="1" offset="11" sl="3431" path="1" offsetend="47" fileid="14" />
                <BranchPoint vc="4" uspid="4016" ordinal="2" offset="23" sl="3431" path="0" offsetend="25" fileid="14" />
                <BranchPoint vc="4" uspid="4017" ordinal="3" offset="23" sl="3431" path="1" offsetend="36" fileid="14" />
              </BranchPoints>
              <MethodPoint xsi:type="SequencePoint" vc="12" uspid="4011" ordinal="0" offset="0" sl="3430" sc="9" el="3430" ec="10" bec="0" bev="0" fileid="14" />
            </Method>
            <Method visited="true" cyclomaticComplexity="10" nPathComplexity="64" sequenceCoverage="100" branchCoverage="93.33" crapScore="10" isConstructor="false" isStatic="true" isGetter="false" isSetter="false">
              <Summary numSequencePoints="16" visitedSequencePoints="16" numBranchPoints="15" visitedBranchPoints="14" sequenceCoverage="100" branchCoverage="93.33" maxCyclomaticComplexity="10" minCyclomaticComplexity="10" maxCrapScore="10" minCrapScore="10" visitedClasses="0" numClasses="0" visitedMethods="1" numMethods="1" />
              <MetadataToken>100663413</MetadataToken>
              <Name>System.Boolean ExMat.VM.ExVM::InnerDoArithmeticOPInt(ExMat.OPs.ExOperationCode,System.Int64,System.Int64,ExMat.Objects.ExObject&amp;)</Name>
              <FileRef uid="14" />
              <SequencePoints>
                <SequencePoint vc="13" uspid="4018" ordinal="0" offset="0" sl="3443" sc="9" el="3443" ec="10" bec="0" bev="0" fileid="14" />
                <SequencePoint vc="13" uspid="4019" ordinal="1" offset="1" sl="3444" sc="13" el="3444" ec="24" bec="7" bev="7" fileid="14" />
                <SequencePoint vc="1" uspid="4020" ordinal="2" offset="51" sl="3446" sc="43" el="3446" ec="60" bec="0" bev="0" fileid="14" />
                <SequencePoint vc="1" uspid="4021" ordinal="3" offset="61" sl="3446" sc="61" el="3446" ec="67" bec="0" bev="0" fileid="14" />
                <SequencePoint vc="1" uspid="4022" ordinal="4" offset="63" sl="3447" sc="43" el="3447" ec="60" bec="0" bev="0" fileid="14" />
                <SequencePoint vc="1" uspid="4023" ordinal="5" offset="73" sl="3447" sc="61" el="3447" ec="67" bec="0" bev="0" fileid="14" />
                <SequencePoint vc="1" uspid="4024" ordinal="6" offset="75" sl="3448" sc="43" el="3448" ec="60" bec="0" bev="0" fileid="14" />
                <SequencePoint vc="1" uspid="4025" ordinal="7" offset="85" sl="3448" sc="61" el="3448" ec="67" bec="0" bev="0" fileid="14" />
                <SequencePoint vc="1" uspid="4026" ordinal="8" offset="87" sl="3449" sc="43" el="3449" ec="69" bec="0" bev="0" fileid="14" />
                <SequencePoint vc="1" uspid="4027" ordinal="9" offset="103" sl="3449" sc="70" el="3449" ec="76" bec="0" bev="0" fileid="14" />
                <SequencePoint vc="8" uspid="4028" ordinal="10" offset="105" sl="3452" sc="21" el="3452" ec="22" bec="0" bev="0" fileid="14" />
                <SequencePoint vc="8" uspid="4029" ordinal="11" offset="106" sl="3453" sc="25" el="3453" ec="126" bec="4" bev="4" fileid="14" />
                <SequencePoint vc="8" uspid="4030" ordinal="12" offset="143" sl="3454" sc="25" el="3454" ec="31" bec="0" bev="0" fileid="14" />
                <SequencePoint vc="1" uspid="4031" ordinal="13" offset="145" sl="3456" sc="26" el="3456" ec="39" bec="0" bev="0" fileid="14" />
                <SequencePoint vc="12" uspid="4032" ordinal="14" offset="149" sl="3458" sc="13" el="3458" ec="25" bec="0" bev="0" fileid="14" />
                <SequencePoint vc="13" uspid="4033" ordinal="15" offset="153" sl="3459" sc="9" el="3459" ec="10" bec="0" bev="0" fileid="14" />
              </SequencePoints>
              <BranchPoints>
                <BranchPoint vc="9" uspid="4034" ordinal="0" offset="8" sl="3444" path="0" offsetchain="10" offsetend="12" fileid="14" />
                <BranchPoint vc="4" uspid="4035" ordinal="1" offset="8" sl="3444" path="1" offsetend="105" fileid="14" />
                <BranchPoint vc="1" uspid="4036" ordinal="2" offset="16" sl="3444" path="0" offsetchain="49" offsetend="145" fileid="14" />
                <BranchPoint vc="1" uspid="4037" ordinal="3" offset="16" sl="3444" path="1" offsetend="75" fileid="14" />
                <BranchPoint vc="1" uspid="4038" ordinal="4" offset="16" sl="3444" path="2" offsetend="51" fileid="14" />
                <BranchPoint vc="0" uspid="4039" ordinal="5" offset="16" sl="3444" path="3" offsetend="145" fileid="14" />
                <BranchPoint vc="1" uspid="4040" ordinal="6" offset="16" sl="3444" path="4" offsetend="63" fileid="14" />
                <BranchPoint vc="1" uspid="4041" ordinal="7" offset="16" sl="3444" path="5" offsetend="145" fileid="14" />
                <BranchPoint vc="8" uspid="4042" ordinal="8" offset="16" sl="3444" path="6" offsetend="105" fileid="14" />
                <BranchPoint vc="1" uspid="4043" ordinal="9" offset="16" sl="3444" path="7" offsetend="87" fileid="14" />
                <BranchPoint vc="2" uspid="4044" ordinal="10" offset="108" sl="3453" path="0" offsetend="110" fileid="14" />
                <BranchPoint vc="6" uspid="4045" ordinal="11" offset="108" sl="3453" path="1" offsetend="130" fileid="14" />
                <BranchPoint vc="1" uspid="4046" ordinal="12" offset="113" sl="3453" path="0" offsetend="115" fileid="14" />
                <BranchPoint vc="1" uspid="4047" ordinal="13" offset="113" sl="3453" path="1" offsetend="120" fileid="14" />
              </BranchPoints>
              <MethodPoint xsi:type="SequencePoint" vc="13" uspid="4018" ordinal="0" offset="0" sl="3443" sc="9" el="3443" ec="10" bec="0" bev="0" fileid="14" />
            </Method>
            <Method visited="true" cyclomaticComplexity="10" nPathComplexity="64" sequenceCoverage="100" branchCoverage="93.33" crapScore="10" isConstructor="false" isStatic="true" isGetter="false" isSetter="false">
              <Summary numSequencePoints="19" visitedSequencePoints="19" numBranchPoints="15" visitedBranchPoints="14" sequenceCoverage="100" branchCoverage="93.33" maxCyclomaticComplexity="10" minCyclomaticComplexity="10" maxCrapScore="10" minCrapScore="10" visitedClasses="0" numClasses="0" visitedMethods="1" numMethods="1" />
              <MetadataToken>100663414</MetadataToken>
              <Name>System.Boolean ExMat.VM.ExVM::InnerDoArithmeticOPFloat(ExMat.OPs.ExOperationCode,System.Double,System.Double,ExMat.Objects.ExObject&amp;)</Name>
              <FileRef uid="14" />
              <SequencePoints>
                <SequencePoint vc="13" uspid="4048" ordinal="0" offset="0" sl="3470" sc="9" el="3470" ec="10" bec="0" bev="0" fileid="14" />
                <SequencePoint vc="13" uspid="4049" ordinal="1" offset="1" sl="3471" sc="13" el="3471" ec="24" bec="8" bev="8" fileid="14" />
                <SequencePoint vc="1" uspid="4050" ordinal="2" offset="51" sl="3473" sc="43" el="3473" ec="60" bec="0" bev="0" fileid="14" />
                <SequencePoint vc="1" uspid="4051" ordinal="3" offset="61" sl="3473" sc="61" el="3473" ec="67" bec="0" bev="0" fileid="14" />
                <SequencePoint vc="1" uspid="4052" ordinal="4" offset="63" sl="3474" sc="43" el="3474" ec="60" bec="0" bev="0" fileid="14" />
                <SequencePoint vc="1" uspid="4053" ordinal="5" offset="73" sl="3474" sc="61" el="3474" ec="67" bec="0" bev="0" fileid="14" />
                <SequencePoint vc="1" uspid="4054" ordinal="6" offset="75" sl="3475" sc="43" el="3475" ec="60" bec="0" bev="0" fileid="14" />
                <SequencePoint vc="1" uspid="4055" ordinal="7" offset="85" sl="3475" sc="61" el="3475" ec="67" bec="0" bev="0" fileid="14" />
                <SequencePoint vc="1" uspid="4056" ordinal="8" offset="87" sl="3476" sc="43" el="3476" ec="69" bec="0" bev="0" fileid="14" />
                <SequencePoint vc="1" uspid="4057" ordinal="9" offset="101" sl="3476" sc="70" el="3476" ec="76" bec="0" bev="0" fileid="14" />
                <SequencePoint vc="4" uspid="4058" ordinal="10" offset="103" sl="3478" sc="21" el="3478" ec="22" bec="0" bev="0" fileid="14" />
                <SequencePoint vc="4" uspid="4059" ordinal="11" offset="104" sl="3479" sc="25" el="3479" ec="79" bec="2" bev="2" fileid="14" />
                <SequencePoint vc="4" uspid="4060" ordinal="12" offset="134" sl="3480" sc="25" el="3480" ec="31" bec="0" bev="0" fileid="14" />
                <SequencePoint vc="4" uspid="4061" ordinal="13" offset="136" sl="3483" sc="21" el="3483" ec="22" bec="0" bev="0" fileid="14" />
                <SequencePoint vc="4" uspid="4062" ordinal="14" offset="137" sl="3484" sc="25" el="3484" ec="79" bec="2" bev="2" fileid="14" />
                <SequencePoint vc="4" uspid="4063" ordinal="15" offset="167" sl="3485" sc="25" el="3485" ec="31" bec="0" bev="0" fileid="14" />
                <SequencePoint vc="1" uspid="4064" ordinal="16" offset="169" sl="3487" sc="26" el="3487" ec="39" bec="0" bev="0" fileid="14" />
                <SequencePoint vc="12" uspid="4065" ordinal="17" offset="173" sl="3489" sc="13" el="3489" ec="25" bec="0" bev="0" fileid="14" />
                <SequencePoint vc="13" uspid="4066" ordinal="18" offset="177" sl="3490" sc="9" el="3490" ec="10" bec="0" bev="0" fileid="14" />
              </SequencePoints>
              <BranchPoints>
                <BranchPoint vc="9" uspid="4067" ordinal="0" offset="8" sl="3471" path="0" offsetchain="10" offsetend="12" fileid="14" />
                <BranchPoint vc="4" uspid="4068" ordinal="1" offset="8" sl="3471" path="1" offsetend="136" fileid="14" />
                <BranchPoint vc="1" uspid="4069" ordinal="2" offset="16" sl="3471" path="0" offsetchain="49" offsetend="169" fileid="14" />
                <BranchPoint vc="1" uspid="4070" ordinal="3" offset="16" sl="3471" path="1" offsetend="75" fileid="14" />
                <BranchPoint vc="1" uspid="4071" ordinal="4" offset="16" sl="3471" path="2" offsetend="51" fileid="14" />
                <BranchPoint vc="0" uspid="4072" ordinal="5" offset="16" sl="3471" path="3" offsetend="169" fileid="14" />
                <BranchPoint vc="1" uspid="4073" ordinal="6" offset="16" sl="3471" path="4" offsetend="63" fileid="14" />
                <BranchPoint vc="1" uspid="4074" ordinal="7" offset="16" sl="3471" path="5" offsetend="169" fileid="14" />
                <BranchPoint vc="4" uspid="4075" ordinal="8" offset="16" sl="3471" path="6" offsetend="103" fileid="14" />
                <BranchPoint vc="1" uspid="4076" ordinal="9" offset="16" sl="3471" path="7" offsetend="87" fileid="14" />
                <BranchPoint vc="1" uspid="4077" ordinal="10" offset="115" sl="3479" path="0" offsetend="117" fileid="14" />
                <BranchPoint vc="3" uspid="4078" ordinal="11" offset="115" sl="3479" path="1" offsetend="122" fileid="14" />
                <BranchPoint vc="1" uspid="4079" ordinal="12" offset="148" sl="3484" path="0" offsetend="150" fileid="14" />
                <BranchPoint vc="3" uspid="4080" ordinal="13" offset="148" sl="3484" path="1" offsetend="155" fileid="14" />
              </BranchPoints>
              <MethodPoint xsi:type="SequencePoint" vc="13" uspid="4048" ordinal="0" offset="0" sl="3470" sc="9" el="3470" ec="10" bec="0" bev="0" fileid="14" />
            </Method>
            <Method visited="true" cyclomaticComplexity="8" nPathComplexity="16" sequenceCoverage="100" branchCoverage="90.91" crapScore="8" isConstructor="false" isStatic="true" isGetter="false" isSetter="false">
              <Summary numSequencePoints="22" visitedSequencePoints="22" numBranchPoints="11" visitedBranchPoints="10" sequenceCoverage="100" branchCoverage="90.91" maxCyclomaticComplexity="8" minCyclomaticComplexity="8" maxCrapScore="8" minCrapScore="8" visitedClasses="0" numClasses="0" visitedMethods="1" numMethods="1" />
              <MetadataToken>100663415</MetadataToken>
              <Name>System.Boolean ExMat.VM.ExVM::InnerDoArithmeticOPComplex(ExMat.OPs.ExOperationCode,System.Numerics.Complex,System.Numerics.Complex,ExMat.Objects.ExObject&amp;)</Name>
              <FileRef uid="14" />
              <SequencePoints>
                <SequencePoint vc="7" uspid="4081" ordinal="0" offset="0" sl="3501" sc="9" el="3501" ec="10" bec="0" bev="0" fileid="14" />
                <SequencePoint vc="7" uspid="4082" ordinal="1" offset="1" sl="3502" sc="13" el="3502" ec="24" bec="8" bev="8" fileid="14" />
                <SequencePoint vc="1" uspid="4083" ordinal="2" offset="54" sl="3504" sc="43" el="3504" ec="60" bec="0" bev="0" fileid="14" />
                <SequencePoint vc="1" uspid="4084" ordinal="3" offset="68" sl="3504" sc="61" el="3504" ec="67" bec="0" bev="0" fileid="14" />
                <SequencePoint vc="1" uspid="4085" ordinal="4" offset="73" sl="3505" sc="43" el="3505" ec="60" bec="0" bev="0" fileid="14" />
                <SequencePoint vc="1" uspid="4086" ordinal="5" offset="87" sl="3505" sc="61" el="3505" ec="67" bec="0" bev="0" fileid="14" />
                <SequencePoint vc="1" uspid="4087" ordinal="6" offset="92" sl="3506" sc="43" el="3506" ec="60" bec="0" bev="0" fileid="14" />
                <SequencePoint vc="1" uspid="4088" ordinal="7" offset="106" sl="3506" sc="61" el="3506" ec="67" bec="0" bev="0" fileid="14" />
                <SequencePoint vc="1" uspid="4089" ordinal="8" offset="108" sl="3507" sc="43" el="3507" ec="56" bec="0" bev="0" fileid="14" />
                <SequencePoint vc="1" uspid="4090" ordinal="9" offset="112" sl="3509" sc="21" el="3509" ec="22" bec="0" bev="0" fileid="14" />
                <SequencePoint vc="1" uspid="4091" ordinal="10" offset="113" sl="3510" sc="25" el="3510" ec="58" bec="0" bev="0" fileid="14" />
                <SequencePoint vc="1" uspid="4092" ordinal="11" offset="121" sl="3511" sc="25" el="3511" ec="94" bec="0" bev="0" fileid="14" />
                <SequencePoint vc="1" uspid="4093" ordinal="12" offset="156" sl="3512" sc="25" el="3512" ec="38" bec="0" bev="0" fileid="14" />
                <SequencePoint vc="1" uspid="4094" ordinal="13" offset="164" sl="3513" sc="25" el="3513" ec="31" bec="0" bev="0" fileid="14" />
                <SequencePoint vc="1" uspid="4095" ordinal="14" offset="166" sl="3516" sc="21" el="3516" ec="22" bec="0" bev="0" fileid="14" />
                <SequencePoint vc="1" uspid="4096" ordinal="15" offset="167" sl="3517" sc="25" el="3517" ec="55" bec="0" bev="0" fileid="14" />
                <SequencePoint vc="1" uspid="4097" ordinal="16" offset="176" sl="3518" sc="25" el="3518" ec="94" bec="0" bev="0" fileid="14" />
                <SequencePoint vc="1" uspid="4098" ordinal="17" offset="211" sl="3519" sc="25" el="3519" ec="38" bec="0" bev="0" fileid="14" />
                <SequencePoint vc="1" uspid="4099" ordinal="18" offset="220" sl="3520" sc="25" el="3520" ec="31" bec="0" bev="0" fileid="14" />
                <SequencePoint vc="1" uspid="4100" ordinal="19" offset="222" sl="3522" sc="26" el="3522" ec="39" bec="0" bev="0" fileid="14" />
                <SequencePoint vc="5" uspid="4101" ordinal="20" offset="226" sl="3524" sc="13" el="3524" ec="25" bec="0" bev="0" fileid="14" />
                <SequencePoint vc="7" uspid="4102" ordinal="21" offset="230" sl="3525" sc="9" el="3525" ec="10" bec="0" bev="0" fileid="14" />
              </SequencePoints>
              <BranchPoints>
                <BranchPoint vc="6" uspid="4103" ordinal="0" offset="8" sl="3502" path="0" offsetchain="10" offsetend="12" fileid="14" />
                <BranchPoint vc="1" uspid="4104" ordinal="1" offset="8" sl="3502" path="1" offsetend="108" fileid="14" />
                <BranchPoint vc="1" uspid="4105" ordinal="2" offset="16" sl="3502" path="0" offsetchain="49" offsetend="222" fileid="14" />
                <BranchPoint vc="1" uspid="4106" ordinal="3" offset="16" sl="3502" path="1" offsetend="92" fileid="14" />
                <BranchPoint vc="1" uspid="4107" ordinal="4" offset="16" sl="3502" path="2" offsetend="54" fileid="14" />
                <BranchPoint vc="0" uspid="4108" ordinal="5" offset="16" sl="3502" path="3" offsetend="222" fileid="14" />
                <BranchPoint vc="1" uspid="4109" ordinal="6" offset="16" sl="3502" path="4" offsetend="73" fileid="14" />
                <BranchPoint vc="1" uspid="4110" ordinal="7" offset="16" sl="3502" path="5" offsetend="222" fileid="14" />
                <BranchPoint vc="1" uspid="4111" ordinal="8" offset="16" sl="3502" path="6" offsetend="112" fileid="14" />
                <BranchPoint vc="1" uspid="4112" ordinal="9" offset="16" sl="3502" path="7" offsetend="166" fileid="14" />
              </BranchPoints>
              <MethodPoint xsi:type="SequencePoint" vc="7" uspid="4081" ordinal="0" offset="0" sl="3501" sc="9" el="3501" ec="10" bec="0" bev="0" fileid="14" />
            </Method>
            <Method visited="false" cyclomaticComplexity="8" nPathComplexity="16" sequenceCoverage="0" branchCoverage="0" crapScore="72" isConstructor="false" isStatic="true" isGetter="false" isSetter="false">
              <Summary numSequencePoints="22" visitedSequencePoints="0" numBranchPoints="11" visitedBranchPoints="0" sequenceCoverage="0" branchCoverage="0" maxCyclomaticComplexity="8" minCyclomaticComplexity="8" maxCrapScore="72" minCrapScore="72" visitedClasses="0" numClasses="0" visitedMethods="0" numMethods="1" />
              <MetadataToken>100663416</MetadataToken>
              <Name>System.Boolean ExMat.VM.ExVM::InnerDoArithmeticOPComplex(ExMat.OPs.ExOperationCode,System.Numerics.Complex,System.Double,ExMat.Objects.ExObject&amp;)</Name>
              <FileRef uid="14" />
              <SequencePoints>
                <SequencePoint vc="0" uspid="4113" ordinal="0" offset="0" sl="3528" sc="9" el="3528" ec="10" bec="0" bev="0" fileid="14" />
                <SequencePoint vc="0" uspid="4114" ordinal="1" offset="1" sl="3529" sc="13" el="3529" ec="24" bec="8" bev="0" fileid="14" />
                <SequencePoint vc="0" uspid="4115" ordinal="2" offset="54" sl="3531" sc="43" el="3531" ec="60" bec="0" bev="0" fileid="14" />
                <SequencePoint vc="0" uspid="4116" ordinal="3" offset="68" sl="3531" sc="61" el="3531" ec="67" bec="0" bev="0" fileid="14" />
                <SequencePoint vc="0" uspid="4117" ordinal="4" offset="73" sl="3532" sc="43" el="3532" ec="60" bec="0" bev="0" fileid="14" />
                <SequencePoint vc="0" uspid="4118" ordinal="5" offset="87" sl="3532" sc="61" el="3532" ec="67" bec="0" bev="0" fileid="14" />
                <SequencePoint vc="0" uspid="4119" ordinal="6" offset="92" sl="3533" sc="43" el="3533" ec="60" bec="0" bev="0" fileid="14" />
                <SequencePoint vc="0" uspid="4120" ordinal="7" offset="106" sl="3533" sc="61" el="3533" ec="67" bec="0" bev="0" fileid="14" />
                <SequencePoint vc="0" uspid="4121" ordinal="8" offset="108" sl="3534" sc="43" el="3534" ec="56" bec="0" bev="0" fileid="14" />
                <SequencePoint vc="0" uspid="4122" ordinal="9" offset="112" sl="3536" sc="21" el="3536" ec="22" bec="0" bev="0" fileid="14" />
                <SequencePoint vc="0" uspid="4123" ordinal="10" offset="113" sl="3537" sc="25" el="3537" ec="58" bec="0" bev="0" fileid="14" />
                <SequencePoint vc="0" uspid="4124" ordinal="11" offset="121" sl="3538" sc="25" el="3538" ec="94" bec="0" bev="0" fileid="14" />
                <SequencePoint vc="0" uspid="4125" ordinal="12" offset="156" sl="3539" sc="25" el="3539" ec="38" bec="0" bev="0" fileid="14" />
                <SequencePoint vc="0" uspid="4126" ordinal="13" offset="164" sl="3540" sc="25" el="3540" ec="31" bec="0" bev="0" fileid="14" />
                <SequencePoint vc="0" uspid="4127" ordinal="14" offset="166" sl="3543" sc="21" el="3543" ec="22" bec="0" bev="0" fileid="14" />
                <SequencePoint vc="0" uspid="4128" ordinal="15" offset="167" sl="3544" sc="25" el="3544" ec="55" bec="0" bev="0" fileid="14" />
                <SequencePoint vc="0" uspid="4129" ordinal="16" offset="176" sl="3545" sc="25" el="3545" ec="94" bec="0" bev="0" fileid="14" />
                <SequencePoint vc="0" uspid="4130" ordinal="17" offset="211" sl="3546" sc="25" el="3546" ec="38" bec="0" bev="0" fileid="14" />
                <SequencePoint vc="0" uspid="4131" ordinal="18" offset="220" sl="3547" sc="25" el="3547" ec="31" bec="0" bev="0" fileid="14" />
                <SequencePoint vc="0" uspid="4132" ordinal="19" offset="222" sl="3549" sc="26" el="3549" ec="39" bec="0" bev="0" fileid="14" />
                <SequencePoint vc="0" uspid="4133" ordinal="20" offset="226" sl="3551" sc="13" el="3551" ec="25" bec="0" bev="0" fileid="14" />
                <SequencePoint vc="0" uspid="4134" ordinal="21" offset="230" sl="3552" sc="9" el="3552" ec="10" bec="0" bev="0" fileid="14" />
              </SequencePoints>
              <BranchPoints>
                <BranchPoint vc="0" uspid="4135" ordinal="0" offset="8" sl="3529" path="0" offsetchain="10" offsetend="12" fileid="14" />
                <BranchPoint vc="0" uspid="4136" ordinal="1" offset="8" sl="3529" path="1" offsetend="108" fileid="14" />
                <BranchPoint vc="0" uspid="4137" ordinal="2" offset="16" sl="3529" path="0" offsetchain="49" offsetend="222" fileid="14" />
                <BranchPoint vc="0" uspid="4138" ordinal="3" offset="16" sl="3529" path="1" offsetend="92" fileid="14" />
                <BranchPoint vc="0" uspid="4139" ordinal="4" offset="16" sl="3529" path="2" offsetend="54" fileid="14" />
                <BranchPoint vc="0" uspid="4140" ordinal="5" offset="16" sl="3529" path="3" offsetend="222" fileid="14" />
                <BranchPoint vc="0" uspid="4141" ordinal="6" offset="16" sl="3529" path="4" offsetend="73" fileid="14" />
                <BranchPoint vc="0" uspid="4142" ordinal="7" offset="16" sl="3529" path="5" offsetend="222" fileid="14" />
                <BranchPoint vc="0" uspid="4143" ordinal="8" offset="16" sl="3529" path="6" offsetend="112" fileid="14" />
                <BranchPoint vc="0" uspid="4144" ordinal="9" offset="16" sl="3529" path="7" offsetend="166" fileid="14" />
              </BranchPoints>
              <MethodPoint xsi:type="SequencePoint" vc="0" uspid="4113" ordinal="0" offset="0" sl="3528" sc="9" el="3528" ec="10" bec="0" bev="0" fileid="14" />
            </Method>
            <Method visited="false" cyclomaticComplexity="8" nPathComplexity="16" sequenceCoverage="0" branchCoverage="0" crapScore="72" isConstructor="false" isStatic="true" isGetter="false" isSetter="false">
              <Summary numSequencePoints="22" visitedSequencePoints="0" numBranchPoints="11" visitedBranchPoints="0" sequenceCoverage="0" branchCoverage="0" maxCyclomaticComplexity="8" minCyclomaticComplexity="8" maxCrapScore="72" minCrapScore="72" visitedClasses="0" numClasses="0" visitedMethods="0" numMethods="1" />
              <MetadataToken>100663417</MetadataToken>
              <Name>System.Boolean ExMat.VM.ExVM::InnerDoArithmeticOPComplex(ExMat.OPs.ExOperationCode,System.Double,System.Numerics.Complex,ExMat.Objects.ExObject&amp;)</Name>
              <FileRef uid="14" />
              <SequencePoints>
                <SequencePoint vc="0" uspid="4145" ordinal="0" offset="0" sl="3555" sc="9" el="3555" ec="10" bec="0" bev="0" fileid="14" />
                <SequencePoint vc="0" uspid="4146" ordinal="1" offset="1" sl="3556" sc="13" el="3556" ec="24" bec="8" bev="0" fileid="14" />
                <SequencePoint vc="0" uspid="4147" ordinal="2" offset="54" sl="3558" sc="43" el="3558" ec="60" bec="0" bev="0" fileid="14" />
                <SequencePoint vc="0" uspid="4148" ordinal="3" offset="68" sl="3558" sc="61" el="3558" ec="67" bec="0" bev="0" fileid="14" />
                <SequencePoint vc="0" uspid="4149" ordinal="4" offset="73" sl="3559" sc="43" el="3559" ec="60" bec="0" bev="0" fileid="14" />
                <SequencePoint vc="0" uspid="4150" ordinal="5" offset="87" sl="3559" sc="61" el="3559" ec="67" bec="0" bev="0" fileid="14" />
                <SequencePoint vc="0" uspid="4151" ordinal="6" offset="92" sl="3560" sc="43" el="3560" ec="60" bec="0" bev="0" fileid="14" />
                <SequencePoint vc="0" uspid="4152" ordinal="7" offset="106" sl="3560" sc="61" el="3560" ec="67" bec="0" bev="0" fileid="14" />
                <SequencePoint vc="0" uspid="4153" ordinal="8" offset="108" sl="3561" sc="43" el="3561" ec="56" bec="0" bev="0" fileid="14" />
                <SequencePoint vc="0" uspid="4154" ordinal="9" offset="112" sl="3563" sc="21" el="3563" ec="22" bec="0" bev="0" fileid="14" />
                <SequencePoint vc="0" uspid="4155" ordinal="10" offset="113" sl="3564" sc="25" el="3564" ec="58" bec="0" bev="0" fileid="14" />
                <SequencePoint vc="0" uspid="4156" ordinal="11" offset="121" sl="3565" sc="25" el="3565" ec="94" bec="0" bev="0" fileid="14" />
                <SequencePoint vc="0" uspid="4157" ordinal="12" offset="156" sl="3566" sc="25" el="3566" ec="38" bec="0" bev="0" fileid="14" />
                <SequencePoint vc="0" uspid="4158" ordinal="13" offset="164" sl="3567" sc="25" el="3567" ec="31" bec="0" bev="0" fileid="14" />
                <SequencePoint vc="0" uspid="4159" ordinal="14" offset="166" sl="3570" sc="21" el="3570" ec="22" bec="0" bev="0" fileid="14" />
                <SequencePoint vc="0" uspid="4160" ordinal="15" offset="167" sl="3571" sc="25" el="3571" ec="55" bec="0" bev="0" fileid="14" />
                <SequencePoint vc="0" uspid="4161" ordinal="16" offset="181" sl="3572" sc="25" el="3572" ec="94" bec="0" bev="0" fileid="14" />
                <SequencePoint vc="0" uspid="4162" ordinal="17" offset="216" sl="3573" sc="25" el="3573" ec="38" bec="0" bev="0" fileid="14" />
                <SequencePoint vc="0" uspid="4163" ordinal="18" offset="225" sl="3574" sc="25" el="3574" ec="31" bec="0" bev="0" fileid="14" />
                <SequencePoint vc="0" uspid="4164" ordinal="19" offset="227" sl="3576" sc="26" el="3576" ec="39" bec="0" bev="0" fileid="14" />
                <SequencePoint vc="0" uspid="4165" ordinal="20" offset="231" sl="3578" sc="13" el="3578" ec="25" bec="0" bev="0" fileid="14" />
                <SequencePoint vc="0" uspid="4166" ordinal="21" offset="235" sl="3579" sc="9" el="3579" ec="10" bec="0" bev="0" fileid="14" />
              </SequencePoints>
              <BranchPoints>
                <BranchPoint vc="0" uspid="4167" ordinal="0" offset="8" sl="3556" path="0" offsetchain="10" offsetend="12" fileid="14" />
                <BranchPoint vc="0" uspid="4168" ordinal="1" offset="8" sl="3556" path="1" offsetend="108" fileid="14" />
                <BranchPoint vc="0" uspid="4169" ordinal="2" offset="16" sl="3556" path="0" offsetchain="49" offsetend="227" fileid="14" />
                <BranchPoint vc="0" uspid="4170" ordinal="3" offset="16" sl="3556" path="1" offsetend="92" fileid="14" />
                <BranchPoint vc="0" uspid="4171" ordinal="4" offset="16" sl="3556" path="2" offsetend="54" fileid="14" />
                <BranchPoint vc="0" uspid="4172" ordinal="5" offset="16" sl="3556" path="3" offsetend="227" fileid="14" />
                <BranchPoint vc="0" uspid="4173" ordinal="6" offset="16" sl="3556" path="4" offsetend="73" fileid="14" />
                <BranchPoint vc="0" uspid="4174" ordinal="7" offset="16" sl="3556" path="5" offsetend="227" fileid="14" />
                <BranchPoint vc="0" uspid="4175" ordinal="8" offset="16" sl="3556" path="6" offsetend="112" fileid="14" />
                <BranchPoint vc="0" uspid="4176" ordinal="9" offset="16" sl="3556" path="7" offsetend="166" fileid="14" />
              </BranchPoints>
              <MethodPoint xsi:type="SequencePoint" vc="0" uspid="4145" ordinal="0" offset="0" sl="3555" sc="9" el="3555" ec="10" bec="0" bev="0" fileid="14" />
            </Method>
            <Method visited="false" cyclomaticComplexity="8" nPathComplexity="32" sequenceCoverage="0" branchCoverage="0" crapScore="72" isConstructor="false" isStatic="false" isGetter="false" isSetter="false">
              <Summary numSequencePoints="37" visitedSequencePoints="0" numBranchPoints="11" visitedBranchPoints="0" sequenceCoverage="0" branchCoverage="0" maxCyclomaticComplexity="8" minCyclomaticComplexity="8" maxCrapScore="72" minCrapScore="72" visitedClasses="0" numClasses="0" visitedMethods="0" numMethods="1" />
              <MetadataToken>100663418</MetadataToken>
              <Name>System.Boolean ExMat.VM.ExVM::DoMatrixMltChecks(System.Collections.Generic.List`1&lt;ExMat.Objects.ExObject&gt;,System.Int32&amp;)</Name>
              <FileRef uid="14" />
              <SequencePoints>
                <SequencePoint vc="0" uspid="4177" ordinal="0" offset="0" sl="3582" sc="9" el="3582" ec="10" bec="0" bev="0" fileid="14" />
                <SequencePoint vc="0" uspid="4178" ordinal="1" offset="1" sl="3583" sc="13" el="3583" ec="22" bec="0" bev="0" fileid="14" />
                <SequencePoint vc="0" uspid="4179" ordinal="2" offset="4" sl="3584" sc="13" el="3584" ec="20" bec="0" bev="0" fileid="14" />
                <SequencePoint vc="0" uspid="4180" ordinal="3" offset="5" sl="3584" sc="38" el="3584" ec="39" bec="0" bev="0" fileid="14" />
                <SequencePoint vc="0" uspid="4181" ordinal="4" offset="17" sl="3584" sc="22" el="3584" ec="34" bec="0" bev="0" fileid="14" />
                <SequencePoint vc="0" uspid="4182" ordinal="5" offset="25" sl="3585" sc="13" el="3585" ec="14" bec="0" bev="0" fileid="14" />
                <SequencePoint vc="0" uspid="4183" ordinal="6" offset="26" sl="3586" sc="17" el="3586" ec="49" bec="2" bev="0" fileid="14" />
                <SequencePoint vc="0" uspid="4184" ordinal="7" offset="46" sl="3587" sc="17" el="3587" ec="18" bec="0" bev="0" fileid="14" />
                <SequencePoint vc="0" uspid="4185" ordinal="8" offset="47" sl="3588" sc="21" el="3588" ec="75" bec="0" bev="0" fileid="14" />
                <SequencePoint vc="0" uspid="4186" ordinal="9" offset="59" sl="3589" sc="21" el="3589" ec="34" bec="0" bev="0" fileid="14" />
                <SequencePoint vc="0" uspid="4187" ordinal="10" offset="66" sl="3592" sc="17" el="3592" ec="18" bec="0" bev="0" fileid="14" />
                <SequencePoint vc="0" uspid="4188" ordinal="11" offset="67" sl="3593" sc="21" el="3593" ec="28" bec="0" bev="0" fileid="14" />
                <SequencePoint vc="0" uspid="4189" ordinal="12" offset="68" sl="3593" sc="46" el="3593" ec="59" bec="0" bev="0" fileid="14" />
                <SequencePoint vc="0" uspid="4190" ordinal="13" offset="83" sl="3593" sc="30" el="3593" ec="42" bec="0" bev="0" fileid="14" />
                <SequencePoint vc="0" uspid="4191" ordinal="14" offset="92" sl="3594" sc="21" el="3594" ec="22" bec="0" bev="0" fileid="14" />
                <SequencePoint vc="0" uspid="4192" ordinal="15" offset="93" sl="3595" sc="25" el="3595" ec="57" bec="2" bev="0" fileid="14" />
                <SequencePoint vc="0" uspid="4193" ordinal="16" offset="109" sl="3596" sc="25" el="3596" ec="26" bec="0" bev="0" fileid="14" />
                <SequencePoint vc="0" uspid="4194" ordinal="17" offset="110" sl="3597" sc="29" el="3597" ec="101" bec="0" bev="0" fileid="14" />
                <SequencePoint vc="0" uspid="4195" ordinal="18" offset="122" sl="3598" sc="29" el="3598" ec="42" bec="0" bev="0" fileid="14" />
                <SequencePoint vc="0" uspid="4196" ordinal="19" offset="129" sl="3600" sc="21" el="3600" ec="22" bec="0" bev="0" fileid="14" />
                <SequencePoint vc="0" uspid="4197" ordinal="20" offset="130" sl="3593" sc="43" el="3593" ec="45" bec="0" bev="0" fileid="14" />
                <SequencePoint vc="0" uspid="4198" ordinal="21" offset="156" sl="3602" sc="21" el="3602" ec="66" bec="4" bev="0" fileid="14" />
                <SequencePoint vc="0" uspid="4199" ordinal="22" offset="187" sl="3603" sc="21" el="3603" ec="22" bec="0" bev="0" fileid="14" />
                <SequencePoint vc="0" uspid="4200" ordinal="23" offset="188" sl="3604" sc="25" el="3604" ec="86" bec="0" bev="0" fileid="14" />
                <SequencePoint vc="0" uspid="4201" ordinal="24" offset="200" sl="3605" sc="25" el="3605" ec="38" bec="0" bev="0" fileid="14" />
                <SequencePoint vc="0" uspid="4202" ordinal="25" offset="204" sl="3608" sc="21" el="3608" ec="22" bec="0" bev="0" fileid="14" />
                <SequencePoint vc="0" uspid="4203" ordinal="26" offset="205" sl="3609" sc="25" el="3609" ec="52" bec="0" bev="0" fileid="14" />
                <SequencePoint vc="0" uspid="4204" ordinal="27" offset="218" sl="3610" sc="21" el="3610" ec="22" bec="0" bev="0" fileid="14" />
                <SequencePoint vc="0" uspid="4205" ordinal="28" offset="219" sl="3611" sc="17" el="3611" ec="18" bec="0" bev="0" fileid="14" />
                <SequencePoint vc="0" uspid="4206" ordinal="29" offset="220" sl="3612" sc="13" el="3612" ec="14" bec="0" bev="0" fileid="14" />
                <SequencePoint vc="0" uspid="4207" ordinal="30" offset="221" sl="3584" sc="35" el="3584" ec="37" bec="0" bev="0" fileid="14" />
                <SequencePoint vc="0" uspid="4208" ordinal="31" offset="250" sl="3614" sc="13" el="3614" ec="27" bec="2" bev="0" fileid="14" />
                <SequencePoint vc="0" uspid="4209" ordinal="32" offset="261" sl="3615" sc="13" el="3615" ec="14" bec="0" bev="0" fileid="14" />
                <SequencePoint vc="0" uspid="4210" ordinal="33" offset="262" sl="3616" sc="17" el="3616" ec="89" bec="0" bev="0" fileid="14" />
                <SequencePoint vc="0" uspid="4211" ordinal="34" offset="274" sl="3617" sc="17" el="3617" ec="30" bec="0" bev="0" fileid="14" />
                <SequencePoint vc="0" uspid="4212" ordinal="35" offset="278" sl="3620" sc="13" el="3620" ec="25" bec="0" bev="0" fileid="14" />
                <SequencePoint vc="0" uspid="4213" ordinal="36" offset="282" sl="3621" sc="9" el="3621" ec="10" bec="0" bev="0" fileid="14" />
              </SequencePoints>
              <BranchPoints>
                <BranchPoint vc="0" uspid="4214" ordinal="0" offset="44" sl="3586" path="0" offsetend="46" fileid="14" />
                <BranchPoint vc="0" uspid="4215" ordinal="1" offset="44" sl="3586" path="1" offsetend="66" fileid="14" />
                <BranchPoint vc="0" uspid="4216" ordinal="2" offset="107" sl="3595" path="0" offsetend="109" fileid="14" />
                <BranchPoint vc="0" uspid="4217" ordinal="3" offset="107" sl="3595" path="1" offsetend="129" fileid="14" />
                <BranchPoint vc="0" uspid="4218" ordinal="4" offset="158" sl="3602" path="0" offsetend="160" fileid="14" />
                <BranchPoint vc="0" uspid="4219" ordinal="5" offset="158" sl="3602" path="1" offsetend="180" fileid="14" />
                <BranchPoint vc="0" uspid="4220" ordinal="6" offset="185" sl="3602" path="0" offsetend="187" fileid="14" />
                <BranchPoint vc="0" uspid="4221" ordinal="7" offset="185" sl="3602" path="1" offsetend="204" fileid="14" />
                <BranchPoint vc="0" uspid="4224" ordinal="10" offset="259" sl="3614" path="0" offsetend="261" fileid="14" />
                <BranchPoint vc="0" uspid="4225" ordinal="11" offset="259" sl="3614" path="1" offsetend="278" fileid="14" />
              </BranchPoints>
              <MethodPoint xsi:type="SequencePoint" vc="0" uspid="4177" ordinal="0" offset="0" sl="3582" sc="9" el="3582" ec="10" bec="0" bev="0" fileid="14" />
            </Method>
            <Method visited="false" cyclomaticComplexity="7" nPathComplexity="16" sequenceCoverage="0" branchCoverage="0" crapScore="56" isConstructor="false" isStatic="false" isGetter="false" isSetter="false">
              <Summary numSequencePoints="36" visitedSequencePoints="0" numBranchPoints="9" visitedBranchPoints="0" sequenceCoverage="0" branchCoverage="0" maxCyclomaticComplexity="7" minCyclomaticComplexity="7" maxCrapScore="56" minCrapScore="56" visitedClasses="0" numClasses="0" visitedMethods="0" numMethods="1" />
              <MetadataToken>100663419</MetadataToken>
              <Name>System.Boolean ExMat.VM.ExVM::MatrixMultiplication(System.Collections.Generic.List`1&lt;ExMat.Objects.ExObject&gt;,System.Collections.Generic.List`1&lt;ExMat.Objects.ExObject&gt;,ExMat.Objects.ExObject&amp;)</Name>
              <FileRef uid="14" />
              <SequencePoints>
                <SequencePoint vc="0" uspid="4226" ordinal="0" offset="0" sl="3624" sc="9" el="3624" ec="10" bec="0" bev="0" fileid="14" />
                <SequencePoint vc="0" uspid="4227" ordinal="1" offset="1" sl="3625" sc="13" el="3625" ec="30" bec="0" bev="0" fileid="14" />
                <SequencePoint vc="0" uspid="4228" ordinal="2" offset="8" sl="3626" sc="13" el="3626" ec="30" bec="0" bev="0" fileid="14" />
                <SequencePoint vc="0" uspid="4229" ordinal="3" offset="15" sl="3627" sc="13" el="3627" ec="25" bec="0" bev="0" fileid="14" />
                <SequencePoint vc="0" uspid="4230" ordinal="4" offset="17" sl="3628" sc="13" el="3628" ec="25" bec="0" bev="0" fileid="14" />
                <SequencePoint vc="0" uspid="4231" ordinal="5" offset="19" sl="3630" sc="13" el="3630" ec="80" bec="4" bev="0" fileid="14" />
                <SequencePoint vc="0" uspid="4232" ordinal="6" offset="51" sl="3631" sc="13" el="3631" ec="14" bec="0" bev="0" fileid="14" />
                <SequencePoint vc="0" uspid="4233" ordinal="7" offset="52" sl="3632" sc="17" el="3632" ec="30" bec="0" bev="0" fileid="14" />
                <SequencePoint vc="0" uspid="4234" ordinal="8" offset="60" sl="3635" sc="13" el="3635" ec="26" bec="2" bev="0" fileid="14" />
                <SequencePoint vc="0" uspid="4235" ordinal="9" offset="73" sl="3636" sc="13" el="3636" ec="14" bec="0" bev="0" fileid="14" />
                <SequencePoint vc="0" uspid="4236" ordinal="10" offset="74" sl="3637" sc="17" el="3637" ec="87" bec="0" bev="0" fileid="14" />
                <SequencePoint vc="0" uspid="4237" ordinal="11" offset="86" sl="3638" sc="17" el="3638" ec="30" bec="0" bev="0" fileid="14" />
                <SequencePoint vc="0" uspid="4238" ordinal="12" offset="94" sl="3641" sc="13" el="3641" ec="40" bec="0" bev="0" fileid="14" />
                <SequencePoint vc="0" uspid="4239" ordinal="13" offset="102" sl="3643" sc="18" el="3643" ec="27" bec="0" bev="0" fileid="14" />
                <SequencePoint vc="0" uspid="4240" ordinal="14" offset="110" sl="3644" sc="13" el="3644" ec="14" bec="0" bev="0" fileid="14" />
                <SequencePoint vc="0" uspid="4241" ordinal="15" offset="111" sl="3645" sc="17" el="3645" ec="52" bec="0" bev="0" fileid="14" />
                <SequencePoint vc="0" uspid="4242" ordinal="16" offset="130" sl="3646" sc="17" el="3646" ec="53" bec="0" bev="0" fileid="14" />
                <SequencePoint vc="0" uspid="4243" ordinal="17" offset="145" sl="3648" sc="22" el="3648" ec="31" bec="0" bev="0" fileid="14" />
                <SequencePoint vc="0" uspid="4244" ordinal="18" offset="150" sl="3649" sc="17" el="3649" ec="18" bec="0" bev="0" fileid="14" />
                <SequencePoint vc="0" uspid="4245" ordinal="19" offset="151" sl="3650" sc="21" el="3650" ec="38" bec="0" bev="0" fileid="14" />
                <SequencePoint vc="0" uspid="4246" ordinal="20" offset="162" sl="3651" sc="26" el="3651" ec="35" bec="0" bev="0" fileid="14" />
                <SequencePoint vc="0" uspid="4247" ordinal="21" offset="167" sl="3652" sc="21" el="3652" ec="22" bec="0" bev="0" fileid="14" />
                <SequencePoint vc="0" uspid="4248" ordinal="22" offset="168" sl="3653" sc="25" el="3653" ec="83" bec="0" bev="0" fileid="14" />
                <SequencePoint vc="0" uspid="4249" ordinal="23" offset="213" sl="3654" sc="21" el="3654" ec="22" bec="0" bev="0" fileid="14" />
                <SequencePoint vc="0" uspid="4250" ordinal="24" offset="214" sl="3651" sc="45" el="3651" ec="48" bec="0" bev="0" fileid="14" />
                <SequencePoint vc="0" uspid="4251" ordinal="25" offset="220" sl="3651" sc="37" el="3651" ec="43" bec="0" bev="0" fileid="14" />
                <SequencePoint vc="0" uspid="4252" ordinal="26" offset="231" sl="3656" sc="21" el="3656" ec="52" bec="0" bev="0" fileid="14" />
                <SequencePoint vc="0" uspid="4253" ordinal="27" offset="258" sl="3657" sc="17" el="3657" ec="18" bec="0" bev="0" fileid="14" />
                <SequencePoint vc="0" uspid="4254" ordinal="28" offset="259" sl="3648" sc="41" el="3648" ec="44" bec="0" bev="0" fileid="14" />
                <SequencePoint vc="0" uspid="4255" ordinal="29" offset="265" sl="3648" sc="33" el="3648" ec="39" bec="0" bev="0" fileid="14" />
                <SequencePoint vc="0" uspid="4256" ordinal="30" offset="276" sl="3659" sc="13" el="3659" ec="14" bec="0" bev="0" fileid="14" />
                <SequencePoint vc="0" uspid="4257" ordinal="31" offset="277" sl="3643" sc="37" el="3643" ec="40" bec="0" bev="0" fileid="14" />
                <SequencePoint vc="0" uspid="4258" ordinal="32" offset="283" sl="3643" sc="29" el="3643" ec="35" bec="2" bev="0" fileid="14" />
                <SequencePoint vc="0" uspid="4259" ordinal="33" offset="297" sl="3661" sc="13" el="3661" ec="26" bec="0" bev="0" fileid="14" />
                <SequencePoint vc="0" uspid="4260" ordinal="34" offset="306" sl="3662" sc="13" el="3662" ec="25" bec="0" bev="0" fileid="14" />
                <SequencePoint vc="0" uspid="4261" ordinal="35" offset="311" sl="3663" sc="9" el="3663" ec="10" bec="0" bev="0" fileid="14" />
              </SequencePoints>
              <BranchPoints>
                <BranchPoint vc="0" uspid="4262" ordinal="0" offset="28" sl="3630" path="0" offsetend="30" fileid="14" />
                <BranchPoint vc="0" uspid="4263" ordinal="1" offset="28" sl="3630" path="1" offsetend="44" fileid="14" />
                <BranchPoint vc="0" uspid="4264" ordinal="2" offset="49" sl="3630" path="0" offsetend="51" fileid="14" />
                <BranchPoint vc="0" uspid="4265" ordinal="3" offset="49" sl="3630" path="1" offsetend="60" fileid="14" />
                <BranchPoint vc="0" uspid="4266" ordinal="4" offset="71" sl="3635" path="0" offsetend="73" fileid="14" />
                <BranchPoint vc="0" uspid="4267" ordinal="5" offset="71" sl="3635" path="1" offsetend="94" fileid="14" />
                <BranchPoint vc="0" uspid="4268" ordinal="6" offset="292" sl="3643" path="0" offsetend="297" fileid="14" />
                <BranchPoint vc="0" uspid="4269" ordinal="7" offset="292" sl="3643" path="1" offsetend="110" fileid="14" />
              </BranchPoints>
              <MethodPoint xsi:type="SequencePoint" vc="0" uspid="4226" ordinal="0" offset="0" sl="3624" sc="9" el="3624" ec="10" bec="0" bev="0" fileid="14" />
            </Method>
            <Method visited="false" cyclomaticComplexity="3" nPathComplexity="4" sequenceCoverage="0" branchCoverage="0" crapScore="12" isConstructor="false" isStatic="false" isGetter="false" isSetter="false">
              <Summary numSequencePoints="7" visitedSequencePoints="0" numBranchPoints="5" visitedBranchPoints="0" sequenceCoverage="0" branchCoverage="0" maxCyclomaticComplexity="3" minCyclomaticComplexity="3" maxCrapScore="12" minCrapScore="12" visitedClasses="0" numClasses="0" visitedMethods="0" numMethods="1" />
              <MetadataToken>100663420</MetadataToken>
              <Name>System.Boolean ExMat.VM.ExVM::DoMatrixMltOP(ExMat.Objects.ExObject,ExMat.Objects.ExObject,ExMat.Objects.ExObject&amp;)</Name>
              <FileRef uid="14" />
              <SequencePoints>
                <SequencePoint vc="0" uspid="4270" ordinal="0" offset="0" sl="3666" sc="9" el="3666" ec="10" bec="0" bev="0" fileid="14" />
                <SequencePoint vc="0" uspid="4271" ordinal="1" offset="1" sl="3667" sc="13" el="3667" ec="72" bec="4" bev="0" fileid="14" />
                <SequencePoint vc="0" uspid="4272" ordinal="2" offset="37" sl="3668" sc="13" el="3668" ec="14" bec="0" bev="0" fileid="14" />
                <SequencePoint vc="0" uspid="4273" ordinal="3" offset="38" sl="3669" sc="17" el="3669" ec="89" bec="0" bev="0" fileid="14" />
                <SequencePoint vc="0" uspid="4274" ordinal="4" offset="50" sl="3670" sc="17" el="3670" ec="30" bec="0" bev="0" fileid="14" />
                <SequencePoint vc="0" uspid="4275" ordinal="5" offset="54" sl="3673" sc="13" el="3673" ec="76" bec="0" bev="0" fileid="14" />
                <SequencePoint vc="0" uspid="4276" ordinal="6" offset="76" sl="3674" sc="9" el="3674" ec="10" bec="0" bev="0" fileid="14" />
              </SequencePoints>
              <BranchPoints>
                <BranchPoint vc="0" uspid="4277" ordinal="0" offset="12" sl="3667" path="0" offsetend="14" fileid="14" />
                <BranchPoint vc="0" uspid="4278" ordinal="1" offset="12" sl="3667" path="1" offsetend="32" fileid="14" />
                <BranchPoint vc="0" uspid="4279" ordinal="2" offset="35" sl="3667" path="0" offsetend="37" fileid="14" />
                <BranchPoint vc="0" uspid="4280" ordinal="3" offset="35" sl="3667" path="1" offsetend="54" fileid="14" />
              </BranchPoints>
              <MethodPoint xsi:type="SequencePoint" vc="0" uspid="4270" ordinal="0" offset="0" sl="3666" sc="9" el="3666" ec="10" bec="0" bev="0" fileid="14" />
            </Method>
            <Method visited="false" cyclomaticComplexity="5" nPathComplexity="4" sequenceCoverage="0" branchCoverage="0" crapScore="30" isConstructor="false" isStatic="false" isGetter="false" isSetter="false">
              <Summary numSequencePoints="23" visitedSequencePoints="0" numBranchPoints="5" visitedBranchPoints="0" sequenceCoverage="0" branchCoverage="0" maxCyclomaticComplexity="5" minCyclomaticComplexity="5" maxCrapScore="30" minCrapScore="30" visitedClasses="0" numClasses="0" visitedMethods="0" numMethods="1" />
              <MetadataToken>100663421</MetadataToken>
              <Name>System.Boolean ExMat.VM.ExVM::DoCartesianProductOP(ExMat.Objects.ExObject,ExMat.Objects.ExObject,ExMat.Objects.ExObject&amp;)</Name>
              <FileRef uid="14" />
              <SequencePoints>
                <SequencePoint vc="0" uspid="4281" ordinal="0" offset="0" sl="3677" sc="9" el="3677" ec="10" bec="0" bev="0" fileid="14" />
                <SequencePoint vc="0" uspid="4282" ordinal="1" offset="1" sl="3678" sc="13" el="3678" ec="72" bec="4" bev="0" fileid="14" />
                <SequencePoint vc="0" uspid="4283" ordinal="2" offset="37" sl="3679" sc="13" el="3679" ec="14" bec="0" bev="0" fileid="14" />
                <SequencePoint vc="0" uspid="4284" ordinal="3" offset="38" sl="3680" sc="17" el="3680" ec="84" bec="0" bev="0" fileid="14" />
                <SequencePoint vc="0" uspid="4285" ordinal="4" offset="50" sl="3681" sc="17" el="3681" ec="30" bec="0" bev="0" fileid="14" />
                <SequencePoint vc="0" uspid="4286" ordinal="5" offset="58" sl="3684" sc="13" el="3684" ec="40" bec="0" bev="0" fileid="14" />
                <SequencePoint vc="0" uspid="4287" ordinal="6" offset="70" sl="3685" sc="13" el="3685" ec="40" bec="0" bev="0" fileid="14" />
                <SequencePoint vc="0" uspid="4288" ordinal="7" offset="82" sl="3686" sc="13" el="3686" ec="45" bec="0" bev="0" fileid="14" />
                <SequencePoint vc="0" uspid="4289" ordinal="8" offset="91" sl="3688" sc="18" el="3688" ec="27" bec="0" bev="0" fileid="14" />
                <SequencePoint vc="0" uspid="4290" ordinal="9" offset="96" sl="3689" sc="13" el="3689" ec="14" bec="0" bev="0" fileid="14" />
                <SequencePoint vc="0" uspid="4291" ordinal="10" offset="97" sl="3690" sc="17" el="3690" ec="46" bec="0" bev="0" fileid="14" />
                <SequencePoint vc="0" uspid="4292" ordinal="11" offset="112" sl="3691" sc="22" el="3691" ec="31" bec="0" bev="0" fileid="14" />
                <SequencePoint vc="0" uspid="4293" ordinal="12" offset="117" sl="3692" sc="17" el="3692" ec="18" bec="0" bev="0" fileid="14" />
                <SequencePoint vc="0" uspid="4294" ordinal="13" offset="118" sl="3693" sc="21" el="3693" ec="88" bec="0" bev="0" fileid="14" />
                <SequencePoint vc="0" uspid="4295" ordinal="14" offset="175" sl="3694" sc="17" el="3694" ec="18" bec="0" bev="0" fileid="14" />
                <SequencePoint vc="0" uspid="4296" ordinal="15" offset="176" sl="3691" sc="41" el="3691" ec="44" bec="0" bev="0" fileid="14" />
                <SequencePoint vc="0" uspid="4297" ordinal="16" offset="182" sl="3691" sc="33" el="3691" ec="39" bec="0" bev="0" fileid="14" />
                <SequencePoint vc="0" uspid="4298" ordinal="17" offset="193" sl="3695" sc="13" el="3695" ec="14" bec="0" bev="0" fileid="14" />
                <SequencePoint vc="0" uspid="4299" ordinal="18" offset="194" sl="3688" sc="37" el="3688" ec="40" bec="0" bev="0" fileid="14" />
                <SequencePoint vc="0" uspid="4300" ordinal="19" offset="200" sl="3688" sc="29" el="3688" ec="35" bec="0" bev="0" fileid="14" />
                <SequencePoint vc="0" uspid="4301" ordinal="20" offset="211" sl="3696" sc="13" el="3696" ec="26" bec="0" bev="0" fileid="14" />
                <SequencePoint vc="0" uspid="4302" ordinal="21" offset="219" sl="3698" sc="13" el="3698" ec="25" bec="0" bev="0" fileid="14" />
                <SequencePoint vc="0" uspid="4303" ordinal="22" offset="224" sl="3699" sc="9" el="3699" ec="10" bec="0" bev="0" fileid="14" />
              </SequencePoints>
              <BranchPoints>
                <BranchPoint vc="0" uspid="4304" ordinal="0" offset="12" sl="3678" path="0" offsetend="14" fileid="14" />
                <BranchPoint vc="0" uspid="4305" ordinal="1" offset="12" sl="3678" path="1" offsetend="32" fileid="14" />
                <BranchPoint vc="0" uspid="4306" ordinal="2" offset="35" sl="3678" path="0" offsetend="37" fileid="14" />
                <BranchPoint vc="0" uspid="4307" ordinal="3" offset="35" sl="3678" path="1" offsetend="58" fileid="14" />
              </BranchPoints>
              <MethodPoint xsi:type="SequencePoint" vc="0" uspid="4281" ordinal="0" offset="0" sl="3677" sc="9" el="3677" ec="10" bec="0" bev="0" fileid="14" />
            </Method>
            <Method visited="false" cyclomaticComplexity="13" nPathComplexity="2048" sequenceCoverage="0" branchCoverage="0" crapScore="182" isConstructor="false" isStatic="false" isGetter="false" isSetter="false">
              <Summary numSequencePoints="23" visitedSequencePoints="0" numBranchPoints="23" visitedBranchPoints="0" sequenceCoverage="0" branchCoverage="0" maxCyclomaticComplexity="13" minCyclomaticComplexity="13" maxCrapScore="182" minCrapScore="182" visitedClasses="0" numClasses="0" visitedMethods="0" numMethods="1" />
              <MetadataToken>100663422</MetadataToken>
              <Name>System.Boolean ExMat.VM.ExVM::DoArithmeticOPStrings(ExMat.OPs.ExOperationCode,System.Int32,ExMat.Objects.ExObject,ExMat.Objects.ExObject,ExMat.Objects.ExObject&amp;)</Name>
              <FileRef uid="14" />
              <SequencePoints>
                <SequencePoint vc="0" uspid="4308" ordinal="0" offset="0" sl="3702" sc="9" el="3702" ec="10" bec="0" bev="0" fileid="14" />
                <SequencePoint vc="0" uspid="4309" ordinal="1" offset="1" sl="3703" sc="13" el="3703" ec="43" bec="2" bev="0" fileid="14" />
                <SequencePoint vc="0" uspid="4310" ordinal="2" offset="13" sl="3704" sc="13" el="3704" ec="14" bec="0" bev="0" fileid="14" />
                <SequencePoint vc="0" uspid="4311" ordinal="3" offset="14" sl="3705" sc="17" el="3705" ec="65" bec="0" bev="0" fileid="14" />
                <SequencePoint vc="0" uspid="4312" ordinal="4" offset="32" sl="3707" sc="13" el="3707" ec="28" bec="10" bev="0" fileid="14" />
                <SequencePoint vc="0" uspid="4313" ordinal="5" offset="122" sl="3710" sc="21" el="3710" ec="22" bec="0" bev="0" fileid="14" />
                <SequencePoint vc="0" uspid="4314" ordinal="6" offset="123" sl="3711" sc="25" el="3711" ec="66" bec="0" bev="0" fileid="14" />
                <SequencePoint vc="0" uspid="4315" ordinal="7" offset="149" sl="3712" sc="25" el="3712" ec="31" bec="0" bev="0" fileid="14" />
                <SequencePoint vc="0" uspid="4316" ordinal="8" offset="154" sl="3715" sc="21" el="3715" ec="22" bec="0" bev="0" fileid="14" />
                <SequencePoint vc="0" uspid="4317" ordinal="9" offset="155" sl="3716" sc="25" el="3718" ec="63" bec="2" bev="0" fileid="14" />
                <SequencePoint vc="0" uspid="4318" ordinal="10" offset="206" sl="3719" sc="25" el="3719" ec="31" bec="0" bev="0" fileid="14" />
                <SequencePoint vc="0" uspid="4319" ordinal="11" offset="211" sl="3722" sc="21" el="3722" ec="22" bec="0" bev="0" fileid="14" />
                <SequencePoint vc="0" uspid="4320" ordinal="12" offset="212" sl="3723" sc="25" el="3725" ec="133" bec="2" bev="0" fileid="14" />
                <SequencePoint vc="0" uspid="4321" ordinal="13" offset="319" sl="3726" sc="25" el="3726" ec="31" bec="0" bev="0" fileid="14" />
                <SequencePoint vc="0" uspid="4322" ordinal="14" offset="324" sl="3729" sc="21" el="3729" ec="22" bec="0" bev="0" fileid="14" />
                <SequencePoint vc="0" uspid="4323" ordinal="15" offset="325" sl="3730" sc="25" el="3732" ec="73" bec="2" bev="0" fileid="14" />
                <SequencePoint vc="0" uspid="4324" ordinal="16" offset="389" sl="3733" sc="25" el="3733" ec="31" bec="0" bev="0" fileid="14" />
                <SequencePoint vc="0" uspid="4325" ordinal="17" offset="391" sl="3737" sc="21" el="3737" ec="22" bec="0" bev="0" fileid="14" />
                <SequencePoint vc="0" uspid="4326" ordinal="18" offset="392" sl="3738" sc="25" el="3740" ec="65" bec="2" bev="0" fileid="14" />
                <SequencePoint vc="0" uspid="4327" ordinal="19" offset="474" sl="3741" sc="25" el="3741" ec="31" bec="0" bev="0" fileid="14" />
                <SequencePoint vc="0" uspid="4328" ordinal="20" offset="476" sl="3743" sc="26" el="3743" ec="39" bec="0" bev="0" fileid="14" />
                <SequencePoint vc="0" uspid="4329" ordinal="21" offset="480" sl="3745" sc="13" el="3745" ec="25" bec="0" bev="0" fileid="14" />
                <SequencePoint vc="0" uspid="4330" ordinal="22" offset="484" sl="3746" sc="9" el="3746" ec="10" bec="0" bev="0" fileid="14" />
              </SequencePoints>
              <BranchPoints>
                <BranchPoint vc="0" uspid="4331" ordinal="0" offset="11" sl="3703" path="0" offsetend="13" fileid="14" />
                <BranchPoint vc="0" uspid="4332" ordinal="1" offset="11" sl="3703" path="1" offsetend="32" fileid="14" />
                <BranchPoint vc="0" uspid="4333" ordinal="2" offset="50" sl="3707" path="0" offsetchain="52" offsetend="54" fileid="14" />
                <BranchPoint vc="0" uspid="4334" ordinal="3" offset="50" sl="3707" path="1" offsetend="122" fileid="14" />
                <BranchPoint vc="0" uspid="4335" ordinal="4" offset="60" sl="3707" path="0" offsetchain="62" offsetend="64" fileid="14" />
                <BranchPoint vc="0" uspid="4336" ordinal="5" offset="60" sl="3707" path="1" offsetend="154" fileid="14" />
                <BranchPoint vc="0" uspid="4337" ordinal="6" offset="70" sl="3707" path="0" offsetchain="75" offsetend="476" fileid="14" />
                <BranchPoint vc="0" uspid="4338" ordinal="7" offset="70" sl="3707" path="1" offsetend="211" fileid="14" />
                <BranchPoint vc="0" uspid="4339" ordinal="8" offset="86" sl="3707" path="0" offsetchain="91" offsetend="93" fileid="14" />
                <BranchPoint vc="0" uspid="4340" ordinal="9" offset="86" sl="3707" path="1" offsetend="391" fileid="14" />
                <BranchPoint vc="0" uspid="4341" ordinal="10" offset="99" sl="3707" path="0" offsetchain="104" offsetend="106" fileid="14" />
                <BranchPoint vc="0" uspid="4342" ordinal="11" offset="99" sl="3707" path="1" offsetend="391" fileid="14" />
                <BranchPoint vc="0" uspid="4343" ordinal="12" offset="112" sl="3707" path="0" offsetchain="117" offsetend="476" fileid="14" />
                <BranchPoint vc="0" uspid="4344" ordinal="13" offset="112" sl="3707" path="1" offsetend="324" fileid="14" />
                <BranchPoint vc="0" uspid="4345" ordinal="14" offset="163" sl="3716" path="0" offsetend="165" fileid="14" />
                <BranchPoint vc="0" uspid="4346" ordinal="15" offset="163" sl="3716" path="1" offsetend="183" fileid="14" />
                <BranchPoint vc="0" uspid="4347" ordinal="16" offset="225" sl="3723" path="0" offsetend="227" fileid="14" />
                <BranchPoint vc="0" uspid="4348" ordinal="17" offset="225" sl="3723" path="1" offsetend="271" fileid="14" />
                <BranchPoint vc="0" uspid="4349" ordinal="18" offset="338" sl="3730" path="0" offsetend="340" fileid="14" />
                <BranchPoint vc="0" uspid="4350" ordinal="19" offset="338" sl="3730" path="1" offsetend="365" fileid="14" />
                <BranchPoint vc="0" uspid="4351" ordinal="20" offset="405" sl="3738" path="0" offsetend="407" fileid="14" />
                <BranchPoint vc="0" uspid="4352" ordinal="21" offset="405" sl="3738" path="1" offsetend="441" fileid="14" />
              </BranchPoints>
              <MethodPoint xsi:type="SequencePoint" vc="0" uspid="4308" ordinal="0" offset="0" sl="3702" sc="9" el="3702" ec="10" bec="0" bev="0" fileid="14" />
            </Method>
            <Method visited="false" cyclomaticComplexity="2" nPathComplexity="2" sequenceCoverage="0" branchCoverage="0" crapScore="6" isConstructor="false" isStatic="false" isGetter="false" isSetter="false">
              <Summary numSequencePoints="7" visitedSequencePoints="0" numBranchPoints="3" visitedBranchPoints="0" sequenceCoverage="0" branchCoverage="0" maxCyclomaticComplexity="2" minCyclomaticComplexity="2" maxCrapScore="6" minCrapScore="6" visitedClasses="0" numClasses="0" visitedMethods="0" numMethods="1" />
              <MetadataToken>100663423</MetadataToken>
              <Name>System.Boolean ExMat.VM.ExVM::DoArithmeticOPDefault(ExMat.OPs.ExOperationCode,ExMat.Objects.ExObject,ExMat.Objects.ExObject,ExMat.Objects.ExObject&amp;)</Name>
              <FileRef uid="14" />
              <SequencePoints>
                <SequencePoint vc="0" uspid="4353" ordinal="0" offset="0" sl="3749" sc="9" el="3749" ec="10" bec="0" bev="0" fileid="14" />
                <SequencePoint vc="0" uspid="4354" ordinal="1" offset="1" sl="3750" sc="13" el="3750" ec="55" bec="2" bev="0" fileid="14" />
                <SequencePoint vc="0" uspid="4355" ordinal="2" offset="16" sl="3751" sc="13" el="3751" ec="14" bec="0" bev="0" fileid="14" />
                <SequencePoint vc="0" uspid="4356" ordinal="3" offset="17" sl="3752" sc="17" el="3752" ec="29" bec="0" bev="0" fileid="14" />
                <SequencePoint vc="0" uspid="4357" ordinal="4" offset="21" sl="3754" sc="13" el="3754" ec="134" bec="0" bev="0" fileid="14" />
                <SequencePoint vc="0" uspid="4358" ordinal="5" offset="119" sl="3755" sc="13" el="3755" ec="26" bec="0" bev="0" fileid="14" />
                <SequencePoint vc="0" uspid="4359" ordinal="6" offset="123" sl="3756" sc="9" el="3756" ec="10" bec="0" bev="0" fileid="14" />
              </SequencePoints>
              <BranchPoints>
                <BranchPoint vc="0" uspid="4360" ordinal="0" offset="14" sl="3750" path="0" offsetend="16" fileid="14" />
                <BranchPoint vc="0" uspid="4361" ordinal="1" offset="14" sl="3750" path="1" offsetend="21" fileid="14" />
              </BranchPoints>
              <MethodPoint xsi:type="SequencePoint" vc="0" uspid="4353" ordinal="0" offset="0" sl="3749" sc="9" el="3749" ec="10" bec="0" bev="0" fileid="14" />
            </Method>
            <Method visited="false" cyclomaticComplexity="16" nPathComplexity="1536" sequenceCoverage="0" branchCoverage="0" crapScore="272" isConstructor="false" isStatic="false" isGetter="false" isSetter="false">
              <Summary numSequencePoints="15" visitedSequencePoints="0" numBranchPoints="27" visitedBranchPoints="0" sequenceCoverage="0" branchCoverage="0" maxCyclomaticComplexity="16" minCyclomaticComplexity="16" maxCrapScore="272" minCrapScore="272" visitedClasses="0" numClasses="0" visitedMethods="0" numMethods="1" />
              <MetadataToken>100663424</MetadataToken>
              <Name>System.Boolean ExMat.VM.ExVM::DoArithmeticOP(ExMat.OPs.ExOperationCode,ExMat.Objects.ExObject,ExMat.Objects.ExObject,ExMat.Objects.ExObject&amp;)</Name>
              <FileRef uid="14" />
              <SequencePoints>
                <SequencePoint vc="0" uspid="4362" ordinal="0" offset="0" sl="3767" sc="9" el="3767" ec="10" bec="0" bev="0" fileid="14" />
                <SequencePoint vc="0" uspid="4363" ordinal="1" offset="1" sl="3769" sc="13" el="3769" ec="47" bec="10" bev="0" fileid="14" />
                <SequencePoint vc="0" uspid="4364" ordinal="2" offset="178" sl="3772" sc="21" el="3772" ec="22" bec="0" bev="0" fileid="14" />
                <SequencePoint vc="0" uspid="4365" ordinal="3" offset="179" sl="3773" sc="25" el="3773" ec="92" bec="0" bev="0" fileid="14" />
                <SequencePoint vc="0" uspid="4366" ordinal="4" offset="205" sl="3777" sc="21" el="3777" ec="22" bec="0" bev="0" fileid="14" />
                <SequencePoint vc="0" uspid="4367" ordinal="5" offset="206" sl="3778" sc="25" el="3780" ec="101" bec="2" bev="0" fileid="14" />
                <SequencePoint vc="0" uspid="4368" ordinal="6" offset="259" sl="3784" sc="21" el="3784" ec="22" bec="0" bev="0" fileid="14" />
                <SequencePoint vc="0" uspid="4369" ordinal="7" offset="260" sl="3786" sc="25" el="3786" ec="98" bec="0" bev="0" fileid="14" />
                <SequencePoint vc="0" uspid="4370" ordinal="8" offset="283" sl="3789" sc="21" el="3789" ec="22" bec="0" bev="0" fileid="14" />
                <SequencePoint vc="0" uspid="4371" ordinal="9" offset="284" sl="3790" sc="25" el="3790" ec="104" bec="0" bev="0" fileid="14" />
                <SequencePoint vc="0" uspid="4372" ordinal="10" offset="307" sl="3798" sc="21" el="3798" ec="22" bec="0" bev="0" fileid="14" />
                <SequencePoint vc="0" uspid="4373" ordinal="11" offset="308" sl="3799" sc="25" el="3799" ec="100" bec="0" bev="0" fileid="14" />
                <SequencePoint vc="0" uspid="4374" ordinal="12" offset="335" sl="3802" sc="21" el="3802" ec="22" bec="0" bev="0" fileid="14" />
                <SequencePoint vc="0" uspid="4375" ordinal="13" offset="336" sl="3803" sc="25" el="3803" ec="73" bec="0" bev="0" fileid="14" />
                <SequencePoint vc="0" uspid="4376" ordinal="14" offset="350" sl="3806" sc="9" el="3806" ec="10" bec="0" bev="0" fileid="14" />
              </SequencePoints>
              <BranchPoints>
                <BranchPoint vc="0" uspid="4377" ordinal="0" offset="31" sl="3769" path="0" offsetchain="36" offsetend="38" fileid="14" />
                <BranchPoint vc="0" uspid="4378" ordinal="1" offset="31" sl="3769" path="1" offsetend="307" fileid="14" />
                <BranchPoint vc="0" uspid="4379" ordinal="2" offset="44" sl="3769" path="0" offsetchain="49" offsetend="51" fileid="14" />
                <BranchPoint vc="0" uspid="4380" ordinal="3" offset="44" sl="3769" path="1" offsetend="307" fileid="14" />
                <BranchPoint vc="0" uspid="4381" ordinal="4" offset="57" sl="3769" path="0" offsetchain="62" offsetend="335" fileid="14" />
                <BranchPoint vc="0" uspid="4382" ordinal="5" offset="57" sl="3769" path="1" offsetend="307" fileid="14" />
                <BranchPoint vc="0" uspid="4383" ordinal="6" offset="82" sl="3769" path="0" offsetchain="131" offsetend="133" fileid="14" />
                <BranchPoint vc="0" uspid="4384" ordinal="7" offset="82" sl="3769" path="1" offsetend="178" fileid="14" />
                <BranchPoint vc="0" uspid="4385" ordinal="8" offset="82" sl="3769" path="2" offsetend="335" fileid="14" />
                <BranchPoint vc="0" uspid="4386" ordinal="9" offset="82" sl="3769" path="3" offsetend="259" fileid="14" />
                <BranchPoint vc="0" uspid="4387" ordinal="10" offset="82" sl="3769" path="4" offsetend="335" fileid="14" />
                <BranchPoint vc="0" uspid="4388" ordinal="11" offset="82" sl="3769" path="5" offsetend="259" fileid="14" />
                <BranchPoint vc="0" uspid="4389" ordinal="12" offset="82" sl="3769" path="6" offsetend="335" fileid="14" />
                <BranchPoint vc="0" uspid="4390" ordinal="13" offset="82" sl="3769" path="7" offsetend="283" fileid="14" />
                <BranchPoint vc="0" uspid="4391" ordinal="14" offset="82" sl="3769" path="8" offsetend="335" fileid="14" />
                <BranchPoint vc="0" uspid="4392" ordinal="15" offset="82" sl="3769" path="9" offsetend="205" fileid="14" />
                <BranchPoint vc="0" uspid="4393" ordinal="16" offset="82" sl="3769" path="10" offsetend="335" fileid="14" />
                <BranchPoint vc="0" uspid="4394" ordinal="17" offset="82" sl="3769" path="11" offsetend="205" fileid="14" />
                <BranchPoint vc="0" uspid="4395" ordinal="18" offset="139" sl="3769" path="0" offsetchain="144" offsetend="335" fileid="14" />
                <BranchPoint vc="0" uspid="4396" ordinal="19" offset="139" sl="3769" path="1" offsetend="307" fileid="14" />
                <BranchPoint vc="0" uspid="4397" ordinal="20" offset="155" sl="3769" path="0" offsetchain="160" offsetend="162" fileid="14" />
                <BranchPoint vc="0" uspid="4398" ordinal="21" offset="155" sl="3769" path="1" offsetend="307" fileid="14" />
                <BranchPoint vc="0" uspid="4399" ordinal="22" offset="168" sl="3769" path="0" offsetchain="173" offsetend="335" fileid="14" />
                <BranchPoint vc="0" uspid="4400" ordinal="23" offset="168" sl="3769" path="1" offsetend="307" fileid="14" />
                <BranchPoint vc="0" uspid="4401" ordinal="24" offset="212" sl="3778" path="0" offsetend="214" fileid="14" />
                <BranchPoint vc="0" uspid="4402" ordinal="25" offset="212" sl="3778" path="1" offsetend="236" fileid="14" />
              </BranchPoints>
              <MethodPoint xsi:type="SequencePoint" vc="0" uspid="4362" ordinal="0" offset="0" sl="3767" sc="9" el="3767" ec="10" bec="0" bev="0" fileid="14" />
            </Method>
            <Method visited="false" cyclomaticComplexity="10" nPathComplexity="64" sequenceCoverage="0" branchCoverage="0" crapScore="110" isConstructor="false" isStatic="false" isGetter="false" isSetter="false">
              <Summary numSequencePoints="34" visitedSequencePoints="0" numBranchPoints="15" visitedBranchPoints="0" sequenceCoverage="0" branchCoverage="0" maxCyclomaticComplexity="10" minCyclomaticComplexity="10" maxCrapScore="110" minCrapScore="110" visitedClasses="0" numClasses="0" visitedMethods="0" numMethods="1" />
              <MetadataToken>100663425</MetadataToken>
              <Name>System.Boolean ExMat.VM.ExVM::DoArithmeticMetaOP(ExMat.OPs.ExOperationCode,ExMat.Objects.ExObject,ExMat.Objects.ExObject,ExMat.Objects.ExObject&amp;)</Name>
              <FileRef uid="14" />
              <SequencePoints>
                <SequencePoint vc="0" uspid="4403" ordinal="0" offset="0" sl="3808" sc="9" el="3808" ec="10" bec="0" bev="0" fileid="14" />
                <SequencePoint vc="0" uspid="4404" ordinal="1" offset="1" sl="3810" sc="13" el="3810" ec="24" bec="8" bev="0" fileid="14" />
                <SequencePoint vc="0" uspid="4405" ordinal="2" offset="51" sl="3813" sc="21" el="3813" ec="22" bec="0" bev="0" fileid="14" />
                <SequencePoint vc="0" uspid="4406" ordinal="3" offset="52" sl="3814" sc="25" el="3814" ec="49" bec="0" bev="0" fileid="14" />
                <SequencePoint vc="0" uspid="4407" ordinal="4" offset="54" sl="3815" sc="25" el="3815" ec="31" bec="0" bev="0" fileid="14" />
                <SequencePoint vc="0" uspid="4408" ordinal="5" offset="56" sl="3818" sc="21" el="3818" ec="22" bec="0" bev="0" fileid="14" />
                <SequencePoint vc="0" uspid="4409" ordinal="6" offset="57" sl="3819" sc="25" el="3819" ec="49" bec="0" bev="0" fileid="14" />
                <SequencePoint vc="0" uspid="4410" ordinal="7" offset="59" sl="3820" sc="25" el="3820" ec="31" bec="0" bev="0" fileid="14" />
                <SequencePoint vc="0" uspid="4411" ordinal="8" offset="61" sl="3823" sc="21" el="3823" ec="22" bec="0" bev="0" fileid="14" />
                <SequencePoint vc="0" uspid="4412" ordinal="9" offset="62" sl="3824" sc="25" el="3824" ec="49" bec="0" bev="0" fileid="14" />
                <SequencePoint vc="0" uspid="4413" ordinal="10" offset="64" sl="3825" sc="25" el="3825" ec="31" bec="0" bev="0" fileid="14" />
                <SequencePoint vc="0" uspid="4414" ordinal="11" offset="66" sl="3828" sc="21" el="3828" ec="22" bec="0" bev="0" fileid="14" />
                <SequencePoint vc="0" uspid="4415" ordinal="12" offset="67" sl="3829" sc="25" el="3829" ec="49" bec="0" bev="0" fileid="14" />
                <SequencePoint vc="0" uspid="4416" ordinal="13" offset="69" sl="3830" sc="25" el="3830" ec="31" bec="0" bev="0" fileid="14" />
                <SequencePoint vc="0" uspid="4417" ordinal="14" offset="71" sl="3833" sc="21" el="3833" ec="22" bec="0" bev="0" fileid="14" />
                <SequencePoint vc="0" uspid="4418" ordinal="15" offset="72" sl="3834" sc="25" el="3834" ec="49" bec="0" bev="0" fileid="14" />
                <SequencePoint vc="0" uspid="4419" ordinal="16" offset="74" sl="3835" sc="25" el="3835" ec="31" bec="0" bev="0" fileid="14" />
                <SequencePoint vc="0" uspid="4420" ordinal="17" offset="76" sl="3838" sc="21" el="3838" ec="22" bec="0" bev="0" fileid="14" />
                <SequencePoint vc="0" uspid="4421" ordinal="18" offset="77" sl="3839" sc="25" el="3839" ec="49" bec="0" bev="0" fileid="14" />
                <SequencePoint vc="0" uspid="4422" ordinal="19" offset="79" sl="3840" sc="25" el="3840" ec="31" bec="0" bev="0" fileid="14" />
                <SequencePoint vc="0" uspid="4423" ordinal="20" offset="81" sl="3843" sc="21" el="3843" ec="22" bec="0" bev="0" fileid="14" />
                <SequencePoint vc="0" uspid="4424" ordinal="21" offset="82" sl="3844" sc="25" el="3844" ec="49" bec="0" bev="0" fileid="14" />
                <SequencePoint vc="0" uspid="4425" ordinal="22" offset="84" sl="3845" sc="25" el="3845" ec="31" bec="0" bev="0" fileid="14" />
                <SequencePoint vc="0" uspid="4426" ordinal="23" offset="86" sl="3848" sc="13" el="3848" ec="46" bec="2" bev="0" fileid="14" />
                <SequencePoint vc="0" uspid="4427" ordinal="24" offset="103" sl="3849" sc="13" el="3849" ec="14" bec="0" bev="0" fileid="14" />
                <SequencePoint vc="0" uspid="4428" ordinal="25" offset="104" sl="3850" sc="17" el="3850" ec="36" bec="0" bev="0" fileid="14" />
                <SequencePoint vc="0" uspid="4429" ordinal="26" offset="111" sl="3852" sc="17" el="3852" ec="59" bec="2" bev="0" fileid="14" />
                <SequencePoint vc="0" uspid="4430" ordinal="27" offset="131" sl="3853" sc="17" el="3853" ec="18" bec="0" bev="0" fileid="14" />
                <SequencePoint vc="0" uspid="4431" ordinal="28" offset="132" sl="3854" sc="21" el="3854" ec="29" bec="0" bev="0" fileid="14" />
                <SequencePoint vc="0" uspid="4432" ordinal="29" offset="140" sl="3855" sc="21" el="3855" ec="29" bec="0" bev="0" fileid="14" />
                <SequencePoint vc="0" uspid="4433" ordinal="30" offset="148" sl="3856" sc="21" el="3856" ec="56" bec="0" bev="0" fileid="14" />
                <SequencePoint vc="0" uspid="4434" ordinal="31" offset="164" sl="3858" sc="13" el="3858" ec="14" bec="0" bev="0" fileid="14" />
                <SequencePoint vc="0" uspid="4435" ordinal="32" offset="165" sl="3859" sc="13" el="3859" ec="26" bec="0" bev="0" fileid="14" />
                <SequencePoint vc="0" uspid="4436" ordinal="33" offset="170" sl="3860" sc="9" el="3860" ec="10" bec="0" bev="0" fileid="14" />
              </SequencePoints>
              <BranchPoints>
                <BranchPoint vc="0" uspid="4437" ordinal="0" offset="8" sl="3810" path="0" offsetchain="10" offsetend="12" fileid="14" />
                <BranchPoint vc="0" uspid="4438" ordinal="1" offset="8" sl="3810" path="1" offsetend="71" fileid="14" />
                <BranchPoint vc="0" uspid="4439" ordinal="2" offset="16" sl="3810" path="0" offsetchain="49" offsetend="81" fileid="14" />
                <BranchPoint vc="0" uspid="4440" ordinal="3" offset="16" sl="3810" path="1" offsetend="66" fileid="14" />
                <BranchPoint vc="0" uspid="4441" ordinal="4" offset="16" sl="3810" path="2" offsetend="51" fileid="14" />
                <BranchPoint vc="0" uspid="4442" ordinal="5" offset="16" sl="3810" path="3" offsetend="81" fileid="14" />
                <BranchPoint vc="0" uspid="4443" ordinal="6" offset="16" sl="3810" path="4" offsetend="56" fileid="14" />
                <BranchPoint vc="0" uspid="4444" ordinal="7" offset="16" sl="3810" path="5" offsetend="81" fileid="14" />
                <BranchPoint vc="0" uspid="4445" ordinal="8" offset="16" sl="3810" path="6" offsetend="61" fileid="14" />
                <BranchPoint vc="0" uspid="4446" ordinal="9" offset="16" sl="3810" path="7" offsetend="76" fileid="14" />
                <BranchPoint vc="0" uspid="4447" ordinal="10" offset="101" sl="3848" path="0" offsetend="103" fileid="14" />
                <BranchPoint vc="0" uspid="4448" ordinal="11" offset="101" sl="3848" path="1" offsetend="165" fileid="14" />
                <BranchPoint vc="0" uspid="4449" ordinal="12" offset="129" sl="3852" path="0" offsetend="131" fileid="14" />
                <BranchPoint vc="0" uspid="4450" ordinal="13" offset="129" sl="3852" path="1" offsetend="164" fileid="14" />
              </BranchPoints>
              <MethodPoint xsi:type="SequencePoint" vc="0" uspid="4403" ordinal="0" offset="0" sl="3808" sc="9" el="3808" ec="10" bec="0" bev="0" fileid="14" />
            </Method>
            <Method visited="false" cyclomaticComplexity="1" nPathComplexity="0" sequenceCoverage="0" branchCoverage="0" crapScore="2" isConstructor="false" isStatic="false" isGetter="false" isSetter="false">
              <Summary numSequencePoints="7" visitedSequencePoints="0" numBranchPoints="1" visitedBranchPoints="0" sequenceCoverage="0" branchCoverage="0" maxCyclomaticComplexity="1" minCyclomaticComplexity="1" maxCrapScore="2" minCrapScore="2" visitedClasses="0" numClasses="0" visitedMethods="0" numMethods="1" />
              <MetadataToken>100663426</MetadataToken>
              <Name>System.Boolean ExMat.VM.ExVM::CallMeta(ExMat.Objects.ExObject&amp;,System.Int64,ExMat.Objects.ExObject&amp;)</Name>
              <FileRef uid="14" />
              <SequencePoints>
                <SequencePoint vc="0" uspid="4451" ordinal="0" offset="0" sl="3863" sc="9" el="3863" ec="10" bec="0" bev="0" fileid="14" />
                <SequencePoint vc="0" uspid="4452" ordinal="1" offset="1" sl="3864" sc="13" el="3864" ec="26" bec="0" bev="0" fileid="14" />
                <SequencePoint vc="0" uspid="4453" ordinal="2" offset="15" sl="3865" sc="13" el="3865" ec="76" bec="0" bev="0" fileid="14" />
                <SequencePoint vc="0" uspid="4454" ordinal="3" offset="35" sl="3866" sc="13" el="3866" ec="26" bec="0" bev="0" fileid="14" />
                <SequencePoint vc="0" uspid="4455" ordinal="4" offset="49" sl="3867" sc="13" el="3867" ec="24" bec="0" bev="0" fileid="14" />
                <SequencePoint vc="0" uspid="4456" ordinal="5" offset="57" sl="3868" sc="13" el="3868" ec="22" bec="0" bev="0" fileid="14" />
                <SequencePoint vc="0" uspid="4457" ordinal="6" offset="61" sl="3869" sc="9" el="3869" ec="10" bec="0" bev="0" fileid="14" />
              </SequencePoints>
              <BranchPoints />
              <MethodPoint xsi:type="SequencePoint" vc="0" uspid="4451" ordinal="0" offset="0" sl="3863" sc="9" el="3863" ec="10" bec="0" bev="0" fileid="14" />
            </Method>
            <Method visited="false" cyclomaticComplexity="2" nPathComplexity="2" sequenceCoverage="0" branchCoverage="0" crapScore="6" isConstructor="false" isStatic="false" isGetter="false" isSetter="false">
              <Summary numSequencePoints="3" visitedSequencePoints="0" numBranchPoints="3" visitedBranchPoints="0" sequenceCoverage="0" branchCoverage="0" maxCyclomaticComplexity="2" minCyclomaticComplexity="2" maxCrapScore="6" minCrapScore="6" visitedClasses="0" numClasses="0" visitedMethods="0" numMethods="1" />
              <MetadataToken>100663427</MetadataToken>
              <Name>ExMat.Objects.ExObject ExMat.VM.ExVM::GetConditionFromInstr(ExMat.OPs.ExInstr)</Name>
              <FileRef uid="14" />
              <SequencePoints>
                <SequencePoint vc="0" uspid="4458" ordinal="0" offset="0" sl="3872" sc="9" el="3872" ec="10" bec="0" bev="0" fileid="14" />
                <SequencePoint vc="0" uspid="4459" ordinal="1" offset="1" sl="3873" sc="13" el="3873" ec="98" bec="2" bev="0" fileid="14" />
                <SequencePoint vc="0" uspid="4460" ordinal="2" offset="54" sl="3874" sc="9" el="3874" ec="10" bec="0" bev="0" fileid="14" />
              </SequencePoints>
              <BranchPoints>
                <BranchPoint vc="0" uspid="4461" ordinal="0" offset="7" sl="3873" path="0" offsetend="9" fileid="14" />
                <BranchPoint vc="0" uspid="4462" ordinal="1" offset="7" sl="3873" path="1" offsetend="23" fileid="14" />
              </BranchPoints>
              <MethodPoint xsi:type="SequencePoint" vc="0" uspid="4458" ordinal="0" offset="0" sl="3872" sc="9" el="3872" ec="10" bec="0" bev="0" fileid="14" />
            </Method>
            <Method visited="false" cyclomaticComplexity="3" nPathComplexity="4" sequenceCoverage="0" branchCoverage="0" crapScore="12" isConstructor="false" isStatic="false" isGetter="false" isSetter="false">
              <Summary numSequencePoints="11" visitedSequencePoints="0" numBranchPoints="5" visitedBranchPoints="0" sequenceCoverage="0" branchCoverage="0" maxCyclomaticComplexity="3" minCyclomaticComplexity="3" maxCrapScore="12" minCrapScore="12" visitedClasses="0" numClasses="0" visitedMethods="0" numMethods="1" />
              <MetadataToken>100663428</MetadataToken>
              <Name>ExMat.ExSetterStatus ExMat.VM.ExVM::SetterDict(System.Collections.Generic.Dictionary`2&lt;System.String,ExMat.Objects.ExObject&gt;,System.String,ExMat.Objects.ExObject)</Name>
              <FileRef uid="14" />
              <SequencePoints>
                <SequencePoint vc="0" uspid="4463" ordinal="0" offset="0" sl="3877" sc="9" el="3877" ec="10" bec="0" bev="0" fileid="14" />
                <SequencePoint vc="0" uspid="4464" ordinal="1" offset="1" sl="3878" sc="13" el="3878" ec="69" bec="2" bev="0" fileid="14" />
                <SequencePoint vc="0" uspid="4465" ordinal="2" offset="27" sl="3879" sc="13" el="3879" ec="14" bec="0" bev="0" fileid="14" />
                <SequencePoint vc="0" uspid="4466" ordinal="3" offset="28" sl="3880" sc="17" el="3880" ec="54" bec="0" bev="0" fileid="14" />
                <SequencePoint vc="0" uspid="4467" ordinal="4" offset="32" sl="3882" sc="13" el="3882" ec="40" bec="2" bev="0" fileid="14" />
                <SequencePoint vc="0" uspid="4468" ordinal="5" offset="46" sl="3883" sc="13" el="3883" ec="14" bec="0" bev="0" fileid="14" />
                <SequencePoint vc="0" uspid="4469" ordinal="6" offset="47" sl="3884" sc="17" el="3884" ec="87" bec="0" bev="0" fileid="14" />
                <SequencePoint vc="0" uspid="4470" ordinal="7" offset="59" sl="3885" sc="17" el="3885" ec="53" bec="0" bev="0" fileid="14" />
                <SequencePoint vc="0" uspid="4471" ordinal="8" offset="63" sl="3887" sc="13" el="3887" ec="35" bec="0" bev="0" fileid="14" />
                <SequencePoint vc="0" uspid="4472" ordinal="9" offset="77" sl="3888" sc="13" el="3888" ec="39" bec="0" bev="0" fileid="14" />
                <SequencePoint vc="0" uspid="4473" ordinal="10" offset="81" sl="3889" sc="9" el="3889" ec="10" bec="0" bev="0" fileid="14" />
              </SequencePoints>
              <BranchPoints>
                <BranchPoint vc="0" uspid="4474" ordinal="0" offset="25" sl="3878" path="0" offsetend="27" fileid="14" />
                <BranchPoint vc="0" uspid="4475" ordinal="1" offset="25" sl="3878" path="1" offsetend="32" fileid="14" />
                <BranchPoint vc="0" uspid="4476" ordinal="2" offset="44" sl="3882" path="0" offsetend="46" fileid="14" />
                <BranchPoint vc="0" uspid="4477" ordinal="3" offset="44" sl="3882" path="1" offsetend="63" fileid="14" />
              </BranchPoints>
              <MethodPoint xsi:type="SequencePoint" vc="0" uspid="4463" ordinal="0" offset="0" sl="3877" sc="9" el="3877" ec="10" bec="0" bev="0" fileid="14" />
            </Method>
            <Method visited="false" cyclomaticComplexity="6" nPathComplexity="32" sequenceCoverage="0" branchCoverage="0" crapScore="42" isConstructor="false" isStatic="false" isGetter="false" isSetter="false">
              <Summary numSequencePoints="22" visitedSequencePoints="0" numBranchPoints="11" visitedBranchPoints="0" sequenceCoverage="0" branchCoverage="0" maxCyclomaticComplexity="6" minCyclomaticComplexity="6" maxCrapScore="42" minCrapScore="42" visitedClasses="0" numClasses="0" visitedMethods="0" numMethods="1" />
              <MetadataToken>100663429</MetadataToken>
              <Name>ExMat.ExSetterStatus ExMat.VM.ExVM::SetterList(System.Collections.Generic.List`1&lt;ExMat.Objects.ExObject&gt;,ExMat.Objects.ExObject,ExMat.Objects.ExObject)</Name>
              <FileRef uid="14" />
              <SequencePoints>
                <SequencePoint vc="0" uspid="4478" ordinal="0" offset="0" sl="3892" sc="9" el="3892" ec="10" bec="0" bev="0" fileid="14" />
                <SequencePoint vc="0" uspid="4479" ordinal="1" offset="1" sl="3893" sc="13" el="3893" ec="44" bec="2" bev="0" fileid="14" />
                <SequencePoint vc="0" uspid="4480" ordinal="2" offset="11" sl="3894" sc="13" el="3894" ec="14" bec="0" bev="0" fileid="14" />
                <SequencePoint vc="0" uspid="4481" ordinal="3" offset="12" sl="3895" sc="17" el="3895" ec="43" bec="0" bev="0" fileid="14" />
                <SequencePoint vc="0" uspid="4482" ordinal="4" offset="20" sl="3896" sc="17" el="3896" ec="35" bec="0" bev="0" fileid="14" />
                <SequencePoint vc="0" uspid="4483" ordinal="5" offset="27" sl="3897" sc="17" el="3897" ec="37" bec="2" bev="0" fileid="14" />
                <SequencePoint vc="0" uspid="4484" ordinal="6" offset="40" sl="3898" sc="17" el="3898" ec="18" bec="0" bev="0" fileid="14" />
                <SequencePoint vc="0" uspid="4485" ordinal="7" offset="41" sl="3899" sc="21" el="3899" ec="31" bec="2" bev="0" fileid="14" />
                <SequencePoint vc="0" uspid="4486" ordinal="8" offset="51" sl="3900" sc="21" el="3900" ec="22" bec="0" bev="0" fileid="14" />
                <SequencePoint vc="0" uspid="4487" ordinal="9" offset="52" sl="3901" sc="25" el="3901" ec="35" bec="0" bev="0" fileid="14" />
                <SequencePoint vc="0" uspid="4488" ordinal="10" offset="56" sl="3902" sc="21" el="3902" ec="22" bec="0" bev="0" fileid="14" />
                <SequencePoint vc="0" uspid="4489" ordinal="11" offset="57" sl="3903" sc="21" el="3903" ec="40" bec="0" bev="0" fileid="14" />
                <SequencePoint vc="0" uspid="4490" ordinal="12" offset="71" sl="3904" sc="21" el="3904" ec="47" bec="0" bev="0" fileid="14" />
                <SequencePoint vc="0" uspid="4491" ordinal="13" offset="79" sl="3907" sc="17" el="3907" ec="18" bec="0" bev="0" fileid="14" />
                <SequencePoint vc="0" uspid="4492" ordinal="14" offset="80" sl="3908" sc="21" el="3908" ec="114" bec="0" bev="0" fileid="14" />
                <SequencePoint vc="0" uspid="4493" ordinal="15" offset="126" sl="3909" sc="21" el="3909" ec="49" bec="0" bev="0" fileid="14" />
                <SequencePoint vc="0" uspid="4494" ordinal="16" offset="131" sl="3913" sc="13" el="3913" ec="113" bec="4" bev="0" fileid="14" />
                <SequencePoint vc="0" uspid="4495" ordinal="17" offset="180" sl="3914" sc="13" el="3914" ec="14" bec="0" bev="0" fileid="14" />
                <SequencePoint vc="0" uspid="4496" ordinal="18" offset="181" sl="3915" sc="17" el="3915" ec="54" bec="0" bev="0" fileid="14" />
                <SequencePoint vc="0" uspid="4497" ordinal="19" offset="186" sl="3918" sc="13" el="3918" ec="84" bec="0" bev="0" fileid="14" />
                <SequencePoint vc="0" uspid="4498" ordinal="20" offset="224" sl="3919" sc="13" el="3919" ec="41" bec="0" bev="0" fileid="14" />
                <SequencePoint vc="0" uspid="4499" ordinal="21" offset="229" sl="3920" sc="9" el="3920" ec="10" bec="0" bev="0" fileid="14" />
              </SequencePoints>
              <BranchPoints>
                <BranchPoint vc="0" uspid="4500" ordinal="0" offset="9" sl="3893" path="0" offsetend="11" fileid="14" />
                <BranchPoint vc="0" uspid="4501" ordinal="1" offset="9" sl="3893" path="1" offsetend="131" fileid="14" />
                <BranchPoint vc="0" uspid="4502" ordinal="2" offset="38" sl="3897" path="0" offsetend="40" fileid="14" />
                <BranchPoint vc="0" uspid="4503" ordinal="3" offset="38" sl="3897" path="1" offsetend="79" fileid="14" />
                <BranchPoint vc="0" uspid="4504" ordinal="4" offset="49" sl="3899" path="0" offsetend="51" fileid="14" />
                <BranchPoint vc="0" uspid="4505" ordinal="5" offset="49" sl="3899" path="1" offsetend="57" fileid="14" />
                <BranchPoint vc="0" uspid="4506" ordinal="6" offset="142" sl="3913" path="0" offsetend="144" fileid="14" />
                <BranchPoint vc="0" uspid="4507" ordinal="7" offset="142" sl="3913" path="1" offsetend="173" fileid="14" />
                <BranchPoint vc="0" uspid="4508" ordinal="8" offset="178" sl="3913" path="0" offsetend="180" fileid="14" />
                <BranchPoint vc="0" uspid="4509" ordinal="9" offset="178" sl="3913" path="1" offsetend="186" fileid="14" />
              </BranchPoints>
              <MethodPoint xsi:type="SequencePoint" vc="0" uspid="4478" ordinal="0" offset="0" sl="3892" sc="9" el="3892" ec="10" bec="0" bev="0" fileid="14" />
            </Method>
            <Method visited="false" cyclomaticComplexity="5" nPathComplexity="8" sequenceCoverage="0" branchCoverage="0" crapScore="30" isConstructor="false" isStatic="false" isGetter="false" isSetter="false">
              <Summary numSequencePoints="7" visitedSequencePoints="0" numBranchPoints="7" visitedBranchPoints="0" sequenceCoverage="0" branchCoverage="0" maxCyclomaticComplexity="5" minCyclomaticComplexity="5" maxCrapScore="30" minCrapScore="30" visitedClasses="0" numClasses="0" visitedMethods="0" numMethods="1" />
              <MetadataToken>100663430</MetadataToken>
              <Name>ExMat.ExSetterStatus ExMat.VM.ExVM::SetterInstance(ExMat.ExClass.ExInstance,System.String,ExMat.Objects.ExObject)</Name>
              <FileRef uid="14" />
              <SequencePoints>
                <SequencePoint vc="0" uspid="4510" ordinal="0" offset="0" sl="3923" sc="9" el="3923" ec="10" bec="0" bev="0" fileid="14" />
                <SequencePoint vc="0" uspid="4511" ordinal="1" offset="1" sl="3924" sc="13" el="3925" ec="54" bec="4" bev="0" fileid="14" />
                <SequencePoint vc="0" uspid="4512" ordinal="2" offset="49" sl="3926" sc="13" el="3926" ec="14" bec="0" bev="0" fileid="14" />
                <SequencePoint vc="0" uspid="4513" ordinal="3" offset="50" sl="3927" sc="17" el="3927" ec="86" bec="0" bev="0" fileid="14" />
                <SequencePoint vc="0" uspid="4514" ordinal="4" offset="90" sl="3928" sc="17" el="3928" ec="43" bec="0" bev="0" fileid="14" />
                <SequencePoint vc="0" uspid="4515" ordinal="5" offset="94" sl="3931" sc="13" el="3931" ec="139" bec="2" bev="0" fileid="14" />
                <SequencePoint vc="0" uspid="4516" ordinal="6" offset="125" sl="3932" sc="9" el="3932" ec="10" bec="0" bev="0" fileid="14" />
              </SequencePoints>
              <BranchPoints>
                <BranchPoint vc="0" uspid="4517" ordinal="0" offset="18" sl="3924" path="0" offsetend="20" fileid="14" />
                <BranchPoint vc="0" uspid="4518" ordinal="1" offset="18" sl="3924" path="1" offsetend="44" fileid="14" />
                <BranchPoint vc="0" uspid="4519" ordinal="2" offset="47" sl="3924" path="0" offsetend="49" fileid="14" />
                <BranchPoint vc="0" uspid="4520" ordinal="3" offset="47" sl="3924" path="1" offsetend="94" fileid="14" />
                <BranchPoint vc="0" uspid="4521" ordinal="4" offset="116" sl="3931" path="0" offsetend="118" fileid="14" />
                <BranchPoint vc="0" uspid="4522" ordinal="5" offset="116" sl="3931" path="1" offsetend="121" fileid="14" />
              </BranchPoints>
              <MethodPoint xsi:type="SequencePoint" vc="0" uspid="4510" ordinal="0" offset="0" sl="3923" sc="9" el="3923" ec="10" bec="0" bev="0" fileid="14" />
            </Method>
            <Method visited="false" cyclomaticComplexity="7" nPathComplexity="64" sequenceCoverage="0" branchCoverage="0" crapScore="56" isConstructor="false" isStatic="false" isGetter="false" isSetter="false">
              <Summary numSequencePoints="25" visitedSequencePoints="0" numBranchPoints="13" visitedBranchPoints="0" sequenceCoverage="0" branchCoverage="0" maxCyclomaticComplexity="7" minCyclomaticComplexity="7" maxCrapScore="56" minCrapScore="56" visitedClasses="0" numClasses="0" visitedMethods="0" numMethods="1" />
              <MetadataToken>100663431</MetadataToken>
              <Name>ExMat.ExSetterStatus ExMat.VM.ExVM::SetterString(ExMat.Objects.ExObject,ExMat.Objects.ExObject,ExMat.Objects.ExObject)</Name>
              <FileRef uid="14" />
              <SequencePoints>
                <SequencePoint vc="0" uspid="4523" ordinal="0" offset="0" sl="3935" sc="9" el="3935" ec="10" bec="0" bev="0" fileid="14" />
                <SequencePoint vc="0" uspid="4524" ordinal="1" offset="1" sl="3936" sc="13" el="3936" ec="42" bec="2" bev="0" fileid="14" />
                <SequencePoint vc="0" uspid="4525" ordinal="2" offset="14" sl="3937" sc="13" el="3937" ec="14" bec="0" bev="0" fileid="14" />
                <SequencePoint vc="0" uspid="4526" ordinal="3" offset="15" sl="3938" sc="17" el="3938" ec="41" bec="0" bev="0" fileid="14" />
                <SequencePoint vc="0" uspid="4527" ordinal="4" offset="23" sl="3939" sc="17" el="3939" ec="48" bec="0" bev="0" fileid="14" />
                <SequencePoint vc="0" uspid="4528" ordinal="5" offset="35" sl="3940" sc="17" el="3940" ec="37" bec="2" bev="0" fileid="14" />
                <SequencePoint vc="0" uspid="4529" ordinal="6" offset="48" sl="3941" sc="17" el="3941" ec="18" bec="0" bev="0" fileid="14" />
                <SequencePoint vc="0" uspid="4530" ordinal="7" offset="49" sl="3942" sc="21" el="3942" ec="31" bec="2" bev="0" fileid="14" />
                <SequencePoint vc="0" uspid="4531" ordinal="8" offset="59" sl="3943" sc="21" el="3943" ec="22" bec="0" bev="0" fileid="14" />
                <SequencePoint vc="0" uspid="4532" ordinal="9" offset="60" sl="3944" sc="25" el="3944" ec="35" bec="0" bev="0" fileid="14" />
                <SequencePoint vc="0" uspid="4533" ordinal="10" offset="64" sl="3945" sc="21" el="3945" ec="22" bec="0" bev="0" fileid="14" />
                <SequencePoint vc="0" uspid="4534" ordinal="11" offset="65" sl="3947" sc="21" el="3947" ec="51" bec="2" bev="0" fileid="14" />
                <SequencePoint vc="0" uspid="4535" ordinal="12" offset="88" sl="3948" sc="21" el="3948" ec="22" bec="0" bev="0" fileid="14" />
                <SequencePoint vc="0" uspid="4536" ordinal="13" offset="89" sl="3949" sc="25" el="3949" ec="90" bec="0" bev="0" fileid="14" />
                <SequencePoint vc="0" uspid="4537" ordinal="14" offset="101" sl="3950" sc="25" el="3950" ec="53" bec="0" bev="0" fileid="14" />
                <SequencePoint vc="0" uspid="4538" ordinal="15" offset="109" sl="3953" sc="21" el="3953" ec="114" bec="0" bev="0" fileid="14" />
                <SequencePoint vc="0" uspid="4539" ordinal="16" offset="166" sl="3954" sc="21" el="3954" ec="47" bec="0" bev="0" fileid="14" />
                <SequencePoint vc="0" uspid="4540" ordinal="17" offset="174" sl="3956" sc="17" el="3956" ec="121" bec="0" bev="0" fileid="14" />
                <SequencePoint vc="0" uspid="4541" ordinal="18" offset="225" sl="3957" sc="17" el="3957" ec="45" bec="0" bev="0" fileid="14" />
                <SequencePoint vc="0" uspid="4542" ordinal="19" offset="230" sl="3960" sc="13" el="3960" ec="111" bec="4" bev="0" fileid="14" />
                <SequencePoint vc="0" uspid="4543" ordinal="20" offset="279" sl="3961" sc="13" el="3961" ec="14" bec="0" bev="0" fileid="14" />
                <SequencePoint vc="0" uspid="4544" ordinal="21" offset="280" sl="3962" sc="17" el="3962" ec="54" bec="0" bev="0" fileid="14" />
                <SequencePoint vc="0" uspid="4545" ordinal="22" offset="285" sl="3965" sc="13" el="3965" ec="83" bec="0" bev="0" fileid="14" />
                <SequencePoint vc="0" uspid="4546" ordinal="23" offset="323" sl="3966" sc="13" el="3966" ec="41" bec="0" bev="0" fileid="14" />
                <SequencePoint vc="0" uspid="4547" ordinal="24" offset="328" sl="3967" sc="9" el="3967" ec="10" bec="0" bev="0" fileid="14" />
              </SequencePoints>
              <BranchPoints>
                <BranchPoint vc="0" uspid="4548" ordinal="0" offset="9" sl="3936" path="0" offsetend="14" fileid="14" />
                <BranchPoint vc="0" uspid="4549" ordinal="1" offset="9" sl="3936" path="1" offsetend="230" fileid="14" />
                <BranchPoint vc="0" uspid="4550" ordinal="2" offset="46" sl="3940" path="0" offsetend="48" fileid="14" />
                <BranchPoint vc="0" uspid="4551" ordinal="3" offset="46" sl="3940" path="1" offsetend="174" fileid="14" />
                <BranchPoint vc="0" uspid="4552" ordinal="4" offset="57" sl="3942" path="0" offsetend="59" fileid="14" />
                <BranchPoint vc="0" uspid="4553" ordinal="5" offset="57" sl="3942" path="1" offsetend="65" fileid="14" />
                <BranchPoint vc="0" uspid="4554" ordinal="6" offset="86" sl="3947" path="0" offsetend="88" fileid="14" />
                <BranchPoint vc="0" uspid="4555" ordinal="7" offset="86" sl="3947" path="1" offsetend="109" fileid="14" />
                <BranchPoint vc="0" uspid="4556" ordinal="8" offset="241" sl="3960" path="0" offsetend="243" fileid="14" />
                <BranchPoint vc="0" uspid="4557" ordinal="9" offset="241" sl="3960" path="1" offsetend="272" fileid="14" />
                <BranchPoint vc="0" uspid="4558" ordinal="10" offset="277" sl="3960" path="0" offsetend="279" fileid="14" />
                <BranchPoint vc="0" uspid="4559" ordinal="11" offset="277" sl="3960" path="1" offsetend="285" fileid="14" />
              </BranchPoints>
              <MethodPoint xsi:type="SequencePoint" vc="0" uspid="4523" ordinal="0" offset="0" sl="3935" sc="9" el="3935" ec="10" bec="0" bev="0" fileid="14" />
            </Method>
            <Method visited="false" cyclomaticComplexity="5" nPathComplexity="16" sequenceCoverage="0" branchCoverage="0" crapScore="30" isConstructor="false" isStatic="false" isGetter="false" isSetter="false">
              <Summary numSequencePoints="11" visitedSequencePoints="0" numBranchPoints="9" visitedBranchPoints="0" sequenceCoverage="0" branchCoverage="0" maxCyclomaticComplexity="5" minCyclomaticComplexity="5" maxCrapScore="30" minCrapScore="30" visitedClasses="0" numClasses="0" visitedMethods="0" numMethods="1" />
              <MetadataToken>100663432</MetadataToken>
              <Name>ExMat.ExSetterStatus ExMat.VM.ExVM::SetterClosure(ExMat.Closure.ExClosure,System.String)</Name>
              <FileRef uid="14" />
              <SequencePoints>
                <SequencePoint vc="0" uspid="4560" ordinal="0" offset="0" sl="3970" sc="9" el="3970" ec="10" bec="0" bev="0" fileid="14" />
                <SequencePoint vc="0" uspid="4561" ordinal="1" offset="1" sl="3971" sc="13" el="3971" ec="72" bec="2" bev="0" fileid="14" />
                <SequencePoint vc="0" uspid="4562" ordinal="2" offset="27" sl="3972" sc="13" el="3972" ec="14" bec="0" bev="0" fileid="14" />
                <SequencePoint vc="0" uspid="4563" ordinal="3" offset="28" sl="3973" sc="17" el="3973" ec="54" bec="0" bev="0" fileid="14" />
                <SequencePoint vc="0" uspid="4564" ordinal="4" offset="35" sl="3975" sc="18" el="3975" ec="52" bec="6" bev="0" fileid="14" />
                <SequencePoint vc="0" uspid="4565" ordinal="5" offset="203" sl="3976" sc="13" el="3976" ec="14" bec="0" bev="0" fileid="14" />
                <SequencePoint vc="0" uspid="4566" ordinal="6" offset="204" sl="3977" sc="17" el="3977" ec="80" bec="0" bev="0" fileid="14" />
                <SequencePoint vc="0" uspid="4567" ordinal="7" offset="226" sl="3978" sc="17" el="3978" ec="45" bec="0" bev="0" fileid="14" />
                <SequencePoint vc="0" uspid="4568" ordinal="8" offset="230" sl="3981" sc="13" el="3981" ec="70" bec="0" bev="0" fileid="14" />
                <SequencePoint vc="0" uspid="4569" ordinal="9" offset="252" sl="3982" sc="13" el="3982" ec="41" bec="0" bev="0" fileid="14" />
                <SequencePoint vc="0" uspid="4570" ordinal="10" offset="256" sl="3983" sc="9" el="3983" ec="10" bec="0" bev="0" fileid="14" />
              </SequencePoints>
              <BranchPoints>
                <BranchPoint vc="0" uspid="4571" ordinal="0" offset="25" sl="3971" path="0" offsetend="27" fileid="14" />
                <BranchPoint vc="0" uspid="4572" ordinal="1" offset="25" sl="3971" path="1" offsetend="35" fileid="14" />
                <BranchPoint vc="0" uspid="4573" ordinal="2" offset="40" sl="3975" path="0" offsetchain="42" offsetend="88" fileid="14" />
                <BranchPoint vc="0" uspid="4574" ordinal="3" offset="40" sl="3975" path="1" offsetend="44" fileid="14" />
                <BranchPoint vc="0" uspid="4575" ordinal="4" offset="108" sl="3975" path="0" offsetchain="110" offsetend="166" fileid="14" />
                <BranchPoint vc="0" uspid="4576" ordinal="5" offset="108" sl="3975" path="1" offsetend="112" fileid="14" />
                <BranchPoint vc="0" uspid="4577" ordinal="6" offset="201" sl="3975" path="0" offsetend="203" fileid="14" />
                <BranchPoint vc="0" uspid="4578" ordinal="7" offset="201" sl="3975" path="1" offsetend="230" fileid="14" />
              </BranchPoints>
              <MethodPoint xsi:type="SequencePoint" vc="0" uspid="4560" ordinal="0" offset="0" sl="3970" sc="9" el="3970" ec="10" bec="0" bev="0" fileid="14" />
            </Method>
            <Method visited="false" cyclomaticComplexity="15" nPathComplexity="512" sequenceCoverage="0" branchCoverage="0" crapScore="240" isConstructor="false" isStatic="false" isGetter="false" isSetter="false">
              <Summary numSequencePoints="34" visitedSequencePoints="0" numBranchPoints="19" visitedBranchPoints="0" sequenceCoverage="0" branchCoverage="0" maxCyclomaticComplexity="15" minCyclomaticComplexity="15" maxCrapScore="240" minCrapScore="240" visitedClasses="0" numClasses="0" visitedMethods="0" numMethods="1" />
              <MetadataToken>100663433</MetadataToken>
              <Name>System.Boolean ExMat.VM.ExVM::Setter(ExMat.Objects.ExObject,ExMat.Objects.ExObject,ExMat.Objects.ExObject&amp;)</Name>
              <FileRef uid="14" />
              <SequencePoints>
                <SequencePoint vc="0" uspid="4579" ordinal="0" offset="0" sl="3986" sc="9" el="3986" ec="10" bec="0" bev="0" fileid="14" />
                <SequencePoint vc="0" uspid="4580" ordinal="1" offset="1" sl="3987" sc="13" el="3987" ec="58" bec="0" bev="0" fileid="14" />
                <SequencePoint vc="0" uspid="4581" ordinal="2" offset="3" sl="3988" sc="13" el="3988" ec="31" bec="9" bev="0" fileid="14" />
                <SequencePoint vc="0" uspid="4582" ordinal="3" offset="73" sl="3991" sc="21" el="3991" ec="22" bec="0" bev="0" fileid="14" />
                <SequencePoint vc="0" uspid="4583" ordinal="4" offset="74" sl="3992" sc="25" el="3992" ec="79" bec="0" bev="0" fileid="14" />
                <SequencePoint vc="0" uspid="4584" ordinal="5" offset="95" sl="3993" sc="25" el="3993" ec="31" bec="0" bev="0" fileid="14" />
                <SequencePoint vc="0" uspid="4585" ordinal="6" offset="97" sl="3996" sc="21" el="3996" ec="22" bec="0" bev="0" fileid="14" />
                <SequencePoint vc="0" uspid="4586" ordinal="7" offset="98" sl="3997" sc="25" el="3997" ec="67" bec="0" bev="0" fileid="14" />
                <SequencePoint vc="0" uspid="4587" ordinal="8" offset="114" sl="3998" sc="25" el="3998" ec="31" bec="0" bev="0" fileid="14" />
                <SequencePoint vc="0" uspid="4588" ordinal="9" offset="116" sl="4001" sc="21" el="4001" ec="22" bec="0" bev="0" fileid="14" />
                <SequencePoint vc="0" uspid="4589" ordinal="10" offset="117" sl="4002" sc="25" el="4002" ec="87" bec="0" bev="0" fileid="14" />
                <SequencePoint vc="0" uspid="4590" ordinal="11" offset="138" sl="4003" sc="25" el="4003" ec="31" bec="0" bev="0" fileid="14" />
                <SequencePoint vc="0" uspid="4591" ordinal="12" offset="140" sl="4006" sc="21" el="4006" ec="22" bec="0" bev="0" fileid="14" />
                <SequencePoint vc="0" uspid="4592" ordinal="13" offset="141" sl="4007" sc="25" el="4007" ec="59" bec="0" bev="0" fileid="14" />
                <SequencePoint vc="0" uspid="4593" ordinal="14" offset="152" sl="4008" sc="25" el="4008" ec="31" bec="0" bev="0" fileid="14" />
                <SequencePoint vc="0" uspid="4594" ordinal="15" offset="154" sl="4011" sc="21" el="4011" ec="22" bec="0" bev="0" fileid="14" />
                <SequencePoint vc="0" uspid="4595" ordinal="16" offset="155" sl="4012" sc="25" el="4012" ec="82" bec="0" bev="0" fileid="14" />
                <SequencePoint vc="0" uspid="4596" ordinal="17" offset="174" sl="4013" sc="25" el="4013" ec="31" bec="0" bev="0" fileid="14" />
                <SequencePoint vc="0" uspid="4597" ordinal="18" offset="176" sl="4016" sc="21" el="4016" ec="22" bec="0" bev="0" fileid="14" />
                <SequencePoint vc="0" uspid="4598" ordinal="19" offset="177" sl="4017" sc="25" el="4017" ec="31" bec="0" bev="0" fileid="14" />
                <SequencePoint vc="0" uspid="4599" ordinal="20" offset="179" sl="4021" sc="13" el="4021" ec="28" bec="4" bev="0" fileid="14" />
                <SequencePoint vc="0" uspid="4600" ordinal="21" offset="205" sl="4024" sc="21" el="4024" ec="34" bec="0" bev="0" fileid="14" />
                <SequencePoint vc="0" uspid="4601" ordinal="22" offset="213" sl="4026" sc="21" el="4026" ec="33" bec="0" bev="0" fileid="14" />
                <SequencePoint vc="0" uspid="4602" ordinal="23" offset="221" sl="4028" sc="21" el="4028" ec="22" bec="0" bev="0" fileid="14" />
                <SequencePoint vc="0" uspid="4603" ordinal="24" offset="222" sl="4029" sc="25" el="4029" ec="138" bec="0" bev="0" fileid="14" />
                <SequencePoint vc="0" uspid="4604" ordinal="25" offset="269" sl="4030" sc="25" el="4030" ec="38" bec="0" bev="0" fileid="14" />
                <SequencePoint vc="0" uspid="4605" ordinal="26" offset="274" sl="4033" sc="21" el="4033" ec="27" bec="0" bev="0" fileid="14" />
                <SequencePoint vc="0" uspid="4606" ordinal="27" offset="276" sl="4036" sc="13" el="4036" ec="52" bec="3" bev="0" fileid="14" />
                <SequencePoint vc="0" uspid="4607" ordinal="28" offset="312" sl="4039" sc="21" el="4039" ec="33" bec="0" bev="0" fileid="14" />
                <SequencePoint vc="0" uspid="4608" ordinal="29" offset="317" sl="4041" sc="21" el="4041" ec="27" bec="0" bev="0" fileid="14" />
                <SequencePoint vc="0" uspid="4609" ordinal="30" offset="319" sl="4043" sc="21" el="4043" ec="34" bec="0" bev="0" fileid="14" />
                <SequencePoint vc="0" uspid="4610" ordinal="31" offset="324" sl="4046" sc="13" el="4046" ec="67" bec="0" bev="0" fileid="14" />
                <SequencePoint vc="0" uspid="4611" ordinal="32" offset="351" sl="4047" sc="13" el="4047" ec="26" bec="0" bev="0" fileid="14" />
                <SequencePoint vc="0" uspid="4612" ordinal="33" offset="356" sl="4048" sc="9" el="4048" ec="10" bec="0" bev="0" fileid="14" />
              </SequencePoints>
              <BranchPoints>
                <BranchPoint vc="0" uspid="4613" ordinal="0" offset="26" sl="3988" path="0" offsetchain="28" offsetend="30" fileid="14" />
                <BranchPoint vc="0" uspid="4614" ordinal="1" offset="26" sl="3988" path="1" offsetend="140" fileid="14" />
                <BranchPoint vc="0" uspid="4615" ordinal="2" offset="36" sl="3988" path="0" offsetchain="38" offsetend="176" fileid="14" />
                <BranchPoint vc="0" uspid="4616" ordinal="3" offset="36" sl="3988" path="1" offsetend="97" fileid="14" />
                <BranchPoint vc="0" uspid="4617" ordinal="4" offset="49" sl="3988" path="0" offsetchain="51" offsetend="53" fileid="14" />
                <BranchPoint vc="0" uspid="4618" ordinal="5" offset="49" sl="3988" path="1" offsetend="73" fileid="14" />
                <BranchPoint vc="0" uspid="4619" ordinal="6" offset="59" sl="3988" path="0" offsetchain="61" offsetend="63" fileid="14" />
                <BranchPoint vc="0" uspid="4620" ordinal="7" offset="59" sl="3988" path="1" offsetend="154" fileid="14" />
                <BranchPoint vc="0" uspid="4621" ordinal="8" offset="69" sl="3988" path="0" offsetchain="71" offsetend="176" fileid="14" />
                <BranchPoint vc="0" uspid="4622" ordinal="9" offset="69" sl="3988" path="1" offsetend="116" fileid="14" />
                <BranchPoint vc="0" uspid="4623" ordinal="10" offset="186" sl="4021" path="0" offsetchain="203 274" offsetend="276" fileid="14" />
                <BranchPoint vc="0" uspid="4624" ordinal="11" offset="186" sl="4021" path="1" offsetend="205" fileid="14" />
                <BranchPoint vc="0" uspid="4625" ordinal="12" offset="186" sl="4021" path="2" offsetend="213" fileid="14" />
                <BranchPoint vc="0" uspid="4626" ordinal="13" offset="186" sl="4021" path="3" offsetend="221" fileid="14" />
                <BranchPoint vc="0" uspid="4627" ordinal="14" offset="293" sl="4036" path="0" offsetchain="310" offsetend="324" fileid="14" />
                <BranchPoint vc="0" uspid="4628" ordinal="15" offset="293" sl="4036" path="1" offsetend="312" fileid="14" />
                <BranchPoint vc="0" uspid="4629" ordinal="16" offset="293" sl="4036" path="2" offsetchain="317" offsetend="324" fileid="14" />
                <BranchPoint vc="0" uspid="4630" ordinal="17" offset="293" sl="4036" path="3" offsetend="319" fileid="14" />
              </BranchPoints>
              <MethodPoint xsi:type="SequencePoint" vc="0" uspid="4579" ordinal="0" offset="0" sl="3986" sc="9" el="3986" ec="10" bec="0" bev="0" fileid="14" />
            </Method>
            <Method visited="false" cyclomaticComplexity="4" nPathComplexity="8" sequenceCoverage="0" branchCoverage="0" crapScore="20" isConstructor="false" isStatic="false" isGetter="false" isSetter="false">
              <Summary numSequencePoints="22" visitedSequencePoints="0" numBranchPoints="7" visitedBranchPoints="0" sequenceCoverage="0" branchCoverage="0" maxCyclomaticComplexity="4" minCyclomaticComplexity="4" maxCrapScore="20" minCrapScore="20" visitedClasses="0" numClasses="0" visitedMethods="0" numMethods="1" />
              <MetadataToken>100663434</MetadataToken>
              <Name>ExMat.ExFallback ExMat.VM.ExVM::SetterFallback(ExMat.Objects.ExObject,ExMat.Objects.ExObject,ExMat.Objects.ExObject&amp;)</Name>
              <FileRef uid="14" />
              <SequencePoints>
                <SequencePoint vc="0" uspid="4631" ordinal="0" offset="0" sl="4051" sc="9" el="4051" ec="10" bec="0" bev="0" fileid="14" />
                <SequencePoint vc="0" uspid="4632" ordinal="1" offset="1" sl="4052" sc="13" el="4052" ec="31" bec="2" bev="0" fileid="14" />
                <SequencePoint vc="0" uspid="4633" ordinal="2" offset="20" sl="4055" sc="21" el="4055" ec="22" bec="0" bev="0" fileid="14" />
                <SequencePoint vc="0" uspid="4634" ordinal="3" offset="21" sl="4056" sc="25" el="4056" ec="45" bec="0" bev="0" fileid="14" />
                <SequencePoint vc="0" uspid="4635" ordinal="4" offset="23" sl="4057" sc="25" el="4057" ec="44" bec="0" bev="0" fileid="14" />
                <SequencePoint vc="0" uspid="4636" ordinal="5" offset="29" sl="4058" sc="25" el="4058" ec="84" bec="2" bev="0" fileid="14" />
                <SequencePoint vc="0" uspid="4637" ordinal="6" offset="49" sl="4059" sc="25" el="4059" ec="26" bec="0" bev="0" fileid="14" />
                <SequencePoint vc="0" uspid="4638" ordinal="7" offset="50" sl="4060" sc="29" el="4060" ec="40" bec="0" bev="0" fileid="14" />
                <SequencePoint vc="0" uspid="4639" ordinal="8" offset="58" sl="4061" sc="29" el="4061" ec="37" bec="0" bev="0" fileid="14" />
                <SequencePoint vc="0" uspid="4640" ordinal="9" offset="66" sl="4062" sc="29" el="4062" ec="37" bec="0" bev="0" fileid="14" />
                <SequencePoint vc="0" uspid="4641" ordinal="10" offset="75" sl="4063" sc="29" el="4063" ec="42" bec="0" bev="0" fileid="14" />
                <SequencePoint vc="0" uspid="4642" ordinal="11" offset="89" sl="4065" sc="29" el="4065" ec="71" bec="2" bev="0" fileid="14" />
                <SequencePoint vc="0" uspid="4643" ordinal="12" offset="115" sl="4066" sc="29" el="4066" ec="30" bec="0" bev="0" fileid="14" />
                <SequencePoint vc="0" uspid="4644" ordinal="13" offset="116" sl="4067" sc="33" el="4067" ec="40" bec="0" bev="0" fileid="14" />
                <SequencePoint vc="0" uspid="4645" ordinal="14" offset="124" sl="4068" sc="33" el="4068" ec="54" bec="0" bev="0" fileid="14" />
                <SequencePoint vc="0" uspid="4646" ordinal="15" offset="129" sl="4071" sc="29" el="4071" ec="30" bec="0" bev="0" fileid="14" />
                <SequencePoint vc="0" uspid="4647" ordinal="16" offset="130" sl="4072" sc="33" el="4072" ec="40" bec="0" bev="0" fileid="14" />
                <SequencePoint vc="0" uspid="4648" ordinal="17" offset="138" sl="4073" sc="29" el="4073" ec="30" bec="0" bev="0" fileid="14" />
                <SequencePoint vc="0" uspid="4649" ordinal="18" offset="139" sl="4074" sc="25" el="4074" ec="26" bec="0" bev="0" fileid="14" />
                <SequencePoint vc="0" uspid="4650" ordinal="19" offset="140" sl="4075" sc="25" el="4075" ec="31" bec="0" bev="0" fileid="14" />
                <SequencePoint vc="0" uspid="4651" ordinal="20" offset="142" sl="4078" sc="13" el="4078" ec="39" bec="0" bev="0" fileid="14" />
                <SequencePoint vc="0" uspid="4652" ordinal="21" offset="147" sl="4079" sc="9" el="4079" ec="10" bec="0" bev="0" fileid="14" />
              </SequencePoints>
              <BranchPoints>
                <BranchPoint vc="0" uspid="4653" ordinal="0" offset="16" sl="4052" path="0" offsetchain="18" offsetend="142" fileid="14" />
                <BranchPoint vc="0" uspid="4654" ordinal="1" offset="16" sl="4052" path="1" offsetend="20" fileid="14" />
                <BranchPoint vc="0" uspid="4655" ordinal="2" offset="47" sl="4058" path="0" offsetend="49" fileid="14" />
                <BranchPoint vc="0" uspid="4656" ordinal="3" offset="47" sl="4058" path="1" offsetchain="140" offsetend="142" fileid="14" />
                <BranchPoint vc="0" uspid="4657" ordinal="4" offset="113" sl="4065" path="0" offsetend="115" fileid="14" />
                <BranchPoint vc="0" uspid="4658" ordinal="5" offset="113" sl="4065" path="1" offsetend="129" fileid="14" />
              </BranchPoints>
              <MethodPoint xsi:type="SequencePoint" vc="0" uspid="4631" ordinal="0" offset="0" sl="4051" sc="9" el="4051" ec="10" bec="0" bev="0" fileid="14" />
            </Method>
            <Method visited="false" cyclomaticComplexity="17" nPathComplexity="8192" sequenceCoverage="0" branchCoverage="0" crapScore="306" isConstructor="false" isStatic="false" isGetter="false" isSetter="false">
              <Summary numSequencePoints="39" visitedSequencePoints="0" numBranchPoints="27" visitedBranchPoints="0" sequenceCoverage="0" branchCoverage="0" maxCyclomaticComplexity="17" minCyclomaticComplexity="17" maxCrapScore="306" minCrapScore="306" visitedClasses="0" numClasses="0" visitedMethods="0" numMethods="1" />
              <MetadataToken>100663435</MetadataToken>
              <Name>System.Boolean ExMat.VM.ExVM::InvokeDefaultDeleg(ExMat.Objects.ExObject,ExMat.Objects.ExObject,ExMat.Objects.ExObject&amp;)</Name>
              <FileRef uid="14" />
              <SequencePoints>
                <SequencePoint vc="0" uspid="4659" ordinal="0" offset="0" sl="4082" sc="9" el="4082" ec="10" bec="0" bev="0" fileid="14" />
                <SequencePoint vc="0" uspid="4660" ordinal="1" offset="1" sl="4083" sc="13" el="4083" ec="48" bec="2" bev="0" fileid="14" />
                <SequencePoint vc="0" uspid="4661" ordinal="2" offset="14" sl="4084" sc="13" el="4084" ec="14" bec="0" bev="0" fileid="14" />
                <SequencePoint vc="0" uspid="4662" ordinal="3" offset="15" sl="4085" sc="17" el="4085" ec="30" bec="0" bev="0" fileid="14" />
                <SequencePoint vc="0" uspid="4663" ordinal="4" offset="22" sl="4088" sc="13" el="4088" ec="54" bec="0" bev="0" fileid="14" />
                <SequencePoint vc="0" uspid="4664" ordinal="5" offset="28" sl="4089" sc="13" el="4089" ec="31" bec="17" bev="0" fileid="14" />
                <SequencePoint vc="0" uspid="4665" ordinal="6" offset="209" sl="4092" sc="21" el="4092" ec="22" bec="0" bev="0" fileid="14" />
                <SequencePoint vc="0" uspid="4666" ordinal="7" offset="210" sl="4093" sc="25" el="4093" ec="67" bec="0" bev="0" fileid="14" />
                <SequencePoint vc="0" uspid="4667" ordinal="8" offset="227" sl="4094" sc="25" el="4094" ec="31" bec="0" bev="0" fileid="14" />
                <SequencePoint vc="0" uspid="4668" ordinal="9" offset="232" sl="4097" sc="21" el="4097" ec="22" bec="0" bev="0" fileid="14" />
                <SequencePoint vc="0" uspid="4669" ordinal="10" offset="233" sl="4098" sc="25" el="4098" ec="70" bec="0" bev="0" fileid="14" />
                <SequencePoint vc="0" uspid="4670" ordinal="11" offset="250" sl="4099" sc="25" el="4099" ec="31" bec="0" bev="0" fileid="14" />
                <SequencePoint vc="0" uspid="4671" ordinal="12" offset="255" sl="4102" sc="21" el="4102" ec="22" bec="0" bev="0" fileid="14" />
                <SequencePoint vc="0" uspid="4672" ordinal="13" offset="256" sl="4103" sc="25" el="4103" ec="66" bec="0" bev="0" fileid="14" />
                <SequencePoint vc="0" uspid="4673" ordinal="14" offset="273" sl="4104" sc="25" el="4104" ec="31" bec="0" bev="0" fileid="14" />
                <SequencePoint vc="0" uspid="4674" ordinal="15" offset="275" sl="4107" sc="21" el="4107" ec="22" bec="0" bev="0" fileid="14" />
                <SequencePoint vc="0" uspid="4675" ordinal="16" offset="276" sl="4108" sc="25" el="4108" ec="66" bec="0" bev="0" fileid="14" />
                <SequencePoint vc="0" uspid="4676" ordinal="17" offset="293" sl="4109" sc="25" el="4109" ec="31" bec="0" bev="0" fileid="14" />
                <SequencePoint vc="0" uspid="4677" ordinal="18" offset="295" sl="4112" sc="21" el="4112" ec="22" bec="0" bev="0" fileid="14" />
                <SequencePoint vc="0" uspid="4678" ordinal="19" offset="296" sl="4113" sc="25" el="4113" ec="68" bec="0" bev="0" fileid="14" />
                <SequencePoint vc="0" uspid="4679" ordinal="20" offset="313" sl="4114" sc="25" el="4114" ec="31" bec="0" bev="0" fileid="14" />
                <SequencePoint vc="0" uspid="4680" ordinal="21" offset="315" sl="4117" sc="21" el="4117" ec="22" bec="0" bev="0" fileid="14" />
                <SequencePoint vc="0" uspid="4681" ordinal="22" offset="316" sl="4118" sc="25" el="4118" ec="69" bec="0" bev="0" fileid="14" />
                <SequencePoint vc="0" uspid="4682" ordinal="23" offset="333" sl="4119" sc="25" el="4119" ec="31" bec="0" bev="0" fileid="14" />
                <SequencePoint vc="0" uspid="4683" ordinal="24" offset="335" sl="4123" sc="21" el="4123" ec="22" bec="0" bev="0" fileid="14" />
                <SequencePoint vc="0" uspid="4684" ordinal="25" offset="336" sl="4124" sc="25" el="4124" ec="68" bec="0" bev="0" fileid="14" />
                <SequencePoint vc="0" uspid="4685" ordinal="26" offset="353" sl="4125" sc="25" el="4125" ec="31" bec="0" bev="0" fileid="14" />
                <SequencePoint vc="0" uspid="4686" ordinal="27" offset="355" sl="4129" sc="21" el="4129" ec="22" bec="0" bev="0" fileid="14" />
                <SequencePoint vc="0" uspid="4687" ordinal="28" offset="356" sl="4130" sc="25" el="4130" ec="69" bec="0" bev="0" fileid="14" />
                <SequencePoint vc="0" uspid="4688" ordinal="29" offset="373" sl="4131" sc="25" el="4131" ec="31" bec="0" bev="0" fileid="14" />
                <SequencePoint vc="0" uspid="4689" ordinal="30" offset="375" sl="4134" sc="21" el="4134" ec="22" bec="0" bev="0" fileid="14" />
                <SequencePoint vc="0" uspid="4690" ordinal="31" offset="376" sl="4135" sc="25" el="4135" ec="69" bec="0" bev="0" fileid="14" />
                <SequencePoint vc="0" uspid="4691" ordinal="32" offset="393" sl="4136" sc="25" el="4136" ec="31" bec="0" bev="0" fileid="14" />
                <SequencePoint vc="0" uspid="4692" ordinal="33" offset="395" sl="4139" sc="13" el="4139" ec="48" bec="2" bev="0" fileid="14" />
                <SequencePoint vc="0" uspid="4693" ordinal="34" offset="413" sl="4140" sc="13" el="4140" ec="14" bec="0" bev="0" fileid="14" />
                <SequencePoint vc="0" uspid="4694" ordinal="35" offset="414" sl="4141" sc="17" el="4141" ec="62" bec="0" bev="0" fileid="14" />
                <SequencePoint vc="0" uspid="4695" ordinal="36" offset="438" sl="4142" sc="17" el="4142" ec="29" bec="0" bev="0" fileid="14" />
                <SequencePoint vc="0" uspid="4696" ordinal="37" offset="442" sl="4144" sc="13" el="4144" ec="26" bec="0" bev="0" fileid="14" />
                <SequencePoint vc="0" uspid="4697" ordinal="38" offset="446" sl="4145" sc="9" el="4145" ec="10" bec="0" bev="0" fileid="14" />
              </SequencePoints>
              <BranchPoints>
                <BranchPoint vc="0" uspid="4698" ordinal="0" offset="12" sl="4083" path="0" offsetend="14" fileid="14" />
                <BranchPoint vc="0" uspid="4699" ordinal="1" offset="12" sl="4083" path="1" offsetend="22" fileid="14" />
                <BranchPoint vc="0" uspid="4700" ordinal="2" offset="61" sl="4089" path="0" offsetchain="66" offsetend="68" fileid="14" />
                <BranchPoint vc="0" uspid="4701" ordinal="3" offset="61" sl="4089" path="1" offsetend="295" fileid="14" />
                <BranchPoint vc="0" uspid="4702" ordinal="4" offset="74" sl="4089" path="0" offsetchain="79" offsetend="395" fileid="14" />
                <BranchPoint vc="0" uspid="4703" ordinal="5" offset="74" sl="4089" path="1" offsetend="335" fileid="14" />
                <BranchPoint vc="0" uspid="4704" ordinal="6" offset="90" sl="4089" path="0" offsetchain="95" offsetend="97" fileid="14" />
                <BranchPoint vc="0" uspid="4705" ordinal="7" offset="90" sl="4089" path="1" offsetend="335" fileid="14" />
                <BranchPoint vc="0" uspid="4706" ordinal="8" offset="103" sl="4089" path="0" offsetchain="108" offsetend="110" fileid="14" />
                <BranchPoint vc="0" uspid="4707" ordinal="9" offset="103" sl="4089" path="1" offsetend="315" fileid="14" />
                <BranchPoint vc="0" uspid="4708" ordinal="10" offset="116" sl="4089" path="0" offsetchain="121" offsetend="395" fileid="14" />
                <BranchPoint vc="0" uspid="4709" ordinal="11" offset="116" sl="4089" path="1" offsetend="275" fileid="14" />
                <BranchPoint vc="0" uspid="4710" ordinal="12" offset="140" sl="4089" path="0" offsetchain="142" offsetend="144" fileid="14" />
                <BranchPoint vc="0" uspid="4711" ordinal="13" offset="140" sl="4089" path="1" offsetend="255" fileid="14" />
                <BranchPoint vc="0" uspid="4712" ordinal="14" offset="150" sl="4089" path="0" offsetchain="155" offsetend="157" fileid="14" />
                <BranchPoint vc="0" uspid="4713" ordinal="15" offset="150" sl="4089" path="1" offsetend="355" fileid="14" />
                <BranchPoint vc="0" uspid="4714" ordinal="16" offset="163" sl="4089" path="0" offsetchain="168" offsetend="395" fileid="14" />
                <BranchPoint vc="0" uspid="4715" ordinal="17" offset="163" sl="4089" path="1" offsetend="355" fileid="14" />
                <BranchPoint vc="0" uspid="4716" ordinal="18" offset="179" sl="4089" path="0" offsetchain="181" offsetend="183" fileid="14" />
                <BranchPoint vc="0" uspid="4717" ordinal="19" offset="179" sl="4089" path="1" offsetend="209" fileid="14" />
                <BranchPoint vc="0" uspid="4718" ordinal="20" offset="189" sl="4089" path="0" offsetchain="191" offsetend="193" fileid="14" />
                <BranchPoint vc="0" uspid="4719" ordinal="21" offset="189" sl="4089" path="1" offsetend="232" fileid="14" />
                <BranchPoint vc="0" uspid="4720" ordinal="22" offset="199" sl="4089" path="0" offsetchain="204" offsetend="395" fileid="14" />
                <BranchPoint vc="0" uspid="4721" ordinal="23" offset="199" sl="4089" path="1" offsetend="375" fileid="14" />
                <BranchPoint vc="0" uspid="4722" ordinal="24" offset="411" sl="4139" path="0" offsetend="413" fileid="14" />
                <BranchPoint vc="0" uspid="4723" ordinal="25" offset="411" sl="4139" path="1" offsetend="442" fileid="14" />
              </BranchPoints>
              <MethodPoint xsi:type="SequencePoint" vc="0" uspid="4659" ordinal="0" offset="0" sl="4082" sc="9" el="4082" ec="10" bec="0" bev="0" fileid="14" />
            </Method>
            <Method visited="false" cyclomaticComplexity="4" nPathComplexity="8" sequenceCoverage="0" branchCoverage="0" crapScore="20" isConstructor="false" isStatic="false" isGetter="false" isSetter="false">
              <Summary numSequencePoints="20" visitedSequencePoints="0" numBranchPoints="7" visitedBranchPoints="0" sequenceCoverage="0" branchCoverage="0" maxCyclomaticComplexity="4" minCyclomaticComplexity="4" maxCrapScore="20" minCrapScore="20" visitedClasses="0" numClasses="0" visitedMethods="0" numMethods="1" />
              <MetadataToken>100663436</MetadataToken>
              <Name>ExMat.ExFallback ExMat.VM.ExVM::GetterFallback(ExMat.Objects.ExObject,ExMat.Objects.ExObject,ExMat.Objects.ExObject&amp;)</Name>
              <FileRef uid="14" />
              <SequencePoints>
                <SequencePoint vc="0" uspid="4724" ordinal="0" offset="0" sl="4148" sc="9" el="4148" ec="10" bec="0" bev="0" fileid="14" />
                <SequencePoint vc="0" uspid="4725" ordinal="1" offset="1" sl="4149" sc="13" el="4149" ec="31" bec="2" bev="0" fileid="14" />
                <SequencePoint vc="0" uspid="4726" ordinal="2" offset="20" sl="4152" sc="21" el="4152" ec="22" bec="0" bev="0" fileid="14" />
                <SequencePoint vc="0" uspid="4727" ordinal="3" offset="21" sl="4153" sc="25" el="4153" ec="45" bec="0" bev="0" fileid="14" />
                <SequencePoint vc="0" uspid="4728" ordinal="4" offset="23" sl="4154" sc="25" el="4154" ec="84" bec="2" bev="0" fileid="14" />
                <SequencePoint vc="0" uspid="4729" ordinal="5" offset="41" sl="4155" sc="25" el="4155" ec="26" bec="0" bev="0" fileid="14" />
                <SequencePoint vc="0" uspid="4730" ordinal="6" offset="42" sl="4156" sc="29" el="4156" ec="40" bec="0" bev="0" fileid="14" />
                <SequencePoint vc="0" uspid="4731" ordinal="7" offset="50" sl="4157" sc="29" el="4157" ec="37" bec="0" bev="0" fileid="14" />
                <SequencePoint vc="0" uspid="4732" ordinal="8" offset="58" sl="4158" sc="29" el="4158" ec="42" bec="0" bev="0" fileid="14" />
                <SequencePoint vc="0" uspid="4733" ordinal="9" offset="72" sl="4160" sc="29" el="4160" ec="74" bec="2" bev="0" fileid="14" />
                <SequencePoint vc="0" uspid="4734" ordinal="10" offset="97" sl="4161" sc="29" el="4161" ec="30" bec="0" bev="0" fileid="14" />
                <SequencePoint vc="0" uspid="4735" ordinal="11" offset="98" sl="4162" sc="33" el="4162" ec="40" bec="0" bev="0" fileid="14" />
                <SequencePoint vc="0" uspid="4736" ordinal="12" offset="106" sl="4163" sc="33" el="4163" ec="54" bec="0" bev="0" fileid="14" />
                <SequencePoint vc="0" uspid="4737" ordinal="13" offset="111" sl="4166" sc="29" el="4166" ec="30" bec="0" bev="0" fileid="14" />
                <SequencePoint vc="0" uspid="4738" ordinal="14" offset="112" sl="4167" sc="33" el="4167" ec="40" bec="0" bev="0" fileid="14" />
                <SequencePoint vc="0" uspid="4739" ordinal="15" offset="120" sl="4168" sc="29" el="4168" ec="30" bec="0" bev="0" fileid="14" />
                <SequencePoint vc="0" uspid="4740" ordinal="16" offset="121" sl="4169" sc="25" el="4169" ec="26" bec="0" bev="0" fileid="14" />
                <SequencePoint vc="0" uspid="4741" ordinal="17" offset="122" sl="4170" sc="25" el="4170" ec="31" bec="0" bev="0" fileid="14" />
                <SequencePoint vc="0" uspid="4742" ordinal="18" offset="124" sl="4173" sc="13" el="4173" ec="39" bec="0" bev="0" fileid="14" />
                <SequencePoint vc="0" uspid="4743" ordinal="19" offset="129" sl="4174" sc="9" el="4174" ec="10" bec="0" bev="0" fileid="14" />
              </SequencePoints>
              <BranchPoints>
                <BranchPoint vc="0" uspid="4744" ordinal="0" offset="16" sl="4149" path="0" offsetchain="18" offsetend="124" fileid="14" />
                <BranchPoint vc="0" uspid="4745" ordinal="1" offset="16" sl="4149" path="1" offsetend="20" fileid="14" />
                <BranchPoint vc="0" uspid="4746" ordinal="2" offset="39" sl="4154" path="0" offsetend="41" fileid="14" />
                <BranchPoint vc="0" uspid="4747" ordinal="3" offset="39" sl="4154" path="1" offsetchain="122" offsetend="124" fileid="14" />
                <BranchPoint vc="0" uspid="4748" ordinal="4" offset="95" sl="4160" path="0" offsetend="97" fileid="14" />
                <BranchPoint vc="0" uspid="4749" ordinal="5" offset="95" sl="4160" path="1" offsetend="111" fileid="14" />
              </BranchPoints>
              <MethodPoint xsi:type="SequencePoint" vc="0" uspid="4724" ordinal="0" offset="0" sl="4148" sc="9" el="4148" ec="10" bec="0" bev="0" fileid="14" />
            </Method>
            <Method visited="false" cyclomaticComplexity="6" nPathComplexity="32" sequenceCoverage="0" branchCoverage="0" crapScore="42" isConstructor="false" isStatic="false" isGetter="false" isSetter="false">
              <Summary numSequencePoints="19" visitedSequencePoints="0" numBranchPoints="11" visitedBranchPoints="0" sequenceCoverage="0" branchCoverage="0" maxCyclomaticComplexity="6" minCyclomaticComplexity="6" maxCrapScore="42" minCrapScore="42" visitedClasses="0" numClasses="0" visitedMethods="0" numMethods="1" />
              <MetadataToken>100663437</MetadataToken>
              <Name>ExMat.ExGetterStatus ExMat.VM.ExVM::Getter(System.Collections.Generic.Dictionary`2&lt;System.String,ExMat.Objects.ExObject&gt;,ExMat.Objects.ExObject,ExMat.Objects.ExObject&amp;,System.Boolean)</Name>
              <FileRef uid="14" />
              <SequencePoints>
                <SequencePoint vc="0" uspid="4750" ordinal="0" offset="0" sl="4177" sc="9" el="4177" ec="10" bec="0" bev="0" fileid="14" />
                <SequencePoint vc="0" uspid="4751" ordinal="1" offset="1" sl="4178" sc="13" el="4178" ec="30" bec="2" bev="0" fileid="14" />
                <SequencePoint vc="0" uspid="4752" ordinal="2" offset="9" sl="4179" sc="13" el="4179" ec="14" bec="0" bev="0" fileid="14" />
                <SequencePoint vc="0" uspid="4753" ordinal="3" offset="10" sl="4180" sc="17" el="4180" ec="74" bec="0" bev="0" fileid="14" />
                <SequencePoint vc="0" uspid="4754" ordinal="4" offset="22" sl="4181" sc="17" el="4181" ec="45" bec="0" bev="0" fileid="14" />
                <SequencePoint vc="0" uspid="4755" ordinal="5" offset="29" sl="4184" sc="13" el="4184" ec="46" bec="2" bev="0" fileid="14" />
                <SequencePoint vc="0" uspid="4756" ordinal="6" offset="49" sl="4185" sc="13" el="4185" ec="14" bec="0" bev="0" fileid="14" />
                <SequencePoint vc="0" uspid="4757" ordinal="7" offset="50" sl="4186" sc="17" el="4186" ec="81" bec="0" bev="0" fileid="14" />
                <SequencePoint vc="0" uspid="4758" ordinal="8" offset="62" sl="4187" sc="17" el="4187" ec="45" bec="0" bev="0" fileid="14" />
                <SequencePoint vc="0" uspid="4759" ordinal="9" offset="66" sl="4190" sc="13" el="4190" ec="51" bec="2" bev="0" fileid="14" />
                <SequencePoint vc="0" uspid="4760" ordinal="10" offset="82" sl="4191" sc="13" el="4191" ec="14" bec="0" bev="0" fileid="14" />
                <SequencePoint vc="0" uspid="4761" ordinal="11" offset="83" sl="4192" sc="17" el="4192" ec="52" bec="0" bev="0" fileid="14" />
                <SequencePoint vc="0" uspid="4762" ordinal="12" offset="103" sl="4193" sc="17" el="4193" ec="45" bec="0" bev="0" fileid="14" />
                <SequencePoint vc="0" uspid="4763" ordinal="13" offset="107" sl="4196" sc="13" el="4196" ec="94" bec="4" bev="0" fileid="14" />
                <SequencePoint vc="0" uspid="4764" ordinal="14" offset="147" sl="4197" sc="13" el="4197" ec="14" bec="0" bev="0" fileid="14" />
                <SequencePoint vc="0" uspid="4765" ordinal="15" offset="148" sl="4198" sc="17" el="4198" ec="48" bec="0" bev="0" fileid="14" />
                <SequencePoint vc="0" uspid="4766" ordinal="16" offset="152" sl="4201" sc="13" el="4201" ec="69" bec="0" bev="0" fileid="14" />
                <SequencePoint vc="0" uspid="4767" ordinal="17" offset="179" sl="4202" sc="13" el="4202" ec="41" bec="0" bev="0" fileid="14" />
                <SequencePoint vc="0" uspid="4768" ordinal="18" offset="183" sl="4203" sc="9" el="4203" ec="10" bec="0" bev="0" fileid="14" />
              </SequencePoints>
              <BranchPoints>
                <BranchPoint vc="0" uspid="4769" ordinal="0" offset="7" sl="4178" path="0" offsetend="9" fileid="14" />
                <BranchPoint vc="0" uspid="4770" ordinal="1" offset="7" sl="4178" path="1" offsetend="29" fileid="14" />
                <BranchPoint vc="0" uspid="4771" ordinal="2" offset="47" sl="4184" path="0" offsetend="49" fileid="14" />
                <BranchPoint vc="0" uspid="4772" ordinal="3" offset="47" sl="4184" path="1" offsetend="66" fileid="14" />
                <BranchPoint vc="0" uspid="4773" ordinal="4" offset="80" sl="4190" path="0" offsetend="82" fileid="14" />
                <BranchPoint vc="0" uspid="4774" ordinal="5" offset="80" sl="4190" path="1" offsetend="107" fileid="14" />
                <BranchPoint vc="0" uspid="4775" ordinal="6" offset="109" sl="4196" path="0" offsetend="111" fileid="14" />
                <BranchPoint vc="0" uspid="4776" ordinal="7" offset="109" sl="4196" path="1" offsetend="140" fileid="14" />
                <BranchPoint vc="0" uspid="4777" ordinal="8" offset="145" sl="4196" path="0" offsetend="147" fileid="14" />
                <BranchPoint vc="0" uspid="4778" ordinal="9" offset="145" sl="4196" path="1" offsetend="152" fileid="14" />
              </BranchPoints>
              <MethodPoint xsi:type="SequencePoint" vc="0" uspid="4750" ordinal="0" offset="0" sl="4177" sc="9" el="4177" ec="10" bec="0" bev="0" fileid="14" />
            </Method>
            <Method visited="false" cyclomaticComplexity="12" nPathComplexity="512" sequenceCoverage="0" branchCoverage="0" crapScore="156" isConstructor="false" isStatic="false" isGetter="false" isSetter="false">
              <Summary numSequencePoints="21" visitedSequencePoints="0" numBranchPoints="19" visitedBranchPoints="0" sequenceCoverage="0" branchCoverage="0" maxCyclomaticComplexity="12" minCyclomaticComplexity="12" maxCrapScore="156" minCrapScore="156" visitedClasses="0" numClasses="0" visitedMethods="0" numMethods="1" />
              <MetadataToken>100663438</MetadataToken>
              <Name>ExMat.ExGetterStatus ExMat.VM.ExVM::Getter(System.Collections.Generic.List`1&lt;ExMat.Objects.ExObject&gt;,ExMat.Objects.ExObject,ExMat.Objects.ExObject&amp;,System.Boolean)</Name>
              <FileRef uid="14" />
              <SequencePoints>
                <SequencePoint vc="0" uspid="4779" ordinal="0" offset="0" sl="4207" sc="9" el="4207" ec="10" bec="0" bev="0" fileid="14" />
                <SequencePoint vc="0" uspid="4780" ordinal="1" offset="1" sl="4208" sc="13" el="4208" ec="29" bec="2" bev="0" fileid="14" />
                <SequencePoint vc="0" uspid="4781" ordinal="2" offset="9" sl="4209" sc="13" el="4209" ec="14" bec="0" bev="0" fileid="14" />
                <SequencePoint vc="0" uspid="4782" ordinal="3" offset="10" sl="4210" sc="17" el="4210" ec="69" bec="0" bev="0" fileid="14" />
                <SequencePoint vc="0" uspid="4783" ordinal="4" offset="22" sl="4211" sc="17" el="4211" ec="45" bec="0" bev="0" fileid="14" />
                <SequencePoint vc="0" uspid="4784" ordinal="5" offset="29" sl="4214" sc="13" el="4214" ec="58" bec="4" bev="0" fileid="14" />
                <SequencePoint vc="0" uspid="4785" ordinal="6" offset="52" sl="4215" sc="13" el="4215" ec="14" bec="0" bev="0" fileid="14" />
                <SequencePoint vc="0" uspid="4786" ordinal="7" offset="53" sl="4216" sc="17" el="4216" ec="45" bec="0" bev="0" fileid="14" />
                <SequencePoint vc="0" uspid="4787" ordinal="8" offset="61" sl="4217" sc="17" el="4217" ec="48" bec="2" bev="0" fileid="14" />
                <SequencePoint vc="0" uspid="4788" ordinal="9" offset="77" sl="4219" sc="17" el="4219" ec="67" bec="5" bev="0" fileid="14" />
                <SequencePoint vc="0" uspid="4789" ordinal="10" offset="107" sl="4220" sc="17" el="4220" ec="18" bec="0" bev="0" fileid="14" />
                <SequencePoint vc="0" uspid="4790" ordinal="11" offset="108" sl="4221" sc="21" el="4221" ec="43" bec="0" bev="0" fileid="14" />
                <SequencePoint vc="0" uspid="4791" ordinal="12" offset="123" sl="4222" sc="21" el="4222" ec="49" bec="0" bev="0" fileid="14" />
                <SequencePoint vc="0" uspid="4792" ordinal="13" offset="127" sl="4225" sc="17" el="4225" ec="18" bec="0" bev="0" fileid="14" />
                <SequencePoint vc="0" uspid="4793" ordinal="14" offset="128" sl="4226" sc="21" el="4226" ec="107" bec="0" bev="0" fileid="14" />
                <SequencePoint vc="0" uspid="4794" ordinal="15" offset="180" sl="4227" sc="21" el="4227" ec="49" bec="0" bev="0" fileid="14" />
                <SequencePoint vc="0" uspid="4795" ordinal="16" offset="184" sl="4230" sc="18" el="4230" ec="32" bec="2" bev="0" fileid="14" />
                <SequencePoint vc="0" uspid="4796" ordinal="17" offset="192" sl="4231" sc="13" el="4231" ec="14" bec="0" bev="0" fileid="14" />
                <SequencePoint vc="0" uspid="4797" ordinal="18" offset="193" sl="4232" sc="17" el="4232" ec="101" bec="2" bev="0" fileid="14" />
                <SequencePoint vc="0" uspid="4798" ordinal="19" offset="209" sl="4235" sc="13" el="4235" ec="44" bec="0" bev="0" fileid="14" />
                <SequencePoint vc="0" uspid="4799" ordinal="20" offset="213" sl="4236" sc="9" el="4236" ec="10" bec="0" bev="0" fileid="14" />
              </SequencePoints>
              <BranchPoints>
                <BranchPoint vc="0" uspid="4800" ordinal="0" offset="7" sl="4208" path="0" offsetend="9" fileid="14" />
                <BranchPoint vc="0" uspid="4801" ordinal="1" offset="7" sl="4208" path="1" offsetend="29" fileid="14" />
                <BranchPoint vc="0" uspid="4802" ordinal="2" offset="35" sl="4214" path="0" offsetend="37" fileid="14" />
                <BranchPoint vc="0" uspid="4803" ordinal="3" offset="35" sl="4214" path="1" offsetend="44" fileid="14" />
                <BranchPoint vc="0" uspid="4804" ordinal="4" offset="47" sl="4214" path="0" offsetend="52" fileid="14" />
                <BranchPoint vc="0" uspid="4805" ordinal="5" offset="47" sl="4214" path="1" offsetend="184" fileid="14" />
                <BranchPoint vc="0" uspid="4806" ordinal="6" offset="64" sl="4217" path="0" offsetend="66" fileid="14" />
                <BranchPoint vc="0" uspid="4807" ordinal="7" offset="64" sl="4217" path="1" offsetend="69" fileid="14" />
                <BranchPoint vc="0" uspid="4808" ordinal="8" offset="79" sl="4219" path="0" offsetend="81" fileid="14" />
                <BranchPoint vc="0" uspid="4809" ordinal="9" offset="79" sl="4219" path="1" offsetend="100" fileid="14" />
                <BranchPoint vc="0" uspid="4810" ordinal="10" offset="87" sl="4219" path="0" offsetend="89" fileid="14" />
                <BranchPoint vc="0" uspid="4811" ordinal="11" offset="87" sl="4219" path="1" offsetend="100" fileid="14" />
                <BranchPoint vc="0" uspid="4812" ordinal="12" offset="105" sl="4219" path="0" offsetend="107" fileid="14" />
                <BranchPoint vc="0" uspid="4813" ordinal="13" offset="105" sl="4219" path="1" offsetend="127" fileid="14" />
                <BranchPoint vc="0" uspid="4814" ordinal="14" offset="190" sl="4230" path="0" offsetend="192" fileid="14" />
                <BranchPoint vc="0" uspid="4815" ordinal="15" offset="190" sl="4230" path="1" offsetend="209" fileid="14" />
                <BranchPoint vc="0" uspid="4816" ordinal="16" offset="200" sl="4232" path="0" offsetend="202" fileid="14" />
                <BranchPoint vc="0" uspid="4817" ordinal="17" offset="200" sl="4232" path="1" offsetend="205" fileid="14" />
              </BranchPoints>
              <MethodPoint xsi:type="SequencePoint" vc="0" uspid="4779" ordinal="0" offset="0" sl="4207" sc="9" el="4207" ec="10" bec="0" bev="0" fileid="14" />
            </Method>
            <Method visited="false" cyclomaticComplexity="6" nPathComplexity="16" sequenceCoverage="0" branchCoverage="0" crapScore="42" isConstructor="false" isStatic="false" isGetter="false" isSetter="false">
              <Summary numSequencePoints="19" visitedSequencePoints="0" numBranchPoints="9" visitedBranchPoints="0" sequenceCoverage="0" branchCoverage="0" maxCyclomaticComplexity="6" minCyclomaticComplexity="6" maxCrapScore="42" minCrapScore="42" visitedClasses="0" numClasses="0" visitedMethods="0" numMethods="1" />
              <MetadataToken>100663439</MetadataToken>
              <Name>ExMat.ExGetterStatus ExMat.VM.ExVM::Getter(ExMat.ExClass.ExInstance,ExMat.Objects.ExObject,ExMat.Objects.ExObject&amp;)</Name>
              <FileRef uid="14" />
              <SequencePoints>
                <SequencePoint vc="0" uspid="4818" ordinal="0" offset="0" sl="4239" sc="9" el="4239" ec="10" bec="0" bev="0" fileid="14" />
                <SequencePoint vc="0" uspid="4819" ordinal="1" offset="1" sl="4240" sc="13" el="4240" ec="34" bec="2" bev="0" fileid="14" />
                <SequencePoint vc="0" uspid="4820" ordinal="2" offset="9" sl="4241" sc="13" el="4241" ec="14" bec="0" bev="0" fileid="14" />
                <SequencePoint vc="0" uspid="4821" ordinal="3" offset="10" sl="4242" sc="17" el="4242" ec="72" bec="0" bev="0" fileid="14" />
                <SequencePoint vc="0" uspid="4822" ordinal="4" offset="22" sl="4243" sc="17" el="4243" ec="45" bec="0" bev="0" fileid="14" />
                <SequencePoint vc="0" uspid="4823" ordinal="5" offset="29" sl="4246" sc="13" el="4246" ec="69" bec="2" bev="0" fileid="14" />
                <SequencePoint vc="0" uspid="4824" ordinal="6" offset="58" sl="4247" sc="13" el="4247" ec="14" bec="0" bev="0" fileid="14" />
                <SequencePoint vc="0" uspid="4825" ordinal="7" offset="59" sl="4248" sc="17" el="4248" ec="70" bec="0" bev="0" fileid="14" />
                <SequencePoint vc="0" uspid="4826" ordinal="8" offset="89" sl="4249" sc="17" el="4249" ec="36" bec="2" bev="0" fileid="14" />
                <SequencePoint vc="0" uspid="4827" ordinal="9" offset="100" sl="4250" sc="17" el="4250" ec="18" bec="0" bev="0" fileid="14" />
                <SequencePoint vc="0" uspid="4828" ordinal="10" offset="101" sl="4251" sc="21" el="4251" ec="81" bec="0" bev="0" fileid="14" />
                <SequencePoint vc="0" uspid="4829" ordinal="11" offset="126" sl="4252" sc="21" el="4252" ec="94" bec="2" bev="0" fileid="14" />
                <SequencePoint vc="0" uspid="4830" ordinal="12" offset="158" sl="4253" sc="17" el="4253" ec="18" bec="0" bev="0" fileid="14" />
                <SequencePoint vc="0" uspid="4831" ordinal="13" offset="161" sl="4255" sc="17" el="4255" ec="18" bec="0" bev="0" fileid="14" />
                <SequencePoint vc="0" uspid="4832" ordinal="14" offset="162" sl="4256" sc="21" el="4256" ec="83" bec="0" bev="0" fileid="14" />
                <SequencePoint vc="0" uspid="4833" ordinal="15" offset="198" sl="4257" sc="17" el="4257" ec="18" bec="0" bev="0" fileid="14" />
                <SequencePoint vc="0" uspid="4834" ordinal="16" offset="199" sl="4258" sc="17" el="4258" ec="45" bec="0" bev="0" fileid="14" />
                <SequencePoint vc="0" uspid="4835" ordinal="17" offset="203" sl="4261" sc="13" el="4261" ec="44" bec="0" bev="0" fileid="14" />
                <SequencePoint vc="0" uspid="4836" ordinal="18" offset="207" sl="4262" sc="9" el="4262" ec="10" bec="0" bev="0" fileid="14" />
              </SequencePoints>
              <BranchPoints>
                <BranchPoint vc="0" uspid="4837" ordinal="0" offset="7" sl="4240" path="0" offsetend="9" fileid="14" />
                <BranchPoint vc="0" uspid="4838" ordinal="1" offset="7" sl="4240" path="1" offsetend="29" fileid="14" />
                <BranchPoint vc="0" uspid="4839" ordinal="2" offset="53" sl="4246" path="0" offsetend="58" fileid="14" />
                <BranchPoint vc="0" uspid="4840" ordinal="3" offset="53" sl="4246" path="1" offsetend="203" fileid="14" />
                <BranchPoint vc="0" uspid="4841" ordinal="4" offset="98" sl="4249" path="0" offsetend="100" fileid="14" />
                <BranchPoint vc="0" uspid="4842" ordinal="5" offset="98" sl="4249" path="1" offsetend="161" fileid="14" />
                <BranchPoint vc="0" uspid="4843" ordinal="6" offset="139" sl="4252" path="0" offsetend="141" fileid="14" />
                <BranchPoint vc="0" uspid="4844" ordinal="7" offset="139" sl="4252" path="1" offsetend="145" fileid="14" />
              </BranchPoints>
              <MethodPoint xsi:type="SequencePoint" vc="0" uspid="4818" ordinal="0" offset="0" sl="4239" sc="9" el="4239" ec="10" bec="0" bev="0" fileid="14" />
            </Method>
            <Method visited="false" cyclomaticComplexity="6" nPathComplexity="16" sequenceCoverage="0" branchCoverage="0" crapScore="42" isConstructor="false" isStatic="false" isGetter="false" isSetter="false">
              <Summary numSequencePoints="19" visitedSequencePoints="0" numBranchPoints="9" visitedBranchPoints="0" sequenceCoverage="0" branchCoverage="0" maxCyclomaticComplexity="6" minCyclomaticComplexity="6" maxCrapScore="42" minCrapScore="42" visitedClasses="0" numClasses="0" visitedMethods="0" numMethods="1" />
              <MetadataToken>100663440</MetadataToken>
              <Name>ExMat.ExGetterStatus ExMat.VM.ExVM::Getter(ExMat.ExClass.ExClass,ExMat.Objects.ExObject,ExMat.Objects.ExObject&amp;)</Name>
              <FileRef uid="14" />
              <SequencePoints>
                <SequencePoint vc="0" uspid="4845" ordinal="0" offset="0" sl="4265" sc="9" el="4265" ec="10" bec="0" bev="0" fileid="14" />
                <SequencePoint vc="0" uspid="4846" ordinal="1" offset="1" sl="4266" sc="13" el="4266" ec="29" bec="2" bev="0" fileid="14" />
                <SequencePoint vc="0" uspid="4847" ordinal="2" offset="9" sl="4267" sc="13" el="4267" ec="14" bec="0" bev="0" fileid="14" />
                <SequencePoint vc="0" uspid="4848" ordinal="3" offset="10" sl="4268" sc="17" el="4268" ec="69" bec="0" bev="0" fileid="14" />
                <SequencePoint vc="0" uspid="4849" ordinal="4" offset="22" sl="4269" sc="17" el="4269" ec="45" bec="0" bev="0" fileid="14" />
                <SequencePoint vc="0" uspid="4850" ordinal="5" offset="29" sl="4271" sc="13" el="4271" ec="58" bec="2" bev="0" fileid="14" />
                <SequencePoint vc="0" uspid="4851" ordinal="6" offset="53" sl="4272" sc="13" el="4272" ec="14" bec="0" bev="0" fileid="14" />
                <SequencePoint vc="0" uspid="4852" ordinal="7" offset="54" sl="4273" sc="17" el="4273" ec="59" bec="0" bev="0" fileid="14" />
                <SequencePoint vc="0" uspid="4853" ordinal="8" offset="79" sl="4274" sc="17" el="4274" ec="36" bec="2" bev="0" fileid="14" />
                <SequencePoint vc="0" uspid="4854" ordinal="9" offset="90" sl="4275" sc="17" el="4275" ec="18" bec="0" bev="0" fileid="14" />
                <SequencePoint vc="0" uspid="4855" ordinal="10" offset="91" sl="4276" sc="21" el="4276" ec="83" bec="0" bev="0" fileid="14" />
                <SequencePoint vc="0" uspid="4856" ordinal="11" offset="121" sl="4277" sc="21" el="4277" ec="94" bec="2" bev="0" fileid="14" />
                <SequencePoint vc="0" uspid="4857" ordinal="12" offset="153" sl="4278" sc="17" el="4278" ec="18" bec="0" bev="0" fileid="14" />
                <SequencePoint vc="0" uspid="4858" ordinal="13" offset="156" sl="4280" sc="17" el="4280" ec="18" bec="0" bev="0" fileid="14" />
                <SequencePoint vc="0" uspid="4859" ordinal="14" offset="157" sl="4281" sc="21" el="4281" ec="72" bec="0" bev="0" fileid="14" />
                <SequencePoint vc="0" uspid="4860" ordinal="15" offset="188" sl="4282" sc="17" el="4282" ec="18" bec="0" bev="0" fileid="14" />
                <SequencePoint vc="0" uspid="4861" ordinal="16" offset="189" sl="4283" sc="17" el="4283" ec="45" bec="0" bev="0" fileid="14" />
                <SequencePoint vc="0" uspid="4862" ordinal="17" offset="193" sl="4286" sc="13" el="4286" ec="44" bec="0" bev="0" fileid="14" />
                <SequencePoint vc="0" uspid="4863" ordinal="18" offset="197" sl="4287" sc="9" el="4287" ec="10" bec="0" bev="0" fileid="14" />
              </SequencePoints>
              <BranchPoints>
                <BranchPoint vc="0" uspid="4864" ordinal="0" offset="7" sl="4266" path="0" offsetend="9" fileid="14" />
                <BranchPoint vc="0" uspid="4865" ordinal="1" offset="7" sl="4266" path="1" offsetend="29" fileid="14" />
                <BranchPoint vc="0" uspid="4866" ordinal="2" offset="48" sl="4271" path="0" offsetend="53" fileid="14" />
                <BranchPoint vc="0" uspid="4867" ordinal="3" offset="48" sl="4271" path="1" offsetend="193" fileid="14" />
                <BranchPoint vc="0" uspid="4868" ordinal="4" offset="88" sl="4274" path="0" offsetend="90" fileid="14" />
                <BranchPoint vc="0" uspid="4869" ordinal="5" offset="88" sl="4274" path="1" offsetend="156" fileid="14" />
                <BranchPoint vc="0" uspid="4870" ordinal="6" offset="134" sl="4277" path="0" offsetend="136" fileid="14" />
                <BranchPoint vc="0" uspid="4871" ordinal="7" offset="134" sl="4277" path="1" offsetend="140" fileid="14" />
              </BranchPoints>
              <MethodPoint xsi:type="SequencePoint" vc="0" uspid="4845" ordinal="0" offset="0" sl="4265" sc="9" el="4265" ec="10" bec="0" bev="0" fileid="14" />
            </Method>
            <Method visited="false" cyclomaticComplexity="7" nPathComplexity="32" sequenceCoverage="0" branchCoverage="0" crapScore="56" isConstructor="false" isStatic="false" isGetter="false" isSetter="false">
              <Summary numSequencePoints="24" visitedSequencePoints="0" numBranchPoints="11" visitedBranchPoints="0" sequenceCoverage="0" branchCoverage="0" maxCyclomaticComplexity="7" minCyclomaticComplexity="7" maxCrapScore="56" minCrapScore="56" visitedClasses="0" numClasses="0" visitedMethods="0" numMethods="1" />
              <MetadataToken>100663441</MetadataToken>
              <Name>ExMat.ExGetterStatus ExMat.VM.ExVM::GetterCallCluster(ExMat.Objects.ExObject,ExMat.Objects.ExObject)</Name>
              <FileRef uid="14" />
              <SequencePoints>
                <SequencePoint vc="0" uspid="4872" ordinal="0" offset="0" sl="4290" sc="9" el="4290" ec="10" bec="0" bev="0" fileid="14" />
                <SequencePoint vc="0" uspid="4873" ordinal="1" offset="1" sl="4291" sc="13" el="4293" ec="41" bec="2" bev="0" fileid="14" />
                <SequencePoint vc="0" uspid="4874" ordinal="2" offset="36" sl="4295" sc="13" el="4295" ec="64" bec="2" bev="0" fileid="14" />
                <SequencePoint vc="0" uspid="4875" ordinal="3" offset="56" sl="4296" sc="13" el="4296" ec="14" bec="0" bev="0" fileid="14" />
                <SequencePoint vc="0" uspid="4876" ordinal="4" offset="57" sl="4297" sc="17" el="4297" ec="45" bec="0" bev="0" fileid="14" />
                <SequencePoint vc="0" uspid="4877" ordinal="5" offset="65" sl="4300" sc="13" el="4300" ec="34" bec="0" bev="0" fileid="14" />
                <SequencePoint vc="0" uspid="4878" ordinal="6" offset="71" sl="4301" sc="13" el="4301" ec="25" bec="0" bev="0" fileid="14" />
                <SequencePoint vc="0" uspid="4879" ordinal="7" offset="79" sl="4302" sc="13" el="4302" ec="34" bec="0" bev="0" fileid="14" />
                <SequencePoint vc="0" uspid="4880" ordinal="8" offset="92" sl="4304" sc="13" el="4304" ec="27" bec="0" bev="0" fileid="14" />
                <SequencePoint vc="0" uspid="4881" ordinal="9" offset="94" sl="4305" sc="13" el="4305" ec="61" bec="2" bev="0" fileid="14" />
                <SequencePoint vc="0" uspid="4882" ordinal="10" offset="119" sl="4306" sc="13" el="4306" ec="14" bec="0" bev="0" fileid="14" />
                <SequencePoint vc="0" uspid="4883" ordinal="11" offset="120" sl="4307" sc="17" el="4307" ec="27" bec="0" bev="0" fileid="14" />
                <SequencePoint vc="0" uspid="4884" ordinal="12" offset="128" sl="4308" sc="13" el="4308" ec="14" bec="0" bev="0" fileid="14" />
                <SequencePoint vc="0" uspid="4885" ordinal="13" offset="131" sl="4310" sc="13" el="4310" ec="14" bec="0" bev="0" fileid="14" />
                <SequencePoint vc="0" uspid="4886" ordinal="14" offset="132" sl="4311" sc="17" el="4311" ec="40" bec="0" bev="0" fileid="14" />
                <SequencePoint vc="0" uspid="4887" ordinal="15" offset="143" sl="4312" sc="17" el="4312" ec="32" bec="0" bev="0" fileid="14" />
                <SequencePoint vc="0" uspid="4888" ordinal="16" offset="151" sl="4313" sc="13" el="4313" ec="14" bec="0" bev="0" fileid="14" />
                <SequencePoint vc="0" uspid="4889" ordinal="17" offset="152" sl="4315" sc="13" el="4315" ec="74" bec="2" bev="0" fileid="14" />
                <SequencePoint vc="0" uspid="4890" ordinal="18" offset="181" sl="4316" sc="13" el="4316" ec="14" bec="0" bev="0" fileid="14" />
                <SequencePoint vc="0" uspid="4891" ordinal="19" offset="182" sl="4317" sc="17" el="4317" ec="32" bec="0" bev="0" fileid="14" />
                <SequencePoint vc="0" uspid="4892" ordinal="20" offset="192" sl="4318" sc="17" el="4318" ec="45" bec="0" bev="0" fileid="14" />
                <SequencePoint vc="0" uspid="4893" ordinal="21" offset="197" sl="4320" sc="13" el="4320" ec="28" bec="0" bev="0" fileid="14" />
                <SequencePoint vc="0" uspid="4894" ordinal="22" offset="207" sl="4321" sc="13" el="4321" ec="83" bec="2" bev="0" fileid="14" />
                <SequencePoint vc="0" uspid="4895" ordinal="23" offset="223" sl="4322" sc="9" el="4322" ec="10" bec="0" bev="0" fileid="14" />
              </SequencePoints>
              <BranchPoints>
                <BranchPoint vc="0" uspid="4896" ordinal="0" offset="12" sl="4291" path="0" offsetend="14" fileid="14" />
                <BranchPoint vc="0" uspid="4897" ordinal="1" offset="12" sl="4291" path="1" offsetend="22" fileid="14" />
                <BranchPoint vc="0" uspid="4898" ordinal="2" offset="54" sl="4295" path="0" offsetend="56" fileid="14" />
                <BranchPoint vc="0" uspid="4899" ordinal="3" offset="54" sl="4295" path="1" offsetend="65" fileid="14" />
                <BranchPoint vc="0" uspid="4900" ordinal="4" offset="117" sl="4305" path="0" offsetend="119" fileid="14" />
                <BranchPoint vc="0" uspid="4901" ordinal="5" offset="117" sl="4305" path="1" offsetend="131" fileid="14" />
                <BranchPoint vc="0" uspid="4902" ordinal="6" offset="179" sl="4315" path="0" offsetend="181" fileid="14" />
                <BranchPoint vc="0" uspid="4903" ordinal="7" offset="179" sl="4315" path="1" offsetend="197" fileid="14" />
                <BranchPoint vc="0" uspid="4904" ordinal="8" offset="213" sl="4321" path="0" offsetend="215" fileid="14" />
                <BranchPoint vc="0" uspid="4905" ordinal="9" offset="213" sl="4321" path="1" offsetend="218" fileid="14" />
              </BranchPoints>
              <MethodPoint xsi:type="SequencePoint" vc="0" uspid="4872" ordinal="0" offset="0" sl="4290" sc="9" el="4290" ec="10" bec="0" bev="0" fileid="14" />
            </Method>
            <Method visited="false" cyclomaticComplexity="9" nPathComplexity="128" sequenceCoverage="0" branchCoverage="0" crapScore="90" isConstructor="false" isStatic="false" isGetter="false" isSetter="false">
              <Summary numSequencePoints="19" visitedSequencePoints="0" numBranchPoints="15" visitedBranchPoints="0" sequenceCoverage="0" branchCoverage="0" maxCyclomaticComplexity="9" minCyclomaticComplexity="9" maxCrapScore="90" minCrapScore="90" visitedClasses="0" numClasses="0" visitedMethods="0" numMethods="1" />
              <MetadataToken>100663442</MetadataToken>
              <Name>ExMat.ExGetterStatus ExMat.VM.ExVM::Getter(ExMat.Objects.ExObject,ExMat.Objects.ExObject,ExMat.Objects.ExObject&amp;,System.Boolean,System.Boolean)</Name>
              <FileRef uid="14" />
              <SequencePoints>
                <SequencePoint vc="0" uspid="4906" ordinal="0" offset="0" sl="4325" sc="9" el="4325" ec="10" bec="0" bev="0" fileid="14" />
                <SequencePoint vc="0" uspid="4907" ordinal="1" offset="1" sl="4326" sc="13" el="4326" ec="49" bec="0" bev="0" fileid="14" />
                <SequencePoint vc="0" uspid="4908" ordinal="2" offset="8" sl="4327" sc="13" el="4327" ec="40" bec="2" bev="0" fileid="14" />
                <SequencePoint vc="0" uspid="4909" ordinal="3" offset="20" sl="4328" sc="13" el="4328" ec="14" bec="0" bev="0" fileid="14" />
                <SequencePoint vc="0" uspid="4910" ordinal="4" offset="21" sl="4329" sc="17" el="4329" ec="106" bec="2" bev="0" fileid="14" />
                <SequencePoint vc="0" uspid="4911" ordinal="5" offset="51" sl="4332" sc="13" el="4332" ec="46" bec="2" bev="0" fileid="14" />
                <SequencePoint vc="0" uspid="4912" ordinal="6" offset="68" sl="4333" sc="13" el="4333" ec="14" bec="0" bev="0" fileid="14" />
                <SequencePoint vc="0" uspid="4913" ordinal="7" offset="69" sl="4334" sc="17" el="4334" ec="189" bec="2" bev="0" fileid="14" />
                <SequencePoint vc="0" uspid="4914" ordinal="8" offset="108" sl="4335" sc="17" el="4335" ec="52" bec="2" bev="0" fileid="14" />
                <SequencePoint vc="0" uspid="4915" ordinal="9" offset="119" sl="4336" sc="17" el="4336" ec="18" bec="0" bev="0" fileid="14" />
                <SequencePoint vc="0" uspid="4916" ordinal="10" offset="120" sl="4337" sc="21" el="4337" ec="95" bec="0" bev="0" fileid="14" />
                <SequencePoint vc="0" uspid="4917" ordinal="11" offset="148" sl="4338" sc="17" el="4338" ec="18" bec="0" bev="0" fileid="14" />
                <SequencePoint vc="0" uspid="4918" ordinal="12" offset="149" sl="4339" sc="17" el="4339" ec="31" bec="0" bev="0" fileid="14" />
                <SequencePoint vc="0" uspid="4919" ordinal="13" offset="154" sl="4342" sc="13" el="4342" ec="28" bec="2" bev="0" fileid="14" />
                <SequencePoint vc="0" uspid="4920" ordinal="14" offset="165" sl="4343" sc="13" el="4343" ec="14" bec="0" bev="0" fileid="14" />
                <SequencePoint vc="0" uspid="4921" ordinal="15" offset="166" sl="4344" sc="17" el="4344" ec="128" bec="2" bev="0" fileid="14" />
                <SequencePoint vc="0" uspid="4922" ordinal="16" offset="223" sl="4345" sc="13" el="4345" ec="14" bec="0" bev="0" fileid="14" />
                <SequencePoint vc="0" uspid="4923" ordinal="17" offset="224" sl="4346" sc="13" el="4346" ec="41" bec="0" bev="0" fileid="14" />
                <SequencePoint vc="0" uspid="4924" ordinal="18" offset="228" sl="4347" sc="9" el="4347" ec="10" bec="0" bev="0" fileid="14" />
              </SequencePoints>
              <BranchPoints>
                <BranchPoint vc="0" uspid="4925" ordinal="0" offset="18" sl="4327" path="0" offsetend="20" fileid="14" />
                <BranchPoint vc="0" uspid="4926" ordinal="1" offset="18" sl="4327" path="1" offsetend="51" fileid="14" />
                <BranchPoint vc="0" uspid="4927" ordinal="2" offset="32" sl="4329" path="0" offsetend="34" fileid="14" />
                <BranchPoint vc="0" uspid="4928" ordinal="3" offset="32" sl="4329" path="1" offsetend="44" fileid="14" />
                <BranchPoint vc="0" uspid="4929" ordinal="4" offset="66" sl="4332" path="0" offsetend="68" fileid="14" />
                <BranchPoint vc="0" uspid="4930" ordinal="5" offset="66" sl="4332" path="1" offsetend="154" fileid="14" />
                <BranchPoint vc="0" uspid="4931" ordinal="6" offset="71" sl="4334" path="0" offsetend="73" fileid="14" />
                <BranchPoint vc="0" uspid="4932" ordinal="7" offset="71" sl="4334" path="1" offsetend="88" fileid="14" />
                <BranchPoint vc="0" uspid="4933" ordinal="8" offset="117" sl="4335" path="0" offsetend="119" fileid="14" />
                <BranchPoint vc="0" uspid="4934" ordinal="9" offset="117" sl="4335" path="1" offsetend="149" fileid="14" />
                <BranchPoint vc="0" uspid="4935" ordinal="10" offset="163" sl="4342" path="0" offsetend="165" fileid="14" />
                <BranchPoint vc="0" uspid="4936" ordinal="11" offset="163" sl="4342" path="1" offsetend="224" fileid="14" />
                <BranchPoint vc="0" uspid="4937" ordinal="12" offset="182" sl="4344" path="0" offsetend="184" fileid="14" />
                <BranchPoint vc="0" uspid="4938" ordinal="13" offset="182" sl="4344" path="1" offsetend="191" fileid="14" />
              </BranchPoints>
              <MethodPoint xsi:type="SequencePoint" vc="0" uspid="4906" ordinal="0" offset="0" sl="4325" sc="9" el="4325" ec="10" bec="0" bev="0" fileid="14" />
            </Method>
            <Method visited="false" cyclomaticComplexity="8" nPathComplexity="64" sequenceCoverage="0" branchCoverage="0" crapScore="72" isConstructor="false" isStatic="false" isGetter="false" isSetter="false">
              <Summary numSequencePoints="23" visitedSequencePoints="0" numBranchPoints="13" visitedBranchPoints="0" sequenceCoverage="0" branchCoverage="0" maxCyclomaticComplexity="8" minCyclomaticComplexity="8" maxCrapScore="72" minCrapScore="72" visitedClasses="0" numClasses="0" visitedMethods="0" numMethods="1" />
              <MetadataToken>100663443</MetadataToken>
              <Name>ExMat.ExGetterStatus ExMat.VM.ExVM::Getter(System.String,ExMat.Objects.ExObject,ExMat.Objects.ExObject&amp;,System.Boolean)</Name>
              <FileRef uid="14" />
              <SequencePoints>
                <SequencePoint vc="0" uspid="4939" ordinal="0" offset="0" sl="4350" sc="9" el="4350" ec="10" bec="0" bev="0" fileid="14" />
                <SequencePoint vc="0" uspid="4940" ordinal="1" offset="1" sl="4351" sc="13" el="4351" ec="44" bec="2" bev="0" fileid="14" />
                <SequencePoint vc="0" uspid="4941" ordinal="2" offset="14" sl="4352" sc="13" el="4352" ec="14" bec="0" bev="0" fileid="14" />
                <SequencePoint vc="0" uspid="4942" ordinal="3" offset="15" sl="4353" sc="17" el="4353" ec="43" bec="0" bev="0" fileid="14" />
                <SequencePoint vc="0" uspid="4943" ordinal="4" offset="23" sl="4354" sc="17" el="4354" ec="46" bec="2" bev="0" fileid="14" />
                <SequencePoint vc="0" uspid="4944" ordinal="5" offset="41" sl="4355" sc="17" el="4355" ec="18" bec="0" bev="0" fileid="14" />
                <SequencePoint vc="0" uspid="4945" ordinal="6" offset="42" sl="4356" sc="21" el="4356" ec="31" bec="2" bev="0" fileid="14" />
                <SequencePoint vc="0" uspid="4946" ordinal="7" offset="50" sl="4357" sc="21" el="4357" ec="22" bec="0" bev="0" fileid="14" />
                <SequencePoint vc="0" uspid="4947" ordinal="8" offset="51" sl="4358" sc="25" el="4358" ec="44" bec="0" bev="0" fileid="14" />
                <SequencePoint vc="0" uspid="4948" ordinal="9" offset="60" sl="4359" sc="21" el="4359" ec="22" bec="0" bev="0" fileid="14" />
                <SequencePoint vc="0" uspid="4949" ordinal="10" offset="61" sl="4360" sc="21" el="4360" ec="86" bec="0" bev="0" fileid="14" />
                <SequencePoint vc="0" uspid="4950" ordinal="11" offset="89" sl="4361" sc="21" el="4361" ec="49" bec="0" bev="0" fileid="14" />
                <SequencePoint vc="0" uspid="4951" ordinal="12" offset="94" sl="4363" sc="22" el="4363" ec="37" bec="2" bev="0" fileid="14" />
                <SequencePoint vc="0" uspid="4952" ordinal="13" offset="105" sl="4364" sc="17" el="4364" ec="18" bec="0" bev="0" fileid="14" />
                <SequencePoint vc="0" uspid="4953" ordinal="14" offset="106" sl="4365" sc="21" el="4365" ec="107" bec="0" bev="0" fileid="14" />
                <SequencePoint vc="0" uspid="4954" ordinal="15" offset="158" sl="4366" sc="21" el="4366" ec="49" bec="0" bev="0" fileid="14" />
                <SequencePoint vc="0" uspid="4955" ordinal="16" offset="163" sl="4369" sc="17" el="4369" ec="18" bec="0" bev="0" fileid="14" />
                <SequencePoint vc="0" uspid="4956" ordinal="17" offset="164" sl="4370" sc="21" el="4370" ec="52" bec="0" bev="0" fileid="14" />
                <SequencePoint vc="0" uspid="4957" ordinal="18" offset="169" sl="4373" sc="18" el="4373" ec="32" bec="2" bev="0" fileid="14" />
                <SequencePoint vc="0" uspid="4958" ordinal="19" offset="177" sl="4374" sc="13" el="4374" ec="14" bec="0" bev="0" fileid="14" />
                <SequencePoint vc="0" uspid="4959" ordinal="20" offset="178" sl="4375" sc="17" el="4375" ec="134" bec="2" bev="0" fileid="14" />
                <SequencePoint vc="0" uspid="4960" ordinal="21" offset="202" sl="4378" sc="13" el="4378" ec="44" bec="0" bev="0" fileid="14" />
                <SequencePoint vc="0" uspid="4961" ordinal="22" offset="207" sl="4379" sc="9" el="4379" ec="10" bec="0" bev="0" fileid="14" />
              </SequencePoints>
              <BranchPoints>
                <BranchPoint vc="0" uspid="4962" ordinal="0" offset="9" sl="4351" path="0" offsetend="14" fileid="14" />
                <BranchPoint vc="0" uspid="4963" ordinal="1" offset="9" sl="4351" path="1" offsetend="169" fileid="14" />
                <BranchPoint vc="0" uspid="4964" ordinal="2" offset="39" sl="4354" path="0" offsetend="41" fileid="14" />
                <BranchPoint vc="0" uspid="4965" ordinal="3" offset="39" sl="4354" path="1" offsetend="94" fileid="14" />
                <BranchPoint vc="0" uspid="4966" ordinal="4" offset="48" sl="4356" path="0" offsetend="50" fileid="14" />
                <BranchPoint vc="0" uspid="4967" ordinal="5" offset="48" sl="4356" path="1" offsetend="61" fileid="14" />
                <BranchPoint vc="0" uspid="4968" ordinal="6" offset="103" sl="4363" path="0" offsetend="105" fileid="14" />
                <BranchPoint vc="0" uspid="4969" ordinal="7" offset="103" sl="4363" path="1" offsetend="163" fileid="14" />
                <BranchPoint vc="0" uspid="4970" ordinal="8" offset="175" sl="4373" path="0" offsetend="177" fileid="14" />
                <BranchPoint vc="0" uspid="4971" ordinal="9" offset="175" sl="4373" path="1" offsetend="202" fileid="14" />
                <BranchPoint vc="0" uspid="4972" ordinal="10" offset="192" sl="4375" path="0" offsetend="194" fileid="14" />
                <BranchPoint vc="0" uspid="4973" ordinal="11" offset="192" sl="4375" path="1" offsetend="197" fileid="14" />
              </BranchPoints>
              <MethodPoint xsi:type="SequencePoint" vc="0" uspid="4939" ordinal="0" offset="0" sl="4350" sc="9" el="4350" ec="10" bec="0" bev="0" fileid="14" />
            </Method>
            <Method visited="false" cyclomaticComplexity="27" nPathComplexity="8388608" sequenceCoverage="0" branchCoverage="0" crapScore="756" isConstructor="false" isStatic="false" isGetter="false" isSetter="false">
              <Summary numSequencePoints="55" visitedSequencePoints="0" numBranchPoints="47" visitedBranchPoints="0" sequenceCoverage="0" branchCoverage="0" maxCyclomaticComplexity="27" minCyclomaticComplexity="27" maxCrapScore="756" minCrapScore="756" visitedClasses="0" numClasses="0" visitedMethods="0" numMethods="1" />
              <MetadataToken>100663444</MetadataToken>
              <Name>System.Boolean ExMat.VM.ExVM::Getter(ExMat.Objects.ExObject,ExMat.Objects.ExObject,ExMat.Objects.ExObject&amp;,System.Boolean,ExMat.ExFallback,System.Boolean)</Name>
              <FileRef uid="14" />
              <SequencePoints>
                <SequencePoint vc="0" uspid="4974" ordinal="0" offset="0" sl="4382" sc="9" el="4382" ec="10" bec="0" bev="0" fileid="14" />
                <SequencePoint vc="0" uspid="4975" ordinal="1" offset="1" sl="4383" sc="13" el="4383" ec="61" bec="0" bev="0" fileid="14" />
                <SequencePoint vc="0" uspid="4976" ordinal="2" offset="3" sl="4384" sc="13" el="4384" ec="31" bec="17" bev="0" fileid="14" />
                <SequencePoint vc="0" uspid="4977" ordinal="3" offset="192" sl="4387" sc="21" el="4387" ec="22" bec="0" bev="0" fileid="14" />
                <SequencePoint vc="0" uspid="4978" ordinal="4" offset="193" sl="4388" sc="25" el="4388" ec="81" bec="0" bev="0" fileid="14" />
                <SequencePoint vc="0" uspid="4979" ordinal="5" offset="210" sl="4389" sc="25" el="4389" ec="31" bec="0" bev="0" fileid="14" />
                <SequencePoint vc="0" uspid="4980" ordinal="6" offset="215" sl="4392" sc="21" el="4392" ec="22" bec="0" bev="0" fileid="14" />
                <SequencePoint vc="0" uspid="4981" ordinal="7" offset="216" sl="4393" sc="25" el="4393" ec="81" bec="0" bev="0" fileid="14" />
                <SequencePoint vc="0" uspid="4982" ordinal="8" offset="233" sl="4394" sc="25" el="4394" ec="31" bec="0" bev="0" fileid="14" />
                <SequencePoint vc="0" uspid="4983" ordinal="9" offset="238" sl="4397" sc="21" el="4397" ec="22" bec="0" bev="0" fileid="14" />
                <SequencePoint vc="0" uspid="4984" ordinal="10" offset="239" sl="4398" sc="25" el="4398" ec="74" bec="0" bev="0" fileid="14" />
                <SequencePoint vc="0" uspid="4985" ordinal="11" offset="254" sl="4399" sc="25" el="4399" ec="31" bec="0" bev="0" fileid="14" />
                <SequencePoint vc="0" uspid="4986" ordinal="12" offset="259" sl="4402" sc="21" el="4402" ec="22" bec="0" bev="0" fileid="14" />
                <SequencePoint vc="0" uspid="4987" ordinal="13" offset="260" sl="4403" sc="25" el="4403" ec="71" bec="0" bev="0" fileid="14" />
                <SequencePoint vc="0" uspid="4988" ordinal="14" offset="275" sl="4404" sc="25" el="4404" ec="31" bec="0" bev="0" fileid="14" />
                <SequencePoint vc="0" uspid="4989" ordinal="15" offset="280" sl="4407" sc="21" el="4407" ec="22" bec="0" bev="0" fileid="14" />
                <SequencePoint vc="0" uspid="4990" ordinal="16" offset="281" sl="4408" sc="25" el="4408" ec="83" bec="0" bev="0" fileid="14" />
                <SequencePoint vc="0" uspid="4991" ordinal="17" offset="298" sl="4409" sc="25" el="4409" ec="31" bec="0" bev="0" fileid="14" />
                <SequencePoint vc="0" uspid="4992" ordinal="18" offset="303" sl="4412" sc="21" el="4412" ec="22" bec="0" bev="0" fileid="14" />
                <SequencePoint vc="0" uspid="4993" ordinal="19" offset="304" sl="4413" sc="25" el="4413" ec="77" bec="0" bev="0" fileid="14" />
                <SequencePoint vc="0" uspid="4994" ordinal="20" offset="320" sl="4414" sc="25" el="4414" ec="31" bec="0" bev="0" fileid="14" />
                <SequencePoint vc="0" uspid="4995" ordinal="21" offset="325" sl="4418" sc="21" el="4418" ec="22" bec="0" bev="0" fileid="14" />
                <SequencePoint vc="0" uspid="4996" ordinal="22" offset="326" sl="4419" sc="25" el="4419" ec="116" bec="0" bev="0" fileid="14" />
                <SequencePoint vc="0" uspid="4997" ordinal="23" offset="351" sl="4420" sc="25" el="4420" ec="31" bec="0" bev="0" fileid="14" />
                <SequencePoint vc="0" uspid="4998" ordinal="24" offset="353" sl="4426" sc="21" el="4426" ec="22" bec="0" bev="0" fileid="14" />
                <SequencePoint vc="0" uspid="4999" ordinal="25" offset="354" sl="4427" sc="25" el="4427" ec="31" bec="0" bev="0" fileid="14" />
                <SequencePoint vc="0" uspid="5000" ordinal="26" offset="356" sl="4430" sc="21" el="4430" ec="22" bec="0" bev="0" fileid="14" />
                <SequencePoint vc="0" uspid="5001" ordinal="27" offset="357" sl="4431" sc="25" el="4431" ec="40" bec="2" bev="0" fileid="14" />
                <SequencePoint vc="0" uspid="5002" ordinal="28" offset="366" sl="4432" sc="25" el="4432" ec="26" bec="0" bev="0" fileid="14" />
                <SequencePoint vc="0" uspid="5003" ordinal="29" offset="367" sl="4433" sc="29" el="4433" ec="126" bec="0" bev="0" fileid="14" />
                <SequencePoint vc="0" uspid="5004" ordinal="30" offset="449" sl="4434" sc="25" el="4434" ec="26" bec="0" bev="0" fileid="14" />
                <SequencePoint vc="0" uspid="5005" ordinal="31" offset="450" sl="4435" sc="25" el="4435" ec="38" bec="0" bev="0" fileid="14" />
                <SequencePoint vc="0" uspid="5006" ordinal="32" offset="458" sl="4439" sc="13" el="4439" ec="51" bec="2" bev="0" fileid="14" />
                <SequencePoint vc="0" uspid="5007" ordinal="33" offset="471" sl="4440" sc="13" el="4440" ec="14" bec="0" bev="0" fileid="14" />
                <SequencePoint vc="0" uspid="5008" ordinal="34" offset="472" sl="4441" sc="17" el="4441" ec="55" bec="0" bev="0" fileid="14" />
                <SequencePoint vc="0" uspid="5009" ordinal="35" offset="483" sl="4444" sc="13" el="4444" ec="22" bec="2" bev="0" fileid="14" />
                <SequencePoint vc="0" uspid="5010" ordinal="36" offset="494" sl="4445" sc="13" el="4445" ec="14" bec="0" bev="0" fileid="14" />
                <SequencePoint vc="0" uspid="5011" ordinal="37" offset="495" sl="4446" sc="17" el="4446" ec="59" bec="4" bev="0" fileid="14" />
                <SequencePoint vc="0" uspid="5012" ordinal="38" offset="523" sl="4449" sc="25" el="4449" ec="37" bec="0" bev="0" fileid="14" />
                <SequencePoint vc="0" uspid="5013" ordinal="39" offset="531" sl="4451" sc="25" el="4451" ec="38" bec="0" bev="0" fileid="14" />
                <SequencePoint vc="0" uspid="5014" ordinal="40" offset="539" sl="4453" sc="25" el="4453" ec="31" bec="0" bev="0" fileid="14" />
                <SequencePoint vc="0" uspid="5015" ordinal="41" offset="541" sl="4455" sc="17" el="4455" ec="59" bec="2" bev="0" fileid="14" />
                <SequencePoint vc="0" uspid="5016" ordinal="42" offset="556" sl="4456" sc="17" el="4456" ec="18" bec="0" bev="0" fileid="14" />
                <SequencePoint vc="0" uspid="5017" ordinal="43" offset="557" sl="4457" sc="21" el="4457" ec="33" bec="0" bev="0" fileid="14" />
                <SequencePoint vc="0" uspid="5018" ordinal="44" offset="565" sl="4459" sc="13" el="4459" ec="14" bec="0" bev="0" fileid="14" />
                <SequencePoint vc="0" uspid="5019" ordinal="45" offset="566" sl="4460" sc="13" el="4461" ec="72" bec="4" bev="0" fileid="14" />
                <SequencePoint vc="0" uspid="5020" ordinal="46" offset="601" sl="4462" sc="13" el="4462" ec="14" bec="0" bev="0" fileid="14" />
                <SequencePoint vc="0" uspid="5021" ordinal="47" offset="602" sl="4463" sc="17" el="4463" ec="70" bec="0" bev="0" fileid="14" />
                <SequencePoint vc="0" uspid="5022" ordinal="48" offset="632" sl="4464" sc="17" el="4464" ec="29" bec="0" bev="0" fileid="14" />
                <SequencePoint vc="0" uspid="5023" ordinal="49" offset="637" sl="4467" sc="13" el="4467" ec="89" bec="5" bev="0" fileid="14" />
                <SequencePoint vc="0" uspid="5024" ordinal="50" offset="679" sl="4468" sc="13" el="4468" ec="14" bec="0" bev="0" fileid="14" />
                <SequencePoint vc="0" uspid="5025" ordinal="51" offset="680" sl="4469" sc="17" el="4469" ec="124" bec="0" bev="0" fileid="14" />
                <SequencePoint vc="0" uspid="5026" ordinal="52" offset="751" sl="4470" sc="13" el="4470" ec="14" bec="0" bev="0" fileid="14" />
                <SequencePoint vc="0" uspid="5027" ordinal="53" offset="752" sl="4471" sc="13" el="4471" ec="26" bec="0" bev="0" fileid="14" />
                <SequencePoint vc="0" uspid="5028" ordinal="54" offset="757" sl="4472" sc="9" el="4472" ec="10" bec="0" bev="0" fileid="14" />
              </SequencePoints>
              <BranchPoints>
                <BranchPoint vc="0" uspid="5029" ordinal="0" offset="34" sl="4384" path="0" offsetchain="39" offsetend="41" fileid="14" />
                <BranchPoint vc="0" uspid="5030" ordinal="1" offset="34" sl="4384" path="1" offsetend="303" fileid="14" />
                <BranchPoint vc="0" uspid="5031" ordinal="2" offset="47" sl="4384" path="0" offsetchain="52" offsetend="54" fileid="14" />
                <BranchPoint vc="0" uspid="5032" ordinal="3" offset="47" sl="4384" path="1" offsetend="280" fileid="14" />
                <BranchPoint vc="0" uspid="5033" ordinal="4" offset="60" sl="4384" path="0" offsetchain="65" offsetend="356" fileid="14" />
                <BranchPoint vc="0" uspid="5034" ordinal="5" offset="60" sl="4384" path="1" offsetend="353" fileid="14" />
                <BranchPoint vc="0" uspid="5035" ordinal="6" offset="76" sl="4384" path="0" offsetchain="81" offsetend="83" fileid="14" />
                <BranchPoint vc="0" uspid="5036" ordinal="7" offset="76" sl="4384" path="1" offsetend="353" fileid="14" />
                <BranchPoint vc="0" uspid="5037" ordinal="8" offset="89" sl="4384" path="0" offsetchain="94" offsetend="96" fileid="14" />
                <BranchPoint vc="0" uspid="5038" ordinal="9" offset="89" sl="4384" path="1" offsetend="353" fileid="14" />
                <BranchPoint vc="0" uspid="5039" ordinal="10" offset="102" sl="4384" path="0" offsetchain="104" offsetend="356" fileid="14" />
                <BranchPoint vc="0" uspid="5040" ordinal="11" offset="102" sl="4384" path="1" offsetend="215" fileid="14" />
                <BranchPoint vc="0" uspid="5041" ordinal="12" offset="123" sl="4384" path="0" offsetchain="125" offsetend="127" fileid="14" />
                <BranchPoint vc="0" uspid="5042" ordinal="13" offset="123" sl="4384" path="1" offsetend="192" fileid="14" />
                <BranchPoint vc="0" uspid="5043" ordinal="14" offset="133" sl="4384" path="0" offsetchain="138" offsetend="140" fileid="14" />
                <BranchPoint vc="0" uspid="5044" ordinal="15" offset="133" sl="4384" path="1" offsetend="325" fileid="14" />
                <BranchPoint vc="0" uspid="5045" ordinal="16" offset="146" sl="4384" path="0" offsetchain="151" offsetend="356" fileid="14" />
                <BranchPoint vc="0" uspid="5046" ordinal="17" offset="146" sl="4384" path="1" offsetend="325" fileid="14" />
                <BranchPoint vc="0" uspid="5047" ordinal="18" offset="162" sl="4384" path="0" offsetchain="164" offsetend="166" fileid="14" />
                <BranchPoint vc="0" uspid="5048" ordinal="19" offset="162" sl="4384" path="1" offsetend="259" fileid="14" />
                <BranchPoint vc="0" uspid="5049" ordinal="20" offset="172" sl="4384" path="0" offsetchain="174" offsetend="176" fileid="14" />
                <BranchPoint vc="0" uspid="5050" ordinal="21" offset="172" sl="4384" path="1" offsetend="238" fileid="14" />
                <BranchPoint vc="0" uspid="5051" ordinal="22" offset="182" sl="4384" path="0" offsetchain="187" offsetend="356" fileid="14" />
                <BranchPoint vc="0" uspid="5052" ordinal="23" offset="182" sl="4384" path="1" offsetend="353" fileid="14" />
                <BranchPoint vc="0" uspid="5053" ordinal="24" offset="364" sl="4431" path="0" offsetend="366" fileid="14" />
                <BranchPoint vc="0" uspid="5054" ordinal="25" offset="364" sl="4431" path="1" offsetend="450" fileid="14" />
                <BranchPoint vc="0" uspid="5055" ordinal="26" offset="469" sl="4439" path="0" offsetend="471" fileid="14" />
                <BranchPoint vc="0" uspid="5056" ordinal="27" offset="469" sl="4439" path="1" offsetend="483" fileid="14" />
                <BranchPoint vc="0" uspid="5057" ordinal="28" offset="492" sl="4444" path="0" offsetend="494" fileid="14" />
                <BranchPoint vc="0" uspid="5058" ordinal="29" offset="492" sl="4444" path="1" offsetend="566" fileid="14" />
                <BranchPoint vc="0" uspid="5059" ordinal="30" offset="512" sl="4446" path="0" offsetchain="514" offsetend="516" fileid="14" />
                <BranchPoint vc="0" uspid="5060" ordinal="31" offset="512" sl="4446" path="1" offsetend="523" fileid="14" />
                <BranchPoint vc="0" uspid="5061" ordinal="32" offset="519" sl="4446" path="0" offsetchain="521 539" offsetend="541" fileid="14" />
                <BranchPoint vc="0" uspid="5062" ordinal="33" offset="519" sl="4446" path="1" offsetend="531" fileid="14" />
                <BranchPoint vc="0" uspid="5063" ordinal="34" offset="554" sl="4455" path="0" offsetend="556" fileid="14" />
                <BranchPoint vc="0" uspid="5064" ordinal="35" offset="554" sl="4455" path="1" offsetend="565" fileid="14" />
                <BranchPoint vc="0" uspid="5065" ordinal="36" offset="568" sl="4460" path="0" offsetend="570" fileid="14" />
                <BranchPoint vc="0" uspid="5066" ordinal="37" offset="568" sl="4460" path="1" offsetend="594" fileid="14" />
                <BranchPoint vc="0" uspid="5067" ordinal="38" offset="599" sl="4460" path="0" offsetend="601" fileid="14" />
                <BranchPoint vc="0" uspid="5068" ordinal="39" offset="599" sl="4460" path="1" offsetend="637" fileid="14" />
                <BranchPoint vc="0" uspid="5069" ordinal="40" offset="639" sl="4467" path="0" offsetend="641" fileid="14" />
                <BranchPoint vc="0" uspid="5070" ordinal="41" offset="639" sl="4467" path="1" offsetend="672" fileid="14" />
                <BranchPoint vc="0" uspid="5071" ordinal="42" offset="652" sl="4467" path="0" offsetend="654" fileid="14" />
                <BranchPoint vc="0" uspid="5072" ordinal="43" offset="652" sl="4467" path="1" offsetend="672" fileid="14" />
                <BranchPoint vc="0" uspid="5073" ordinal="44" offset="677" sl="4467" path="0" offsetend="679" fileid="14" />
                <BranchPoint vc="0" uspid="5074" ordinal="45" offset="677" sl="4467" path="1" offsetend="752" fileid="14" />
              </BranchPoints>
              <MethodPoint xsi:type="SequencePoint" vc="0" uspid="4974" ordinal="0" offset="0" sl="4382" sc="9" el="4382" ec="10" bec="0" bev="0" fileid="14" />
            </Method>
            <Method visited="false" cyclomaticComplexity="4" nPathComplexity="4" sequenceCoverage="0" branchCoverage="0" crapScore="20" isConstructor="false" isStatic="false" isGetter="false" isSetter="false">
              <Summary numSequencePoints="8" visitedSequencePoints="0" numBranchPoints="5" visitedBranchPoints="0" sequenceCoverage="0" branchCoverage="0" maxCyclomaticComplexity="4" minCyclomaticComplexity="4" maxCrapScore="20" minCrapScore="20" visitedClasses="0" numClasses="0" visitedMethods="0" numMethods="1" />
              <MetadataToken>100663445</MetadataToken>
              <Name>ExMat.ExGetterStatus ExMat.VM.ExVM::GetterSpace(ExMat.Objects.ExSpace,ExMat.Objects.ExObject,System.Boolean)</Name>
              <FileRef uid="14" />
              <SequencePoints>
                <SequencePoint vc="0" uspid="5075" ordinal="0" offset="0" sl="4475" sc="9" el="4475" ec="10" bec="0" bev="0" fileid="14" />
                <SequencePoint vc="0" uspid="5076" ordinal="1" offset="1" sl="4476" sc="13" el="4476" ec="27" bec="2" bev="0" fileid="14" />
                <SequencePoint vc="0" uspid="5077" ordinal="2" offset="6" sl="4477" sc="13" el="4477" ec="14" bec="0" bev="0" fileid="14" />
                <SequencePoint vc="0" uspid="5078" ordinal="3" offset="7" sl="4478" sc="17" el="4478" ec="99" bec="2" bev="0" fileid="14" />
                <SequencePoint vc="0" uspid="5079" ordinal="4" offset="26" sl="4481" sc="13" el="4481" ec="14" bec="0" bev="0" fileid="14" />
                <SequencePoint vc="0" uspid="5080" ordinal="5" offset="27" sl="4482" sc="17" el="4482" ec="91" bec="0" bev="0" fileid="14" />
                <SequencePoint vc="0" uspid="5081" ordinal="6" offset="66" sl="4483" sc="17" el="4483" ec="45" bec="0" bev="0" fileid="14" />
                <SequencePoint vc="0" uspid="5082" ordinal="7" offset="70" sl="4485" sc="9" el="4485" ec="10" bec="0" bev="0" fileid="14" />
              </SequencePoints>
              <BranchPoints>
                <BranchPoint vc="0" uspid="5083" ordinal="0" offset="4" sl="4476" path="0" offsetend="6" fileid="14" />
                <BranchPoint vc="0" uspid="5084" ordinal="1" offset="4" sl="4476" path="1" offsetend="26" fileid="14" />
                <BranchPoint vc="0" uspid="5085" ordinal="2" offset="17" sl="4478" path="0" offsetend="19" fileid="14" />
                <BranchPoint vc="0" uspid="5086" ordinal="3" offset="17" sl="4478" path="1" offsetend="22" fileid="14" />
              </BranchPoints>
              <MethodPoint xsi:type="SequencePoint" vc="0" uspid="5075" ordinal="0" offset="0" sl="4475" sc="9" el="4475" ec="10" bec="0" bev="0" fileid="14" />
            </Method>
            <Method visited="false" cyclomaticComplexity="1" nPathComplexity="0" sequenceCoverage="0" branchCoverage="0" crapScore="2" isConstructor="false" isStatic="false" isGetter="false" isSetter="false">
              <Summary numSequencePoints="3" visitedSequencePoints="0" numBranchPoints="1" visitedBranchPoints="0" sequenceCoverage="0" branchCoverage="0" maxCyclomaticComplexity="1" minCyclomaticComplexity="1" maxCrapScore="2" minCrapScore="2" visitedClasses="0" numClasses="0" visitedMethods="0" numMethods="1" />
              <MetadataToken>100663446</MetadataToken>
              <Name>ExMat.Objects.ExObject ExMat.VM.ExVM::GetTargetInStack(ExMat.OPs.ExInstr)</Name>
              <FileRef uid="14" />
              <SequencePoints>
                <SequencePoint vc="0" uspid="5087" ordinal="0" offset="0" sl="4488" sc="9" el="4488" ec="10" bec="0" bev="0" fileid="14" />
                <SequencePoint vc="0" uspid="5088" ordinal="1" offset="1" sl="4489" sc="13" el="4489" ec="51" bec="0" bev="0" fileid="14" />
                <SequencePoint vc="0" uspid="5089" ordinal="2" offset="25" sl="4490" sc="9" el="4490" ec="10" bec="0" bev="0" fileid="14" />
              </SequencePoints>
              <BranchPoints />
              <MethodPoint xsi:type="SequencePoint" vc="0" uspid="5087" ordinal="0" offset="0" sl="4488" sc="9" el="4488" ec="10" bec="0" bev="0" fileid="14" />
            </Method>
            <Method visited="false" cyclomaticComplexity="1" nPathComplexity="0" sequenceCoverage="0" branchCoverage="0" crapScore="2" isConstructor="false" isStatic="false" isGetter="false" isSetter="false">
              <Summary numSequencePoints="3" visitedSequencePoints="0" numBranchPoints="1" visitedBranchPoints="0" sequenceCoverage="0" branchCoverage="0" maxCyclomaticComplexity="1" minCyclomaticComplexity="1" maxCrapScore="2" minCrapScore="2" visitedClasses="0" numClasses="0" visitedMethods="0" numMethods="1" />
              <MetadataToken>100663447</MetadataToken>
              <Name>ExMat.Objects.ExObject ExMat.VM.ExVM::GetTargetInStack(System.Int32)</Name>
              <FileRef uid="14" />
              <SequencePoints>
                <SequencePoint vc="0" uspid="5090" ordinal="0" offset="0" sl="4493" sc="9" el="4493" ec="10" bec="0" bev="0" fileid="14" />
                <SequencePoint vc="0" uspid="5091" ordinal="1" offset="1" sl="4494" sc="13" el="4494" ec="41" bec="0" bev="0" fileid="14" />
                <SequencePoint vc="0" uspid="5092" ordinal="2" offset="19" sl="4495" sc="9" el="4495" ec="10" bec="0" bev="0" fileid="14" />
              </SequencePoints>
              <BranchPoints />
              <MethodPoint xsi:type="SequencePoint" vc="0" uspid="5090" ordinal="0" offset="0" sl="4493" sc="9" el="4493" ec="10" bec="0" bev="0" fileid="14" />
            </Method>
            <Method visited="false" cyclomaticComplexity="1" nPathComplexity="0" sequenceCoverage="0" branchCoverage="0" crapScore="2" isConstructor="false" isStatic="false" isGetter="false" isSetter="false">
              <Summary numSequencePoints="3" visitedSequencePoints="0" numBranchPoints="1" visitedBranchPoints="0" sequenceCoverage="0" branchCoverage="0" maxCyclomaticComplexity="1" minCyclomaticComplexity="1" maxCrapScore="2" minCrapScore="2" visitedClasses="0" numClasses="0" visitedMethods="0" numMethods="1" />
              <MetadataToken>100663448</MetadataToken>
              <Name>ExMat.Objects.ExObject ExMat.VM.ExVM::GetTargetInStack(System.Int64)</Name>
              <FileRef uid="14" />
              <SequencePoints>
                <SequencePoint vc="0" uspid="5093" ordinal="0" offset="0" sl="4498" sc="9" el="4498" ec="10" bec="0" bev="0" fileid="14" />
                <SequencePoint vc="0" uspid="5094" ordinal="1" offset="1" sl="4499" sc="13" el="4499" ec="46" bec="0" bev="0" fileid="14" />
                <SequencePoint vc="0" uspid="5095" ordinal="2" offset="20" sl="4500" sc="9" el="4500" ec="10" bec="0" bev="0" fileid="14" />
              </SequencePoints>
              <BranchPoints />
              <MethodPoint xsi:type="SequencePoint" vc="0" uspid="5093" ordinal="0" offset="0" sl="4498" sc="9" el="4498" ec="10" bec="0" bev="0" fileid="14" />
            </Method>
            <Method visited="false" cyclomaticComplexity="1" nPathComplexity="0" sequenceCoverage="0" branchCoverage="0" crapScore="2" isConstructor="false" isStatic="true" isGetter="false" isSetter="false">
              <Summary numSequencePoints="11" visitedSequencePoints="0" numBranchPoints="1" visitedBranchPoints="0" sequenceCoverage="0" branchCoverage="0" maxCyclomaticComplexity="1" minCyclomaticComplexity="1" maxCrapScore="2" minCrapScore="2" visitedClasses="0" numClasses="0" visitedMethods="0" numMethods="1" />
              <MetadataToken>100663449</MetadataToken>
              <Name>System.Void ExMat.VM.ExVM::SwapObjects(ExMat.Objects.ExObject,ExMat.Objects.ExObject)</Name>
              <FileRef uid="14" />
              <SequencePoints>
                <SequencePoint vc="0" uspid="5096" ordinal="0" offset="0" sl="4503" sc="9" el="4503" ec="10" bec="0" bev="0" fileid="14" />
                <SequencePoint vc="0" uspid="5097" ordinal="1" offset="1" sl="4504" sc="13" el="4504" ec="34" bec="0" bev="0" fileid="14" />
                <SequencePoint vc="0" uspid="5098" ordinal="2" offset="8" sl="4505" sc="13" el="4505" ec="34" bec="0" bev="0" fileid="14" />
                <SequencePoint vc="0" uspid="5099" ordinal="3" offset="15" sl="4506" sc="13" el="4506" ec="47" bec="0" bev="0" fileid="14" />
                <SequencePoint vc="0" uspid="5100" ordinal="4" offset="22" sl="4508" sc="13" el="4508" ec="29" bec="0" bev="0" fileid="14" />
                <SequencePoint vc="0" uspid="5101" ordinal="5" offset="34" sl="4509" sc="13" el="4509" ec="31" bec="0" bev="0" fileid="14" />
                <SequencePoint vc="0" uspid="5102" ordinal="6" offset="46" sl="4510" sc="13" el="4510" ec="43" bec="0" bev="0" fileid="14" />
                <SequencePoint vc="0" uspid="5103" ordinal="7" offset="58" sl="4512" sc="13" el="4512" ec="24" bec="0" bev="0" fileid="14" />
                <SequencePoint vc="0" uspid="5104" ordinal="8" offset="65" sl="4513" sc="13" el="4513" ec="25" bec="0" bev="0" fileid="14" />
                <SequencePoint vc="0" uspid="5105" ordinal="9" offset="72" sl="4514" sc="13" el="4514" ec="32" bec="0" bev="0" fileid="14" />
                <SequencePoint vc="0" uspid="5106" ordinal="10" offset="79" sl="4515" sc="9" el="4515" ec="10" bec="0" bev="0" fileid="14" />
              </SequencePoints>
              <BranchPoints />
              <MethodPoint xsi:type="SequencePoint" vc="0" uspid="5096" ordinal="0" offset="0" sl="4503" sc="9" el="4503" ec="10" bec="0" bev="0" fileid="14" />
            </Method>
            <Method visited="false" cyclomaticComplexity="4" nPathComplexity="4" sequenceCoverage="0" branchCoverage="0" crapScore="20" isConstructor="false" isStatic="false" isGetter="false" isSetter="false">
              <Summary numSequencePoints="11" visitedSequencePoints="0" numBranchPoints="5" visitedBranchPoints="0" sequenceCoverage="0" branchCoverage="0" maxCyclomaticComplexity="4" minCyclomaticComplexity="4" maxCrapScore="20" minCrapScore="20" visitedClasses="0" numClasses="0" visitedMethods="0" numMethods="1" />
              <MetadataToken>100663450</MetadataToken>
              <Name>System.Void ExMat.VM.ExVM::CloseOuters(System.Int32)</Name>
              <FileRef uid="14" />
              <SequencePoints>
                <SequencePoint vc="0" uspid="5107" ordinal="0" offset="0" sl="4518" sc="9" el="4518" ec="10" bec="0" bev="0" fileid="14" />
                <SequencePoint vc="0" uspid="5108" ordinal="1" offset="3" sl="4521" sc="13" el="4521" ec="14" bec="0" bev="0" fileid="14" />
                <SequencePoint vc="0" uspid="5109" ordinal="2" offset="4" sl="4522" sc="17" el="4522" ec="34" bec="0" bev="0" fileid="14" />
                <SequencePoint vc="0" uspid="5110" ordinal="3" offset="16" sl="4523" sc="17" el="4523" ec="29" bec="0" bev="0" fileid="14" />
                <SequencePoint vc="0" uspid="5111" ordinal="4" offset="23" sl="4524" sc="17" el="4524" ec="35" bec="2" bev="0" fileid="14" />
                <SequencePoint vc="0" uspid="5112" ordinal="5" offset="36" sl="4525" sc="17" el="4525" ec="18" bec="0" bev="0" fileid="14" />
                <SequencePoint vc="0" uspid="5113" ordinal="6" offset="37" sl="4526" sc="21" el="4526" ec="35" bec="0" bev="0" fileid="14" />
                <SequencePoint vc="0" uspid="5114" ordinal="7" offset="44" sl="4527" sc="17" el="4527" ec="18" bec="0" bev="0" fileid="14" />
                <SequencePoint vc="0" uspid="5115" ordinal="8" offset="45" sl="4528" sc="13" el="4528" ec="14" bec="0" bev="0" fileid="14" />
                <SequencePoint vc="0" uspid="5116" ordinal="9" offset="46" sl="4520" sc="13" el="4520" ec="54" bec="2" bev="0" fileid="14" />
                <SequencePoint vc="0" uspid="5117" ordinal="10" offset="72" sl="4529" sc="9" el="4529" ec="10" bec="0" bev="0" fileid="14" />
              </SequencePoints>
              <BranchPoints>
                <BranchPoint vc="0" uspid="5118" ordinal="0" offset="34" sl="4524" path="0" offsetend="36" fileid="14" />
                <BranchPoint vc="0" uspid="5119" ordinal="1" offset="34" sl="4524" path="1" offsetend="45" fileid="14" />
                <BranchPoint vc="0" uspid="5120" ordinal="2" offset="54" sl="4520" path="0" offsetend="56" fileid="14" />
                <BranchPoint vc="0" uspid="5121" ordinal="3" offset="54" sl="4520" path="1" offsetend="67" fileid="14" />
              </BranchPoints>
              <MethodPoint xsi:type="SequencePoint" vc="0" uspid="5107" ordinal="0" offset="0" sl="4518" sc="9" el="4518" ec="10" bec="0" bev="0" fileid="14" />
            </Method>
            <Method visited="false" cyclomaticComplexity="4" nPathComplexity="8" sequenceCoverage="0" branchCoverage="0" crapScore="20" isConstructor="false" isStatic="false" isGetter="false" isSetter="false">
              <Summary numSequencePoints="25" visitedSequencePoints="0" numBranchPoints="7" visitedBranchPoints="0" sequenceCoverage="0" branchCoverage="0" maxCyclomaticComplexity="4" minCyclomaticComplexity="4" maxCrapScore="20" minCrapScore="20" visitedClasses="0" numClasses="0" visitedMethods="0" numMethods="1" />
              <MetadataToken>100663451</MetadataToken>
              <Name>System.Boolean ExMat.VM.ExVM::EnterFrame(System.Int32,System.Int32,System.Boolean)</Name>
              <FileRef uid="14" />
              <SequencePoints>
                <SequencePoint vc="0" uspid="5122" ordinal="0" offset="0" sl="4532" sc="9" el="4532" ec="10" bec="0" bev="0" fileid="14" />
                <SequencePoint vc="0" uspid="5123" ordinal="1" offset="1" sl="4533" sc="13" el="4533" ec="29" bec="2" bev="0" fileid="14" />
                <SequencePoint vc="0" uspid="5124" ordinal="2" offset="12" sl="4534" sc="13" el="4534" ec="14" bec="0" bev="0" fileid="14" />
                <SequencePoint vc="0" uspid="5125" ordinal="3" offset="13" sl="4536" sc="17" el="4536" ec="56" bec="2" bev="0" fileid="14" />
                <SequencePoint vc="0" uspid="5126" ordinal="4" offset="31" sl="4537" sc="17" el="4537" ec="18" bec="0" bev="0" fileid="14" />
                <SequencePoint vc="0" uspid="5127" ordinal="5" offset="32" sl="4538" sc="21" el="4538" ec="44" bec="0" bev="0" fileid="14" />
                <SequencePoint vc="0" uspid="5128" ordinal="6" offset="46" sl="4539" sc="21" el="4539" ec="72" bec="0" bev="0" fileid="14" />
                <SequencePoint vc="0" uspid="5129" ordinal="7" offset="64" sl="4540" sc="17" el="4540" ec="18" bec="0" bev="0" fileid="14" />
                <SequencePoint vc="0" uspid="5130" ordinal="8" offset="65" sl="4543" sc="17" el="4543" ec="60" bec="0" bev="0" fileid="14" />
                <SequencePoint vc="0" uspid="5131" ordinal="9" offset="99" sl="4545" sc="17" el="4545" ec="63" bec="0" bev="0" fileid="14" />
                <SequencePoint vc="0" uspid="5132" ordinal="10" offset="123" sl="4546" sc="17" el="4546" ec="63" bec="0" bev="0" fileid="14" />
                <SequencePoint vc="0" uspid="5133" ordinal="11" offset="152" sl="4547" sc="17" el="4547" ec="43" bec="0" bev="0" fileid="14" />
                <SequencePoint vc="0" uspid="5134" ordinal="12" offset="169" sl="4548" sc="17" el="4548" ec="51" bec="0" bev="0" fileid="14" />
                <SequencePoint vc="0" uspid="5135" ordinal="13" offset="186" sl="4549" sc="13" el="4549" ec="14" bec="0" bev="0" fileid="14" />
                <SequencePoint vc="0" uspid="5136" ordinal="14" offset="189" sl="4551" sc="13" el="4551" ec="14" bec="0" bev="0" fileid="14" />
                <SequencePoint vc="0" uspid="5137" ordinal="15" offset="190" sl="4552" sc="17" el="4552" ec="41" bec="0" bev="0" fileid="14" />
                <SequencePoint vc="0" uspid="5138" ordinal="16" offset="214" sl="4553" sc="13" el="4553" ec="14" bec="0" bev="0" fileid="14" />
                <SequencePoint vc="0" uspid="5139" ordinal="17" offset="215" sl="4555" sc="13" el="4555" ec="33" bec="0" bev="0" fileid="14" />
                <SequencePoint vc="0" uspid="5140" ordinal="18" offset="222" sl="4556" sc="13" el="4556" ec="31" bec="0" bev="0" fileid="14" />
                <SequencePoint vc="0" uspid="5141" ordinal="19" offset="229" sl="4558" sc="13" el="4558" ec="37" bec="2" bev="0" fileid="14" />
                <SequencePoint vc="0" uspid="5142" ordinal="20" offset="245" sl="4559" sc="13" el="4559" ec="14" bec="0" bev="0" fileid="14" />
                <SequencePoint vc="0" uspid="5143" ordinal="21" offset="246" sl="4560" sc="17" el="4560" ec="70" bec="0" bev="0" fileid="14" />
                <SequencePoint vc="0" uspid="5144" ordinal="22" offset="260" sl="4561" sc="13" el="4561" ec="14" bec="0" bev="0" fileid="14" />
                <SequencePoint vc="0" uspid="5145" ordinal="23" offset="261" sl="4562" sc="13" el="4562" ec="25" bec="0" bev="0" fileid="14" />
                <SequencePoint vc="0" uspid="5146" ordinal="24" offset="266" sl="4563" sc="9" el="4563" ec="10" bec="0" bev="0" fileid="14" />
              </SequencePoints>
              <BranchPoints>
                <BranchPoint vc="0" uspid="5147" ordinal="0" offset="7" sl="4533" path="0" offsetend="12" fileid="14" />
                <BranchPoint vc="0" uspid="5148" ordinal="1" offset="7" sl="4533" path="1" offsetend="189" fileid="14" />
                <BranchPoint vc="0" uspid="5149" ordinal="2" offset="29" sl="4536" path="0" offsetend="31" fileid="14" />
                <BranchPoint vc="0" uspid="5150" ordinal="3" offset="29" sl="4536" path="1" offsetend="65" fileid="14" />
                <BranchPoint vc="0" uspid="5151" ordinal="4" offset="243" sl="4558" path="0" offsetend="245" fileid="14" />
                <BranchPoint vc="0" uspid="5152" ordinal="5" offset="243" sl="4558" path="1" offsetend="261" fileid="14" />
              </BranchPoints>
              <MethodPoint xsi:type="SequencePoint" vc="0" uspid="5122" ordinal="0" offset="0" sl="4532" sc="9" el="4532" ec="10" bec="0" bev="0" fileid="14" />
            </Method>
            <Method visited="false" cyclomaticComplexity="17" nPathComplexity="1024" sequenceCoverage="0" branchCoverage="0" crapScore="306" isConstructor="false" isStatic="false" isGetter="false" isSetter="false">
              <Summary numSequencePoints="40" visitedSequencePoints="0" numBranchPoints="21" visitedBranchPoints="0" sequenceCoverage="0" branchCoverage="0" maxCyclomaticComplexity="17" minCyclomaticComplexity="17" maxCrapScore="306" minCrapScore="306" visitedClasses="0" numClasses="0" visitedMethods="0" numMethods="1" />
              <MetadataToken>100663452</MetadataToken>
              <Name>System.Boolean ExMat.VM.ExVM::LeaveFrame(System.Boolean)</Name>
              <FileRef uid="14" />
              <SequencePoints>
                <SequencePoint vc="0" uspid="5153" ordinal="0" offset="0" sl="4566" sc="9" el="4566" ec="10" bec="0" bev="0" fileid="14" />
                <SequencePoint vc="0" uspid="5154" ordinal="1" offset="1" sl="4567" sc="13" el="4567" ec="37" bec="0" bev="0" fileid="14" />
                <SequencePoint vc="0" uspid="5155" ordinal="2" offset="8" sl="4568" sc="13" el="4568" ec="39" bec="0" bev="0" fileid="14" />
                <SequencePoint vc="0" uspid="5156" ordinal="3" offset="15" sl="4569" sc="13" el="4569" ec="39" bec="0" bev="0" fileid="14" />
                <SequencePoint vc="0" uspid="5157" ordinal="4" offset="33" sl="4572" sc="13" el="4574" ec="77" bec="9" bev="0" fileid="14" />
                <SequencePoint vc="0" uspid="5158" ordinal="5" offset="89" sl="4575" sc="13" el="4575" ec="14" bec="0" bev="0" fileid="14" />
                <SequencePoint vc="0" uspid="5159" ordinal="6" offset="90" sl="4576" sc="17" el="4576" ec="43" bec="0" bev="0" fileid="14" />
                <SequencePoint vc="0" uspid="5160" ordinal="7" offset="97" sl="4577" sc="17" el="4577" ec="43" bec="0" bev="0" fileid="14" />
                <SequencePoint vc="0" uspid="5161" ordinal="8" offset="104" sl="4579" sc="22" el="4579" ec="31" bec="0" bev="0" fileid="14" />
                <SequencePoint vc="0" uspid="5162" ordinal="9" offset="109" sl="4580" sc="17" el="4580" ec="18" bec="0" bev="0" fileid="14" />
                <SequencePoint vc="0" uspid="5163" ordinal="10" offset="110" sl="4581" sc="21" el="4581" ec="93" bec="0" bev="0" fileid="14" />
                <SequencePoint vc="0" uspid="5164" ordinal="11" offset="161" sl="4582" sc="17" el="4582" ec="18" bec="0" bev="0" fileid="14" />
                <SequencePoint vc="0" uspid="5165" ordinal="12" offset="162" sl="4579" sc="91" el="4579" ec="94" bec="0" bev="0" fileid="14" />
                <SequencePoint vc="0" uspid="5166" ordinal="13" offset="168" sl="4579" sc="33" el="4579" ec="89" bec="0" bev="0" fileid="14" />
                <SequencePoint vc="0" uspid="5167" ordinal="14" offset="209" sl="4583" sc="22" el="4583" ec="31" bec="0" bev="0" fileid="14" />
                <SequencePoint vc="0" uspid="5168" ordinal="15" offset="214" sl="4584" sc="17" el="4584" ec="18" bec="0" bev="0" fileid="14" />
                <SequencePoint vc="0" uspid="5169" ordinal="16" offset="215" sl="4585" sc="21" el="4585" ec="87" bec="0" bev="0" fileid="14" />
                <SequencePoint vc="0" uspid="5170" ordinal="17" offset="261" sl="4586" sc="17" el="4586" ec="18" bec="0" bev="0" fileid="14" />
                <SequencePoint vc="0" uspid="5171" ordinal="18" offset="262" sl="4583" sc="102" el="4583" ec="105" bec="0" bev="0" fileid="14" />
                <SequencePoint vc="0" uspid="5172" ordinal="19" offset="268" sl="4583" sc="33" el="4583" ec="100" bec="0" bev="0" fileid="14" />
                <SequencePoint vc="0" uspid="5173" ordinal="20" offset="309" sl="4587" sc="17" el="4587" ec="77" bec="0" bev="0" fileid="14" />
                <SequencePoint vc="0" uspid="5174" ordinal="21" offset="342" sl="4588" sc="17" el="4588" ec="83" bec="0" bev="0" fileid="14" />
                <SequencePoint vc="0" uspid="5175" ordinal="22" offset="380" sl="4589" sc="13" el="4589" ec="14" bec="0" bev="0" fileid="14" />
                <SequencePoint vc="0" uspid="5176" ordinal="23" offset="381" sl="4592" sc="13" el="4592" ec="40" bec="2" bev="0" fileid="14" />
                <SequencePoint vc="0" uspid="5177" ordinal="24" offset="401" sl="4593" sc="13" el="4593" ec="14" bec="0" bev="0" fileid="14" />
                <SequencePoint vc="0" uspid="5178" ordinal="25" offset="402" sl="4594" sc="17" el="4594" ec="30" bec="0" bev="0" fileid="14" />
                <SequencePoint vc="0" uspid="5179" ordinal="26" offset="410" sl="4597" sc="13" el="4597" ec="46" bec="0" bev="0" fileid="14" />
                <SequencePoint vc="0" uspid="5180" ordinal="27" offset="432" sl="4598" sc="13" el="4598" ec="50" bec="0" bev="0" fileid="14" />
                <SequencePoint vc="0" uspid="5181" ordinal="28" offset="461" sl="4599" sc="13" el="4599" ec="59" bec="0" bev="0" fileid="14" />
                <SequencePoint vc="0" uspid="5182" ordinal="29" offset="490" sl="4601" sc="13" el="4601" ec="91" bec="3" bev="0" fileid="14" />
                <SequencePoint vc="0" uspid="5183" ordinal="30" offset="536" sl="4603" sc="13" el="4603" ec="32" bec="2" bev="0" fileid="14" />
                <SequencePoint vc="0" uspid="5184" ordinal="31" offset="551" sl="4604" sc="13" el="4604" ec="14" bec="0" bev="0" fileid="14" />
                <SequencePoint vc="0" uspid="5185" ordinal="32" offset="552" sl="4605" sc="17" el="4605" ec="40" bec="0" bev="0" fileid="14" />
                <SequencePoint vc="0" uspid="5186" ordinal="33" offset="560" sl="4606" sc="13" el="4606" ec="14" bec="0" bev="0" fileid="14" />
                <SequencePoint vc="0" uspid="5187" ordinal="34" offset="561" sl="4608" sc="13" el="4608" ec="39" bec="2" bev="0" fileid="14" />
                <SequencePoint vc="0" uspid="5188" ordinal="35" offset="579" sl="4609" sc="13" el="4609" ec="14" bec="0" bev="0" fileid="14" />
                <SequencePoint vc="0" uspid="5189" ordinal="36" offset="580" sl="4610" sc="17" el="4610" ec="100" bec="0" bev="0" fileid="14" />
                <SequencePoint vc="0" uspid="5190" ordinal="37" offset="592" sl="4611" sc="17" el="4611" ec="30" bec="0" bev="0" fileid="14" />
                <SequencePoint vc="0" uspid="5191" ordinal="38" offset="597" sl="4614" sc="13" el="4614" ec="25" bec="0" bev="0" fileid="14" />
                <SequencePoint vc="0" uspid="5192" ordinal="39" offset="602" sl="4615" sc="9" el="4615" ec="10" bec="0" bev="0" fileid="14" />
              </SequencePoints>
              <BranchPoints>
                <BranchPoint vc="0" uspid="5193" ordinal="0" offset="34" sl="4572" path="0" offsetend="36" fileid="14" />
                <BranchPoint vc="0" uspid="5194" ordinal="1" offset="34" sl="4572" path="1" offsetend="79" fileid="14" />
                <BranchPoint vc="0" uspid="5195" ordinal="2" offset="42" sl="4572" path="0" offsetend="44" fileid="14" />
                <BranchPoint vc="0" uspid="5196" ordinal="3" offset="42" sl="4572" path="1" offsetend="79" fileid="14" />
                <BranchPoint vc="0" uspid="5197" ordinal="4" offset="46" sl="4572" path="0" offsetend="48" fileid="14" />
                <BranchPoint vc="0" uspid="5198" ordinal="5" offset="46" sl="4572" path="1" offsetend="76" fileid="14" />
                <BranchPoint vc="0" uspid="5199" ordinal="6" offset="50" sl="4572" path="0" offsetend="52" fileid="14" />
                <BranchPoint vc="0" uspid="5200" ordinal="7" offset="50" sl="4572" path="1" offsetend="73" fileid="14" />
                <BranchPoint vc="0" uspid="5201" ordinal="8" offset="84" sl="4572" path="0" offsetend="89" fileid="14" />
                <BranchPoint vc="0" uspid="5202" ordinal="9" offset="84" sl="4572" path="1" offsetend="381" fileid="14" />
                <BranchPoint vc="0" uspid="5203" ordinal="10" offset="399" sl="4592" path="0" offsetend="401" fileid="14" />
                <BranchPoint vc="0" uspid="5204" ordinal="11" offset="399" sl="4592" path="1" offsetend="410" fileid="14" />
                <BranchPoint vc="0" uspid="5205" ordinal="12" offset="498" sl="4601" path="0" offsetend="500" fileid="14" />
                <BranchPoint vc="0" uspid="5206" ordinal="13" offset="498" sl="4601" path="1" offsetend="514" fileid="14" />
                <BranchPoint vc="0" uspid="5207" ordinal="14" offset="512" sl="4601" path="0" offsetend="514" fileid="14" />
                <BranchPoint vc="0" uspid="5208" ordinal="15" offset="512" sl="4601" path="1" offsetend="517" fileid="14" />
                <BranchPoint vc="0" uspid="5209" ordinal="16" offset="549" sl="4603" path="0" offsetend="551" fileid="14" />
                <BranchPoint vc="0" uspid="5210" ordinal="17" offset="549" sl="4603" path="1" offsetend="561" fileid="14" />
                <BranchPoint vc="0" uspid="5211" ordinal="18" offset="577" sl="4608" path="0" offsetend="579" fileid="14" />
                <BranchPoint vc="0" uspid="5212" ordinal="19" offset="577" sl="4608" path="1" offsetend="597" fileid="14" />
              </BranchPoints>
              <MethodPoint xsi:type="SequencePoint" vc="0" uspid="5153" ordinal="0" offset="0" sl="4566" sc="9" el="4566" ec="10" bec="0" bev="0" fileid="14" />
            </Method>
            <Method visited="false" cyclomaticComplexity="1" nPathComplexity="0" sequenceCoverage="0" branchCoverage="0" crapScore="2" isConstructor="false" isStatic="false" isGetter="false" isSetter="false">
              <Summary numSequencePoints="3" visitedSequencePoints="0" numBranchPoints="1" visitedBranchPoints="0" sequenceCoverage="0" branchCoverage="0" maxCyclomaticComplexity="1" minCyclomaticComplexity="1" maxCrapScore="2" minCrapScore="2" visitedClasses="0" numClasses="0" visitedMethods="0" numMethods="1" />
              <MetadataToken>100663453</MetadataToken>
              <Name>System.Boolean ExMat.VM.ExVM::CallNative(ExMat.Closure.ExNativeClosure,System.Int64,System.Int64,ExMat.Objects.ExObject&amp;)</Name>
              <FileRef uid="14" />
              <SequencePoints>
                <SequencePoint vc="0" uspid="5213" ordinal="0" offset="0" sl="4618" sc="9" el="4618" ec="10" bec="0" bev="0" fileid="14" />
                <SequencePoint vc="0" uspid="5214" ordinal="1" offset="1" sl="4619" sc="13" el="4619" ec="65" bec="0" bev="0" fileid="14" />
                <SequencePoint vc="0" uspid="5215" ordinal="2" offset="17" sl="4620" sc="9" el="4620" ec="10" bec="0" bev="0" fileid="14" />
              </SequencePoints>
              <BranchPoints />
              <MethodPoint xsi:type="SequencePoint" vc="0" uspid="5213" ordinal="0" offset="0" sl="4618" sc="9" el="4618" ec="10" bec="0" bev="0" fileid="14" />
            </Method>
            <Method visited="false" cyclomaticComplexity="5" nPathComplexity="8" sequenceCoverage="0" branchCoverage="0" crapScore="30" isConstructor="false" isStatic="true" isGetter="false" isSetter="false">
              <Summary numSequencePoints="3" visitedSequencePoints="0" numBranchPoints="7" visitedBranchPoints="0" sequenceCoverage="0" branchCoverage="0" maxCyclomaticComplexity="5" minCyclomaticComplexity="5" maxCrapScore="30" minCrapScore="30" visitedClasses="0" numClasses="0" visitedMethods="0" numMethods="1" />
              <MetadataToken>100663454</MetadataToken>
              <Name>System.Boolean ExMat.VM.ExVM::NativeCallParamCheck(System.Int32,System.Int32)</Name>
              <FileRef uid="14" />
              <SequencePoints>
                <SequencePoint vc="0" uspid="5216" ordinal="0" offset="0" sl="4623" sc="9" el="4623" ec="10" bec="0" bev="0" fileid="14" />
                <SequencePoint vc="0" uspid="5217" ordinal="1" offset="1" sl="4624" sc="13" el="4625" ec="74" bec="5" bev="0" fileid="14" />
                <SequencePoint vc="0" uspid="5218" ordinal="2" offset="30" sl="4626" sc="9" el="4626" ec="10" bec="0" bev="0" fileid="14" />
              </SequencePoints>
              <BranchPoints>
                <BranchPoint vc="0" uspid="5219" ordinal="0" offset="3" sl="4624" path="0" offsetend="5" fileid="14" />
                <BranchPoint vc="0" uspid="5220" ordinal="1" offset="3" sl="4624" path="1" offsetend="9" fileid="14" />
                <BranchPoint vc="0" uspid="5221" ordinal="2" offset="7" sl="4624" path="0" offsetend="9" fileid="14" />
                <BranchPoint vc="0" uspid="5222" ordinal="3" offset="7" sl="4624" path="1" offsetend="26" fileid="14" />
                <BranchPoint vc="0" uspid="5223" ordinal="4" offset="11" sl="4624" path="0" offsetend="13" fileid="14" />
                <BranchPoint vc="0" uspid="5224" ordinal="5" offset="11" sl="4624" path="1" offsetend="23" fileid="14" />
              </BranchPoints>
              <MethodPoint xsi:type="SequencePoint" vc="0" uspid="5216" ordinal="0" offset="0" sl="4623" sc="9" el="4623" ec="10" bec="0" bev="0" fileid="14" />
            </Method>
            <Method visited="false" cyclomaticComplexity="9" nPathComplexity="256" sequenceCoverage="0" branchCoverage="0" crapScore="90" isConstructor="false" isStatic="false" isGetter="false" isSetter="false">
              <Summary numSequencePoints="28" visitedSequencePoints="0" numBranchPoints="17" visitedBranchPoints="0" sequenceCoverage="0" branchCoverage="0" maxCyclomaticComplexity="9" minCyclomaticComplexity="9" maxCrapScore="90" minCrapScore="90" visitedClasses="0" numClasses="0" visitedMethods="0" numMethods="1" />
              <MetadataToken>100663455</MetadataToken>
              <Name>System.Boolean ExMat.VM.ExVM::DoArgumentChecksInStackNative(ExMat.Closure.ExNativeClosure,System.Int32,System.Int32,System.Int32,System.Collections.Generic.List`1&lt;System.Int32&gt;)</Name>
              <FileRef uid="14" />
              <SequencePoints>
                <SequencePoint vc="0" uspid="5225" ordinal="0" offset="0" sl="4629" sc="9" el="4629" ec="10" bec="0" bev="0" fileid="14" />
                <SequencePoint vc="0" uspid="5226" ordinal="1" offset="1" sl="4630" sc="13" el="4630" ec="32" bec="0" bev="0" fileid="14" />
                <SequencePoint vc="0" uspid="5227" ordinal="2" offset="9" sl="4631" sc="13" el="4631" ec="58" bec="4" bev="0" fileid="14" />
                <SequencePoint vc="0" uspid="5228" ordinal="3" offset="24" sl="4632" sc="13" el="4632" ec="14" bec="0" bev="0" fileid="14" />
                <SequencePoint vc="0" uspid="5229" ordinal="4" offset="25" sl="4633" sc="17" el="4633" ec="111" bec="0" bev="0" fileid="14" />
                <SequencePoint vc="0" uspid="5230" ordinal="5" offset="95" sl="4634" sc="17" el="4634" ec="30" bec="0" bev="0" fileid="14" />
                <SequencePoint vc="0" uspid="5231" ordinal="6" offset="102" sl="4637" sc="18" el="4637" ec="27" bec="0" bev="0" fileid="14" />
                <SequencePoint vc="0" uspid="5232" ordinal="7" offset="110" sl="4638" sc="13" el="4638" ec="14" bec="0" bev="0" fileid="14" />
                <SequencePoint vc="0" uspid="5233" ordinal="8" offset="111" sl="4639" sc="17" el="4639" ec="66" bec="0" bev="0" fileid="14" />
                <SequencePoint vc="0" uspid="5234" ordinal="9" offset="130" sl="4640" sc="17" el="4640" ec="55" bec="2" bev="0" fileid="14" />
                <SequencePoint vc="0" uspid="5235" ordinal="10" offset="145" sl="4641" sc="17" el="4641" ec="18" bec="0" bev="0" fileid="14" />
                <SequencePoint vc="0" uspid="5236" ordinal="11" offset="146" sl="4642" sc="21" el="4642" ec="58" bec="2" bev="0" fileid="14" />
                <SequencePoint vc="0" uspid="5237" ordinal="12" offset="165" sl="4643" sc="21" el="4643" ec="22" bec="0" bev="0" fileid="14" />
                <SequencePoint vc="0" uspid="5238" ordinal="13" offset="166" sl="4644" sc="25" el="4644" ec="73" bec="0" bev="0" fileid="14" />
                <SequencePoint vc="0" uspid="5239" ordinal="14" offset="197" sl="4645" sc="21" el="4645" ec="22" bec="0" bev="0" fileid="14" />
                <SequencePoint vc="0" uspid="5240" ordinal="15" offset="200" sl="4647" sc="21" el="4647" ec="22" bec="0" bev="0" fileid="14" />
                <SequencePoint vc="0" uspid="5241" ordinal="16" offset="201" sl="4648" sc="25" el="4648" ec="102" bec="0" bev="0" fileid="14" />
                <SequencePoint vc="0" uspid="5242" ordinal="17" offset="225" sl="4649" sc="25" el="4649" ec="38" bec="0" bev="0" fileid="14" />
                <SequencePoint vc="0" uspid="5243" ordinal="18" offset="232" sl="4651" sc="17" el="4651" ec="18" bec="0" bev="0" fileid="14" />
                <SequencePoint vc="0" uspid="5244" ordinal="19" offset="238" sl="4654" sc="22" el="4654" ec="74" bec="4" bev="0" fileid="14" />
                <SequencePoint vc="0" uspid="5245" ordinal="20" offset="274" sl="4655" sc="17" el="4655" ec="18" bec="0" bev="0" fileid="14" />
                <SequencePoint vc="0" uspid="5246" ordinal="21" offset="275" sl="4656" sc="21" el="4657" ec="121" bec="0" bev="0" fileid="14" />
                <SequencePoint vc="0" uspid="5247" ordinal="22" offset="375" sl="4658" sc="21" el="4658" ec="34" bec="0" bev="0" fileid="14" />
                <SequencePoint vc="0" uspid="5248" ordinal="23" offset="379" sl="4660" sc="13" el="4660" ec="14" bec="0" bev="0" fileid="14" />
                <SequencePoint vc="0" uspid="5249" ordinal="24" offset="380" sl="4637" sc="56" el="4637" ec="59" bec="0" bev="0" fileid="14" />
                <SequencePoint vc="0" uspid="5250" ordinal="25" offset="386" sl="4637" sc="29" el="4637" ec="54" bec="4" bev="0" fileid="14" />
                <SequencePoint vc="0" uspid="5251" ordinal="26" offset="408" sl="4661" sc="13" el="4661" ec="25" bec="0" bev="0" fileid="14" />
                <SequencePoint vc="0" uspid="5252" ordinal="27" offset="412" sl="4662" sc="9" el="4662" ec="10" bec="0" bev="0" fileid="14" />
              </SequencePoints>
              <BranchPoints>
                <BranchPoint vc="0" uspid="5253" ordinal="0" offset="11" sl="4631" path="0" offsetend="13" fileid="14" />
                <BranchPoint vc="0" uspid="5254" ordinal="1" offset="11" sl="4631" path="1" offsetend="19" fileid="14" />
                <BranchPoint vc="0" uspid="5255" ordinal="2" offset="22" sl="4631" path="0" offsetend="24" fileid="14" />
                <BranchPoint vc="0" uspid="5256" ordinal="3" offset="22" sl="4631" path="1" offsetend="102" fileid="14" />
                <BranchPoint vc="0" uspid="5257" ordinal="4" offset="143" sl="4640" path="0" offsetend="145" fileid="14" />
                <BranchPoint vc="0" uspid="5258" ordinal="5" offset="143" sl="4640" path="1" offsetend="238" fileid="14" />
                <BranchPoint vc="0" uspid="5259" ordinal="6" offset="163" sl="4642" path="0" offsetend="165" fileid="14" />
                <BranchPoint vc="0" uspid="5260" ordinal="7" offset="163" sl="4642" path="1" offsetend="200" fileid="14" />
                <BranchPoint vc="0" uspid="5261" ordinal="8" offset="248" sl="4654" path="0" offsetend="250" fileid="14" />
                <BranchPoint vc="0" uspid="5262" ordinal="9" offset="248" sl="4654" path="1" offsetend="267" fileid="14" />
                <BranchPoint vc="0" uspid="5263" ordinal="10" offset="272" sl="4654" path="0" offsetend="274" fileid="14" />
                <BranchPoint vc="0" uspid="5264" ordinal="11" offset="272" sl="4654" path="1" offsetend="379" fileid="14" />
                <BranchPoint vc="0" uspid="5265" ordinal="12" offset="389" sl="4637" path="0" offsetend="391" fileid="14" />
                <BranchPoint vc="0" uspid="5266" ordinal="13" offset="389" sl="4637" path="1" offsetend="398" fileid="14" />
                <BranchPoint vc="0" uspid="5267" ordinal="14" offset="403" sl="4637" path="0" offsetend="408" fileid="14" />
                <BranchPoint vc="0" uspid="5268" ordinal="15" offset="403" sl="4637" path="1" offsetend="110" fileid="14" />
              </BranchPoints>
              <MethodPoint xsi:type="SequencePoint" vc="0" uspid="5225" ordinal="0" offset="0" sl="4629" sc="9" el="4629" ec="10" bec="0" bev="0" fileid="14" />
            </Method>
            <Method visited="false" cyclomaticComplexity="16" nPathComplexity="4096" sequenceCoverage="0" branchCoverage="0" crapScore="272" isConstructor="false" isStatic="false" isGetter="false" isSetter="false">
              <Summary numSequencePoints="60" visitedSequencePoints="0" numBranchPoints="25" visitedBranchPoints="0" sequenceCoverage="0" branchCoverage="0" maxCyclomaticComplexity="16" minCyclomaticComplexity="16" maxCrapScore="272" minCrapScore="272" visitedClasses="0" numClasses="0" visitedMethods="0" numMethods="1" />
              <MetadataToken>100663456</MetadataToken>
              <Name>System.Boolean ExMat.VM.ExVM::CallNative(ExMat.Closure.ExNativeClosure,System.Int32,System.Int32,ExMat.Objects.ExObject&amp;)</Name>
              <FileRef uid="14" />
              <SequencePoints>
                <SequencePoint vc="0" uspid="5269" ordinal="0" offset="0" sl="4665" sc="9" el="4665" ec="10" bec="0" bev="0" fileid="14" />
                <SequencePoint vc="0" uspid="5270" ordinal="1" offset="1" sl="4666" sc="13" el="4666" ec="57" bec="0" bev="0" fileid="14" />
                <SequencePoint vc="0" uspid="5271" ordinal="2" offset="8" sl="4667" sc="13" el="4667" ec="61" bec="0" bev="0" fileid="14" />
                <SequencePoint vc="0" uspid="5272" ordinal="3" offset="19" sl="4669" sc="13" el="4669" ec="40" bec="2" bev="0" fileid="14" />
                <SequencePoint vc="0" uspid="5273" ordinal="4" offset="37" sl="4670" sc="13" el="4670" ec="14" bec="0" bev="0" fileid="14" />
                <SequencePoint vc="0" uspid="5274" ordinal="5" offset="38" sl="4671" sc="17" el="4671" ec="76" bec="0" bev="0" fileid="14" />
                <SequencePoint vc="0" uspid="5275" ordinal="6" offset="52" sl="4672" sc="13" el="4672" ec="14" bec="0" bev="0" fileid="14" />
                <SequencePoint vc="0" uspid="5276" ordinal="7" offset="53" sl="4676" sc="13" el="4676" ec="69" bec="2" bev="0" fileid="14" />
                <SequencePoint vc="0" uspid="5277" ordinal="8" offset="72" sl="4677" sc="13" el="4677" ec="14" bec="0" bev="0" fileid="14" />
                <SequencePoint vc="0" uspid="5278" ordinal="9" offset="73" sl="4678" sc="17" el="4678" ec="42" bec="2" bev="0" fileid="14" />
                <SequencePoint vc="0" uspid="5279" ordinal="10" offset="83" sl="4679" sc="17" el="4679" ec="18" bec="0" bev="0" fileid="14" />
                <SequencePoint vc="0" uspid="5280" ordinal="11" offset="84" sl="4680" sc="21" el="4680" ec="129" bec="0" bev="0" fileid="14" />
                <SequencePoint vc="0" uspid="5281" ordinal="12" offset="156" sl="4681" sc="21" el="4681" ec="34" bec="0" bev="0" fileid="14" />
                <SequencePoint vc="0" uspid="5282" ordinal="13" offset="164" sl="4683" sc="17" el="4683" ec="124" bec="0" bev="0" fileid="14" />
                <SequencePoint vc="0" uspid="5283" ordinal="14" offset="235" sl="4684" sc="17" el="4684" ec="30" bec="0" bev="0" fileid="14" />
                <SequencePoint vc="0" uspid="5284" ordinal="15" offset="243" sl="4688" sc="13" el="4688" ec="42" bec="0" bev="0" fileid="14" />
                <SequencePoint vc="0" uspid="5285" ordinal="16" offset="250" sl="4691" sc="13" el="4692" ec="99" bec="4" bev="0" fileid="14" />
                <SequencePoint vc="0" uspid="5286" ordinal="17" offset="282" sl="4693" sc="13" el="4693" ec="14" bec="0" bev="0" fileid="14" />
                <SequencePoint vc="0" uspid="5287" ordinal="18" offset="283" sl="4694" sc="17" el="4694" ec="30" bec="0" bev="0" fileid="14" />
                <SequencePoint vc="0" uspid="5288" ordinal="19" offset="291" sl="4698" sc="13" el="4698" ec="53" bec="2" bev="0" fileid="14" />
                <SequencePoint vc="0" uspid="5289" ordinal="20" offset="309" sl="4699" sc="13" el="4699" ec="14" bec="0" bev="0" fileid="14" />
                <SequencePoint vc="0" uspid="5290" ordinal="21" offset="310" sl="4700" sc="17" el="4700" ec="30" bec="0" bev="0" fileid="14" />
                <SequencePoint vc="0" uspid="5291" ordinal="22" offset="318" sl="4702" sc="13" el="4702" ec="47" bec="0" bev="0" fileid="14" />
                <SequencePoint vc="0" uspid="5292" ordinal="23" offset="340" sl="4705" sc="13" el="4705" ec="38" bec="0" bev="0" fileid="14" />
                <SequencePoint vc="0" uspid="5293" ordinal="24" offset="347" sl="4706" sc="18" el="4706" ec="27" bec="0" bev="0" fileid="14" />
                <SequencePoint vc="0" uspid="5294" ordinal="25" offset="352" sl="4707" sc="13" el="4707" ec="14" bec="0" bev="0" fileid="14" />
                <SequencePoint vc="0" uspid="5295" ordinal="26" offset="353" sl="4708" sc="17" el="4708" ec="75" bec="0" bev="0" fileid="14" />
                <SequencePoint vc="0" uspid="5296" ordinal="27" offset="385" sl="4709" sc="13" el="4709" ec="14" bec="0" bev="0" fileid="14" />
                <SequencePoint vc="0" uspid="5297" ordinal="28" offset="386" sl="4706" sc="41" el="4706" ec="44" bec="0" bev="0" fileid="14" />
                <SequencePoint vc="0" uspid="5298" ordinal="29" offset="392" sl="4706" sc="29" el="4706" ec="39" bec="0" bev="0" fileid="14" />
                <SequencePoint vc="0" uspid="5299" ordinal="30" offset="403" sl="4712" sc="13" el="4712" ec="43" bec="2" bev="0" fileid="14" />
                <SequencePoint vc="0" uspid="5300" ordinal="31" offset="418" sl="4713" sc="13" el="4713" ec="14" bec="0" bev="0" fileid="14" />
                <SequencePoint vc="0" uspid="5301" ordinal="32" offset="419" sl="4714" sc="17" el="4714" ec="75" bec="0" bev="0" fileid="14" />
                <SequencePoint vc="0" uspid="5302" ordinal="33" offset="444" sl="4715" sc="13" el="4715" ec="14" bec="0" bev="0" fileid="14" />
                <SequencePoint vc="0" uspid="5303" ordinal="34" offset="445" sl="4718" sc="13" el="4718" ec="28" bec="0" bev="0" fileid="14" />
                <SequencePoint vc="0" uspid="5304" ordinal="35" offset="459" sl="4719" sc="13" el="4719" ec="79" bec="0" bev="0" fileid="14" />
                <SequencePoint vc="0" uspid="5305" ordinal="36" offset="476" sl="4720" sc="13" el="4720" ec="28" bec="0" bev="0" fileid="14" />
                <SequencePoint vc="0" uspid="5306" ordinal="37" offset="490" sl="4723" sc="13" el="4723" ec="33" bec="6" bev="0" fileid="14" />
                <SequencePoint vc="0" uspid="5307" ordinal="38" offset="530" sl="4726" sc="21" el="4726" ec="22" bec="0" bev="0" fileid="14" />
                <SequencePoint vc="0" uspid="5308" ordinal="39" offset="531" sl="4727" sc="25" el="4727" ec="43" bec="2" bev="0" fileid="14" />
                <SequencePoint vc="0" uspid="5309" ordinal="40" offset="547" sl="4728" sc="25" el="4728" ec="26" bec="0" bev="0" fileid="14" />
                <SequencePoint vc="0" uspid="5310" ordinal="41" offset="548" sl="4729" sc="29" el="4729" ec="103" bec="0" bev="0" fileid="14" />
                <SequencePoint vc="0" uspid="5311" ordinal="42" offset="562" sl="4730" sc="25" el="4730" ec="26" bec="0" bev="0" fileid="14" />
                <SequencePoint vc="0" uspid="5312" ordinal="43" offset="563" sl="4731" sc="25" el="4731" ec="38" bec="0" bev="0" fileid="14" />
                <SequencePoint vc="0" uspid="5313" ordinal="44" offset="568" sl="4734" sc="21" el="4734" ec="22" bec="0" bev="0" fileid="14" />
                <SequencePoint vc="0" uspid="5314" ordinal="45" offset="569" sl="4735" sc="25" el="4735" ec="42" bec="0" bev="0" fileid="14" />
                <SequencePoint vc="0" uspid="5315" ordinal="46" offset="578" sl="4736" sc="25" el="4736" ec="31" bec="0" bev="0" fileid="14" />
                <SequencePoint vc="0" uspid="5316" ordinal="47" offset="580" sl="4739" sc="21" el="4739" ec="22" bec="0" bev="0" fileid="14" />
                <SequencePoint vc="0" uspid="5317" ordinal="48" offset="581" sl="4740" sc="25" el="4740" ec="70" bec="0" bev="0" fileid="14" />
                <SequencePoint vc="0" uspid="5318" ordinal="49" offset="608" sl="4741" sc="25" el="4741" ec="43" bec="0" bev="0" fileid="14" />
                <SequencePoint vc="0" uspid="5319" ordinal="50" offset="615" sl="4742" sc="25" el="4742" ec="38" bec="0" bev="0" fileid="14" />
                <SequencePoint vc="0" uspid="5320" ordinal="51" offset="620" sl="4745" sc="21" el="4745" ec="22" bec="0" bev="0" fileid="14" />
                <SequencePoint vc="0" uspid="5321" ordinal="52" offset="621" sl="4746" sc="25" el="4746" ec="60" bec="0" bev="0" fileid="14" />
                <SequencePoint vc="0" uspid="5322" ordinal="53" offset="645" sl="4747" sc="25" el="4747" ec="31" bec="0" bev="0" fileid="14" />
                <SequencePoint vc="0" uspid="5323" ordinal="54" offset="647" sl="4752" sc="13" el="4752" ec="31" bec="2" bev="0" fileid="14" />
                <SequencePoint vc="0" uspid="5324" ordinal="55" offset="663" sl="4753" sc="13" el="4753" ec="14" bec="0" bev="0" fileid="14" />
                <SequencePoint vc="0" uspid="5325" ordinal="56" offset="664" sl="4754" sc="17" el="4754" ec="91" bec="0" bev="0" fileid="14" />
                <SequencePoint vc="0" uspid="5326" ordinal="57" offset="678" sl="4755" sc="13" el="4755" ec="14" bec="0" bev="0" fileid="14" />
                <SequencePoint vc="0" uspid="5327" ordinal="58" offset="679" sl="4756" sc="13" el="4756" ec="25" bec="0" bev="0" fileid="14" />
                <SequencePoint vc="0" uspid="5328" ordinal="59" offset="684" sl="4757" sc="9" el="4757" ec="10" bec="0" bev="0" fileid="14" />
              </SequencePoints>
              <BranchPoints>
                <BranchPoint vc="0" uspid="5329" ordinal="0" offset="35" sl="4669" path="0" offsetend="37" fileid="14" />
                <BranchPoint vc="0" uspid="5330" ordinal="1" offset="35" sl="4669" path="1" offsetend="53" fileid="14" />
                <BranchPoint vc="0" uspid="5331" ordinal="2" offset="67" sl="4676" path="0" offsetend="72" fileid="14" />
                <BranchPoint vc="0" uspid="5332" ordinal="3" offset="67" sl="4676" path="1" offsetend="243" fileid="14" />
                <BranchPoint vc="0" uspid="5333" ordinal="4" offset="81" sl="4678" path="0" offsetend="83" fileid="14" />
                <BranchPoint vc="0" uspid="5334" ordinal="5" offset="81" sl="4678" path="1" offsetend="164" fileid="14" />
                <BranchPoint vc="0" uspid="5335" ordinal="6" offset="257" sl="4691" path="0" offsetend="259" fileid="14" />
                <BranchPoint vc="0" uspid="5336" ordinal="7" offset="257" sl="4691" path="1" offsetend="275" fileid="14" />
                <BranchPoint vc="0" uspid="5337" ordinal="8" offset="280" sl="4691" path="0" offsetend="282" fileid="14" />
                <BranchPoint vc="0" uspid="5338" ordinal="9" offset="280" sl="4691" path="1" offsetend="291" fileid="14" />
                <BranchPoint vc="0" uspid="5339" ordinal="10" offset="307" sl="4698" path="0" offsetend="309" fileid="14" />
                <BranchPoint vc="0" uspid="5340" ordinal="11" offset="307" sl="4698" path="1" offsetend="318" fileid="14" />
                <BranchPoint vc="0" uspid="5341" ordinal="12" offset="416" sl="4712" path="0" offsetend="418" fileid="14" />
                <BranchPoint vc="0" uspid="5342" ordinal="13" offset="416" sl="4712" path="1" offsetend="445" fileid="14" />
                <BranchPoint vc="0" uspid="5343" ordinal="14" offset="500" sl="4723" path="0" offsetchain="517" offsetend="519" fileid="14" />
                <BranchPoint vc="0" uspid="5344" ordinal="15" offset="500" sl="4723" path="1" offsetend="530" fileid="14" />
                <BranchPoint vc="0" uspid="5345" ordinal="16" offset="500" sl="4723" path="2" offsetend="568" fileid="14" />
                <BranchPoint vc="0" uspid="5346" ordinal="17" offset="500" sl="4723" path="3" offsetend="620" fileid="14" />
                <BranchPoint vc="0" uspid="5347" ordinal="18" offset="526" sl="4723" path="0" offsetchain="528" offsetend="647" fileid="14" />
                <BranchPoint vc="0" uspid="5348" ordinal="19" offset="526" sl="4723" path="1" offsetend="580" fileid="14" />
                <BranchPoint vc="0" uspid="5349" ordinal="20" offset="545" sl="4727" path="0" offsetend="547" fileid="14" />
                <BranchPoint vc="0" uspid="5350" ordinal="21" offset="545" sl="4727" path="1" offsetend="563" fileid="14" />
                <BranchPoint vc="0" uspid="5351" ordinal="22" offset="661" sl="4752" path="0" offsetend="663" fileid="14" />
                <BranchPoint vc="0" uspid="5352" ordinal="23" offset="661" sl="4752" path="1" offsetend="679" fileid="14" />
              </BranchPoints>
              <MethodPoint xsi:type="SequencePoint" vc="0" uspid="5269" ordinal="0" offset="0" sl="4665" sc="9" el="4665" ec="10" bec="0" bev="0" fileid="14" />
            </Method>
            <Method visited="false" cyclomaticComplexity="1" nPathComplexity="0" sequenceCoverage="0" branchCoverage="0" crapScore="2" isConstructor="false" isStatic="false" isGetter="false" isSetter="false">
              <Summary numSequencePoints="3" visitedSequencePoints="0" numBranchPoints="1" visitedBranchPoints="0" sequenceCoverage="0" branchCoverage="0" maxCyclomaticComplexity="1" minCyclomaticComplexity="1" maxCrapScore="2" minCrapScore="2" visitedClasses="0" numClasses="0" visitedMethods="0" numMethods="1" />
              <MetadataToken>100663457</MetadataToken>
              <Name>System.Boolean ExMat.VM.ExVM::Call(ExMat.Objects.ExObject&amp;,System.Int64,System.Int64,ExMat.Objects.ExObject&amp;,System.Boolean)</Name>
              <FileRef uid="14" />
              <SequencePoints>
                <SequencePoint vc="0" uspid="5353" ordinal="0" offset="0" sl="4760" sc="9" el="4760" ec="10" bec="0" bev="0" fileid="14" />
                <SequencePoint vc="0" uspid="5354" ordinal="1" offset="1" sl="4761" sc="13" el="4761" ec="84" bec="0" bev="0" fileid="14" />
                <SequencePoint vc="0" uspid="5355" ordinal="2" offset="19" sl="4762" sc="9" el="4762" ec="10" bec="0" bev="0" fileid="14" />
              </SequencePoints>
              <BranchPoints />
              <MethodPoint xsi:type="SequencePoint" vc="0" uspid="5353" ordinal="0" offset="0" sl="4760" sc="9" el="4760" ec="10" bec="0" bev="0" fileid="14" />
            </Method>
            <Method visited="false" cyclomaticComplexity="6" nPathComplexity="32" sequenceCoverage="0" branchCoverage="0" crapScore="42" isConstructor="false" isStatic="false" isGetter="false" isSetter="false">
              <Summary numSequencePoints="29" visitedSequencePoints="0" numBranchPoints="11" visitedBranchPoints="0" sequenceCoverage="0" branchCoverage="0" maxCyclomaticComplexity="6" minCyclomaticComplexity="6" maxCrapScore="42" minCrapScore="42" visitedClasses="0" numClasses="0" visitedMethods="0" numMethods="1" />
              <MetadataToken>100663458</MetadataToken>
              <Name>System.Boolean ExMat.VM.ExVM::Call(ExMat.Objects.ExObject&amp;,System.Int32,System.Int32,ExMat.Objects.ExObject&amp;,System.Boolean)</Name>
              <FileRef uid="14" />
              <SequencePoints>
                <SequencePoint vc="0" uspid="5356" ordinal="0" offset="0" sl="4774" sc="9" el="4774" ec="10" bec="0" bev="0" fileid="14" />
                <SequencePoint vc="0" uspid="5357" ordinal="1" offset="1" sl="4776" sc="13" el="4776" ec="45" bec="0" bev="0" fileid="14" />
                <SequencePoint vc="0" uspid="5358" ordinal="2" offset="8" sl="4777" sc="13" el="4777" ec="40" bec="0" bev="0" fileid="14" />
                <SequencePoint vc="0" uspid="5359" ordinal="3" offset="16" sl="4779" sc="13" el="4779" ec="30" bec="6" bev="0" fileid="14" />
                <SequencePoint vc="0" uspid="5360" ordinal="4" offset="59" sl="4782" sc="21" el="4782" ec="22" bec="0" bev="0" fileid="14" />
                <SequencePoint vc="0" uspid="5361" ordinal="5" offset="60" sl="4783" sc="25" el="4783" ec="86" bec="0" bev="0" fileid="14" />
                <SequencePoint vc="0" uspid="5362" ordinal="6" offset="73" sl="4784" sc="25" el="4784" ec="35" bec="2" bev="0" fileid="14" />
                <SequencePoint vc="0" uspid="5363" ordinal="7" offset="80" sl="4785" sc="25" el="4785" ec="26" bec="0" bev="0" fileid="14" />
                <SequencePoint vc="0" uspid="5364" ordinal="8" offset="81" sl="4786" sc="29" el="4786" ec="44" bec="0" bev="0" fileid="14" />
                <SequencePoint vc="0" uspid="5365" ordinal="9" offset="95" sl="4787" sc="25" el="4787" ec="26" bec="0" bev="0" fileid="14" />
                <SequencePoint vc="0" uspid="5366" ordinal="10" offset="96" sl="4788" sc="25" el="4788" ec="52" bec="0" bev="0" fileid="14" />
                <SequencePoint vc="0" uspid="5367" ordinal="11" offset="103" sl="4789" sc="25" el="4789" ec="38" bec="0" bev="0" fileid="14" />
                <SequencePoint vc="0" uspid="5368" ordinal="12" offset="111" sl="4792" sc="21" el="4792" ec="22" bec="0" bev="0" fileid="14" />
                <SequencePoint vc="0" uspid="5369" ordinal="13" offset="112" sl="4793" sc="25" el="4793" ec="103" bec="0" bev="0" fileid="14" />
                <SequencePoint vc="0" uspid="5370" ordinal="14" offset="131" sl="4794" sc="25" el="4794" ec="52" bec="0" bev="0" fileid="14" />
                <SequencePoint vc="0" uspid="5371" ordinal="15" offset="138" sl="4795" sc="25" el="4795" ec="38" bec="0" bev="0" fileid="14" />
                <SequencePoint vc="0" uspid="5372" ordinal="16" offset="144" sl="4798" sc="21" el="4798" ec="22" bec="0" bev="0" fileid="14" />
                <SequencePoint vc="0" uspid="5373" ordinal="17" offset="145" sl="4799" sc="25" el="4799" ec="46" bec="0" bev="0" fileid="14" />
                <SequencePoint vc="0" uspid="5374" ordinal="18" offset="152" sl="4801" sc="25" el="4801" ec="86" bec="0" bev="0" fileid="14" />
                <SequencePoint vc="0" uspid="5375" ordinal="19" offset="170" sl="4802" sc="25" el="4802" ec="55" bec="2" bev="0" fileid="14" />
                <SequencePoint vc="0" uspid="5376" ordinal="20" offset="183" sl="4803" sc="25" el="4803" ec="26" bec="0" bev="0" fileid="14" />
                <SequencePoint vc="0" uspid="5377" ordinal="21" offset="184" sl="4804" sc="29" el="4804" ec="61" bec="0" bev="0" fileid="14" />
                <SequencePoint vc="0" uspid="5378" ordinal="22" offset="201" sl="4805" sc="29" el="4805" ec="83" bec="0" bev="0" fileid="14" />
                <SequencePoint vc="0" uspid="5379" ordinal="23" offset="216" sl="4806" sc="29" el="4806" ec="56" bec="0" bev="0" fileid="14" />
                <SequencePoint vc="0" uspid="5380" ordinal="24" offset="223" sl="4807" sc="29" el="4807" ec="38" bec="0" bev="0" fileid="14" />
                <SequencePoint vc="0" uspid="5381" ordinal="25" offset="229" sl="4809" sc="25" el="4809" ec="52" bec="0" bev="0" fileid="14" />
                <SequencePoint vc="0" uspid="5382" ordinal="26" offset="236" sl="4810" sc="25" el="4810" ec="37" bec="0" bev="0" fileid="14" />
                <SequencePoint vc="0" uspid="5383" ordinal="27" offset="241" sl="4813" sc="21" el="4813" ec="55" bec="0" bev="0" fileid="14" />
                <SequencePoint vc="0" uspid="5384" ordinal="28" offset="257" sl="4816" sc="9" el="4816" ec="10" bec="0" bev="0" fileid="14" />
              </SequencePoints>
              <BranchPoints>
                <BranchPoint vc="0" uspid="5385" ordinal="0" offset="32" sl="4779" path="0" offsetchain="34" offsetend="36" fileid="14" />
                <BranchPoint vc="0" uspid="5386" ordinal="1" offset="32" sl="4779" path="1" offsetend="59" fileid="14" />
                <BranchPoint vc="0" uspid="5387" ordinal="2" offset="42" sl="4779" path="0" offsetchain="44" offsetend="46" fileid="14" />
                <BranchPoint vc="0" uspid="5388" ordinal="3" offset="42" sl="4779" path="1" offsetend="111" fileid="14" />
                <BranchPoint vc="0" uspid="5389" ordinal="4" offset="52" sl="4779" path="0" offsetchain="54" offsetend="241" fileid="14" />
                <BranchPoint vc="0" uspid="5390" ordinal="5" offset="52" sl="4779" path="1" offsetend="144" fileid="14" />
                <BranchPoint vc="0" uspid="5391" ordinal="6" offset="78" sl="4784" path="0" offsetend="80" fileid="14" />
                <BranchPoint vc="0" uspid="5392" ordinal="7" offset="78" sl="4784" path="1" offsetend="96" fileid="14" />
                <BranchPoint vc="0" uspid="5393" ordinal="8" offset="181" sl="4802" path="0" offsetend="183" fileid="14" />
                <BranchPoint vc="0" uspid="5394" ordinal="9" offset="181" sl="4802" path="1" offsetend="229" fileid="14" />
              </BranchPoints>
              <MethodPoint xsi:type="SequencePoint" vc="0" uspid="5356" ordinal="0" offset="0" sl="4774" sc="9" el="4774" ec="10" bec="0" bev="0" fileid="14" />
            </Method>
            <Method visited="false" cyclomaticComplexity="3" nPathComplexity="2" sequenceCoverage="0" branchCoverage="0" crapScore="12" isConstructor="false" isStatic="false" isGetter="false" isSetter="false">
              <Summary numSequencePoints="3" visitedSequencePoints="0" numBranchPoints="3" visitedBranchPoints="0" sequenceCoverage="0" branchCoverage="0" maxCyclomaticComplexity="3" minCyclomaticComplexity="3" maxCrapScore="12" minCrapScore="12" visitedClasses="0" numClasses="0" visitedMethods="0" numMethods="1" />
              <MetadataToken>100663459</MetadataToken>
              <Name>System.Object ExMat.VM.ExVM::GetDebuggerDisplay()</Name>
              <FileRef uid="14" />
              <SequencePoints>
                <SequencePoint vc="0" uspid="5395" ordinal="0" offset="0" sl="4820" sc="9" el="4820" ec="10" bec="0" bev="0" fileid="14" />
                <SequencePoint vc="0" uspid="5396" ordinal="1" offset="1" sl="4821" sc="13" el="4821" ec="116" bec="2" bev="0" fileid="14" />
                <SequencePoint vc="0" uspid="5397" ordinal="2" offset="98" sl="4822" sc="9" el="4822" ec="10" bec="0" bev="0" fileid="14" />
              </SequencePoints>
              <BranchPoints>
                <BranchPoint vc="0" uspid="5398" ordinal="0" offset="23" sl="4821" path="0" offsetend="25" fileid="14" />
                <BranchPoint vc="0" uspid="5399" ordinal="1" offset="23" sl="4821" path="1" offsetend="32" fileid="14" />
              </BranchPoints>
              <MethodPoint xsi:type="SequencePoint" vc="0" uspid="5395" ordinal="0" offset="0" sl="4820" sc="9" el="4820" ec="10" bec="0" bev="0" fileid="14" />
            </Method>
            <Method visited="false" cyclomaticComplexity="1" nPathComplexity="0" sequenceCoverage="0" branchCoverage="0" crapScore="2" isConstructor="false" isStatic="false" isGetter="false" isSetter="false">
              <Summary numSequencePoints="4" visitedSequencePoints="0" numBranchPoints="1" visitedBranchPoints="0" sequenceCoverage="0" branchCoverage="0" maxCyclomaticComplexity="1" minCyclomaticComplexity="1" maxCrapScore="2" minCrapScore="2" visitedClasses="0" numClasses="0" visitedMethods="0" numMethods="1" />
              <MetadataToken>100663460</MetadataToken>
              <Name>System.Void ExMat.VM.ExVM::Dispose()</Name>
              <FileRef uid="14" />
              <SequencePoints>
                <SequencePoint vc="0" uspid="5400" ordinal="0" offset="0" sl="4828" sc="9" el="4828" ec="10" bec="0" bev="0" fileid="14" />
                <SequencePoint vc="0" uspid="5401" ordinal="1" offset="1" sl="4830" sc="13" el="4830" ec="38" bec="0" bev="0" fileid="14" />
                <SequencePoint vc="0" uspid="5402" ordinal="2" offset="9" sl="4831" sc="13" el="4831" ec="39" bec="0" bev="0" fileid="14" />
                <SequencePoint vc="0" uspid="5403" ordinal="3" offset="16" sl="4832" sc="9" el="4832" ec="10" bec="0" bev="0" fileid="14" />
              </SequencePoints>
              <BranchPoints />
              <MethodPoint xsi:type="SequencePoint" vc="0" uspid="5400" ordinal="0" offset="0" sl="4828" sc="9" el="4828" ec="10" bec="0" bev="0" fileid="14" />
            </Method>
            <Method visited="false" cyclomaticComplexity="1" nPathComplexity="0" sequenceCoverage="0" branchCoverage="0" crapScore="2" isConstructor="true" isStatic="false" isGetter="false" isSetter="false">
              <Summary numSequencePoints="7" visitedSequencePoints="0" numBranchPoints="1" visitedBranchPoints="0" sequenceCoverage="0" branchCoverage="0" maxCyclomaticComplexity="1" minCyclomaticComplexity="1" maxCrapScore="2" minCrapScore="2" visitedClasses="0" numClasses="0" visitedMethods="0" numMethods="1" />
              <MetadataToken>100663461</MetadataToken>
              <Name>System.Void ExMat.VM.ExVM::.ctor()</Name>
              <FileRef uid="14" />
              <SequencePoints>
                <SequencePoint vc="0" uspid="5404" ordinal="0" offset="0" sl="36" sc="9" el="36" ec="62" bec="0" bev="0" fileid="14" />
                <SequencePoint vc="0" uspid="5405" ordinal="1" offset="11" sl="41" sc="9" el="41" ec="81" bec="0" bev="0" fileid="14" />
                <SequencePoint vc="0" uspid="5406" ordinal="2" offset="22" sl="46" sc="9" el="46" ec="45" bec="0" bev="0" fileid="14" />
                <SequencePoint vc="0" uspid="5407" ordinal="3" offset="33" sl="89" sc="9" el="89" ec="48" bec="0" bev="0" fileid="14" />
                <SequencePoint vc="0" uspid="5408" ordinal="4" offset="44" sl="102" sc="9" el="102" ec="51" bec="0" bev="0" fileid="14" />
                <SequencePoint vc="0" uspid="5409" ordinal="5" offset="55" sl="106" sc="9" el="106" ec="64" bec="0" bev="0" fileid="14" />
                <SequencePoint vc="0" uspid="5410" ordinal="6" offset="62" sl="132" sc="9" el="132" ec="39" bec="0" bev="0" fileid="14" />
              </SequencePoints>
              <BranchPoints />
              <MethodPoint xsi:type="SequencePoint" vc="0" uspid="5404" ordinal="0" offset="0" sl="36" sc="9" el="36" ec="62" bec="0" bev="0" fileid="14" />
            </Method>
          </Methods>
        </Class>
        <Class skippedDueTo="Delegate">
          <FullName>ExMat.VM.ExVM/Iterator</FullName>
          <Methods />
        </Class>
        <Class>
          <Summary numSequencePoints="0" visitedSequencePoints="0" numBranchPoints="0" visitedBranchPoints="0" sequenceCoverage="0" branchCoverage="0" maxCyclomaticComplexity="0" minCyclomaticComplexity="0" maxCrapScore="0" minCrapScore="0" visitedClasses="0" numClasses="0" visitedMethods="0" numMethods="0" />
          <FullName>ExMat.VM.ExVM/&lt;&gt;o__156</FullName>
          <Methods />
        </Class>
        <Class>
          <Summary numSequencePoints="106" visitedSequencePoints="9" numBranchPoints="28" visitedBranchPoints="1" sequenceCoverage="8.49" branchCoverage="3.57" maxCyclomaticComplexity="6" minCyclomaticComplexity="1" maxCrapScore="42" minCrapScore="2" visitedClasses="1" numClasses="1" visitedMethods="1" numMethods="12" />
          <FullName>ExMat.Utils.ExUtils</FullName>
          <Methods>
            <Method visited="false" cyclomaticComplexity="3" nPathComplexity="0" sequenceCoverage="0" branchCoverage="0" crapScore="12" isConstructor="false" isStatic="true" isGetter="false" isSetter="false">
              <Summary numSequencePoints="3" visitedSequencePoints="0" numBranchPoints="1" visitedBranchPoints="0" sequenceCoverage="0" branchCoverage="0" maxCyclomaticComplexity="3" minCyclomaticComplexity="3" maxCrapScore="12" minCrapScore="12" visitedClasses="0" numClasses="0" visitedMethods="0" numMethods="1" />
              <MetadataToken>100663462</MetadataToken>
              <Name>System.Collections.Generic.List`1&lt;ExMat.Objects.ExObject&gt; ExMat.Utils.ExUtils::GetOrderedNumericList(System.Collections.Generic.List`1&lt;ExMat.Objects.ExObject&gt;)</Name>
              <FileRef uid="15" />
              <SequencePoints>
                <SequencePoint vc="0" uspid="5411" ordinal="0" offset="0" sl="18" sc="9" el="18" ec="10" bec="0" bev="0" fileid="15" />
                <SequencePoint vc="0" uspid="5412" ordinal="1" offset="1" sl="19" sc="13" el="21" ec="31" bec="0" bev="0" fileid="15" />
                <SequencePoint vc="0" uspid="5413" ordinal="2" offset="82" sl="22" sc="9" el="22" ec="10" bec="0" bev="0" fileid="15" />
              </SequencePoints>
              <BranchPoints />
              <MethodPoint xsi:type="SequencePoint" vc="0" uspid="5411" ordinal="0" offset="0" sl="18" sc="9" el="18" ec="10" bec="0" bev="0" fileid="15" />
            </Method>
            <Method visited="false" cyclomaticComplexity="3" nPathComplexity="2" sequenceCoverage="0" branchCoverage="0" crapScore="12" isConstructor="false" isStatic="true" isGetter="false" isSetter="false">
              <Summary numSequencePoints="12" visitedSequencePoints="0" numBranchPoints="3" visitedBranchPoints="0" sequenceCoverage="0" branchCoverage="0" maxCyclomaticComplexity="3" minCyclomaticComplexity="3" maxCrapScore="12" minCrapScore="12" visitedClasses="0" numClasses="0" visitedMethods="0" numMethods="1" />
              <MetadataToken>100663463</MetadataToken>
              <Name>System.Boolean ExMat.Utils.ExUtils::AssertNumericArray(ExMat.Objects.ExObject)</Name>
              <FileRef uid="15" />
              <SequencePoints>
                <SequencePoint vc="0" uspid="5414" ordinal="0" offset="0" sl="30" sc="9" el="30" ec="10" bec="0" bev="0" fileid="15" />
                <SequencePoint vc="0" uspid="5415" ordinal="1" offset="1" sl="31" sc="13" el="31" ec="20" bec="0" bev="0" fileid="15" />
                <SequencePoint vc="0" uspid="5416" ordinal="2" offset="2" sl="31" sc="38" el="31" ec="51" bec="0" bev="0" fileid="15" />
                <SequencePoint vc="0" uspid="5417" ordinal="3" offset="16" sl="31" sc="22" el="31" ec="34" bec="0" bev="0" fileid="15" />
                <SequencePoint vc="0" uspid="5418" ordinal="4" offset="24" sl="32" sc="13" el="32" ec="14" bec="0" bev="0" fileid="15" />
                <SequencePoint vc="0" uspid="5419" ordinal="5" offset="25" sl="33" sc="17" el="33" ec="49" bec="2" bev="0" fileid="15" />
                <SequencePoint vc="0" uspid="5420" ordinal="6" offset="38" sl="34" sc="17" el="34" ec="18" bec="0" bev="0" fileid="15" />
                <SequencePoint vc="0" uspid="5421" ordinal="7" offset="39" sl="35" sc="21" el="35" ec="34" bec="0" bev="0" fileid="15" />
                <SequencePoint vc="0" uspid="5422" ordinal="8" offset="43" sl="37" sc="13" el="37" ec="14" bec="0" bev="0" fileid="15" />
                <SequencePoint vc="0" uspid="5423" ordinal="9" offset="44" sl="31" sc="35" el="31" ec="37" bec="0" bev="0" fileid="15" />
                <SequencePoint vc="0" uspid="5424" ordinal="10" offset="70" sl="38" sc="13" el="38" ec="25" bec="0" bev="0" fileid="15" />
                <SequencePoint vc="0" uspid="5425" ordinal="11" offset="74" sl="39" sc="9" el="39" ec="10" bec="0" bev="0" fileid="15" />
              </SequencePoints>
              <BranchPoints>
                <BranchPoint vc="0" uspid="5426" ordinal="0" offset="36" sl="33" path="0" offsetend="38" fileid="15" />
                <BranchPoint vc="0" uspid="5427" ordinal="1" offset="36" sl="33" path="1" offsetend="43" fileid="15" />
              </BranchPoints>
              <MethodPoint xsi:type="SequencePoint" vc="0" uspid="5414" ordinal="0" offset="0" sl="30" sc="9" el="30" ec="10" bec="0" bev="0" fileid="15" />
            </Method>
            <Method visited="false" cyclomaticComplexity="4" nPathComplexity="8" sequenceCoverage="0" branchCoverage="0" crapScore="20" isConstructor="false" isStatic="true" isGetter="false" isSetter="false">
              <Summary numSequencePoints="7" visitedSequencePoints="0" numBranchPoints="7" visitedBranchPoints="0" sequenceCoverage="0" branchCoverage="0" maxCyclomaticComplexity="4" minCyclomaticComplexity="4" maxCrapScore="20" minCrapScore="20" visitedClasses="0" numClasses="0" visitedMethods="0" numMethods="1" />
              <MetadataToken>100663464</MetadataToken>
              <Name>System.Int32 ExMat.Utils.ExUtils::LongTo32NonNegativeIntegerRange(System.Int64)</Name>
              <FileRef uid="15" />
              <SequencePoints>
                <SequencePoint vc="0" uspid="5428" ordinal="0" offset="0" sl="48" sc="9" el="48" ec="10" bec="0" bev="0" fileid="15" />
                <SequencePoint vc="0" uspid="5429" ordinal="1" offset="1" sl="49" sc="13" el="49" ec="23" bec="2" bev="0" fileid="15" />
                <SequencePoint vc="0" uspid="5430" ordinal="2" offset="10" sl="50" sc="13" el="50" ec="14" bec="0" bev="0" fileid="15" />
                <SequencePoint vc="0" uspid="5431" ordinal="3" offset="11" sl="51" sc="17" el="51" ec="63" bec="2" bev="0" fileid="15" />
                <SequencePoint vc="0" uspid="5432" ordinal="4" offset="32" sl="52" sc="13" el="52" ec="14" bec="0" bev="0" fileid="15" />
                <SequencePoint vc="0" uspid="5433" ordinal="5" offset="33" sl="54" sc="13" el="54" ec="61" bec="2" bev="0" fileid="15" />
                <SequencePoint vc="0" uspid="5434" ordinal="6" offset="54" sl="55" sc="9" el="55" ec="10" bec="0" bev="0" fileid="15" />
              </SequencePoints>
              <BranchPoints>
                <BranchPoint vc="0" uspid="5435" ordinal="0" offset="8" sl="49" path="0" offsetend="10" fileid="15" />
                <BranchPoint vc="0" uspid="5436" ordinal="1" offset="8" sl="49" path="1" offsetend="33" fileid="15" />
                <BranchPoint vc="0" uspid="5437" ordinal="2" offset="18" sl="51" path="0" offsetend="20" fileid="15" />
                <BranchPoint vc="0" uspid="5438" ordinal="3" offset="18" sl="51" path="1" offsetend="24" fileid="15" />
                <BranchPoint vc="0" uspid="5439" ordinal="4" offset="40" sl="54" path="0" offsetend="42" fileid="15" />
                <BranchPoint vc="0" uspid="5440" ordinal="5" offset="40" sl="54" path="1" offsetend="46" fileid="15" />
              </BranchPoints>
              <MethodPoint xsi:type="SequencePoint" vc="0" uspid="5428" ordinal="0" offset="0" sl="48" sc="9" el="48" ec="10" bec="0" bev="0" fileid="15" />
            </Method>
            <Method visited="false" cyclomaticComplexity="6" nPathComplexity="8" sequenceCoverage="0" branchCoverage="0" crapScore="42" isConstructor="false" isStatic="true" isGetter="false" isSetter="false">
              <Summary numSequencePoints="3" visitedSequencePoints="0" numBranchPoints="7" visitedBranchPoints="0" sequenceCoverage="0" branchCoverage="0" maxCyclomaticComplexity="6" minCyclomaticComplexity="6" maxCrapScore="42" minCrapScore="42" visitedClasses="0" numClasses="0" visitedMethods="0" numMethods="1" />
              <MetadataToken>100663465</MetadataToken>
              <Name>System.Int32 ExMat.Utils.ExUtils::LongTo32SignedIntegerRange(System.Int64)</Name>
              <FileRef uid="15" />
              <SequencePoints>
                <SequencePoint vc="0" uspid="5441" ordinal="0" offset="0" sl="63" sc="9" el="63" ec="10" bec="0" bev="0" fileid="15" />
                <SequencePoint vc="0" uspid="5442" ordinal="1" offset="1" sl="64" sc="13" el="64" ec="113" bec="6" bev="0" fileid="15" />
                <SequencePoint vc="0" uspid="5443" ordinal="2" offset="47" sl="65" sc="9" el="65" ec="10" bec="0" bev="0" fileid="15" />
              </SequencePoints>
              <BranchPoints>
                <BranchPoint vc="0" uspid="5444" ordinal="0" offset="4" sl="64" path="0" offsetend="6" fileid="15" />
                <BranchPoint vc="0" uspid="5445" ordinal="1" offset="4" sl="64" path="1" offsetend="26" fileid="15" />
                <BranchPoint vc="0" uspid="5446" ordinal="2" offset="13" sl="64" path="0" offsetend="15" fileid="15" />
                <BranchPoint vc="0" uspid="5447" ordinal="3" offset="13" sl="64" path="1" offsetend="19" fileid="15" />
                <BranchPoint vc="0" uspid="5448" ordinal="4" offset="33" sl="64" path="0" offsetend="35" fileid="15" />
                <BranchPoint vc="0" uspid="5449" ordinal="5" offset="33" sl="64" path="1" offsetend="42" fileid="15" />
              </BranchPoints>
              <MethodPoint xsi:type="SequencePoint" vc="0" uspid="5441" ordinal="0" offset="0" sl="63" sc="9" el="63" ec="10" bec="0" bev="0" fileid="15" />
            </Method>
            <Method visited="false" cyclomaticComplexity="4" nPathComplexity="2" sequenceCoverage="0" branchCoverage="0" crapScore="20" isConstructor="false" isStatic="true" isGetter="false" isSetter="false">
              <Summary numSequencePoints="20" visitedSequencePoints="0" numBranchPoints="3" visitedBranchPoints="0" sequenceCoverage="0" branchCoverage="0" maxCyclomaticComplexity="4" minCyclomaticComplexity="4" maxCrapScore="20" minCrapScore="20" visitedClasses="0" numClasses="0" visitedMethods="0" numMethods="1" />
              <MetadataToken>100663466</MetadataToken>
              <Name>System.Collections.Generic.List`1&lt;ExMat.Objects.ExObject&gt; ExMat.Utils.ExUtils::AppendFillerNTimes(System.Collections.Generic.List`1&lt;ExMat.Objects.ExObject&gt;,ExMat.Objects.ExObject,System.Int32)</Name>
              <FileRef uid="15" />
              <SequencePoints>
                <SequencePoint vc="0" uspid="5450" ordinal="0" offset="0" sl="75" sc="9" el="75" ec="10" bec="0" bev="0" fileid="15" />
                <SequencePoint vc="0" uspid="5451" ordinal="1" offset="1" sl="76" sc="13" el="76" ec="32" bec="2" bev="0" fileid="15" />
                <SequencePoint vc="0" uspid="5452" ordinal="2" offset="9" sl="77" sc="13" el="77" ec="14" bec="0" bev="0" fileid="15" />
                <SequencePoint vc="0" uspid="5453" ordinal="3" offset="10" sl="78" sc="22" el="78" ec="31" bec="0" bev="0" fileid="15" />
                <SequencePoint vc="0" uspid="5454" ordinal="4" offset="14" sl="79" sc="17" el="79" ec="18" bec="0" bev="0" fileid="15" />
                <SequencePoint vc="0" uspid="5455" ordinal="5" offset="15" sl="80" sc="21" el="80" ec="37" bec="0" bev="0" fileid="15" />
                <SequencePoint vc="0" uspid="5456" ordinal="6" offset="27" sl="81" sc="17" el="81" ec="18" bec="0" bev="0" fileid="15" />
                <SequencePoint vc="0" uspid="5457" ordinal="7" offset="28" sl="78" sc="40" el="78" ec="43" bec="0" bev="0" fileid="15" />
                <SequencePoint vc="0" uspid="5458" ordinal="8" offset="32" sl="78" sc="33" el="78" ec="38" bec="0" bev="0" fileid="15" />
                <SequencePoint vc="0" uspid="5459" ordinal="9" offset="40" sl="82" sc="13" el="82" ec="14" bec="0" bev="0" fileid="15" />
                <SequencePoint vc="0" uspid="5460" ordinal="10" offset="43" sl="84" sc="13" el="84" ec="14" bec="0" bev="0" fileid="15" />
                <SequencePoint vc="0" uspid="5461" ordinal="11" offset="44" sl="85" sc="22" el="85" ec="31" bec="0" bev="0" fileid="15" />
                <SequencePoint vc="0" uspid="5462" ordinal="12" offset="48" sl="86" sc="17" el="86" ec="18" bec="0" bev="0" fileid="15" />
                <SequencePoint vc="0" uspid="5463" ordinal="13" offset="49" sl="87" sc="21" el="87" ec="43" bec="0" bev="0" fileid="15" />
                <SequencePoint vc="0" uspid="5464" ordinal="14" offset="62" sl="88" sc="17" el="88" ec="18" bec="0" bev="0" fileid="15" />
                <SequencePoint vc="0" uspid="5465" ordinal="15" offset="63" sl="85" sc="40" el="85" ec="43" bec="0" bev="0" fileid="15" />
                <SequencePoint vc="0" uspid="5466" ordinal="16" offset="67" sl="85" sc="33" el="85" ec="38" bec="0" bev="0" fileid="15" />
                <SequencePoint vc="0" uspid="5467" ordinal="17" offset="77" sl="89" sc="13" el="89" ec="14" bec="0" bev="0" fileid="15" />
                <SequencePoint vc="0" uspid="5468" ordinal="18" offset="78" sl="90" sc="13" el="90" ec="25" bec="0" bev="0" fileid="15" />
                <SequencePoint vc="0" uspid="5469" ordinal="19" offset="83" sl="91" sc="9" el="91" ec="10" bec="0" bev="0" fileid="15" />
              </SequencePoints>
              <BranchPoints>
                <BranchPoint vc="0" uspid="5470" ordinal="0" offset="7" sl="76" path="0" offsetend="9" fileid="15" />
                <BranchPoint vc="0" uspid="5471" ordinal="1" offset="7" sl="76" path="1" offsetend="43" fileid="15" />
              </BranchPoints>
              <MethodPoint xsi:type="SequencePoint" vc="0" uspid="5450" ordinal="0" offset="0" sl="75" sc="9" el="75" ec="10" bec="0" bev="0" fileid="15" />
            </Method>
            <Method visited="false" cyclomaticComplexity="1" nPathComplexity="0" sequenceCoverage="0" branchCoverage="0" crapScore="2" isConstructor="false" isStatic="true" isGetter="false" isSetter="false">
              <Summary numSequencePoints="5" visitedSequencePoints="0" numBranchPoints="1" visitedBranchPoints="0" sequenceCoverage="0" branchCoverage="0" maxCyclomaticComplexity="1" minCyclomaticComplexity="1" maxCrapScore="2" minCrapScore="2" visitedClasses="0" numClasses="0" visitedMethods="0" numMethods="1" />
              <MetadataToken>100663467</MetadataToken>
              <Name>System.Collections.Generic.List`1&lt;ExMat.Objects.ExObject&gt; ExMat.Utils.ExUtils::ShuffleList(System.Collections.Generic.List`1&lt;ExMat.Objects.ExObject&gt;)</Name>
              <FileRef uid="15" />
              <SequencePoints>
                <SequencePoint vc="0" uspid="5472" ordinal="0" offset="6" sl="99" sc="9" el="99" ec="10" bec="0" bev="0" fileid="15" />
                <SequencePoint vc="0" uspid="5473" ordinal="1" offset="7" sl="100" sc="13" el="100" ec="40" bec="0" bev="0" fileid="15" />
                <SequencePoint vc="0" uspid="5474" ordinal="2" offset="18" sl="101" sc="13" el="101" ec="86" bec="0" bev="0" fileid="15" />
                <SequencePoint vc="0" uspid="5475" ordinal="3" offset="47" sl="102" sc="13" el="102" ec="24" bec="0" bev="0" fileid="15" />
                <SequencePoint vc="0" uspid="5476" ordinal="4" offset="51" sl="103" sc="9" el="103" ec="10" bec="0" bev="0" fileid="15" />
              </SequencePoints>
              <BranchPoints />
              <MethodPoint vc="0" uspid="5477" ordinal="0" offset="0" />
            </Method>
            <Method visited="false" cyclomaticComplexity="2" nPathComplexity="0" sequenceCoverage="0" branchCoverage="0" crapScore="6" isConstructor="false" isStatic="true" isGetter="false" isSetter="false">
              <Summary numSequencePoints="10" visitedSequencePoints="0" numBranchPoints="1" visitedBranchPoints="0" sequenceCoverage="0" branchCoverage="0" maxCyclomaticComplexity="2" minCyclomaticComplexity="2" maxCrapScore="6" minCrapScore="6" visitedClasses="0" numClasses="0" visitedMethods="0" numMethods="1" />
              <MetadataToken>100663468</MetadataToken>
              <Name>System.Collections.Generic.List`1&lt;ExMat.Objects.ExObject&gt; ExMat.Utils.ExUtils::GetACopyOf(System.Collections.Generic.List`1&lt;ExMat.Objects.ExObject&gt;)</Name>
              <FileRef uid="15" />
              <SequencePoints>
                <SequencePoint vc="0" uspid="5478" ordinal="0" offset="0" sl="111" sc="9" el="111" ec="10" bec="0" bev="0" fileid="15" />
                <SequencePoint vc="0" uspid="5479" ordinal="1" offset="1" sl="112" sc="13" el="112" ec="50" bec="0" bev="0" fileid="15" />
                <SequencePoint vc="0" uspid="5480" ordinal="2" offset="13" sl="113" sc="18" el="113" ec="27" bec="0" bev="0" fileid="15" />
                <SequencePoint vc="0" uspid="5481" ordinal="3" offset="17" sl="114" sc="13" el="114" ec="14" bec="0" bev="0" fileid="15" />
                <SequencePoint vc="0" uspid="5482" ordinal="4" offset="18" sl="115" sc="17" el="115" ec="39" bec="0" bev="0" fileid="15" />
                <SequencePoint vc="0" uspid="5483" ordinal="5" offset="37" sl="116" sc="13" el="116" ec="14" bec="0" bev="0" fileid="15" />
                <SequencePoint vc="0" uspid="5484" ordinal="6" offset="38" sl="113" sc="45" el="113" ec="48" bec="0" bev="0" fileid="15" />
                <SequencePoint vc="0" uspid="5485" ordinal="7" offset="42" sl="113" sc="29" el="113" ec="43" bec="0" bev="0" fileid="15" />
                <SequencePoint vc="0" uspid="5486" ordinal="8" offset="55" sl="117" sc="13" el="117" ec="24" bec="0" bev="0" fileid="15" />
                <SequencePoint vc="0" uspid="5487" ordinal="9" offset="59" sl="118" sc="9" el="118" ec="10" bec="0" bev="0" fileid="15" />
              </SequencePoints>
              <BranchPoints />
              <MethodPoint xsi:type="SequencePoint" vc="0" uspid="5478" ordinal="0" offset="0" sl="111" sc="9" el="111" ec="10" bec="0" bev="0" fileid="15" />
            </Method>
            <Method visited="false" cyclomaticComplexity="2" nPathComplexity="0" sequenceCoverage="0" branchCoverage="0" crapScore="6" isConstructor="false" isStatic="true" isGetter="false" isSetter="false">
              <Summary numSequencePoints="12" visitedSequencePoints="0" numBranchPoints="1" visitedBranchPoints="0" sequenceCoverage="0" branchCoverage="0" maxCyclomaticComplexity="2" minCyclomaticComplexity="2" maxCrapScore="6" minCrapScore="6" visitedClasses="0" numClasses="0" visitedMethods="0" numMethods="1" />
              <MetadataToken>100663469</MetadataToken>
              <Name>System.Collections.Generic.List`1&lt;ExMat.Objects.ExObject&gt; ExMat.Utils.ExUtils::GetNRandomObjectsFrom(System.Collections.Generic.List`1&lt;ExMat.Objects.ExObject&gt;,System.Int32)</Name>
              <FileRef uid="15" />
              <SequencePoints>
                <SequencePoint vc="0" uspid="5488" ordinal="0" offset="0" sl="127" sc="9" el="127" ec="10" bec="0" bev="0" fileid="15" />
                <SequencePoint vc="0" uspid="5489" ordinal="1" offset="1" sl="128" sc="13" el="128" ec="40" bec="0" bev="0" fileid="15" />
                <SequencePoint vc="0" uspid="5490" ordinal="2" offset="7" sl="129" sc="13" el="129" ec="41" bec="0" bev="0" fileid="15" />
                <SequencePoint vc="0" uspid="5491" ordinal="3" offset="14" sl="130" sc="13" el="130" ec="52" bec="0" bev="0" fileid="15" />
                <SequencePoint vc="0" uspid="5492" ordinal="4" offset="23" sl="132" sc="13" el="132" ec="14" bec="0" bev="0" fileid="15" />
                <SequencePoint vc="0" uspid="5493" ordinal="5" offset="24" sl="133" sc="17" el="133" ec="42" bec="0" bev="0" fileid="15" />
                <SequencePoint vc="0" uspid="5494" ordinal="6" offset="37" sl="134" sc="17" el="134" ec="41" bec="0" bev="0" fileid="15" />
                <SequencePoint vc="0" uspid="5495" ordinal="7" offset="56" sl="135" sc="17" el="135" ec="36" bec="0" bev="0" fileid="15" />
                <SequencePoint vc="0" uspid="5496" ordinal="8" offset="64" sl="136" sc="13" el="136" ec="14" bec="0" bev="0" fileid="15" />
                <SequencePoint vc="0" uspid="5497" ordinal="9" offset="65" sl="131" sc="13" el="131" ec="26" bec="0" bev="0" fileid="15" />
                <SequencePoint vc="0" uspid="5498" ordinal="10" offset="75" sl="137" sc="13" el="137" ec="24" bec="0" bev="0" fileid="15" />
                <SequencePoint vc="0" uspid="5499" ordinal="11" offset="80" sl="138" sc="9" el="138" ec="10" bec="0" bev="0" fileid="15" />
              </SequencePoints>
              <BranchPoints />
              <MethodPoint xsi:type="SequencePoint" vc="0" uspid="5488" ordinal="0" offset="0" sl="127" sc="9" el="127" ec="10" bec="0" bev="0" fileid="15" />
            </Method>
            <Method visited="false" cyclomaticComplexity="2" nPathComplexity="0" sequenceCoverage="0" branchCoverage="0" crapScore="6" isConstructor="false" isStatic="true" isGetter="false" isSetter="false">
              <Summary numSequencePoints="7" visitedSequencePoints="0" numBranchPoints="1" visitedBranchPoints="0" sequenceCoverage="0" branchCoverage="0" maxCyclomaticComplexity="2" minCyclomaticComplexity="2" maxCrapScore="6" minCrapScore="6" visitedClasses="0" numClasses="0" visitedMethods="0" numMethods="1" />
              <MetadataToken>100663470</MetadataToken>
              <Name>System.Void ExMat.Utils.ExUtils::ShallowAppend(System.Collections.Generic.List`1&lt;T&gt;,System.Collections.Generic.List`1&lt;T&gt;,System.Int32)</Name>
              <FileRef uid="15" />
              <SequencePoints>
                <SequencePoint vc="0" uspid="5500" ordinal="0" offset="0" sl="141" sc="9" el="141" ec="10" bec="0" bev="0" fileid="15" />
                <SequencePoint vc="0" uspid="5501" ordinal="1" offset="3" sl="143" sc="13" el="143" ec="14" bec="0" bev="0" fileid="15" />
                <SequencePoint vc="0" uspid="5502" ordinal="2" offset="4" sl="144" sc="17" el="144" ec="37" bec="0" bev="0" fileid="15" />
                <SequencePoint vc="0" uspid="5503" ordinal="3" offset="18" sl="145" sc="13" el="145" ec="14" bec="0" bev="0" fileid="15" />
                <SequencePoint vc="0" uspid="5504" ordinal="4" offset="19" sl="142" sc="40" el="142" ec="47" bec="0" bev="0" fileid="15" />
                <SequencePoint vc="0" uspid="5505" ordinal="5" offset="24" sl="142" sc="20" el="142" ec="38" bec="0" bev="0" fileid="15" />
                <SequencePoint vc="0" uspid="5506" ordinal="6" offset="37" sl="146" sc="9" el="146" ec="10" bec="0" bev="0" fileid="15" />
              </SequencePoints>
              <BranchPoints />
              <MethodPoint xsi:type="SequencePoint" vc="0" uspid="5500" ordinal="0" offset="0" sl="141" sc="9" el="141" ec="10" bec="0" bev="0" fileid="15" />
            </Method>
            <Method visited="true" cyclomaticComplexity="2" nPathComplexity="0" sequenceCoverage="100" branchCoverage="100" crapScore="2" isConstructor="false" isStatic="true" isGetter="false" isSetter="false">
              <Summary numSequencePoints="9" visitedSequencePoints="9" numBranchPoints="1" visitedBranchPoints="1" sequenceCoverage="100" branchCoverage="100" maxCyclomaticComplexity="2" minCyclomaticComplexity="2" maxCrapScore="2" minCrapScore="2" visitedClasses="0" numClasses="0" visitedMethods="1" numMethods="1" />
              <MetadataToken>100663471</MetadataToken>
              <Name>System.Void ExMat.Utils.ExUtils::InitList(System.Collections.Generic.List`1&lt;T&gt;&amp;,System.Int32)</Name>
              <FileRef uid="15" />
              <SequencePoints>
                <SequencePoint vc="8" uspid="5507" ordinal="0" offset="0" sl="155" sc="9" el="155" ec="10" bec="0" bev="0" fileid="15" />
                <SequencePoint vc="8" uspid="5508" ordinal="1" offset="1" sl="156" sc="13" el="156" ec="26" bec="0" bev="0" fileid="15" />
                <SequencePoint vc="8" uspid="5509" ordinal="2" offset="9" sl="157" sc="18" el="157" ec="27" bec="0" bev="0" fileid="15" />
                <SequencePoint vc="144" uspid="5510" ordinal="3" offset="13" sl="158" sc="13" el="158" ec="14" bec="0" bev="0" fileid="15" />
                <SequencePoint vc="144" uspid="5511" ordinal="4" offset="14" sl="159" sc="17" el="159" ec="32" bec="0" bev="0" fileid="15" />
                <SequencePoint vc="144" uspid="5512" ordinal="5" offset="27" sl="160" sc="13" el="160" ec="14" bec="0" bev="0" fileid="15" />
                <SequencePoint vc="144" uspid="5513" ordinal="6" offset="28" sl="157" sc="36" el="157" ec="39" bec="0" bev="0" fileid="15" />
                <SequencePoint vc="152" uspid="5514" ordinal="7" offset="32" sl="157" sc="29" el="157" ec="34" bec="0" bev="0" fileid="15" />
                <SequencePoint vc="8" uspid="5515" ordinal="8" offset="40" sl="161" sc="9" el="161" ec="10" bec="0" bev="0" fileid="15" />
              </SequencePoints>
              <BranchPoints />
              <MethodPoint xsi:type="SequencePoint" vc="8" uspid="5507" ordinal="0" offset="0" sl="155" sc="9" el="155" ec="10" bec="0" bev="0" fileid="15" />
            </Method>
            <Method visited="false" cyclomaticComplexity="2" nPathComplexity="0" sequenceCoverage="0" branchCoverage="0" crapScore="6" isConstructor="false" isStatic="true" isGetter="false" isSetter="false">
              <Summary numSequencePoints="9" visitedSequencePoints="0" numBranchPoints="1" visitedBranchPoints="0" sequenceCoverage="0" branchCoverage="0" maxCyclomaticComplexity="2" minCyclomaticComplexity="2" maxCrapScore="6" minCrapScore="6" visitedClasses="0" numClasses="0" visitedMethods="0" numMethods="1" />
              <MetadataToken>100663472</MetadataToken>
              <Name>System.Void ExMat.Utils.ExUtils::InitList(System.Collections.Generic.List`1&lt;ExMat.Objects.ExObject&gt;&amp;,System.Int32,ExMat.Objects.ExObject)</Name>
              <FileRef uid="15" />
              <SequencePoints>
                <SequencePoint vc="0" uspid="5516" ordinal="0" offset="0" sl="170" sc="9" el="170" ec="10" bec="0" bev="0" fileid="15" />
                <SequencePoint vc="0" uspid="5517" ordinal="1" offset="1" sl="171" sc="13" el="171" ec="26" bec="0" bev="0" fileid="15" />
                <SequencePoint vc="0" uspid="5518" ordinal="2" offset="9" sl="172" sc="18" el="172" ec="27" bec="0" bev="0" fileid="15" />
                <SequencePoint vc="0" uspid="5519" ordinal="3" offset="13" sl="173" sc="13" el="173" ec="14" bec="0" bev="0" fileid="15" />
                <SequencePoint vc="0" uspid="5520" ordinal="4" offset="14" sl="174" sc="17" el="174" ec="38" bec="0" bev="0" fileid="15" />
                <SequencePoint vc="0" uspid="5521" ordinal="5" offset="28" sl="175" sc="13" el="175" ec="14" bec="0" bev="0" fileid="15" />
                <SequencePoint vc="0" uspid="5522" ordinal="6" offset="29" sl="172" sc="36" el="172" ec="39" bec="0" bev="0" fileid="15" />
                <SequencePoint vc="0" uspid="5523" ordinal="7" offset="33" sl="172" sc="29" el="172" ec="34" bec="0" bev="0" fileid="15" />
                <SequencePoint vc="0" uspid="5524" ordinal="8" offset="41" sl="176" sc="9" el="176" ec="10" bec="0" bev="0" fileid="15" />
              </SequencePoints>
              <BranchPoints />
              <MethodPoint xsi:type="SequencePoint" vc="0" uspid="5516" ordinal="0" offset="0" sl="170" sc="9" el="170" ec="10" bec="0" bev="0" fileid="15" />
            </Method>
            <Method visited="false" cyclomaticComplexity="2" nPathComplexity="0" sequenceCoverage="0" branchCoverage="0" crapScore="6" isConstructor="false" isStatic="true" isGetter="false" isSetter="false">
              <Summary numSequencePoints="9" visitedSequencePoints="0" numBranchPoints="1" visitedBranchPoints="0" sequenceCoverage="0" branchCoverage="0" maxCyclomaticComplexity="2" minCyclomaticComplexity="2" maxCrapScore="6" minCrapScore="6" visitedClasses="0" numClasses="0" visitedMethods="0" numMethods="1" />
              <MetadataToken>100663473</MetadataToken>
              <Name>System.Void ExMat.Utils.ExUtils::ExpandListTo(System.Collections.Generic.List`1&lt;T&gt;,System.Int32)</Name>
              <FileRef uid="15" />
              <SequencePoints>
                <SequencePoint vc="0" uspid="5525" ordinal="0" offset="0" sl="185" sc="9" el="185" ec="10" bec="0" bev="0" fileid="15" />
                <SequencePoint vc="0" uspid="5526" ordinal="1" offset="1" sl="186" sc="13" el="186" ec="28" bec="0" bev="0" fileid="15" />
                <SequencePoint vc="0" uspid="5527" ordinal="2" offset="11" sl="187" sc="18" el="187" ec="27" bec="0" bev="0" fileid="15" />
                <SequencePoint vc="0" uspid="5528" ordinal="3" offset="15" sl="188" sc="13" el="188" ec="14" bec="0" bev="0" fileid="15" />
                <SequencePoint vc="0" uspid="5529" ordinal="4" offset="16" sl="189" sc="17" el="189" ec="32" bec="0" bev="0" fileid="15" />
                <SequencePoint vc="0" uspid="5530" ordinal="5" offset="28" sl="190" sc="13" el="190" ec="14" bec="0" bev="0" fileid="15" />
                <SequencePoint vc="0" uspid="5531" ordinal="6" offset="29" sl="187" sc="36" el="187" ec="39" bec="0" bev="0" fileid="15" />
                <SequencePoint vc="0" uspid="5532" ordinal="7" offset="33" sl="187" sc="29" el="187" ec="34" bec="0" bev="0" fileid="15" />
                <SequencePoint vc="0" uspid="5533" ordinal="8" offset="41" sl="191" sc="9" el="191" ec="10" bec="0" bev="0" fileid="15" />
              </SequencePoints>
              <BranchPoints />
              <MethodPoint xsi:type="SequencePoint" vc="0" uspid="5525" ordinal="0" offset="0" sl="185" sc="9" el="185" ec="10" bec="0" bev="0" fileid="15" />
            </Method>
          </Methods>
        </Class>
        <Class>
          <Summary numSequencePoints="2" visitedSequencePoints="0" numBranchPoints="2" visitedBranchPoints="0" sequenceCoverage="0" branchCoverage="0" maxCyclomaticComplexity="1" minCyclomaticComplexity="1" maxCrapScore="2" minCrapScore="2" visitedClasses="0" numClasses="1" visitedMethods="0" numMethods="2" />
          <FullName>ExMat.Utils.ExUtils/&lt;&gt;c</FullName>
          <Methods>
            <Method visited="false" cyclomaticComplexity="1" nPathComplexity="0" sequenceCoverage="0" branchCoverage="0" crapScore="2" isConstructor="true" isStatic="true" isGetter="false" isSetter="false">
              <Summary numSequencePoints="0" visitedSequencePoints="0" numBranchPoints="0" visitedBranchPoints="0" sequenceCoverage="0" branchCoverage="0" maxCyclomaticComplexity="1" minCyclomaticComplexity="1" maxCrapScore="2" minCrapScore="2" visitedClasses="0" numClasses="0" visitedMethods="0" numMethods="0" />
              <MetadataToken>100664124</MetadataToken>
              <Name>System.Void ExMat.Utils.ExUtils/&lt;&gt;c::.cctor()</Name>
              <SequencePoints />
              <BranchPoints />
              <MethodPoint vc="0" uspid="5534" ordinal="0" offset="0" />
            </Method>
            <Method visited="false" cyclomaticComplexity="1" nPathComplexity="0" sequenceCoverage="0" branchCoverage="0" crapScore="2" isConstructor="true" isStatic="false" isGetter="false" isSetter="false">
              <Summary numSequencePoints="0" visitedSequencePoints="0" numBranchPoints="0" visitedBranchPoints="0" sequenceCoverage="0" branchCoverage="0" maxCyclomaticComplexity="1" minCyclomaticComplexity="1" maxCrapScore="2" minCrapScore="2" visitedClasses="0" numClasses="0" visitedMethods="0" numMethods="0" />
              <MetadataToken>100664125</MetadataToken>
              <Name>System.Void ExMat.Utils.ExUtils/&lt;&gt;c::.ctor()</Name>
              <SequencePoints />
              <BranchPoints />
              <MethodPoint vc="0" uspid="5535" ordinal="0" offset="0" />
            </Method>
            <Method visited="false" cyclomaticComplexity="1" nPathComplexity="0" sequenceCoverage="0" branchCoverage="0" crapScore="2" isConstructor="false" isStatic="false" isGetter="false" isSetter="false">
              <Summary numSequencePoints="1" visitedSequencePoints="0" numBranchPoints="1" visitedBranchPoints="0" sequenceCoverage="0" branchCoverage="0" maxCyclomaticComplexity="1" minCyclomaticComplexity="1" maxCrapScore="2" minCrapScore="2" visitedClasses="0" numClasses="0" visitedMethods="0" numMethods="1" />
              <MetadataToken>100664126</MetadataToken>
              <Name>System.Boolean ExMat.Utils.ExUtils/&lt;&gt;c::&lt;GetOrderedNumericList&gt;b__0_0(ExMat.Objects.ExObject)</Name>
              <FileRef uid="15" />
              <SequencePoints>
                <SequencePoint vc="0" uspid="5536" ordinal="0" offset="0" sl="19" sc="35" el="19" ec="62" bec="0" bev="0" fileid="15" />
              </SequencePoints>
              <BranchPoints />
              <MethodPoint xsi:type="SequencePoint" vc="0" uspid="5536" ordinal="0" offset="0" sl="19" sc="35" el="19" ec="62" bec="0" bev="0" fileid="15" />
            </Method>
            <Method visited="false" cyclomaticComplexity="1" nPathComplexity="0" sequenceCoverage="0" branchCoverage="0" crapScore="2" isConstructor="false" isStatic="false" isGetter="false" isSetter="false">
              <Summary numSequencePoints="1" visitedSequencePoints="0" numBranchPoints="1" visitedBranchPoints="0" sequenceCoverage="0" branchCoverage="0" maxCyclomaticComplexity="1" minCyclomaticComplexity="1" maxCrapScore="2" minCrapScore="2" visitedClasses="0" numClasses="0" visitedMethods="0" numMethods="1" />
              <MetadataToken>100664127</MetadataToken>
              <Name>System.Double ExMat.Utils.ExUtils/&lt;&gt;c::&lt;GetOrderedNumericList&gt;b__0_1(ExMat.Objects.ExObject)</Name>
              <FileRef uid="15" />
              <SequencePoints>
                <SequencePoint vc="0" uspid="5537" ordinal="0" offset="0" sl="20" sc="35" el="20" ec="47" bec="0" bev="0" fileid="15" />
              </SequencePoints>
              <BranchPoints />
              <MethodPoint xsi:type="SequencePoint" vc="0" uspid="5537" ordinal="0" offset="0" sl="20" sc="35" el="20" ec="47" bec="0" bev="0" fileid="15" />
            </Method>
          </Methods>
        </Class>
        <Class>
          <Summary numSequencePoints="1" visitedSequencePoints="0" numBranchPoints="1" visitedBranchPoints="0" sequenceCoverage="0" branchCoverage="0" maxCyclomaticComplexity="1" minCyclomaticComplexity="1" maxCrapScore="2" minCrapScore="2" visitedClasses="0" numClasses="1" visitedMethods="0" numMethods="1" />
          <FullName>ExMat.Utils.ExUtils/&lt;&gt;c__DisplayClass5_0</FullName>
          <Methods>
            <Method visited="false" cyclomaticComplexity="1" nPathComplexity="0" sequenceCoverage="0" branchCoverage="0" crapScore="2" isConstructor="true" isStatic="false" isGetter="false" isSetter="false">
              <Summary numSequencePoints="0" visitedSequencePoints="0" numBranchPoints="0" visitedBranchPoints="0" sequenceCoverage="0" branchCoverage="0" maxCyclomaticComplexity="1" minCyclomaticComplexity="1" maxCrapScore="2" minCrapScore="2" visitedClasses="0" numClasses="0" visitedMethods="0" numMethods="0" />
              <MetadataToken>100664128</MetadataToken>
              <Name>System.Void ExMat.Utils.ExUtils/&lt;&gt;c__DisplayClass5_0::.ctor()</Name>
              <SequencePoints />
              <BranchPoints />
              <MethodPoint vc="0" uspid="5538" ordinal="0" offset="0" />
            </Method>
            <Method visited="false" cyclomaticComplexity="1" nPathComplexity="0" sequenceCoverage="0" branchCoverage="0" crapScore="2" isConstructor="false" isStatic="false" isGetter="false" isSetter="false">
              <Summary numSequencePoints="1" visitedSequencePoints="0" numBranchPoints="1" visitedBranchPoints="0" sequenceCoverage="0" branchCoverage="0" maxCyclomaticComplexity="1" minCyclomaticComplexity="1" maxCrapScore="2" minCrapScore="2" visitedClasses="0" numClasses="0" visitedMethods="0" numMethods="1" />
              <MetadataToken>100664129</MetadataToken>
              <Name>System.Int32 ExMat.Utils.ExUtils/&lt;&gt;c__DisplayClass5_0::&lt;ShuffleList&gt;b__0(ExMat.Objects.ExObject)</Name>
              <FileRef uid="15" />
              <SequencePoints>
                <SequencePoint vc="0" uspid="5539" ordinal="0" offset="0" sl="101" sc="64" el="101" ec="75" bec="0" bev="0" fileid="15" />
              </SequencePoints>
              <BranchPoints />
              <MethodPoint xsi:type="SequencePoint" vc="0" uspid="5539" ordinal="0" offset="0" sl="101" sc="64" el="101" ec="75" bec="0" bev="0" fileid="15" />
            </Method>
          </Methods>
        </Class>
        <Class>
          <Summary numSequencePoints="100" visitedSequencePoints="13" numBranchPoints="26" visitedBranchPoints="1" sequenceCoverage="13" branchCoverage="3.85" maxCyclomaticComplexity="7" minCyclomaticComplexity="1" maxCrapScore="56" minCrapScore="1" visitedClasses="1" numClasses="1" visitedMethods="1" numMethods="10" />
          <FullName>ExMat.FuncPrototype.ExPrototype</FullName>
          <Methods>
            <Method visited="false" cyclomaticComplexity="1" nPathComplexity="0" sequenceCoverage="0" branchCoverage="0" crapScore="2" isConstructor="false" isStatic="true" isGetter="false" isSetter="false">
              <Summary numSequencePoints="20" visitedSequencePoints="0" numBranchPoints="1" visitedBranchPoints="0" sequenceCoverage="0" branchCoverage="0" maxCyclomaticComplexity="1" minCyclomaticComplexity="1" maxCrapScore="2" minCrapScore="2" visitedClasses="0" numClasses="0" visitedMethods="0" numMethods="1" />
              <MetadataToken>100663474</MetadataToken>
              <Name>ExMat.FuncPrototype.ExPrototype ExMat.FuncPrototype.ExPrototype::Create(ExMat.States.ExSState,System.Int32,System.Int32,System.Int32,System.Int32,System.Int32,System.Int32,System.Int32,System.Int32)</Name>
              <FileRef uid="18" />
              <SequencePoints>
                <SequencePoint vc="0" uspid="5540" ordinal="0" offset="0" sl="118" sc="9" el="118" ec="10" bec="0" bev="0" fileid="18" />
                <SequencePoint vc="0" uspid="5541" ordinal="1" offset="1" sl="119" sc="13" el="119" ec="47" bec="0" bev="0" fileid="18" />
                <SequencePoint vc="0" uspid="5542" ordinal="2" offset="8" sl="121" sc="13" el="121" ec="37" bec="0" bev="0" fileid="18" />
                <SequencePoint vc="0" uspid="5543" ordinal="3" offset="15" sl="122" sc="13" el="122" ec="42" bec="0" bev="0" fileid="18" />
                <SequencePoint vc="0" uspid="5544" ordinal="4" offset="26" sl="124" sc="13" el="124" ec="35" bec="0" bev="0" fileid="18" />
                <SequencePoint vc="0" uspid="5545" ordinal="5" offset="33" sl="125" sc="13" el="125" ec="38" bec="0" bev="0" fileid="18" />
                <SequencePoint vc="0" uspid="5546" ordinal="6" offset="44" sl="127" sc="13" el="127" ec="37" bec="0" bev="0" fileid="18" />
                <SequencePoint vc="0" uspid="5547" ordinal="7" offset="52" sl="128" sc="13" el="128" ec="39" bec="0" bev="0" fileid="18" />
                <SequencePoint vc="0" uspid="5548" ordinal="8" offset="63" sl="130" sc="13" el="130" ec="39" bec="0" bev="0" fileid="18" />
                <SequencePoint vc="0" uspid="5549" ordinal="9" offset="70" sl="131" sc="13" el="131" ec="40" bec="0" bev="0" fileid="18" />
                <SequencePoint vc="0" uspid="5550" ordinal="10" offset="81" sl="133" sc="13" el="133" ec="39" bec="0" bev="0" fileid="18" />
                <SequencePoint vc="0" uspid="5551" ordinal="11" offset="89" sl="134" sc="13" el="134" ec="36" bec="0" bev="0" fileid="18" />
                <SequencePoint vc="0" uspid="5552" ordinal="12" offset="100" sl="136" sc="13" el="136" ec="45" bec="0" bev="0" fileid="18" />
                <SequencePoint vc="0" uspid="5553" ordinal="13" offset="108" sl="137" sc="13" el="137" ec="39" bec="0" bev="0" fileid="18" />
                <SequencePoint vc="0" uspid="5554" ordinal="14" offset="119" sl="139" sc="13" el="139" ec="47" bec="0" bev="0" fileid="18" />
                <SequencePoint vc="0" uspid="5555" ordinal="15" offset="127" sl="140" sc="13" el="140" ec="40" bec="0" bev="0" fileid="18" />
                <SequencePoint vc="0" uspid="5556" ordinal="16" offset="138" sl="142" sc="13" el="142" ec="53" bec="0" bev="0" fileid="18" />
                <SequencePoint vc="0" uspid="5557" ordinal="17" offset="146" sl="143" sc="13" el="143" ec="47" bec="0" bev="0" fileid="18" />
                <SequencePoint vc="0" uspid="5558" ordinal="18" offset="157" sl="145" sc="13" el="145" ec="28" bec="0" bev="0" fileid="18" />
                <SequencePoint vc="0" uspid="5559" ordinal="19" offset="161" sl="146" sc="9" el="146" ec="10" bec="0" bev="0" fileid="18" />
              </SequencePoints>
              <BranchPoints />
              <MethodPoint xsi:type="SequencePoint" vc="0" uspid="5540" ordinal="0" offset="0" sl="118" sc="9" el="118" ec="10" bec="0" bev="0" fileid="18" />
            </Method>
            <Method visited="true" cyclomaticComplexity="1" nPathComplexity="0" sequenceCoverage="100" branchCoverage="100" crapScore="1" isConstructor="true" isStatic="false" isGetter="false" isSetter="false">
              <Summary numSequencePoints="13" visitedSequencePoints="13" numBranchPoints="1" visitedBranchPoints="1" sequenceCoverage="100" branchCoverage="100" maxCyclomaticComplexity="1" minCyclomaticComplexity="1" maxCrapScore="1" minCrapScore="1" visitedClasses="0" numClasses="0" visitedMethods="1" numMethods="1" />
              <MetadataToken>100663475</MetadataToken>
              <Name>System.Void ExMat.FuncPrototype.ExPrototype::.ctor()</Name>
              <FileRef uid="18" />
              <SequencePoints>
                <SequencePoint vc="8" uspid="5560" ordinal="0" offset="0" sl="151" sc="9" el="151" ec="29" bec="0" bev="0" fileid="18" />
                <SequencePoint vc="8" uspid="5561" ordinal="1" offset="7" sl="152" sc="9" el="152" ec="10" bec="0" bev="0" fileid="18" />
                <SequencePoint vc="8" uspid="5562" ordinal="2" offset="8" sl="153" sc="13" el="153" ec="49" bec="0" bev="0" fileid="18" />
                <SequencePoint vc="8" uspid="5563" ordinal="3" offset="15" sl="155" sc="13" el="155" ec="27" bec="0" bev="0" fileid="18" />
                <SequencePoint vc="8" uspid="5564" ordinal="4" offset="22" sl="156" sc="13" el="156" ec="31" bec="0" bev="0" fileid="18" />
                <SequencePoint vc="8" uspid="5565" ordinal="5" offset="33" sl="157" sc="13" el="157" ec="34" bec="0" bev="0" fileid="18" />
                <SequencePoint vc="8" uspid="5566" ordinal="6" offset="44" sl="158" sc="13" el="158" ec="30" bec="0" bev="0" fileid="18" />
                <SequencePoint vc="8" uspid="5567" ordinal="7" offset="55" sl="159" sc="13" el="159" ec="32" bec="0" bev="0" fileid="18" />
                <SequencePoint vc="8" uspid="5568" ordinal="8" offset="66" sl="160" sc="13" el="160" ec="28" bec="0" bev="0" fileid="18" />
                <SequencePoint vc="8" uspid="5569" ordinal="9" offset="77" sl="161" sc="13" el="161" ec="32" bec="0" bev="0" fileid="18" />
                <SequencePoint vc="8" uspid="5570" ordinal="10" offset="88" sl="162" sc="13" el="162" ec="31" bec="0" bev="0" fileid="18" />
                <SequencePoint vc="8" uspid="5571" ordinal="11" offset="99" sl="163" sc="13" el="163" ec="39" bec="0" bev="0" fileid="18" />
                <SequencePoint vc="8" uspid="5572" ordinal="12" offset="110" sl="164" sc="9" el="164" ec="10" bec="0" bev="0" fileid="18" />
              </SequencePoints>
              <BranchPoints />
              <MethodPoint xsi:type="SequencePoint" vc="8" uspid="5560" ordinal="0" offset="0" sl="151" sc="9" el="151" ec="29" bec="0" bev="0" fileid="18" />
            </Method>
            <Method visited="false" cyclomaticComplexity="1" nPathComplexity="0" sequenceCoverage="0" branchCoverage="0" crapScore="2" isConstructor="true" isStatic="false" isGetter="false" isSetter="false">
              <Summary numSequencePoints="6" visitedSequencePoints="0" numBranchPoints="1" visitedBranchPoints="0" sequenceCoverage="0" branchCoverage="0" maxCyclomaticComplexity="1" minCyclomaticComplexity="1" maxCrapScore="2" minCrapScore="2" visitedClasses="0" numClasses="0" visitedMethods="0" numMethods="1" />
              <MetadataToken>100663476</MetadataToken>
              <Name>System.Void ExMat.FuncPrototype.ExPrototype::.ctor(ExMat.States.ExSState)</Name>
              <FileRef uid="18" />
              <SequencePoints>
                <SequencePoint vc="0" uspid="5573" ordinal="0" offset="0" sl="166" sc="9" el="166" ec="41" bec="0" bev="0" fileid="18" />
                <SequencePoint vc="0" uspid="5574" ordinal="1" offset="7" sl="167" sc="9" el="167" ec="10" bec="0" bev="0" fileid="18" />
                <SequencePoint vc="0" uspid="5575" ordinal="2" offset="8" sl="168" sc="13" el="168" ec="49" bec="0" bev="0" fileid="18" />
                <SequencePoint vc="0" uspid="5576" ordinal="3" offset="15" sl="169" sc="13" el="169" ec="27" bec="0" bev="0" fileid="18" />
                <SequencePoint vc="0" uspid="5577" ordinal="4" offset="22" sl="170" sc="13" el="170" ec="30" bec="0" bev="0" fileid="18" />
                <SequencePoint vc="0" uspid="5578" ordinal="5" offset="29" sl="171" sc="9" el="171" ec="10" bec="0" bev="0" fileid="18" />
              </SequencePoints>
              <BranchPoints />
              <MethodPoint xsi:type="SequencePoint" vc="0" uspid="5573" ordinal="0" offset="0" sl="166" sc="9" el="166" ec="41" bec="0" bev="0" fileid="18" />
            </Method>
            <Method visited="false" cyclomaticComplexity="1" nPathComplexity="0" sequenceCoverage="0" branchCoverage="0" crapScore="2" isConstructor="false" isStatic="false" isGetter="false" isSetter="false">
              <Summary numSequencePoints="3" visitedSequencePoints="0" numBranchPoints="1" visitedBranchPoints="0" sequenceCoverage="0" branchCoverage="0" maxCyclomaticComplexity="1" minCyclomaticComplexity="1" maxCrapScore="2" minCrapScore="2" visitedClasses="0" numClasses="0" visitedMethods="0" numMethods="1" />
              <MetadataToken>100663477</MetadataToken>
              <Name>System.String ExMat.FuncPrototype.ExPrototype::GetDebuggerDisplay()</Name>
              <FileRef uid="18" />
              <SequencePoints>
                <SequencePoint vc="0" uspid="5579" ordinal="0" offset="0" sl="175" sc="9" el="175" ec="10" bec="0" bev="0" fileid="18" />
                <SequencePoint vc="0" uspid="5580" ordinal="1" offset="1" sl="176" sc="13" el="176" ec="125" bec="0" bev="0" fileid="18" />
                <SequencePoint vc="0" uspid="5581" ordinal="2" offset="112" sl="177" sc="9" el="177" ec="10" bec="0" bev="0" fileid="18" />
              </SequencePoints>
              <BranchPoints />
              <MethodPoint xsi:type="SequencePoint" vc="0" uspid="5579" ordinal="0" offset="0" sl="175" sc="9" el="175" ec="10" bec="0" bev="0" fileid="18" />
            </Method>
            <Method visited="false" cyclomaticComplexity="7" nPathComplexity="64" sequenceCoverage="0" branchCoverage="0" crapScore="56" isConstructor="false" isStatic="false" isGetter="false" isSetter="false">
              <Summary numSequencePoints="27" visitedSequencePoints="0" numBranchPoints="13" visitedBranchPoints="0" sequenceCoverage="0" branchCoverage="0" maxCyclomaticComplexity="7" minCyclomaticComplexity="7" maxCrapScore="56" minCrapScore="56" visitedClasses="0" numClasses="0" visitedMethods="0" numMethods="1" />
              <MetadataToken>100663478</MetadataToken>
              <Name>ExMat.InfoVar.ExLineInfo ExMat.FuncPrototype.ExPrototype::FindLineInfo(System.Int32)</Name>
              <FileRef uid="18" />
              <SequencePoints>
                <SequencePoint vc="0" uspid="5582" ordinal="0" offset="0" sl="181" sc="9" el="181" ec="10" bec="0" bev="0" fileid="18" />
                <SequencePoint vc="0" uspid="5583" ordinal="1" offset="1" sl="182" sc="13" el="182" ec="37" bec="2" bev="0" fileid="18" />
                <SequencePoint vc="0" uspid="5584" ordinal="2" offset="19" sl="183" sc="13" el="183" ec="14" bec="0" bev="0" fileid="18" />
                <SequencePoint vc="0" uspid="5585" ordinal="3" offset="20" sl="184" sc="17" el="184" ec="57" bec="0" bev="0" fileid="18" />
                <SequencePoint vc="0" uspid="5586" ordinal="4" offset="46" sl="187" sc="13" el="187" ec="24" bec="0" bev="0" fileid="18" />
                <SequencePoint vc="0" uspid="5587" ordinal="5" offset="48" sl="187" sc="26" el="187" ec="33" bec="0" bev="0" fileid="18" />
                <SequencePoint vc="0" uspid="5588" ordinal="6" offset="50" sl="187" sc="35" el="187" ec="56" bec="0" bev="0" fileid="18" />
                <SequencePoint vc="0" uspid="5589" ordinal="7" offset="61" sl="190" sc="13" el="190" ec="14" bec="0" bev="0" fileid="18" />
                <SequencePoint vc="0" uspid="5590" ordinal="8" offset="62" sl="191" sc="17" el="191" ec="49" bec="0" bev="0" fileid="18" />
                <SequencePoint vc="0" uspid="5591" ordinal="9" offset="70" sl="192" sc="17" el="192" ec="51" bec="0" bev="0" fileid="18" />
                <SequencePoint vc="0" uspid="5592" ordinal="10" offset="89" sl="193" sc="17" el="193" ec="31" bec="2" bev="0" fileid="18" />
                <SequencePoint vc="0" uspid="5593" ordinal="11" offset="100" sl="194" sc="17" el="194" ec="18" bec="0" bev="0" fileid="18" />
                <SequencePoint vc="0" uspid="5594" ordinal="12" offset="101" sl="195" sc="21" el="195" ec="36" bec="0" bev="0" fileid="18" />
                <SequencePoint vc="0" uspid="5595" ordinal="13" offset="105" sl="196" sc="17" el="196" ec="18" bec="0" bev="0" fileid="18" />
                <SequencePoint vc="0" uspid="5596" ordinal="14" offset="108" sl="197" sc="22" el="197" ec="36" bec="2" bev="0" fileid="18" />
                <SequencePoint vc="0" uspid="5597" ordinal="15" offset="119" sl="198" sc="17" el="198" ec="18" bec="0" bev="0" fileid="18" />
                <SequencePoint vc="0" uspid="5598" ordinal="16" offset="120" sl="199" sc="21" el="199" ec="86" bec="4" bev="0" fileid="18" />
                <SequencePoint vc="0" uspid="5599" ordinal="17" offset="165" sl="200" sc="21" el="200" ec="22" bec="0" bev="0" fileid="18" />
                <SequencePoint vc="0" uspid="5600" ordinal="18" offset="166" sl="201" sc="25" el="201" ec="31" bec="0" bev="0" fileid="18" />
                <SequencePoint vc="0" uspid="5601" ordinal="19" offset="168" sl="203" sc="21" el="203" ec="35" bec="0" bev="0" fileid="18" />
                <SequencePoint vc="0" uspid="5602" ordinal="20" offset="172" sl="204" sc="17" el="204" ec="18" bec="0" bev="0" fileid="18" />
                <SequencePoint vc="0" uspid="5603" ordinal="21" offset="175" sl="206" sc="17" el="206" ec="18" bec="0" bev="0" fileid="18" />
                <SequencePoint vc="0" uspid="5604" ordinal="22" offset="176" sl="207" sc="21" el="207" ec="27" bec="0" bev="0" fileid="18" />
                <SequencePoint vc="0" uspid="5605" ordinal="23" offset="178" sl="209" sc="13" el="209" ec="14" bec="0" bev="0" fileid="18" />
                <SequencePoint vc="0" uspid="5606" ordinal="24" offset="179" sl="189" sc="13" el="189" ec="32" bec="2" bev="0" fileid="18" />
                <SequencePoint vc="0" uspid="5607" ordinal="25" offset="195" sl="211" sc="13" el="211" ec="35" bec="0" bev="0" fileid="18" />
                <SequencePoint vc="0" uspid="5608" ordinal="26" offset="211" sl="212" sc="9" el="212" ec="10" bec="0" bev="0" fileid="18" />
              </SequencePoints>
              <BranchPoints>
                <BranchPoint vc="0" uspid="5609" ordinal="0" offset="17" sl="182" path="0" offsetend="19" fileid="18" />
                <BranchPoint vc="0" uspid="5610" ordinal="1" offset="17" sl="182" path="1" offsetend="46" fileid="18" />
                <BranchPoint vc="0" uspid="5611" ordinal="2" offset="98" sl="193" path="0" offsetend="100" fileid="18" />
                <BranchPoint vc="0" uspid="5612" ordinal="3" offset="98" sl="193" path="1" offsetend="108" fileid="18" />
                <BranchPoint vc="0" uspid="5613" ordinal="4" offset="117" sl="197" path="0" offsetend="119" fileid="18" />
                <BranchPoint vc="0" uspid="5614" ordinal="5" offset="117" sl="197" path="1" offsetend="175" fileid="18" />
                <BranchPoint vc="0" uspid="5615" ordinal="6" offset="129" sl="199" path="0" offsetend="131" fileid="18" />
                <BranchPoint vc="0" uspid="5616" ordinal="7" offset="129" sl="199" path="1" offsetend="158" fileid="18" />
                <BranchPoint vc="0" uspid="5617" ordinal="8" offset="163" sl="199" path="0" offsetend="165" fileid="18" />
                <BranchPoint vc="0" uspid="5618" ordinal="9" offset="163" sl="199" path="1" offsetend="168" fileid="18" />
                <BranchPoint vc="0" uspid="5619" ordinal="10" offset="190" sl="189" path="0" offsetend="195" fileid="18" />
                <BranchPoint vc="0" uspid="5620" ordinal="11" offset="190" sl="189" path="1" offsetend="61" fileid="18" />
              </BranchPoints>
              <MethodPoint xsi:type="SequencePoint" vc="0" uspid="5582" ordinal="0" offset="0" sl="181" sc="9" el="181" ec="10" bec="0" bev="0" fileid="18" />
            </Method>
            <Method visited="false" cyclomaticComplexity="1" nPathComplexity="0" sequenceCoverage="0" branchCoverage="0" crapScore="2" isConstructor="false" isStatic="false" isGetter="false" isSetter="false">
              <Summary numSequencePoints="3" visitedSequencePoints="0" numBranchPoints="1" visitedBranchPoints="0" sequenceCoverage="0" branchCoverage="0" maxCyclomaticComplexity="1" minCyclomaticComplexity="1" maxCrapScore="2" minCrapScore="2" visitedClasses="0" numClasses="0" visitedMethods="0" numMethods="1" />
              <MetadataToken>100663479</MetadataToken>
              <Name>System.Boolean ExMat.FuncPrototype.ExPrototype::IsFunction()</Name>
              <FileRef uid="18" />
              <SequencePoints>
                <SequencePoint vc="0" uspid="5621" ordinal="0" offset="0" sl="219" sc="9" el="219" ec="10" bec="0" bev="0" fileid="18" />
                <SequencePoint vc="0" uspid="5622" ordinal="1" offset="1" sl="220" sc="13" el="220" ec="57" bec="0" bev="0" fileid="18" />
                <SequencePoint vc="0" uspid="5623" ordinal="2" offset="13" sl="221" sc="9" el="221" ec="10" bec="0" bev="0" fileid="18" />
              </SequencePoints>
              <BranchPoints />
              <MethodPoint xsi:type="SequencePoint" vc="0" uspid="5621" ordinal="0" offset="0" sl="219" sc="9" el="219" ec="10" bec="0" bev="0" fileid="18" />
            </Method>
            <Method visited="false" cyclomaticComplexity="1" nPathComplexity="0" sequenceCoverage="0" branchCoverage="0" crapScore="2" isConstructor="false" isStatic="false" isGetter="false" isSetter="false">
              <Summary numSequencePoints="3" visitedSequencePoints="0" numBranchPoints="1" visitedBranchPoints="0" sequenceCoverage="0" branchCoverage="0" maxCyclomaticComplexity="1" minCyclomaticComplexity="1" maxCrapScore="2" minCrapScore="2" visitedClasses="0" numClasses="0" visitedMethods="0" numMethods="1" />
              <MetadataToken>100663480</MetadataToken>
              <Name>System.Boolean ExMat.FuncPrototype.ExPrototype::IsCluster()</Name>
              <FileRef uid="18" />
              <SequencePoints>
                <SequencePoint vc="0" uspid="5624" ordinal="0" offset="0" sl="227" sc="9" el="227" ec="10" bec="0" bev="0" fileid="18" />
                <SequencePoint vc="0" uspid="5625" ordinal="1" offset="1" sl="228" sc="13" el="228" ec="57" bec="0" bev="0" fileid="18" />
                <SequencePoint vc="0" uspid="5626" ordinal="2" offset="13" sl="229" sc="9" el="229" ec="10" bec="0" bev="0" fileid="18" />
              </SequencePoints>
              <BranchPoints />
              <MethodPoint xsi:type="SequencePoint" vc="0" uspid="5624" ordinal="0" offset="0" sl="227" sc="9" el="227" ec="10" bec="0" bev="0" fileid="18" />
            </Method>
            <Method visited="false" cyclomaticComplexity="1" nPathComplexity="0" sequenceCoverage="0" branchCoverage="0" crapScore="2" isConstructor="false" isStatic="false" isGetter="false" isSetter="false">
              <Summary numSequencePoints="3" visitedSequencePoints="0" numBranchPoints="1" visitedBranchPoints="0" sequenceCoverage="0" branchCoverage="0" maxCyclomaticComplexity="1" minCyclomaticComplexity="1" maxCrapScore="2" minCrapScore="2" visitedClasses="0" numClasses="0" visitedMethods="0" numMethods="1" />
              <MetadataToken>100663481</MetadataToken>
              <Name>System.Boolean ExMat.FuncPrototype.ExPrototype::IsRule()</Name>
              <FileRef uid="18" />
              <SequencePoints>
                <SequencePoint vc="0" uspid="5627" ordinal="0" offset="0" sl="235" sc="9" el="235" ec="10" bec="0" bev="0" fileid="18" />
                <SequencePoint vc="0" uspid="5628" ordinal="1" offset="1" sl="236" sc="13" el="236" ec="54" bec="0" bev="0" fileid="18" />
                <SequencePoint vc="0" uspid="5629" ordinal="2" offset="13" sl="237" sc="9" el="237" ec="10" bec="0" bev="0" fileid="18" />
              </SequencePoints>
              <BranchPoints />
              <MethodPoint xsi:type="SequencePoint" vc="0" uspid="5627" ordinal="0" offset="0" sl="235" sc="9" el="235" ec="10" bec="0" bev="0" fileid="18" />
            </Method>
            <Method visited="false" cyclomaticComplexity="1" nPathComplexity="0" sequenceCoverage="0" branchCoverage="0" crapScore="2" isConstructor="false" isStatic="false" isGetter="false" isSetter="false">
              <Summary numSequencePoints="3" visitedSequencePoints="0" numBranchPoints="1" visitedBranchPoints="0" sequenceCoverage="0" branchCoverage="0" maxCyclomaticComplexity="1" minCyclomaticComplexity="1" maxCrapScore="2" minCrapScore="2" visitedClasses="0" numClasses="0" visitedMethods="0" numMethods="1" />
              <MetadataToken>100663482</MetadataToken>
              <Name>System.Boolean ExMat.FuncPrototype.ExPrototype::IsSequence()</Name>
              <FileRef uid="18" />
              <SequencePoints>
                <SequencePoint vc="0" uspid="5630" ordinal="0" offset="0" sl="243" sc="9" el="243" ec="10" bec="0" bev="0" fileid="18" />
                <SequencePoint vc="0" uspid="5631" ordinal="1" offset="1" sl="244" sc="13" el="244" ec="58" bec="0" bev="0" fileid="18" />
                <SequencePoint vc="0" uspid="5632" ordinal="2" offset="13" sl="245" sc="9" el="245" ec="10" bec="0" bev="0" fileid="18" />
              </SequencePoints>
              <BranchPoints />
              <MethodPoint xsi:type="SequencePoint" vc="0" uspid="5630" ordinal="0" offset="0" sl="243" sc="9" el="243" ec="10" bec="0" bev="0" fileid="18" />
            </Method>
            <Method visited="false" cyclomaticComplexity="3" nPathComplexity="4" sequenceCoverage="0" branchCoverage="0" crapScore="12" isConstructor="false" isStatic="false" isGetter="false" isSetter="false">
              <Summary numSequencePoints="19" visitedSequencePoints="0" numBranchPoints="5" visitedBranchPoints="0" sequenceCoverage="0" branchCoverage="0" maxCyclomaticComplexity="3" minCyclomaticComplexity="3" maxCrapScore="12" minCrapScore="12" visitedClasses="0" numClasses="0" visitedMethods="0" numMethods="1" />
              <MetadataToken>100663483</MetadataToken>
              <Name>System.Void ExMat.FuncPrototype.ExPrototype::Dispose(System.Boolean)</Name>
              <FileRef uid="18" />
              <SequencePoints>
                <SequencePoint vc="0" uspid="5633" ordinal="0" offset="0" sl="248" sc="9" el="248" ec="10" bec="0" bev="0" fileid="18" />
                <SequencePoint vc="0" uspid="5634" ordinal="1" offset="1" sl="249" sc="13" el="249" ec="36" bec="2" bev="0" fileid="18" />
                <SequencePoint vc="0" uspid="5635" ordinal="2" offset="14" sl="250" sc="13" el="250" ec="14" bec="0" bev="0" fileid="18" />
                <SequencePoint vc="0" uspid="5636" ordinal="3" offset="15" sl="251" sc="17" el="251" ec="24" bec="0" bev="0" fileid="18" />
                <SequencePoint vc="0" uspid="5637" ordinal="4" offset="20" sl="253" sc="13" el="253" ec="37" bec="0" bev="0" fileid="18" />
                <SequencePoint vc="0" uspid="5638" ordinal="5" offset="28" sl="255" sc="13" el="255" ec="53" bec="0" bev="0" fileid="18" />
                <SequencePoint vc="0" uspid="5639" ordinal="6" offset="58" sl="257" sc="13" el="257" ec="30" bec="0" bev="0" fileid="18" />
                <SequencePoint vc="0" uspid="5640" ordinal="7" offset="65" sl="258" sc="13" el="258" ec="38" bec="0" bev="0" fileid="18" />
                <SequencePoint vc="0" uspid="5641" ordinal="8" offset="72" sl="260" sc="13" el="260" ec="48" bec="0" bev="0" fileid="18" />
                <SequencePoint vc="0" uspid="5642" ordinal="9" offset="84" sl="261" sc="13" el="261" ec="52" bec="0" bev="0" fileid="18" />
                <SequencePoint vc="0" uspid="5643" ordinal="10" offset="96" sl="262" sc="13" el="262" ec="51" bec="0" bev="0" fileid="18" />
                <SequencePoint vc="0" uspid="5644" ordinal="11" offset="108" sl="263" sc="13" el="263" ec="52" bec="0" bev="0" fileid="18" />
                <SequencePoint vc="0" uspid="5645" ordinal="12" offset="120" sl="264" sc="13" el="264" ec="50" bec="0" bev="0" fileid="18" />
                <SequencePoint vc="0" uspid="5646" ordinal="13" offset="132" sl="266" sc="13" el="266" ec="38" bec="2" bev="0" fileid="18" />
                <SequencePoint vc="0" uspid="5647" ordinal="14" offset="145" sl="267" sc="13" el="267" ec="14" bec="0" bev="0" fileid="18" />
                <SequencePoint vc="0" uspid="5648" ordinal="15" offset="146" sl="268" sc="17" el="268" ec="38" bec="0" bev="0" fileid="18" />
                <SequencePoint vc="0" uspid="5649" ordinal="16" offset="158" sl="269" sc="17" el="269" ec="37" bec="0" bev="0" fileid="18" />
                <SequencePoint vc="0" uspid="5650" ordinal="17" offset="165" sl="270" sc="13" el="270" ec="14" bec="0" bev="0" fileid="18" />
                <SequencePoint vc="0" uspid="5651" ordinal="18" offset="166" sl="271" sc="9" el="271" ec="10" bec="0" bev="0" fileid="18" />
              </SequencePoints>
              <BranchPoints>
                <BranchPoint vc="0" uspid="5652" ordinal="0" offset="12" sl="249" path="0" offsetend="14" fileid="18" />
                <BranchPoint vc="0" uspid="5653" ordinal="1" offset="12" sl="249" path="1" offsetend="20" fileid="18" />
                <BranchPoint vc="0" uspid="5654" ordinal="2" offset="143" sl="266" path="0" offsetend="145" fileid="18" />
                <BranchPoint vc="0" uspid="5655" ordinal="3" offset="143" sl="266" path="1" offsetend="166" fileid="18" />
              </BranchPoints>
              <MethodPoint xsi:type="SequencePoint" vc="0" uspid="5633" ordinal="0" offset="0" sl="248" sc="9" el="248" ec="10" bec="0" bev="0" fileid="18" />
            </Method>
          </Methods>
        </Class>
        <Class>
          <Summary numSequencePoints="48" visitedSequencePoints="3" numBranchPoints="23" visitedBranchPoints="1" sequenceCoverage="6.25" branchCoverage="4.35" maxCyclomaticComplexity="5" minCyclomaticComplexity="1" maxCrapScore="30" minCrapScore="1" visitedClasses="1" numClasses="1" visitedMethods="1" numMethods="5" />
          <FullName>ExMat.Outer.ExOuter</FullName>
          <Methods>
            <Method visited="true" cyclomaticComplexity="1" nPathComplexity="0" sequenceCoverage="100" branchCoverage="100" crapScore="1" isConstructor="true" isStatic="false" isGetter="false" isSetter="false">
              <Summary numSequencePoints="3" visitedSequencePoints="3" numBranchPoints="1" visitedBranchPoints="1" sequenceCoverage="100" branchCoverage="100" maxCyclomaticComplexity="1" minCyclomaticComplexity="1" maxCrapScore="1" minCrapScore="1" visitedClasses="0" numClasses="0" visitedMethods="1" numMethods="1" />
              <MetadataToken>100663484</MetadataToken>
              <Name>System.Void ExMat.Outer.ExOuter::.ctor()</Name>
              <FileRef uid="19" />
              <SequencePoints>
                <SequencePoint vc="8" uspid="5656" ordinal="0" offset="0" sl="40" sc="9" el="40" ec="25" bec="0" bev="0" fileid="19" />
                <SequencePoint vc="8" uspid="5657" ordinal="1" offset="7" sl="41" sc="9" el="41" ec="10" bec="0" bev="0" fileid="19" />
                <SequencePoint vc="8" uspid="5658" ordinal="2" offset="8" sl="42" sc="9" el="42" ec="10" bec="0" bev="0" fileid="19" />
              </SequencePoints>
              <BranchPoints />
              <MethodPoint xsi:type="SequencePoint" vc="8" uspid="5656" ordinal="0" offset="0" sl="40" sc="9" el="40" ec="25" bec="0" bev="0" fileid="19" />
            </Method>
            <Method visited="false" cyclomaticComplexity="1" nPathComplexity="0" sequenceCoverage="0" branchCoverage="0" crapScore="2" isConstructor="false" isStatic="true" isGetter="false" isSetter="false">
              <Summary numSequencePoints="4" visitedSequencePoints="0" numBranchPoints="1" visitedBranchPoints="0" sequenceCoverage="0" branchCoverage="0" maxCyclomaticComplexity="1" minCyclomaticComplexity="1" maxCrapScore="2" minCrapScore="2" visitedClasses="0" numClasses="0" visitedMethods="0" numMethods="1" />
              <MetadataToken>100663485</MetadataToken>
              <Name>ExMat.Outer.ExOuter ExMat.Outer.ExOuter::Create(ExMat.States.ExSState,ExMat.Objects.ExObject)</Name>
              <FileRef uid="19" />
              <SequencePoints>
                <SequencePoint vc="0" uspid="5659" ordinal="0" offset="0" sl="50" sc="9" el="50" ec="10" bec="0" bev="0" fileid="19" />
                <SequencePoint vc="0" uspid="5660" ordinal="1" offset="1" sl="51" sc="13" el="51" ec="74" bec="0" bev="0" fileid="19" />
                <SequencePoint vc="0" uspid="5661" ordinal="2" offset="26" sl="52" sc="13" el="52" ec="24" bec="0" bev="0" fileid="19" />
                <SequencePoint vc="0" uspid="5662" ordinal="3" offset="30" sl="53" sc="9" el="53" ec="10" bec="0" bev="0" fileid="19" />
              </SequencePoints>
              <BranchPoints />
              <MethodPoint xsi:type="SequencePoint" vc="0" uspid="5659" ordinal="0" offset="0" sl="50" sc="9" el="50" ec="10" bec="0" bev="0" fileid="19" />
            </Method>
            <Method visited="false" cyclomaticComplexity="5" nPathComplexity="16" sequenceCoverage="0" branchCoverage="0" crapScore="30" isConstructor="false" isStatic="false" isGetter="false" isSetter="false">
              <Summary numSequencePoints="21" visitedSequencePoints="0" numBranchPoints="9" visitedBranchPoints="0" sequenceCoverage="0" branchCoverage="0" maxCyclomaticComplexity="5" minCyclomaticComplexity="5" maxCrapScore="30" minCrapScore="30" visitedClasses="0" numClasses="0" visitedMethods="0" numMethods="1" />
              <MetadataToken>100663486</MetadataToken>
              <Name>System.Void ExMat.Outer.ExOuter::Release()</Name>
              <FileRef uid="19" />
              <SequencePoints>
                <SequencePoint vc="0" uspid="5663" ordinal="0" offset="0" sl="58" sc="9" el="58" ec="10" bec="0" bev="0" fileid="19" />
                <SequencePoint vc="0" uspid="5664" ordinal="1" offset="1" sl="59" sc="13" el="59" ec="39" bec="2" bev="0" fileid="19" />
                <SequencePoint vc="0" uspid="5665" ordinal="2" offset="25" sl="60" sc="13" el="60" ec="14" bec="0" bev="0" fileid="19" />
                <SequencePoint vc="0" uspid="5666" ordinal="3" offset="26" sl="61" sc="17" el="61" ec="28" bec="0" bev="0" fileid="19" />
                <SequencePoint vc="0" uspid="5667" ordinal="4" offset="33" sl="62" sc="17" el="62" ec="38" bec="2" bev="0" fileid="19" />
                <SequencePoint vc="0" uspid="5668" ordinal="5" offset="46" sl="63" sc="17" el="63" ec="18" bec="0" bev="0" fileid="19" />
                <SequencePoint vc="0" uspid="5669" ordinal="6" offset="47" sl="64" sc="21" el="64" ec="40" bec="0" bev="0" fileid="19" />
                <SequencePoint vc="0" uspid="5670" ordinal="7" offset="59" sl="65" sc="17" el="65" ec="18" bec="0" bev="0" fileid="19" />
                <SequencePoint vc="0" uspid="5671" ordinal="8" offset="60" sl="66" sc="17" el="66" ec="36" bec="0" bev="0" fileid="19" />
                <SequencePoint vc="0" uspid="5672" ordinal="9" offset="67" sl="67" sc="17" el="67" ec="35" bec="2" bev="0" fileid="19" />
                <SequencePoint vc="0" uspid="5673" ordinal="10" offset="80" sl="68" sc="17" el="68" ec="18" bec="0" bev="0" fileid="19" />
                <SequencePoint vc="0" uspid="5674" ordinal="11" offset="81" sl="69" sc="21" el="69" ec="41" bec="0" bev="0" fileid="19" />
                <SequencePoint vc="0" uspid="5675" ordinal="12" offset="98" sl="70" sc="21" el="70" ec="34" bec="0" bev="0" fileid="19" />
                <SequencePoint vc="0" uspid="5676" ordinal="13" offset="105" sl="71" sc="17" el="71" ec="18" bec="0" bev="0" fileid="19" />
                <SequencePoint vc="0" uspid="5677" ordinal="14" offset="106" sl="72" sc="17" el="72" ec="35" bec="2" bev="0" fileid="19" />
                <SequencePoint vc="0" uspid="5678" ordinal="15" offset="121" sl="73" sc="17" el="73" ec="18" bec="0" bev="0" fileid="19" />
                <SequencePoint vc="0" uspid="5679" ordinal="16" offset="122" sl="74" sc="21" el="74" ec="41" bec="0" bev="0" fileid="19" />
                <SequencePoint vc="0" uspid="5680" ordinal="17" offset="139" sl="75" sc="21" el="75" ec="34" bec="0" bev="0" fileid="19" />
                <SequencePoint vc="0" uspid="5681" ordinal="18" offset="146" sl="76" sc="17" el="76" ec="18" bec="0" bev="0" fileid="19" />
                <SequencePoint vc="0" uspid="5682" ordinal="19" offset="147" sl="77" sc="13" el="77" ec="14" bec="0" bev="0" fileid="19" />
                <SequencePoint vc="0" uspid="5683" ordinal="20" offset="148" sl="78" sc="9" el="78" ec="10" bec="0" bev="0" fileid="19" />
              </SequencePoints>
              <BranchPoints>
                <BranchPoint vc="0" uspid="5684" ordinal="0" offset="23" sl="59" path="0" offsetend="25" fileid="19" />
                <BranchPoint vc="0" uspid="5685" ordinal="1" offset="23" sl="59" path="1" offsetend="148" fileid="19" />
                <BranchPoint vc="0" uspid="5686" ordinal="2" offset="44" sl="62" path="0" offsetend="46" fileid="19" />
                <BranchPoint vc="0" uspid="5687" ordinal="3" offset="44" sl="62" path="1" offsetend="60" fileid="19" />
                <BranchPoint vc="0" uspid="5688" ordinal="4" offset="78" sl="67" path="0" offsetend="80" fileid="19" />
                <BranchPoint vc="0" uspid="5689" ordinal="5" offset="78" sl="67" path="1" offsetend="106" fileid="19" />
                <BranchPoint vc="0" uspid="5690" ordinal="6" offset="119" sl="72" path="0" offsetend="121" fileid="19" />
                <BranchPoint vc="0" uspid="5691" ordinal="7" offset="119" sl="72" path="1" offsetend="147" fileid="19" />
              </BranchPoints>
              <MethodPoint xsi:type="SequencePoint" vc="0" uspid="5663" ordinal="0" offset="0" sl="58" sc="9" el="58" ec="10" bec="0" bev="0" fileid="19" />
            </Method>
            <Method visited="false" cyclomaticComplexity="4" nPathComplexity="4" sequenceCoverage="0" branchCoverage="0" crapScore="20" isConstructor="false" isStatic="false" isGetter="false" isSetter="false">
              <Summary numSequencePoints="3" visitedSequencePoints="0" numBranchPoints="5" visitedBranchPoints="0" sequenceCoverage="0" branchCoverage="0" maxCyclomaticComplexity="4" minCyclomaticComplexity="4" maxCrapScore="20" minCrapScore="20" visitedClasses="0" numClasses="0" visitedMethods="0" numMethods="1" />
              <MetadataToken>100663487</MetadataToken>
              <Name>System.String ExMat.Outer.ExOuter::GetDebuggerDisplay()</Name>
              <FileRef uid="19" />
              <SequencePoints>
                <SequencePoint vc="0" uspid="5692" ordinal="0" offset="0" sl="82" sc="9" el="82" ec="10" bec="0" bev="0" fileid="19" />
                <SequencePoint vc="0" uspid="5693" ordinal="1" offset="1" sl="83" sc="13" el="83" ec="100" bec="4" bev="0" fileid="19" />
                <SequencePoint vc="0" uspid="5694" ordinal="2" offset="99" sl="84" sc="9" el="84" ec="10" bec="0" bev="0" fileid="19" />
              </SequencePoints>
              <BranchPoints>
                <BranchPoint vc="0" uspid="5695" ordinal="0" offset="45" sl="83" path="0" offsetend="47" fileid="19" />
                <BranchPoint vc="0" uspid="5696" ordinal="1" offset="45" sl="83" path="1" offsetend="65" fileid="19" />
                <BranchPoint vc="0" uspid="5697" ordinal="2" offset="71" sl="83" path="0" offsetend="73" fileid="19" />
                <BranchPoint vc="0" uspid="5698" ordinal="3" offset="71" sl="83" path="1" offsetend="77" fileid="19" />
              </BranchPoints>
              <MethodPoint xsi:type="SequencePoint" vc="0" uspid="5692" ordinal="0" offset="0" sl="82" sc="9" el="82" ec="10" bec="0" bev="0" fileid="19" />
            </Method>
            <Method visited="false" cyclomaticComplexity="4" nPathComplexity="8" sequenceCoverage="0" branchCoverage="0" crapScore="20" isConstructor="false" isStatic="false" isGetter="false" isSetter="false">
              <Summary numSequencePoints="17" visitedSequencePoints="0" numBranchPoints="7" visitedBranchPoints="0" sequenceCoverage="0" branchCoverage="0" maxCyclomaticComplexity="4" minCyclomaticComplexity="4" maxCrapScore="20" minCrapScore="20" visitedClasses="0" numClasses="0" visitedMethods="0" numMethods="1" />
              <MetadataToken>100663488</MetadataToken>
              <Name>System.Void ExMat.Outer.ExOuter::Dispose(System.Boolean)</Name>
              <FileRef uid="19" />
              <SequencePoints>
                <SequencePoint vc="0" uspid="5699" ordinal="0" offset="0" sl="88" sc="9" el="88" ec="10" bec="0" bev="0" fileid="19" />
                <SequencePoint vc="0" uspid="5700" ordinal="1" offset="1" sl="89" sc="13" el="89" ec="36" bec="2" bev="0" fileid="19" />
                <SequencePoint vc="0" uspid="5701" ordinal="2" offset="14" sl="90" sc="13" el="90" ec="14" bec="0" bev="0" fileid="19" />
                <SequencePoint vc="0" uspid="5702" ordinal="3" offset="15" sl="91" sc="17" el="91" ec="24" bec="0" bev="0" fileid="19" />
                <SequencePoint vc="0" uspid="5703" ordinal="4" offset="17" sl="93" sc="13" el="93" ec="37" bec="0" bev="0" fileid="19" />
                <SequencePoint vc="0" uspid="5704" ordinal="5" offset="25" sl="95" sc="13" el="95" ec="49" bec="0" bev="0" fileid="19" />
                <SequencePoint vc="0" uspid="5705" ordinal="6" offset="46" sl="97" sc="13" el="97" ec="31" bec="2" bev="0" fileid="19" />
                <SequencePoint vc="0" uspid="5706" ordinal="7" offset="59" sl="98" sc="13" el="98" ec="14" bec="0" bev="0" fileid="19" />
                <SequencePoint vc="0" uspid="5707" ordinal="8" offset="60" sl="99" sc="17" el="99" ec="37" bec="0" bev="0" fileid="19" />
                <SequencePoint vc="0" uspid="5708" ordinal="9" offset="77" sl="100" sc="17" el="100" ec="30" bec="0" bev="0" fileid="19" />
                <SequencePoint vc="0" uspid="5709" ordinal="10" offset="84" sl="101" sc="13" el="101" ec="14" bec="0" bev="0" fileid="19" />
                <SequencePoint vc="0" uspid="5710" ordinal="11" offset="85" sl="102" sc="13" el="102" ec="31" bec="2" bev="0" fileid="19" />
                <SequencePoint vc="0" uspid="5711" ordinal="12" offset="98" sl="103" sc="13" el="103" ec="14" bec="0" bev="0" fileid="19" />
                <SequencePoint vc="0" uspid="5712" ordinal="13" offset="99" sl="104" sc="17" el="104" ec="37" bec="0" bev="0" fileid="19" />
                <SequencePoint vc="0" uspid="5713" ordinal="14" offset="116" sl="105" sc="17" el="105" ec="30" bec="0" bev="0" fileid="19" />
                <SequencePoint vc="0" uspid="5714" ordinal="15" offset="123" sl="106" sc="13" el="106" ec="14" bec="0" bev="0" fileid="19" />
                <SequencePoint vc="0" uspid="5715" ordinal="16" offset="124" sl="108" sc="9" el="108" ec="10" bec="0" bev="0" fileid="19" />
              </SequencePoints>
              <BranchPoints>
                <BranchPoint vc="0" uspid="5716" ordinal="0" offset="12" sl="89" path="0" offsetend="14" fileid="19" />
                <BranchPoint vc="0" uspid="5717" ordinal="1" offset="12" sl="89" path="1" offsetend="17" fileid="19" />
                <BranchPoint vc="0" uspid="5718" ordinal="2" offset="57" sl="97" path="0" offsetend="59" fileid="19" />
                <BranchPoint vc="0" uspid="5719" ordinal="3" offset="57" sl="97" path="1" offsetend="85" fileid="19" />
                <BranchPoint vc="0" uspid="5720" ordinal="4" offset="96" sl="102" path="0" offsetend="98" fileid="19" />
                <BranchPoint vc="0" uspid="5721" ordinal="5" offset="96" sl="102" path="1" offsetend="124" fileid="19" />
              </BranchPoints>
              <MethodPoint xsi:type="SequencePoint" vc="0" uspid="5699" ordinal="0" offset="0" sl="88" sc="9" el="88" ec="10" bec="0" bev="0" fileid="19" />
            </Method>
          </Methods>
        </Class>
        <Class>
          <Summary numSequencePoints="852" visitedSequencePoints="0" numBranchPoints="454" visitedBranchPoints="0" sequenceCoverage="0" branchCoverage="0" maxCyclomaticComplexity="28" minCyclomaticComplexity="1" maxCrapScore="812" minCrapScore="2" visitedClasses="0" numClasses="1" visitedMethods="0" numMethods="53" />
          <FullName>ExMat.Lexer.ExLexer</FullName>
          <Methods>
            <Method visited="false" cyclomaticComplexity="1" nPathComplexity="0" sequenceCoverage="0" branchCoverage="0" crapScore="2" isConstructor="true" isStatic="false" isGetter="false" isSetter="false">
              <Summary numSequencePoints="12" visitedSequencePoints="0" numBranchPoints="1" visitedBranchPoints="0" sequenceCoverage="0" branchCoverage="0" maxCyclomaticComplexity="1" minCyclomaticComplexity="1" maxCrapScore="2" minCrapScore="2" visitedClasses="0" numClasses="0" visitedMethods="0" numMethods="1" />
              <MetadataToken>100663489</MetadataToken>
              <Name>System.Void ExMat.Lexer.ExLexer::.ctor(System.String)</Name>
              <FileRef uid="20" />
              <SequencePoints>
                <SequencePoint vc="0" uspid="5722" ordinal="0" offset="0" sl="96" sc="9" el="133" ec="11" bec="0" bev="0" fileid="20" />
                <SequencePoint vc="0" uspid="5723" ordinal="1" offset="504" sl="135" sc="9" el="135" ec="38" bec="0" bev="0" fileid="20" />
                <SequencePoint vc="0" uspid="5724" ordinal="2" offset="511" sl="136" sc="9" el="136" ec="10" bec="0" bev="0" fileid="20" />
                <SequencePoint vc="0" uspid="5725" ordinal="3" offset="512" sl="137" sc="13" el="137" ec="31" bec="0" bev="0" fileid="20" />
                <SequencePoint vc="0" uspid="5726" ordinal="4" offset="519" sl="138" sc="13" el="138" ec="29" bec="0" bev="0" fileid="20" />
                <SequencePoint vc="0" uspid="5727" ordinal="5" offset="526" sl="139" sc="13" el="139" ec="28" bec="0" bev="0" fileid="20" />
                <SequencePoint vc="0" uspid="5728" ordinal="6" offset="533" sl="140" sc="13" el="140" ec="48" bec="0" bev="0" fileid="20" />
                <SequencePoint vc="0" uspid="5729" ordinal="7" offset="541" sl="142" sc="13" el="142" ec="30" bec="0" bev="0" fileid="20" />
                <SequencePoint vc="0" uspid="5730" ordinal="8" offset="548" sl="143" sc="13" el="143" ec="29" bec="0" bev="0" fileid="20" />
                <SequencePoint vc="0" uspid="5731" ordinal="9" offset="555" sl="144" sc="13" el="144" ec="41" bec="0" bev="0" fileid="20" />
                <SequencePoint vc="0" uspid="5732" ordinal="10" offset="567" sl="146" sc="13" el="146" ec="24" bec="0" bev="0" fileid="20" />
                <SequencePoint vc="0" uspid="5733" ordinal="11" offset="575" sl="147" sc="9" el="147" ec="10" bec="0" bev="0" fileid="20" />
              </SequencePoints>
              <BranchPoints />
              <MethodPoint xsi:type="SequencePoint" vc="0" uspid="5722" ordinal="0" offset="0" sl="96" sc="9" el="133" ec="11" bec="0" bev="0" fileid="20" />
            </Method>
            <Method visited="false" cyclomaticComplexity="1" nPathComplexity="0" sequenceCoverage="0" branchCoverage="0" crapScore="2" isConstructor="true" isStatic="false" isGetter="false" isSetter="false">
              <Summary numSequencePoints="17" visitedSequencePoints="0" numBranchPoints="1" visitedBranchPoints="0" sequenceCoverage="0" branchCoverage="0" maxCyclomaticComplexity="1" minCyclomaticComplexity="1" maxCrapScore="2" minCrapScore="2" visitedClasses="0" numClasses="0" visitedMethods="0" numMethods="1" />
              <MetadataToken>100663490</MetadataToken>
              <Name>System.Void ExMat.Lexer.ExLexer::.ctor(System.String,System.Int32,System.Char,System.Int32,ExMat.Token.TokenType,System.Int32,System.String)</Name>
              <FileRef uid="20" />
              <SequencePoints>
                <SequencePoint vc="0" uspid="5734" ordinal="0" offset="0" sl="96" sc="9" el="133" ec="11" bec="0" bev="0" fileid="20" />
                <SequencePoint vc="0" uspid="5735" ordinal="1" offset="504" sl="149" sc="9" el="149" ec="149" bec="0" bev="0" fileid="20" />
                <SequencePoint vc="0" uspid="5736" ordinal="2" offset="511" sl="150" sc="9" el="150" ec="10" bec="0" bev="0" fileid="20" />
                <SequencePoint vc="0" uspid="5737" ordinal="3" offset="512" sl="151" sc="13" el="151" ec="31" bec="0" bev="0" fileid="20" />
                <SequencePoint vc="0" uspid="5738" ordinal="4" offset="519" sl="152" sc="13" el="152" ec="29" bec="0" bev="0" fileid="20" />
                <SequencePoint vc="0" uspid="5739" ordinal="5" offset="526" sl="153" sc="13" el="153" ec="28" bec="0" bev="0" fileid="20" />
                <SequencePoint vc="0" uspid="5740" ordinal="6" offset="533" sl="154" sc="13" el="154" ec="48" bec="0" bev="0" fileid="20" />
                <SequencePoint vc="0" uspid="5741" ordinal="7" offset="541" sl="156" sc="13" el="156" ec="30" bec="0" bev="0" fileid="20" />
                <SequencePoint vc="0" uspid="5742" ordinal="8" offset="548" sl="157" sc="13" el="157" ec="29" bec="0" bev="0" fileid="20" />
                <SequencePoint vc="0" uspid="5743" ordinal="9" offset="555" sl="158" sc="13" el="158" ec="41" bec="0" bev="0" fileid="20" />
                <SequencePoint vc="0" uspid="5744" ordinal="10" offset="567" sl="159" sc="13" el="159" ec="37" bec="0" bev="0" fileid="20" />
                <SequencePoint vc="0" uspid="5745" ordinal="11" offset="574" sl="160" sc="13" el="160" ec="39" bec="0" bev="0" fileid="20" />
                <SequencePoint vc="0" uspid="5746" ordinal="12" offset="581" sl="161" sc="13" el="161" ec="37" bec="0" bev="0" fileid="20" />
                <SequencePoint vc="0" uspid="5747" ordinal="13" offset="589" sl="162" sc="13" el="162" ec="35" bec="0" bev="0" fileid="20" />
                <SequencePoint vc="0" uspid="5748" ordinal="14" offset="597" sl="163" sc="13" el="163" ec="43" bec="0" bev="0" fileid="20" />
                <SequencePoint vc="0" uspid="5749" ordinal="15" offset="605" sl="164" sc="13" el="164" ec="48" bec="0" bev="0" fileid="20" />
                <SequencePoint vc="0" uspid="5750" ordinal="16" offset="618" sl="165" sc="9" el="165" ec="10" bec="0" bev="0" fileid="20" />
              </SequencePoints>
              <BranchPoints />
              <MethodPoint xsi:type="SequencePoint" vc="0" uspid="5734" ordinal="0" offset="0" sl="96" sc="9" el="133" ec="11" bec="0" bev="0" fileid="20" />
            </Method>
            <Method visited="false" cyclomaticComplexity="1" nPathComplexity="0" sequenceCoverage="0" branchCoverage="0" crapScore="2" isConstructor="false" isStatic="false" isGetter="false" isSetter="false">
              <Summary numSequencePoints="3" visitedSequencePoints="0" numBranchPoints="1" visitedBranchPoints="0" sequenceCoverage="0" branchCoverage="0" maxCyclomaticComplexity="1" minCyclomaticComplexity="1" maxCrapScore="2" minCrapScore="2" visitedClasses="0" numClasses="0" visitedMethods="0" numMethods="1" />
              <MetadataToken>100663491</MetadataToken>
              <Name>ExMat.Lexer.ExLexer ExMat.Lexer.ExLexer::GetCopy()</Name>
              <FileRef uid="20" />
              <SequencePoints>
                <SequencePoint vc="0" uspid="5751" ordinal="0" offset="0" sl="168" sc="9" el="168" ec="10" bec="0" bev="0" fileid="20" />
                <SequencePoint vc="0" uspid="5752" ordinal="1" offset="1" sl="169" sc="13" el="175" ec="50" bec="0" bev="0" fileid="20" />
                <SequencePoint vc="0" uspid="5753" ordinal="2" offset="56" sl="176" sc="9" el="176" ec="10" bec="0" bev="0" fileid="20" />
              </SequencePoints>
              <BranchPoints />
              <MethodPoint xsi:type="SequencePoint" vc="0" uspid="5751" ordinal="0" offset="0" sl="168" sc="9" el="168" ec="10" bec="0" bev="0" fileid="20" />
            </Method>
            <Method visited="false" cyclomaticComplexity="3" nPathComplexity="2" sequenceCoverage="0" branchCoverage="0" crapScore="12" isConstructor="false" isStatic="false" isGetter="false" isSetter="false">
              <Summary numSequencePoints="6" visitedSequencePoints="0" numBranchPoints="3" visitedBranchPoints="0" sequenceCoverage="0" branchCoverage="0" maxCyclomaticComplexity="3" minCyclomaticComplexity="3" maxCrapScore="12" minCrapScore="12" visitedClasses="0" numClasses="0" visitedMethods="0" numMethods="1" />
              <MetadataToken>100663492</MetadataToken>
              <Name>System.Void ExMat.Lexer.ExLexer::SkipComment()</Name>
              <FileRef uid="20" />
              <SequencePoints>
                <SequencePoint vc="0" uspid="5754" ordinal="0" offset="0" sl="179" sc="9" el="179" ec="10" bec="0" bev="0" fileid="20" />
                <SequencePoint vc="0" uspid="5755" ordinal="1" offset="1" sl="181" sc="13" el="181" ec="14" bec="0" bev="0" fileid="20" />
                <SequencePoint vc="0" uspid="5756" ordinal="2" offset="2" sl="182" sc="17" el="182" ec="28" bec="0" bev="0" fileid="20" />
                <SequencePoint vc="0" uspid="5757" ordinal="3" offset="10" sl="183" sc="13" el="183" ec="14" bec="0" bev="0" fileid="20" />
                <SequencePoint vc="0" uspid="5758" ordinal="4" offset="11" sl="183" sc="15" el="183" ec="69" bec="2" bev="0" fileid="20" />
                <SequencePoint vc="0" uspid="5759" ordinal="5" offset="34" sl="184" sc="9" el="184" ec="10" bec="0" bev="0" fileid="20" />
              </SequencePoints>
              <BranchPoints>
                <BranchPoint vc="0" uspid="5760" ordinal="0" offset="21" sl="183" path="0" offsetend="23" fileid="20" />
                <BranchPoint vc="0" uspid="5761" ordinal="1" offset="21" sl="183" path="1" offsetend="29" fileid="20" />
              </BranchPoints>
              <MethodPoint xsi:type="SequencePoint" vc="0" uspid="5754" ordinal="0" offset="0" sl="179" sc="9" el="179" ec="10" bec="0" bev="0" fileid="20" />
            </Method>
            <Method visited="false" cyclomaticComplexity="6" nPathComplexity="32" sequenceCoverage="0" branchCoverage="0" crapScore="42" isConstructor="false" isStatic="false" isGetter="false" isSetter="false">
              <Summary numSequencePoints="26" visitedSequencePoints="0" numBranchPoints="11" visitedBranchPoints="0" sequenceCoverage="0" branchCoverage="0" maxCyclomaticComplexity="6" minCyclomaticComplexity="6" maxCrapScore="42" minCrapScore="42" visitedClasses="0" numClasses="0" visitedMethods="0" numMethods="1" />
              <MetadataToken>100663493</MetadataToken>
              <Name>System.Boolean ExMat.Lexer.ExLexer::SkipBlockComment()</Name>
              <FileRef uid="20" />
              <SequencePoints>
                <SequencePoint vc="0" uspid="5762" ordinal="0" offset="0" sl="187" sc="9" el="187" ec="10" bec="0" bev="0" fileid="20" />
                <SequencePoint vc="0" uspid="5763" ordinal="1" offset="1" sl="188" sc="13" el="188" ec="35" bec="0" bev="0" fileid="20" />
                <SequencePoint vc="0" uspid="5764" ordinal="2" offset="5" sl="190" sc="13" el="190" ec="14" bec="0" bev="0" fileid="20" />
                <SequencePoint vc="0" uspid="5765" ordinal="3" offset="6" sl="191" sc="17" el="191" ec="37" bec="6" bev="0" fileid="20" />
                <SequencePoint vc="0" uspid="5766" ordinal="4" offset="34" sl="194" sc="25" el="194" ec="26" bec="0" bev="0" fileid="20" />
                <SequencePoint vc="0" uspid="5767" ordinal="5" offset="35" sl="195" sc="29" el="195" ec="40" bec="0" bev="0" fileid="20" />
                <SequencePoint vc="0" uspid="5768" ordinal="6" offset="43" sl="196" sc="29" el="196" ec="52" bec="2" bev="0" fileid="20" />
                <SequencePoint vc="0" uspid="5769" ordinal="7" offset="57" sl="197" sc="29" el="197" ec="30" bec="0" bev="0" fileid="20" />
                <SequencePoint vc="0" uspid="5770" ordinal="8" offset="58" sl="198" sc="33" el="198" ec="49" bec="0" bev="0" fileid="20" />
                <SequencePoint vc="0" uspid="5771" ordinal="9" offset="60" sl="199" sc="33" el="199" ec="44" bec="0" bev="0" fileid="20" />
                <SequencePoint vc="0" uspid="5772" ordinal="10" offset="68" sl="200" sc="29" el="200" ec="30" bec="0" bev="0" fileid="20" />
                <SequencePoint vc="0" uspid="5773" ordinal="11" offset="69" sl="201" sc="29" el="201" ec="38" bec="0" bev="0" fileid="20" />
                <SequencePoint vc="0" uspid="5774" ordinal="12" offset="71" sl="204" sc="25" el="204" ec="26" bec="0" bev="0" fileid="20" />
                <SequencePoint vc="0" uspid="5775" ordinal="13" offset="72" sl="205" sc="29" el="205" ec="43" bec="0" bev="0" fileid="20" />
                <SequencePoint vc="0" uspid="5776" ordinal="14" offset="86" sl="206" sc="29" el="206" ec="40" bec="0" bev="0" fileid="20" />
                <SequencePoint vc="0" uspid="5777" ordinal="15" offset="94" sl="207" sc="29" el="207" ec="38" bec="0" bev="0" fileid="20" />
                <SequencePoint vc="0" uspid="5778" ordinal="16" offset="96" sl="210" sc="25" el="210" ec="26" bec="0" bev="0" fileid="20" />
                <SequencePoint vc="0" uspid="5779" ordinal="17" offset="97" sl="211" sc="29" el="211" ec="87" bec="0" bev="0" fileid="20" />
                <SequencePoint vc="0" uspid="5780" ordinal="18" offset="108" sl="212" sc="29" el="212" ec="42" bec="0" bev="0" fileid="20" />
                <SequencePoint vc="0" uspid="5781" ordinal="19" offset="113" sl="215" sc="25" el="215" ec="26" bec="0" bev="0" fileid="20" />
                <SequencePoint vc="0" uspid="5782" ordinal="20" offset="114" sl="216" sc="29" el="216" ec="40" bec="0" bev="0" fileid="20" />
                <SequencePoint vc="0" uspid="5783" ordinal="21" offset="122" sl="217" sc="29" el="217" ec="35" bec="0" bev="0" fileid="20" />
                <SequencePoint vc="0" uspid="5784" ordinal="22" offset="124" sl="220" sc="13" el="220" ec="14" bec="0" bev="0" fileid="20" />
                <SequencePoint vc="0" uspid="5785" ordinal="23" offset="125" sl="189" sc="13" el="189" ec="30" bec="2" bev="0" fileid="20" />
                <SequencePoint vc="0" uspid="5786" ordinal="24" offset="138" sl="221" sc="13" el="221" ec="25" bec="0" bev="0" fileid="20" />
                <SequencePoint vc="0" uspid="5787" ordinal="25" offset="143" sl="222" sc="9" el="222" ec="10" bec="0" bev="0" fileid="20" />
              </SequencePoints>
              <BranchPoints>
                <BranchPoint vc="0" uspid="5788" ordinal="0" offset="16" sl="191" path="0" offsetchain="18" offsetend="20" fileid="20" />
                <BranchPoint vc="0" uspid="5789" ordinal="1" offset="16" sl="191" path="1" offsetend="96" fileid="20" />
                <BranchPoint vc="0" uspid="5790" ordinal="2" offset="23" sl="191" path="0" offsetchain="25" offsetend="27" fileid="20" />
                <BranchPoint vc="0" uspid="5791" ordinal="3" offset="23" sl="191" path="1" offsetend="71" fileid="20" />
                <BranchPoint vc="0" uspid="5792" ordinal="4" offset="30" sl="191" path="0" offsetchain="32" offsetend="113" fileid="20" />
                <BranchPoint vc="0" uspid="5793" ordinal="5" offset="30" sl="191" path="1" offsetend="34" fileid="20" />
                <BranchPoint vc="0" uspid="5794" ordinal="6" offset="55" sl="196" path="0" offsetend="57" fileid="20" />
                <BranchPoint vc="0" uspid="5795" ordinal="7" offset="55" sl="196" path="1" offsetchain="69" offsetend="125" fileid="20" />
                <BranchPoint vc="0" uspid="5796" ordinal="8" offset="133" sl="189" path="0" offsetend="138" fileid="20" />
                <BranchPoint vc="0" uspid="5797" ordinal="9" offset="133" sl="189" path="1" offsetend="5" fileid="20" />
              </BranchPoints>
              <MethodPoint xsi:type="SequencePoint" vc="0" uspid="5762" ordinal="0" offset="0" sl="187" sc="9" el="187" ec="10" bec="0" bev="0" fileid="20" />
            </Method>
            <Method visited="false" cyclomaticComplexity="3" nPathComplexity="2" sequenceCoverage="0" branchCoverage="0" crapScore="12" isConstructor="false" isStatic="false" isGetter="false" isSetter="false">
              <Summary numSequencePoints="13" visitedSequencePoints="0" numBranchPoints="3" visitedBranchPoints="0" sequenceCoverage="0" branchCoverage="0" maxCyclomaticComplexity="3" minCyclomaticComplexity="3" maxCrapScore="12" minCrapScore="12" visitedClasses="0" numClasses="0" visitedMethods="0" numMethods="1" />
              <MetadataToken>100663494</MetadataToken>
              <Name>System.Void ExMat.Lexer.ExLexer::NextChar(System.Int32)</Name>
              <FileRef uid="20" />
              <SequencePoints>
                <SequencePoint vc="0" uspid="5798" ordinal="0" offset="0" sl="225" sc="9" el="225" ec="10" bec="0" bev="0" fileid="20" />
                <SequencePoint vc="0" uspid="5799" ordinal="1" offset="3" sl="227" sc="13" el="227" ec="14" bec="0" bev="0" fileid="20" />
                <SequencePoint vc="0" uspid="5800" ordinal="2" offset="4" sl="228" sc="17" el="228" ec="48" bec="2" bev="0" fileid="20" />
                <SequencePoint vc="0" uspid="5801" ordinal="3" offset="22" sl="229" sc="17" el="229" ec="18" bec="0" bev="0" fileid="20" />
                <SequencePoint vc="0" uspid="5802" ordinal="4" offset="23" sl="230" sc="21" el="230" ec="49" bec="0" bev="0" fileid="20" />
                <SequencePoint vc="0" uspid="5803" ordinal="5" offset="30" sl="231" sc="21" el="231" ec="27" bec="0" bev="0" fileid="20" />
                <SequencePoint vc="0" uspid="5804" ordinal="6" offset="32" sl="234" sc="17" el="234" ec="18" bec="0" bev="0" fileid="20" />
                <SequencePoint vc="0" uspid="5805" ordinal="7" offset="33" sl="235" sc="21" el="235" ec="58" bec="0" bev="0" fileid="20" />
                <SequencePoint vc="0" uspid="5806" ordinal="8" offset="67" sl="236" sc="21" el="236" ec="34" bec="0" bev="0" fileid="20" />
                <SequencePoint vc="0" uspid="5807" ordinal="9" offset="81" sl="237" sc="17" el="237" ec="18" bec="0" bev="0" fileid="20" />
                <SequencePoint vc="0" uspid="5808" ordinal="10" offset="82" sl="238" sc="13" el="238" ec="14" bec="0" bev="0" fileid="20" />
                <SequencePoint vc="0" uspid="5809" ordinal="11" offset="83" sl="226" sc="13" el="226" ec="28" bec="0" bev="0" fileid="20" />
                <SequencePoint vc="0" uspid="5810" ordinal="12" offset="96" sl="239" sc="9" el="239" ec="10" bec="0" bev="0" fileid="20" />
              </SequencePoints>
              <BranchPoints>
                <BranchPoint vc="0" uspid="5811" ordinal="0" offset="20" sl="228" path="0" offsetend="22" fileid="20" />
                <BranchPoint vc="0" uspid="5812" ordinal="1" offset="20" sl="228" path="1" offsetend="32" fileid="20" />
              </BranchPoints>
              <MethodPoint xsi:type="SequencePoint" vc="0" uspid="5798" ordinal="0" offset="0" sl="225" sc="9" el="225" ec="10" bec="0" bev="0" fileid="20" />
            </Method>
            <Method visited="false" cyclomaticComplexity="1" nPathComplexity="0" sequenceCoverage="0" branchCoverage="0" crapScore="2" isConstructor="false" isStatic="false" isGetter="false" isSetter="false">
              <Summary numSequencePoints="5" visitedSequencePoints="0" numBranchPoints="1" visitedBranchPoints="0" sequenceCoverage="0" branchCoverage="0" maxCyclomaticComplexity="1" minCyclomaticComplexity="1" maxCrapScore="2" minCrapScore="2" visitedClasses="0" numClasses="0" visitedMethods="0" numMethods="1" />
              <MetadataToken>100663495</MetadataToken>
              <Name>ExMat.Token.TokenType ExMat.Lexer.ExLexer::SetAndReturnToken(ExMat.Token.TokenType)</Name>
              <FileRef uid="20" />
              <SequencePoints>
                <SequencePoint vc="0" uspid="5813" ordinal="0" offset="0" sl="242" sc="9" el="242" ec="10" bec="0" bev="0" fileid="20" />
                <SequencePoint vc="0" uspid="5814" ordinal="1" offset="1" sl="243" sc="13" el="243" ec="35" bec="0" bev="0" fileid="20" />
                <SequencePoint vc="0" uspid="5815" ordinal="2" offset="13" sl="244" sc="13" el="244" ec="29" bec="0" bev="0" fileid="20" />
                <SequencePoint vc="0" uspid="5816" ordinal="3" offset="20" sl="245" sc="13" el="245" ec="24" bec="0" bev="0" fileid="20" />
                <SequencePoint vc="0" uspid="5817" ordinal="4" offset="24" sl="246" sc="9" el="246" ec="10" bec="0" bev="0" fileid="20" />
              </SequencePoints>
              <BranchPoints />
              <MethodPoint xsi:type="SequencePoint" vc="0" uspid="5813" ordinal="0" offset="0" sl="242" sc="9" el="242" ec="10" bec="0" bev="0" fileid="20" />
            </Method>
            <Method visited="false" cyclomaticComplexity="5" nPathComplexity="8" sequenceCoverage="0" branchCoverage="0" crapScore="30" isConstructor="false" isStatic="false" isGetter="false" isSetter="false">
              <Summary numSequencePoints="21" visitedSequencePoints="0" numBranchPoints="7" visitedBranchPoints="0" sequenceCoverage="0" branchCoverage="0" maxCyclomaticComplexity="5" minCyclomaticComplexity="5" maxCrapScore="30" minCrapScore="30" visitedClasses="0" numClasses="0" visitedMethods="0" numMethods="1" />
              <MetadataToken>100663496</MetadataToken>
              <Name>ExMat.Token.TokenType ExMat.Lexer.ExLexer::ReadSpaceDimInt(System.Char)</Name>
              <FileRef uid="20" />
              <SequencePoints>
                <SequencePoint vc="0" uspid="5818" ordinal="0" offset="0" sl="249" sc="9" el="249" ec="10" bec="0" bev="0" fileid="20" />
                <SequencePoint vc="0" uspid="5819" ordinal="1" offset="1" sl="250" sc="13" el="250" ec="32" bec="2" bev="0" fileid="20" />
                <SequencePoint vc="0" uspid="5820" ordinal="2" offset="15" sl="251" sc="13" el="251" ec="14" bec="0" bev="0" fileid="20" />
                <SequencePoint vc="0" uspid="5821" ordinal="3" offset="16" sl="252" sc="17" el="252" ec="67" bec="0" bev="0" fileid="20" />
                <SequencePoint vc="0" uspid="5822" ordinal="4" offset="27" sl="253" sc="17" el="253" ec="42" bec="0" bev="0" fileid="20" />
                <SequencePoint vc="0" uspid="5823" ordinal="5" offset="34" sl="255" sc="13" el="255" ec="50" bec="0" bev="0" fileid="20" />
                <SequencePoint vc="0" uspid="5824" ordinal="6" offset="52" sl="256" sc="13" el="256" ec="36" bec="2" bev="0" fileid="20" />
                <SequencePoint vc="0" uspid="5825" ordinal="7" offset="66" sl="257" sc="13" el="257" ec="14" bec="0" bev="0" fileid="20" />
                <SequencePoint vc="0" uspid="5826" ordinal="8" offset="67" sl="258" sc="17" el="258" ec="40" bec="0" bev="0" fileid="20" />
                <SequencePoint vc="0" uspid="5827" ordinal="9" offset="75" sl="260" sc="17" el="260" ec="18" bec="0" bev="0" fileid="20" />
                <SequencePoint vc="0" uspid="5828" ordinal="10" offset="76" sl="261" sc="21" el="261" ec="52" bec="0" bev="0" fileid="20" />
                <SequencePoint vc="0" uspid="5829" ordinal="11" offset="89" sl="263" sc="21" el="263" ec="63" bec="2" bev="0" fileid="20" />
                <SequencePoint vc="0" uspid="5830" ordinal="12" offset="112" sl="264" sc="21" el="264" ec="22" bec="0" bev="0" fileid="20" />
                <SequencePoint vc="0" uspid="5831" ordinal="13" offset="113" sl="265" sc="25" el="265" ec="50" bec="0" bev="0" fileid="20" />
                <SequencePoint vc="0" uspid="5832" ordinal="14" offset="117" sl="267" sc="21" el="267" ec="51" bec="0" bev="0" fileid="20" />
                <SequencePoint vc="0" uspid="5833" ordinal="15" offset="130" sl="268" sc="17" el="268" ec="18" bec="0" bev="0" fileid="20" />
                <SequencePoint vc="0" uspid="5834" ordinal="16" offset="131" sl="259" sc="17" el="259" ec="43" bec="0" bev="0" fileid="20" />
                <SequencePoint vc="0" uspid="5835" ordinal="17" offset="147" sl="269" sc="17" el="269" ec="35" bec="0" bev="0" fileid="20" />
                <SequencePoint vc="0" uspid="5836" ordinal="18" offset="154" sl="270" sc="13" el="270" ec="14" bec="0" bev="0" fileid="20" />
                <SequencePoint vc="0" uspid="5837" ordinal="19" offset="155" sl="271" sc="13" el="271" ec="36" bec="0" bev="0" fileid="20" />
                <SequencePoint vc="0" uspid="5838" ordinal="20" offset="163" sl="272" sc="9" el="272" ec="10" bec="0" bev="0" fileid="20" />
              </SequencePoints>
              <BranchPoints>
                <BranchPoint vc="0" uspid="5839" ordinal="0" offset="13" sl="250" path="0" offsetend="15" fileid="20" />
                <BranchPoint vc="0" uspid="5840" ordinal="1" offset="13" sl="250" path="1" offsetend="34" fileid="20" />
                <BranchPoint vc="0" uspid="5841" ordinal="2" offset="64" sl="256" path="0" offsetend="66" fileid="20" />
                <BranchPoint vc="0" uspid="5842" ordinal="3" offset="64" sl="256" path="1" offsetend="155" fileid="20" />
                <BranchPoint vc="0" uspid="5843" ordinal="4" offset="110" sl="263" path="0" offsetend="112" fileid="20" />
                <BranchPoint vc="0" uspid="5844" ordinal="5" offset="110" sl="263" path="1" offsetend="117" fileid="20" />
              </BranchPoints>
              <MethodPoint xsi:type="SequencePoint" vc="0" uspid="5818" ordinal="0" offset="0" sl="249" sc="9" el="249" ec="10" bec="0" bev="0" fileid="20" />
            </Method>
            <Method visited="false" cyclomaticComplexity="4" nPathComplexity="4" sequenceCoverage="0" branchCoverage="0" crapScore="20" isConstructor="false" isStatic="false" isGetter="false" isSetter="false">
              <Summary numSequencePoints="17" visitedSequencePoints="0" numBranchPoints="5" visitedBranchPoints="0" sequenceCoverage="0" branchCoverage="0" maxCyclomaticComplexity="4" minCyclomaticComplexity="4" maxCrapScore="20" minCrapScore="20" visitedClasses="0" numClasses="0" visitedMethods="0" numMethods="1" />
              <MetadataToken>100663497</MetadataToken>
              <Name>ExMat.Token.TokenType ExMat.Lexer.ExLexer::ReadSpaceDimAdd(System.Char,System.Char)</Name>
              <FileRef uid="20" />
              <SequencePoints>
                <SequencePoint vc="0" uspid="5845" ordinal="0" offset="0" sl="275" sc="9" el="275" ec="10" bec="0" bev="0" fileid="20" />
                <SequencePoint vc="0" uspid="5846" ordinal="1" offset="1" sl="276" sc="13" el="276" ec="41" bec="2" bev="0" fileid="20" />
                <SequencePoint vc="0" uspid="5847" ordinal="2" offset="11" sl="277" sc="13" el="277" ec="14" bec="0" bev="0" fileid="20" />
                <SequencePoint vc="0" uspid="5848" ordinal="3" offset="12" sl="278" sc="17" el="278" ec="41" bec="0" bev="0" fileid="20" />
                <SequencePoint vc="0" uspid="5849" ordinal="4" offset="24" sl="279" sc="13" el="279" ec="14" bec="0" bev="0" fileid="20" />
                <SequencePoint vc="0" uspid="5850" ordinal="5" offset="25" sl="281" sc="13" el="281" ec="35" bec="0" bev="0" fileid="20" />
                <SequencePoint vc="0" uspid="5851" ordinal="6" offset="29" sl="283" sc="13" el="283" ec="14" bec="0" bev="0" fileid="20" />
                <SequencePoint vc="0" uspid="5852" ordinal="7" offset="30" sl="284" sc="17" el="284" ec="82" bec="0" bev="0" fileid="20" />
                <SequencePoint vc="0" uspid="5853" ordinal="8" offset="70" sl="286" sc="17" el="286" ec="60" bec="2" bev="0" fileid="20" />
                <SequencePoint vc="0" uspid="5854" ordinal="9" offset="91" sl="287" sc="17" el="287" ec="18" bec="0" bev="0" fileid="20" />
                <SequencePoint vc="0" uspid="5855" ordinal="10" offset="92" sl="288" sc="21" el="288" ec="46" bec="0" bev="0" fileid="20" />
                <SequencePoint vc="0" uspid="5856" ordinal="11" offset="96" sl="290" sc="17" el="290" ec="47" bec="0" bev="0" fileid="20" />
                <SequencePoint vc="0" uspid="5857" ordinal="12" offset="109" sl="291" sc="13" el="291" ec="14" bec="0" bev="0" fileid="20" />
                <SequencePoint vc="0" uspid="5858" ordinal="13" offset="110" sl="282" sc="13" el="282" ec="39" bec="0" bev="0" fileid="20" />
                <SequencePoint vc="0" uspid="5859" ordinal="14" offset="126" sl="292" sc="13" el="292" ec="31" bec="0" bev="0" fileid="20" />
                <SequencePoint vc="0" uspid="5860" ordinal="15" offset="133" sl="293" sc="13" el="293" ec="36" bec="0" bev="0" fileid="20" />
                <SequencePoint vc="0" uspid="5861" ordinal="16" offset="141" sl="294" sc="9" el="294" ec="10" bec="0" bev="0" fileid="20" />
              </SequencePoints>
              <BranchPoints>
                <BranchPoint vc="0" uspid="5862" ordinal="0" offset="9" sl="276" path="0" offsetend="11" fileid="20" />
                <BranchPoint vc="0" uspid="5863" ordinal="1" offset="9" sl="276" path="1" offsetend="25" fileid="20" />
                <BranchPoint vc="0" uspid="5864" ordinal="2" offset="89" sl="286" path="0" offsetend="91" fileid="20" />
                <BranchPoint vc="0" uspid="5865" ordinal="3" offset="89" sl="286" path="1" offsetend="96" fileid="20" />
              </BranchPoints>
              <MethodPoint xsi:type="SequencePoint" vc="0" uspid="5845" ordinal="0" offset="0" sl="275" sc="9" el="275" ec="10" bec="0" bev="0" fileid="20" />
            </Method>
            <Method visited="false" cyclomaticComplexity="8" nPathComplexity="128" sequenceCoverage="0" branchCoverage="0" crapScore="72" isConstructor="false" isStatic="false" isGetter="false" isSetter="false">
              <Summary numSequencePoints="30" visitedSequencePoints="0" numBranchPoints="15" visitedBranchPoints="0" sequenceCoverage="0" branchCoverage="0" maxCyclomaticComplexity="8" minCyclomaticComplexity="8" maxCrapScore="72" minCrapScore="72" visitedClasses="0" numClasses="0" visitedMethods="0" numMethods="1" />
              <MetadataToken>100663498</MetadataToken>
              <Name>ExMat.Token.TokenType ExMat.Lexer.ExLexer::ReadSpaceDim(System.Char)</Name>
              <FileRef uid="20" />
              <SequencePoints>
                <SequencePoint vc="0" uspid="5866" ordinal="0" offset="0" sl="297" sc="9" el="297" ec="10" bec="0" bev="0" fileid="20" />
                <SequencePoint vc="0" uspid="5867" ordinal="1" offset="1" sl="298" sc="13" el="298" ec="24" bec="0" bev="0" fileid="20" />
                <SequencePoint vc="0" uspid="5868" ordinal="2" offset="9" sl="299" sc="13" el="299" ec="41" bec="0" bev="0" fileid="20" />
                <SequencePoint vc="0" uspid="5869" ordinal="3" offset="16" sl="300" sc="13" el="300" ec="45" bec="2" bev="0" fileid="20" />
                <SequencePoint vc="0" uspid="5870" ordinal="4" offset="41" sl="303" sc="21" el="303" ec="22" bec="0" bev="0" fileid="20" />
                <SequencePoint vc="0" uspid="5871" ordinal="5" offset="42" sl="304" sc="25" el="304" ec="73" bec="2" bev="0" fileid="20" />
                <SequencePoint vc="0" uspid="5872" ordinal="6" offset="56" sl="305" sc="25" el="305" ec="26" bec="0" bev="0" fileid="20" />
                <SequencePoint vc="0" uspid="5873" ordinal="7" offset="57" sl="306" sc="29" el="306" ec="54" bec="0" bev="0" fileid="20" />
                <SequencePoint vc="0" uspid="5874" ordinal="8" offset="65" sl="308" sc="25" el="308" ec="31" bec="0" bev="0" fileid="20" />
                <SequencePoint vc="0" uspid="5875" ordinal="9" offset="67" sl="311" sc="21" el="311" ec="22" bec="0" bev="0" fileid="20" />
                <SequencePoint vc="0" uspid="5876" ordinal="10" offset="68" sl="312" sc="25" el="312" ec="75" bec="4" bev="0" fileid="20" />
                <SequencePoint vc="0" uspid="5877" ordinal="11" offset="93" sl="313" sc="25" el="313" ec="26" bec="0" bev="0" fileid="20" />
                <SequencePoint vc="0" uspid="5878" ordinal="12" offset="94" sl="314" sc="29" el="314" ec="53" bec="0" bev="0" fileid="20" />
                <SequencePoint vc="0" uspid="5879" ordinal="13" offset="106" sl="315" sc="29" el="315" ec="56" bec="0" bev="0" fileid="20" />
                <SequencePoint vc="0" uspid="5880" ordinal="14" offset="117" sl="316" sc="29" el="316" ec="52" bec="0" bev="0" fileid="20" />
                <SequencePoint vc="0" uspid="5881" ordinal="15" offset="126" sl="318" sc="30" el="318" ec="53" bec="2" bev="0" fileid="20" />
                <SequencePoint vc="0" uspid="5882" ordinal="16" offset="142" sl="319" sc="25" el="319" ec="26" bec="0" bev="0" fileid="20" />
                <SequencePoint vc="0" uspid="5883" ordinal="17" offset="143" sl="320" sc="29" el="320" ec="87" bec="2" bev="0" fileid="20" />
                <SequencePoint vc="0" uspid="5884" ordinal="18" offset="160" sl="321" sc="29" el="321" ec="30" bec="0" bev="0" fileid="20" />
                <SequencePoint vc="0" uspid="5885" ordinal="19" offset="161" sl="322" sc="33" el="322" ec="58" bec="0" bev="0" fileid="20" />
                <SequencePoint vc="0" uspid="5886" ordinal="20" offset="166" sl="324" sc="29" el="324" ec="35" bec="0" bev="0" fileid="20" />
                <SequencePoint vc="0" uspid="5887" ordinal="21" offset="168" sl="327" sc="25" el="327" ec="26" bec="0" bev="0" fileid="20" />
                <SequencePoint vc="0" uspid="5888" ordinal="22" offset="169" sl="328" sc="29" el="328" ec="75" bec="0" bev="0" fileid="20" />
                <SequencePoint vc="0" uspid="5889" ordinal="23" offset="180" sl="329" sc="29" el="329" ec="54" bec="0" bev="0" fileid="20" />
                <SequencePoint vc="0" uspid="5890" ordinal="24" offset="185" sl="333" sc="13" el="333" ec="38" bec="2" bev="0" fileid="20" />
                <SequencePoint vc="0" uspid="5891" ordinal="25" offset="203" sl="334" sc="13" el="334" ec="14" bec="0" bev="0" fileid="20" />
                <SequencePoint vc="0" uspid="5892" ordinal="26" offset="204" sl="335" sc="17" el="335" ec="100" bec="0" bev="0" fileid="20" />
                <SequencePoint vc="0" uspid="5893" ordinal="27" offset="232" sl="336" sc="17" el="336" ec="42" bec="0" bev="0" fileid="20" />
                <SequencePoint vc="0" uspid="5894" ordinal="28" offset="237" sl="338" sc="13" el="338" ec="36" bec="0" bev="0" fileid="20" />
                <SequencePoint vc="0" uspid="5895" ordinal="29" offset="246" sl="339" sc="9" el="339" ec="10" bec="0" bev="0" fileid="20" />
              </SequencePoints>
              <BranchPoints>
                <BranchPoint vc="0" uspid="5896" ordinal="0" offset="37" sl="300" path="0" offsetchain="39" offsetend="67" fileid="20" />
                <BranchPoint vc="0" uspid="5897" ordinal="1" offset="37" sl="300" path="1" offsetend="41" fileid="20" />
                <BranchPoint vc="0" uspid="5898" ordinal="2" offset="54" sl="304" path="0" offsetend="56" fileid="20" />
                <BranchPoint vc="0" uspid="5899" ordinal="3" offset="54" sl="304" path="1" offsetchain="65" offsetend="185" fileid="20" />
                <BranchPoint vc="0" uspid="5900" ordinal="4" offset="76" sl="312" path="0" offsetend="78" fileid="20" />
                <BranchPoint vc="0" uspid="5901" ordinal="5" offset="76" sl="312" path="1" offsetend="86" fileid="20" />
                <BranchPoint vc="0" uspid="5902" ordinal="6" offset="91" sl="312" path="0" offsetend="93" fileid="20" />
                <BranchPoint vc="0" uspid="5903" ordinal="7" offset="91" sl="312" path="1" offsetend="126" fileid="20" />
                <BranchPoint vc="0" uspid="5904" ordinal="8" offset="140" sl="318" path="0" offsetend="142" fileid="20" />
                <BranchPoint vc="0" uspid="5905" ordinal="9" offset="140" sl="318" path="1" offsetend="168" fileid="20" />
                <BranchPoint vc="0" uspid="5906" ordinal="10" offset="158" sl="320" path="0" offsetend="160" fileid="20" />
                <BranchPoint vc="0" uspid="5907" ordinal="11" offset="158" sl="320" path="1" offsetchain="166" offsetend="185" fileid="20" />
                <BranchPoint vc="0" uspid="5908" ordinal="12" offset="201" sl="333" path="0" offsetend="203" fileid="20" />
                <BranchPoint vc="0" uspid="5909" ordinal="13" offset="201" sl="333" path="1" offsetend="237" fileid="20" />
              </BranchPoints>
              <MethodPoint xsi:type="SequencePoint" vc="0" uspid="5866" ordinal="0" offset="0" sl="297" sc="9" el="297" ec="10" bec="0" bev="0" fileid="20" />
            </Method>
            <Method visited="false" cyclomaticComplexity="15" nPathComplexity="16384" sequenceCoverage="0" branchCoverage="0" crapScore="240" isConstructor="false" isStatic="false" isGetter="false" isSetter="false">
              <Summary numSequencePoints="39" visitedSequencePoints="0" numBranchPoints="29" visitedBranchPoints="0" sequenceCoverage="0" branchCoverage="0" maxCyclomaticComplexity="15" minCyclomaticComplexity="15" maxCrapScore="240" minCrapScore="240" visitedClasses="0" numClasses="0" visitedMethods="0" numMethods="1" />
              <MetadataToken>100663499</MetadataToken>
              <Name>ExMat.Token.TokenType ExMat.Lexer.ExLexer::ReadSpace(System.Char)</Name>
              <FileRef uid="20" />
              <SequencePoints>
                <SequencePoint vc="0" uspid="5910" ordinal="0" offset="0" sl="343" sc="9" el="343" ec="10" bec="0" bev="0" fileid="20" />
                <SequencePoint vc="0" uspid="5911" ordinal="1" offset="1" sl="344" sc="13" el="344" ec="24" bec="0" bev="0" fileid="20" />
                <SequencePoint vc="0" uspid="5912" ordinal="2" offset="9" sl="345" sc="13" el="345" ec="50" bec="2" bev="0" fileid="20" />
                <SequencePoint vc="0" uspid="5913" ordinal="3" offset="29" sl="346" sc="13" el="346" ec="14" bec="0" bev="0" fileid="20" />
                <SequencePoint vc="0" uspid="5914" ordinal="4" offset="30" sl="347" sc="17" el="347" ec="59" bec="0" bev="0" fileid="20" />
                <SequencePoint vc="0" uspid="5915" ordinal="5" offset="41" sl="348" sc="17" el="348" ec="42" bec="0" bev="0" fileid="20" />
                <SequencePoint vc="0" uspid="5916" ordinal="6" offset="48" sl="351" sc="13" el="351" ec="30" bec="0" bev="0" fileid="20" />
                <SequencePoint vc="0" uspid="5917" ordinal="7" offset="59" sl="352" sc="13" el="352" ec="31" bec="7" bev="0" fileid="20" />
                <SequencePoint vc="0" uspid="5918" ordinal="8" offset="148" sl="360" sc="21" el="360" ec="22" bec="0" bev="0" fileid="20" />
                <SequencePoint vc="0" uspid="5919" ordinal="9" offset="149" sl="361" sc="25" el="361" ec="31" bec="0" bev="0" fileid="20" />
                <SequencePoint vc="0" uspid="5920" ordinal="10" offset="151" sl="364" sc="21" el="364" ec="22" bec="0" bev="0" fileid="20" />
                <SequencePoint vc="0" uspid="5921" ordinal="11" offset="152" sl="365" sc="25" el="365" ec="76" bec="0" bev="0" fileid="20" />
                <SequencePoint vc="0" uspid="5922" ordinal="12" offset="179" sl="366" sc="25" el="366" ec="50" bec="0" bev="0" fileid="20" />
                <SequencePoint vc="0" uspid="5923" ordinal="13" offset="186" sl="370" sc="13" el="370" ec="41" bec="0" bev="0" fileid="20" />
                <SequencePoint vc="0" uspid="5924" ordinal="14" offset="203" sl="372" sc="13" el="372" ec="46" bec="2" bev="0" fileid="20" />
                <SequencePoint vc="0" uspid="5925" ordinal="15" offset="218" sl="373" sc="13" el="373" ec="14" bec="0" bev="0" fileid="20" />
                <SequencePoint vc="0" uspid="5926" ordinal="16" offset="219" sl="374" sc="17" el="374" ec="42" bec="0" bev="0" fileid="20" />
                <SequencePoint vc="0" uspid="5927" ordinal="17" offset="226" sl="377" sc="13" el="377" ec="37" bec="2" bev="0" fileid="20" />
                <SequencePoint vc="0" uspid="5928" ordinal="18" offset="241" sl="378" sc="13" el="378" ec="14" bec="0" bev="0" fileid="20" />
                <SequencePoint vc="0" uspid="5929" ordinal="19" offset="242" sl="379" sc="17" el="379" ec="40" bec="0" bev="0" fileid="20" />
                <SequencePoint vc="0" uspid="5930" ordinal="20" offset="253" sl="382" sc="13" el="382" ec="33" bec="5" bev="0" fileid="20" />
                <SequencePoint vc="0" uspid="5931" ordinal="21" offset="289" sl="387" sc="21" el="387" ec="22" bec="0" bev="0" fileid="20" />
                <SequencePoint vc="0" uspid="5932" ordinal="22" offset="290" sl="388" sc="25" el="388" ec="53" bec="0" bev="0" fileid="20" />
                <SequencePoint vc="0" uspid="5933" ordinal="23" offset="307" sl="389" sc="25" el="389" ec="36" bec="0" bev="0" fileid="20" />
                <SequencePoint vc="0" uspid="5934" ordinal="24" offset="315" sl="390" sc="25" el="390" ec="31" bec="0" bev="0" fileid="20" />
                <SequencePoint vc="0" uspid="5935" ordinal="25" offset="317" sl="393" sc="21" el="393" ec="22" bec="0" bev="0" fileid="20" />
                <SequencePoint vc="0" uspid="5936" ordinal="26" offset="318" sl="394" sc="25" el="394" ec="51" bec="0" bev="0" fileid="20" />
                <SequencePoint vc="0" uspid="5937" ordinal="27" offset="328" sl="397" sc="21" el="397" ec="22" bec="0" bev="0" fileid="20" />
                <SequencePoint vc="0" uspid="5938" ordinal="28" offset="329" sl="398" sc="25" el="398" ec="87" bec="0" bev="0" fileid="20" />
                <SequencePoint vc="0" uspid="5939" ordinal="29" offset="340" sl="399" sc="25" el="399" ec="50" bec="0" bev="0" fileid="20" />
                <SequencePoint vc="0" uspid="5940" ordinal="30" offset="344" sl="403" sc="13" el="403" ec="37" bec="2" bev="0" fileid="20" />
                <SequencePoint vc="0" uspid="5941" ordinal="31" offset="359" sl="404" sc="13" el="404" ec="14" bec="0" bev="0" fileid="20" />
                <SequencePoint vc="0" uspid="5942" ordinal="32" offset="360" sl="405" sc="17" el="405" ec="40" bec="0" bev="0" fileid="20" />
                <SequencePoint vc="0" uspid="5943" ordinal="33" offset="368" sl="408" sc="13" el="408" ec="37" bec="2" bev="0" fileid="20" />
                <SequencePoint vc="0" uspid="5944" ordinal="34" offset="387" sl="409" sc="13" el="409" ec="14" bec="0" bev="0" fileid="20" />
                <SequencePoint vc="0" uspid="5945" ordinal="35" offset="388" sl="410" sc="17" el="410" ec="82" bec="0" bev="0" fileid="20" />
                <SequencePoint vc="0" uspid="5946" ordinal="36" offset="420" sl="411" sc="17" el="411" ec="42" bec="0" bev="0" fileid="20" />
                <SequencePoint vc="0" uspid="5947" ordinal="37" offset="424" sl="414" sc="13" el="414" ec="39" bec="0" bev="0" fileid="20" />
                <SequencePoint vc="0" uspid="5948" ordinal="38" offset="434" sl="415" sc="9" el="415" ec="10" bec="0" bev="0" fileid="20" />
              </SequencePoints>
              <BranchPoints>
                <BranchPoint vc="0" uspid="5949" ordinal="0" offset="27" sl="345" path="0" offsetend="29" fileid="20" />
                <BranchPoint vc="0" uspid="5950" ordinal="1" offset="27" sl="345" path="1" offsetend="48" fileid="20" />
                <BranchPoint vc="0" uspid="5951" ordinal="2" offset="79" sl="352" path="0" offsetend="81" fileid="20" />
                <BranchPoint vc="0" uspid="5952" ordinal="3" offset="79" sl="352" path="1" offsetend="148" fileid="20" />
                <BranchPoint vc="0" uspid="5953" ordinal="4" offset="92" sl="352" path="0" offsetend="94" fileid="20" />
                <BranchPoint vc="0" uspid="5954" ordinal="5" offset="92" sl="352" path="1" offsetend="148" fileid="20" />
                <BranchPoint vc="0" uspid="5955" ordinal="6" offset="105" sl="352" path="0" offsetend="107" fileid="20" />
                <BranchPoint vc="0" uspid="5956" ordinal="7" offset="105" sl="352" path="1" offsetend="148" fileid="20" />
                <BranchPoint vc="0" uspid="5957" ordinal="8" offset="118" sl="352" path="0" offsetend="120" fileid="20" />
                <BranchPoint vc="0" uspid="5958" ordinal="9" offset="118" sl="352" path="1" offsetend="148" fileid="20" />
                <BranchPoint vc="0" uspid="5959" ordinal="10" offset="131" sl="352" path="0" offsetend="133" fileid="20" />
                <BranchPoint vc="0" uspid="5960" ordinal="11" offset="131" sl="352" path="1" offsetend="148" fileid="20" />
                <BranchPoint vc="0" uspid="5961" ordinal="12" offset="144" sl="352" path="0" offsetchain="146" offsetend="151" fileid="20" />
                <BranchPoint vc="0" uspid="5962" ordinal="13" offset="144" sl="352" path="1" offsetend="148" fileid="20" />
                <BranchPoint vc="0" uspid="5963" ordinal="14" offset="216" sl="372" path="0" offsetend="218" fileid="20" />
                <BranchPoint vc="0" uspid="5964" ordinal="15" offset="216" sl="372" path="1" offsetend="226" fileid="20" />
                <BranchPoint vc="0" uspid="5965" ordinal="16" offset="239" sl="377" path="0" offsetend="241" fileid="20" />
                <BranchPoint vc="0" uspid="5966" ordinal="17" offset="239" sl="377" path="1" offsetend="253" fileid="20" />
                <BranchPoint vc="0" uspid="5967" ordinal="18" offset="269" sl="382" path="0" offsetchain="271" offsetend="273" fileid="20" />
                <BranchPoint vc="0" uspid="5968" ordinal="19" offset="269" sl="382" path="1" offsetend="317" fileid="20" />
                <BranchPoint vc="0" uspid="5969" ordinal="20" offset="277" sl="382" path="0" offsetchain="279" offsetend="281" fileid="20" />
                <BranchPoint vc="0" uspid="5970" ordinal="21" offset="277" sl="382" path="1" offsetend="289" fileid="20" />
                <BranchPoint vc="0" uspid="5971" ordinal="22" offset="285" sl="382" path="0" offsetchain="287" offsetend="328" fileid="20" />
                <BranchPoint vc="0" uspid="5972" ordinal="23" offset="285" sl="382" path="1" offsetend="289" fileid="20" />
                <BranchPoint vc="0" uspid="5973" ordinal="24" offset="357" sl="403" path="0" offsetend="359" fileid="20" />
                <BranchPoint vc="0" uspid="5974" ordinal="25" offset="357" sl="403" path="1" offsetend="368" fileid="20" />
                <BranchPoint vc="0" uspid="5975" ordinal="26" offset="385" sl="408" path="0" offsetend="387" fileid="20" />
                <BranchPoint vc="0" uspid="5976" ordinal="27" offset="385" sl="408" path="1" offsetend="424" fileid="20" />
              </BranchPoints>
              <MethodPoint xsi:type="SequencePoint" vc="0" uspid="5910" ordinal="0" offset="0" sl="343" sc="9" el="343" ec="10" bec="0" bev="0" fileid="20" />
            </Method>
            <Method visited="false" cyclomaticComplexity="3" nPathComplexity="2" sequenceCoverage="0" branchCoverage="0" crapScore="12" isConstructor="false" isStatic="true" isGetter="false" isSetter="false">
              <Summary numSequencePoints="3" visitedSequencePoints="0" numBranchPoints="3" visitedBranchPoints="0" sequenceCoverage="0" branchCoverage="0" maxCyclomaticComplexity="3" minCyclomaticComplexity="3" maxCrapScore="12" minCrapScore="12" visitedClasses="0" numClasses="0" visitedMethods="0" numMethods="1" />
              <MetadataToken>100663500</MetadataToken>
              <Name>System.Int32 ExMat.Lexer.ExLexer::GetHexCharVal(System.Char)</Name>
              <FileRef uid="20" />
              <SequencePoints>
                <SequencePoint vc="0" uspid="5977" ordinal="0" offset="0" sl="418" sc="9" el="418" ec="10" bec="0" bev="0" fileid="20" />
                <SequencePoint vc="0" uspid="5978" ordinal="1" offset="1" sl="419" sc="13" el="419" ec="58" bec="2" bev="0" fileid="20" />
                <SequencePoint vc="0" uspid="5979" ordinal="2" offset="20" sl="420" sc="9" el="420" ec="10" bec="0" bev="0" fileid="20" />
              </SequencePoints>
              <BranchPoints>
                <BranchPoint vc="0" uspid="5980" ordinal="0" offset="8" sl="419" path="0" offsetend="10" fileid="20" />
                <BranchPoint vc="0" uspid="5981" ordinal="1" offset="8" sl="419" path="1" offsetend="14" fileid="20" />
              </BranchPoints>
              <MethodPoint xsi:type="SequencePoint" vc="0" uspid="5977" ordinal="0" offset="0" sl="418" sc="9" el="418" ec="10" bec="0" bev="0" fileid="20" />
            </Method>
            <Method visited="false" cyclomaticComplexity="5" nPathComplexity="8" sequenceCoverage="0" branchCoverage="0" crapScore="30" isConstructor="false" isStatic="true" isGetter="false" isSetter="false">
              <Summary numSequencePoints="3" visitedSequencePoints="0" numBranchPoints="7" visitedBranchPoints="0" sequenceCoverage="0" branchCoverage="0" maxCyclomaticComplexity="5" minCyclomaticComplexity="5" maxCrapScore="30" minCrapScore="30" visitedClasses="0" numClasses="0" visitedMethods="0" numMethods="1" />
              <MetadataToken>100663501</MetadataToken>
              <Name>System.Boolean ExMat.Lexer.ExLexer::IsValidHexChar(System.Char&amp;)</Name>
              <FileRef uid="20" />
              <SequencePoints>
                <SequencePoint vc="0" uspid="5982" ordinal="0" offset="0" sl="422" sc="9" el="422" ec="10" bec="0" bev="0" fileid="20" />
                <SequencePoint vc="0" uspid="5983" ordinal="1" offset="1" sl="423" sc="13" el="423" ec="145" bec="5" bev="0" fileid="20" />
                <SequencePoint vc="0" uspid="5984" ordinal="2" offset="58" sl="424" sc="9" el="424" ec="10" bec="0" bev="0" fileid="20" />
              </SequencePoints>
              <BranchPoints>
                <BranchPoint vc="0" uspid="5985" ordinal="0" offset="8" sl="423" path="0" offsetend="10" fileid="20" />
                <BranchPoint vc="0" uspid="5986" ordinal="1" offset="8" sl="423" path="1" offsetend="54" fileid="20" />
                <BranchPoint vc="0" uspid="5987" ordinal="2" offset="17" sl="423" path="0" offsetend="19" fileid="20" />
                <BranchPoint vc="0" uspid="5988" ordinal="3" offset="17" sl="423" path="1" offsetend="51" fileid="20" />
                <BranchPoint vc="0" uspid="5989" ordinal="4" offset="38" sl="423" path="0" offsetend="40" fileid="20" />
                <BranchPoint vc="0" uspid="5990" ordinal="5" offset="38" sl="423" path="1" offsetend="51" fileid="20" />
              </BranchPoints>
              <MethodPoint xsi:type="SequencePoint" vc="0" uspid="5982" ordinal="0" offset="0" sl="422" sc="9" el="422" ec="10" bec="0" bev="0" fileid="20" />
            </Method>
            <Method visited="false" cyclomaticComplexity="4" nPathComplexity="8" sequenceCoverage="0" branchCoverage="0" crapScore="20" isConstructor="false" isStatic="false" isGetter="false" isSetter="false">
              <Summary numSequencePoints="19" visitedSequencePoints="0" numBranchPoints="7" visitedBranchPoints="0" sequenceCoverage="0" branchCoverage="0" maxCyclomaticComplexity="4" minCyclomaticComplexity="4" maxCrapScore="20" minCrapScore="20" visitedClasses="0" numClasses="0" visitedMethods="0" numMethods="1" />
              <MetadataToken>100663502</MetadataToken>
              <Name>System.Boolean ExMat.Lexer.ExLexer::ReadAsHex(System.Int32,System.Int32&amp;)</Name>
              <FileRef uid="20" />
              <SequencePoints>
                <SequencePoint vc="0" uspid="5991" ordinal="0" offset="0" sl="427" sc="9" el="427" ec="10" bec="0" bev="0" fileid="20" />
                <SequencePoint vc="0" uspid="5992" ordinal="1" offset="1" sl="428" sc="13" el="428" ec="24" bec="0" bev="0" fileid="20" />
                <SequencePoint vc="0" uspid="5993" ordinal="2" offset="9" sl="430" sc="13" el="430" ec="27" bec="2" bev="0" fileid="20" />
                <SequencePoint vc="0" uspid="5994" ordinal="3" offset="20" sl="431" sc="13" el="431" ec="14" bec="0" bev="0" fileid="20" />
                <SequencePoint vc="0" uspid="5995" ordinal="4" offset="21" sl="432" sc="17" el="432" ec="28" bec="0" bev="0" fileid="20" />
                <SequencePoint vc="0" uspid="5996" ordinal="5" offset="24" sl="433" sc="17" el="433" ec="29" bec="0" bev="0" fileid="20" />
                <SequencePoint vc="0" uspid="5997" ordinal="6" offset="28" sl="436" sc="13" el="436" ec="49" bec="2" bev="0" fileid="20" />
                <SequencePoint vc="0" uspid="5998" ordinal="7" offset="43" sl="437" sc="13" el="437" ec="14" bec="0" bev="0" fileid="20" />
                <SequencePoint vc="0" uspid="5999" ordinal="8" offset="44" sl="438" sc="17" el="438" ec="59" bec="0" bev="0" fileid="20" />
                <SequencePoint vc="0" uspid="6000" ordinal="9" offset="58" sl="439" sc="17" el="439" ec="55" bec="2" bev="0" fileid="20" />
                <SequencePoint vc="0" uspid="6001" ordinal="10" offset="78" sl="440" sc="17" el="440" ec="18" bec="0" bev="0" fileid="20" />
                <SequencePoint vc="0" uspid="6002" ordinal="11" offset="79" sl="441" sc="21" el="441" ec="34" bec="0" bev="0" fileid="20" />
                <SequencePoint vc="0" uspid="6003" ordinal="12" offset="83" sl="443" sc="17" el="443" ec="29" bec="0" bev="0" fileid="20" />
                <SequencePoint vc="0" uspid="6004" ordinal="13" offset="89" sl="444" sc="17" el="444" ec="29" bec="0" bev="0" fileid="20" />
                <SequencePoint vc="0" uspid="6005" ordinal="14" offset="93" sl="447" sc="13" el="447" ec="14" bec="0" bev="0" fileid="20" />
                <SequencePoint vc="0" uspid="6006" ordinal="15" offset="94" sl="448" sc="17" el="448" ec="104" bec="0" bev="0" fileid="20" />
                <SequencePoint vc="0" uspid="6007" ordinal="16" offset="126" sl="449" sc="17" el="449" ec="28" bec="0" bev="0" fileid="20" />
                <SequencePoint vc="0" uspid="6008" ordinal="17" offset="129" sl="450" sc="17" el="450" ec="30" bec="0" bev="0" fileid="20" />
                <SequencePoint vc="0" uspid="6009" ordinal="18" offset="133" sl="452" sc="9" el="452" ec="10" bec="0" bev="0" fileid="20" />
              </SequencePoints>
              <BranchPoints>
                <BranchPoint vc="0" uspid="6010" ordinal="0" offset="18" sl="430" path="0" offsetend="20" fileid="20" />
                <BranchPoint vc="0" uspid="6011" ordinal="1" offset="18" sl="430" path="1" offsetend="28" fileid="20" />
                <BranchPoint vc="0" uspid="6012" ordinal="2" offset="41" sl="436" path="0" offsetend="43" fileid="20" />
                <BranchPoint vc="0" uspid="6013" ordinal="3" offset="41" sl="436" path="1" offsetend="93" fileid="20" />
                <BranchPoint vc="0" uspid="6014" ordinal="4" offset="76" sl="439" path="0" offsetend="78" fileid="20" />
                <BranchPoint vc="0" uspid="6015" ordinal="5" offset="76" sl="439" path="1" offsetend="83" fileid="20" />
              </BranchPoints>
              <MethodPoint xsi:type="SequencePoint" vc="0" uspid="5991" ordinal="0" offset="0" sl="427" sc="9" el="427" ec="10" bec="0" bev="0" fileid="20" />
            </Method>
            <Method visited="false" cyclomaticComplexity="2" nPathComplexity="2" sequenceCoverage="0" branchCoverage="0" crapScore="6" isConstructor="false" isStatic="false" isGetter="false" isSetter="false">
              <Summary numSequencePoints="3" visitedSequencePoints="0" numBranchPoints="3" visitedBranchPoints="0" sequenceCoverage="0" branchCoverage="0" maxCyclomaticComplexity="2" minCyclomaticComplexity="2" maxCrapScore="6" minCrapScore="6" visitedClasses="0" numClasses="0" visitedMethods="0" numMethods="1" />
              <MetadataToken>100663503</MetadataToken>
              <Name>System.Boolean ExMat.Lexer.ExLexer::AreNextCharacters(System.String)</Name>
              <FileRef uid="20" />
              <SequencePoints>
                <SequencePoint vc="0" uspid="6016" ordinal="0" offset="0" sl="455" sc="9" el="455" ec="10" bec="0" bev="0" fileid="20" />
                <SequencePoint vc="0" uspid="6017" ordinal="1" offset="1" sl="456" sc="13" el="457" ec="81" bec="2" bev="0" fileid="20" />
                <SequencePoint vc="0" uspid="6018" ordinal="2" offset="59" sl="458" sc="9" el="458" ec="10" bec="0" bev="0" fileid="20" />
              </SequencePoints>
              <BranchPoints>
                <BranchPoint vc="0" uspid="6019" ordinal="0" offset="20" sl="456" path="0" offsetend="22" fileid="20" />
                <BranchPoint vc="0" uspid="6020" ordinal="1" offset="20" sl="456" path="1" offsetend="55" fileid="20" />
              </BranchPoints>
              <MethodPoint xsi:type="SequencePoint" vc="0" uspid="6016" ordinal="0" offset="0" sl="455" sc="9" el="455" ec="10" bec="0" bev="0" fileid="20" />
            </Method>
            <Method visited="false" cyclomaticComplexity="6" nPathComplexity="32" sequenceCoverage="0" branchCoverage="0" crapScore="42" isConstructor="false" isStatic="false" isGetter="false" isSetter="false">
              <Summary numSequencePoints="33" visitedSequencePoints="0" numBranchPoints="11" visitedBranchPoints="0" sequenceCoverage="0" branchCoverage="0" maxCyclomaticComplexity="6" minCyclomaticComplexity="6" maxCrapScore="42" minCrapScore="42" visitedClasses="0" numClasses="0" visitedMethods="0" numMethods="1" />
              <MetadataToken>100663504</MetadataToken>
              <Name>ExMat.Token.TokenType ExMat.Lexer.ExLexer::ReadVerboseString(System.Char)</Name>
              <FileRef uid="20" />
              <SequencePoints>
                <SequencePoint vc="0" uspid="6021" ordinal="0" offset="0" sl="461" sc="9" el="461" ec="10" bec="0" bev="0" fileid="20" />
                <SequencePoint vc="0" uspid="6022" ordinal="1" offset="1" sl="462" sc="13" el="462" ec="35" bec="0" bev="0" fileid="20" />
                <SequencePoint vc="0" uspid="6023" ordinal="2" offset="12" sl="463" sc="13" el="463" ec="24" bec="0" bev="0" fileid="20" />
                <SequencePoint vc="0" uspid="6024" ordinal="3" offset="20" sl="464" sc="13" el="464" ec="46" bec="2" bev="0" fileid="20" />
                <SequencePoint vc="0" uspid="6025" ordinal="4" offset="33" sl="465" sc="13" el="465" ec="14" bec="0" bev="0" fileid="20" />
                <SequencePoint vc="0" uspid="6026" ordinal="5" offset="34" sl="466" sc="17" el="466" ec="42" bec="0" bev="0" fileid="20" />
                <SequencePoint vc="0" uspid="6027" ordinal="6" offset="41" sl="469" sc="13" el="469" ec="41" bec="0" bev="0" fileid="20" />
                <SequencePoint vc="0" uspid="6028" ordinal="7" offset="49" sl="470" sc="13" el="470" ec="33" bec="0" bev="0" fileid="20" />
                <SequencePoint vc="0" uspid="6029" ordinal="8" offset="56" sl="473" sc="13" el="473" ec="14" bec="0" bev="0" fileid="20" />
                <SequencePoint vc="0" uspid="6030" ordinal="9" offset="57" sl="474" sc="17" el="474" ec="37" bec="4" bev="0" fileid="20" />
                <SequencePoint vc="0" uspid="6031" ordinal="10" offset="83" sl="477" sc="25" el="477" ec="26" bec="0" bev="0" fileid="20" />
                <SequencePoint vc="0" uspid="6032" ordinal="11" offset="84" sl="478" sc="29" el="478" ec="63" bec="0" bev="0" fileid="20" />
                <SequencePoint vc="0" uspid="6033" ordinal="12" offset="95" sl="479" sc="29" el="479" ec="54" bec="0" bev="0" fileid="20" />
                <SequencePoint vc="0" uspid="6034" ordinal="13" offset="102" sl="482" sc="25" el="482" ec="26" bec="0" bev="0" fileid="20" />
                <SequencePoint vc="0" uspid="6035" ordinal="14" offset="103" sl="483" sc="29" el="483" ec="59" bec="2" bev="0" fileid="20" />
                <SequencePoint vc="0" uspid="6036" ordinal="15" offset="116" sl="484" sc="29" el="484" ec="30" bec="0" bev="0" fileid="20" />
                <SequencePoint vc="0" uspid="6037" ordinal="16" offset="117" sl="485" sc="33" el="485" ec="67" bec="0" bev="0" fileid="20" />
                <SequencePoint vc="0" uspid="6038" ordinal="17" offset="135" sl="486" sc="33" el="486" ec="57" bec="0" bev="0" fileid="20" />
                <SequencePoint vc="0" uspid="6039" ordinal="18" offset="148" sl="487" sc="29" el="487" ec="30" bec="0" bev="0" fileid="20" />
                <SequencePoint vc="0" uspid="6040" ordinal="19" offset="151" sl="489" sc="29" el="489" ec="30" bec="0" bev="0" fileid="20" />
                <SequencePoint vc="0" uspid="6041" ordinal="20" offset="152" sl="490" sc="33" el="490" ec="49" bec="0" bev="0" fileid="20" />
                <SequencePoint vc="0" uspid="6042" ordinal="21" offset="154" sl="491" sc="29" el="491" ec="30" bec="0" bev="0" fileid="20" />
                <SequencePoint vc="0" uspid="6043" ordinal="22" offset="155" sl="492" sc="29" el="492" ec="35" bec="0" bev="0" fileid="20" />
                <SequencePoint vc="0" uspid="6044" ordinal="23" offset="157" sl="495" sc="25" el="495" ec="26" bec="0" bev="0" fileid="20" />
                <SequencePoint vc="0" uspid="6045" ordinal="24" offset="158" sl="496" sc="29" el="496" ec="63" bec="0" bev="0" fileid="20" />
                <SequencePoint vc="0" uspid="6046" ordinal="25" offset="176" sl="497" sc="29" el="497" ec="40" bec="0" bev="0" fileid="20" />
                <SequencePoint vc="0" uspid="6047" ordinal="26" offset="184" sl="498" sc="29" el="498" ec="35" bec="0" bev="0" fileid="20" />
                <SequencePoint vc="0" uspid="6048" ordinal="27" offset="186" sl="501" sc="13" el="501" ec="14" bec="0" bev="0" fileid="20" />
                <SequencePoint vc="0" uspid="6049" ordinal="28" offset="187" sl="472" sc="13" el="472" ec="28" bec="2" bev="0" fileid="20" />
                <SequencePoint vc="0" uspid="6050" ordinal="29" offset="197" sl="502" sc="13" el="502" ec="50" bec="0" bev="0" fileid="20" />
                <SequencePoint vc="0" uspid="6051" ordinal="30" offset="214" sl="502" sc="51" el="502" ec="62" bec="0" bev="0" fileid="20" />
                <SequencePoint vc="0" uspid="6052" ordinal="31" offset="222" sl="503" sc="13" el="503" ec="38" bec="0" bev="0" fileid="20" />
                <SequencePoint vc="0" uspid="6053" ordinal="32" offset="230" sl="505" sc="9" el="505" ec="10" bec="0" bev="0" fileid="20" />
              </SequencePoints>
              <BranchPoints>
                <BranchPoint vc="0" uspid="6054" ordinal="0" offset="31" sl="464" path="0" offsetend="33" fileid="20" />
                <BranchPoint vc="0" uspid="6055" ordinal="1" offset="31" sl="464" path="1" offsetend="41" fileid="20" />
                <BranchPoint vc="0" uspid="6056" ordinal="2" offset="71" sl="474" path="0" offsetchain="73" offsetend="75" fileid="20" />
                <BranchPoint vc="0" uspid="6057" ordinal="3" offset="71" sl="474" path="1" offsetend="83" fileid="20" />
                <BranchPoint vc="0" uspid="6058" ordinal="4" offset="79" sl="474" path="0" offsetchain="81" offsetend="157" fileid="20" />
                <BranchPoint vc="0" uspid="6059" ordinal="5" offset="79" sl="474" path="1" offsetend="102" fileid="20" />
                <BranchPoint vc="0" uspid="6060" ordinal="6" offset="114" sl="483" path="0" offsetend="116" fileid="20" />
                <BranchPoint vc="0" uspid="6061" ordinal="7" offset="114" sl="483" path="1" offsetend="151" fileid="20" />
                <BranchPoint vc="0" uspid="6062" ordinal="8" offset="192" sl="472" path="0" offsetend="197" fileid="20" />
                <BranchPoint vc="0" uspid="6063" ordinal="9" offset="192" sl="472" path="1" offsetend="56" fileid="20" />
              </BranchPoints>
              <MethodPoint xsi:type="SequencePoint" vc="0" uspid="6021" ordinal="0" offset="0" sl="461" sc="9" el="461" ec="10" bec="0" bev="0" fileid="20" />
            </Method>
            <Method visited="false" cyclomaticComplexity="27" nPathComplexity="196608" sequenceCoverage="0" branchCoverage="0" crapScore="756" isConstructor="false" isStatic="false" isGetter="false" isSetter="false">
              <Summary numSequencePoints="73" visitedSequencePoints="0" numBranchPoints="41" visitedBranchPoints="0" sequenceCoverage="0" branchCoverage="0" maxCyclomaticComplexity="27" minCyclomaticComplexity="27" maxCrapScore="756" minCrapScore="756" visitedClasses="0" numClasses="0" visitedMethods="0" numMethods="1" />
              <MetadataToken>100663505</MetadataToken>
              <Name>ExMat.Token.TokenType ExMat.Lexer.ExLexer::ReadString(System.Char)</Name>
              <FileRef uid="20" />
              <SequencePoints>
                <SequencePoint vc="0" uspid="6064" ordinal="0" offset="0" sl="508" sc="9" el="508" ec="10" bec="0" bev="0" fileid="20" />
                <SequencePoint vc="0" uspid="6065" ordinal="1" offset="1" sl="509" sc="13" el="509" ec="35" bec="0" bev="0" fileid="20" />
                <SequencePoint vc="0" uspid="6066" ordinal="2" offset="12" sl="510" sc="13" el="510" ec="24" bec="0" bev="0" fileid="20" />
                <SequencePoint vc="0" uspid="6067" ordinal="3" offset="20" sl="511" sc="13" el="511" ec="46" bec="0" bev="0" fileid="20" />
                <SequencePoint vc="0" uspid="6068" ordinal="4" offset="33" sl="512" sc="13" el="512" ec="14" bec="0" bev="0" fileid="20" />
                <SequencePoint vc="0" uspid="6069" ordinal="5" offset="34" sl="513" sc="17" el="513" ec="42" bec="0" bev="0" fileid="20" />
                <SequencePoint vc="0" uspid="6070" ordinal="6" offset="46" sl="517" sc="13" el="517" ec="14" bec="0" bev="0" fileid="20" />
                <SequencePoint vc="0" uspid="6071" ordinal="7" offset="47" sl="518" sc="17" el="518" ec="37" bec="5" bev="0" fileid="20" />
                <SequencePoint vc="0" uspid="6072" ordinal="8" offset="93" sl="523" sc="25" el="523" ec="26" bec="0" bev="0" fileid="20" />
                <SequencePoint vc="0" uspid="6073" ordinal="9" offset="94" sl="524" sc="29" el="524" ec="63" bec="0" bev="0" fileid="20" />
                <SequencePoint vc="0" uspid="6074" ordinal="10" offset="105" sl="525" sc="29" el="525" ec="54" bec="0" bev="0" fileid="20" />
                <SequencePoint vc="0" uspid="6075" ordinal="11" offset="112" sl="528" sc="25" el="528" ec="26" bec="0" bev="0" fileid="20" />
                <SequencePoint vc="0" uspid="6076" ordinal="12" offset="113" sl="529" sc="29" el="529" ec="40" bec="0" bev="0" fileid="20" />
                <SequencePoint vc="0" uspid="6077" ordinal="13" offset="121" sl="530" sc="29" el="530" ec="49" bec="18" bev="0" fileid="20" />
                <SequencePoint vc="0" uspid="6078" ordinal="14" offset="293" sl="533" sc="37" el="533" ec="64" bec="0" bev="0" fileid="20" />
                <SequencePoint vc="0" uspid="6079" ordinal="15" offset="307" sl="533" sc="65" el="533" ec="76" bec="0" bev="0" fileid="20" />
                <SequencePoint vc="0" uspid="6080" ordinal="16" offset="315" sl="533" sc="77" el="533" ec="83" bec="0" bev="0" fileid="20" />
                <SequencePoint vc="0" uspid="6081" ordinal="17" offset="320" sl="536" sc="37" el="536" ec="64" bec="0" bev="0" fileid="20" />
                <SequencePoint vc="0" uspid="6082" ordinal="18" offset="333" sl="536" sc="65" el="536" ec="76" bec="0" bev="0" fileid="20" />
                <SequencePoint vc="0" uspid="6083" ordinal="19" offset="341" sl="536" sc="77" el="536" ec="83" bec="0" bev="0" fileid="20" />
                <SequencePoint vc="0" uspid="6084" ordinal="20" offset="346" sl="538" sc="37" el="538" ec="64" bec="0" bev="0" fileid="20" />
                <SequencePoint vc="0" uspid="6085" ordinal="21" offset="359" sl="538" sc="65" el="538" ec="76" bec="0" bev="0" fileid="20" />
                <SequencePoint vc="0" uspid="6086" ordinal="22" offset="367" sl="538" sc="77" el="538" ec="83" bec="0" bev="0" fileid="20" />
                <SequencePoint vc="0" uspid="6087" ordinal="23" offset="372" sl="540" sc="37" el="540" ec="64" bec="0" bev="0" fileid="20" />
                <SequencePoint vc="0" uspid="6088" ordinal="24" offset="386" sl="540" sc="65" el="540" ec="76" bec="0" bev="0" fileid="20" />
                <SequencePoint vc="0" uspid="6089" ordinal="25" offset="394" sl="540" sc="77" el="540" ec="83" bec="0" bev="0" fileid="20" />
                <SequencePoint vc="0" uspid="6090" ordinal="26" offset="399" sl="542" sc="37" el="542" ec="64" bec="0" bev="0" fileid="20" />
                <SequencePoint vc="0" uspid="6091" ordinal="27" offset="413" sl="542" sc="65" el="542" ec="76" bec="0" bev="0" fileid="20" />
                <SequencePoint vc="0" uspid="6092" ordinal="28" offset="421" sl="542" sc="77" el="542" ec="83" bec="0" bev="0" fileid="20" />
                <SequencePoint vc="0" uspid="6093" ordinal="29" offset="426" sl="544" sc="37" el="544" ec="64" bec="0" bev="0" fileid="20" />
                <SequencePoint vc="0" uspid="6094" ordinal="30" offset="440" sl="544" sc="65" el="544" ec="76" bec="0" bev="0" fileid="20" />
                <SequencePoint vc="0" uspid="6095" ordinal="31" offset="448" sl="544" sc="77" el="544" ec="83" bec="0" bev="0" fileid="20" />
                <SequencePoint vc="0" uspid="6096" ordinal="32" offset="453" sl="546" sc="37" el="546" ec="64" bec="0" bev="0" fileid="20" />
                <SequencePoint vc="0" uspid="6097" ordinal="33" offset="467" sl="546" sc="65" el="546" ec="76" bec="0" bev="0" fileid="20" />
                <SequencePoint vc="0" uspid="6098" ordinal="34" offset="475" sl="546" sc="77" el="546" ec="83" bec="0" bev="0" fileid="20" />
                <SequencePoint vc="0" uspid="6099" ordinal="35" offset="480" sl="548" sc="37" el="548" ec="73" bec="0" bev="0" fileid="20" />
                <SequencePoint vc="0" uspid="6100" ordinal="36" offset="493" sl="548" sc="74" el="548" ec="85" bec="0" bev="0" fileid="20" />
                <SequencePoint vc="0" uspid="6101" ordinal="37" offset="501" sl="548" sc="86" el="548" ec="92" bec="0" bev="0" fileid="20" />
                <SequencePoint vc="0" uspid="6102" ordinal="38" offset="506" sl="550" sc="37" el="550" ec="64" bec="0" bev="0" fileid="20" />
                <SequencePoint vc="0" uspid="6103" ordinal="39" offset="520" sl="550" sc="65" el="550" ec="76" bec="0" bev="0" fileid="20" />
                <SequencePoint vc="0" uspid="6104" ordinal="40" offset="528" sl="550" sc="77" el="550" ec="83" bec="0" bev="0" fileid="20" />
                <SequencePoint vc="0" uspid="6105" ordinal="41" offset="533" sl="552" sc="37" el="552" ec="64" bec="0" bev="0" fileid="20" />
                <SequencePoint vc="0" uspid="6106" ordinal="42" offset="547" sl="552" sc="65" el="552" ec="76" bec="0" bev="0" fileid="20" />
                <SequencePoint vc="0" uspid="6107" ordinal="43" offset="555" sl="552" sc="77" el="552" ec="83" bec="0" bev="0" fileid="20" />
                <SequencePoint vc="0" uspid="6108" ordinal="44" offset="560" sl="554" sc="37" el="554" ec="64" bec="0" bev="0" fileid="20" />
                <SequencePoint vc="0" uspid="6109" ordinal="45" offset="574" sl="554" sc="65" el="554" ec="76" bec="0" bev="0" fileid="20" />
                <SequencePoint vc="0" uspid="6110" ordinal="46" offset="582" sl="554" sc="77" el="554" ec="83" bec="0" bev="0" fileid="20" />
                <SequencePoint vc="0" uspid="6111" ordinal="47" offset="584" sl="559" sc="37" el="559" ec="38" bec="0" bev="0" fileid="20" />
                <SequencePoint vc="0" uspid="6112" ordinal="48" offset="585" sl="560" sc="41" el="560" ec="72" bec="2" bev="0" fileid="20" />
                <SequencePoint vc="0" uspid="6113" ordinal="49" offset="601" sl="561" sc="41" el="561" ec="42" bec="0" bev="0" fileid="20" />
                <SequencePoint vc="0" uspid="6114" ordinal="50" offset="602" sl="562" sc="45" el="562" ec="77" bec="0" bev="0" fileid="20" />
                <SequencePoint vc="0" uspid="6115" ordinal="51" offset="617" sl="563" sc="45" el="563" ec="51" bec="0" bev="0" fileid="20" />
                <SequencePoint vc="0" uspid="6116" ordinal="52" offset="619" sl="565" sc="41" el="565" ec="66" bec="0" bev="0" fileid="20" />
                <SequencePoint vc="0" uspid="6117" ordinal="53" offset="626" sl="568" sc="37" el="568" ec="38" bec="0" bev="0" fileid="20" />
                <SequencePoint vc="0" uspid="6118" ordinal="54" offset="627" sl="569" sc="41" el="569" ec="74" bec="2" bev="0" fileid="20" />
                <SequencePoint vc="0" uspid="6119" ordinal="55" offset="646" sl="570" sc="41" el="570" ec="42" bec="0" bev="0" fileid="20" />
                <SequencePoint vc="0" uspid="6120" ordinal="56" offset="647" sl="571" sc="45" el="571" ec="77" bec="0" bev="0" fileid="20" />
                <SequencePoint vc="0" uspid="6121" ordinal="57" offset="662" sl="572" sc="45" el="572" ec="51" bec="0" bev="0" fileid="20" />
                <SequencePoint vc="0" uspid="6122" ordinal="58" offset="664" sl="574" sc="41" el="574" ec="66" bec="0" bev="0" fileid="20" />
                <SequencePoint vc="0" uspid="6123" ordinal="59" offset="668" sl="578" sc="37" el="578" ec="38" bec="0" bev="0" fileid="20" />
                <SequencePoint vc="0" uspid="6124" ordinal="60" offset="669" sl="579" sc="41" el="579" ec="99" bec="0" bev="0" fileid="20" />
                <SequencePoint vc="0" uspid="6125" ordinal="61" offset="701" sl="580" sc="41" el="580" ec="66" bec="0" bev="0" fileid="20" />
                <SequencePoint vc="0" uspid="6126" ordinal="62" offset="705" sl="583" sc="29" el="583" ec="35" bec="0" bev="0" fileid="20" />
                <SequencePoint vc="0" uspid="6127" ordinal="63" offset="707" sl="586" sc="25" el="586" ec="26" bec="0" bev="0" fileid="20" />
                <SequencePoint vc="0" uspid="6128" ordinal="64" offset="708" sl="587" sc="29" el="587" ec="63" bec="0" bev="0" fileid="20" />
                <SequencePoint vc="0" uspid="6129" ordinal="65" offset="726" sl="588" sc="29" el="588" ec="40" bec="0" bev="0" fileid="20" />
                <SequencePoint vc="0" uspid="6130" ordinal="66" offset="734" sl="589" sc="29" el="589" ec="35" bec="0" bev="0" fileid="20" />
                <SequencePoint vc="0" uspid="6131" ordinal="67" offset="736" sl="592" sc="13" el="592" ec="14" bec="0" bev="0" fileid="20" />
                <SequencePoint vc="0" uspid="6132" ordinal="68" offset="737" sl="516" sc="13" el="516" ec="39" bec="2" bev="0" fileid="20" />
                <SequencePoint vc="0" uspid="6133" ordinal="69" offset="758" sl="593" sc="13" el="593" ec="50" bec="0" bev="0" fileid="20" />
                <SequencePoint vc="0" uspid="6134" ordinal="70" offset="775" sl="593" sc="51" el="593" ec="62" bec="0" bev="0" fileid="20" />
                <SequencePoint vc="0" uspid="6135" ordinal="71" offset="783" sl="594" sc="13" el="594" ec="38" bec="0" bev="0" fileid="20" />
                <SequencePoint vc="0" uspid="6136" ordinal="72" offset="791" sl="595" sc="9" el="595" ec="10" bec="0" bev="0" fileid="20" />
              </SequencePoints>
              <BranchPoints>
                <BranchPoint vc="0" uspid="6137" ordinal="0" offset="62" sl="518" path="0" offsetchain="64" offsetend="66" fileid="20" />
                <BranchPoint vc="0" uspid="6138" ordinal="1" offset="62" sl="518" path="1" offsetend="93" fileid="20" />
                <BranchPoint vc="0" uspid="6139" ordinal="2" offset="69" sl="518" path="0" offsetchain="71" offsetend="707" fileid="20" />
                <BranchPoint vc="0" uspid="6140" ordinal="3" offset="69" sl="518" path="1" offsetend="93" fileid="20" />
                <BranchPoint vc="0" uspid="6141" ordinal="4" offset="79" sl="518" path="0" offsetchain="81" offsetend="83" fileid="20" />
                <BranchPoint vc="0" uspid="6142" ordinal="5" offset="79" sl="518" path="1" offsetend="93" fileid="20" />
                <BranchPoint vc="0" uspid="6143" ordinal="6" offset="86" sl="518" path="0" offsetchain="88" offsetend="707" fileid="20" />
                <BranchPoint vc="0" uspid="6144" ordinal="7" offset="86" sl="518" path="1" offsetend="112" fileid="20" />
                <BranchPoint vc="0" uspid="6145" ordinal="8" offset="149" sl="530" path="0" offsetchain="154" offsetend="156" fileid="20" />
                <BranchPoint vc="0" uspid="6146" ordinal="9" offset="149" sl="530" path="1" offsetend="533" fileid="20" />
                <BranchPoint vc="0" uspid="6147" ordinal="10" offset="160" sl="530" path="0" offsetchain="165" offsetend="668" fileid="20" />
                <BranchPoint vc="0" uspid="6148" ordinal="11" offset="160" sl="530" path="1" offsetend="560" fileid="20" />
                <BranchPoint vc="0" uspid="6149" ordinal="12" offset="174" sl="530" path="0" offsetchain="179" offsetend="181" fileid="20" />
                <BranchPoint vc="0" uspid="6150" ordinal="13" offset="174" sl="530" path="1" offsetend="480" fileid="20" />
                <BranchPoint vc="0" uspid="6151" ordinal="14" offset="185" sl="530" path="0" offsetchain="190" offsetend="668" fileid="20" />
                <BranchPoint vc="0" uspid="6152" ordinal="15" offset="185" sl="530" path="1" offsetend="506" fileid="20" />
                <BranchPoint vc="0" uspid="6153" ordinal="16" offset="205" sl="530" path="0" offsetchain="207" offsetend="209" fileid="20" />
                <BranchPoint vc="0" uspid="6154" ordinal="17" offset="205" sl="530" path="1" offsetend="320" fileid="20" />
                <BranchPoint vc="0" uspid="6155" ordinal="18" offset="213" sl="530" path="0" offsetchain="218" offsetend="668" fileid="20" />
                <BranchPoint vc="0" uspid="6156" ordinal="19" offset="213" sl="530" path="1" offsetend="346" fileid="20" />
                <BranchPoint vc="0" uspid="6157" ordinal="20" offset="227" sl="530" path="0" offsetchain="232" offsetend="234" fileid="20" />
                <BranchPoint vc="0" uspid="6158" ordinal="21" offset="227" sl="530" path="1" offsetend="453" fileid="20" />
                <BranchPoint vc="0" uspid="6159" ordinal="22" offset="239" sl="530" path="0" offsetchain="288" offsetend="668" fileid="20" />
                <BranchPoint vc="0" uspid="6160" ordinal="23" offset="239" sl="530" path="1" offsetend="372" fileid="20" />
                <BranchPoint vc="0" uspid="6161" ordinal="24" offset="239" sl="530" path="2" offsetend="668" fileid="20" />
                <BranchPoint vc="0" uspid="6162" ordinal="25" offset="239" sl="530" path="3" offsetend="668" fileid="20" />
                <BranchPoint vc="0" uspid="6163" ordinal="26" offset="239" sl="530" path="4" offsetend="668" fileid="20" />
                <BranchPoint vc="0" uspid="6164" ordinal="27" offset="239" sl="530" path="5" offsetend="399" fileid="20" />
                <BranchPoint vc="0" uspid="6165" ordinal="28" offset="239" sl="530" path="6" offsetend="668" fileid="20" />
                <BranchPoint vc="0" uspid="6166" ordinal="29" offset="239" sl="530" path="7" offsetend="293" fileid="20" />
                <BranchPoint vc="0" uspid="6167" ordinal="30" offset="239" sl="530" path="8" offsetend="626" fileid="20" />
                <BranchPoint vc="0" uspid="6168" ordinal="31" offset="239" sl="530" path="9" offsetend="426" fileid="20" />
                <BranchPoint vc="0" uspid="6169" ordinal="32" offset="239" sl="530" path="10" offsetend="668" fileid="20" />
                <BranchPoint vc="0" uspid="6170" ordinal="33" offset="239" sl="530" path="11" offsetend="584" fileid="20" />
                <BranchPoint vc="0" uspid="6171" ordinal="34" offset="599" sl="560" path="0" offsetend="601" fileid="20" />
                <BranchPoint vc="0" uspid="6172" ordinal="35" offset="599" sl="560" path="1" offsetend="619" fileid="20" />
                <BranchPoint vc="0" uspid="6173" ordinal="36" offset="644" sl="569" path="0" offsetend="646" fileid="20" />
                <BranchPoint vc="0" uspid="6174" ordinal="37" offset="644" sl="569" path="1" offsetend="664" fileid="20" />
                <BranchPoint vc="0" uspid="6175" ordinal="38" offset="753" sl="516" path="0" offsetend="758" fileid="20" />
                <BranchPoint vc="0" uspid="6176" ordinal="39" offset="753" sl="516" path="1" offsetend="46" fileid="20" />
              </BranchPoints>
              <MethodPoint xsi:type="SequencePoint" vc="0" uspid="6064" ordinal="0" offset="0" sl="508" sc="9" el="508" ec="10" bec="0" bev="0" fileid="20" />
            </Method>
            <Method visited="false" cyclomaticComplexity="3" nPathComplexity="2" sequenceCoverage="0" branchCoverage="0" crapScore="12" isConstructor="false" isStatic="false" isGetter="false" isSetter="false">
              <Summary numSequencePoints="3" visitedSequencePoints="0" numBranchPoints="3" visitedBranchPoints="0" sequenceCoverage="0" branchCoverage="0" maxCyclomaticComplexity="3" minCyclomaticComplexity="3" maxCrapScore="12" minCrapScore="12" visitedClasses="0" numClasses="0" visitedMethods="0" numMethods="1" />
              <MetadataToken>100663506</MetadataToken>
              <Name>ExMat.Token.TokenType ExMat.Lexer.ExLexer::GetIdType()</Name>
              <FileRef uid="20" />
              <SequencePoints>
                <SequencePoint vc="0" uspid="6177" ordinal="0" offset="0" sl="598" sc="9" el="598" ec="10" bec="0" bev="0" fileid="20" />
                <SequencePoint vc="0" uspid="6178" ordinal="1" offset="1" sl="599" sc="13" el="599" ec="127" bec="2" bev="0" fileid="20" />
                <SequencePoint vc="0" uspid="6179" ordinal="2" offset="57" sl="600" sc="9" el="600" ec="10" bec="0" bev="0" fileid="20" />
              </SequencePoints>
              <BranchPoints>
                <BranchPoint vc="0" uspid="6180" ordinal="0" offset="23" sl="599" path="0" offsetend="25" fileid="20" />
                <BranchPoint vc="0" uspid="6181" ordinal="1" offset="23" sl="599" path="1" offsetend="32" fileid="20" />
              </BranchPoints>
              <MethodPoint xsi:type="SequencePoint" vc="0" uspid="6177" ordinal="0" offset="0" sl="598" sc="9" el="598" ec="10" bec="0" bev="0" fileid="20" />
            </Method>
            <Method visited="false" cyclomaticComplexity="4" nPathComplexity="4" sequenceCoverage="0" branchCoverage="0" crapScore="20" isConstructor="false" isStatic="false" isGetter="false" isSetter="false">
              <Summary numSequencePoints="10" visitedSequencePoints="0" numBranchPoints="5" visitedBranchPoints="0" sequenceCoverage="0" branchCoverage="0" maxCyclomaticComplexity="4" minCyclomaticComplexity="4" maxCrapScore="20" minCrapScore="20" visitedClasses="0" numClasses="0" visitedMethods="0" numMethods="1" />
              <MetadataToken>100663507</MetadataToken>
              <Name>System.Void ExMat.Lexer.ExLexer::LookForNext(ExMat.Token.TokenType,System.String,ExMat.Token.TokenType,ExMat.Token.TokenType&amp;)</Name>
              <FileRef uid="20" />
              <SequencePoints>
                <SequencePoint vc="0" uspid="6182" ordinal="0" offset="0" sl="603" sc="9" el="603" ec="10" bec="0" bev="0" fileid="20" />
                <SequencePoint vc="0" uspid="6183" ordinal="1" offset="1" sl="604" sc="13" el="604" ec="45" bec="0" bev="0" fileid="20" />
                <SequencePoint vc="0" uspid="6184" ordinal="2" offset="8" sl="605" sc="13" el="605" ec="25" bec="0" bev="0" fileid="20" />
                <SequencePoint vc="0" uspid="6185" ordinal="3" offset="15" sl="607" sc="13" el="607" ec="86" bec="4" bev="0" fileid="20" />
                <SequencePoint vc="0" uspid="6186" ordinal="4" offset="48" sl="608" sc="13" el="608" ec="14" bec="0" bev="0" fileid="20" />
                <SequencePoint vc="0" uspid="6187" ordinal="5" offset="49" sl="609" sc="17" el="609" ec="28" bec="0" bev="0" fileid="20" />
                <SequencePoint vc="0" uspid="6188" ordinal="6" offset="53" sl="610" sc="17" el="610" ec="23" bec="0" bev="0" fileid="20" />
                <SequencePoint vc="0" uspid="6189" ordinal="7" offset="60" sl="611" sc="13" el="611" ec="14" bec="0" bev="0" fileid="20" />
                <SequencePoint vc="0" uspid="6190" ordinal="8" offset="61" sl="612" sc="9" el="612" ec="10" bec="0" bev="0" fileid="20" />
                <SequencePoint vc="0" uspid="6191" ordinal="9" offset="74" sl="612" sc="9" el="612" ec="10" bec="0" bev="0" fileid="20" />
              </SequencePoints>
              <BranchPoints>
                <BranchPoint vc="0" uspid="6192" ordinal="0" offset="22" sl="607" path="0" offsetend="24" fileid="20" />
                <BranchPoint vc="0" uspid="6193" ordinal="1" offset="22" sl="607" path="1" offsetend="43" fileid="20" />
                <BranchPoint vc="0" uspid="6194" ordinal="2" offset="46" sl="607" path="0" offsetend="48" fileid="20" />
                <BranchPoint vc="0" uspid="6195" ordinal="3" offset="46" sl="607" path="1" offsetend="61" fileid="20" />
              </BranchPoints>
              <MethodPoint xsi:type="SequencePoint" vc="0" uspid="6182" ordinal="0" offset="0" sl="603" sc="9" el="603" ec="10" bec="0" bev="0" fileid="20" />
            </Method>
            <Method visited="false" cyclomaticComplexity="6" nPathComplexity="16" sequenceCoverage="0" branchCoverage="0" crapScore="42" isConstructor="false" isStatic="false" isGetter="false" isSetter="false">
              <Summary numSequencePoints="22" visitedSequencePoints="0" numBranchPoints="9" visitedBranchPoints="0" sequenceCoverage="0" branchCoverage="0" maxCyclomaticComplexity="6" minCyclomaticComplexity="6" maxCrapScore="42" minCrapScore="42" visitedClasses="0" numClasses="0" visitedMethods="0" numMethods="1" />
              <MetadataToken>100663508</MetadataToken>
              <Name>ExMat.Token.TokenType ExMat.Lexer.ExLexer::ReadId()</Name>
              <FileRef uid="20" />
              <SequencePoints>
                <SequencePoint vc="0" uspid="6196" ordinal="0" offset="0" sl="615" sc="9" el="615" ec="10" bec="0" bev="0" fileid="20" />
                <SequencePoint vc="0" uspid="6197" ordinal="1" offset="1" sl="616" sc="13" el="616" ec="35" bec="0" bev="0" fileid="20" />
                <SequencePoint vc="0" uspid="6198" ordinal="2" offset="12" sl="618" sc="13" el="618" ec="14" bec="0" bev="0" fileid="20" />
                <SequencePoint vc="0" uspid="6199" ordinal="3" offset="13" sl="619" sc="17" el="619" ec="51" bec="0" bev="0" fileid="20" />
                <SequencePoint vc="0" uspid="6200" ordinal="4" offset="31" sl="620" sc="17" el="620" ec="28" bec="0" bev="0" fileid="20" />
                <SequencePoint vc="0" uspid="6201" ordinal="5" offset="39" sl="622" sc="13" el="622" ec="14" bec="0" bev="0" fileid="20" />
                <SequencePoint vc="0" uspid="6202" ordinal="6" offset="40" sl="622" sc="15" el="622" ec="79" bec="2" bev="0" fileid="20" />
                <SequencePoint vc="0" uspid="6203" ordinal="7" offset="70" sl="624" sc="13" el="624" ec="41" bec="0" bev="0" fileid="20" />
                <SequencePoint vc="0" uspid="6204" ordinal="8" offset="77" sl="625" sc="13" el="625" ec="38" bec="2" bev="0" fileid="20" />
                <SequencePoint vc="0" uspid="6205" ordinal="9" offset="89" sl="626" sc="13" el="626" ec="14" bec="0" bev="0" fileid="20" />
                <SequencePoint vc="0" uspid="6206" ordinal="10" offset="90" sl="627" sc="17" el="627" ec="75" bec="0" bev="0" fileid="20" />
                <SequencePoint vc="0" uspid="6207" ordinal="11" offset="114" sl="628" sc="13" el="628" ec="14" bec="0" bev="0" fileid="20" />
                <SequencePoint vc="0" uspid="6208" ordinal="12" offset="117" sl="629" sc="18" el="629" ec="43" bec="2" bev="0" fileid="20" />
                <SequencePoint vc="0" uspid="6209" ordinal="13" offset="129" sl="630" sc="13" el="630" ec="14" bec="0" bev="0" fileid="20" />
                <SequencePoint vc="0" uspid="6210" ordinal="14" offset="130" sl="631" sc="17" el="631" ec="75" bec="0" bev="0" fileid="20" />
                <SequencePoint vc="0" uspid="6211" ordinal="15" offset="154" sl="632" sc="13" el="632" ec="14" bec="0" bev="0" fileid="20" />
                <SequencePoint vc="0" uspid="6212" ordinal="16" offset="155" sl="634" sc="13" el="634" ec="45" bec="2" bev="0" fileid="20" />
                <SequencePoint vc="0" uspid="6213" ordinal="17" offset="169" sl="635" sc="13" el="635" ec="14" bec="0" bev="0" fileid="20" />
                <SequencePoint vc="0" uspid="6214" ordinal="18" offset="170" sl="636" sc="17" el="636" ec="54" bec="0" bev="0" fileid="20" />
                <SequencePoint vc="0" uspid="6215" ordinal="19" offset="187" sl="637" sc="13" el="637" ec="14" bec="0" bev="0" fileid="20" />
                <SequencePoint vc="0" uspid="6216" ordinal="20" offset="188" sl="639" sc="13" el="639" ec="24" bec="0" bev="0" fileid="20" />
                <SequencePoint vc="0" uspid="6217" ordinal="21" offset="193" sl="640" sc="9" el="640" ec="10" bec="0" bev="0" fileid="20" />
              </SequencePoints>
              <BranchPoints>
                <BranchPoint vc="0" uspid="6218" ordinal="0" offset="51" sl="622" path="0" offsetend="53" fileid="20" />
                <BranchPoint vc="0" uspid="6219" ordinal="1" offset="51" sl="622" path="1" offsetend="65" fileid="20" />
                <BranchPoint vc="0" uspid="6220" ordinal="2" offset="87" sl="625" path="0" offsetend="89" fileid="20" />
                <BranchPoint vc="0" uspid="6221" ordinal="3" offset="87" sl="625" path="1" offsetend="117" fileid="20" />
                <BranchPoint vc="0" uspid="6222" ordinal="4" offset="127" sl="629" path="0" offsetend="129" fileid="20" />
                <BranchPoint vc="0" uspid="6223" ordinal="5" offset="127" sl="629" path="1" offsetend="155" fileid="20" />
                <BranchPoint vc="0" uspid="6224" ordinal="6" offset="167" sl="634" path="0" offsetend="169" fileid="20" />
                <BranchPoint vc="0" uspid="6225" ordinal="7" offset="167" sl="634" path="1" offsetend="188" fileid="20" />
              </BranchPoints>
              <MethodPoint xsi:type="SequencePoint" vc="0" uspid="6196" ordinal="0" offset="0" sl="615" sc="9" el="615" ec="10" bec="0" bev="0" fileid="20" />
            </Method>
            <Method visited="false" cyclomaticComplexity="2" nPathComplexity="2" sequenceCoverage="0" branchCoverage="0" crapScore="6" isConstructor="false" isStatic="true" isGetter="false" isSetter="false">
              <Summary numSequencePoints="3" visitedSequencePoints="0" numBranchPoints="3" visitedBranchPoints="0" sequenceCoverage="0" branchCoverage="0" maxCyclomaticComplexity="2" minCyclomaticComplexity="2" maxCrapScore="6" minCrapScore="6" visitedClasses="0" numClasses="0" visitedMethods="0" numMethods="1" />
              <MetadataToken>100663509</MetadataToken>
              <Name>System.Boolean ExMat.Lexer.ExLexer::IsExponent(System.Char)</Name>
              <FileRef uid="20" />
              <SequencePoints>
                <SequencePoint vc="0" uspid="6226" ordinal="0" offset="0" sl="644" sc="9" el="644" ec="10" bec="0" bev="0" fileid="20" />
                <SequencePoint vc="0" uspid="6227" ordinal="1" offset="1" sl="645" sc="13" el="645" ec="36" bec="2" bev="0" fileid="20" />
                <SequencePoint vc="0" uspid="6228" ordinal="2" offset="17" sl="646" sc="9" el="646" ec="10" bec="0" bev="0" fileid="20" />
              </SequencePoints>
              <BranchPoints>
                <BranchPoint vc="0" uspid="6229" ordinal="0" offset="4" sl="645" path="0" offsetend="6" fileid="20" />
                <BranchPoint vc="0" uspid="6230" ordinal="1" offset="4" sl="645" path="1" offsetend="13" fileid="20" />
              </BranchPoints>
              <MethodPoint xsi:type="SequencePoint" vc="0" uspid="6226" ordinal="0" offset="0" sl="644" sc="9" el="644" ec="10" bec="0" bev="0" fileid="20" />
            </Method>
            <Method visited="false" cyclomaticComplexity="2" nPathComplexity="2" sequenceCoverage="0" branchCoverage="0" crapScore="6" isConstructor="false" isStatic="true" isGetter="false" isSetter="false">
              <Summary numSequencePoints="3" visitedSequencePoints="0" numBranchPoints="3" visitedBranchPoints="0" sequenceCoverage="0" branchCoverage="0" maxCyclomaticComplexity="2" minCyclomaticComplexity="2" maxCrapScore="6" minCrapScore="6" visitedClasses="0" numClasses="0" visitedMethods="0" numMethods="1" />
              <MetadataToken>100663510</MetadataToken>
              <Name>System.Boolean ExMat.Lexer.ExLexer::IsSign(System.Char)</Name>
              <FileRef uid="20" />
              <SequencePoints>
                <SequencePoint vc="0" uspid="6231" ordinal="0" offset="0" sl="648" sc="9" el="648" ec="10" bec="0" bev="0" fileid="20" />
                <SequencePoint vc="0" uspid="6232" ordinal="1" offset="1" sl="649" sc="13" el="649" ec="36" bec="2" bev="0" fileid="20" />
                <SequencePoint vc="0" uspid="6233" ordinal="2" offset="17" sl="650" sc="9" el="650" ec="10" bec="0" bev="0" fileid="20" />
              </SequencePoints>
              <BranchPoints>
                <BranchPoint vc="0" uspid="6234" ordinal="0" offset="4" sl="649" path="0" offsetend="6" fileid="20" />
                <BranchPoint vc="0" uspid="6235" ordinal="1" offset="4" sl="649" path="1" offsetend="13" fileid="20" />
              </BranchPoints>
              <MethodPoint xsi:type="SequencePoint" vc="0" uspid="6231" ordinal="0" offset="0" sl="648" sc="9" el="648" ec="10" bec="0" bev="0" fileid="20" />
            </Method>
            <Method visited="false" cyclomaticComplexity="1" nPathComplexity="0" sequenceCoverage="0" branchCoverage="0" crapScore="2" isConstructor="false" isStatic="true" isGetter="false" isSetter="false">
              <Summary numSequencePoints="3" visitedSequencePoints="0" numBranchPoints="1" visitedBranchPoints="0" sequenceCoverage="0" branchCoverage="0" maxCyclomaticComplexity="1" minCyclomaticComplexity="1" maxCrapScore="2" minCrapScore="2" visitedClasses="0" numClasses="0" visitedMethods="0" numMethods="1" />
              <MetadataToken>100663511</MetadataToken>
              <Name>System.Boolean ExMat.Lexer.ExLexer::IsDotNetNumberChar(System.Char)</Name>
              <FileRef uid="20" />
              <SequencePoints>
                <SequencePoint vc="0" uspid="6236" ordinal="0" offset="0" sl="652" sc="9" el="652" ec="10" bec="0" bev="0" fileid="20" />
                <SequencePoint vc="0" uspid="6237" ordinal="1" offset="1" sl="653" sc="13" el="653" ec="29" bec="0" bev="0" fileid="20" />
                <SequencePoint vc="0" uspid="6238" ordinal="2" offset="12" sl="654" sc="9" el="654" ec="10" bec="0" bev="0" fileid="20" />
              </SequencePoints>
              <BranchPoints />
              <MethodPoint xsi:type="SequencePoint" vc="0" uspid="6236" ordinal="0" offset="0" sl="652" sc="9" el="652" ec="10" bec="0" bev="0" fileid="20" />
            </Method>
            <Method visited="false" cyclomaticComplexity="3" nPathComplexity="2" sequenceCoverage="0" branchCoverage="0" crapScore="12" isConstructor="false" isStatic="true" isGetter="false" isSetter="false">
              <Summary numSequencePoints="3" visitedSequencePoints="0" numBranchPoints="3" visitedBranchPoints="0" sequenceCoverage="0" branchCoverage="0" maxCyclomaticComplexity="3" minCyclomaticComplexity="3" maxCrapScore="12" minCrapScore="12" visitedClasses="0" numClasses="0" visitedMethods="0" numMethods="1" />
              <MetadataToken>100663512</MetadataToken>
              <Name>ExMat.Token.TokenType ExMat.Lexer.ExLexer::ReturnComplexOrGiven(System.Boolean,ExMat.Token.TokenType)</Name>
              <FileRef uid="20" />
              <SequencePoints>
                <SequencePoint vc="0" uspid="6239" ordinal="0" offset="0" sl="657" sc="9" el="657" ec="10" bec="0" bev="0" fileid="20" />
                <SequencePoint vc="0" uspid="6240" ordinal="1" offset="1" sl="658" sc="13" el="658" ec="58" bec="2" bev="0" fileid="20" />
                <SequencePoint vc="0" uspid="6241" ordinal="2" offset="15" sl="659" sc="9" el="659" ec="10" bec="0" bev="0" fileid="20" />
              </SequencePoints>
              <BranchPoints>
                <BranchPoint vc="0" uspid="6242" ordinal="0" offset="2" sl="658" path="0" offsetend="4" fileid="20" />
                <BranchPoint vc="0" uspid="6243" ordinal="1" offset="2" sl="658" path="1" offsetend="7" fileid="20" />
              </BranchPoints>
              <MethodPoint xsi:type="SequencePoint" vc="0" uspid="6239" ordinal="0" offset="0" sl="657" sc="9" el="657" ec="10" bec="0" bev="0" fileid="20" />
            </Method>
            <Method visited="false" cyclomaticComplexity="2" nPathComplexity="2" sequenceCoverage="0" branchCoverage="0" crapScore="6" isConstructor="false" isStatic="true" isGetter="false" isSetter="false">
              <Summary numSequencePoints="3" visitedSequencePoints="0" numBranchPoints="3" visitedBranchPoints="0" sequenceCoverage="0" branchCoverage="0" maxCyclomaticComplexity="2" minCyclomaticComplexity="2" maxCrapScore="6" minCrapScore="6" visitedClasses="0" numClasses="0" visitedMethods="0" numMethods="1" />
              <MetadataToken>100663513</MetadataToken>
              <Name>System.Int64 ExMat.Lexer.ExLexer::GetBinaryFromString(System.String,System.Boolean)</Name>
              <FileRef uid="20" />
              <SequencePoints>
                <SequencePoint vc="0" uspid="6244" ordinal="0" offset="0" sl="662" sc="9" el="662" ec="10" bec="0" bev="0" fileid="20" />
                <SequencePoint vc="0" uspid="6245" ordinal="1" offset="1" sl="663" sc="13" el="664" ec="54" bec="2" bev="0" fileid="20" />
                <SequencePoint vc="0" uspid="6246" ordinal="2" offset="24" sl="665" sc="9" el="665" ec="10" bec="0" bev="0" fileid="20" />
              </SequencePoints>
              <BranchPoints>
                <BranchPoint vc="0" uspid="6247" ordinal="0" offset="2" sl="663" path="0" offsetend="4" fileid="20" />
                <BranchPoint vc="0" uspid="6248" ordinal="1" offset="2" sl="663" path="1" offsetend="13" fileid="20" />
              </BranchPoints>
              <MethodPoint xsi:type="SequencePoint" vc="0" uspid="6244" ordinal="0" offset="0" sl="662" sc="9" el="662" ec="10" bec="0" bev="0" fileid="20" />
            </Method>
            <Method visited="false" cyclomaticComplexity="11" nPathComplexity="288" sequenceCoverage="0" branchCoverage="0" crapScore="132" isConstructor="false" isStatic="false" isGetter="false" isSetter="false">
              <Summary numSequencePoints="32" visitedSequencePoints="0" numBranchPoints="20" visitedBranchPoints="0" sequenceCoverage="0" branchCoverage="0" maxCyclomaticComplexity="11" minCyclomaticComplexity="11" maxCrapScore="132" minCrapScore="132" visitedClasses="0" numClasses="0" visitedMethods="0" numMethods="1" />
              <MetadataToken>100663514</MetadataToken>
              <Name>ExMat.Token.TokenType ExMat.Lexer.ExLexer::ParseNumberString(ExMat.Token.TokenType,System.Boolean,System.Boolean)</Name>
              <FileRef uid="20" />
              <SequencePoints>
                <SequencePoint vc="0" uspid="6249" ordinal="0" offset="0" sl="668" sc="9" el="668" ec="10" bec="0" bev="0" fileid="20" />
                <SequencePoint vc="0" uspid="6250" ordinal="1" offset="1" sl="669" sc="13" el="669" ec="25" bec="5" bev="0" fileid="20" />
                <SequencePoint vc="0" uspid="6251" ordinal="2" offset="54" sl="672" sc="21" el="672" ec="22" bec="0" bev="0" fileid="20" />
                <SequencePoint vc="0" uspid="6252" ordinal="3" offset="55" sl="673" sc="25" el="673" ec="93" bec="0" bev="0" fileid="20" />
                <SequencePoint vc="0" uspid="6253" ordinal="4" offset="78" sl="674" sc="25" el="674" ec="83" bec="0" bev="0" fileid="20" />
                <SequencePoint vc="0" uspid="6254" ordinal="5" offset="95" sl="677" sc="21" el="677" ec="22" bec="0" bev="0" fileid="20" />
                <SequencePoint vc="0" uspid="6255" ordinal="6" offset="96" sl="678" sc="25" el="678" ec="116" bec="2" bev="0" fileid="20" />
                <SequencePoint vc="0" uspid="6256" ordinal="7" offset="131" sl="679" sc="25" el="679" ec="26" bec="0" bev="0" fileid="20" />
                <SequencePoint vc="0" uspid="6257" ordinal="8" offset="132" sl="680" sc="29" el="680" ec="76" bec="0" bev="0" fileid="20" />
                <SequencePoint vc="0" uspid="6258" ordinal="9" offset="143" sl="681" sc="29" el="681" ec="54" bec="0" bev="0" fileid="20" />
                <SequencePoint vc="0" uspid="6259" ordinal="10" offset="150" sl="683" sc="25" el="683" ec="83" bec="0" bev="0" fileid="20" />
                <SequencePoint vc="0" uspid="6260" ordinal="11" offset="167" sl="687" sc="21" el="687" ec="22" bec="0" bev="0" fileid="20" />
                <SequencePoint vc="0" uspid="6261" ordinal="12" offset="168" sl="688" sc="25" el="688" ec="86" bec="2" bev="0" fileid="20" />
                <SequencePoint vc="0" uspid="6262" ordinal="13" offset="199" sl="689" sc="25" el="689" ec="26" bec="0" bev="0" fileid="20" />
                <SequencePoint vc="0" uspid="6263" ordinal="14" offset="200" sl="690" sc="29" el="690" ec="70" bec="0" bev="0" fileid="20" />
                <SequencePoint vc="0" uspid="6264" ordinal="15" offset="211" sl="691" sc="29" el="691" ec="54" bec="0" bev="0" fileid="20" />
                <SequencePoint vc="0" uspid="6265" ordinal="16" offset="218" sl="693" sc="25" el="693" ec="81" bec="0" bev="0" fileid="20" />
                <SequencePoint vc="0" uspid="6266" ordinal="17" offset="235" sl="696" sc="21" el="696" ec="22" bec="0" bev="0" fileid="20" />
                <SequencePoint vc="0" uspid="6267" ordinal="18" offset="236" sl="697" sc="25" el="697" ec="86" bec="2" bev="0" fileid="20" />
                <SequencePoint vc="0" uspid="6268" ordinal="19" offset="267" sl="698" sc="25" el="698" ec="26" bec="0" bev="0" fileid="20" />
                <SequencePoint vc="0" uspid="6269" ordinal="20" offset="268" sl="699" sc="29" el="699" ec="90" bec="2" bev="0" fileid="20" />
                <SequencePoint vc="0" uspid="6270" ordinal="21" offset="299" sl="700" sc="29" el="700" ec="30" bec="0" bev="0" fileid="20" />
                <SequencePoint vc="0" uspid="6271" ordinal="22" offset="300" sl="701" sc="33" el="701" ec="76" bec="0" bev="0" fileid="20" />
                <SequencePoint vc="0" uspid="6272" ordinal="23" offset="311" sl="702" sc="33" el="702" ec="58" bec="0" bev="0" fileid="20" />
                <SequencePoint vc="0" uspid="6273" ordinal="24" offset="315" sl="704" sc="29" el="704" ec="43" bec="2" bev="0" fileid="20" />
                <SequencePoint vc="0" uspid="6274" ordinal="25" offset="322" sl="705" sc="29" el="705" ec="30" bec="0" bev="0" fileid="20" />
                <SequencePoint vc="0" uspid="6275" ordinal="26" offset="323" sl="706" sc="33" el="706" ec="64" bec="0" bev="0" fileid="20" />
                <SequencePoint vc="0" uspid="6276" ordinal="27" offset="334" sl="707" sc="33" el="707" ec="58" bec="0" bev="0" fileid="20" />
                <SequencePoint vc="0" uspid="6277" ordinal="28" offset="342" sl="709" sc="29" el="709" ec="52" bec="0" bev="0" fileid="20" />
                <SequencePoint vc="0" uspid="6278" ordinal="29" offset="350" sl="711" sc="25" el="711" ec="83" bec="0" bev="0" fileid="20" />
                <SequencePoint vc="0" uspid="6279" ordinal="30" offset="364" sl="714" sc="13" el="714" ec="38" bec="0" bev="0" fileid="20" />
                <SequencePoint vc="0" uspid="6280" ordinal="31" offset="368" sl="715" sc="9" el="715" ec="10" bec="0" bev="0" fileid="20" />
              </SequencePoints>
              <BranchPoints>
                <BranchPoint vc="0" uspid="6281" ordinal="0" offset="12" sl="669" path="0" offsetchain="49" offsetend="364" fileid="20" />
                <BranchPoint vc="0" uspid="6282" ordinal="1" offset="12" sl="669" path="1" offsetend="235" fileid="20" />
                <BranchPoint vc="0" uspid="6283" ordinal="2" offset="12" sl="669" path="2" offsetend="167" fileid="20" />
                <BranchPoint vc="0" uspid="6284" ordinal="3" offset="12" sl="669" path="3" offsetend="167" fileid="20" />
                <BranchPoint vc="0" uspid="6285" ordinal="4" offset="12" sl="669" path="4" offsetend="364" fileid="20" />
                <BranchPoint vc="0" uspid="6286" ordinal="5" offset="12" sl="669" path="5" offsetend="364" fileid="20" />
                <BranchPoint vc="0" uspid="6287" ordinal="6" offset="12" sl="669" path="6" offsetend="364" fileid="20" />
                <BranchPoint vc="0" uspid="6288" ordinal="7" offset="12" sl="669" path="7" offsetend="95" fileid="20" />
                <BranchPoint vc="0" uspid="6289" ordinal="8" offset="12" sl="669" path="8" offsetend="54" fileid="20" />
                <BranchPoint vc="0" uspid="6290" ordinal="9" offset="129" sl="678" path="0" offsetend="131" fileid="20" />
                <BranchPoint vc="0" uspid="6291" ordinal="10" offset="129" sl="678" path="1" offsetend="150" fileid="20" />
                <BranchPoint vc="0" uspid="6292" ordinal="11" offset="197" sl="688" path="0" offsetend="199" fileid="20" />
                <BranchPoint vc="0" uspid="6293" ordinal="12" offset="197" sl="688" path="1" offsetend="218" fileid="20" />
                <BranchPoint vc="0" uspid="6294" ordinal="13" offset="265" sl="697" path="0" offsetend="267" fileid="20" />
                <BranchPoint vc="0" uspid="6295" ordinal="14" offset="265" sl="697" path="1" offsetend="350" fileid="20" />
                <BranchPoint vc="0" uspid="6296" ordinal="15" offset="297" sl="699" path="0" offsetend="299" fileid="20" />
                <BranchPoint vc="0" uspid="6297" ordinal="16" offset="297" sl="699" path="1" offsetend="315" fileid="20" />
                <BranchPoint vc="0" uspid="6298" ordinal="17" offset="320" sl="704" path="0" offsetend="322" fileid="20" />
                <BranchPoint vc="0" uspid="6299" ordinal="18" offset="320" sl="704" path="1" offsetend="342" fileid="20" />
              </BranchPoints>
              <MethodPoint xsi:type="SequencePoint" vc="0" uspid="6249" ordinal="0" offset="0" sl="668" sc="9" el="668" ec="10" bec="0" bev="0" fileid="20" />
            </Method>
            <Method visited="false" cyclomaticComplexity="4" nPathComplexity="4" sequenceCoverage="0" branchCoverage="0" crapScore="20" isConstructor="false" isStatic="false" isGetter="false" isSetter="false">
              <Summary numSequencePoints="20" visitedSequencePoints="0" numBranchPoints="5" visitedBranchPoints="0" sequenceCoverage="0" branchCoverage="0" maxCyclomaticComplexity="4" minCyclomaticComplexity="4" maxCrapScore="20" minCrapScore="20" visitedClasses="0" numClasses="0" visitedMethods="0" numMethods="1" />
              <MetadataToken>100663515</MetadataToken>
              <Name>ExMat.Token.TokenType ExMat.Lexer.ExLexer::ReadHexNumber()</Name>
              <FileRef uid="20" />
              <SequencePoints>
                <SequencePoint vc="0" uspid="6300" ordinal="0" offset="0" sl="718" sc="9" el="718" ec="10" bec="0" bev="0" fileid="20" />
                <SequencePoint vc="0" uspid="6301" ordinal="1" offset="1" sl="719" sc="13" el="719" ec="41" bec="2" bev="0" fileid="20" />
                <SequencePoint vc="0" uspid="6302" ordinal="2" offset="24" sl="720" sc="13" el="720" ec="14" bec="0" bev="0" fileid="20" />
                <SequencePoint vc="0" uspid="6303" ordinal="3" offset="25" sl="721" sc="17" el="721" ec="87" bec="0" bev="0" fileid="20" />
                <SequencePoint vc="0" uspid="6304" ordinal="4" offset="36" sl="722" sc="17" el="722" ec="42" bec="0" bev="0" fileid="20" />
                <SequencePoint vc="0" uspid="6305" ordinal="5" offset="43" sl="725" sc="13" el="725" ec="24" bec="0" bev="0" fileid="20" />
                <SequencePoint vc="0" uspid="6306" ordinal="6" offset="51" sl="726" sc="13" el="726" ec="35" bec="0" bev="0" fileid="20" />
                <SequencePoint vc="0" uspid="6307" ordinal="7" offset="64" sl="729" sc="13" el="729" ec="14" bec="0" bev="0" fileid="20" />
                <SequencePoint vc="0" uspid="6308" ordinal="8" offset="65" sl="730" sc="17" el="730" ec="51" bec="0" bev="0" fileid="20" />
                <SequencePoint vc="0" uspid="6309" ordinal="9" offset="83" sl="730" sc="52" el="730" ec="63" bec="0" bev="0" fileid="20" />
                <SequencePoint vc="0" uspid="6310" ordinal="10" offset="91" sl="731" sc="13" el="731" ec="14" bec="0" bev="0" fileid="20" />
                <SequencePoint vc="0" uspid="6311" ordinal="11" offset="92" sl="728" sc="13" el="728" ec="52" bec="0" bev="0" fileid="20" />
                <SequencePoint vc="0" uspid="6312" ordinal="12" offset="107" sl="733" sc="13" el="733" ec="47" bec="0" bev="0" fileid="20" />
                <SequencePoint vc="0" uspid="6313" ordinal="13" offset="119" sl="734" sc="13" el="734" ec="29" bec="2" bev="0" fileid="20" />
                <SequencePoint vc="0" uspid="6314" ordinal="14" offset="130" sl="735" sc="13" el="735" ec="14" bec="0" bev="0" fileid="20" />
                <SequencePoint vc="0" uspid="6315" ordinal="15" offset="131" sl="736" sc="17" el="736" ec="97" bec="0" bev="0" fileid="20" />
                <SequencePoint vc="0" uspid="6316" ordinal="16" offset="142" sl="737" sc="17" el="737" ec="42" bec="0" bev="0" fileid="20" />
                <SequencePoint vc="0" uspid="6317" ordinal="17" offset="146" sl="740" sc="13" el="740" ec="67" bec="0" bev="0" fileid="20" />
                <SequencePoint vc="0" uspid="6318" ordinal="18" offset="170" sl="741" sc="13" el="741" ec="34" bec="0" bev="0" fileid="20" />
                <SequencePoint vc="0" uspid="6319" ordinal="19" offset="178" sl="742" sc="9" el="742" ec="10" bec="0" bev="0" fileid="20" />
              </SequencePoints>
              <BranchPoints>
                <BranchPoint vc="0" uspid="6320" ordinal="0" offset="22" sl="719" path="0" offsetend="24" fileid="20" />
                <BranchPoint vc="0" uspid="6321" ordinal="1" offset="22" sl="719" path="1" offsetend="43" fileid="20" />
                <BranchPoint vc="0" uspid="6322" ordinal="2" offset="128" sl="734" path="0" offsetend="130" fileid="20" />
                <BranchPoint vc="0" uspid="6323" ordinal="3" offset="128" sl="734" path="1" offsetend="146" fileid="20" />
              </BranchPoints>
              <MethodPoint xsi:type="SequencePoint" vc="0" uspid="6300" ordinal="0" offset="0" sl="718" sc="9" el="718" ec="10" bec="0" bev="0" fileid="20" />
            </Method>
            <Method visited="false" cyclomaticComplexity="9" nPathComplexity="64" sequenceCoverage="0" branchCoverage="0" crapScore="90" isConstructor="false" isStatic="false" isGetter="false" isSetter="false">
              <Summary numSequencePoints="28" visitedSequencePoints="0" numBranchPoints="13" visitedBranchPoints="0" sequenceCoverage="0" branchCoverage="0" maxCyclomaticComplexity="9" minCyclomaticComplexity="9" maxCrapScore="90" minCrapScore="90" visitedClasses="0" numClasses="0" visitedMethods="0" numMethods="1" />
              <MetadataToken>100663516</MetadataToken>
              <Name>ExMat.Token.TokenType ExMat.Lexer.ExLexer::ReadBinaryNumber(System.Boolean&amp;)</Name>
              <FileRef uid="20" />
              <SequencePoints>
                <SequencePoint vc="0" uspid="6324" ordinal="0" offset="0" sl="745" sc="9" el="745" ec="10" bec="0" bev="0" fileid="20" />
                <SequencePoint vc="0" uspid="6325" ordinal="1" offset="1" sl="746" sc="13" el="746" ec="42" bec="0" bev="0" fileid="20" />
                <SequencePoint vc="0" uspid="6326" ordinal="2" offset="13" sl="748" sc="13" el="748" ec="41" bec="2" bev="0" fileid="20" />
                <SequencePoint vc="0" uspid="6327" ordinal="3" offset="36" sl="749" sc="13" el="749" ec="14" bec="0" bev="0" fileid="20" />
                <SequencePoint vc="0" uspid="6328" ordinal="4" offset="37" sl="750" sc="17" el="750" ec="82" bec="0" bev="0" fileid="20" />
                <SequencePoint vc="0" uspid="6329" ordinal="5" offset="48" sl="751" sc="17" el="751" ec="42" bec="0" bev="0" fileid="20" />
                <SequencePoint vc="0" uspid="6330" ordinal="6" offset="55" sl="754" sc="13" el="754" ec="24" bec="0" bev="0" fileid="20" />
                <SequencePoint vc="0" uspid="6331" ordinal="7" offset="63" sl="755" sc="13" el="755" ec="35" bec="0" bev="0" fileid="20" />
                <SequencePoint vc="0" uspid="6332" ordinal="8" offset="76" sl="758" sc="13" el="758" ec="14" bec="0" bev="0" fileid="20" />
                <SequencePoint vc="0" uspid="6333" ordinal="9" offset="77" sl="759" sc="17" el="759" ec="51" bec="0" bev="0" fileid="20" />
                <SequencePoint vc="0" uspid="6334" ordinal="10" offset="95" sl="759" sc="52" el="759" ec="63" bec="0" bev="0" fileid="20" />
                <SequencePoint vc="0" uspid="6335" ordinal="11" offset="103" sl="760" sc="13" el="760" ec="14" bec="0" bev="0" fileid="20" />
                <SequencePoint vc="0" uspid="6336" ordinal="12" offset="104" sl="757" sc="13" el="757" ec="46" bec="2" bev="0" fileid="20" />
                <SequencePoint vc="0" uspid="6337" ordinal="13" offset="137" sl="762" sc="13" el="762" ec="47" bec="0" bev="0" fileid="20" />
                <SequencePoint vc="0" uspid="6338" ordinal="14" offset="149" sl="763" sc="13" el="763" ec="25" bec="2" bev="0" fileid="20" />
                <SequencePoint vc="0" uspid="6339" ordinal="15" offset="157" sl="764" sc="13" el="764" ec="14" bec="0" bev="0" fileid="20" />
                <SequencePoint vc="0" uspid="6340" ordinal="16" offset="158" sl="765" sc="17" el="765" ec="33" bec="2" bev="0" fileid="20" />
                <SequencePoint vc="0" uspid="6341" ordinal="17" offset="169" sl="766" sc="17" el="766" ec="18" bec="0" bev="0" fileid="20" />
                <SequencePoint vc="0" uspid="6342" ordinal="18" offset="170" sl="767" sc="21" el="767" ec="84" bec="0" bev="0" fileid="20" />
                <SequencePoint vc="0" uspid="6343" ordinal="19" offset="181" sl="768" sc="21" el="768" ec="46" bec="0" bev="0" fileid="20" />
                <SequencePoint vc="0" uspid="6344" ordinal="20" offset="185" sl="770" sc="13" el="770" ec="14" bec="0" bev="0" fileid="20" />
                <SequencePoint vc="0" uspid="6345" ordinal="21" offset="188" sl="771" sc="18" el="771" ec="34" bec="2" bev="0" fileid="20" />
                <SequencePoint vc="0" uspid="6346" ordinal="22" offset="199" sl="772" sc="13" el="772" ec="14" bec="0" bev="0" fileid="20" />
                <SequencePoint vc="0" uspid="6347" ordinal="23" offset="200" sl="773" sc="17" el="773" ec="80" bec="0" bev="0" fileid="20" />
                <SequencePoint vc="0" uspid="6348" ordinal="24" offset="211" sl="774" sc="17" el="774" ec="42" bec="0" bev="0" fileid="20" />
                <SequencePoint vc="0" uspid="6349" ordinal="25" offset="215" sl="777" sc="13" el="777" ec="84" bec="2" bev="0" fileid="20" />
                <SequencePoint vc="0" uspid="6350" ordinal="26" offset="247" sl="778" sc="13" el="778" ec="37" bec="0" bev="0" fileid="20" />
                <SequencePoint vc="0" uspid="6351" ordinal="27" offset="255" sl="779" sc="9" el="779" ec="10" bec="0" bev="0" fileid="20" />
              </SequencePoints>
              <BranchPoints>
                <BranchPoint vc="0" uspid="6352" ordinal="0" offset="34" sl="748" path="0" offsetend="36" fileid="20" />
                <BranchPoint vc="0" uspid="6353" ordinal="1" offset="34" sl="748" path="1" offsetend="55" fileid="20" />
                <BranchPoint vc="0" uspid="6354" ordinal="2" offset="116" sl="757" path="0" offsetend="118" fileid="20" />
                <BranchPoint vc="0" uspid="6355" ordinal="3" offset="116" sl="757" path="1" offsetend="129" fileid="20" />
                <BranchPoint vc="0" uspid="6356" ordinal="4" offset="155" sl="763" path="0" offsetend="157" fileid="20" />
                <BranchPoint vc="0" uspid="6357" ordinal="5" offset="155" sl="763" path="1" offsetend="188" fileid="20" />
                <BranchPoint vc="0" uspid="6358" ordinal="6" offset="167" sl="765" path="0" offsetend="169" fileid="20" />
                <BranchPoint vc="0" uspid="6359" ordinal="7" offset="167" sl="765" path="1" offsetend="185" fileid="20" />
                <BranchPoint vc="0" uspid="6360" ordinal="8" offset="197" sl="771" path="0" offsetend="199" fileid="20" />
                <BranchPoint vc="0" uspid="6361" ordinal="9" offset="197" sl="771" path="1" offsetend="215" fileid="20" />
                <BranchPoint vc="0" uspid="6362" ordinal="10" offset="226" sl="777" path="0" offsetend="228" fileid="20" />
                <BranchPoint vc="0" uspid="6363" ordinal="11" offset="226" sl="777" path="1" offsetend="232" fileid="20" />
              </BranchPoints>
              <MethodPoint xsi:type="SequencePoint" vc="0" uspid="6324" ordinal="0" offset="0" sl="745" sc="9" el="745" ec="10" bec="0" bev="0" fileid="20" />
            </Method>
            <Method visited="false" cyclomaticComplexity="9" nPathComplexity="256" sequenceCoverage="0" branchCoverage="0" crapScore="90" isConstructor="false" isStatic="false" isGetter="false" isSetter="false">
              <Summary numSequencePoints="32" visitedSequencePoints="0" numBranchPoints="17" visitedBranchPoints="0" sequenceCoverage="0" branchCoverage="0" maxCyclomaticComplexity="9" minCyclomaticComplexity="9" maxCrapScore="90" minCrapScore="90" visitedClasses="0" numClasses="0" visitedMethods="0" numMethods="1" />
              <MetadataToken>100663517</MetadataToken>
              <Name>ExMat.Token.TokenType ExMat.Lexer.ExLexer::ReadNumberSimple()</Name>
              <FileRef uid="20" />
              <SequencePoints>
                <SequencePoint vc="0" uspid="6364" ordinal="0" offset="0" sl="782" sc="9" el="782" ec="10" bec="0" bev="0" fileid="20" />
                <SequencePoint vc="0" uspid="6365" ordinal="1" offset="1" sl="783" sc="13" el="783" ec="47" bec="0" bev="0" fileid="20" />
                <SequencePoint vc="0" uspid="6366" ordinal="2" offset="12" sl="785" sc="13" el="785" ec="14" bec="0" bev="0" fileid="20" />
                <SequencePoint vc="0" uspid="6367" ordinal="3" offset="13" sl="786" sc="17" el="786" ec="40" bec="2" bev="0" fileid="20" />
                <SequencePoint vc="0" uspid="6368" ordinal="4" offset="27" sl="787" sc="17" el="787" ec="18" bec="0" bev="0" fileid="20" />
                <SequencePoint vc="0" uspid="6369" ordinal="5" offset="28" sl="788" sc="21" el="788" ec="43" bec="0" bev="0" fileid="20" />
                <SequencePoint vc="0" uspid="6370" ordinal="6" offset="34" sl="789" sc="17" el="789" ec="18" bec="0" bev="0" fileid="20" />
                <SequencePoint vc="0" uspid="6371" ordinal="7" offset="40" sl="790" sc="22" el="790" ec="50" bec="2" bev="0" fileid="20" />
                <SequencePoint vc="0" uspid="6372" ordinal="8" offset="58" sl="791" sc="17" el="791" ec="18" bec="0" bev="0" fileid="20" />
                <SequencePoint vc="0" uspid="6373" ordinal="9" offset="59" sl="792" sc="21" el="792" ec="50" bec="2" bev="0" fileid="20" />
                <SequencePoint vc="0" uspid="6374" ordinal="10" offset="90" sl="793" sc="21" el="793" ec="22" bec="0" bev="0" fileid="20" />
                <SequencePoint vc="0" uspid="6375" ordinal="11" offset="91" sl="794" sc="25" el="794" ec="68" bec="0" bev="0" fileid="20" />
                <SequencePoint vc="0" uspid="6376" ordinal="12" offset="102" sl="795" sc="25" el="795" ec="50" bec="0" bev="0" fileid="20" />
                <SequencePoint vc="0" uspid="6377" ordinal="13" offset="110" sl="798" sc="21" el="798" ec="48" bec="0" bev="0" fileid="20" />
                <SequencePoint vc="0" uspid="6378" ordinal="14" offset="116" sl="800" sc="21" el="800" ec="55" bec="0" bev="0" fileid="20" />
                <SequencePoint vc="0" uspid="6379" ordinal="15" offset="134" sl="800" sc="56" el="800" ec="67" bec="0" bev="0" fileid="20" />
                <SequencePoint vc="0" uspid="6380" ordinal="16" offset="142" sl="802" sc="21" el="802" ec="45" bec="2" bev="0" fileid="20" />
                <SequencePoint vc="0" uspid="6381" ordinal="17" offset="159" sl="803" sc="21" el="803" ec="22" bec="0" bev="0" fileid="20" />
                <SequencePoint vc="0" uspid="6382" ordinal="18" offset="160" sl="804" sc="25" el="804" ec="59" bec="0" bev="0" fileid="20" />
                <SequencePoint vc="0" uspid="6383" ordinal="19" offset="178" sl="804" sc="60" el="804" ec="71" bec="0" bev="0" fileid="20" />
                <SequencePoint vc="0" uspid="6384" ordinal="20" offset="186" sl="805" sc="21" el="805" ec="22" bec="0" bev="0" fileid="20" />
                <SequencePoint vc="0" uspid="6385" ordinal="21" offset="187" sl="807" sc="21" el="807" ec="52" bec="2" bev="0" fileid="20" />
                <SequencePoint vc="0" uspid="6386" ordinal="22" offset="207" sl="808" sc="21" el="808" ec="22" bec="0" bev="0" fileid="20" />
                <SequencePoint vc="0" uspid="6387" ordinal="23" offset="208" sl="809" sc="25" el="809" ec="69" bec="0" bev="0" fileid="20" />
                <SequencePoint vc="0" uspid="6388" ordinal="24" offset="219" sl="810" sc="25" el="810" ec="50" bec="0" bev="0" fileid="20" />
                <SequencePoint vc="0" uspid="6389" ordinal="25" offset="224" sl="812" sc="17" el="812" ec="18" bec="0" bev="0" fileid="20" />
                <SequencePoint vc="0" uspid="6390" ordinal="26" offset="225" sl="814" sc="17" el="814" ec="51" bec="0" bev="0" fileid="20" />
                <SequencePoint vc="0" uspid="6391" ordinal="27" offset="243" sl="814" sc="52" el="814" ec="63" bec="0" bev="0" fileid="20" />
                <SequencePoint vc="0" uspid="6392" ordinal="28" offset="251" sl="815" sc="13" el="815" ec="14" bec="0" bev="0" fileid="20" />
                <SequencePoint vc="0" uspid="6393" ordinal="29" offset="252" sl="784" sc="13" el="784" ec="95" bec="5" bev="0" fileid="20" />
                <SequencePoint vc="0" uspid="6394" ordinal="30" offset="298" sl="817" sc="13" el="817" ec="24" bec="0" bev="0" fileid="20" />
                <SequencePoint vc="0" uspid="6395" ordinal="31" offset="303" sl="818" sc="9" el="818" ec="10" bec="0" bev="0" fileid="20" />
              </SequencePoints>
              <BranchPoints>
                <BranchPoint vc="0" uspid="6396" ordinal="0" offset="25" sl="786" path="0" offsetend="27" fileid="20" />
                <BranchPoint vc="0" uspid="6397" ordinal="1" offset="25" sl="786" path="1" offsetend="40" fileid="20" />
                <BranchPoint vc="0" uspid="6398" ordinal="2" offset="53" sl="790" path="0" offsetend="58" fileid="20" />
                <BranchPoint vc="0" uspid="6399" ordinal="3" offset="53" sl="790" path="1" offsetend="225" fileid="20" />
                <BranchPoint vc="0" uspid="6400" ordinal="4" offset="88" sl="792" path="0" offsetend="90" fileid="20" />
                <BranchPoint vc="0" uspid="6401" ordinal="5" offset="88" sl="792" path="1" offsetend="110" fileid="20" />
                <BranchPoint vc="0" uspid="6402" ordinal="6" offset="157" sl="802" path="0" offsetend="159" fileid="20" />
                <BranchPoint vc="0" uspid="6403" ordinal="7" offset="157" sl="802" path="1" offsetend="187" fileid="20" />
                <BranchPoint vc="0" uspid="6404" ordinal="8" offset="205" sl="807" path="0" offsetend="207" fileid="20" />
                <BranchPoint vc="0" uspid="6405" ordinal="9" offset="205" sl="807" path="1" offsetend="224" fileid="20" />
                <BranchPoint vc="0" uspid="6406" ordinal="10" offset="260" sl="784" path="0" offsetend="262" fileid="20" />
                <BranchPoint vc="0" uspid="6407" ordinal="11" offset="260" sl="784" path="1" offsetend="288" fileid="20" />
                <BranchPoint vc="0" uspid="6408" ordinal="12" offset="273" sl="784" path="0" offsetend="275" fileid="20" />
                <BranchPoint vc="0" uspid="6409" ordinal="13" offset="273" sl="784" path="1" offsetend="288" fileid="20" />
                <BranchPoint vc="0" uspid="6410" ordinal="14" offset="293" sl="784" path="0" offsetend="298" fileid="20" />
                <BranchPoint vc="0" uspid="6411" ordinal="15" offset="293" sl="784" path="1" offsetend="12" fileid="20" />
              </BranchPoints>
              <MethodPoint xsi:type="SequencePoint" vc="0" uspid="6364" ordinal="0" offset="0" sl="782" sc="9" el="782" ec="10" bec="0" bev="0" fileid="20" />
            </Method>
            <Method visited="false" cyclomaticComplexity="8" nPathComplexity="128" sequenceCoverage="0" branchCoverage="0" crapScore="72" isConstructor="false" isStatic="false" isGetter="false" isSetter="false">
              <Summary numSequencePoints="32" visitedSequencePoints="0" numBranchPoints="15" visitedBranchPoints="0" sequenceCoverage="0" branchCoverage="0" maxCyclomaticComplexity="8" minCyclomaticComplexity="8" maxCrapScore="72" minCrapScore="72" visitedClasses="0" numClasses="0" visitedMethods="0" numMethods="1" />
              <MetadataToken>100663518</MetadataToken>
              <Name>ExMat.Token.TokenType ExMat.Lexer.ExLexer::ReadNumber(System.Char)</Name>
              <FileRef uid="20" />
              <SequencePoints>
                <SequencePoint vc="0" uspid="6412" ordinal="0" offset="0" sl="821" sc="9" el="821" ec="10" bec="0" bev="0" fileid="20" />
                <SequencePoint vc="0" uspid="6413" ordinal="1" offset="1" sl="822" sc="13" el="822" ec="34" bec="0" bev="0" fileid="20" />
                <SequencePoint vc="0" uspid="6414" ordinal="2" offset="3" sl="823" sc="13" el="823" ec="47" bec="0" bev="0" fileid="20" />
                <SequencePoint vc="0" uspid="6415" ordinal="3" offset="9" sl="824" sc="13" el="824" ec="77" bec="0" bev="0" fileid="20" />
                <SequencePoint vc="0" uspid="6416" ordinal="4" offset="32" sl="826" sc="13" el="826" ec="24" bec="0" bev="0" fileid="20" />
                <SequencePoint vc="0" uspid="6417" ordinal="5" offset="40" sl="827" sc="13" el="827" ec="43" bec="2" bev="0" fileid="20" />
                <SequencePoint vc="0" uspid="6418" ordinal="6" offset="50" sl="828" sc="13" el="828" ec="14" bec="0" bev="0" fileid="20" />
                <SequencePoint vc="0" uspid="6419" ordinal="7" offset="51" sl="829" sc="17" el="829" ec="66" bec="0" bev="0" fileid="20" />
                <SequencePoint vc="0" uspid="6420" ordinal="8" offset="70" sl="832" sc="13" el="832" ec="33" bec="5" bev="0" fileid="20" />
                <SequencePoint vc="0" uspid="6421" ordinal="9" offset="106" sl="835" sc="21" el="835" ec="22" bec="0" bev="0" fileid="20" />
                <SequencePoint vc="0" uspid="6422" ordinal="10" offset="107" sl="836" sc="25" el="836" ec="47" bec="0" bev="0" fileid="20" />
                <SequencePoint vc="0" uspid="6423" ordinal="11" offset="114" sl="837" sc="25" el="837" ec="31" bec="0" bev="0" fileid="20" />
                <SequencePoint vc="0" uspid="6424" ordinal="12" offset="116" sl="841" sc="21" el="841" ec="22" bec="0" bev="0" fileid="20" />
                <SequencePoint vc="0" uspid="6425" ordinal="13" offset="117" sl="842" sc="25" el="842" ec="61" bec="0" bev="0" fileid="20" />
                <SequencePoint vc="0" uspid="6426" ordinal="14" offset="126" sl="843" sc="25" el="843" ec="31" bec="0" bev="0" fileid="20" />
                <SequencePoint vc="0" uspid="6427" ordinal="15" offset="128" sl="846" sc="21" el="846" ec="22" bec="0" bev="0" fileid="20" />
                <SequencePoint vc="0" uspid="6428" ordinal="16" offset="129" sl="847" sc="25" el="847" ec="50" bec="0" bev="0" fileid="20" />
                <SequencePoint vc="0" uspid="6429" ordinal="17" offset="136" sl="848" sc="25" el="848" ec="31" bec="0" bev="0" fileid="20" />
                <SequencePoint vc="0" uspid="6430" ordinal="18" offset="138" sl="852" sc="13" el="852" ec="42" bec="2" bev="0" fileid="20" />
                <SequencePoint vc="0" uspid="6431" ordinal="19" offset="148" sl="853" sc="13" el="853" ec="14" bec="0" bev="0" fileid="20" />
                <SequencePoint vc="0" uspid="6432" ordinal="20" offset="149" sl="854" sc="17" el="854" ec="28" bec="0" bev="0" fileid="20" />
                <SequencePoint vc="0" uspid="6433" ordinal="21" offset="153" sl="856" sc="18" el="856" ec="47" bec="2" bev="0" fileid="20" />
                <SequencePoint vc="0" uspid="6434" ordinal="22" offset="186" sl="857" sc="13" el="857" ec="14" bec="0" bev="0" fileid="20" />
                <SequencePoint vc="0" uspid="6435" ordinal="23" offset="187" sl="858" sc="17" el="858" ec="60" bec="0" bev="0" fileid="20" />
                <SequencePoint vc="0" uspid="6436" ordinal="24" offset="198" sl="859" sc="17" el="859" ec="42" bec="0" bev="0" fileid="20" />
                <SequencePoint vc="0" uspid="6437" ordinal="25" offset="202" sl="861" sc="18" el="861" ec="41" bec="2" bev="0" fileid="20" />
                <SequencePoint vc="0" uspid="6438" ordinal="26" offset="218" sl="862" sc="13" el="862" ec="14" bec="0" bev="0" fileid="20" />
                <SequencePoint vc="0" uspid="6439" ordinal="27" offset="219" sl="863" sc="17" el="863" ec="28" bec="0" bev="0" fileid="20" />
                <SequencePoint vc="0" uspid="6440" ordinal="28" offset="227" sl="865" sc="17" el="865" ec="47" bec="0" bev="0" fileid="20" />
                <SequencePoint vc="0" uspid="6441" ordinal="29" offset="235" sl="866" sc="17" el="866" ec="62" bec="0" bev="0" fileid="20" />
                <SequencePoint vc="0" uspid="6442" ordinal="30" offset="247" sl="868" sc="13" el="868" ec="59" bec="0" bev="0" fileid="20" />
                <SequencePoint vc="0" uspid="6443" ordinal="31" offset="259" sl="869" sc="9" el="869" ec="10" bec="0" bev="0" fileid="20" />
              </SequencePoints>
              <BranchPoints>
                <BranchPoint vc="0" uspid="6444" ordinal="0" offset="48" sl="827" path="0" offsetend="50" fileid="20" />
                <BranchPoint vc="0" uspid="6445" ordinal="1" offset="48" sl="827" path="1" offsetend="70" fileid="20" />
                <BranchPoint vc="0" uspid="6446" ordinal="2" offset="86" sl="832" path="0" offsetchain="88" offsetend="90" fileid="20" />
                <BranchPoint vc="0" uspid="6447" ordinal="3" offset="86" sl="832" path="1" offsetend="116" fileid="20" />
                <BranchPoint vc="0" uspid="6448" ordinal="4" offset="94" sl="832" path="0" offsetchain="96" offsetend="98" fileid="20" />
                <BranchPoint vc="0" uspid="6449" ordinal="5" offset="94" sl="832" path="1" offsetend="116" fileid="20" />
                <BranchPoint vc="0" uspid="6450" ordinal="6" offset="102" sl="832" path="0" offsetchain="104" offsetend="128" fileid="20" />
                <BranchPoint vc="0" uspid="6451" ordinal="7" offset="102" sl="832" path="1" offsetend="106" fileid="20" />
                <BranchPoint vc="0" uspid="6452" ordinal="8" offset="146" sl="852" path="0" offsetend="148" fileid="20" />
                <BranchPoint vc="0" uspid="6453" ordinal="9" offset="146" sl="852" path="1" offsetend="153" fileid="20" />
                <BranchPoint vc="0" uspid="6454" ordinal="10" offset="184" sl="856" path="0" offsetend="186" fileid="20" />
                <BranchPoint vc="0" uspid="6455" ordinal="11" offset="184" sl="856" path="1" offsetend="202" fileid="20" />
                <BranchPoint vc="0" uspid="6456" ordinal="12" offset="216" sl="861" path="0" offsetend="218" fileid="20" />
                <BranchPoint vc="0" uspid="6457" ordinal="13" offset="216" sl="861" path="1" offsetend="247" fileid="20" />
              </BranchPoints>
              <MethodPoint xsi:type="SequencePoint" vc="0" uspid="6412" ordinal="0" offset="0" sl="821" sc="9" el="821" ec="10" bec="0" bev="0" fileid="20" />
            </Method>
            <Method visited="false" cyclomaticComplexity="3" nPathComplexity="4" sequenceCoverage="0" branchCoverage="0" crapScore="12" isConstructor="false" isStatic="false" isGetter="false" isSetter="false">
              <Summary numSequencePoints="9" visitedSequencePoints="0" numBranchPoints="5" visitedBranchPoints="0" sequenceCoverage="0" branchCoverage="0" maxCyclomaticComplexity="3" minCyclomaticComplexity="3" maxCrapScore="12" minCrapScore="12" visitedClasses="0" numClasses="0" visitedMethods="0" numMethods="1" />
              <MetadataToken>100663519</MetadataToken>
              <Name>System.Void ExMat.Lexer.ExLexer::DecideComplexNumRealPart(ExMat.Token.TokenType)</Name>
              <FileRef uid="20" />
              <SequencePoints>
                <SequencePoint vc="0" uspid="6458" ordinal="0" offset="0" sl="872" sc="9" el="872" ec="10" bec="0" bev="0" fileid="20" />
                <SequencePoint vc="0" uspid="6459" ordinal="1" offset="1" sl="873" sc="13" el="873" ec="25" bec="3" bev="0" fileid="20" />
                <SequencePoint vc="0" uspid="6460" ordinal="2" offset="27" sl="878" sc="21" el="878" ec="22" bec="0" bev="0" fileid="20" />
                <SequencePoint vc="0" uspid="6461" ordinal="3" offset="28" sl="879" sc="25" el="879" ec="58" bec="0" bev="0" fileid="20" />
                <SequencePoint vc="0" uspid="6462" ordinal="4" offset="39" sl="880" sc="25" el="880" ec="31" bec="0" bev="0" fileid="20" />
                <SequencePoint vc="0" uspid="6463" ordinal="5" offset="41" sl="883" sc="21" el="883" ec="22" bec="0" bev="0" fileid="20" />
                <SequencePoint vc="0" uspid="6464" ordinal="6" offset="42" sl="884" sc="25" el="884" ec="56" bec="0" bev="0" fileid="20" />
                <SequencePoint vc="0" uspid="6465" ordinal="7" offset="53" sl="885" sc="25" el="885" ec="31" bec="0" bev="0" fileid="20" />
                <SequencePoint vc="0" uspid="6466" ordinal="8" offset="55" sl="888" sc="9" el="888" ec="10" bec="0" bev="0" fileid="20" />
              </SequencePoints>
              <BranchPoints>
                <BranchPoint vc="0" uspid="6467" ordinal="0" offset="11" sl="873" path="0" offsetchain="13" offsetend="15" fileid="20" />
                <BranchPoint vc="0" uspid="6468" ordinal="1" offset="11" sl="873" path="1" offsetend="27" fileid="20" />
                <BranchPoint vc="0" uspid="6469" ordinal="2" offset="23" sl="873" path="0" offsetchain="25" offsetend="41" fileid="20" />
                <BranchPoint vc="0" uspid="6470" ordinal="3" offset="23" sl="873" path="1" offsetend="27" fileid="20" />
              </BranchPoints>
              <MethodPoint xsi:type="SequencePoint" vc="0" uspid="6458" ordinal="0" offset="0" sl="872" sc="9" el="872" ec="10" bec="0" bev="0" fileid="20" />
            </Method>
            <Method visited="false" cyclomaticComplexity="28" nPathComplexity="1600" sequenceCoverage="0" branchCoverage="0" crapScore="812" isConstructor="false" isStatic="false" isGetter="false" isSetter="false">
              <Summary numSequencePoints="31" visitedSequencePoints="0" numBranchPoints="45" visitedBranchPoints="0" sequenceCoverage="0" branchCoverage="0" maxCyclomaticComplexity="28" minCyclomaticComplexity="28" maxCrapScore="812" minCrapScore="812" visitedClasses="0" numClasses="0" visitedMethods="0" numMethods="1" />
              <MetadataToken>100663520</MetadataToken>
              <Name>ExMat.Token.TokenType ExMat.Lexer.ExLexer::GetTokenTypeForChar(System.Char)</Name>
              <FileRef uid="20" />
              <SequencePoints>
                <SequencePoint vc="0" uspid="6471" ordinal="0" offset="0" sl="891" sc="9" el="891" ec="10" bec="0" bev="0" fileid="20" />
                <SequencePoint vc="0" uspid="6472" ordinal="1" offset="1" sl="892" sc="13" el="892" ec="23" bec="29" bev="0" fileid="20" />
                <SequencePoint vc="0" uspid="6473" ordinal="2" offset="216" sl="895" sc="21" el="895" ec="46" bec="0" bev="0" fileid="20" />
                <SequencePoint vc="0" uspid="6474" ordinal="3" offset="223" sl="897" sc="21" el="897" ec="42" bec="0" bev="0" fileid="20" />
                <SequencePoint vc="0" uspid="6475" ordinal="4" offset="234" sl="899" sc="21" el="899" ec="42" bec="0" bev="0" fileid="20" />
                <SequencePoint vc="0" uspid="6476" ordinal="5" offset="245" sl="901" sc="21" el="901" ec="42" bec="0" bev="0" fileid="20" />
                <SequencePoint vc="0" uspid="6477" ordinal="6" offset="256" sl="903" sc="21" el="903" ec="42" bec="0" bev="0" fileid="20" />
                <SequencePoint vc="0" uspid="6478" ordinal="7" offset="267" sl="905" sc="21" el="905" ec="43" bec="0" bev="0" fileid="20" />
                <SequencePoint vc="0" uspid="6479" ordinal="8" offset="278" sl="907" sc="21" el="907" ec="42" bec="0" bev="0" fileid="20" />
                <SequencePoint vc="0" uspid="6480" ordinal="9" offset="289" sl="909" sc="21" el="909" ec="43" bec="0" bev="0" fileid="20" />
                <SequencePoint vc="0" uspid="6481" ordinal="10" offset="300" sl="911" sc="21" el="911" ec="43" bec="0" bev="0" fileid="20" />
                <SequencePoint vc="0" uspid="6482" ordinal="11" offset="311" sl="913" sc="21" el="913" ec="42" bec="0" bev="0" fileid="20" />
                <SequencePoint vc="0" uspid="6483" ordinal="12" offset="322" sl="915" sc="21" el="915" ec="42" bec="0" bev="0" fileid="20" />
                <SequencePoint vc="0" uspid="6484" ordinal="13" offset="333" sl="917" sc="21" el="917" ec="42" bec="0" bev="0" fileid="20" />
                <SequencePoint vc="0" uspid="6485" ordinal="14" offset="344" sl="919" sc="21" el="919" ec="42" bec="0" bev="0" fileid="20" />
                <SequencePoint vc="0" uspid="6486" ordinal="15" offset="355" sl="921" sc="21" el="921" ec="42" bec="0" bev="0" fileid="20" />
                <SequencePoint vc="0" uspid="6487" ordinal="16" offset="366" sl="923" sc="21" el="923" ec="42" bec="0" bev="0" fileid="20" />
                <SequencePoint vc="0" uspid="6488" ordinal="17" offset="374" sl="925" sc="21" el="925" ec="42" bec="0" bev="0" fileid="20" />
                <SequencePoint vc="0" uspid="6489" ordinal="18" offset="382" sl="927" sc="21" el="927" ec="42" bec="0" bev="0" fileid="20" />
                <SequencePoint vc="0" uspid="6490" ordinal="19" offset="390" sl="929" sc="21" el="929" ec="48" bec="0" bev="0" fileid="20" />
                <SequencePoint vc="0" uspid="6491" ordinal="20" offset="398" sl="931" sc="21" el="931" ec="49" bec="0" bev="0" fileid="20" />
                <SequencePoint vc="0" uspid="6492" ordinal="21" offset="406" sl="933" sc="21" el="933" ec="49" bec="0" bev="0" fileid="20" />
                <SequencePoint vc="0" uspid="6493" ordinal="22" offset="414" sl="935" sc="21" el="935" ec="50" bec="0" bev="0" fileid="20" />
                <SequencePoint vc="0" uspid="6494" ordinal="23" offset="422" sl="937" sc="21" el="937" ec="48" bec="0" bev="0" fileid="20" />
                <SequencePoint vc="0" uspid="6495" ordinal="24" offset="430" sl="939" sc="21" el="939" ec="49" bec="0" bev="0" fileid="20" />
                <SequencePoint vc="0" uspid="6496" ordinal="25" offset="438" sl="941" sc="21" el="941" ec="44" bec="0" bev="0" fileid="20" />
                <SequencePoint vc="0" uspid="6497" ordinal="26" offset="446" sl="943" sc="21" el="943" ec="51" bec="0" bev="0" fileid="20" />
                <SequencePoint vc="0" uspid="6498" ordinal="27" offset="454" sl="945" sc="21" el="945" ec="45" bec="0" bev="0" fileid="20" />
                <SequencePoint vc="0" uspid="6499" ordinal="28" offset="462" sl="947" sc="21" el="947" ec="64" bec="0" bev="0" fileid="20" />
                <SequencePoint vc="0" uspid="6500" ordinal="29" offset="490" sl="948" sc="21" el="948" ec="46" bec="0" bev="0" fileid="20" />
                <SequencePoint vc="0" uspid="6501" ordinal="30" offset="494" sl="950" sc="9" el="950" ec="10" bec="0" bev="0" fileid="20" />
              </SequencePoints>
              <BranchPoints>
                <BranchPoint vc="0" uspid="6502" ordinal="0" offset="14" sl="892" path="0" offsetchain="19" offsetend="21" fileid="20" />
                <BranchPoint vc="0" uspid="6503" ordinal="1" offset="14" sl="892" path="1" offsetend="216" fileid="20" />
                <BranchPoint vc="0" uspid="6504" ordinal="2" offset="25" sl="892" path="0" offsetchain="154" offsetend="462" fileid="20" />
                <BranchPoint vc="0" uspid="6505" ordinal="3" offset="25" sl="892" path="1" offsetend="355" fileid="20" />
                <BranchPoint vc="0" uspid="6506" ordinal="4" offset="25" sl="892" path="2" offsetend="462" fileid="20" />
                <BranchPoint vc="0" uspid="6507" ordinal="5" offset="25" sl="892" path="3" offsetend="462" fileid="20" />
                <BranchPoint vc="0" uspid="6508" ordinal="6" offset="25" sl="892" path="4" offsetend="454" fileid="20" />
                <BranchPoint vc="0" uspid="6509" ordinal="7" offset="25" sl="892" path="5" offsetend="256" fileid="20" />
                <BranchPoint vc="0" uspid="6510" ordinal="8" offset="25" sl="892" path="6" offsetend="267" fileid="20" />
                <BranchPoint vc="0" uspid="6511" ordinal="9" offset="25" sl="892" path="7" offsetend="446" fileid="20" />
                <BranchPoint vc="0" uspid="6512" ordinal="10" offset="25" sl="892" path="8" offsetend="422" fileid="20" />
                <BranchPoint vc="0" uspid="6513" ordinal="11" offset="25" sl="892" path="9" offsetend="430" fileid="20" />
                <BranchPoint vc="0" uspid="6514" ordinal="12" offset="25" sl="892" path="10" offsetend="245" fileid="20" />
                <BranchPoint vc="0" uspid="6515" ordinal="13" offset="25" sl="892" path="11" offsetend="223" fileid="20" />
                <BranchPoint vc="0" uspid="6516" ordinal="14" offset="25" sl="892" path="12" offsetend="382" fileid="20" />
                <BranchPoint vc="0" uspid="6517" ordinal="15" offset="25" sl="892" path="13" offsetend="234" fileid="20" />
                <BranchPoint vc="0" uspid="6518" ordinal="16" offset="25" sl="892" path="14" offsetend="366" fileid="20" />
                <BranchPoint vc="0" uspid="6519" ordinal="17" offset="25" sl="892" path="15" offsetend="462" fileid="20" />
                <BranchPoint vc="0" uspid="6520" ordinal="18" offset="25" sl="892" path="16" offsetend="462" fileid="20" />
                <BranchPoint vc="0" uspid="6521" ordinal="19" offset="25" sl="892" path="17" offsetend="462" fileid="20" />
                <BranchPoint vc="0" uspid="6522" ordinal="20" offset="25" sl="892" path="18" offsetend="462" fileid="20" />
                <BranchPoint vc="0" uspid="6523" ordinal="21" offset="25" sl="892" path="19" offsetend="462" fileid="20" />
                <BranchPoint vc="0" uspid="6524" ordinal="22" offset="25" sl="892" path="20" offsetend="462" fileid="20" />
                <BranchPoint vc="0" uspid="6525" ordinal="23" offset="25" sl="892" path="21" offsetend="462" fileid="20" />
                <BranchPoint vc="0" uspid="6526" ordinal="24" offset="25" sl="892" path="22" offsetend="462" fileid="20" />
                <BranchPoint vc="0" uspid="6527" ordinal="25" offset="25" sl="892" path="23" offsetend="462" fileid="20" />
                <BranchPoint vc="0" uspid="6528" ordinal="26" offset="25" sl="892" path="24" offsetend="462" fileid="20" />
                <BranchPoint vc="0" uspid="6529" ordinal="27" offset="25" sl="892" path="25" offsetend="462" fileid="20" />
                <BranchPoint vc="0" uspid="6530" ordinal="28" offset="25" sl="892" path="26" offsetend="311" fileid="20" />
                <BranchPoint vc="0" uspid="6531" ordinal="29" offset="25" sl="892" path="27" offsetend="374" fileid="20" />
                <BranchPoint vc="0" uspid="6532" ordinal="30" offset="25" sl="892" path="28" offsetend="333" fileid="20" />
                <BranchPoint vc="0" uspid="6533" ordinal="31" offset="25" sl="892" path="29" offsetend="322" fileid="20" />
                <BranchPoint vc="0" uspid="6534" ordinal="32" offset="25" sl="892" path="30" offsetend="344" fileid="20" />
                <BranchPoint vc="0" uspid="6535" ordinal="33" offset="25" sl="892" path="31" offsetend="438" fileid="20" />
                <BranchPoint vc="0" uspid="6536" ordinal="34" offset="163" sl="892" path="0" offsetchain="184" offsetend="186" fileid="20" />
                <BranchPoint vc="0" uspid="6537" ordinal="35" offset="163" sl="892" path="1" offsetend="406" fileid="20" />
                <BranchPoint vc="0" uspid="6538" ordinal="36" offset="163" sl="892" path="2" offsetend="462" fileid="20" />
                <BranchPoint vc="0" uspid="6539" ordinal="37" offset="163" sl="892" path="3" offsetend="414" fileid="20" />
                <BranchPoint vc="0" uspid="6540" ordinal="38" offset="163" sl="892" path="4" offsetend="289" fileid="20" />
                <BranchPoint vc="0" uspid="6541" ordinal="39" offset="190" sl="892" path="0" offsetchain="211" offsetend="462" fileid="20" />
                <BranchPoint vc="0" uspid="6542" ordinal="40" offset="190" sl="892" path="1" offsetend="390" fileid="20" />
                <BranchPoint vc="0" uspid="6543" ordinal="41" offset="190" sl="892" path="2" offsetend="278" fileid="20" />
                <BranchPoint vc="0" uspid="6544" ordinal="42" offset="190" sl="892" path="3" offsetend="398" fileid="20" />
                <BranchPoint vc="0" uspid="6545" ordinal="43" offset="190" sl="892" path="4" offsetend="300" fileid="20" />
              </BranchPoints>
              <MethodPoint xsi:type="SequencePoint" vc="0" uspid="6471" ordinal="0" offset="0" sl="891" sc="9" el="891" ec="10" bec="0" bev="0" fileid="20" />
            </Method>
            <Method visited="false" cyclomaticComplexity="3" nPathComplexity="4" sequenceCoverage="0" branchCoverage="0" crapScore="12" isConstructor="false" isStatic="false" isGetter="false" isSetter="false">
              <Summary numSequencePoints="13" visitedSequencePoints="0" numBranchPoints="5" visitedBranchPoints="0" sequenceCoverage="0" branchCoverage="0" maxCyclomaticComplexity="3" minCyclomaticComplexity="3" maxCrapScore="12" minCrapScore="12" visitedClasses="0" numClasses="0" visitedMethods="0" numMethods="1" />
              <MetadataToken>100663521</MetadataToken>
              <Name>ExMat.Token.TokenType ExMat.Lexer.ExLexer::LexAsg()</Name>
              <FileRef uid="20" />
              <SequencePoints>
                <SequencePoint vc="0" uspid="6546" ordinal="0" offset="0" sl="953" sc="9" el="953" ec="10" bec="0" bev="0" fileid="20" />
                <SequencePoint vc="0" uspid="6547" ordinal="1" offset="1" sl="954" sc="13" el="954" ec="24" bec="0" bev="0" fileid="20" />
                <SequencePoint vc="0" uspid="6548" ordinal="2" offset="9" sl="955" sc="13" el="955" ec="36" bec="2" bev="0" fileid="20" />
                <SequencePoint vc="0" uspid="6549" ordinal="3" offset="23" sl="956" sc="13" el="956" ec="14" bec="0" bev="0" fileid="20" />
                <SequencePoint vc="0" uspid="6550" ordinal="4" offset="24" sl="957" sc="17" el="957" ec="28" bec="0" bev="0" fileid="20" />
                <SequencePoint vc="0" uspid="6551" ordinal="5" offset="32" sl="958" sc="17" el="958" ec="57" bec="0" bev="0" fileid="20" />
                <SequencePoint vc="0" uspid="6552" ordinal="6" offset="46" sl="960" sc="18" el="960" ec="41" bec="2" bev="0" fileid="20" />
                <SequencePoint vc="0" uspid="6553" ordinal="7" offset="60" sl="961" sc="13" el="961" ec="14" bec="0" bev="0" fileid="20" />
                <SequencePoint vc="0" uspid="6554" ordinal="8" offset="61" sl="962" sc="17" el="962" ec="28" bec="0" bev="0" fileid="20" />
                <SequencePoint vc="0" uspid="6555" ordinal="9" offset="69" sl="963" sc="17" el="963" ec="64" bec="0" bev="0" fileid="20" />
                <SequencePoint vc="0" uspid="6556" ordinal="10" offset="83" sl="966" sc="13" el="966" ec="14" bec="0" bev="0" fileid="20" />
                <SequencePoint vc="0" uspid="6557" ordinal="11" offset="84" sl="967" sc="17" el="967" ec="57" bec="0" bev="0" fileid="20" />
                <SequencePoint vc="0" uspid="6558" ordinal="12" offset="98" sl="969" sc="9" el="969" ec="10" bec="0" bev="0" fileid="20" />
              </SequencePoints>
              <BranchPoints>
                <BranchPoint vc="0" uspid="6559" ordinal="0" offset="21" sl="955" path="0" offsetend="23" fileid="20" />
                <BranchPoint vc="0" uspid="6560" ordinal="1" offset="21" sl="955" path="1" offsetend="46" fileid="20" />
                <BranchPoint vc="0" uspid="6561" ordinal="2" offset="58" sl="960" path="0" offsetend="60" fileid="20" />
                <BranchPoint vc="0" uspid="6562" ordinal="3" offset="58" sl="960" path="1" offsetend="83" fileid="20" />
              </BranchPoints>
              <MethodPoint xsi:type="SequencePoint" vc="0" uspid="6546" ordinal="0" offset="0" sl="953" sc="9" el="953" ec="10" bec="0" bev="0" fileid="20" />
            </Method>
            <Method visited="false" cyclomaticComplexity="5" nPathComplexity="4" sequenceCoverage="0" branchCoverage="0" crapScore="30" isConstructor="false" isStatic="false" isGetter="false" isSetter="false">
              <Summary numSequencePoints="14" visitedSequencePoints="0" numBranchPoints="5" visitedBranchPoints="0" sequenceCoverage="0" branchCoverage="0" maxCyclomaticComplexity="5" minCyclomaticComplexity="5" maxCrapScore="30" minCrapScore="30" visitedClasses="0" numClasses="0" visitedMethods="0" numMethods="1" />
              <MetadataToken>100663522</MetadataToken>
              <Name>ExMat.Token.TokenType ExMat.Lexer.ExLexer::LexLT()</Name>
              <FileRef uid="20" />
              <SequencePoints>
                <SequencePoint vc="0" uspid="6563" ordinal="0" offset="0" sl="972" sc="9" el="972" ec="10" bec="0" bev="0" fileid="20" />
                <SequencePoint vc="0" uspid="6564" ordinal="1" offset="1" sl="973" sc="13" el="973" ec="24" bec="0" bev="0" fileid="20" />
                <SequencePoint vc="0" uspid="6565" ordinal="2" offset="9" sl="974" sc="13" el="974" ec="33" bec="4" bev="0" fileid="20" />
                <SequencePoint vc="0" uspid="6566" ordinal="3" offset="41" sl="977" sc="21" el="977" ec="22" bec="0" bev="0" fileid="20" />
                <SequencePoint vc="0" uspid="6567" ordinal="4" offset="42" sl="978" sc="25" el="978" ec="36" bec="0" bev="0" fileid="20" />
                <SequencePoint vc="0" uspid="6568" ordinal="5" offset="50" sl="979" sc="25" el="979" ec="65" bec="0" bev="0" fileid="20" />
                <SequencePoint vc="0" uspid="6569" ordinal="6" offset="64" sl="982" sc="21" el="982" ec="22" bec="0" bev="0" fileid="20" />
                <SequencePoint vc="0" uspid="6570" ordinal="7" offset="65" sl="983" sc="25" el="983" ec="36" bec="0" bev="0" fileid="20" />
                <SequencePoint vc="0" uspid="6571" ordinal="8" offset="73" sl="984" sc="25" el="984" ec="66" bec="0" bev="0" fileid="20" />
                <SequencePoint vc="0" uspid="6572" ordinal="9" offset="87" sl="987" sc="21" el="987" ec="22" bec="0" bev="0" fileid="20" />
                <SequencePoint vc="0" uspid="6573" ordinal="10" offset="88" sl="988" sc="25" el="988" ec="36" bec="0" bev="0" fileid="20" />
                <SequencePoint vc="0" uspid="6574" ordinal="11" offset="96" sl="989" sc="25" el="989" ec="69" bec="0" bev="0" fileid="20" />
                <SequencePoint vc="0" uspid="6575" ordinal="12" offset="110" sl="992" sc="13" el="992" ec="53" bec="0" bev="0" fileid="20" />
                <SequencePoint vc="0" uspid="6576" ordinal="13" offset="124" sl="993" sc="9" el="993" ec="10" bec="0" bev="0" fileid="20" />
              </SequencePoints>
              <BranchPoints>
                <BranchPoint vc="0" uspid="6577" ordinal="0" offset="22" sl="974" path="0" offsetchain="39" offsetend="110" fileid="20" />
                <BranchPoint vc="0" uspid="6578" ordinal="1" offset="22" sl="974" path="1" offsetend="64" fileid="20" />
                <BranchPoint vc="0" uspid="6579" ordinal="2" offset="22" sl="974" path="2" offsetend="41" fileid="20" />
                <BranchPoint vc="0" uspid="6580" ordinal="3" offset="22" sl="974" path="3" offsetend="87" fileid="20" />
              </BranchPoints>
              <MethodPoint xsi:type="SequencePoint" vc="0" uspid="6563" ordinal="0" offset="0" sl="972" sc="9" el="972" ec="10" bec="0" bev="0" fileid="20" />
            </Method>
            <Method visited="false" cyclomaticComplexity="3" nPathComplexity="4" sequenceCoverage="0" branchCoverage="0" crapScore="12" isConstructor="false" isStatic="false" isGetter="false" isSetter="false">
              <Summary numSequencePoints="11" visitedSequencePoints="0" numBranchPoints="5" visitedBranchPoints="0" sequenceCoverage="0" branchCoverage="0" maxCyclomaticComplexity="3" minCyclomaticComplexity="3" maxCrapScore="12" minCrapScore="12" visitedClasses="0" numClasses="0" visitedMethods="0" numMethods="1" />
              <MetadataToken>100663523</MetadataToken>
              <Name>ExMat.Token.TokenType ExMat.Lexer.ExLexer::LexGT()</Name>
              <FileRef uid="20" />
              <SequencePoints>
                <SequencePoint vc="0" uspid="6581" ordinal="0" offset="0" sl="996" sc="9" el="996" ec="10" bec="0" bev="0" fileid="20" />
                <SequencePoint vc="0" uspid="6582" ordinal="1" offset="1" sl="997" sc="13" el="997" ec="24" bec="0" bev="0" fileid="20" />
                <SequencePoint vc="0" uspid="6583" ordinal="2" offset="9" sl="998" sc="13" el="998" ec="33" bec="4" bev="0" fileid="20" />
                <SequencePoint vc="0" uspid="6584" ordinal="3" offset="32" sl="1001" sc="21" el="1001" ec="22" bec="0" bev="0" fileid="20" />
                <SequencePoint vc="0" uspid="6585" ordinal="4" offset="33" sl="1002" sc="25" el="1002" ec="36" bec="0" bev="0" fileid="20" />
                <SequencePoint vc="0" uspid="6586" ordinal="5" offset="41" sl="1003" sc="25" el="1003" ec="65" bec="0" bev="0" fileid="20" />
                <SequencePoint vc="0" uspid="6587" ordinal="6" offset="55" sl="1006" sc="21" el="1006" ec="22" bec="0" bev="0" fileid="20" />
                <SequencePoint vc="0" uspid="6588" ordinal="7" offset="56" sl="1007" sc="25" el="1007" ec="36" bec="0" bev="0" fileid="20" />
                <SequencePoint vc="0" uspid="6589" ordinal="8" offset="64" sl="1008" sc="25" el="1008" ec="66" bec="0" bev="0" fileid="20" />
                <SequencePoint vc="0" uspid="6590" ordinal="9" offset="78" sl="1011" sc="13" el="1011" ec="53" bec="0" bev="0" fileid="20" />
                <SequencePoint vc="0" uspid="6591" ordinal="10" offset="92" sl="1012" sc="9" el="1012" ec="10" bec="0" bev="0" fileid="20" />
              </SequencePoints>
              <BranchPoints>
                <BranchPoint vc="0" uspid="6592" ordinal="0" offset="21" sl="998" path="0" offsetchain="23" offsetend="25" fileid="20" />
                <BranchPoint vc="0" uspid="6593" ordinal="1" offset="21" sl="998" path="1" offsetend="32" fileid="20" />
                <BranchPoint vc="0" uspid="6594" ordinal="2" offset="28" sl="998" path="0" offsetchain="30" offsetend="78" fileid="20" />
                <BranchPoint vc="0" uspid="6595" ordinal="3" offset="28" sl="998" path="1" offsetend="55" fileid="20" />
              </BranchPoints>
              <MethodPoint xsi:type="SequencePoint" vc="0" uspid="6581" ordinal="0" offset="0" sl="996" sc="9" el="996" ec="10" bec="0" bev="0" fileid="20" />
            </Method>
            <Method visited="false" cyclomaticComplexity="2" nPathComplexity="2" sequenceCoverage="0" branchCoverage="0" crapScore="6" isConstructor="false" isStatic="false" isGetter="false" isSetter="false">
              <Summary numSequencePoints="9" visitedSequencePoints="0" numBranchPoints="3" visitedBranchPoints="0" sequenceCoverage="0" branchCoverage="0" maxCyclomaticComplexity="2" minCyclomaticComplexity="2" maxCrapScore="6" minCrapScore="6" visitedClasses="0" numClasses="0" visitedMethods="0" numMethods="1" />
              <MetadataToken>100663524</MetadataToken>
              <Name>ExMat.Token.TokenType ExMat.Lexer.ExLexer::LexExMark()</Name>
              <FileRef uid="20" />
              <SequencePoints>
                <SequencePoint vc="0" uspid="6596" ordinal="0" offset="0" sl="1015" sc="9" el="1015" ec="10" bec="0" bev="0" fileid="20" />
                <SequencePoint vc="0" uspid="6597" ordinal="1" offset="1" sl="1016" sc="13" el="1016" ec="24" bec="0" bev="0" fileid="20" />
                <SequencePoint vc="0" uspid="6598" ordinal="2" offset="9" sl="1017" sc="13" el="1017" ec="36" bec="2" bev="0" fileid="20" />
                <SequencePoint vc="0" uspid="6599" ordinal="3" offset="23" sl="1018" sc="13" el="1018" ec="14" bec="0" bev="0" fileid="20" />
                <SequencePoint vc="0" uspid="6600" ordinal="4" offset="24" sl="1019" sc="17" el="1019" ec="28" bec="0" bev="0" fileid="20" />
                <SequencePoint vc="0" uspid="6601" ordinal="5" offset="32" sl="1020" sc="17" el="1020" ec="57" bec="0" bev="0" fileid="20" />
                <SequencePoint vc="0" uspid="6602" ordinal="6" offset="46" sl="1023" sc="13" el="1023" ec="14" bec="0" bev="0" fileid="20" />
                <SequencePoint vc="0" uspid="6603" ordinal="7" offset="47" sl="1024" sc="17" el="1024" ec="57" bec="0" bev="0" fileid="20" />
                <SequencePoint vc="0" uspid="6604" ordinal="8" offset="61" sl="1026" sc="9" el="1026" ec="10" bec="0" bev="0" fileid="20" />
              </SequencePoints>
              <BranchPoints>
                <BranchPoint vc="0" uspid="6605" ordinal="0" offset="21" sl="1017" path="0" offsetend="23" fileid="20" />
                <BranchPoint vc="0" uspid="6606" ordinal="1" offset="21" sl="1017" path="1" offsetend="46" fileid="20" />
              </BranchPoints>
              <MethodPoint xsi:type="SequencePoint" vc="0" uspid="6596" ordinal="0" offset="0" sl="1015" sc="9" el="1015" ec="10" bec="0" bev="0" fileid="20" />
            </Method>
            <Method visited="false" cyclomaticComplexity="4" nPathComplexity="4" sequenceCoverage="0" branchCoverage="0" crapScore="20" isConstructor="false" isStatic="false" isGetter="false" isSetter="false">
              <Summary numSequencePoints="8" visitedSequencePoints="0" numBranchPoints="5" visitedBranchPoints="0" sequenceCoverage="0" branchCoverage="0" maxCyclomaticComplexity="4" minCyclomaticComplexity="4" maxCrapScore="20" minCrapScore="20" visitedClasses="0" numClasses="0" visitedMethods="0" numMethods="1" />
              <MetadataToken>100663525</MetadataToken>
              <Name>ExMat.Token.TokenType ExMat.Lexer.ExLexer::LexDollarSign()</Name>
              <FileRef uid="20" />
              <SequencePoints>
                <SequencePoint vc="0" uspid="6607" ordinal="0" offset="0" sl="1029" sc="9" el="1029" ec="10" bec="0" bev="0" fileid="20" />
                <SequencePoint vc="0" uspid="6608" ordinal="1" offset="1" sl="1030" sc="13" el="1030" ec="24" bec="0" bev="0" fileid="20" />
                <SequencePoint vc="0" uspid="6609" ordinal="2" offset="9" sl="1031" sc="13" el="1031" ec="37" bec="2" bev="0" fileid="20" />
                <SequencePoint vc="0" uspid="6610" ordinal="3" offset="23" sl="1032" sc="13" el="1032" ec="14" bec="0" bev="0" fileid="20" />
                <SequencePoint vc="0" uspid="6611" ordinal="4" offset="24" sl="1034" sc="17" el="1034" ec="129" bec="2" bev="0" fileid="20" />
                <SequencePoint vc="0" uspid="6612" ordinal="5" offset="54" sl="1037" sc="13" el="1037" ec="14" bec="0" bev="0" fileid="20" />
                <SequencePoint vc="0" uspid="6613" ordinal="6" offset="55" sl="1038" sc="17" el="1038" ec="60" bec="0" bev="0" fileid="20" />
                <SequencePoint vc="0" uspid="6614" ordinal="7" offset="69" sl="1040" sc="9" el="1040" ec="10" bec="0" bev="0" fileid="20" />
              </SequencePoints>
              <BranchPoints>
                <BranchPoint vc="0" uspid="6615" ordinal="0" offset="21" sl="1031" path="0" offsetend="23" fileid="20" />
                <BranchPoint vc="0" uspid="6616" ordinal="1" offset="21" sl="1031" path="1" offsetend="54" fileid="20" />
                <BranchPoint vc="0" uspid="6617" ordinal="2" offset="39" sl="1034" path="0" offsetend="41" fileid="20" />
                <BranchPoint vc="0" uspid="6618" ordinal="3" offset="39" sl="1034" path="1" offsetend="44" fileid="20" />
              </BranchPoints>
              <MethodPoint xsi:type="SequencePoint" vc="0" uspid="6607" ordinal="0" offset="0" sl="1029" sc="9" el="1029" ec="10" bec="0" bev="0" fileid="20" />
            </Method>
            <Method visited="false" cyclomaticComplexity="3" nPathComplexity="2" sequenceCoverage="0" branchCoverage="0" crapScore="12" isConstructor="false" isStatic="false" isGetter="false" isSetter="false">
              <Summary numSequencePoints="3" visitedSequencePoints="0" numBranchPoints="3" visitedBranchPoints="0" sequenceCoverage="0" branchCoverage="0" maxCyclomaticComplexity="3" minCyclomaticComplexity="3" maxCrapScore="12" minCrapScore="12" visitedClasses="0" numClasses="0" visitedMethods="0" numMethods="1" />
              <MetadataToken>100663526</MetadataToken>
              <Name>ExMat.Token.TokenType ExMat.Lexer.ExLexer::LexQuotationMark()</Name>
              <FileRef uid="20" />
              <SequencePoints>
                <SequencePoint vc="0" uspid="6619" ordinal="0" offset="0" sl="1043" sc="9" el="1043" ec="10" bec="0" bev="0" fileid="20" />
                <SequencePoint vc="0" uspid="6620" ordinal="1" offset="1" sl="1045" sc="13" el="1045" ec="118" bec="2" bev="0" fileid="20" />
                <SequencePoint vc="0" uspid="6621" ordinal="2" offset="31" sl="1046" sc="9" el="1046" ec="10" bec="0" bev="0" fileid="20" />
              </SequencePoints>
              <BranchPoints>
                <BranchPoint vc="0" uspid="6622" ordinal="0" offset="16" sl="1045" path="0" offsetend="18" fileid="20" />
                <BranchPoint vc="0" uspid="6623" ordinal="1" offset="16" sl="1045" path="1" offsetend="21" fileid="20" />
              </BranchPoints>
              <MethodPoint xsi:type="SequencePoint" vc="0" uspid="6619" ordinal="0" offset="0" sl="1043" sc="9" el="1043" ec="10" bec="0" bev="0" fileid="20" />
            </Method>
            <Method visited="false" cyclomaticComplexity="2" nPathComplexity="2" sequenceCoverage="0" branchCoverage="0" crapScore="6" isConstructor="false" isStatic="false" isGetter="false" isSetter="false">
              <Summary numSequencePoints="9" visitedSequencePoints="0" numBranchPoints="3" visitedBranchPoints="0" sequenceCoverage="0" branchCoverage="0" maxCyclomaticComplexity="2" minCyclomaticComplexity="2" maxCrapScore="6" minCrapScore="6" visitedClasses="0" numClasses="0" visitedMethods="0" numMethods="1" />
              <MetadataToken>100663527</MetadataToken>
              <Name>ExMat.Token.TokenType ExMat.Lexer.ExLexer::LexAtSign()</Name>
              <FileRef uid="20" />
              <SequencePoints>
                <SequencePoint vc="0" uspid="6624" ordinal="0" offset="0" sl="1049" sc="9" el="1049" ec="10" bec="0" bev="0" fileid="20" />
                <SequencePoint vc="0" uspid="6625" ordinal="1" offset="1" sl="1050" sc="13" el="1050" ec="61" bec="2" bev="0" fileid="20" />
                <SequencePoint vc="0" uspid="6626" ordinal="2" offset="23" sl="1051" sc="13" el="1051" ec="14" bec="0" bev="0" fileid="20" />
                <SequencePoint vc="0" uspid="6627" ordinal="3" offset="24" sl="1052" sc="17" el="1052" ec="28" bec="0" bev="0" fileid="20" />
                <SequencePoint vc="0" uspid="6628" ordinal="4" offset="32" sl="1053" sc="17" el="1053" ec="59" bec="0" bev="0" fileid="20" />
                <SequencePoint vc="0" uspid="6629" ordinal="5" offset="46" sl="1056" sc="13" el="1056" ec="14" bec="0" bev="0" fileid="20" />
                <SequencePoint vc="0" uspid="6630" ordinal="6" offset="47" sl="1057" sc="17" el="1057" ec="100" bec="0" bev="0" fileid="20" />
                <SequencePoint vc="0" uspid="6631" ordinal="7" offset="58" sl="1058" sc="17" el="1058" ec="42" bec="0" bev="0" fileid="20" />
                <SequencePoint vc="0" uspid="6632" ordinal="8" offset="62" sl="1060" sc="9" el="1060" ec="10" bec="0" bev="0" fileid="20" />
              </SequencePoints>
              <BranchPoints>
                <BranchPoint vc="0" uspid="6633" ordinal="0" offset="21" sl="1050" path="0" offsetend="23" fileid="20" />
                <BranchPoint vc="0" uspid="6634" ordinal="1" offset="21" sl="1050" path="1" offsetend="46" fileid="20" />
              </BranchPoints>
              <MethodPoint xsi:type="SequencePoint" vc="0" uspid="6624" ordinal="0" offset="0" sl="1049" sc="9" el="1049" ec="10" bec="0" bev="0" fileid="20" />
            </Method>
            <Method visited="false" cyclomaticComplexity="5" nPathComplexity="16" sequenceCoverage="0" branchCoverage="0" crapScore="30" isConstructor="false" isStatic="false" isGetter="false" isSetter="false">
              <Summary numSequencePoints="19" visitedSequencePoints="0" numBranchPoints="9" visitedBranchPoints="0" sequenceCoverage="0" branchCoverage="0" maxCyclomaticComplexity="5" minCyclomaticComplexity="5" maxCrapScore="30" minCrapScore="30" visitedClasses="0" numClasses="0" visitedMethods="0" numMethods="1" />
              <MetadataToken>100663528</MetadataToken>
              <Name>ExMat.Token.TokenType ExMat.Lexer.ExLexer::LexDot()</Name>
              <FileRef uid="20" />
              <SequencePoints>
                <SequencePoint vc="0" uspid="6635" ordinal="0" offset="0" sl="1063" sc="9" el="1063" ec="10" bec="0" bev="0" fileid="20" />
                <SequencePoint vc="0" uspid="6636" ordinal="1" offset="1" sl="1064" sc="13" el="1064" ec="24" bec="0" bev="0" fileid="20" />
                <SequencePoint vc="0" uspid="6637" ordinal="2" offset="9" sl="1065" sc="13" el="1065" ec="33" bec="6" bev="0" fileid="20" />
                <SequencePoint vc="0" uspid="6638" ordinal="3" offset="39" sl="1068" sc="21" el="1068" ec="22" bec="0" bev="0" fileid="20" />
                <SequencePoint vc="0" uspid="6639" ordinal="4" offset="40" sl="1069" sc="25" el="1069" ec="36" bec="0" bev="0" fileid="20" />
                <SequencePoint vc="0" uspid="6640" ordinal="5" offset="48" sl="1070" sc="25" el="1070" ec="77" bec="0" bev="0" fileid="20" />
                <SequencePoint vc="0" uspid="6641" ordinal="6" offset="62" sl="1073" sc="21" el="1073" ec="22" bec="0" bev="0" fileid="20" />
                <SequencePoint vc="0" uspid="6642" ordinal="7" offset="63" sl="1074" sc="25" el="1074" ec="36" bec="0" bev="0" fileid="20" />
                <SequencePoint vc="0" uspid="6643" ordinal="8" offset="71" sl="1075" sc="25" el="1075" ec="68" bec="0" bev="0" fileid="20" />
                <SequencePoint vc="0" uspid="6644" ordinal="9" offset="85" sl="1078" sc="21" el="1078" ec="22" bec="0" bev="0" fileid="20" />
                <SequencePoint vc="0" uspid="6645" ordinal="10" offset="86" sl="1079" sc="25" el="1079" ec="36" bec="0" bev="0" fileid="20" />
                <SequencePoint vc="0" uspid="6646" ordinal="11" offset="94" sl="1080" sc="25" el="1080" ec="48" bec="2" bev="0" fileid="20" />
                <SequencePoint vc="0" uspid="6647" ordinal="12" offset="108" sl="1081" sc="25" el="1081" ec="26" bec="0" bev="0" fileid="20" />
                <SequencePoint vc="0" uspid="6648" ordinal="13" offset="109" sl="1082" sc="29" el="1082" ec="40" bec="0" bev="0" fileid="20" />
                <SequencePoint vc="0" uspid="6649" ordinal="14" offset="117" sl="1083" sc="29" el="1083" ec="71" bec="0" bev="0" fileid="20" />
                <SequencePoint vc="0" uspid="6650" ordinal="15" offset="131" sl="1085" sc="25" el="1085" ec="69" bec="0" bev="0" fileid="20" />
                <SequencePoint vc="0" uspid="6651" ordinal="16" offset="145" sl="1088" sc="21" el="1088" ec="22" bec="0" bev="0" fileid="20" />
                <SequencePoint vc="0" uspid="6652" ordinal="17" offset="146" sl="1089" sc="25" el="1089" ec="65" bec="0" bev="0" fileid="20" />
                <SequencePoint vc="0" uspid="6653" ordinal="18" offset="160" sl="1092" sc="9" el="1092" ec="10" bec="0" bev="0" fileid="20" />
              </SequencePoints>
              <BranchPoints>
                <BranchPoint vc="0" uspid="6654" ordinal="0" offset="21" sl="1065" path="0" offsetchain="23" offsetend="25" fileid="20" />
                <BranchPoint vc="0" uspid="6655" ordinal="1" offset="21" sl="1065" path="1" offsetend="62" fileid="20" />
                <BranchPoint vc="0" uspid="6656" ordinal="2" offset="28" sl="1065" path="0" offsetchain="30" offsetend="32" fileid="20" />
                <BranchPoint vc="0" uspid="6657" ordinal="3" offset="28" sl="1065" path="1" offsetend="85" fileid="20" />
                <BranchPoint vc="0" uspid="6658" ordinal="4" offset="35" sl="1065" path="0" offsetchain="37" offsetend="145" fileid="20" />
                <BranchPoint vc="0" uspid="6659" ordinal="5" offset="35" sl="1065" path="1" offsetend="39" fileid="20" />
                <BranchPoint vc="0" uspid="6660" ordinal="6" offset="106" sl="1080" path="0" offsetend="108" fileid="20" />
                <BranchPoint vc="0" uspid="6661" ordinal="7" offset="106" sl="1080" path="1" offsetend="131" fileid="20" />
              </BranchPoints>
              <MethodPoint xsi:type="SequencePoint" vc="0" uspid="6635" ordinal="0" offset="0" sl="1063" sc="9" el="1063" ec="10" bec="0" bev="0" fileid="20" />
            </Method>
            <Method visited="false" cyclomaticComplexity="2" nPathComplexity="2" sequenceCoverage="0" branchCoverage="0" crapScore="6" isConstructor="false" isStatic="false" isGetter="false" isSetter="false">
              <Summary numSequencePoints="9" visitedSequencePoints="0" numBranchPoints="3" visitedBranchPoints="0" sequenceCoverage="0" branchCoverage="0" maxCyclomaticComplexity="2" minCyclomaticComplexity="2" maxCrapScore="6" minCrapScore="6" visitedClasses="0" numClasses="0" visitedMethods="0" numMethods="1" />
              <MetadataToken>100663529</MetadataToken>
              <Name>ExMat.Token.TokenType ExMat.Lexer.ExLexer::LexAnd()</Name>
              <FileRef uid="20" />
              <SequencePoints>
                <SequencePoint vc="0" uspid="6662" ordinal="0" offset="0" sl="1095" sc="9" el="1095" ec="10" bec="0" bev="0" fileid="20" />
                <SequencePoint vc="0" uspid="6663" ordinal="1" offset="1" sl="1096" sc="13" el="1096" ec="24" bec="0" bev="0" fileid="20" />
                <SequencePoint vc="0" uspid="6664" ordinal="2" offset="9" sl="1097" sc="13" el="1097" ec="36" bec="2" bev="0" fileid="20" />
                <SequencePoint vc="0" uspid="6665" ordinal="3" offset="23" sl="1098" sc="13" el="1098" ec="14" bec="0" bev="0" fileid="20" />
                <SequencePoint vc="0" uspid="6666" ordinal="4" offset="24" sl="1099" sc="17" el="1099" ec="28" bec="0" bev="0" fileid="20" />
                <SequencePoint vc="0" uspid="6667" ordinal="5" offset="32" sl="1100" sc="17" el="1100" ec="57" bec="0" bev="0" fileid="20" />
                <SequencePoint vc="0" uspid="6668" ordinal="6" offset="46" sl="1103" sc="13" el="1103" ec="14" bec="0" bev="0" fileid="20" />
                <SequencePoint vc="0" uspid="6669" ordinal="7" offset="47" sl="1104" sc="17" el="1104" ec="58" bec="0" bev="0" fileid="20" />
                <SequencePoint vc="0" uspid="6670" ordinal="8" offset="61" sl="1106" sc="9" el="1106" ec="10" bec="0" bev="0" fileid="20" />
              </SequencePoints>
              <BranchPoints>
                <BranchPoint vc="0" uspid="6671" ordinal="0" offset="21" sl="1097" path="0" offsetend="23" fileid="20" />
                <BranchPoint vc="0" uspid="6672" ordinal="1" offset="21" sl="1097" path="1" offsetend="46" fileid="20" />
              </BranchPoints>
              <MethodPoint xsi:type="SequencePoint" vc="0" uspid="6662" ordinal="0" offset="0" sl="1095" sc="9" el="1095" ec="10" bec="0" bev="0" fileid="20" />
            </Method>
            <Method visited="false" cyclomaticComplexity="2" nPathComplexity="2" sequenceCoverage="0" branchCoverage="0" crapScore="6" isConstructor="false" isStatic="false" isGetter="false" isSetter="false">
              <Summary numSequencePoints="9" visitedSequencePoints="0" numBranchPoints="3" visitedBranchPoints="0" sequenceCoverage="0" branchCoverage="0" maxCyclomaticComplexity="2" minCyclomaticComplexity="2" maxCrapScore="6" minCrapScore="6" visitedClasses="0" numClasses="0" visitedMethods="0" numMethods="1" />
              <MetadataToken>100663530</MetadataToken>
              <Name>ExMat.Token.TokenType ExMat.Lexer.ExLexer::LexOr()</Name>
              <FileRef uid="20" />
              <SequencePoints>
                <SequencePoint vc="0" uspid="6673" ordinal="0" offset="0" sl="1109" sc="9" el="1109" ec="10" bec="0" bev="0" fileid="20" />
                <SequencePoint vc="0" uspid="6674" ordinal="1" offset="1" sl="1110" sc="13" el="1110" ec="24" bec="0" bev="0" fileid="20" />
                <SequencePoint vc="0" uspid="6675" ordinal="2" offset="9" sl="1111" sc="13" el="1111" ec="36" bec="2" bev="0" fileid="20" />
                <SequencePoint vc="0" uspid="6676" ordinal="3" offset="23" sl="1112" sc="13" el="1112" ec="14" bec="0" bev="0" fileid="20" />
                <SequencePoint vc="0" uspid="6677" ordinal="4" offset="24" sl="1113" sc="17" el="1113" ec="28" bec="0" bev="0" fileid="20" />
                <SequencePoint vc="0" uspid="6678" ordinal="5" offset="32" sl="1114" sc="17" el="1114" ec="56" bec="0" bev="0" fileid="20" />
                <SequencePoint vc="0" uspid="6679" ordinal="6" offset="46" sl="1117" sc="13" el="1117" ec="14" bec="0" bev="0" fileid="20" />
                <SequencePoint vc="0" uspid="6680" ordinal="7" offset="47" sl="1118" sc="17" el="1118" ec="57" bec="0" bev="0" fileid="20" />
                <SequencePoint vc="0" uspid="6681" ordinal="8" offset="61" sl="1120" sc="9" el="1120" ec="10" bec="0" bev="0" fileid="20" />
              </SequencePoints>
              <BranchPoints>
                <BranchPoint vc="0" uspid="6682" ordinal="0" offset="21" sl="1111" path="0" offsetend="23" fileid="20" />
                <BranchPoint vc="0" uspid="6683" ordinal="1" offset="21" sl="1111" path="1" offsetend="46" fileid="20" />
              </BranchPoints>
              <MethodPoint xsi:type="SequencePoint" vc="0" uspid="6673" ordinal="0" offset="0" sl="1109" sc="9" el="1109" ec="10" bec="0" bev="0" fileid="20" />
            </Method>
            <Method visited="false" cyclomaticComplexity="2" nPathComplexity="2" sequenceCoverage="0" branchCoverage="0" crapScore="6" isConstructor="false" isStatic="false" isGetter="false" isSetter="false">
              <Summary numSequencePoints="9" visitedSequencePoints="0" numBranchPoints="3" visitedBranchPoints="0" sequenceCoverage="0" branchCoverage="0" maxCyclomaticComplexity="2" minCyclomaticComplexity="2" maxCrapScore="6" minCrapScore="6" visitedClasses="0" numClasses="0" visitedMethods="0" numMethods="1" />
              <MetadataToken>100663531</MetadataToken>
              <Name>ExMat.Token.TokenType ExMat.Lexer.ExLexer::LexCol()</Name>
              <FileRef uid="20" />
              <SequencePoints>
                <SequencePoint vc="0" uspid="6684" ordinal="0" offset="0" sl="1123" sc="9" el="1123" ec="10" bec="0" bev="0" fileid="20" />
                <SequencePoint vc="0" uspid="6685" ordinal="1" offset="1" sl="1124" sc="13" el="1124" ec="24" bec="0" bev="0" fileid="20" />
                <SequencePoint vc="0" uspid="6686" ordinal="2" offset="9" sl="1125" sc="13" el="1125" ec="36" bec="2" bev="0" fileid="20" />
                <SequencePoint vc="0" uspid="6687" ordinal="3" offset="23" sl="1126" sc="13" el="1126" ec="14" bec="0" bev="0" fileid="20" />
                <SequencePoint vc="0" uspid="6688" ordinal="4" offset="24" sl="1127" sc="17" el="1127" ec="28" bec="0" bev="0" fileid="20" />
                <SequencePoint vc="0" uspid="6689" ordinal="5" offset="32" sl="1128" sc="17" el="1128" ec="60" bec="0" bev="0" fileid="20" />
                <SequencePoint vc="0" uspid="6690" ordinal="6" offset="46" sl="1131" sc="13" el="1131" ec="14" bec="0" bev="0" fileid="20" />
                <SequencePoint vc="0" uspid="6691" ordinal="7" offset="47" sl="1132" sc="17" el="1132" ec="57" bec="0" bev="0" fileid="20" />
                <SequencePoint vc="0" uspid="6692" ordinal="8" offset="61" sl="1134" sc="9" el="1134" ec="10" bec="0" bev="0" fileid="20" />
              </SequencePoints>
              <BranchPoints>
                <BranchPoint vc="0" uspid="6693" ordinal="0" offset="21" sl="1125" path="0" offsetend="23" fileid="20" />
                <BranchPoint vc="0" uspid="6694" ordinal="1" offset="21" sl="1125" path="1" offsetend="46" fileid="20" />
              </BranchPoints>
              <MethodPoint xsi:type="SequencePoint" vc="0" uspid="6684" ordinal="0" offset="0" sl="1123" sc="9" el="1123" ec="10" bec="0" bev="0" fileid="20" />
            </Method>
            <Method visited="false" cyclomaticComplexity="3" nPathComplexity="4" sequenceCoverage="0" branchCoverage="0" crapScore="12" isConstructor="false" isStatic="false" isGetter="false" isSetter="false">
              <Summary numSequencePoints="12" visitedSequencePoints="0" numBranchPoints="5" visitedBranchPoints="0" sequenceCoverage="0" branchCoverage="0" maxCyclomaticComplexity="3" minCyclomaticComplexity="3" maxCrapScore="12" minCrapScore="12" visitedClasses="0" numClasses="0" visitedMethods="0" numMethods="1" />
              <MetadataToken>100663532</MetadataToken>
              <Name>ExMat.Token.TokenType ExMat.Lexer.ExLexer::LexPlus()</Name>
              <FileRef uid="20" />
              <SequencePoints>
                <SequencePoint vc="0" uspid="6695" ordinal="0" offset="0" sl="1137" sc="9" el="1137" ec="10" bec="0" bev="0" fileid="20" />
                <SequencePoint vc="0" uspid="6696" ordinal="1" offset="1" sl="1138" sc="13" el="1138" ec="24" bec="0" bev="0" fileid="20" />
                <SequencePoint vc="0" uspid="6697" ordinal="2" offset="9" sl="1139" sc="13" el="1139" ec="33" bec="4" bev="0" fileid="20" />
                <SequencePoint vc="0" uspid="6698" ordinal="3" offset="32" sl="1142" sc="21" el="1142" ec="22" bec="0" bev="0" fileid="20" />
                <SequencePoint vc="0" uspid="6699" ordinal="4" offset="33" sl="1143" sc="25" el="1143" ec="36" bec="0" bev="0" fileid="20" />
                <SequencePoint vc="0" uspid="6700" ordinal="5" offset="41" sl="1144" sc="25" el="1144" ec="67" bec="0" bev="0" fileid="20" />
                <SequencePoint vc="0" uspid="6701" ordinal="6" offset="55" sl="1147" sc="21" el="1147" ec="22" bec="0" bev="0" fileid="20" />
                <SequencePoint vc="0" uspid="6702" ordinal="7" offset="56" sl="1148" sc="25" el="1148" ec="36" bec="0" bev="0" fileid="20" />
                <SequencePoint vc="0" uspid="6703" ordinal="8" offset="64" sl="1149" sc="25" el="1149" ec="65" bec="0" bev="0" fileid="20" />
                <SequencePoint vc="0" uspid="6704" ordinal="9" offset="78" sl="1152" sc="21" el="1152" ec="22" bec="0" bev="0" fileid="20" />
                <SequencePoint vc="0" uspid="6705" ordinal="10" offset="79" sl="1153" sc="25" el="1153" ec="65" bec="0" bev="0" fileid="20" />
                <SequencePoint vc="0" uspid="6706" ordinal="11" offset="93" sl="1156" sc="9" el="1156" ec="10" bec="0" bev="0" fileid="20" />
              </SequencePoints>
              <BranchPoints>
                <BranchPoint vc="0" uspid="6707" ordinal="0" offset="21" sl="1139" path="0" offsetchain="23" offsetend="25" fileid="20" />
                <BranchPoint vc="0" uspid="6708" ordinal="1" offset="21" sl="1139" path="1" offsetend="55" fileid="20" />
                <BranchPoint vc="0" uspid="6709" ordinal="2" offset="28" sl="1139" path="0" offsetchain="30" offsetend="78" fileid="20" />
                <BranchPoint vc="0" uspid="6710" ordinal="3" offset="28" sl="1139" path="1" offsetend="32" fileid="20" />
              </BranchPoints>
              <MethodPoint xsi:type="SequencePoint" vc="0" uspid="6695" ordinal="0" offset="0" sl="1137" sc="9" el="1137" ec="10" bec="0" bev="0" fileid="20" />
            </Method>
            <Method visited="false" cyclomaticComplexity="3" nPathComplexity="4" sequenceCoverage="0" branchCoverage="0" crapScore="12" isConstructor="false" isStatic="false" isGetter="false" isSetter="false">
              <Summary numSequencePoints="12" visitedSequencePoints="0" numBranchPoints="5" visitedBranchPoints="0" sequenceCoverage="0" branchCoverage="0" maxCyclomaticComplexity="3" minCyclomaticComplexity="3" maxCrapScore="12" minCrapScore="12" visitedClasses="0" numClasses="0" visitedMethods="0" numMethods="1" />
              <MetadataToken>100663533</MetadataToken>
              <Name>ExMat.Token.TokenType ExMat.Lexer.ExLexer::LexMinus()</Name>
              <FileRef uid="20" />
              <SequencePoints>
                <SequencePoint vc="0" uspid="6711" ordinal="0" offset="0" sl="1159" sc="9" el="1159" ec="10" bec="0" bev="0" fileid="20" />
                <SequencePoint vc="0" uspid="6712" ordinal="1" offset="1" sl="1160" sc="13" el="1160" ec="24" bec="0" bev="0" fileid="20" />
                <SequencePoint vc="0" uspid="6713" ordinal="2" offset="9" sl="1161" sc="13" el="1161" ec="33" bec="4" bev="0" fileid="20" />
                <SequencePoint vc="0" uspid="6714" ordinal="3" offset="32" sl="1164" sc="21" el="1164" ec="22" bec="0" bev="0" fileid="20" />
                <SequencePoint vc="0" uspid="6715" ordinal="4" offset="33" sl="1165" sc="25" el="1165" ec="36" bec="0" bev="0" fileid="20" />
                <SequencePoint vc="0" uspid="6716" ordinal="5" offset="41" sl="1166" sc="25" el="1166" ec="67" bec="0" bev="0" fileid="20" />
                <SequencePoint vc="0" uspid="6717" ordinal="6" offset="55" sl="1169" sc="21" el="1169" ec="22" bec="0" bev="0" fileid="20" />
                <SequencePoint vc="0" uspid="6718" ordinal="7" offset="56" sl="1170" sc="25" el="1170" ec="36" bec="0" bev="0" fileid="20" />
                <SequencePoint vc="0" uspid="6719" ordinal="8" offset="64" sl="1171" sc="25" el="1171" ec="65" bec="0" bev="0" fileid="20" />
                <SequencePoint vc="0" uspid="6720" ordinal="9" offset="78" sl="1174" sc="21" el="1174" ec="22" bec="0" bev="0" fileid="20" />
                <SequencePoint vc="0" uspid="6721" ordinal="10" offset="79" sl="1175" sc="25" el="1175" ec="65" bec="0" bev="0" fileid="20" />
                <SequencePoint vc="0" uspid="6722" ordinal="11" offset="93" sl="1178" sc="9" el="1178" ec="10" bec="0" bev="0" fileid="20" />
              </SequencePoints>
              <BranchPoints>
                <BranchPoint vc="0" uspid="6723" ordinal="0" offset="21" sl="1161" path="0" offsetchain="23" offsetend="25" fileid="20" />
                <BranchPoint vc="0" uspid="6724" ordinal="1" offset="21" sl="1161" path="1" offsetend="55" fileid="20" />
                <BranchPoint vc="0" uspid="6725" ordinal="2" offset="28" sl="1161" path="0" offsetchain="30" offsetend="78" fileid="20" />
                <BranchPoint vc="0" uspid="6726" ordinal="3" offset="28" sl="1161" path="1" offsetend="32" fileid="20" />
              </BranchPoints>
              <MethodPoint xsi:type="SequencePoint" vc="0" uspid="6711" ordinal="0" offset="0" sl="1159" sc="9" el="1159" ec="10" bec="0" bev="0" fileid="20" />
            </Method>
            <Method visited="false" cyclomaticComplexity="5" nPathComplexity="16" sequenceCoverage="0" branchCoverage="0" crapScore="30" isConstructor="false" isStatic="false" isGetter="false" isSetter="false">
              <Summary numSequencePoints="19" visitedSequencePoints="0" numBranchPoints="9" visitedBranchPoints="0" sequenceCoverage="0" branchCoverage="0" maxCyclomaticComplexity="5" minCyclomaticComplexity="5" maxCrapScore="30" minCrapScore="30" visitedClasses="0" numClasses="0" visitedMethods="0" numMethods="1" />
              <MetadataToken>100663534</MetadataToken>
              <Name>ExMat.Token.TokenType ExMat.Lexer.ExLexer::LexStar()</Name>
              <FileRef uid="20" />
              <SequencePoints>
                <SequencePoint vc="0" uspid="6727" ordinal="0" offset="0" sl="1181" sc="9" el="1181" ec="10" bec="0" bev="0" fileid="20" />
                <SequencePoint vc="0" uspid="6728" ordinal="1" offset="1" sl="1182" sc="13" el="1182" ec="24" bec="0" bev="0" fileid="20" />
                <SequencePoint vc="0" uspid="6729" ordinal="2" offset="9" sl="1183" sc="13" el="1183" ec="33" bec="6" bev="0" fileid="20" />
                <SequencePoint vc="0" uspid="6730" ordinal="3" offset="39" sl="1186" sc="21" el="1186" ec="22" bec="0" bev="0" fileid="20" />
                <SequencePoint vc="0" uspid="6731" ordinal="4" offset="40" sl="1187" sc="25" el="1187" ec="36" bec="0" bev="0" fileid="20" />
                <SequencePoint vc="0" uspid="6732" ordinal="5" offset="48" sl="1188" sc="25" el="1188" ec="48" bec="2" bev="0" fileid="20" />
                <SequencePoint vc="0" uspid="6733" ordinal="6" offset="65" sl="1189" sc="25" el="1189" ec="26" bec="0" bev="0" fileid="20" />
                <SequencePoint vc="0" uspid="6734" ordinal="7" offset="66" sl="1190" sc="29" el="1190" ec="54" bec="0" bev="0" fileid="20" />
                <SequencePoint vc="0" uspid="6735" ordinal="8" offset="70" sl="1192" sc="25" el="1192" ec="36" bec="0" bev="0" fileid="20" />
                <SequencePoint vc="0" uspid="6736" ordinal="9" offset="78" sl="1193" sc="25" el="1193" ec="71" bec="0" bev="0" fileid="20" />
                <SequencePoint vc="0" uspid="6737" ordinal="10" offset="92" sl="1196" sc="21" el="1196" ec="22" bec="0" bev="0" fileid="20" />
                <SequencePoint vc="0" uspid="6738" ordinal="11" offset="93" sl="1197" sc="25" el="1197" ec="36" bec="0" bev="0" fileid="20" />
                <SequencePoint vc="0" uspid="6739" ordinal="12" offset="101" sl="1198" sc="25" el="1198" ec="65" bec="0" bev="0" fileid="20" />
                <SequencePoint vc="0" uspid="6740" ordinal="13" offset="115" sl="1201" sc="21" el="1201" ec="22" bec="0" bev="0" fileid="20" />
                <SequencePoint vc="0" uspid="6741" ordinal="14" offset="116" sl="1202" sc="25" el="1202" ec="36" bec="0" bev="0" fileid="20" />
                <SequencePoint vc="0" uspid="6742" ordinal="15" offset="124" sl="1203" sc="25" el="1203" ec="67" bec="0" bev="0" fileid="20" />
                <SequencePoint vc="0" uspid="6743" ordinal="16" offset="138" sl="1206" sc="21" el="1206" ec="22" bec="0" bev="0" fileid="20" />
                <SequencePoint vc="0" uspid="6744" ordinal="17" offset="139" sl="1207" sc="25" el="1207" ec="65" bec="0" bev="0" fileid="20" />
                <SequencePoint vc="0" uspid="6745" ordinal="18" offset="153" sl="1210" sc="9" el="1210" ec="10" bec="0" bev="0" fileid="20" />
              </SequencePoints>
              <BranchPoints>
                <BranchPoint vc="0" uspid="6746" ordinal="0" offset="21" sl="1183" path="0" offsetchain="23" offsetend="25" fileid="20" />
                <BranchPoint vc="0" uspid="6747" ordinal="1" offset="21" sl="1183" path="1" offsetend="92" fileid="20" />
                <BranchPoint vc="0" uspid="6748" ordinal="2" offset="28" sl="1183" path="0" offsetchain="30" offsetend="32" fileid="20" />
                <BranchPoint vc="0" uspid="6749" ordinal="3" offset="28" sl="1183" path="1" offsetend="39" fileid="20" />
                <BranchPoint vc="0" uspid="6750" ordinal="4" offset="35" sl="1183" path="0" offsetchain="37" offsetend="138" fileid="20" />
                <BranchPoint vc="0" uspid="6751" ordinal="5" offset="35" sl="1183" path="1" offsetend="115" fileid="20" />
                <BranchPoint vc="0" uspid="6752" ordinal="6" offset="63" sl="1188" path="0" offsetend="65" fileid="20" />
                <BranchPoint vc="0" uspid="6753" ordinal="7" offset="63" sl="1188" path="1" offsetend="70" fileid="20" />
              </BranchPoints>
              <MethodPoint xsi:type="SequencePoint" vc="0" uspid="6727" ordinal="0" offset="0" sl="1181" sc="9" el="1181" ec="10" bec="0" bev="0" fileid="20" />
            </Method>
            <Method visited="false" cyclomaticComplexity="7" nPathComplexity="32" sequenceCoverage="0" branchCoverage="0" crapScore="56" isConstructor="false" isStatic="false" isGetter="false" isSetter="false">
              <Summary numSequencePoints="25" visitedSequencePoints="0" numBranchPoints="11" visitedBranchPoints="0" sequenceCoverage="0" branchCoverage="0" maxCyclomaticComplexity="7" minCyclomaticComplexity="7" maxCrapScore="56" minCrapScore="56" visitedClasses="0" numClasses="0" visitedMethods="0" numMethods="1" />
              <MetadataToken>100663535</MetadataToken>
              <Name>ExMat.Token.TokenType ExMat.Lexer.ExLexer::LexFSlash(System.Boolean&amp;)</Name>
              <FileRef uid="20" />
              <SequencePoints>
                <SequencePoint vc="0" uspid="6754" ordinal="0" offset="0" sl="1213" sc="9" el="1213" ec="10" bec="0" bev="0" fileid="20" />
                <SequencePoint vc="0" uspid="6755" ordinal="1" offset="1" sl="1214" sc="13" el="1214" ec="26" bec="0" bev="0" fileid="20" />
                <SequencePoint vc="0" uspid="6756" ordinal="2" offset="4" sl="1215" sc="13" el="1215" ec="24" bec="0" bev="0" fileid="20" />
                <SequencePoint vc="0" uspid="6757" ordinal="3" offset="12" sl="1216" sc="13" el="1216" ec="33" bec="7" bev="0" fileid="20" />
                <SequencePoint vc="0" uspid="6758" ordinal="4" offset="54" sl="1219" sc="21" el="1219" ec="22" bec="0" bev="0" fileid="20" />
                <SequencePoint vc="0" uspid="6759" ordinal="5" offset="55" sl="1220" sc="25" el="1220" ec="36" bec="0" bev="0" fileid="20" />
                <SequencePoint vc="0" uspid="6760" ordinal="6" offset="63" sl="1221" sc="25" el="1221" ec="67" bec="0" bev="0" fileid="20" />
                <SequencePoint vc="0" uspid="6761" ordinal="7" offset="77" sl="1224" sc="21" el="1224" ec="22" bec="0" bev="0" fileid="20" />
                <SequencePoint vc="0" uspid="6762" ordinal="8" offset="78" sl="1225" sc="25" el="1225" ec="39" bec="0" bev="0" fileid="20" />
                <SequencePoint vc="0" uspid="6763" ordinal="9" offset="85" sl="1226" sc="25" el="1226" ec="37" bec="0" bev="0" fileid="20" />
                <SequencePoint vc="0" uspid="6764" ordinal="10" offset="88" sl="1227" sc="25" el="1227" ec="31" bec="0" bev="0" fileid="20" />
                <SequencePoint vc="0" uspid="6765" ordinal="11" offset="90" sl="1230" sc="21" el="1230" ec="22" bec="0" bev="0" fileid="20" />
                <SequencePoint vc="0" uspid="6766" ordinal="12" offset="91" sl="1231" sc="25" el="1231" ec="36" bec="0" bev="0" fileid="20" />
                <SequencePoint vc="0" uspid="6767" ordinal="13" offset="99" sl="1232" sc="25" el="1232" ec="49" bec="2" bev="0" fileid="20" />
                <SequencePoint vc="0" uspid="6768" ordinal="14" offset="112" sl="1233" sc="25" el="1233" ec="26" bec="0" bev="0" fileid="20" />
                <SequencePoint vc="0" uspid="6769" ordinal="15" offset="113" sl="1234" sc="29" el="1234" ec="54" bec="0" bev="0" fileid="20" />
                <SequencePoint vc="0" uspid="6770" ordinal="16" offset="117" sl="1236" sc="25" el="1236" ec="37" bec="0" bev="0" fileid="20" />
                <SequencePoint vc="0" uspid="6771" ordinal="17" offset="120" sl="1237" sc="25" el="1237" ec="31" bec="0" bev="0" fileid="20" />
                <SequencePoint vc="0" uspid="6772" ordinal="18" offset="122" sl="1240" sc="21" el="1240" ec="22" bec="0" bev="0" fileid="20" />
                <SequencePoint vc="0" uspid="6773" ordinal="19" offset="123" sl="1241" sc="25" el="1241" ec="36" bec="0" bev="0" fileid="20" />
                <SequencePoint vc="0" uspid="6774" ordinal="20" offset="131" sl="1242" sc="25" el="1242" ec="76" bec="0" bev="0" fileid="20" />
                <SequencePoint vc="0" uspid="6775" ordinal="21" offset="145" sl="1245" sc="21" el="1245" ec="22" bec="0" bev="0" fileid="20" />
                <SequencePoint vc="0" uspid="6776" ordinal="22" offset="146" sl="1246" sc="25" el="1246" ec="65" bec="0" bev="0" fileid="20" />
                <SequencePoint vc="0" uspid="6777" ordinal="23" offset="160" sl="1249" sc="13" el="1249" ec="38" bec="0" bev="0" fileid="20" />
                <SequencePoint vc="0" uspid="6778" ordinal="24" offset="168" sl="1250" sc="9" el="1250" ec="10" bec="0" bev="0" fileid="20" />
              </SequencePoints>
              <BranchPoints>
                <BranchPoint vc="0" uspid="6779" ordinal="0" offset="29" sl="1216" path="0" offsetchain="31" offsetend="33" fileid="20" />
                <BranchPoint vc="0" uspid="6780" ordinal="1" offset="29" sl="1216" path="1" offsetend="90" fileid="20" />
                <BranchPoint vc="0" uspid="6781" ordinal="2" offset="36" sl="1216" path="0" offsetchain="38" offsetend="145" fileid="20" />
                <BranchPoint vc="0" uspid="6782" ordinal="3" offset="36" sl="1216" path="1" offsetend="122" fileid="20" />
                <BranchPoint vc="0" uspid="6783" ordinal="4" offset="43" sl="1216" path="0" offsetchain="45" offsetend="47" fileid="20" />
                <BranchPoint vc="0" uspid="6784" ordinal="5" offset="43" sl="1216" path="1" offsetend="77" fileid="20" />
                <BranchPoint vc="0" uspid="6785" ordinal="6" offset="50" sl="1216" path="0" offsetchain="52" offsetend="145" fileid="20" />
                <BranchPoint vc="0" uspid="6786" ordinal="7" offset="50" sl="1216" path="1" offsetend="54" fileid="20" />
                <BranchPoint vc="0" uspid="6787" ordinal="8" offset="110" sl="1232" path="0" offsetend="112" fileid="20" />
                <BranchPoint vc="0" uspid="6788" ordinal="9" offset="110" sl="1232" path="1" offsetend="117" fileid="20" />
              </BranchPoints>
              <MethodPoint xsi:type="SequencePoint" vc="0" uspid="6754" ordinal="0" offset="0" sl="1213" sc="9" el="1213" ec="10" bec="0" bev="0" fileid="20" />
            </Method>
            <Method visited="false" cyclomaticComplexity="2" nPathComplexity="2" sequenceCoverage="0" branchCoverage="0" crapScore="6" isConstructor="false" isStatic="false" isGetter="false" isSetter="false">
              <Summary numSequencePoints="9" visitedSequencePoints="0" numBranchPoints="3" visitedBranchPoints="0" sequenceCoverage="0" branchCoverage="0" maxCyclomaticComplexity="2" minCyclomaticComplexity="2" maxCrapScore="6" minCrapScore="6" visitedClasses="0" numClasses="0" visitedMethods="0" numMethods="1" />
              <MetadataToken>100663536</MetadataToken>
              <Name>ExMat.Token.TokenType ExMat.Lexer.ExLexer::LexPercent()</Name>
              <FileRef uid="20" />
              <SequencePoints>
                <SequencePoint vc="0" uspid="6789" ordinal="0" offset="0" sl="1253" sc="9" el="1253" ec="10" bec="0" bev="0" fileid="20" />
                <SequencePoint vc="0" uspid="6790" ordinal="1" offset="1" sl="1254" sc="13" el="1254" ec="24" bec="0" bev="0" fileid="20" />
                <SequencePoint vc="0" uspid="6791" ordinal="2" offset="9" sl="1255" sc="13" el="1255" ec="33" bec="2" bev="0" fileid="20" />
                <SequencePoint vc="0" uspid="6792" ordinal="3" offset="25" sl="1258" sc="21" el="1258" ec="22" bec="0" bev="0" fileid="20" />
                <SequencePoint vc="0" uspid="6793" ordinal="4" offset="26" sl="1259" sc="25" el="1259" ec="36" bec="0" bev="0" fileid="20" />
                <SequencePoint vc="0" uspid="6794" ordinal="5" offset="34" sl="1260" sc="25" el="1260" ec="67" bec="0" bev="0" fileid="20" />
                <SequencePoint vc="0" uspid="6795" ordinal="6" offset="48" sl="1263" sc="21" el="1263" ec="22" bec="0" bev="0" fileid="20" />
                <SequencePoint vc="0" uspid="6796" ordinal="7" offset="49" sl="1264" sc="25" el="1264" ec="65" bec="0" bev="0" fileid="20" />
                <SequencePoint vc="0" uspid="6797" ordinal="8" offset="63" sl="1267" sc="9" el="1267" ec="10" bec="0" bev="0" fileid="20" />
              </SequencePoints>
              <BranchPoints>
                <BranchPoint vc="0" uspid="6798" ordinal="0" offset="21" sl="1255" path="0" offsetchain="23" offsetend="48" fileid="20" />
                <BranchPoint vc="0" uspid="6799" ordinal="1" offset="21" sl="1255" path="1" offsetend="25" fileid="20" />
              </BranchPoints>
              <MethodPoint xsi:type="SequencePoint" vc="0" uspid="6789" ordinal="0" offset="0" sl="1253" sc="9" el="1253" ec="10" bec="0" bev="0" fileid="20" />
            </Method>
            <Method visited="false" cyclomaticComplexity="6" nPathComplexity="32" sequenceCoverage="0" branchCoverage="0" crapScore="42" isConstructor="false" isStatic="false" isGetter="false" isSetter="false">
              <Summary numSequencePoints="16" visitedSequencePoints="0" numBranchPoints="11" visitedBranchPoints="0" sequenceCoverage="0" branchCoverage="0" maxCyclomaticComplexity="6" minCyclomaticComplexity="6" maxCrapScore="42" minCrapScore="42" visitedClasses="0" numClasses="0" visitedMethods="0" numMethods="1" />
              <MetadataToken>100663537</MetadataToken>
              <Name>ExMat.Token.TokenType ExMat.Lexer.ExLexer::LexOther()</Name>
              <FileRef uid="20" />
              <SequencePoints>
                <SequencePoint vc="0" uspid="6800" ordinal="0" offset="0" sl="1270" sc="9" el="1270" ec="10" bec="0" bev="0" fileid="20" />
                <SequencePoint vc="0" uspid="6801" ordinal="1" offset="1" sl="1271" sc="13" el="1271" ec="78" bec="4" bev="0" fileid="20" />
                <SequencePoint vc="0" uspid="6802" ordinal="2" offset="32" sl="1272" sc="13" el="1272" ec="14" bec="0" bev="0" fileid="20" />
                <SequencePoint vc="0" uspid="6803" ordinal="3" offset="33" sl="1273" sc="17" el="1273" ec="67" bec="0" bev="0" fileid="20" />
                <SequencePoint vc="0" uspid="6804" ordinal="4" offset="54" sl="1275" sc="18" el="1275" ec="71" bec="4" bev="0" fileid="20" />
                <SequencePoint vc="0" uspid="6805" ordinal="5" offset="84" sl="1276" sc="13" el="1276" ec="14" bec="0" bev="0" fileid="20" />
                <SequencePoint vc="0" uspid="6806" ordinal="6" offset="85" sl="1277" sc="17" el="1277" ec="52" bec="0" bev="0" fileid="20" />
                <SequencePoint vc="0" uspid="6807" ordinal="7" offset="100" sl="1280" sc="13" el="1280" ec="14" bec="0" bev="0" fileid="20" />
                <SequencePoint vc="0" uspid="6808" ordinal="8" offset="101" sl="1281" sc="17" el="1281" ec="40" bec="0" bev="0" fileid="20" />
                <SequencePoint vc="0" uspid="6809" ordinal="9" offset="108" sl="1282" sc="17" el="1282" ec="41" bec="2" bev="0" fileid="20" />
                <SequencePoint vc="0" uspid="6810" ordinal="10" offset="120" sl="1283" sc="17" el="1283" ec="18" bec="0" bev="0" fileid="20" />
                <SequencePoint vc="0" uspid="6811" ordinal="11" offset="121" sl="1284" sc="21" el="1284" ec="110" bec="0" bev="0" fileid="20" />
                <SequencePoint vc="0" uspid="6812" ordinal="12" offset="149" sl="1285" sc="21" el="1285" ec="46" bec="0" bev="0" fileid="20" />
                <SequencePoint vc="0" uspid="6813" ordinal="13" offset="153" sl="1288" sc="17" el="1288" ec="28" bec="0" bev="0" fileid="20" />
                <SequencePoint vc="0" uspid="6814" ordinal="14" offset="161" sl="1289" sc="17" el="1289" ec="68" bec="0" bev="0" fileid="20" />
                <SequencePoint vc="0" uspid="6815" ordinal="15" offset="177" sl="1291" sc="9" el="1291" ec="10" bec="0" bev="0" fileid="20" />
              </SequencePoints>
              <BranchPoints>
                <BranchPoint vc="0" uspid="6816" ordinal="0" offset="12" sl="1271" path="0" offsetend="14" fileid="20" />
                <BranchPoint vc="0" uspid="6817" ordinal="1" offset="12" sl="1271" path="1" offsetend="27" fileid="20" />
                <BranchPoint vc="0" uspid="6818" ordinal="2" offset="30" sl="1271" path="0" offsetend="32" fileid="20" />
                <BranchPoint vc="0" uspid="6819" ordinal="3" offset="30" sl="1271" path="1" offsetend="54" fileid="20" />
                <BranchPoint vc="0" uspid="6820" ordinal="4" offset="65" sl="1275" path="0" offsetend="67" fileid="20" />
                <BranchPoint vc="0" uspid="6821" ordinal="5" offset="65" sl="1275" path="1" offsetend="79" fileid="20" />
                <BranchPoint vc="0" uspid="6822" ordinal="6" offset="82" sl="1275" path="0" offsetend="84" fileid="20" />
                <BranchPoint vc="0" uspid="6823" ordinal="7" offset="82" sl="1275" path="1" offsetend="100" fileid="20" />
                <BranchPoint vc="0" uspid="6824" ordinal="8" offset="118" sl="1282" path="0" offsetend="120" fileid="20" />
                <BranchPoint vc="0" uspid="6825" ordinal="9" offset="118" sl="1282" path="1" offsetend="153" fileid="20" />
              </BranchPoints>
              <MethodPoint xsi:type="SequencePoint" vc="0" uspid="6800" ordinal="0" offset="0" sl="1270" sc="9" el="1270" ec="10" bec="0" bev="0" fileid="20" />
            </Method>
            <Method visited="false" cyclomaticComplexity="28" nPathComplexity="40800" sequenceCoverage="0" branchCoverage="0" crapScore="812" isConstructor="false" isStatic="false" isGetter="false" isSetter="false">
              <Summary numSequencePoints="68" visitedSequencePoints="0" numBranchPoints="57" visitedBranchPoints="0" sequenceCoverage="0" branchCoverage="0" maxCyclomaticComplexity="28" minCyclomaticComplexity="28" maxCrapScore="812" minCrapScore="812" visitedClasses="0" numClasses="0" visitedMethods="0" numMethods="1" />
              <MetadataToken>100663538</MetadataToken>
              <Name>ExMat.Token.TokenType ExMat.Lexer.ExLexer::Lex()</Name>
              <FileRef uid="20" />
              <SequencePoints>
                <SequencePoint vc="0" uspid="6826" ordinal="0" offset="0" sl="1294" sc="9" el="1294" ec="10" bec="0" bev="0" fileid="20" />
                <SequencePoint vc="0" uspid="6827" ordinal="1" offset="1" sl="1295" sc="13" el="1295" ec="41" bec="0" bev="0" fileid="20" />
                <SequencePoint vc="0" uspid="6828" ordinal="2" offset="18" sl="1297" sc="13" el="1297" ec="14" bec="0" bev="0" fileid="20" />
                <SequencePoint vc="0" uspid="6829" ordinal="3" offset="19" sl="1298" sc="17" el="1298" ec="37" bec="27" bev="0" fileid="20" />
                <SequencePoint vc="0" uspid="6830" ordinal="4" offset="275" sl="1301" sc="25" el="1301" ec="50" bec="0" bev="0" fileid="20" />
                <SequencePoint vc="0" uspid="6831" ordinal="5" offset="282" sl="1305" sc="25" el="1305" ec="26" bec="0" bev="0" fileid="20" />
                <SequencePoint vc="0" uspid="6832" ordinal="6" offset="283" sl="1306" sc="29" el="1306" ec="40" bec="0" bev="0" fileid="20" />
                <SequencePoint vc="0" uspid="6833" ordinal="7" offset="291" sl="1307" sc="29" el="1307" ec="38" bec="0" bev="0" fileid="20" />
                <SequencePoint vc="0" uspid="6834" ordinal="8" offset="296" sl="1310" sc="25" el="1310" ec="26" bec="0" bev="0" fileid="20" />
                <SequencePoint vc="0" uspid="6835" ordinal="9" offset="297" sl="1311" sc="29" el="1311" ec="43" bec="0" bev="0" fileid="20" />
                <SequencePoint vc="0" uspid="6836" ordinal="10" offset="311" sl="1312" sc="29" el="1312" ec="66" bec="0" bev="0" fileid="20" />
                <SequencePoint vc="0" uspid="6837" ordinal="11" offset="323" sl="1313" sc="29" el="1313" ec="40" bec="0" bev="0" fileid="20" />
                <SequencePoint vc="0" uspid="6838" ordinal="12" offset="331" sl="1314" sc="29" el="1314" ec="44" bec="0" bev="0" fileid="20" />
                <SequencePoint vc="0" uspid="6839" ordinal="13" offset="338" sl="1315" sc="29" el="1315" ec="38" bec="0" bev="0" fileid="20" />
                <SequencePoint vc="0" uspid="6840" ordinal="14" offset="343" sl="1318" sc="25" el="1318" ec="26" bec="0" bev="0" fileid="20" />
                <SequencePoint vc="0" uspid="6841" ordinal="15" offset="344" sl="1319" sc="29" el="1319" ec="40" bec="0" bev="0" fileid="20" />
                <SequencePoint vc="0" uspid="6842" ordinal="16" offset="352" sl="1320" sc="29" el="1320" ec="78" bec="0" bev="0" fileid="20" />
                <SequencePoint vc="0" uspid="6843" ordinal="17" offset="369" sl="1323" sc="25" el="1323" ec="26" bec="0" bev="0" fileid="20" />
                <SequencePoint vc="0" uspid="6844" ordinal="18" offset="370" sl="1324" sc="29" el="1324" ec="72" bec="0" bev="0" fileid="20" />
                <SequencePoint vc="0" uspid="6845" ordinal="19" offset="381" sl="1325" sc="29" el="1325" ec="54" bec="0" bev="0" fileid="20" />
                <SequencePoint vc="0" uspid="6846" ordinal="20" offset="388" sl="1328" sc="25" el="1328" ec="26" bec="0" bev="0" fileid="20" />
                <SequencePoint vc="0" uspid="6847" ordinal="21" offset="389" sl="1329" sc="29" el="1329" ec="55" bec="0" bev="0" fileid="20" />
                <SequencePoint vc="0" uspid="6848" ordinal="22" offset="401" sl="1332" sc="25" el="1332" ec="26" bec="0" bev="0" fileid="20" />
                <SequencePoint vc="0" uspid="6849" ordinal="23" offset="402" sl="1333" sc="29" el="1333" ec="52" bec="0" bev="0" fileid="20" />
                <SequencePoint vc="0" uspid="6850" ordinal="24" offset="414" sl="1336" sc="25" el="1336" ec="26" bec="0" bev="0" fileid="20" />
                <SequencePoint vc="0" uspid="6851" ordinal="25" offset="415" sl="1337" sc="29" el="1337" ec="45" bec="0" bev="0" fileid="20" />
                <SequencePoint vc="0" uspid="6852" ordinal="26" offset="427" sl="1340" sc="25" el="1340" ec="26" bec="0" bev="0" fileid="20" />
                <SequencePoint vc="0" uspid="6853" ordinal="27" offset="428" sl="1341" sc="29" el="1341" ec="44" bec="0" bev="0" fileid="20" />
                <SequencePoint vc="0" uspid="6854" ordinal="28" offset="440" sl="1344" sc="25" el="1344" ec="26" bec="0" bev="0" fileid="20" />
                <SequencePoint vc="0" uspid="6855" ordinal="29" offset="441" sl="1345" sc="29" el="1345" ec="44" bec="0" bev="0" fileid="20" />
                <SequencePoint vc="0" uspid="6856" ordinal="30" offset="453" sl="1348" sc="25" el="1348" ec="26" bec="0" bev="0" fileid="20" />
                <SequencePoint vc="0" uspid="6857" ordinal="31" offset="454" sl="1349" sc="29" el="1349" ec="48" bec="0" bev="0" fileid="20" />
                <SequencePoint vc="0" uspid="6858" ordinal="32" offset="466" sl="1352" sc="25" el="1352" ec="26" bec="0" bev="0" fileid="20" />
                <SequencePoint vc="0" uspid="6859" ordinal="33" offset="467" sl="1353" sc="29" el="1353" ec="48" bec="0" bev="0" fileid="20" />
                <SequencePoint vc="0" uspid="6860" ordinal="34" offset="479" sl="1365" sc="25" el="1365" ec="26" bec="0" bev="0" fileid="20" />
                <SequencePoint vc="0" uspid="6861" ordinal="35" offset="480" sl="1366" sc="29" el="1366" ec="78" bec="0" bev="0" fileid="20" />
                <SequencePoint vc="0" uspid="6862" ordinal="36" offset="493" sl="1367" sc="29" el="1367" ec="40" bec="0" bev="0" fileid="20" />
                <SequencePoint vc="0" uspid="6863" ordinal="37" offset="501" sl="1368" sc="29" el="1368" ec="59" bec="0" bev="0" fileid="20" />
                <SequencePoint vc="0" uspid="6864" ordinal="38" offset="514" sl="1371" sc="25" el="1371" ec="26" bec="0" bev="0" fileid="20" />
                <SequencePoint vc="0" uspid="6865" ordinal="39" offset="515" sl="1372" sc="29" el="1372" ec="45" bec="0" bev="0" fileid="20" />
                <SequencePoint vc="0" uspid="6866" ordinal="40" offset="527" sl="1375" sc="25" el="1375" ec="26" bec="0" bev="0" fileid="20" />
                <SequencePoint vc="0" uspid="6867" ordinal="41" offset="528" sl="1376" sc="29" el="1376" ec="45" bec="0" bev="0" fileid="20" />
                <SequencePoint vc="0" uspid="6868" ordinal="42" offset="540" sl="1379" sc="25" el="1379" ec="26" bec="0" bev="0" fileid="20" />
                <SequencePoint vc="0" uspid="6869" ordinal="43" offset="541" sl="1380" sc="29" el="1380" ec="44" bec="0" bev="0" fileid="20" />
                <SequencePoint vc="0" uspid="6870" ordinal="44" offset="553" sl="1383" sc="25" el="1383" ec="26" bec="0" bev="0" fileid="20" />
                <SequencePoint vc="0" uspid="6871" ordinal="45" offset="554" sl="1384" sc="29" el="1384" ec="40" bec="0" bev="0" fileid="20" />
                <SequencePoint vc="0" uspid="6872" ordinal="46" offset="562" sl="1385" sc="29" el="1385" ec="70" bec="0" bev="0" fileid="20" />
                <SequencePoint vc="0" uspid="6873" ordinal="47" offset="576" sl="1388" sc="25" el="1388" ec="26" bec="0" bev="0" fileid="20" />
                <SequencePoint vc="0" uspid="6874" ordinal="48" offset="577" sl="1389" sc="29" el="1389" ec="45" bec="0" bev="0" fileid="20" />
                <SequencePoint vc="0" uspid="6875" ordinal="49" offset="586" sl="1392" sc="25" el="1392" ec="26" bec="0" bev="0" fileid="20" />
                <SequencePoint vc="0" uspid="6876" ordinal="50" offset="587" sl="1393" sc="29" el="1393" ec="46" bec="0" bev="0" fileid="20" />
                <SequencePoint vc="0" uspid="6877" ordinal="51" offset="596" sl="1396" sc="25" el="1396" ec="26" bec="0" bev="0" fileid="20" />
                <SequencePoint vc="0" uspid="6878" ordinal="52" offset="597" sl="1397" sc="29" el="1397" ec="47" bec="0" bev="0" fileid="20" />
                <SequencePoint vc="0" uspid="6879" ordinal="53" offset="606" sl="1400" sc="25" el="1400" ec="26" bec="0" bev="0" fileid="20" />
                <SequencePoint vc="0" uspid="6880" ordinal="54" offset="607" sl="1401" sc="29" el="1401" ec="46" bec="0" bev="0" fileid="20" />
                <SequencePoint vc="0" uspid="6881" ordinal="55" offset="616" sl="1404" sc="25" el="1404" ec="26" bec="0" bev="0" fileid="20" />
                <SequencePoint vc="0" uspid="6882" ordinal="56" offset="617" sl="1405" sc="29" el="1405" ec="71" bec="0" bev="0" fileid="20" />
                <SequencePoint vc="0" uspid="6883" ordinal="57" offset="627" sl="1406" sc="29" el="1406" ec="38" bec="2" bev="0" fileid="20" />
                <SequencePoint vc="0" uspid="6884" ordinal="58" offset="635" sl="1407" sc="29" el="1407" ec="30" bec="0" bev="0" fileid="20" />
                <SequencePoint vc="0" uspid="6885" ordinal="59" offset="636" sl="1408" sc="33" el="1408" ec="42" bec="0" bev="0" fileid="20" />
                <SequencePoint vc="0" uspid="6886" ordinal="60" offset="638" sl="1410" sc="29" el="1410" ec="41" bec="0" bev="0" fileid="20" />
                <SequencePoint vc="0" uspid="6887" ordinal="61" offset="643" sl="1413" sc="25" el="1413" ec="26" bec="0" bev="0" fileid="20" />
                <SequencePoint vc="0" uspid="6888" ordinal="62" offset="644" sl="1414" sc="29" el="1414" ec="49" bec="0" bev="0" fileid="20" />
                <SequencePoint vc="0" uspid="6889" ordinal="63" offset="653" sl="1417" sc="25" el="1417" ec="26" bec="0" bev="0" fileid="20" />
                <SequencePoint vc="0" uspid="6890" ordinal="64" offset="654" sl="1418" sc="29" el="1418" ec="47" bec="0" bev="0" fileid="20" />
                <SequencePoint vc="0" uspid="6891" ordinal="65" offset="663" sl="1296" sc="13" el="1296" ec="49" bec="2" bev="0" fileid="20" />
                <SequencePoint vc="0" uspid="6892" ordinal="66" offset="681" sl="1422" sc="13" el="1422" ec="38" bec="0" bev="0" fileid="20" />
                <SequencePoint vc="0" uspid="6893" ordinal="67" offset="685" sl="1423" sc="9" el="1423" ec="10" bec="0" bev="0" fileid="20" />
              </SequencePoints>
              <BranchPoints>
                <BranchPoint vc="0" uspid="6894" ordinal="0" offset="34" sl="1298" path="0" offsetchain="39" offsetend="41" fileid="20" />
                <BranchPoint vc="0" uspid="6895" ordinal="1" offset="34" sl="1298" path="1" offsetend="275" fileid="20" />
                <BranchPoint vc="0" uspid="6896" ordinal="2" offset="45" sl="1298" path="0" offsetchain="70" offsetend="653" fileid="20" />
                <BranchPoint vc="0" uspid="6897" ordinal="3" offset="45" sl="1298" path="1" offsetend="282" fileid="20" />
                <BranchPoint vc="0" uspid="6898" ordinal="4" offset="45" sl="1298" path="2" offsetend="296" fileid="20" />
                <BranchPoint vc="0" uspid="6899" ordinal="5" offset="45" sl="1298" path="3" offsetend="653" fileid="20" />
                <BranchPoint vc="0" uspid="6900" ordinal="6" offset="45" sl="1298" path="4" offsetend="653" fileid="20" />
                <BranchPoint vc="0" uspid="6901" ordinal="7" offset="45" sl="1298" path="5" offsetend="282" fileid="20" />
                <BranchPoint vc="0" uspid="6902" ordinal="8" offset="79" sl="1298" path="0" offsetchain="216" offsetend="218" fileid="20" />
                <BranchPoint vc="0" uspid="6903" ordinal="9" offset="79" sl="1298" path="1" offsetend="282" fileid="20" />
                <BranchPoint vc="0" uspid="6904" ordinal="10" offset="79" sl="1298" path="2" offsetend="453" fileid="20" />
                <BranchPoint vc="0" uspid="6905" ordinal="11" offset="79" sl="1298" path="3" offsetend="388" fileid="20" />
                <BranchPoint vc="0" uspid="6906" ordinal="12" offset="79" sl="1298" path="4" offsetend="653" fileid="20" />
                <BranchPoint vc="0" uspid="6907" ordinal="13" offset="79" sl="1298" path="5" offsetend="401" fileid="20" />
                <BranchPoint vc="0" uspid="6908" ordinal="14" offset="79" sl="1298" path="6" offsetend="643" fileid="20" />
                <BranchPoint vc="0" uspid="6909" ordinal="15" offset="79" sl="1298" path="7" offsetend="527" fileid="20" />
                <BranchPoint vc="0" uspid="6910" ordinal="16" offset="79" sl="1298" path="8" offsetend="343" fileid="20" />
                <BranchPoint vc="0" uspid="6911" ordinal="17" offset="79" sl="1298" path="9" offsetend="479" fileid="20" />
                <BranchPoint vc="0" uspid="6912" ordinal="18" offset="79" sl="1298" path="10" offsetend="479" fileid="20" />
                <BranchPoint vc="0" uspid="6913" ordinal="19" offset="79" sl="1298" path="11" offsetend="606" fileid="20" />
                <BranchPoint vc="0" uspid="6914" ordinal="20" offset="79" sl="1298" path="12" offsetend="586" fileid="20" />
                <BranchPoint vc="0" uspid="6915" ordinal="21" offset="79" sl="1298" path="13" offsetend="479" fileid="20" />
                <BranchPoint vc="0" uspid="6916" ordinal="22" offset="79" sl="1298" path="14" offsetend="596" fileid="20" />
                <BranchPoint vc="0" uspid="6917" ordinal="23" offset="79" sl="1298" path="15" offsetend="514" fileid="20" />
                <BranchPoint vc="0" uspid="6918" ordinal="24" offset="79" sl="1298" path="16" offsetend="616" fileid="20" />
                <BranchPoint vc="0" uspid="6919" ordinal="25" offset="79" sl="1298" path="17" offsetend="653" fileid="20" />
                <BranchPoint vc="0" uspid="6920" ordinal="26" offset="79" sl="1298" path="18" offsetend="653" fileid="20" />
                <BranchPoint vc="0" uspid="6921" ordinal="27" offset="79" sl="1298" path="19" offsetend="653" fileid="20" />
                <BranchPoint vc="0" uspid="6922" ordinal="28" offset="79" sl="1298" path="20" offsetend="653" fileid="20" />
                <BranchPoint vc="0" uspid="6923" ordinal="29" offset="79" sl="1298" path="21" offsetend="653" fileid="20" />
                <BranchPoint vc="0" uspid="6924" ordinal="30" offset="79" sl="1298" path="22" offsetend="653" fileid="20" />
                <BranchPoint vc="0" uspid="6925" ordinal="31" offset="79" sl="1298" path="23" offsetend="653" fileid="20" />
                <BranchPoint vc="0" uspid="6926" ordinal="32" offset="79" sl="1298" path="24" offsetend="653" fileid="20" />
                <BranchPoint vc="0" uspid="6927" ordinal="33" offset="79" sl="1298" path="25" offsetend="653" fileid="20" />
                <BranchPoint vc="0" uspid="6928" ordinal="34" offset="79" sl="1298" path="26" offsetend="653" fileid="20" />
                <BranchPoint vc="0" uspid="6929" ordinal="35" offset="79" sl="1298" path="27" offsetend="576" fileid="20" />
                <BranchPoint vc="0" uspid="6930" ordinal="36" offset="79" sl="1298" path="28" offsetend="479" fileid="20" />
                <BranchPoint vc="0" uspid="6931" ordinal="37" offset="79" sl="1298" path="29" offsetend="427" fileid="20" />
                <BranchPoint vc="0" uspid="6932" ordinal="38" offset="79" sl="1298" path="30" offsetend="414" fileid="20" />
                <BranchPoint vc="0" uspid="6933" ordinal="39" offset="79" sl="1298" path="31" offsetend="440" fileid="20" />
                <BranchPoint vc="0" uspid="6934" ordinal="40" offset="79" sl="1298" path="32" offsetend="479" fileid="20" />
                <BranchPoint vc="0" uspid="6935" ordinal="41" offset="79" sl="1298" path="33" offsetend="466" fileid="20" />
                <BranchPoint vc="0" uspid="6936" ordinal="42" offset="222" sl="1298" path="0" offsetchain="243" offsetend="245" fileid="20" />
                <BranchPoint vc="0" uspid="6937" ordinal="43" offset="222" sl="1298" path="1" offsetend="479" fileid="20" />
                <BranchPoint vc="0" uspid="6938" ordinal="44" offset="222" sl="1298" path="2" offsetend="369" fileid="20" />
                <BranchPoint vc="0" uspid="6939" ordinal="45" offset="222" sl="1298" path="3" offsetend="479" fileid="20" />
                <BranchPoint vc="0" uspid="6940" ordinal="46" offset="222" sl="1298" path="4" offsetend="553" fileid="20" />
                <BranchPoint vc="0" uspid="6941" ordinal="47" offset="249" sl="1298" path="0" offsetchain="270" offsetend="653" fileid="20" />
                <BranchPoint vc="0" uspid="6942" ordinal="48" offset="249" sl="1298" path="1" offsetend="479" fileid="20" />
                <BranchPoint vc="0" uspid="6943" ordinal="49" offset="249" sl="1298" path="2" offsetend="540" fileid="20" />
                <BranchPoint vc="0" uspid="6944" ordinal="50" offset="249" sl="1298" path="3" offsetend="479" fileid="20" />
                <BranchPoint vc="0" uspid="6945" ordinal="51" offset="249" sl="1298" path="4" offsetend="479" fileid="20" />
                <BranchPoint vc="0" uspid="6946" ordinal="52" offset="633" sl="1406" path="0" offsetend="635" fileid="20" />
                <BranchPoint vc="0" uspid="6947" ordinal="53" offset="633" sl="1406" path="1" offsetend="638" fileid="20" />
                <BranchPoint vc="0" uspid="6948" ordinal="54" offset="676" sl="1296" path="0" offsetend="681" fileid="20" />
                <BranchPoint vc="0" uspid="6949" ordinal="55" offset="676" sl="1296" path="1" offsetend="18" fileid="20" />
              </BranchPoints>
              <MethodPoint xsi:type="SequencePoint" vc="0" uspid="6826" ordinal="0" offset="0" sl="1294" sc="9" el="1294" ec="10" bec="0" bev="0" fileid="20" />
            </Method>
            <Method visited="false" cyclomaticComplexity="3" nPathComplexity="4" sequenceCoverage="0" branchCoverage="0" crapScore="12" isConstructor="false" isStatic="false" isGetter="false" isSetter="false">
              <Summary numSequencePoints="14" visitedSequencePoints="0" numBranchPoints="5" visitedBranchPoints="0" sequenceCoverage="0" branchCoverage="0" maxCyclomaticComplexity="3" minCyclomaticComplexity="3" maxCrapScore="12" minCrapScore="12" visitedClasses="0" numClasses="0" visitedMethods="0" numMethods="1" />
              <MetadataToken>100663539</MetadataToken>
              <Name>System.Void ExMat.Lexer.ExLexer::Dispose(System.Boolean)</Name>
              <FileRef uid="20" />
              <SequencePoints>
                <SequencePoint vc="0" uspid="6950" ordinal="0" offset="0" sl="1426" sc="9" el="1426" ec="10" bec="0" bev="0" fileid="20" />
                <SequencePoint vc="0" uspid="6951" ordinal="1" offset="1" sl="1427" sc="13" el="1427" ec="32" bec="2" bev="0" fileid="20" />
                <SequencePoint vc="0" uspid="6952" ordinal="2" offset="14" sl="1428" sc="13" el="1428" ec="14" bec="0" bev="0" fileid="20" />
                <SequencePoint vc="0" uspid="6953" ordinal="3" offset="15" sl="1429" sc="17" el="1429" ec="31" bec="2" bev="0" fileid="20" />
                <SequencePoint vc="0" uspid="6954" ordinal="4" offset="20" sl="1430" sc="17" el="1430" ec="18" bec="0" bev="0" fileid="20" />
                <SequencePoint vc="0" uspid="6955" ordinal="5" offset="21" sl="1431" sc="21" el="1431" ec="57" bec="0" bev="0" fileid="20" />
                <SequencePoint vc="0" uspid="6956" ordinal="6" offset="42" sl="1433" sc="21" el="1433" ec="40" bec="0" bev="0" fileid="20" />
                <SequencePoint vc="0" uspid="6957" ordinal="7" offset="49" sl="1434" sc="21" el="1434" ec="42" bec="0" bev="0" fileid="20" />
                <SequencePoint vc="0" uspid="6958" ordinal="8" offset="56" sl="1435" sc="21" el="1435" ec="38" bec="0" bev="0" fileid="20" />
                <SequencePoint vc="0" uspid="6959" ordinal="9" offset="63" sl="1437" sc="21" el="1437" ec="36" bec="0" bev="0" fileid="20" />
                <SequencePoint vc="0" uspid="6960" ordinal="10" offset="70" sl="1438" sc="17" el="1438" ec="18" bec="0" bev="0" fileid="20" />
                <SequencePoint vc="0" uspid="6961" ordinal="11" offset="71" sl="1442" sc="17" el="1442" ec="38" bec="0" bev="0" fileid="20" />
                <SequencePoint vc="0" uspid="6962" ordinal="12" offset="78" sl="1443" sc="13" el="1443" ec="14" bec="0" bev="0" fileid="20" />
                <SequencePoint vc="0" uspid="6963" ordinal="13" offset="79" sl="1444" sc="9" el="1444" ec="10" bec="0" bev="0" fileid="20" />
              </SequencePoints>
              <BranchPoints>
                <BranchPoint vc="0" uspid="6964" ordinal="0" offset="12" sl="1427" path="0" offsetend="14" fileid="20" />
                <BranchPoint vc="0" uspid="6965" ordinal="1" offset="12" sl="1427" path="1" offsetend="79" fileid="20" />
                <BranchPoint vc="0" uspid="6966" ordinal="2" offset="18" sl="1429" path="0" offsetend="20" fileid="20" />
                <BranchPoint vc="0" uspid="6967" ordinal="3" offset="18" sl="1429" path="1" offsetend="71" fileid="20" />
              </BranchPoints>
              <MethodPoint xsi:type="SequencePoint" vc="0" uspid="6950" ordinal="0" offset="0" sl="1426" sc="9" el="1426" ec="10" bec="0" bev="0" fileid="20" />
            </Method>
            <Method visited="false" cyclomaticComplexity="1" nPathComplexity="0" sequenceCoverage="0" branchCoverage="0" crapScore="2" isConstructor="false" isStatic="false" isGetter="false" isSetter="false">
              <Summary numSequencePoints="4" visitedSequencePoints="0" numBranchPoints="1" visitedBranchPoints="0" sequenceCoverage="0" branchCoverage="0" maxCyclomaticComplexity="1" minCyclomaticComplexity="1" maxCrapScore="2" minCrapScore="2" visitedClasses="0" numClasses="0" visitedMethods="0" numMethods="1" />
              <MetadataToken>100663540</MetadataToken>
              <Name>System.Void ExMat.Lexer.ExLexer::Dispose()</Name>
              <FileRef uid="20" />
              <SequencePoints>
                <SequencePoint vc="0" uspid="6968" ordinal="0" offset="0" sl="1447" sc="9" el="1447" ec="10" bec="0" bev="0" fileid="20" />
                <SequencePoint vc="0" uspid="6969" ordinal="1" offset="1" sl="1449" sc="13" el="1449" ec="38" bec="0" bev="0" fileid="20" />
                <SequencePoint vc="0" uspid="6970" ordinal="2" offset="9" sl="1450" sc="13" el="1450" ec="39" bec="0" bev="0" fileid="20" />
                <SequencePoint vc="0" uspid="6971" ordinal="3" offset="16" sl="1451" sc="9" el="1451" ec="10" bec="0" bev="0" fileid="20" />
              </SequencePoints>
              <BranchPoints />
              <MethodPoint xsi:type="SequencePoint" vc="0" uspid="6968" ordinal="0" offset="0" sl="1447" sc="9" el="1447" ec="10" bec="0" bev="0" fileid="20" />
            </Method>
            <Method visited="false" cyclomaticComplexity="1" nPathComplexity="0" sequenceCoverage="0" branchCoverage="0" crapScore="2" isConstructor="false" isStatic="false" isGetter="false" isSetter="false">
              <Summary numSequencePoints="3" visitedSequencePoints="0" numBranchPoints="1" visitedBranchPoints="0" sequenceCoverage="0" branchCoverage="0" maxCyclomaticComplexity="1" minCyclomaticComplexity="1" maxCrapScore="2" minCrapScore="2" visitedClasses="0" numClasses="0" visitedMethods="0" numMethods="1" />
              <MetadataToken>100663541</MetadataToken>
              <Name>System.Object ExMat.Lexer.ExLexer::GetDebuggerDisplay()</Name>
              <FileRef uid="20" />
              <SequencePoints>
                <SequencePoint vc="0" uspid="6972" ordinal="0" offset="0" sl="1455" sc="9" el="1455" ec="10" bec="0" bev="0" fileid="20" />
                <SequencePoint vc="0" uspid="6973" ordinal="1" offset="1" sl="1456" sc="13" el="1456" ec="160" bec="0" bev="0" fileid="20" />
                <SequencePoint vc="0" uspid="6974" ordinal="2" offset="81" sl="1457" sc="9" el="1457" ec="10" bec="0" bev="0" fileid="20" />
              </SequencePoints>
              <BranchPoints />
              <MethodPoint xsi:type="SequencePoint" vc="0" uspid="6972" ordinal="0" offset="0" sl="1455" sc="9" el="1455" ec="10" bec="0" bev="0" fileid="20" />
            </Method>
          </Methods>
        </Class>
        <Class>
          <Summary numSequencePoints="17" visitedSequencePoints="0" numBranchPoints="3" visitedBranchPoints="0" sequenceCoverage="0" branchCoverage="0" maxCyclomaticComplexity="1" minCyclomaticComplexity="1" maxCrapScore="2" minCrapScore="2" visitedClasses="0" numClasses="1" visitedMethods="0" numMethods="3" />
          <FullName>ExMat.OPs.ExInstr</FullName>
          <Methods>
            <Method visited="false" cyclomaticComplexity="1" nPathComplexity="0" sequenceCoverage="0" branchCoverage="0" crapScore="2" isConstructor="true" isStatic="false" isGetter="false" isSetter="false">
              <Summary numSequencePoints="7" visitedSequencePoints="0" numBranchPoints="1" visitedBranchPoints="0" sequenceCoverage="0" branchCoverage="0" maxCyclomaticComplexity="1" minCyclomaticComplexity="1" maxCrapScore="2" minCrapScore="2" visitedClasses="0" numClasses="0" visitedMethods="0" numMethods="1" />
              <MetadataToken>100663542</MetadataToken>
              <Name>System.Void ExMat.OPs.ExInstr::.ctor(ExMat.OPs.ExInstr)</Name>
              <FileRef uid="21" />
              <SequencePoints>
                <SequencePoint vc="0" uspid="6975" ordinal="0" offset="0" sl="19" sc="9" el="19" ec="10" bec="0" bev="0" fileid="21" />
                <SequencePoint vc="0" uspid="6976" ordinal="1" offset="1" sl="20" sc="13" el="20" ec="27" bec="0" bev="0" fileid="21" />
                <SequencePoint vc="0" uspid="6977" ordinal="2" offset="13" sl="21" sc="13" el="21" ec="31" bec="0" bev="0" fileid="21" />
                <SequencePoint vc="0" uspid="6978" ordinal="3" offset="25" sl="22" sc="13" el="22" ec="31" bec="0" bev="0" fileid="21" />
                <SequencePoint vc="0" uspid="6979" ordinal="4" offset="37" sl="23" sc="13" el="23" ec="31" bec="0" bev="0" fileid="21" />
                <SequencePoint vc="0" uspid="6980" ordinal="5" offset="49" sl="24" sc="13" el="24" ec="31" bec="0" bev="0" fileid="21" />
                <SequencePoint vc="0" uspid="6981" ordinal="6" offset="61" sl="25" sc="9" el="25" ec="10" bec="0" bev="0" fileid="21" />
              </SequencePoints>
              <BranchPoints />
              <MethodPoint xsi:type="SequencePoint" vc="0" uspid="6975" ordinal="0" offset="0" sl="19" sc="9" el="19" ec="10" bec="0" bev="0" fileid="21" />
            </Method>
            <Method visited="false" cyclomaticComplexity="1" nPathComplexity="0" sequenceCoverage="0" branchCoverage="0" crapScore="2" isConstructor="true" isStatic="false" isGetter="false" isSetter="false">
              <Summary numSequencePoints="7" visitedSequencePoints="0" numBranchPoints="1" visitedBranchPoints="0" sequenceCoverage="0" branchCoverage="0" maxCyclomaticComplexity="1" minCyclomaticComplexity="1" maxCrapScore="2" minCrapScore="2" visitedClasses="0" numClasses="0" visitedMethods="0" numMethods="1" />
              <MetadataToken>100663543</MetadataToken>
              <Name>System.Void ExMat.OPs.ExInstr::.ctor(ExMat.OPs.ExOperationCode,System.Int64,System.Int64,System.Int64,System.Int64)</Name>
              <FileRef uid="21" />
              <SequencePoints>
                <SequencePoint vc="0" uspid="6982" ordinal="0" offset="0" sl="28" sc="9" el="28" ec="10" bec="0" bev="0" fileid="21" />
                <SequencePoint vc="0" uspid="6983" ordinal="1" offset="1" sl="29" sc="13" el="29" ec="20" bec="0" bev="0" fileid="21" />
                <SequencePoint vc="0" uspid="6984" ordinal="2" offset="8" sl="30" sc="13" el="30" ec="23" bec="0" bev="0" fileid="21" />
                <SequencePoint vc="0" uspid="6985" ordinal="3" offset="15" sl="31" sc="13" el="31" ec="23" bec="0" bev="0" fileid="21" />
                <SequencePoint vc="0" uspid="6986" ordinal="4" offset="22" sl="32" sc="13" el="32" ec="23" bec="0" bev="0" fileid="21" />
                <SequencePoint vc="0" uspid="6987" ordinal="5" offset="30" sl="33" sc="13" el="33" ec="23" bec="0" bev="0" fileid="21" />
                <SequencePoint vc="0" uspid="6988" ordinal="6" offset="38" sl="34" sc="9" el="34" ec="10" bec="0" bev="0" fileid="21" />
              </SequencePoints>
              <BranchPoints />
              <MethodPoint xsi:type="SequencePoint" vc="0" uspid="6982" ordinal="0" offset="0" sl="28" sc="9" el="28" ec="10" bec="0" bev="0" fileid="21" />
            </Method>
            <Method visited="false" cyclomaticComplexity="1" nPathComplexity="0" sequenceCoverage="0" branchCoverage="0" crapScore="2" isConstructor="false" isStatic="false" isGetter="false" isSetter="false">
              <Summary numSequencePoints="3" visitedSequencePoints="0" numBranchPoints="1" visitedBranchPoints="0" sequenceCoverage="0" branchCoverage="0" maxCyclomaticComplexity="1" minCyclomaticComplexity="1" maxCrapScore="2" minCrapScore="2" visitedClasses="0" numClasses="0" visitedMethods="0" numMethods="1" />
              <MetadataToken>100663544</MetadataToken>
              <Name>System.String ExMat.OPs.ExInstr::GetDebuggerDisplay()</Name>
              <FileRef uid="21" />
              <SequencePoints>
                <SequencePoint vc="0" uspid="6989" ordinal="0" offset="0" sl="37" sc="9" el="37" ec="10" bec="0" bev="0" fileid="21" />
                <SequencePoint vc="0" uspid="6990" ordinal="1" offset="1" sl="38" sc="13" el="38" ec="90" bec="0" bev="0" fileid="21" />
                <SequencePoint vc="0" uspid="6991" ordinal="2" offset="124" sl="39" sc="9" el="39" ec="10" bec="0" bev="0" fileid="21" />
              </SequencePoints>
              <BranchPoints />
              <MethodPoint xsi:type="SequencePoint" vc="0" uspid="6989" ordinal="0" offset="0" sl="37" sc="9" el="37" ec="10" bec="0" bev="0" fileid="21" />
            </Method>
          </Methods>
        </Class>
        <Class>
          <Summary numSequencePoints="17" visitedSequencePoints="0" numBranchPoints="3" visitedBranchPoints="0" sequenceCoverage="0" branchCoverage="0" maxCyclomaticComplexity="1" minCyclomaticComplexity="1" maxCrapScore="2" minCrapScore="2" visitedClasses="0" numClasses="1" visitedMethods="0" numMethods="3" />
          <FullName>ExMat.OPs.ExTrap</FullName>
          <Methods>
            <Method visited="false" cyclomaticComplexity="1" nPathComplexity="0" sequenceCoverage="0" branchCoverage="0" crapScore="2" isConstructor="true" isStatic="false" isGetter="false" isSetter="false">
              <Summary numSequencePoints="7" visitedSequencePoints="0" numBranchPoints="1" visitedBranchPoints="0" sequenceCoverage="0" branchCoverage="0" maxCyclomaticComplexity="1" minCyclomaticComplexity="1" maxCrapScore="2" minCrapScore="2" visitedClasses="0" numClasses="0" visitedMethods="0" numMethods="1" />
              <MetadataToken>100663545</MetadataToken>
              <Name>System.Void ExMat.OPs.ExTrap::.ctor(System.Int32,System.Int32,ExMat.OPs.ExInstr,System.Int32)</Name>
              <FileRef uid="22" />
              <SequencePoints>
                <SequencePoint vc="0" uspid="6992" ordinal="0" offset="0" sl="17" sc="9" el="17" ec="69" bec="0" bev="0" fileid="22" />
                <SequencePoint vc="0" uspid="6993" ordinal="1" offset="7" sl="18" sc="9" el="18" ec="10" bec="0" bev="0" fileid="22" />
                <SequencePoint vc="0" uspid="6994" ordinal="2" offset="8" sl="19" sc="13" el="19" ec="31" bec="0" bev="0" fileid="22" />
                <SequencePoint vc="0" uspid="6995" ordinal="3" offset="15" sl="20" sc="13" el="20" ec="30" bec="0" bev="0" fileid="22" />
                <SequencePoint vc="0" uspid="6996" ordinal="4" offset="22" sl="21" sc="13" el="21" ec="32" bec="0" bev="0" fileid="22" />
                <SequencePoint vc="0" uspid="6997" ordinal="5" offset="29" sl="22" sc="13" el="22" ec="29" bec="0" bev="0" fileid="22" />
                <SequencePoint vc="0" uspid="6998" ordinal="6" offset="37" sl="23" sc="9" el="23" ec="10" bec="0" bev="0" fileid="22" />
              </SequencePoints>
              <BranchPoints />
              <MethodPoint xsi:type="SequencePoint" vc="0" uspid="6992" ordinal="0" offset="0" sl="17" sc="9" el="17" ec="69" bec="0" bev="0" fileid="22" />
            </Method>
            <Method visited="false" cyclomaticComplexity="1" nPathComplexity="0" sequenceCoverage="0" branchCoverage="0" crapScore="2" isConstructor="true" isStatic="false" isGetter="false" isSetter="false">
              <Summary numSequencePoints="7" visitedSequencePoints="0" numBranchPoints="1" visitedBranchPoints="0" sequenceCoverage="0" branchCoverage="0" maxCyclomaticComplexity="1" minCyclomaticComplexity="1" maxCrapScore="2" minCrapScore="2" visitedClasses="0" numClasses="0" visitedMethods="0" numMethods="1" />
              <MetadataToken>100663546</MetadataToken>
              <Name>System.Void ExMat.OPs.ExTrap::.ctor(ExMat.OPs.ExTrap)</Name>
              <FileRef uid="22" />
              <SequencePoints>
                <SequencePoint vc="0" uspid="6999" ordinal="0" offset="0" sl="25" sc="9" el="25" ec="32" bec="0" bev="0" fileid="22" />
                <SequencePoint vc="0" uspid="7000" ordinal="1" offset="7" sl="26" sc="9" el="26" ec="10" bec="0" bev="0" fileid="22" />
                <SequencePoint vc="0" uspid="7001" ordinal="2" offset="8" sl="27" sc="13" el="27" ec="37" bec="0" bev="0" fileid="22" />
                <SequencePoint vc="0" uspid="7002" ordinal="3" offset="20" sl="28" sc="13" el="28" ec="37" bec="0" bev="0" fileid="22" />
                <SequencePoint vc="0" uspid="7003" ordinal="4" offset="32" sl="29" sc="13" el="29" ec="41" bec="0" bev="0" fileid="22" />
                <SequencePoint vc="0" uspid="7004" ordinal="5" offset="44" sl="30" sc="13" el="30" ec="31" bec="0" bev="0" fileid="22" />
                <SequencePoint vc="0" uspid="7005" ordinal="6" offset="56" sl="31" sc="9" el="31" ec="10" bec="0" bev="0" fileid="22" />
              </SequencePoints>
              <BranchPoints />
              <MethodPoint xsi:type="SequencePoint" vc="0" uspid="6999" ordinal="0" offset="0" sl="25" sc="9" el="25" ec="32" bec="0" bev="0" fileid="22" />
            </Method>
            <Method visited="false" cyclomaticComplexity="1" nPathComplexity="0" sequenceCoverage="0" branchCoverage="0" crapScore="2" isConstructor="false" isStatic="false" isGetter="false" isSetter="false">
              <Summary numSequencePoints="3" visitedSequencePoints="0" numBranchPoints="1" visitedBranchPoints="0" sequenceCoverage="0" branchCoverage="0" maxCyclomaticComplexity="1" minCyclomaticComplexity="1" maxCrapScore="2" minCrapScore="2" visitedClasses="0" numClasses="0" visitedMethods="0" numMethods="1" />
              <MetadataToken>100663547</MetadataToken>
              <Name>System.String ExMat.OPs.ExTrap::GetDebuggerDisplay()</Name>
              <FileRef uid="22" />
              <SequencePoints>
                <SequencePoint vc="0" uspid="7006" ordinal="0" offset="0" sl="34" sc="9" el="34" ec="10" bec="0" bev="0" fileid="22" />
                <SequencePoint vc="0" uspid="7007" ordinal="1" offset="1" sl="35" sc="13" el="35" ec="118" bec="0" bev="0" fileid="22" />
                <SequencePoint vc="0" uspid="7008" ordinal="2" offset="103" sl="36" sc="9" el="36" ec="10" bec="0" bev="0" fileid="22" />
              </SequencePoints>
              <BranchPoints />
              <MethodPoint xsi:type="SequencePoint" vc="0" uspid="7006" ordinal="0" offset="0" sl="34" sc="9" el="34" ec="10" bec="0" bev="0" fileid="22" />
            </Method>
          </Methods>
        </Class>
        <Class>
          <Summary numSequencePoints="9" visitedSequencePoints="0" numBranchPoints="3" visitedBranchPoints="0" sequenceCoverage="0" branchCoverage="0" maxCyclomaticComplexity="1" minCyclomaticComplexity="1" maxCrapScore="2" minCrapScore="2" visitedClasses="0" numClasses="1" visitedMethods="0" numMethods="3" />
          <FullName>ExMat.States.ExEState</FullName>
          <Methods>
            <Method visited="false" cyclomaticComplexity="1" nPathComplexity="0" sequenceCoverage="0" branchCoverage="0" crapScore="2" isConstructor="false" isStatic="false" isGetter="false" isSetter="false">
              <Summary numSequencePoints="3" visitedSequencePoints="0" numBranchPoints="1" visitedBranchPoints="0" sequenceCoverage="0" branchCoverage="0" maxCyclomaticComplexity="1" minCyclomaticComplexity="1" maxCrapScore="2" minCrapScore="2" visitedClasses="0" numClasses="0" visitedMethods="0" numMethods="1" />
              <MetadataToken>100663548</MetadataToken>
              <Name>System.String ExMat.States.ExEState::GetDebuggerDisplay()</Name>
              <FileRef uid="23" />
              <SequencePoints>
                <SequencePoint vc="0" uspid="7009" ordinal="0" offset="0" sl="28" sc="9" el="28" ec="10" bec="0" bev="0" fileid="23" />
                <SequencePoint vc="0" uspid="7010" ordinal="1" offset="1" sl="29" sc="13" el="29" ec="66" bec="0" bev="0" fileid="23" />
                <SequencePoint vc="0" uspid="7011" ordinal="2" offset="79" sl="30" sc="9" el="30" ec="10" bec="0" bev="0" fileid="23" />
              </SequencePoints>
              <BranchPoints />
              <MethodPoint xsi:type="SequencePoint" vc="0" uspid="7009" ordinal="0" offset="0" sl="28" sc="9" el="28" ec="10" bec="0" bev="0" fileid="23" />
            </Method>
            <Method visited="false" cyclomaticComplexity="1" nPathComplexity="0" sequenceCoverage="0" branchCoverage="0" crapScore="2" isConstructor="true" isStatic="false" isGetter="false" isSetter="false">
              <Summary numSequencePoints="3" visitedSequencePoints="0" numBranchPoints="1" visitedBranchPoints="0" sequenceCoverage="0" branchCoverage="0" maxCyclomaticComplexity="1" minCyclomaticComplexity="1" maxCrapScore="2" minCrapScore="2" visitedClasses="0" numClasses="0" visitedMethods="0" numMethods="1" />
              <MetadataToken>100663549</MetadataToken>
              <Name>System.Void ExMat.States.ExEState::.ctor()</Name>
              <FileRef uid="23" />
              <SequencePoints>
                <SequencePoint vc="0" uspid="7012" ordinal="0" offset="0" sl="32" sc="9" el="32" ec="26" bec="0" bev="0" fileid="23" />
                <SequencePoint vc="0" uspid="7013" ordinal="1" offset="7" sl="33" sc="9" el="33" ec="10" bec="0" bev="0" fileid="23" />
                <SequencePoint vc="0" uspid="7014" ordinal="2" offset="8" sl="35" sc="9" el="35" ec="10" bec="0" bev="0" fileid="23" />
              </SequencePoints>
              <BranchPoints />
              <MethodPoint xsi:type="SequencePoint" vc="0" uspid="7012" ordinal="0" offset="0" sl="32" sc="9" el="32" ec="26" bec="0" bev="0" fileid="23" />
            </Method>
            <Method visited="false" cyclomaticComplexity="1" nPathComplexity="0" sequenceCoverage="0" branchCoverage="0" crapScore="2" isConstructor="false" isStatic="false" isGetter="false" isSetter="false">
              <Summary numSequencePoints="3" visitedSequencePoints="0" numBranchPoints="1" visitedBranchPoints="0" sequenceCoverage="0" branchCoverage="0" maxCyclomaticComplexity="1" minCyclomaticComplexity="1" maxCrapScore="2" minCrapScore="2" visitedClasses="0" numClasses="0" visitedMethods="0" numMethods="1" />
              <MetadataToken>100663550</MetadataToken>
              <Name>ExMat.States.ExEState ExMat.States.ExEState::Copy()</Name>
              <FileRef uid="23" />
              <SequencePoints>
                <SequencePoint vc="0" uspid="7015" ordinal="0" offset="0" sl="38" sc="9" el="38" ec="10" bec="0" bev="0" fileid="23" />
                <SequencePoint vc="0" uspid="7016" ordinal="1" offset="1" sl="39" sc="13" el="39" ec="98" bec="0" bev="0" fileid="23" />
                <SequencePoint vc="0" uspid="7017" ordinal="2" offset="45" sl="40" sc="9" el="40" ec="10" bec="0" bev="0" fileid="23" />
              </SequencePoints>
              <BranchPoints />
              <MethodPoint xsi:type="SequencePoint" vc="0" uspid="7015" ordinal="0" offset="0" sl="38" sc="9" el="38" ec="10" bec="0" bev="0" fileid="23" />
            </Method>
          </Methods>
        </Class>
        <Class>
          <Summary numSequencePoints="543" visitedSequencePoints="0" numBranchPoints="234" visitedBranchPoints="0" sequenceCoverage="0" branchCoverage="0" maxCyclomaticComplexity="21" minCyclomaticComplexity="1" maxCrapScore="462" minCrapScore="2" visitedClasses="0" numClasses="1" visitedMethods="0" numMethods="45" />
          <FullName>ExMat.States.ExFState</FullName>
          <Methods>
            <Method visited="false" cyclomaticComplexity="4" nPathComplexity="4" sequenceCoverage="0" branchCoverage="0" crapScore="20" isConstructor="false" isStatic="false" isGetter="false" isSetter="false">
              <Summary numSequencePoints="28" visitedSequencePoints="0" numBranchPoints="5" visitedBranchPoints="0" sequenceCoverage="0" branchCoverage="0" maxCyclomaticComplexity="4" minCyclomaticComplexity="4" maxCrapScore="20" minCrapScore="20" visitedClasses="0" numClasses="0" visitedMethods="0" numMethods="1" />
              <MetadataToken>100663551</MetadataToken>
              <Name>System.Void ExMat.States.ExFState::Dispose(System.Boolean)</Name>
              <FileRef uid="24" />
              <SequencePoints>
                <SequencePoint vc="0" uspid="7018" ordinal="0" offset="0" sl="100" sc="9" el="100" ec="10" bec="0" bev="0" fileid="24" />
                <SequencePoint vc="0" uspid="7019" ordinal="1" offset="1" sl="101" sc="13" el="101" ec="32" bec="2" bev="0" fileid="24" />
                <SequencePoint vc="0" uspid="7020" ordinal="2" offset="17" sl="102" sc="13" el="102" ec="14" bec="0" bev="0" fileid="24" />
                <SequencePoint vc="0" uspid="7021" ordinal="3" offset="18" sl="103" sc="17" el="103" ec="31" bec="2" bev="0" fileid="24" />
                <SequencePoint vc="0" uspid="7022" ordinal="4" offset="26" sl="104" sc="17" el="104" ec="18" bec="0" bev="0" fileid="24" />
                <SequencePoint vc="0" uspid="7023" ordinal="5" offset="27" sl="105" sc="21" el="105" ec="38" bec="0" bev="0" fileid="24" />
                <SequencePoint vc="0" uspid="7024" ordinal="6" offset="34" sl="106" sc="21" el="106" ec="41" bec="0" bev="0" fileid="24" />
                <SequencePoint vc="0" uspid="7025" ordinal="7" offset="41" sl="107" sc="21" el="107" ec="45" bec="0" bev="0" fileid="24" />
                <SequencePoint vc="0" uspid="7026" ordinal="8" offset="48" sl="108" sc="21" el="108" ec="47" bec="0" bev="0" fileid="24" />
                <SequencePoint vc="0" uspid="7027" ordinal="9" offset="55" sl="109" sc="21" el="109" ec="40" bec="0" bev="0" fileid="24" />
                <SequencePoint vc="0" uspid="7028" ordinal="10" offset="62" sl="110" sc="21" el="110" ec="38" bec="0" bev="0" fileid="24" />
                <SequencePoint vc="0" uspid="7029" ordinal="11" offset="69" sl="112" sc="21" el="112" ec="44" bec="0" bev="0" fileid="24" />
                <SequencePoint vc="0" uspid="7030" ordinal="12" offset="81" sl="113" sc="21" el="113" ec="37" bec="0" bev="0" fileid="24" />
                <SequencePoint vc="0" uspid="7031" ordinal="13" offset="93" sl="114" sc="21" el="114" ec="38" bec="0" bev="0" fileid="24" />
                <SequencePoint vc="0" uspid="7032" ordinal="14" offset="105" sl="115" sc="21" el="115" ec="36" bec="0" bev="0" fileid="24" />
                <SequencePoint vc="0" uspid="7033" ordinal="15" offset="117" sl="117" sc="21" el="117" ec="65" bec="0" bev="0" fileid="24" />
                <SequencePoint vc="0" uspid="7034" ordinal="16" offset="160" sl="118" sc="21" el="118" ec="41" bec="0" bev="0" fileid="24" />
                <SequencePoint vc="0" uspid="7035" ordinal="17" offset="167" sl="120" sc="21" el="120" ec="65" bec="0" bev="0" fileid="24" />
                <SequencePoint vc="0" uspid="7036" ordinal="18" offset="179" sl="121" sc="21" el="121" ec="64" bec="0" bev="0" fileid="24" />
                <SequencePoint vc="0" uspid="7037" ordinal="19" offset="191" sl="122" sc="21" el="122" ec="68" bec="0" bev="0" fileid="24" />
                <SequencePoint vc="0" uspid="7038" ordinal="20" offset="203" sl="123" sc="21" el="123" ec="60" bec="0" bev="0" fileid="24" />
                <SequencePoint vc="0" uspid="7039" ordinal="21" offset="215" sl="124" sc="21" el="124" ec="60" bec="0" bev="0" fileid="24" />
                <SequencePoint vc="0" uspid="7040" ordinal="22" offset="227" sl="125" sc="21" el="125" ec="59" bec="0" bev="0" fileid="24" />
                <SequencePoint vc="0" uspid="7041" ordinal="23" offset="239" sl="127" sc="21" el="127" ec="58" bec="0" bev="0" fileid="24" />
                <SequencePoint vc="0" uspid="7042" ordinal="24" offset="251" sl="128" sc="17" el="128" ec="18" bec="0" bev="0" fileid="24" />
                <SequencePoint vc="0" uspid="7043" ordinal="25" offset="252" sl="132" sc="17" el="132" ec="38" bec="0" bev="0" fileid="24" />
                <SequencePoint vc="0" uspid="7044" ordinal="26" offset="259" sl="133" sc="13" el="133" ec="14" bec="0" bev="0" fileid="24" />
                <SequencePoint vc="0" uspid="7045" ordinal="27" offset="260" sl="134" sc="9" el="134" ec="10" bec="0" bev="0" fileid="24" />
              </SequencePoints>
              <BranchPoints>
                <BranchPoint vc="0" uspid="7046" ordinal="0" offset="12" sl="101" path="0" offsetend="17" fileid="24" />
                <BranchPoint vc="0" uspid="7047" ordinal="1" offset="12" sl="101" path="1" offsetend="260" fileid="24" />
                <BranchPoint vc="0" uspid="7048" ordinal="2" offset="21" sl="103" path="0" offsetend="26" fileid="24" />
                <BranchPoint vc="0" uspid="7049" ordinal="3" offset="21" sl="103" path="1" offsetend="252" fileid="24" />
              </BranchPoints>
              <MethodPoint xsi:type="SequencePoint" vc="0" uspid="7018" ordinal="0" offset="0" sl="100" sc="9" el="100" ec="10" bec="0" bev="0" fileid="24" />
            </Method>
            <Method visited="false" cyclomaticComplexity="1" nPathComplexity="0" sequenceCoverage="0" branchCoverage="0" crapScore="2" isConstructor="true" isStatic="false" isGetter="false" isSetter="false">
              <Summary numSequencePoints="20" visitedSequencePoints="0" numBranchPoints="1" visitedBranchPoints="0" sequenceCoverage="0" branchCoverage="0" maxCyclomaticComplexity="1" minCyclomaticComplexity="1" maxCrapScore="2" minCrapScore="2" visitedClasses="0" numClasses="0" visitedMethods="0" numMethods="1" />
              <MetadataToken>100663552</MetadataToken>
              <Name>System.Void ExMat.States.ExFState::.ctor()</Name>
              <FileRef uid="24" />
              <SequencePoints>
                <SequencePoint vc="0" uspid="7050" ordinal="0" offset="0" sl="39" sc="9" el="39" ec="62" bec="0" bev="0" fileid="24" />
                <SequencePoint vc="0" uspid="7051" ordinal="1" offset="11" sl="49" sc="9" el="49" ec="58" bec="0" bev="0" fileid="24" />
                <SequencePoint vc="0" uspid="7052" ordinal="2" offset="22" sl="50" sc="9" el="50" ec="62" bec="0" bev="0" fileid="24" />
                <SequencePoint vc="0" uspid="7053" ordinal="3" offset="33" sl="54" sc="9" el="54" ec="55" bec="0" bev="0" fileid="24" />
                <SequencePoint vc="0" uspid="7054" ordinal="4" offset="44" sl="57" sc="9" el="57" ec="51" bec="0" bev="0" fileid="24" />
                <SequencePoint vc="0" uspid="7055" ordinal="5" offset="55" sl="58" sc="9" el="58" ec="53" bec="0" bev="0" fileid="24" />
                <SequencePoint vc="0" uspid="7056" ordinal="6" offset="66" sl="61" sc="9" el="61" ec="52" bec="0" bev="0" fileid="24" />
                <SequencePoint vc="0" uspid="7057" ordinal="7" offset="77" sl="65" sc="9" el="65" ec="38" bec="0" bev="0" fileid="24" />
                <SequencePoint vc="0" uspid="7058" ordinal="8" offset="88" sl="68" sc="9" el="68" ec="51" bec="0" bev="0" fileid="24" />
                <SequencePoint vc="0" uspid="7059" ordinal="9" offset="99" sl="73" sc="9" el="73" ec="55" bec="0" bev="0" fileid="24" />
                <SequencePoint vc="0" uspid="7060" ordinal="10" offset="110" sl="76" sc="9" el="76" ec="44" bec="0" bev="0" fileid="24" />
                <SequencePoint vc="0" uspid="7061" ordinal="11" offset="121" sl="77" sc="9" el="77" ec="47" bec="0" bev="0" fileid="24" />
                <SequencePoint vc="0" uspid="7062" ordinal="12" offset="132" sl="78" sc="9" el="78" ec="51" bec="0" bev="0" fileid="24" />
                <SequencePoint vc="0" uspid="7063" ordinal="13" offset="143" sl="79" sc="9" el="79" ec="53" bec="0" bev="0" fileid="24" />
                <SequencePoint vc="0" uspid="7064" ordinal="14" offset="154" sl="82" sc="9" el="82" ec="39" bec="0" bev="0" fileid="24" />
                <SequencePoint vc="0" uspid="7065" ordinal="15" offset="161" sl="92" sc="9" el="92" ec="53" bec="0" bev="0" fileid="24" />
                <SequencePoint vc="0" uspid="7066" ordinal="16" offset="172" sl="95" sc="9" el="95" ec="62" bec="0" bev="0" fileid="24" />
                <SequencePoint vc="0" uspid="7067" ordinal="17" offset="183" sl="135" sc="9" el="135" ec="26" bec="0" bev="0" fileid="24" />
                <SequencePoint vc="0" uspid="7068" ordinal="18" offset="190" sl="135" sc="27" el="135" ec="28" bec="0" bev="0" fileid="24" />
                <SequencePoint vc="0" uspid="7069" ordinal="19" offset="191" sl="135" sc="29" el="135" ec="30" bec="0" bev="0" fileid="24" />
              </SequencePoints>
              <BranchPoints />
              <MethodPoint xsi:type="SequencePoint" vc="0" uspid="7050" ordinal="0" offset="0" sl="39" sc="9" el="39" ec="62" bec="0" bev="0" fileid="24" />
            </Method>
            <Method visited="false" cyclomaticComplexity="1" nPathComplexity="0" sequenceCoverage="0" branchCoverage="0" crapScore="2" isConstructor="true" isStatic="false" isGetter="false" isSetter="false">
              <Summary numSequencePoints="27" visitedSequencePoints="0" numBranchPoints="1" visitedBranchPoints="0" sequenceCoverage="0" branchCoverage="0" maxCyclomaticComplexity="1" minCyclomaticComplexity="1" maxCrapScore="2" minCrapScore="2" visitedClasses="0" numClasses="0" visitedMethods="0" numMethods="1" />
              <MetadataToken>100663553</MetadataToken>
              <Name>System.Void ExMat.States.ExFState::.ctor(ExMat.States.ExSState,ExMat.States.ExFState)</Name>
              <FileRef uid="24" />
              <SequencePoints>
                <SequencePoint vc="0" uspid="7070" ordinal="0" offset="0" sl="39" sc="9" el="39" ec="62" bec="0" bev="0" fileid="24" />
                <SequencePoint vc="0" uspid="7071" ordinal="1" offset="11" sl="49" sc="9" el="49" ec="58" bec="0" bev="0" fileid="24" />
                <SequencePoint vc="0" uspid="7072" ordinal="2" offset="22" sl="50" sc="9" el="50" ec="62" bec="0" bev="0" fileid="24" />
                <SequencePoint vc="0" uspid="7073" ordinal="3" offset="33" sl="54" sc="9" el="54" ec="55" bec="0" bev="0" fileid="24" />
                <SequencePoint vc="0" uspid="7074" ordinal="4" offset="44" sl="57" sc="9" el="57" ec="51" bec="0" bev="0" fileid="24" />
                <SequencePoint vc="0" uspid="7075" ordinal="5" offset="55" sl="58" sc="9" el="58" ec="53" bec="0" bev="0" fileid="24" />
                <SequencePoint vc="0" uspid="7076" ordinal="6" offset="66" sl="61" sc="9" el="61" ec="52" bec="0" bev="0" fileid="24" />
                <SequencePoint vc="0" uspid="7077" ordinal="7" offset="77" sl="65" sc="9" el="65" ec="38" bec="0" bev="0" fileid="24" />
                <SequencePoint vc="0" uspid="7078" ordinal="8" offset="88" sl="68" sc="9" el="68" ec="51" bec="0" bev="0" fileid="24" />
                <SequencePoint vc="0" uspid="7079" ordinal="9" offset="99" sl="73" sc="9" el="73" ec="55" bec="0" bev="0" fileid="24" />
                <SequencePoint vc="0" uspid="7080" ordinal="10" offset="110" sl="76" sc="9" el="76" ec="44" bec="0" bev="0" fileid="24" />
                <SequencePoint vc="0" uspid="7081" ordinal="11" offset="121" sl="77" sc="9" el="77" ec="47" bec="0" bev="0" fileid="24" />
                <SequencePoint vc="0" uspid="7082" ordinal="12" offset="132" sl="78" sc="9" el="78" ec="51" bec="0" bev="0" fileid="24" />
                <SequencePoint vc="0" uspid="7083" ordinal="13" offset="143" sl="79" sc="9" el="79" ec="53" bec="0" bev="0" fileid="24" />
                <SequencePoint vc="0" uspid="7084" ordinal="14" offset="154" sl="82" sc="9" el="82" ec="39" bec="0" bev="0" fileid="24" />
                <SequencePoint vc="0" uspid="7085" ordinal="15" offset="161" sl="92" sc="9" el="92" ec="53" bec="0" bev="0" fileid="24" />
                <SequencePoint vc="0" uspid="7086" ordinal="16" offset="172" sl="95" sc="9" el="95" ec="62" bec="0" bev="0" fileid="24" />
                <SequencePoint vc="0" uspid="7087" ordinal="17" offset="183" sl="137" sc="9" el="137" ec="58" bec="0" bev="0" fileid="24" />
                <SequencePoint vc="0" uspid="7088" ordinal="18" offset="190" sl="138" sc="9" el="138" ec="10" bec="0" bev="0" fileid="24" />
                <SequencePoint vc="0" uspid="7089" ordinal="19" offset="191" sl="139" sc="13" el="139" ec="27" bec="0" bev="0" fileid="24" />
                <SequencePoint vc="0" uspid="7090" ordinal="20" offset="198" sl="141" sc="13" el="141" ec="34" bec="0" bev="0" fileid="24" />
                <SequencePoint vc="0" uspid="7091" ordinal="21" offset="205" sl="143" sc="13" el="143" ec="35" bec="0" bev="0" fileid="24" />
                <SequencePoint vc="0" uspid="7092" ordinal="22" offset="212" sl="145" sc="13" el="145" ec="27" bec="0" bev="0" fileid="24" />
                <SequencePoint vc="0" uspid="7093" ordinal="23" offset="219" sl="146" sc="13" el="146" ec="40" bec="0" bev="0" fileid="24" />
                <SequencePoint vc="0" uspid="7094" ordinal="24" offset="226" sl="147" sc="13" el="147" ec="25" bec="0" bev="0" fileid="24" />
                <SequencePoint vc="0" uspid="7095" ordinal="25" offset="233" sl="149" sc="13" el="149" ec="30" bec="0" bev="0" fileid="24" />
                <SequencePoint vc="0" uspid="7096" ordinal="26" offset="240" sl="150" sc="9" el="150" ec="10" bec="0" bev="0" fileid="24" />
              </SequencePoints>
              <BranchPoints />
              <MethodPoint xsi:type="SequencePoint" vc="0" uspid="7070" ordinal="0" offset="0" sl="39" sc="9" el="39" ec="62" bec="0" bev="0" fileid="24" />
            </Method>
            <Method visited="false" cyclomaticComplexity="1" nPathComplexity="0" sequenceCoverage="0" branchCoverage="0" crapScore="2" isConstructor="false" isStatic="false" isGetter="false" isSetter="false">
              <Summary numSequencePoints="8" visitedSequencePoints="0" numBranchPoints="1" visitedBranchPoints="0" sequenceCoverage="0" branchCoverage="0" maxCyclomaticComplexity="1" minCyclomaticComplexity="1" maxCrapScore="2" minCrapScore="2" visitedClasses="0" numClasses="0" visitedMethods="0" numMethods="1" />
              <MetadataToken>100663554</MetadataToken>
              <Name>System.Void ExMat.States.ExFState::SetInstrParams(System.Int32,System.Int32,System.Int32,System.Int32,System.Int32)</Name>
              <FileRef uid="24" />
              <SequencePoints>
                <SequencePoint vc="0" uspid="7097" ordinal="0" offset="0" sl="153" sc="9" el="153" ec="10" bec="0" bev="0" fileid="24" />
                <SequencePoint vc="0" uspid="7098" ordinal="1" offset="1" sl="154" sc="13" el="154" ec="46" bec="0" bev="0" fileid="24" />
                <SequencePoint vc="0" uspid="7099" ordinal="2" offset="14" sl="155" sc="13" el="155" ec="28" bec="0" bev="0" fileid="24" />
                <SequencePoint vc="0" uspid="7100" ordinal="3" offset="23" sl="156" sc="13" el="156" ec="28" bec="0" bev="0" fileid="24" />
                <SequencePoint vc="0" uspid="7101" ordinal="4" offset="32" sl="157" sc="13" el="157" ec="28" bec="0" bev="0" fileid="24" />
                <SequencePoint vc="0" uspid="7102" ordinal="5" offset="42" sl="158" sc="13" el="158" ec="28" bec="0" bev="0" fileid="24" />
                <SequencePoint vc="0" uspid="7103" ordinal="6" offset="52" sl="159" sc="13" el="159" ec="38" bec="0" bev="0" fileid="24" />
                <SequencePoint vc="0" uspid="7104" ordinal="7" offset="66" sl="160" sc="9" el="160" ec="10" bec="0" bev="0" fileid="24" />
              </SequencePoints>
              <BranchPoints />
              <MethodPoint xsi:type="SequencePoint" vc="0" uspid="7097" ordinal="0" offset="0" sl="153" sc="9" el="153" ec="10" bec="0" bev="0" fileid="24" />
            </Method>
            <Method visited="false" cyclomaticComplexity="5" nPathComplexity="6" sequenceCoverage="0" branchCoverage="0" crapScore="30" isConstructor="false" isStatic="false" isGetter="false" isSetter="false">
              <Summary numSequencePoints="17" visitedSequencePoints="0" numBranchPoints="7" visitedBranchPoints="0" sequenceCoverage="0" branchCoverage="0" maxCyclomaticComplexity="5" minCyclomaticComplexity="5" maxCrapScore="30" minCrapScore="30" visitedClasses="0" numClasses="0" visitedMethods="0" numMethods="1" />
              <MetadataToken>100663555</MetadataToken>
              <Name>System.Void ExMat.States.ExFState::UpdateInstructionArgument(System.Int32,System.Int32,System.Int32)</Name>
              <FileRef uid="24" />
              <SequencePoints>
                <SequencePoint vc="0" uspid="7105" ordinal="0" offset="0" sl="162" sc="9" el="162" ec="10" bec="0" bev="0" fileid="24" />
                <SequencePoint vc="0" uspid="7106" ordinal="1" offset="1" sl="163" sc="13" el="163" ec="46" bec="0" bev="0" fileid="24" />
                <SequencePoint vc="0" uspid="7107" ordinal="2" offset="14" sl="164" sc="13" el="164" ec="25" bec="5" bev="0" fileid="24" />
                <SequencePoint vc="0" uspid="7108" ordinal="3" offset="46" sl="167" sc="21" el="167" ec="22" bec="0" bev="0" fileid="24" />
                <SequencePoint vc="0" uspid="7109" ordinal="4" offset="47" sl="168" sc="25" el="168" ec="41" bec="0" bev="0" fileid="24" />
                <SequencePoint vc="0" uspid="7110" ordinal="5" offset="56" sl="169" sc="25" el="169" ec="31" bec="0" bev="0" fileid="24" />
                <SequencePoint vc="0" uspid="7111" ordinal="6" offset="58" sl="173" sc="21" el="173" ec="22" bec="0" bev="0" fileid="24" />
                <SequencePoint vc="0" uspid="7112" ordinal="7" offset="59" sl="174" sc="25" el="174" ec="41" bec="0" bev="0" fileid="24" />
                <SequencePoint vc="0" uspid="7113" ordinal="8" offset="68" sl="175" sc="25" el="175" ec="31" bec="0" bev="0" fileid="24" />
                <SequencePoint vc="0" uspid="7114" ordinal="9" offset="70" sl="178" sc="21" el="178" ec="22" bec="0" bev="0" fileid="24" />
                <SequencePoint vc="0" uspid="7115" ordinal="10" offset="71" sl="179" sc="25" el="179" ec="41" bec="0" bev="0" fileid="24" />
                <SequencePoint vc="0" uspid="7116" ordinal="11" offset="80" sl="180" sc="25" el="180" ec="31" bec="0" bev="0" fileid="24" />
                <SequencePoint vc="0" uspid="7117" ordinal="12" offset="82" sl="183" sc="21" el="183" ec="22" bec="0" bev="0" fileid="24" />
                <SequencePoint vc="0" uspid="7118" ordinal="13" offset="83" sl="184" sc="25" el="184" ec="41" bec="0" bev="0" fileid="24" />
                <SequencePoint vc="0" uspid="7119" ordinal="14" offset="92" sl="185" sc="25" el="185" ec="31" bec="0" bev="0" fileid="24" />
                <SequencePoint vc="0" uspid="7120" ordinal="15" offset="94" sl="188" sc="13" el="188" ec="38" bec="0" bev="0" fileid="24" />
                <SequencePoint vc="0" uspid="7121" ordinal="16" offset="108" sl="189" sc="9" el="189" ec="10" bec="0" bev="0" fileid="24" />
              </SequencePoints>
              <BranchPoints>
                <BranchPoint vc="0" uspid="7122" ordinal="0" offset="19" sl="164" path="0" offsetchain="44" offsetend="94" fileid="24" />
                <BranchPoint vc="0" uspid="7123" ordinal="1" offset="19" sl="164" path="1" offsetend="46" fileid="24" />
                <BranchPoint vc="0" uspid="7124" ordinal="2" offset="19" sl="164" path="2" offsetend="58" fileid="24" />
                <BranchPoint vc="0" uspid="7125" ordinal="3" offset="19" sl="164" path="3" offsetend="70" fileid="24" />
                <BranchPoint vc="0" uspid="7126" ordinal="4" offset="19" sl="164" path="4" offsetend="82" fileid="24" />
                <BranchPoint vc="0" uspid="7127" ordinal="5" offset="19" sl="164" path="5" offsetend="58" fileid="24" />
              </BranchPoints>
              <MethodPoint xsi:type="SequencePoint" vc="0" uspid="7105" ordinal="0" offset="0" sl="162" sc="9" el="162" ec="10" bec="0" bev="0" fileid="24" />
            </Method>
            <Method visited="false" cyclomaticComplexity="2" nPathComplexity="2" sequenceCoverage="0" branchCoverage="0" crapScore="6" isConstructor="false" isStatic="false" isGetter="false" isSetter="false">
              <Summary numSequencePoints="8" visitedSequencePoints="0" numBranchPoints="3" visitedBranchPoints="0" sequenceCoverage="0" branchCoverage="0" maxCyclomaticComplexity="2" minCyclomaticComplexity="2" maxCrapScore="6" minCrapScore="6" visitedClasses="0" numClasses="0" visitedMethods="0" numMethods="1" />
              <MetadataToken>100663556</MetadataToken>
              <Name>System.Boolean ExMat.States.ExFState::IsConst(ExMat.Objects.ExObject,ExMat.Objects.ExObject&amp;)</Name>
              <FileRef uid="24" />
              <SequencePoints>
                <SequencePoint vc="0" uspid="7128" ordinal="0" offset="0" sl="192" sc="9" el="192" ec="10" bec="0" bev="0" fileid="24" />
                <SequencePoint vc="0" uspid="7129" ordinal="1" offset="1" sl="193" sc="13" el="193" ec="65" bec="2" bev="0" fileid="24" />
                <SequencePoint vc="0" uspid="7130" ordinal="2" offset="27" sl="194" sc="13" el="194" ec="14" bec="0" bev="0" fileid="24" />
                <SequencePoint vc="0" uspid="7131" ordinal="3" offset="28" sl="195" sc="17" el="195" ec="60" bec="0" bev="0" fileid="24" />
                <SequencePoint vc="0" uspid="7132" ordinal="4" offset="52" sl="196" sc="17" el="196" ec="29" bec="0" bev="0" fileid="24" />
                <SequencePoint vc="0" uspid="7133" ordinal="5" offset="56" sl="198" sc="13" el="198" ec="25" bec="0" bev="0" fileid="24" />
                <SequencePoint vc="0" uspid="7134" ordinal="6" offset="59" sl="199" sc="13" el="199" ec="26" bec="0" bev="0" fileid="24" />
                <SequencePoint vc="0" uspid="7135" ordinal="7" offset="63" sl="200" sc="9" el="200" ec="10" bec="0" bev="0" fileid="24" />
              </SequencePoints>
              <BranchPoints>
                <BranchPoint vc="0" uspid="7136" ordinal="0" offset="25" sl="193" path="0" offsetend="27" fileid="24" />
                <BranchPoint vc="0" uspid="7137" ordinal="1" offset="25" sl="193" path="1" offsetend="56" fileid="24" />
              </BranchPoints>
              <MethodPoint xsi:type="SequencePoint" vc="0" uspid="7128" ordinal="0" offset="0" sl="192" sc="9" el="192" ec="10" bec="0" bev="0" fileid="24" />
            </Method>
            <Method visited="false" cyclomaticComplexity="6" nPathComplexity="16" sequenceCoverage="0" branchCoverage="0" crapScore="42" isConstructor="false" isStatic="false" isGetter="false" isSetter="false">
              <Summary numSequencePoints="19" visitedSequencePoints="0" numBranchPoints="9" visitedBranchPoints="0" sequenceCoverage="0" branchCoverage="0" maxCyclomaticComplexity="6" minCyclomaticComplexity="6" maxCrapScore="42" minCrapScore="42" visitedClasses="0" numClasses="0" visitedMethods="0" numMethods="1" />
              <MetadataToken>100663557</MetadataToken>
              <Name>System.Int64 ExMat.States.ExFState::GetLiteral(ExMat.Objects.ExObject)</Name>
              <FileRef uid="24" />
              <SequencePoints>
                <SequencePoint vc="0" uspid="7138" ordinal="0" offset="0" sl="203" sc="9" el="203" ec="10" bec="0" bev="0" fileid="24" />
                <SequencePoint vc="0" uspid="7139" ordinal="1" offset="1" sl="204" sc="13" el="204" ec="96" bec="2" bev="0" fileid="24" />
                <SequencePoint vc="0" uspid="7140" ordinal="2" offset="34" sl="205" sc="13" el="205" ec="32" bec="0" bev="0" fileid="24" />
                <SequencePoint vc="0" uspid="7141" ordinal="3" offset="40" sl="206" sc="13" el="206" ec="45" bec="2" bev="0" fileid="24" />
                <SequencePoint vc="0" uspid="7142" ordinal="4" offset="59" sl="207" sc="13" el="207" ec="14" bec="0" bev="0" fileid="24" />
                <SequencePoint vc="0" uspid="7143" ordinal="5" offset="60" sl="208" sc="17" el="208" ec="43" bec="0" bev="0" fileid="24" />
                <SequencePoint vc="0" uspid="7144" ordinal="6" offset="78" sl="209" sc="17" el="209" ec="39" bec="0" bev="0" fileid="24" />
                <SequencePoint vc="0" uspid="7145" ordinal="7" offset="92" sl="210" sc="17" el="210" ec="29" bec="0" bev="0" fileid="24" />
                <SequencePoint vc="0" uspid="7146" ordinal="8" offset="106" sl="211" sc="17" el="211" ec="46" bec="2" bev="0" fileid="24" />
                <SequencePoint vc="0" uspid="7147" ordinal="9" offset="123" sl="212" sc="17" el="212" ec="18" bec="0" bev="0" fileid="24" />
                <SequencePoint vc="0" uspid="7148" ordinal="10" offset="124" sl="213" sc="21" el="213" ec="33" bec="0" bev="0" fileid="24" />
                <SequencePoint vc="0" uspid="7149" ordinal="11" offset="131" sl="214" sc="21" el="214" ec="64" bec="0" bev="0" fileid="24" />
                <SequencePoint vc="0" uspid="7150" ordinal="12" offset="142" sl="216" sc="13" el="216" ec="14" bec="0" bev="0" fileid="24" />
                <SequencePoint vc="0" uspid="7151" ordinal="13" offset="145" sl="218" sc="13" el="218" ec="14" bec="0" bev="0" fileid="24" />
                <SequencePoint vc="0" uspid="7152" ordinal="14" offset="146" sl="219" sc="17" el="219" ec="47" bec="0" bev="0" fileid="24" />
                <SequencePoint vc="0" uspid="7153" ordinal="15" offset="160" sl="220" sc="17" el="220" ec="101" bec="2" bev="0" fileid="24" />
                <SequencePoint vc="0" uspid="7154" ordinal="16" offset="196" sl="221" sc="13" el="221" ec="14" bec="0" bev="0" fileid="24" />
                <SequencePoint vc="0" uspid="7155" ordinal="17" offset="197" sl="223" sc="13" el="223" ec="34" bec="0" bev="0" fileid="24" />
                <SequencePoint vc="0" uspid="7156" ordinal="18" offset="212" sl="224" sc="9" el="224" ec="10" bec="0" bev="0" fileid="24" />
              </SequencePoints>
              <BranchPoints>
                <BranchPoint vc="0" uspid="7157" ordinal="0" offset="12" sl="204" path="0" offsetend="14" fileid="24" />
                <BranchPoint vc="0" uspid="7158" ordinal="1" offset="12" sl="204" path="1" offsetend="22" fileid="24" />
                <BranchPoint vc="0" uspid="7159" ordinal="2" offset="57" sl="206" path="0" offsetend="59" fileid="24" />
                <BranchPoint vc="0" uspid="7160" ordinal="3" offset="57" sl="206" path="1" offsetend="145" fileid="24" />
                <BranchPoint vc="0" uspid="7161" ordinal="4" offset="121" sl="211" path="0" offsetend="123" fileid="24" />
                <BranchPoint vc="0" uspid="7162" ordinal="5" offset="121" sl="211" path="1" offsetend="142" fileid="24" />
                <BranchPoint vc="0" uspid="7163" ordinal="6" offset="172" sl="220" path="0" offsetend="174" fileid="24" />
                <BranchPoint vc="0" uspid="7164" ordinal="7" offset="172" sl="220" path="1" offsetend="178" fileid="24" />
              </BranchPoints>
              <MethodPoint xsi:type="SequencePoint" vc="0" uspid="7138" ordinal="0" offset="0" sl="203" sc="9" el="203" ec="10" bec="0" bev="0" fileid="24" />
            </Method>
            <Method visited="false" cyclomaticComplexity="1" nPathComplexity="0" sequenceCoverage="0" branchCoverage="0" crapScore="2" isConstructor="false" isStatic="false" isGetter="false" isSetter="false">
              <Summary numSequencePoints="3" visitedSequencePoints="0" numBranchPoints="1" visitedBranchPoints="0" sequenceCoverage="0" branchCoverage="0" maxCyclomaticComplexity="1" minCyclomaticComplexity="1" maxCrapScore="2" minCrapScore="2" visitedClasses="0" numClasses="0" visitedMethods="0" numMethods="1" />
              <MetadataToken>100663558</MetadataToken>
              <Name>System.Int32 ExMat.States.ExFState::GetCurrPos()</Name>
              <FileRef uid="24" />
              <SequencePoints>
                <SequencePoint vc="0" uspid="7165" ordinal="0" offset="0" sl="227" sc="9" el="227" ec="10" bec="0" bev="0" fileid="24" />
                <SequencePoint vc="0" uspid="7166" ordinal="1" offset="1" sl="228" sc="13" el="228" ec="43" bec="0" bev="0" fileid="24" />
                <SequencePoint vc="0" uspid="7167" ordinal="2" offset="17" sl="229" sc="9" el="229" ec="10" bec="0" bev="0" fileid="24" />
              </SequencePoints>
              <BranchPoints />
              <MethodPoint xsi:type="SequencePoint" vc="0" uspid="7165" ordinal="0" offset="0" sl="227" sc="9" el="227" ec="10" bec="0" bev="0" fileid="24" />
            </Method>
            <Method visited="false" cyclomaticComplexity="1" nPathComplexity="0" sequenceCoverage="0" branchCoverage="0" crapScore="2" isConstructor="false" isStatic="false" isGetter="false" isSetter="false">
              <Summary numSequencePoints="3" visitedSequencePoints="0" numBranchPoints="1" visitedBranchPoints="0" sequenceCoverage="0" branchCoverage="0" maxCyclomaticComplexity="1" minCyclomaticComplexity="1" maxCrapScore="2" minCrapScore="2" visitedClasses="0" numClasses="0" visitedMethods="0" numMethods="1" />
              <MetadataToken>100663559</MetadataToken>
              <Name>System.Int32 ExMat.States.ExFState::GetLocalVariablesCount()</Name>
              <FileRef uid="24" />
              <SequencePoints>
                <SequencePoint vc="0" uspid="7168" ordinal="0" offset="0" sl="232" sc="9" el="232" ec="10" bec="0" bev="0" fileid="24" />
                <SequencePoint vc="0" uspid="7169" ordinal="1" offset="1" sl="233" sc="13" el="233" ec="41" bec="0" bev="0" fileid="24" />
                <SequencePoint vc="0" uspid="7170" ordinal="2" offset="15" sl="234" sc="9" el="234" ec="10" bec="0" bev="0" fileid="24" />
              </SequencePoints>
              <BranchPoints />
              <MethodPoint xsi:type="SequencePoint" vc="0" uspid="7168" ordinal="0" offset="0" sl="232" sc="9" el="232" ec="10" bec="0" bev="0" fileid="24" />
            </Method>
            <Method visited="false" cyclomaticComplexity="4" nPathComplexity="4" sequenceCoverage="0" branchCoverage="0" crapScore="20" isConstructor="false" isStatic="false" isGetter="false" isSetter="false">
              <Summary numSequencePoints="18" visitedSequencePoints="0" numBranchPoints="5" visitedBranchPoints="0" sequenceCoverage="0" branchCoverage="0" maxCyclomaticComplexity="4" minCyclomaticComplexity="4" maxCrapScore="20" minCrapScore="20" visitedClasses="0" numClasses="0" visitedMethods="0" numMethods="1" />
              <MetadataToken>100663560</MetadataToken>
              <Name>System.Void ExMat.States.ExFState::SetLocalStackSize(System.Int32)</Name>
              <FileRef uid="24" />
              <SequencePoints>
                <SequencePoint vc="0" uspid="7171" ordinal="0" offset="0" sl="237" sc="9" el="237" ec="10" bec="0" bev="0" fileid="24" />
                <SequencePoint vc="0" uspid="7172" ordinal="1" offset="1" sl="238" sc="13" el="238" ec="48" bec="0" bev="0" fileid="24" />
                <SequencePoint vc="0" uspid="7173" ordinal="2" offset="10" sl="241" sc="13" el="241" ec="14" bec="0" bev="0" fileid="24" />
                <SequencePoint vc="0" uspid="7174" ordinal="3" offset="11" sl="242" sc="17" el="242" ec="23" bec="0" bev="0" fileid="24" />
                <SequencePoint vc="0" uspid="7175" ordinal="4" offset="15" sl="243" sc="17" el="243" ec="56" bec="0" bev="0" fileid="24" />
                <SequencePoint vc="0" uspid="7176" ordinal="5" offset="27" sl="244" sc="17" el="244" ec="52" bec="2" bev="0" fileid="24" />
                <SequencePoint vc="0" uspid="7177" ordinal="6" offset="42" sl="245" sc="17" el="245" ec="18" bec="0" bev="0" fileid="24" />
                <SequencePoint vc="0" uspid="7178" ordinal="7" offset="43" sl="246" sc="21" el="246" ec="51" bec="2" bev="0" fileid="24" />
                <SequencePoint vc="0" uspid="7179" ordinal="8" offset="60" sl="247" sc="21" el="247" ec="22" bec="0" bev="0" fileid="24" />
                <SequencePoint vc="0" uspid="7180" ordinal="9" offset="61" sl="248" sc="25" el="248" ec="35" bec="0" bev="0" fileid="24" />
                <SequencePoint vc="0" uspid="7181" ordinal="10" offset="75" sl="249" sc="21" el="249" ec="22" bec="0" bev="0" fileid="24" />
                <SequencePoint vc="0" uspid="7182" ordinal="11" offset="76" sl="250" sc="21" el="250" ec="46" bec="0" bev="0" fileid="24" />
                <SequencePoint vc="0" uspid="7183" ordinal="12" offset="88" sl="251" sc="21" el="251" ec="48" bec="0" bev="0" fileid="24" />
                <SequencePoint vc="0" uspid="7184" ordinal="13" offset="101" sl="252" sc="17" el="252" ec="18" bec="0" bev="0" fileid="24" />
                <SequencePoint vc="0" uspid="7185" ordinal="14" offset="102" sl="253" sc="17" el="253" ec="71" bec="0" bev="0" fileid="24" />
                <SequencePoint vc="0" uspid="7186" ordinal="15" offset="122" sl="254" sc="13" el="254" ec="14" bec="0" bev="0" fileid="24" />
                <SequencePoint vc="0" uspid="7187" ordinal="16" offset="123" sl="240" sc="13" el="240" ec="28" bec="0" bev="0" fileid="24" />
                <SequencePoint vc="0" uspid="7188" ordinal="17" offset="133" sl="255" sc="9" el="255" ec="10" bec="0" bev="0" fileid="24" />
              </SequencePoints>
              <BranchPoints>
                <BranchPoint vc="0" uspid="7189" ordinal="0" offset="40" sl="244" path="0" offsetend="42" fileid="24" />
                <BranchPoint vc="0" uspid="7190" ordinal="1" offset="40" sl="244" path="1" offsetend="102" fileid="24" />
                <BranchPoint vc="0" uspid="7191" ordinal="2" offset="58" sl="246" path="0" offsetend="60" fileid="24" />
                <BranchPoint vc="0" uspid="7192" ordinal="3" offset="58" sl="246" path="1" offsetend="76" fileid="24" />
              </BranchPoints>
              <MethodPoint xsi:type="SequencePoint" vc="0" uspid="7171" ordinal="0" offset="0" sl="237" sc="9" el="237" ec="10" bec="0" bev="0" fileid="24" />
            </Method>
            <Method visited="false" cyclomaticComplexity="3" nPathComplexity="2" sequenceCoverage="0" branchCoverage="0" crapScore="12" isConstructor="false" isStatic="false" isGetter="false" isSetter="false">
              <Summary numSequencePoints="12" visitedSequencePoints="0" numBranchPoints="3" visitedBranchPoints="0" sequenceCoverage="0" branchCoverage="0" maxCyclomaticComplexity="3" minCyclomaticComplexity="3" maxCrapScore="12" minCrapScore="12" visitedClasses="0" numClasses="0" visitedMethods="0" numMethods="1" />
              <MetadataToken>100663561</MetadataToken>
              <Name>System.Int32 ExMat.States.ExFState::GetOuterSize(System.Int32)</Name>
              <FileRef uid="24" />
              <SequencePoints>
                <SequencePoint vc="0" uspid="7193" ordinal="0" offset="0" sl="258" sc="9" el="258" ec="10" bec="0" bev="0" fileid="24" />
                <SequencePoint vc="0" uspid="7194" ordinal="1" offset="1" sl="259" sc="13" el="259" ec="23" bec="0" bev="0" fileid="24" />
                <SequencePoint vc="0" uspid="7195" ordinal="2" offset="3" sl="260" sc="13" el="260" ec="51" bec="0" bev="0" fileid="24" />
                <SequencePoint vc="0" uspid="7196" ordinal="3" offset="14" sl="262" sc="13" el="262" ec="14" bec="0" bev="0" fileid="24" />
                <SequencePoint vc="0" uspid="7197" ordinal="4" offset="15" sl="263" sc="17" el="263" ec="65" bec="2" bev="0" fileid="24" />
                <SequencePoint vc="0" uspid="7198" ordinal="5" offset="47" sl="264" sc="17" el="264" ec="18" bec="0" bev="0" fileid="24" />
                <SequencePoint vc="0" uspid="7199" ordinal="6" offset="48" sl="265" sc="21" el="265" ec="25" bec="0" bev="0" fileid="24" />
                <SequencePoint vc="0" uspid="7200" ordinal="7" offset="52" sl="266" sc="17" el="266" ec="18" bec="0" bev="0" fileid="24" />
                <SequencePoint vc="0" uspid="7201" ordinal="8" offset="53" sl="267" sc="13" el="267" ec="14" bec="0" bev="0" fileid="24" />
                <SequencePoint vc="0" uspid="7202" ordinal="9" offset="54" sl="261" sc="13" el="261" ec="32" bec="0" bev="0" fileid="24" />
                <SequencePoint vc="0" uspid="7203" ordinal="10" offset="65" sl="268" sc="13" el="268" ec="22" bec="0" bev="0" fileid="24" />
                <SequencePoint vc="0" uspid="7204" ordinal="11" offset="70" sl="269" sc="9" el="269" ec="10" bec="0" bev="0" fileid="24" />
              </SequencePoints>
              <BranchPoints>
                <BranchPoint vc="0" uspid="7205" ordinal="0" offset="45" sl="263" path="0" offsetend="47" fileid="24" />
                <BranchPoint vc="0" uspid="7206" ordinal="1" offset="45" sl="263" path="1" offsetend="53" fileid="24" />
              </BranchPoints>
              <MethodPoint xsi:type="SequencePoint" vc="0" uspid="7193" ordinal="0" offset="0" sl="258" sc="9" el="258" ec="10" bec="0" bev="0" fileid="24" />
            </Method>
            <Method visited="false" cyclomaticComplexity="3" nPathComplexity="4" sequenceCoverage="0" branchCoverage="0" crapScore="12" isConstructor="false" isStatic="false" isGetter="false" isSetter="false">
              <Summary numSequencePoints="13" visitedSequencePoints="0" numBranchPoints="5" visitedBranchPoints="0" sequenceCoverage="0" branchCoverage="0" maxCyclomaticComplexity="3" minCyclomaticComplexity="3" maxCrapScore="12" minCrapScore="12" visitedClasses="0" numClasses="0" visitedMethods="0" numMethods="1" />
              <MetadataToken>100663562</MetadataToken>
              <Name>System.Void ExMat.States.ExFState::AddLineInfo(System.Int32,System.Boolean,System.Boolean)</Name>
              <FileRef uid="24" />
              <SequencePoints>
                <SequencePoint vc="0" uspid="7207" ordinal="0" offset="0" sl="272" sc="9" el="272" ec="10" bec="0" bev="0" fileid="24" />
                <SequencePoint vc="0" uspid="7208" ordinal="1" offset="1" sl="273" sc="13" el="273" ec="50" bec="2" bev="0" fileid="24" />
                <SequencePoint vc="0" uspid="7209" ordinal="2" offset="21" sl="274" sc="13" el="274" ec="14" bec="0" bev="0" fileid="24" />
                <SequencePoint vc="0" uspid="7210" ordinal="3" offset="22" sl="275" sc="17" el="275" ec="39" bec="0" bev="0" fileid="24" />
                <SequencePoint vc="0" uspid="7211" ordinal="4" offset="28" sl="276" sc="17" el="276" ec="32" bec="0" bev="0" fileid="24" />
                <SequencePoint vc="0" uspid="7212" ordinal="5" offset="35" sl="277" sc="17" el="277" ec="48" bec="0" bev="0" fileid="24" />
                <SequencePoint vc="0" uspid="7213" ordinal="6" offset="49" sl="279" sc="17" el="279" ec="38" bec="2" bev="0" fileid="24" />
                <SequencePoint vc="0" uspid="7214" ordinal="7" offset="65" sl="280" sc="17" el="280" ec="18" bec="0" bev="0" fileid="24" />
                <SequencePoint vc="0" uspid="7215" ordinal="8" offset="66" sl="281" sc="21" el="281" ec="39" bec="0" bev="0" fileid="24" />
                <SequencePoint vc="0" uspid="7216" ordinal="9" offset="79" sl="282" sc="17" el="282" ec="18" bec="0" bev="0" fileid="24" />
                <SequencePoint vc="0" uspid="7217" ordinal="10" offset="80" sl="283" sc="17" el="283" ec="33" bec="0" bev="0" fileid="24" />
                <SequencePoint vc="0" uspid="7218" ordinal="11" offset="87" sl="284" sc="13" el="284" ec="14" bec="0" bev="0" fileid="24" />
                <SequencePoint vc="0" uspid="7219" ordinal="12" offset="88" sl="285" sc="9" el="285" ec="10" bec="0" bev="0" fileid="24" />
              </SequencePoints>
              <BranchPoints>
                <BranchPoint vc="0" uspid="7220" ordinal="0" offset="19" sl="273" path="0" offsetend="21" fileid="24" />
                <BranchPoint vc="0" uspid="7221" ordinal="1" offset="19" sl="273" path="1" offsetend="88" fileid="24" />
                <BranchPoint vc="0" uspid="7222" ordinal="2" offset="63" sl="279" path="0" offsetend="65" fileid="24" />
                <BranchPoint vc="0" uspid="7223" ordinal="3" offset="63" sl="279" path="1" offsetend="80" fileid="24" />
              </BranchPoints>
              <MethodPoint xsi:type="SequencePoint" vc="0" uspid="7207" ordinal="0" offset="0" sl="272" sc="9" el="272" ec="10" bec="0" bev="0" fileid="24" />
            </Method>
            <Method visited="false" cyclomaticComplexity="10" nPathComplexity="128" sequenceCoverage="0" branchCoverage="0" crapScore="110" isConstructor="false" isStatic="false" isGetter="false" isSetter="false">
              <Summary numSequencePoints="15" visitedSequencePoints="0" numBranchPoints="15" visitedBranchPoints="0" sequenceCoverage="0" branchCoverage="0" maxCyclomaticComplexity="10" minCyclomaticComplexity="10" maxCrapScore="110" minCrapScore="110" visitedClasses="0" numClasses="0" visitedMethods="0" numMethods="1" />
              <MetadataToken>100663563</MetadataToken>
              <Name>System.Void ExMat.States.ExFState::DiscardTopTarget()</Name>
              <FileRef uid="24" />
              <SequencePoints>
                <SequencePoint vc="0" uspid="7224" ordinal="0" offset="0" sl="287" sc="9" el="287" ec="10" bec="0" bev="0" fileid="24" />
                <SequencePoint vc="0" uspid="7225" ordinal="1" offset="1" sl="288" sc="13" el="288" ec="38" bec="0" bev="0" fileid="24" />
                <SequencePoint vc="0" uspid="7226" ordinal="2" offset="8" sl="289" sc="13" el="289" ec="40" bec="0" bev="0" fileid="24" />
                <SequencePoint vc="0" uspid="7227" ordinal="3" offset="20" sl="290" sc="13" el="290" ec="37" bec="4" bev="0" fileid="24" />
                <SequencePoint vc="0" uspid="7228" ordinal="4" offset="37" sl="291" sc="13" el="291" ec="14" bec="0" bev="0" fileid="24" />
                <SequencePoint vc="0" uspid="7229" ordinal="5" offset="38" sl="292" sc="17" el="292" ec="53" bec="0" bev="0" fileid="24" />
                <SequencePoint vc="0" uspid="7230" ordinal="6" offset="53" sl="293" sc="17" el="293" ec="34" bec="4" bev="0" fileid="24" />
                <SequencePoint vc="0" uspid="7231" ordinal="7" offset="103" sl="299" sc="25" el="299" ec="26" bec="0" bev="0" fileid="24" />
                <SequencePoint vc="0" uspid="7232" ordinal="8" offset="104" sl="300" sc="29" el="300" ec="54" bec="2" bev="0" fileid="24" />
                <SequencePoint vc="0" uspid="7233" ordinal="9" offset="120" sl="301" sc="29" el="301" ec="30" bec="0" bev="0" fileid="24" />
                <SequencePoint vc="0" uspid="7234" ordinal="10" offset="121" sl="302" sc="33" el="302" ec="68" bec="0" bev="0" fileid="24" />
                <SequencePoint vc="0" uspid="7235" ordinal="11" offset="134" sl="303" sc="29" el="303" ec="30" bec="0" bev="0" fileid="24" />
                <SequencePoint vc="0" uspid="7236" ordinal="12" offset="135" sl="304" sc="29" el="304" ec="35" bec="0" bev="0" fileid="24" />
                <SequencePoint vc="0" uspid="7237" ordinal="13" offset="137" sl="307" sc="13" el="307" ec="14" bec="0" bev="0" fileid="24" />
                <SequencePoint vc="0" uspid="7238" ordinal="14" offset="138" sl="308" sc="9" el="308" ec="10" bec="0" bev="0" fileid="24" />
              </SequencePoints>
              <BranchPoints>
                <BranchPoint vc="0" uspid="7239" ordinal="0" offset="22" sl="290" path="0" offsetend="24" fileid="24" />
                <BranchPoint vc="0" uspid="7240" ordinal="1" offset="22" sl="290" path="1" offsetend="32" fileid="24" />
                <BranchPoint vc="0" uspid="7241" ordinal="2" offset="35" sl="290" path="0" offsetend="37" fileid="24" />
                <BranchPoint vc="0" uspid="7242" ordinal="3" offset="35" sl="290" path="1" offsetend="138" fileid="24" />
                <BranchPoint vc="0" uspid="7243" ordinal="4" offset="75" sl="293" path="0" offsetchain="77" offsetend="79" fileid="24" />
                <BranchPoint vc="0" uspid="7244" ordinal="5" offset="75" sl="293" path="1" offsetend="103" fileid="24" />
                <BranchPoint vc="0" uspid="7245" ordinal="6" offset="83" sl="293" path="0" offsetchain="85" offsetend="137" fileid="24" />
                <BranchPoint vc="0" uspid="7246" ordinal="7" offset="83" sl="293" path="1" offsetend="103" fileid="24" />
                <BranchPoint vc="0" uspid="7247" ordinal="8" offset="91" sl="293" path="0" offsetchain="93" offsetend="95" fileid="24" />
                <BranchPoint vc="0" uspid="7248" ordinal="9" offset="91" sl="293" path="1" offsetend="103" fileid="24" />
                <BranchPoint vc="0" uspid="7249" ordinal="10" offset="99" sl="293" path="0" offsetchain="101" offsetend="137" fileid="24" />
                <BranchPoint vc="0" uspid="7250" ordinal="11" offset="99" sl="293" path="1" offsetend="103" fileid="24" />
                <BranchPoint vc="0" uspid="7251" ordinal="12" offset="118" sl="300" path="0" offsetend="120" fileid="24" />
                <BranchPoint vc="0" uspid="7252" ordinal="13" offset="118" sl="300" path="1" offsetchain="135" offsetend="137" fileid="24" />
              </BranchPoints>
              <MethodPoint xsi:type="SequencePoint" vc="0" uspid="7224" ordinal="0" offset="0" sl="287" sc="9" el="287" ec="10" bec="0" bev="0" fileid="24" />
            </Method>
            <Method visited="false" cyclomaticComplexity="1" nPathComplexity="0" sequenceCoverage="0" branchCoverage="0" crapScore="2" isConstructor="false" isStatic="false" isGetter="false" isSetter="false">
              <Summary numSequencePoints="3" visitedSequencePoints="0" numBranchPoints="1" visitedBranchPoints="0" sequenceCoverage="0" branchCoverage="0" maxCyclomaticComplexity="1" minCyclomaticComplexity="1" maxCrapScore="2" minCrapScore="2" visitedClasses="0" numClasses="0" visitedMethods="0" numMethods="1" />
              <MetadataToken>100663564</MetadataToken>
              <Name>System.Int32 ExMat.States.ExFState::TopTarget()</Name>
              <FileRef uid="24" />
              <SequencePoints>
                <SequencePoint vc="0" uspid="7253" ordinal="0" offset="0" sl="311" sc="9" el="311" ec="10" bec="0" bev="0" fileid="24" />
                <SequencePoint vc="0" uspid="7254" ordinal="1" offset="1" sl="312" sc="13" el="312" ec="47" bec="0" bev="0" fileid="24" />
                <SequencePoint vc="0" uspid="7255" ordinal="2" offset="21" sl="313" sc="9" el="313" ec="10" bec="0" bev="0" fileid="24" />
              </SequencePoints>
              <BranchPoints />
              <MethodPoint xsi:type="SequencePoint" vc="0" uspid="7253" ordinal="0" offset="0" sl="311" sc="9" el="311" ec="10" bec="0" bev="0" fileid="24" />
            </Method>
            <Method visited="false" cyclomaticComplexity="2" nPathComplexity="2" sequenceCoverage="0" branchCoverage="0" crapScore="6" isConstructor="false" isStatic="false" isGetter="false" isSetter="false">
              <Summary numSequencePoints="9" visitedSequencePoints="0" numBranchPoints="3" visitedBranchPoints="0" sequenceCoverage="0" branchCoverage="0" maxCyclomaticComplexity="2" minCyclomaticComplexity="2" maxCrapScore="6" minCrapScore="6" visitedClasses="0" numClasses="0" visitedMethods="0" numMethods="1" />
              <MetadataToken>100663565</MetadataToken>
              <Name>System.Int32 ExMat.States.ExFState::PopTarget()</Name>
              <FileRef uid="24" />
              <SequencePoints>
                <SequencePoint vc="0" uspid="7256" ordinal="0" offset="0" sl="316" sc="9" el="316" ec="10" bec="0" bev="0" fileid="24" />
                <SequencePoint vc="0" uspid="7257" ordinal="1" offset="1" sl="317" sc="13" el="317" ec="48" bec="0" bev="0" fileid="24" />
                <SequencePoint vc="0" uspid="7258" ordinal="2" offset="19" sl="318" sc="13" el="318" ec="60" bec="2" bev="0" fileid="24" />
                <SequencePoint vc="0" uspid="7259" ordinal="3" offset="45" sl="319" sc="13" el="319" ec="14" bec="0" bev="0" fileid="24" />
                <SequencePoint vc="0" uspid="7260" ordinal="4" offset="46" sl="320" sc="17" el="320" ec="71" bec="0" bev="0" fileid="24" />
                <SequencePoint vc="0" uspid="7261" ordinal="5" offset="66" sl="321" sc="13" el="321" ec="14" bec="0" bev="0" fileid="24" />
                <SequencePoint vc="0" uspid="7262" ordinal="6" offset="67" sl="322" sc="13" el="322" ec="25" bec="0" bev="0" fileid="24" />
                <SequencePoint vc="0" uspid="7263" ordinal="7" offset="79" sl="323" sc="13" el="323" ec="22" bec="0" bev="0" fileid="24" />
                <SequencePoint vc="0" uspid="7264" ordinal="8" offset="83" sl="324" sc="9" el="324" ec="10" bec="0" bev="0" fileid="24" />
              </SequencePoints>
              <BranchPoints>
                <BranchPoint vc="0" uspid="7265" ordinal="0" offset="43" sl="318" path="0" offsetend="45" fileid="24" />
                <BranchPoint vc="0" uspid="7266" ordinal="1" offset="43" sl="318" path="1" offsetend="67" fileid="24" />
              </BranchPoints>
              <MethodPoint xsi:type="SequencePoint" vc="0" uspid="7256" ordinal="0" offset="0" sl="316" sc="9" el="316" ec="10" bec="0" bev="0" fileid="24" />
            </Method>
            <Method visited="false" cyclomaticComplexity="2" nPathComplexity="2" sequenceCoverage="0" branchCoverage="0" crapScore="6" isConstructor="false" isStatic="false" isGetter="false" isSetter="false">
              <Summary numSequencePoints="9" visitedSequencePoints="0" numBranchPoints="3" visitedBranchPoints="0" sequenceCoverage="0" branchCoverage="0" maxCyclomaticComplexity="2" minCyclomaticComplexity="2" maxCrapScore="6" minCrapScore="6" visitedClasses="0" numClasses="0" visitedMethods="0" numMethods="1" />
              <MetadataToken>100663566</MetadataToken>
              <Name>System.Int32 ExMat.States.ExFState::PushTarget(System.Int32)</Name>
              <FileRef uid="24" />
              <SequencePoints>
                <SequencePoint vc="0" uspid="7267" ordinal="0" offset="0" sl="327" sc="9" el="327" ec="10" bec="0" bev="0" fileid="24" />
                <SequencePoint vc="0" uspid="7268" ordinal="1" offset="1" sl="328" sc="13" el="328" ec="25" bec="2" bev="0" fileid="24" />
                <SequencePoint vc="0" uspid="7269" ordinal="2" offset="12" sl="329" sc="13" el="329" ec="14" bec="0" bev="0" fileid="24" />
                <SequencePoint vc="0" uspid="7270" ordinal="3" offset="13" sl="330" sc="17" el="330" ec="36" bec="0" bev="0" fileid="24" />
                <SequencePoint vc="0" uspid="7271" ordinal="4" offset="32" sl="331" sc="17" el="331" ec="26" bec="0" bev="0" fileid="24" />
                <SequencePoint vc="0" uspid="7272" ordinal="5" offset="36" sl="333" sc="13" el="333" ec="33" bec="0" bev="0" fileid="24" />
                <SequencePoint vc="0" uspid="7273" ordinal="6" offset="44" sl="334" sc="13" el="334" ec="32" bec="0" bev="0" fileid="24" />
                <SequencePoint vc="0" uspid="7274" ordinal="7" offset="63" sl="335" sc="13" el="335" ec="22" bec="0" bev="0" fileid="24" />
                <SequencePoint vc="0" uspid="7275" ordinal="8" offset="67" sl="336" sc="9" el="336" ec="10" bec="0" bev="0" fileid="24" />
              </SequencePoints>
              <BranchPoints>
                <BranchPoint vc="0" uspid="7276" ordinal="0" offset="10" sl="328" path="0" offsetend="12" fileid="24" />
                <BranchPoint vc="0" uspid="7277" ordinal="1" offset="10" sl="328" path="1" offsetend="36" fileid="24" />
              </BranchPoints>
              <MethodPoint xsi:type="SequencePoint" vc="0" uspid="7267" ordinal="0" offset="0" sl="327" sc="9" el="327" ec="10" bec="0" bev="0" fileid="24" />
            </Method>
            <Method visited="false" cyclomaticComplexity="3" nPathComplexity="4" sequenceCoverage="0" branchCoverage="0" crapScore="12" isConstructor="false" isStatic="false" isGetter="false" isSetter="false">
              <Summary numSequencePoints="12" visitedSequencePoints="0" numBranchPoints="5" visitedBranchPoints="0" sequenceCoverage="0" branchCoverage="0" maxCyclomaticComplexity="3" minCyclomaticComplexity="3" maxCrapScore="12" minCrapScore="12" visitedClasses="0" numClasses="0" visitedMethods="0" numMethods="1" />
              <MetadataToken>100663567</MetadataToken>
              <Name>System.Int32 ExMat.States.ExFState::FindAStackPos()</Name>
              <FileRef uid="24" />
              <SequencePoints>
                <SequencePoint vc="0" uspid="7278" ordinal="0" offset="0" sl="339" sc="9" el="339" ec="10" bec="0" bev="0" fileid="24" />
                <SequencePoint vc="0" uspid="7279" ordinal="1" offset="1" sl="340" sc="13" el="340" ec="49" bec="0" bev="0" fileid="24" />
                <SequencePoint vc="0" uspid="7280" ordinal="2" offset="8" sl="341" sc="13" el="341" ec="39" bec="0" bev="0" fileid="24" />
                <SequencePoint vc="0" uspid="7281" ordinal="3" offset="25" sl="342" sc="13" el="342" ec="34" bec="2" bev="0" fileid="24" />
                <SequencePoint vc="0" uspid="7282" ordinal="4" offset="38" sl="343" sc="13" el="343" ec="14" bec="0" bev="0" fileid="24" />
                <SequencePoint vc="0" uspid="7283" ordinal="5" offset="39" sl="344" sc="17" el="344" ec="48" bec="2" bev="0" fileid="24" />
                <SequencePoint vc="0" uspid="7284" ordinal="6" offset="56" sl="345" sc="17" el="345" ec="18" bec="0" bev="0" fileid="24" />
                <SequencePoint vc="0" uspid="7285" ordinal="7" offset="57" sl="346" sc="21" el="346" ec="63" bec="0" bev="0" fileid="24" />
                <SequencePoint vc="0" uspid="7286" ordinal="8" offset="68" sl="348" sc="17" el="348" ec="34" bec="0" bev="0" fileid="24" />
                <SequencePoint vc="0" uspid="7287" ordinal="9" offset="75" sl="349" sc="13" el="349" ec="14" bec="0" bev="0" fileid="24" />
                <SequencePoint vc="0" uspid="7288" ordinal="10" offset="76" sl="350" sc="13" el="350" ec="25" bec="0" bev="0" fileid="24" />
                <SequencePoint vc="0" uspid="7289" ordinal="11" offset="80" sl="351" sc="9" el="351" ec="10" bec="0" bev="0" fileid="24" />
              </SequencePoints>
              <BranchPoints>
                <BranchPoint vc="0" uspid="7290" ordinal="0" offset="36" sl="342" path="0" offsetend="38" fileid="24" />
                <BranchPoint vc="0" uspid="7291" ordinal="1" offset="36" sl="342" path="1" offsetend="76" fileid="24" />
                <BranchPoint vc="0" uspid="7292" ordinal="2" offset="54" sl="344" path="0" offsetend="56" fileid="24" />
                <BranchPoint vc="0" uspid="7293" ordinal="3" offset="54" sl="344" path="1" offsetend="68" fileid="24" />
              </BranchPoints>
              <MethodPoint xsi:type="SequencePoint" vc="0" uspid="7278" ordinal="0" offset="0" sl="339" sc="9" el="339" ec="10" bec="0" bev="0" fileid="24" />
            </Method>
            <Method visited="false" cyclomaticComplexity="2" nPathComplexity="2" sequenceCoverage="0" branchCoverage="0" crapScore="6" isConstructor="false" isStatic="false" isGetter="false" isSetter="false">
              <Summary numSequencePoints="3" visitedSequencePoints="0" numBranchPoints="3" visitedBranchPoints="0" sequenceCoverage="0" branchCoverage="0" maxCyclomaticComplexity="2" minCyclomaticComplexity="2" maxCrapScore="6" minCrapScore="6" visitedClasses="0" numClasses="0" visitedMethods="0" numMethods="1" />
              <MetadataToken>100663568</MetadataToken>
              <Name>System.Boolean ExMat.States.ExFState::IsLocalArg(System.Int64)</Name>
              <FileRef uid="24" />
              <SequencePoints>
                <SequencePoint vc="0" uspid="7294" ordinal="0" offset="0" sl="354" sc="9" el="354" ec="10" bec="0" bev="0" fileid="24" />
                <SequencePoint vc="0" uspid="7295" ordinal="1" offset="1" sl="355" sc="13" el="355" ec="107" bec="2" bev="0" fileid="24" />
                <SequencePoint vc="0" uspid="7296" ordinal="2" offset="40" sl="356" sc="9" el="356" ec="10" bec="0" bev="0" fileid="24" />
              </SequencePoints>
              <BranchPoints>
                <BranchPoint vc="0" uspid="7297" ordinal="0" offset="9" sl="355" path="0" offsetend="11" fileid="24" />
                <BranchPoint vc="0" uspid="7298" ordinal="1" offset="9" sl="355" path="1" offsetend="36" fileid="24" />
              </BranchPoints>
              <MethodPoint xsi:type="SequencePoint" vc="0" uspid="7294" ordinal="0" offset="0" sl="354" sc="9" el="354" ec="10" bec="0" bev="0" fileid="24" />
            </Method>
            <Method visited="false" cyclomaticComplexity="2" nPathComplexity="2" sequenceCoverage="0" branchCoverage="0" crapScore="6" isConstructor="false" isStatic="false" isGetter="false" isSetter="false">
              <Summary numSequencePoints="3" visitedSequencePoints="0" numBranchPoints="3" visitedBranchPoints="0" sequenceCoverage="0" branchCoverage="0" maxCyclomaticComplexity="2" minCyclomaticComplexity="2" maxCrapScore="6" minCrapScore="6" visitedClasses="0" numClasses="0" visitedMethods="0" numMethods="1" />
              <MetadataToken>100663569</MetadataToken>
              <Name>System.Boolean ExMat.States.ExFState::IsLocalArg(System.Int32)</Name>
              <FileRef uid="24" />
              <SequencePoints>
                <SequencePoint vc="0" uspid="7299" ordinal="0" offset="0" sl="358" sc="9" el="358" ec="10" bec="0" bev="0" fileid="24" />
                <SequencePoint vc="0" uspid="7300" ordinal="1" offset="1" sl="359" sc="13" el="359" ec="102" bec="2" bev="0" fileid="24" />
                <SequencePoint vc="0" uspid="7301" ordinal="2" offset="38" sl="360" sc="9" el="360" ec="10" bec="0" bev="0" fileid="24" />
              </SequencePoints>
              <BranchPoints>
                <BranchPoint vc="0" uspid="7302" ordinal="0" offset="8" sl="359" path="0" offsetend="10" fileid="24" />
                <BranchPoint vc="0" uspid="7303" ordinal="1" offset="8" sl="359" path="1" offsetend="34" fileid="24" />
              </BranchPoints>
              <MethodPoint xsi:type="SequencePoint" vc="0" uspid="7299" ordinal="0" offset="0" sl="358" sc="9" el="358" ec="10" bec="0" bev="0" fileid="24" />
            </Method>
            <Method visited="false" cyclomaticComplexity="3" nPathComplexity="2" sequenceCoverage="0" branchCoverage="0" crapScore="12" isConstructor="false" isStatic="false" isGetter="false" isSetter="false">
              <Summary numSequencePoints="11" visitedSequencePoints="0" numBranchPoints="3" visitedBranchPoints="0" sequenceCoverage="0" branchCoverage="0" maxCyclomaticComplexity="3" minCyclomaticComplexity="3" maxCrapScore="12" minCrapScore="12" visitedClasses="0" numClasses="0" visitedMethods="0" numMethods="1" />
              <MetadataToken>100663570</MetadataToken>
              <Name>System.Int32 ExMat.States.ExFState::GetLocal(ExMat.Objects.ExObject)</Name>
              <FileRef uid="24" />
              <SequencePoints>
                <SequencePoint vc="0" uspid="7304" ordinal="0" offset="0" sl="363" sc="9" el="363" ec="10" bec="0" bev="0" fileid="24" />
                <SequencePoint vc="0" uspid="7305" ordinal="1" offset="1" sl="364" sc="13" el="364" ec="46" bec="0" bev="0" fileid="24" />
                <SequencePoint vc="0" uspid="7306" ordinal="2" offset="8" sl="365" sc="13" el="365" ec="48" bec="0" bev="0" fileid="24" />
                <SequencePoint vc="0" uspid="7307" ordinal="3" offset="17" sl="367" sc="13" el="367" ec="14" bec="0" bev="0" fileid="24" />
                <SequencePoint vc="0" uspid="7308" ordinal="4" offset="18" sl="368" sc="17" el="368" ec="69" bec="2" bev="0" fileid="24" />
                <SequencePoint vc="0" uspid="7309" ordinal="5" offset="54" sl="369" sc="17" el="369" ec="18" bec="0" bev="0" fileid="24" />
                <SequencePoint vc="0" uspid="7310" ordinal="6" offset="55" sl="370" sc="21" el="370" ec="30" bec="0" bev="0" fileid="24" />
                <SequencePoint vc="0" uspid="7311" ordinal="7" offset="59" sl="372" sc="13" el="372" ec="14" bec="0" bev="0" fileid="24" />
                <SequencePoint vc="0" uspid="7312" ordinal="8" offset="60" sl="366" sc="13" el="366" ec="26" bec="0" bev="0" fileid="24" />
                <SequencePoint vc="0" uspid="7313" ordinal="9" offset="70" sl="373" sc="13" el="373" ec="23" bec="0" bev="0" fileid="24" />
                <SequencePoint vc="0" uspid="7314" ordinal="10" offset="74" sl="374" sc="9" el="374" ec="10" bec="0" bev="0" fileid="24" />
              </SequencePoints>
              <BranchPoints>
                <BranchPoint vc="0" uspid="7315" ordinal="0" offset="52" sl="368" path="0" offsetend="54" fileid="24" />
                <BranchPoint vc="0" uspid="7316" ordinal="1" offset="52" sl="368" path="1" offsetend="59" fileid="24" />
              </BranchPoints>
              <MethodPoint xsi:type="SequencePoint" vc="0" uspid="7304" ordinal="0" offset="0" sl="363" sc="9" el="363" ec="10" bec="0" bev="0" fileid="24" />
            </Method>
            <Method visited="false" cyclomaticComplexity="6" nPathComplexity="16" sequenceCoverage="0" branchCoverage="0" crapScore="42" isConstructor="false" isStatic="false" isGetter="false" isSetter="false">
              <Summary numSequencePoints="28" visitedSequencePoints="0" numBranchPoints="9" visitedBranchPoints="0" sequenceCoverage="0" branchCoverage="0" maxCyclomaticComplexity="6" minCyclomaticComplexity="6" maxCrapScore="42" minCrapScore="42" visitedClasses="0" numClasses="0" visitedMethods="0" numMethods="1" />
              <MetadataToken>100663571</MetadataToken>
              <Name>System.Int32 ExMat.States.ExFState::GetOuter(ExMat.Objects.ExObject)</Name>
              <FileRef uid="24" />
              <SequencePoints>
                <SequencePoint vc="0" uspid="7317" ordinal="0" offset="0" sl="376" sc="9" el="376" ec="10" bec="0" bev="0" fileid="24" />
                <SequencePoint vc="0" uspid="7318" ordinal="1" offset="1" sl="377" sc="13" el="377" ec="38" bec="0" bev="0" fileid="24" />
                <SequencePoint vc="0" uspid="7319" ordinal="2" offset="13" sl="378" sc="18" el="378" ec="27" bec="0" bev="0" fileid="24" />
                <SequencePoint vc="0" uspid="7320" ordinal="3" offset="17" sl="379" sc="13" el="379" ec="14" bec="0" bev="0" fileid="24" />
                <SequencePoint vc="0" uspid="7321" ordinal="4" offset="18" sl="380" sc="17" el="380" ec="89" bec="2" bev="0" fileid="24" />
                <SequencePoint vc="0" uspid="7322" ordinal="5" offset="65" sl="381" sc="17" el="381" ec="18" bec="0" bev="0" fileid="24" />
                <SequencePoint vc="0" uspid="7323" ordinal="6" offset="66" sl="382" sc="21" el="382" ec="30" bec="0" bev="0" fileid="24" />
                <SequencePoint vc="0" uspid="7324" ordinal="7" offset="74" sl="384" sc="13" el="384" ec="14" bec="0" bev="0" fileid="24" />
                <SequencePoint vc="0" uspid="7325" ordinal="8" offset="75" sl="378" sc="36" el="378" ec="39" bec="0" bev="0" fileid="24" />
                <SequencePoint vc="0" uspid="7326" ordinal="9" offset="79" sl="378" sc="29" el="378" ec="34" bec="0" bev="0" fileid="24" />
                <SequencePoint vc="0" uspid="7327" ordinal="10" offset="89" sl="387" sc="13" el="387" ec="38" bec="2" bev="0" fileid="24" />
                <SequencePoint vc="0" uspid="7328" ordinal="11" offset="107" sl="388" sc="13" el="388" ec="14" bec="0" bev="0" fileid="24" />
                <SequencePoint vc="0" uspid="7329" ordinal="12" offset="108" sl="389" sc="17" el="389" ec="48" bec="0" bev="0" fileid="24" />
                <SequencePoint vc="0" uspid="7330" ordinal="13" offset="121" sl="390" sc="17" el="390" ec="29" bec="2" bev="0" fileid="24" />
                <SequencePoint vc="0" uspid="7331" ordinal="14" offset="131" sl="391" sc="17" el="391" ec="18" bec="0" bev="0" fileid="24" />
                <SequencePoint vc="0" uspid="7332" ordinal="15" offset="132" sl="392" sc="21" el="392" ec="52" bec="0" bev="0" fileid="24" />
                <SequencePoint vc="0" uspid="7333" ordinal="16" offset="145" sl="393" sc="21" el="393" ec="33" bec="2" bev="0" fileid="24" />
                <SequencePoint vc="0" uspid="7334" ordinal="17" offset="158" sl="394" sc="21" el="394" ec="22" bec="0" bev="0" fileid="24" />
                <SequencePoint vc="0" uspid="7335" ordinal="18" offset="159" sl="395" sc="25" el="395" ec="89" bec="0" bev="0" fileid="24" />
                <SequencePoint vc="0" uspid="7336" ordinal="19" offset="185" sl="396" sc="25" el="396" ec="53" bec="0" bev="0" fileid="24" />
                <SequencePoint vc="0" uspid="7337" ordinal="20" offset="202" sl="398" sc="17" el="398" ec="18" bec="0" bev="0" fileid="24" />
                <SequencePoint vc="0" uspid="7338" ordinal="21" offset="205" sl="400" sc="17" el="400" ec="18" bec="0" bev="0" fileid="24" />
                <SequencePoint vc="0" uspid="7339" ordinal="22" offset="206" sl="401" sc="21" el="401" ec="53" bec="0" bev="0" fileid="24" />
                <SequencePoint vc="0" uspid="7340" ordinal="23" offset="219" sl="402" sc="21" el="402" ec="85" bec="0" bev="0" fileid="24" />
                <SequencePoint vc="0" uspid="7341" ordinal="24" offset="245" sl="403" sc="21" el="403" ec="49" bec="0" bev="0" fileid="24" />
                <SequencePoint vc="0" uspid="7342" ordinal="25" offset="262" sl="405" sc="13" el="405" ec="14" bec="0" bev="0" fileid="24" />
                <SequencePoint vc="0" uspid="7343" ordinal="26" offset="263" sl="406" sc="13" el="406" ec="23" bec="0" bev="0" fileid="24" />
                <SequencePoint vc="0" uspid="7344" ordinal="27" offset="268" sl="407" sc="9" el="407" ec="10" bec="0" bev="0" fileid="24" />
              </SequencePoints>
              <BranchPoints>
                <BranchPoint vc="0" uspid="7345" ordinal="0" offset="63" sl="380" path="0" offsetend="65" fileid="24" />
                <BranchPoint vc="0" uspid="7346" ordinal="1" offset="63" sl="380" path="1" offsetend="74" fileid="24" />
                <BranchPoint vc="0" uspid="7347" ordinal="2" offset="102" sl="387" path="0" offsetend="107" fileid="24" />
                <BranchPoint vc="0" uspid="7348" ordinal="3" offset="102" sl="387" path="1" offsetend="263" fileid="24" />
                <BranchPoint vc="0" uspid="7349" ordinal="4" offset="129" sl="390" path="0" offsetend="131" fileid="24" />
                <BranchPoint vc="0" uspid="7350" ordinal="5" offset="129" sl="390" path="1" offsetend="205" fileid="24" />
                <BranchPoint vc="0" uspid="7351" ordinal="6" offset="156" sl="393" path="0" offsetend="158" fileid="24" />
                <BranchPoint vc="0" uspid="7352" ordinal="7" offset="156" sl="393" path="1" offsetend="202" fileid="24" />
              </BranchPoints>
              <MethodPoint xsi:type="SequencePoint" vc="0" uspid="7317" ordinal="0" offset="0" sl="376" sc="9" el="376" ec="10" bec="0" bev="0" fileid="24" />
            </Method>
            <Method visited="false" cyclomaticComplexity="1" nPathComplexity="0" sequenceCoverage="0" branchCoverage="0" crapScore="2" isConstructor="false" isStatic="false" isGetter="false" isSetter="false">
              <Summary numSequencePoints="4" visitedSequencePoints="0" numBranchPoints="1" visitedBranchPoints="0" sequenceCoverage="0" branchCoverage="0" maxCyclomaticComplexity="1" minCyclomaticComplexity="1" maxCrapScore="2" minCrapScore="2" visitedClasses="0" numClasses="0" visitedMethods="0" numMethods="1" />
              <MetadataToken>100663572</MetadataToken>
              <Name>System.Void ExMat.States.ExFState::SetLocalToOuter(System.Int32)</Name>
              <FileRef uid="24" />
              <SequencePoints>
                <SequencePoint vc="0" uspid="7353" ordinal="0" offset="0" sl="410" sc="9" el="410" ec="10" bec="0" bev="0" fileid="24" />
                <SequencePoint vc="0" uspid="7354" ordinal="1" offset="1" sl="411" sc="13" el="411" ec="53" bec="0" bev="0" fileid="24" />
                <SequencePoint vc="0" uspid="7355" ordinal="2" offset="23" sl="412" sc="13" el="412" ec="23" bec="0" bev="0" fileid="24" />
                <SequencePoint vc="0" uspid="7356" ordinal="3" offset="37" sl="413" sc="9" el="413" ec="10" bec="0" bev="0" fileid="24" />
              </SequencePoints>
              <BranchPoints />
              <MethodPoint xsi:type="SequencePoint" vc="0" uspid="7353" ordinal="0" offset="0" sl="410" sc="9" el="410" ec="10" bec="0" bev="0" fileid="24" />
            </Method>
            <Method visited="false" cyclomaticComplexity="2" nPathComplexity="2" sequenceCoverage="0" branchCoverage="0" crapScore="6" isConstructor="false" isStatic="false" isGetter="false" isSetter="false">
              <Summary numSequencePoints="8" visitedSequencePoints="0" numBranchPoints="3" visitedBranchPoints="0" sequenceCoverage="0" branchCoverage="0" maxCyclomaticComplexity="2" minCyclomaticComplexity="2" maxCrapScore="6" minCrapScore="6" visitedClasses="0" numClasses="0" visitedMethods="0" numMethods="1" />
              <MetadataToken>100663573</MetadataToken>
              <Name>ExMat.Objects.ExObject ExMat.States.ExFState::CreateString(System.String)</Name>
              <FileRef uid="24" />
              <SequencePoints>
                <SequencePoint vc="0" uspid="7357" ordinal="0" offset="0" sl="416" sc="9" el="416" ec="10" bec="0" bev="0" fileid="24" />
                <SequencePoint vc="0" uspid="7358" ordinal="1" offset="1" sl="417" sc="13" el="417" ec="53" bec="2" bev="0" fileid="24" />
                <SequencePoint vc="0" uspid="7359" ordinal="2" offset="25" sl="418" sc="13" el="418" ec="14" bec="0" bev="0" fileid="24" />
                <SequencePoint vc="0" uspid="7360" ordinal="3" offset="26" sl="419" sc="17" el="419" ec="39" bec="0" bev="0" fileid="24" />
                <SequencePoint vc="0" uspid="7361" ordinal="4" offset="33" sl="420" sc="17" el="420" ec="49" bec="0" bev="0" fileid="24" />
                <SequencePoint vc="0" uspid="7362" ordinal="5" offset="52" sl="421" sc="17" el="421" ec="28" bec="0" bev="0" fileid="24" />
                <SequencePoint vc="0" uspid="7363" ordinal="6" offset="56" sl="423" sc="13" el="423" ec="43" bec="0" bev="0" fileid="24" />
                <SequencePoint vc="0" uspid="7364" ordinal="7" offset="76" sl="424" sc="9" el="424" ec="10" bec="0" bev="0" fileid="24" />
              </SequencePoints>
              <BranchPoints>
                <BranchPoint vc="0" uspid="7365" ordinal="0" offset="23" sl="417" path="0" offsetend="25" fileid="24" />
                <BranchPoint vc="0" uspid="7366" ordinal="1" offset="23" sl="417" path="1" offsetend="56" fileid="24" />
              </BranchPoints>
              <MethodPoint xsi:type="SequencePoint" vc="0" uspid="7357" ordinal="0" offset="0" sl="416" sc="9" el="416" ec="10" bec="0" bev="0" fileid="24" />
            </Method>
            <Method visited="false" cyclomaticComplexity="8" nPathComplexity="624" sequenceCoverage="0" branchCoverage="0" crapScore="72" isConstructor="false" isStatic="false" isGetter="false" isSetter="false">
              <Summary numSequencePoints="18" visitedSequencePoints="0" numBranchPoints="26" visitedBranchPoints="0" sequenceCoverage="0" branchCoverage="0" maxCyclomaticComplexity="8" minCyclomaticComplexity="8" maxCrapScore="72" minCrapScore="72" visitedClasses="0" numClasses="0" visitedMethods="0" numMethods="1" />
              <MetadataToken>100663574</MetadataToken>
              <Name>System.Boolean ExMat.States.ExFState::UpdateInstrOpcMove(ExMat.OPs.ExInstr,ExMat.OPs.ExInstr,System.Int32)</Name>
              <FileRef uid="24" />
              <SequencePoints>
                <SequencePoint vc="0" uspid="7367" ordinal="0" offset="0" sl="427" sc="9" el="427" ec="10" bec="0" bev="0" fileid="24" />
                <SequencePoint vc="0" uspid="7368" ordinal="1" offset="1" sl="428" sc="13" el="428" ec="29" bec="5" bev="0" fileid="24" />
                <SequencePoint vc="0" uspid="7369" ordinal="2" offset="123" sl="447" sc="21" el="447" ec="22" bec="0" bev="0" fileid="24" />
                <SequencePoint vc="0" uspid="7370" ordinal="3" offset="124" sl="448" sc="25" el="448" ec="52" bec="2" bev="0" fileid="24" />
                <SequencePoint vc="0" uspid="7371" ordinal="4" offset="142" sl="449" sc="25" el="449" ec="26" bec="0" bev="0" fileid="24" />
                <SequencePoint vc="0" uspid="7372" ordinal="5" offset="143" sl="450" sc="29" el="450" ec="51" bec="0" bev="0" fileid="24" />
                <SequencePoint vc="0" uspid="7373" ordinal="6" offset="156" sl="451" sc="29" el="451" ec="48" bec="0" bev="0" fileid="24" />
                <SequencePoint vc="0" uspid="7374" ordinal="7" offset="163" sl="452" sc="29" el="452" ec="59" bec="0" bev="0" fileid="24" />
                <SequencePoint vc="0" uspid="7375" ordinal="8" offset="179" sl="453" sc="29" el="453" ec="41" bec="0" bev="0" fileid="24" />
                <SequencePoint vc="0" uspid="7376" ordinal="9" offset="183" sl="455" sc="25" el="455" ec="31" bec="0" bev="0" fileid="24" />
                <SequencePoint vc="0" uspid="7377" ordinal="10" offset="185" sl="458" sc="21" el="458" ec="22" bec="0" bev="0" fileid="24" />
                <SequencePoint vc="0" uspid="7378" ordinal="11" offset="186" sl="459" sc="25" el="459" ec="57" bec="0" bev="0" fileid="24" />
                <SequencePoint vc="0" uspid="7379" ordinal="12" offset="195" sl="460" sc="25" el="460" ec="47" bec="0" bev="0" fileid="24" />
                <SequencePoint vc="0" uspid="7380" ordinal="13" offset="208" sl="461" sc="25" el="461" ec="47" bec="0" bev="0" fileid="24" />
                <SequencePoint vc="0" uspid="7381" ordinal="14" offset="221" sl="462" sc="25" el="462" ec="55" bec="0" bev="0" fileid="24" />
                <SequencePoint vc="0" uspid="7382" ordinal="15" offset="237" sl="463" sc="25" el="463" ec="37" bec="0" bev="0" fileid="24" />
                <SequencePoint vc="0" uspid="7383" ordinal="16" offset="241" sl="466" sc="13" el="466" ec="26" bec="0" bev="0" fileid="24" />
                <SequencePoint vc="0" uspid="7384" ordinal="17" offset="245" sl="467" sc="9" el="467" ec="10" bec="0" bev="0" fileid="24" />
              </SequencePoints>
              <BranchPoints>
                <BranchPoint vc="0" uspid="7385" ordinal="0" offset="17" sl="428" path="0" offsetchain="19" offsetend="21" fileid="24" />
                <BranchPoint vc="0" uspid="7386" ordinal="1" offset="17" sl="428" path="1" offsetend="123" fileid="24" />
                <BranchPoint vc="0" uspid="7387" ordinal="2" offset="25" sl="428" path="0" offsetchain="50" offsetend="241" fileid="24" />
                <BranchPoint vc="0" uspid="7388" ordinal="3" offset="25" sl="428" path="1" offsetend="123" fileid="24" />
                <BranchPoint vc="0" uspid="7389" ordinal="4" offset="25" sl="428" path="2" offsetend="241" fileid="24" />
                <BranchPoint vc="0" uspid="7390" ordinal="5" offset="25" sl="428" path="3" offsetend="123" fileid="24" />
                <BranchPoint vc="0" uspid="7391" ordinal="6" offset="25" sl="428" path="4" offsetend="241" fileid="24" />
                <BranchPoint vc="0" uspid="7392" ordinal="7" offset="25" sl="428" path="5" offsetend="185" fileid="24" />
                <BranchPoint vc="0" uspid="7393" ordinal="8" offset="59" sl="428" path="0" offsetchain="112" offsetend="114" fileid="24" />
                <BranchPoint vc="0" uspid="7394" ordinal="9" offset="59" sl="428" path="1" offsetend="123" fileid="24" />
                <BranchPoint vc="0" uspid="7395" ordinal="10" offset="59" sl="428" path="2" offsetend="241" fileid="24" />
                <BranchPoint vc="0" uspid="7396" ordinal="11" offset="59" sl="428" path="3" offsetend="241" fileid="24" />
                <BranchPoint vc="0" uspid="7397" ordinal="12" offset="59" sl="428" path="4" offsetend="241" fileid="24" />
                <BranchPoint vc="0" uspid="7398" ordinal="13" offset="59" sl="428" path="5" offsetend="241" fileid="24" />
                <BranchPoint vc="0" uspid="7399" ordinal="14" offset="59" sl="428" path="6" offsetend="123" fileid="24" />
                <BranchPoint vc="0" uspid="7400" ordinal="15" offset="59" sl="428" path="7" offsetend="123" fileid="24" />
                <BranchPoint vc="0" uspid="7401" ordinal="16" offset="59" sl="428" path="8" offsetend="241" fileid="24" />
                <BranchPoint vc="0" uspid="7402" ordinal="17" offset="59" sl="428" path="9" offsetend="123" fileid="24" />
                <BranchPoint vc="0" uspid="7403" ordinal="18" offset="59" sl="428" path="10" offsetend="123" fileid="24" />
                <BranchPoint vc="0" uspid="7404" ordinal="19" offset="59" sl="428" path="11" offsetend="123" fileid="24" />
                <BranchPoint vc="0" uspid="7405" ordinal="20" offset="59" sl="428" path="12" offsetend="123" fileid="24" />
                <BranchPoint vc="0" uspid="7406" ordinal="21" offset="119" sl="428" path="0" offsetchain="121" offsetend="241" fileid="24" />
                <BranchPoint vc="0" uspid="7407" ordinal="22" offset="119" sl="428" path="1" offsetend="123" fileid="24" />
                <BranchPoint vc="0" uspid="7408" ordinal="23" offset="140" sl="448" path="0" offsetend="142" fileid="24" />
                <BranchPoint vc="0" uspid="7409" ordinal="24" offset="140" sl="448" path="1" offsetchain="183" offsetend="241" fileid="24" />
              </BranchPoints>
              <MethodPoint xsi:type="SequencePoint" vc="0" uspid="7367" ordinal="0" offset="0" sl="427" sc="9" el="427" ec="10" bec="0" bev="0" fileid="24" />
            </Method>
            <Method visited="false" cyclomaticComplexity="3" nPathComplexity="4" sequenceCoverage="0" branchCoverage="0" crapScore="12" isConstructor="false" isStatic="false" isGetter="false" isSetter="false">
              <Summary numSequencePoints="10" visitedSequencePoints="0" numBranchPoints="5" visitedBranchPoints="0" sequenceCoverage="0" branchCoverage="0" maxCyclomaticComplexity="3" minCyclomaticComplexity="3" maxCrapScore="12" minCrapScore="12" visitedClasses="0" numClasses="0" visitedMethods="0" numMethods="1" />
              <MetadataToken>100663575</MetadataToken>
              <Name>System.Boolean ExMat.States.ExFState::UpdateInstrOpcLoad(ExMat.OPs.ExInstr,ExMat.OPs.ExInstr,System.Int32)</Name>
              <FileRef uid="24" />
              <SequencePoints>
                <SequencePoint vc="0" uspid="7410" ordinal="0" offset="0" sl="470" sc="9" el="470" ec="10" bec="0" bev="0" fileid="24" />
                <SequencePoint vc="0" uspid="7411" ordinal="1" offset="1" sl="471" sc="13" el="471" ec="87" bec="4" bev="0" fileid="24" />
                <SequencePoint vc="0" uspid="7412" ordinal="2" offset="35" sl="472" sc="13" el="472" ec="14" bec="0" bev="0" fileid="24" />
                <SequencePoint vc="0" uspid="7413" ordinal="3" offset="36" sl="473" sc="17" el="473" ec="49" bec="0" bev="0" fileid="24" />
                <SequencePoint vc="0" uspid="7414" ordinal="4" offset="45" sl="474" sc="17" el="474" ec="39" bec="0" bev="0" fileid="24" />
                <SequencePoint vc="0" uspid="7415" ordinal="5" offset="58" sl="475" sc="17" el="475" ec="39" bec="0" bev="0" fileid="24" />
                <SequencePoint vc="0" uspid="7416" ordinal="6" offset="71" sl="476" sc="17" el="476" ec="47" bec="0" bev="0" fileid="24" />
                <SequencePoint vc="0" uspid="7417" ordinal="7" offset="87" sl="477" sc="17" el="477" ec="29" bec="0" bev="0" fileid="24" />
                <SequencePoint vc="0" uspid="7418" ordinal="8" offset="91" sl="479" sc="13" el="479" ec="26" bec="0" bev="0" fileid="24" />
                <SequencePoint vc="0" uspid="7419" ordinal="9" offset="95" sl="480" sc="9" el="480" ec="10" bec="0" bev="0" fileid="24" />
              </SequencePoints>
              <BranchPoints>
                <BranchPoint vc="0" uspid="7420" ordinal="0" offset="9" sl="471" path="0" offsetend="11" fileid="24" />
                <BranchPoint vc="0" uspid="7421" ordinal="1" offset="9" sl="471" path="1" offsetend="30" fileid="24" />
                <BranchPoint vc="0" uspid="7422" ordinal="2" offset="33" sl="471" path="0" offsetend="35" fileid="24" />
                <BranchPoint vc="0" uspid="7423" ordinal="3" offset="33" sl="471" path="1" offsetend="91" fileid="24" />
              </BranchPoints>
              <MethodPoint xsi:type="SequencePoint" vc="0" uspid="7410" ordinal="0" offset="0" sl="470" sc="9" el="470" ec="10" bec="0" bev="0" fileid="24" />
            </Method>
            <Method visited="false" cyclomaticComplexity="4" nPathComplexity="8" sequenceCoverage="0" branchCoverage="0" crapScore="20" isConstructor="false" isStatic="false" isGetter="false" isSetter="false">
              <Summary numSequencePoints="4" visitedSequencePoints="0" numBranchPoints="7" visitedBranchPoints="0" sequenceCoverage="0" branchCoverage="0" maxCyclomaticComplexity="4" minCyclomaticComplexity="4" maxCrapScore="20" minCrapScore="20" visitedClasses="0" numClasses="0" visitedMethods="0" numMethods="1" />
              <MetadataToken>100663576</MetadataToken>
              <Name>System.Boolean ExMat.States.ExFState::UpdateInstrOpcLoadConstDict(ExMat.OPs.ExInstr,System.Int32)</Name>
              <FileRef uid="24" />
              <SequencePoints>
                <SequencePoint vc="0" uspid="7424" ordinal="0" offset="0" sl="483" sc="9" el="483" ec="10" bec="0" bev="0" fileid="24" />
                <SequencePoint vc="0" uspid="7425" ordinal="1" offset="1" sl="484" sc="13" el="486" ec="41" bec="4" bev="0" fileid="24" />
                <SequencePoint vc="0" uspid="7426" ordinal="2" offset="94" sl="487" sc="13" el="487" ec="26" bec="0" bev="0" fileid="24" />
                <SequencePoint vc="0" uspid="7427" ordinal="3" offset="98" sl="488" sc="9" el="488" ec="10" bec="0" bev="0" fileid="24" />
              </SequencePoints>
              <BranchPoints>
                <BranchPoint vc="0" uspid="7428" ordinal="0" offset="15" sl="484" path="0" offsetend="17" fileid="24" />
                <BranchPoint vc="0" uspid="7429" ordinal="1" offset="15" sl="484" path="1" offsetend="56" fileid="24" />
                <BranchPoint vc="0" uspid="7430" ordinal="2" offset="25" sl="484" path="0" offsetend="27" fileid="24" />
                <BranchPoint vc="0" uspid="7431" ordinal="3" offset="25" sl="484" path="1" offsetend="56" fileid="24" />
                <BranchPoint vc="0" uspid="7432" ordinal="4" offset="54" sl="484" path="0" offsetend="56" fileid="24" />
                <BranchPoint vc="0" uspid="7433" ordinal="5" offset="54" sl="484" path="1" offsetend="64" fileid="24" />
              </BranchPoints>
              <MethodPoint xsi:type="SequencePoint" vc="0" uspid="7424" ordinal="0" offset="0" sl="483" sc="9" el="483" ec="10" bec="0" bev="0" fileid="24" />
            </Method>
            <Method visited="false" cyclomaticComplexity="3" nPathComplexity="4" sequenceCoverage="0" branchCoverage="0" crapScore="12" isConstructor="false" isStatic="false" isGetter="false" isSetter="false">
              <Summary numSequencePoints="10" visitedSequencePoints="0" numBranchPoints="5" visitedBranchPoints="0" sequenceCoverage="0" branchCoverage="0" maxCyclomaticComplexity="3" minCyclomaticComplexity="3" maxCrapScore="12" minCrapScore="12" visitedClasses="0" numClasses="0" visitedMethods="0" numMethods="1" />
              <MetadataToken>100663577</MetadataToken>
              <Name>System.Boolean ExMat.States.ExFState::UpdateInstrOpcJumpZero(ExMat.OPs.ExInstr,ExMat.OPs.ExInstr,System.Int32)</Name>
              <FileRef uid="24" />
              <SequencePoints>
                <SequencePoint vc="0" uspid="7434" ordinal="0" offset="0" sl="491" sc="9" el="491" ec="10" bec="0" bev="0" fileid="24" />
                <SequencePoint vc="0" uspid="7435" ordinal="1" offset="1" sl="492" sc="13" el="492" ec="86" bec="4" bev="0" fileid="24" />
                <SequencePoint vc="0" uspid="7436" ordinal="2" offset="34" sl="493" sc="13" el="493" ec="14" bec="0" bev="0" fileid="24" />
                <SequencePoint vc="0" uspid="7437" ordinal="3" offset="35" sl="494" sc="17" el="494" ec="48" bec="0" bev="0" fileid="24" />
                <SequencePoint vc="0" uspid="7438" ordinal="4" offset="43" sl="495" sc="17" el="495" ec="39" bec="0" bev="0" fileid="24" />
                <SequencePoint vc="0" uspid="7439" ordinal="5" offset="56" sl="496" sc="17" el="496" ec="39" bec="0" bev="0" fileid="24" />
                <SequencePoint vc="0" uspid="7440" ordinal="6" offset="69" sl="497" sc="17" el="497" ec="47" bec="0" bev="0" fileid="24" />
                <SequencePoint vc="0" uspid="7441" ordinal="7" offset="85" sl="498" sc="17" el="498" ec="29" bec="0" bev="0" fileid="24" />
                <SequencePoint vc="0" uspid="7442" ordinal="8" offset="89" sl="500" sc="13" el="500" ec="44" bec="0" bev="0" fileid="24" />
                <SequencePoint vc="0" uspid="7443" ordinal="9" offset="100" sl="501" sc="9" el="501" ec="10" bec="0" bev="0" fileid="24" />
              </SequencePoints>
              <BranchPoints>
                <BranchPoint vc="0" uspid="7444" ordinal="0" offset="8" sl="492" path="0" offsetend="10" fileid="24" />
                <BranchPoint vc="0" uspid="7445" ordinal="1" offset="8" sl="492" path="1" offsetend="29" fileid="24" />
                <BranchPoint vc="0" uspid="7446" ordinal="2" offset="32" sl="492" path="0" offsetend="34" fileid="24" />
                <BranchPoint vc="0" uspid="7447" ordinal="3" offset="32" sl="492" path="1" offsetend="89" fileid="24" />
              </BranchPoints>
              <MethodPoint xsi:type="SequencePoint" vc="0" uspid="7434" ordinal="0" offset="0" sl="491" sc="9" el="491" ec="10" bec="0" bev="0" fileid="24" />
            </Method>
            <Method visited="false" cyclomaticComplexity="4" nPathComplexity="8" sequenceCoverage="0" branchCoverage="0" crapScore="20" isConstructor="false" isStatic="false" isGetter="false" isSetter="false">
              <Summary numSequencePoints="14" visitedSequencePoints="0" numBranchPoints="7" visitedBranchPoints="0" sequenceCoverage="0" branchCoverage="0" maxCyclomaticComplexity="4" minCyclomaticComplexity="4" maxCrapScore="20" minCrapScore="20" visitedClasses="0" numClasses="0" visitedMethods="0" numMethods="1" />
              <MetadataToken>100663578</MetadataToken>
              <Name>System.Boolean ExMat.States.ExFState::UpdateInstrOpcSet(ExMat.OPs.ExInstr,System.Boolean)</Name>
              <FileRef uid="24" />
              <SequencePoints>
                <SequencePoint vc="0" uspid="7448" ordinal="0" offset="0" sl="504" sc="9" el="504" ec="10" bec="0" bev="0" fileid="24" />
                <SequencePoint vc="0" uspid="7449" ordinal="1" offset="1" sl="505" sc="13" el="505" ec="23" bec="2" bev="0" fileid="24" />
                <SequencePoint vc="0" uspid="7450" ordinal="2" offset="6" sl="506" sc="13" el="506" ec="14" bec="0" bev="0" fileid="24" />
                <SequencePoint vc="0" uspid="7451" ordinal="3" offset="7" sl="507" sc="17" el="507" ec="44" bec="2" bev="0" fileid="24" />
                <SequencePoint vc="0" uspid="7452" ordinal="4" offset="25" sl="508" sc="17" el="508" ec="18" bec="0" bev="0" fileid="24" />
                <SequencePoint vc="0" uspid="7453" ordinal="5" offset="26" sl="509" sc="21" el="509" ec="41" bec="0" bev="0" fileid="24" />
                <SequencePoint vc="0" uspid="7454" ordinal="6" offset="40" sl="510" sc="17" el="510" ec="18" bec="0" bev="0" fileid="24" />
                <SequencePoint vc="0" uspid="7455" ordinal="7" offset="41" sl="511" sc="13" el="511" ec="14" bec="0" bev="0" fileid="24" />
                <SequencePoint vc="0" uspid="7456" ordinal="8" offset="44" sl="512" sc="18" el="512" ec="45" bec="2" bev="0" fileid="24" />
                <SequencePoint vc="0" uspid="7457" ordinal="9" offset="62" sl="513" sc="13" el="513" ec="14" bec="0" bev="0" fileid="24" />
                <SequencePoint vc="0" uspid="7458" ordinal="10" offset="63" sl="514" sc="17" el="514" ec="37" bec="0" bev="0" fileid="24" />
                <SequencePoint vc="0" uspid="7459" ordinal="11" offset="77" sl="515" sc="13" el="515" ec="14" bec="0" bev="0" fileid="24" />
                <SequencePoint vc="0" uspid="7460" ordinal="12" offset="78" sl="516" sc="13" el="516" ec="26" bec="0" bev="0" fileid="24" />
                <SequencePoint vc="0" uspid="7461" ordinal="13" offset="82" sl="517" sc="9" el="517" ec="10" bec="0" bev="0" fileid="24" />
              </SequencePoints>
              <BranchPoints>
                <BranchPoint vc="0" uspid="7462" ordinal="0" offset="4" sl="505" path="0" offsetend="6" fileid="24" />
                <BranchPoint vc="0" uspid="7463" ordinal="1" offset="4" sl="505" path="1" offsetend="44" fileid="24" />
                <BranchPoint vc="0" uspid="7464" ordinal="2" offset="23" sl="507" path="0" offsetend="25" fileid="24" />
                <BranchPoint vc="0" uspid="7465" ordinal="3" offset="23" sl="507" path="1" offsetend="41" fileid="24" />
                <BranchPoint vc="0" uspid="7466" ordinal="4" offset="60" sl="512" path="0" offsetend="62" fileid="24" />
                <BranchPoint vc="0" uspid="7467" ordinal="5" offset="60" sl="512" path="1" offsetend="78" fileid="24" />
              </BranchPoints>
              <MethodPoint xsi:type="SequencePoint" vc="0" uspid="7448" ordinal="0" offset="0" sl="504" sc="9" el="504" ec="10" bec="0" bev="0" fileid="24" />
            </Method>
            <Method visited="false" cyclomaticComplexity="6" nPathComplexity="32" sequenceCoverage="0" branchCoverage="0" crapScore="42" isConstructor="false" isStatic="false" isGetter="false" isSetter="false">
              <Summary numSequencePoints="12" visitedSequencePoints="0" numBranchPoints="11" visitedBranchPoints="0" sequenceCoverage="0" branchCoverage="0" maxCyclomaticComplexity="6" minCyclomaticComplexity="6" maxCrapScore="42" minCrapScore="42" visitedClasses="0" numClasses="0" visitedMethods="0" numMethods="1" />
              <MetadataToken>100663579</MetadataToken>
              <Name>System.Boolean ExMat.States.ExFState::UpdateInstrOpcReturn(ExMat.OPs.ExInstr,ExMat.OPs.ExInstr,System.Int32)</Name>
              <FileRef uid="24" />
              <SequencePoints>
                <SequencePoint vc="0" uspid="7468" ordinal="0" offset="0" sl="520" sc="9" el="520" ec="10" bec="0" bev="0" fileid="24" />
                <SequencePoint vc="0" uspid="7469" ordinal="1" offset="1" sl="521" sc="13" el="521" ec="148" bec="6" bev="0" fileid="24" />
                <SequencePoint vc="0" uspid="7470" ordinal="2" offset="51" sl="522" sc="13" el="522" ec="14" bec="0" bev="0" fileid="24" />
                <SequencePoint vc="0" uspid="7471" ordinal="3" offset="52" sl="523" sc="17" el="523" ec="52" bec="0" bev="0" fileid="24" />
                <SequencePoint vc="0" uspid="7472" ordinal="4" offset="61" sl="524" sc="17" el="524" ec="47" bec="0" bev="0" fileid="24" />
                <SequencePoint vc="0" uspid="7473" ordinal="5" offset="77" sl="525" sc="13" el="525" ec="14" bec="0" bev="0" fileid="24" />
                <SequencePoint vc="0" uspid="7474" ordinal="6" offset="80" sl="526" sc="18" el="526" ec="55" bec="2" bev="0" fileid="24" />
                <SequencePoint vc="0" uspid="7475" ordinal="7" offset="97" sl="527" sc="13" el="527" ec="14" bec="0" bev="0" fileid="24" />
                <SequencePoint vc="0" uspid="7476" ordinal="8" offset="98" sl="528" sc="17" el="528" ec="47" bec="0" bev="0" fileid="24" />
                <SequencePoint vc="0" uspid="7477" ordinal="9" offset="114" sl="529" sc="17" el="529" ec="29" bec="0" bev="0" fileid="24" />
                <SequencePoint vc="0" uspid="7478" ordinal="10" offset="118" sl="531" sc="13" el="531" ec="26" bec="0" bev="0" fileid="24" />
                <SequencePoint vc="0" uspid="7479" ordinal="11" offset="122" sl="532" sc="9" el="532" ec="10" bec="0" bev="0" fileid="24" />
              </SequencePoints>
              <BranchPoints>
                <BranchPoint vc="0" uspid="7480" ordinal="0" offset="7" sl="521" path="0" offsetend="9" fileid="24" />
                <BranchPoint vc="0" uspid="7481" ordinal="1" offset="7" sl="521" path="1" offsetend="46" fileid="24" />
                <BranchPoint vc="0" uspid="7482" ordinal="2" offset="21" sl="521" path="0" offsetend="23" fileid="24" />
                <BranchPoint vc="0" uspid="7483" ordinal="3" offset="21" sl="521" path="1" offsetend="46" fileid="24" />
                <BranchPoint vc="0" uspid="7484" ordinal="4" offset="31" sl="521" path="0" offsetend="33" fileid="24" />
                <BranchPoint vc="0" uspid="7485" ordinal="5" offset="31" sl="521" path="1" offsetend="46" fileid="24" />
                <BranchPoint vc="0" uspid="7486" ordinal="6" offset="49" sl="521" path="0" offsetend="51" fileid="24" />
                <BranchPoint vc="0" uspid="7487" ordinal="7" offset="49" sl="521" path="1" offsetend="80" fileid="24" />
                <BranchPoint vc="0" uspid="7488" ordinal="8" offset="95" sl="526" path="0" offsetend="97" fileid="24" />
                <BranchPoint vc="0" uspid="7489" ordinal="9" offset="95" sl="526" path="1" offsetend="118" fileid="24" />
              </BranchPoints>
              <MethodPoint xsi:type="SequencePoint" vc="0" uspid="7468" ordinal="0" offset="0" sl="520" sc="9" el="520" ec="10" bec="0" bev="0" fileid="24" />
            </Method>
            <Method visited="false" cyclomaticComplexity="4" nPathComplexity="8" sequenceCoverage="0" branchCoverage="0" crapScore="20" isConstructor="false" isStatic="false" isGetter="false" isSetter="false">
              <Summary numSequencePoints="10" visitedSequencePoints="0" numBranchPoints="7" visitedBranchPoints="0" sequenceCoverage="0" branchCoverage="0" maxCyclomaticComplexity="4" minCyclomaticComplexity="4" maxCrapScore="20" minCrapScore="20" visitedClasses="0" numClasses="0" visitedMethods="0" numMethods="1" />
              <MetadataToken>100663580</MetadataToken>
              <Name>System.Boolean ExMat.States.ExFState::UpdateInstrOpcGet(ExMat.OPs.ExInstr,ExMat.OPs.ExInstr,System.Int32)</Name>
              <FileRef uid="24" />
              <SequencePoints>
                <SequencePoint vc="0" uspid="7490" ordinal="0" offset="0" sl="535" sc="9" el="535" ec="10" bec="0" bev="0" fileid="24" />
                <SequencePoint vc="0" uspid="7491" ordinal="1" offset="1" sl="536" sc="13" el="536" ec="108" bec="5" bev="0" fileid="24" />
                <SequencePoint vc="0" uspid="7492" ordinal="2" offset="48" sl="537" sc="13" el="537" ec="14" bec="0" bev="0" fileid="24" />
                <SequencePoint vc="0" uspid="7493" ordinal="3" offset="49" sl="538" sc="17" el="538" ec="39" bec="0" bev="0" fileid="24" />
                <SequencePoint vc="0" uspid="7494" ordinal="4" offset="62" sl="539" sc="17" el="539" ec="48" bec="0" bev="0" fileid="24" />
                <SequencePoint vc="0" uspid="7495" ordinal="5" offset="71" sl="540" sc="17" el="540" ec="39" bec="0" bev="0" fileid="24" />
                <SequencePoint vc="0" uspid="7496" ordinal="6" offset="84" sl="541" sc="17" el="541" ec="47" bec="0" bev="0" fileid="24" />
                <SequencePoint vc="0" uspid="7497" ordinal="7" offset="100" sl="542" sc="17" el="542" ec="29" bec="0" bev="0" fileid="24" />
                <SequencePoint vc="0" uspid="7498" ordinal="8" offset="104" sl="544" sc="13" el="544" ec="26" bec="0" bev="0" fileid="24" />
                <SequencePoint vc="0" uspid="7499" ordinal="9" offset="108" sl="545" sc="9" el="545" ec="10" bec="0" bev="0" fileid="24" />
              </SequencePoints>
              <BranchPoints>
                <BranchPoint vc="0" uspid="7500" ordinal="0" offset="9" sl="536" path="0" offsetend="11" fileid="24" />
                <BranchPoint vc="0" uspid="7501" ordinal="1" offset="9" sl="536" path="1" offsetend="43" fileid="24" />
                <BranchPoint vc="0" uspid="7502" ordinal="2" offset="23" sl="536" path="0" offsetend="25" fileid="24" />
                <BranchPoint vc="0" uspid="7503" ordinal="3" offset="23" sl="536" path="1" offsetend="43" fileid="24" />
                <BranchPoint vc="0" uspid="7504" ordinal="4" offset="46" sl="536" path="0" offsetend="48" fileid="24" />
                <BranchPoint vc="0" uspid="7505" ordinal="5" offset="46" sl="536" path="1" offsetend="104" fileid="24" />
              </BranchPoints>
              <MethodPoint xsi:type="SequencePoint" vc="0" uspid="7490" ordinal="0" offset="0" sl="535" sc="9" el="535" ec="10" bec="0" bev="0" fileid="24" />
            </Method>
            <Method visited="false" cyclomaticComplexity="4" nPathComplexity="8" sequenceCoverage="0" branchCoverage="0" crapScore="20" isConstructor="false" isStatic="false" isGetter="false" isSetter="false">
              <Summary numSequencePoints="11" visitedSequencePoints="0" numBranchPoints="7" visitedBranchPoints="0" sequenceCoverage="0" branchCoverage="0" maxCyclomaticComplexity="4" minCyclomaticComplexity="4" maxCrapScore="20" minCrapScore="20" visitedClasses="0" numClasses="0" visitedMethods="0" numMethods="1" />
              <MetadataToken>100663581</MetadataToken>
              <Name>System.Boolean ExMat.States.ExFState::UpdateInstrOpcPrepCall(ExMat.OPs.ExInstr,ExMat.OPs.ExInstr,System.Int32)</Name>
              <FileRef uid="24" />
              <SequencePoints>
                <SequencePoint vc="0" uspid="7506" ordinal="0" offset="0" sl="548" sc="9" el="548" ec="10" bec="0" bev="0" fileid="24" />
                <SequencePoint vc="0" uspid="7507" ordinal="1" offset="1" sl="549" sc="13" el="549" ec="108" bec="5" bev="0" fileid="24" />
                <SequencePoint vc="0" uspid="7508" ordinal="2" offset="48" sl="550" sc="13" el="550" ec="14" bec="0" bev="0" fileid="24" />
                <SequencePoint vc="0" uspid="7509" ordinal="3" offset="49" sl="551" sc="17" el="551" ec="53" bec="0" bev="0" fileid="24" />
                <SequencePoint vc="0" uspid="7510" ordinal="4" offset="58" sl="552" sc="17" el="552" ec="39" bec="0" bev="0" fileid="24" />
                <SequencePoint vc="0" uspid="7511" ordinal="5" offset="71" sl="553" sc="17" el="553" ec="39" bec="0" bev="0" fileid="24" />
                <SequencePoint vc="0" uspid="7512" ordinal="6" offset="84" sl="554" sc="17" el="554" ec="39" bec="0" bev="0" fileid="24" />
                <SequencePoint vc="0" uspid="7513" ordinal="7" offset="97" sl="555" sc="17" el="555" ec="47" bec="0" bev="0" fileid="24" />
                <SequencePoint vc="0" uspid="7514" ordinal="8" offset="113" sl="556" sc="17" el="556" ec="29" bec="0" bev="0" fileid="24" />
                <SequencePoint vc="0" uspid="7515" ordinal="9" offset="117" sl="558" sc="13" el="558" ec="26" bec="0" bev="0" fileid="24" />
                <SequencePoint vc="0" uspid="7516" ordinal="10" offset="121" sl="559" sc="9" el="559" ec="10" bec="0" bev="0" fileid="24" />
              </SequencePoints>
              <BranchPoints>
                <BranchPoint vc="0" uspid="7517" ordinal="0" offset="9" sl="549" path="0" offsetend="11" fileid="24" />
                <BranchPoint vc="0" uspid="7518" ordinal="1" offset="9" sl="549" path="1" offsetend="43" fileid="24" />
                <BranchPoint vc="0" uspid="7519" ordinal="2" offset="23" sl="549" path="0" offsetend="25" fileid="24" />
                <BranchPoint vc="0" uspid="7520" ordinal="3" offset="23" sl="549" path="1" offsetend="43" fileid="24" />
                <BranchPoint vc="0" uspid="7521" ordinal="4" offset="46" sl="549" path="0" offsetend="48" fileid="24" />
                <BranchPoint vc="0" uspid="7522" ordinal="5" offset="46" sl="549" path="1" offsetend="117" fileid="24" />
              </BranchPoints>
              <MethodPoint xsi:type="SequencePoint" vc="0" uspid="7506" ordinal="0" offset="0" sl="548" sc="9" el="548" ec="10" bec="0" bev="0" fileid="24" />
            </Method>
            <Method visited="false" cyclomaticComplexity="9" nPathComplexity="64" sequenceCoverage="0" branchCoverage="0" crapScore="90" isConstructor="false" isStatic="false" isGetter="false" isSetter="false">
              <Summary numSequencePoints="26" visitedSequencePoints="0" numBranchPoints="13" visitedBranchPoints="0" sequenceCoverage="0" branchCoverage="0" maxCyclomaticComplexity="9" minCyclomaticComplexity="9" maxCrapScore="90" minCrapScore="90" visitedClasses="0" numClasses="0" visitedMethods="0" numMethods="1" />
              <MetadataToken>100663582</MetadataToken>
              <Name>System.Boolean ExMat.States.ExFState::UpdateInstrOpcAppend(ExMat.OPs.ExInstr,ExMat.OPs.ExInstr,System.Int32)</Name>
              <FileRef uid="24" />
              <SequencePoints>
                <SequencePoint vc="0" uspid="7523" ordinal="0" offset="0" sl="562" sc="9" el="562" ec="10" bec="0" bev="0" fileid="24" />
                <SequencePoint vc="0" uspid="7524" ordinal="1" offset="1" sl="563" sc="13" el="563" ec="49" bec="0" bev="0" fileid="24" />
                <SequencePoint vc="0" uspid="7525" ordinal="2" offset="3" sl="564" sc="13" el="564" ec="29" bec="6" bev="0" fileid="24" />
                <SequencePoint vc="0" uspid="7526" ordinal="3" offset="39" sl="567" sc="21" el="567" ec="22" bec="0" bev="0" fileid="24" />
                <SequencePoint vc="0" uspid="7527" ordinal="4" offset="40" sl="568" sc="25" el="568" ec="50" bec="0" bev="0" fileid="24" />
                <SequencePoint vc="0" uspid="7528" ordinal="5" offset="42" sl="569" sc="25" el="569" ec="31" bec="0" bev="0" fileid="24" />
                <SequencePoint vc="0" uspid="7529" ordinal="6" offset="44" sl="572" sc="21" el="572" ec="22" bec="0" bev="0" fileid="24" />
                <SequencePoint vc="0" uspid="7530" ordinal="7" offset="45" sl="573" sc="25" el="573" ec="50" bec="0" bev="0" fileid="24" />
                <SequencePoint vc="0" uspid="7531" ordinal="8" offset="47" sl="574" sc="25" el="574" ec="31" bec="0" bev="0" fileid="24" />
                <SequencePoint vc="0" uspid="7532" ordinal="9" offset="49" sl="577" sc="21" el="577" ec="22" bec="0" bev="0" fileid="24" />
                <SequencePoint vc="0" uspid="7533" ordinal="10" offset="50" sl="578" sc="25" el="578" ec="48" bec="0" bev="0" fileid="24" />
                <SequencePoint vc="0" uspid="7534" ordinal="11" offset="52" sl="579" sc="25" el="579" ec="31" bec="0" bev="0" fileid="24" />
                <SequencePoint vc="0" uspid="7535" ordinal="12" offset="54" sl="582" sc="21" el="582" ec="22" bec="0" bev="0" fileid="24" />
                <SequencePoint vc="0" uspid="7536" ordinal="13" offset="55" sl="583" sc="25" el="583" ec="47" bec="0" bev="0" fileid="24" />
                <SequencePoint vc="0" uspid="7537" ordinal="14" offset="57" sl="584" sc="25" el="584" ec="31" bec="0" bev="0" fileid="24" />
                <SequencePoint vc="0" uspid="7538" ordinal="15" offset="59" sl="587" sc="21" el="587" ec="27" bec="0" bev="0" fileid="24" />
                <SequencePoint vc="0" uspid="7539" ordinal="16" offset="61" sl="590" sc="13" el="590" ec="102" bec="5" bev="0" fileid="24" />
                <SequencePoint vc="0" uspid="7540" ordinal="17" offset="102" sl="591" sc="13" el="591" ec="14" bec="0" bev="0" fileid="24" />
                <SequencePoint vc="0" uspid="7541" ordinal="18" offset="103" sl="592" sc="17" el="592" ec="57" bec="0" bev="0" fileid="24" />
                <SequencePoint vc="0" uspid="7542" ordinal="19" offset="112" sl="593" sc="17" el="593" ec="39" bec="0" bev="0" fileid="24" />
                <SequencePoint vc="0" uspid="7543" ordinal="20" offset="125" sl="594" sc="17" el="594" ec="38" bec="0" bev="0" fileid="24" />
                <SequencePoint vc="0" uspid="7544" ordinal="21" offset="134" sl="595" sc="17" el="595" ec="51" bec="0" bev="0" fileid="24" />
                <SequencePoint vc="0" uspid="7545" ordinal="22" offset="147" sl="596" sc="17" el="596" ec="47" bec="0" bev="0" fileid="24" />
                <SequencePoint vc="0" uspid="7546" ordinal="23" offset="163" sl="597" sc="17" el="597" ec="29" bec="0" bev="0" fileid="24" />
                <SequencePoint vc="0" uspid="7547" ordinal="24" offset="168" sl="599" sc="13" el="599" ec="26" bec="0" bev="0" fileid="24" />
                <SequencePoint vc="0" uspid="7548" ordinal="25" offset="173" sl="600" sc="9" el="600" ec="10" bec="0" bev="0" fileid="24" />
              </SequencePoints>
              <BranchPoints>
                <BranchPoint vc="0" uspid="7549" ordinal="0" offset="13" sl="564" path="0" offsetchain="30" offsetend="32" fileid="24" />
                <BranchPoint vc="0" uspid="7550" ordinal="1" offset="13" sl="564" path="1" offsetend="44" fileid="24" />
                <BranchPoint vc="0" uspid="7551" ordinal="2" offset="13" sl="564" path="2" offsetend="49" fileid="24" />
                <BranchPoint vc="0" uspid="7552" ordinal="3" offset="13" sl="564" path="3" offsetend="54" fileid="24" />
                <BranchPoint vc="0" uspid="7553" ordinal="4" offset="35" sl="564" path="0" offsetchain="37 59" offsetend="61" fileid="24" />
                <BranchPoint vc="0" uspid="7554" ordinal="5" offset="35" sl="564" path="1" offsetend="39" fileid="24" />
                <BranchPoint vc="0" uspid="7555" ordinal="6" offset="63" sl="590" path="0" offsetend="65" fileid="24" />
                <BranchPoint vc="0" uspid="7556" ordinal="7" offset="63" sl="590" path="1" offsetend="97" fileid="24" />
                <BranchPoint vc="0" uspid="7557" ordinal="8" offset="77" sl="590" path="0" offsetend="79" fileid="24" />
                <BranchPoint vc="0" uspid="7558" ordinal="9" offset="77" sl="590" path="1" offsetend="97" fileid="24" />
                <BranchPoint vc="0" uspid="7559" ordinal="10" offset="100" sl="590" path="0" offsetend="102" fileid="24" />
                <BranchPoint vc="0" uspid="7560" ordinal="11" offset="100" sl="590" path="1" offsetend="168" fileid="24" />
              </BranchPoints>
              <MethodPoint xsi:type="SequencePoint" vc="0" uspid="7523" ordinal="0" offset="0" sl="562" sc="9" el="562" ec="10" bec="0" bev="0" fileid="24" />
            </Method>
            <Method visited="false" cyclomaticComplexity="4" nPathComplexity="8" sequenceCoverage="0" branchCoverage="0" crapScore="20" isConstructor="false" isStatic="false" isGetter="false" isSetter="false">
              <Summary numSequencePoints="11" visitedSequencePoints="0" numBranchPoints="7" visitedBranchPoints="0" sequenceCoverage="0" branchCoverage="0" maxCyclomaticComplexity="4" minCyclomaticComplexity="4" maxCrapScore="20" minCrapScore="20" visitedClasses="0" numClasses="0" visitedMethods="0" numMethods="1" />
              <MetadataToken>100663583</MetadataToken>
              <Name>System.Boolean ExMat.States.ExFState::UpdateInstrOpcEq(ExMat.OPs.ExInstr,ExMat.OPs.ExInstr,System.Int32)</Name>
              <FileRef uid="24" />
              <SequencePoints>
                <SequencePoint vc="0" uspid="7561" ordinal="0" offset="0" sl="603" sc="9" el="603" ec="10" bec="0" bev="0" fileid="24" />
                <SequencePoint vc="0" uspid="7562" ordinal="1" offset="1" sl="604" sc="13" el="604" ec="108" bec="5" bev="0" fileid="24" />
                <SequencePoint vc="0" uspid="7563" ordinal="2" offset="48" sl="605" sc="13" el="605" ec="14" bec="0" bev="0" fileid="24" />
                <SequencePoint vc="0" uspid="7564" ordinal="3" offset="49" sl="606" sc="17" el="606" ec="35" bec="0" bev="0" fileid="24" />
                <SequencePoint vc="0" uspid="7565" ordinal="4" offset="62" sl="607" sc="17" el="607" ec="39" bec="0" bev="0" fileid="24" />
                <SequencePoint vc="0" uspid="7566" ordinal="5" offset="75" sl="608" sc="17" el="608" ec="39" bec="0" bev="0" fileid="24" />
                <SequencePoint vc="0" uspid="7567" ordinal="6" offset="88" sl="609" sc="17" el="609" ec="51" bec="0" bev="0" fileid="24" />
                <SequencePoint vc="0" uspid="7568" ordinal="7" offset="101" sl="610" sc="17" el="610" ec="47" bec="0" bev="0" fileid="24" />
                <SequencePoint vc="0" uspid="7569" ordinal="8" offset="117" sl="611" sc="17" el="611" ec="29" bec="0" bev="0" fileid="24" />
                <SequencePoint vc="0" uspid="7570" ordinal="9" offset="121" sl="613" sc="13" el="613" ec="26" bec="0" bev="0" fileid="24" />
                <SequencePoint vc="0" uspid="7571" ordinal="10" offset="125" sl="614" sc="9" el="614" ec="10" bec="0" bev="0" fileid="24" />
              </SequencePoints>
              <BranchPoints>
                <BranchPoint vc="0" uspid="7572" ordinal="0" offset="9" sl="604" path="0" offsetend="11" fileid="24" />
                <BranchPoint vc="0" uspid="7573" ordinal="1" offset="9" sl="604" path="1" offsetend="43" fileid="24" />
                <BranchPoint vc="0" uspid="7574" ordinal="2" offset="23" sl="604" path="0" offsetend="25" fileid="24" />
                <BranchPoint vc="0" uspid="7575" ordinal="3" offset="23" sl="604" path="1" offsetend="43" fileid="24" />
                <BranchPoint vc="0" uspid="7576" ordinal="4" offset="46" sl="604" path="0" offsetend="48" fileid="24" />
                <BranchPoint vc="0" uspid="7577" ordinal="5" offset="46" sl="604" path="1" offsetend="121" fileid="24" />
              </BranchPoints>
              <MethodPoint xsi:type="SequencePoint" vc="0" uspid="7561" ordinal="0" offset="0" sl="603" sc="9" el="603" ec="10" bec="0" bev="0" fileid="24" />
            </Method>
            <Method visited="false" cyclomaticComplexity="3" nPathComplexity="4" sequenceCoverage="0" branchCoverage="0" crapScore="12" isConstructor="false" isStatic="false" isGetter="false" isSetter="false">
              <Summary numSequencePoints="9" visitedSequencePoints="0" numBranchPoints="5" visitedBranchPoints="0" sequenceCoverage="0" branchCoverage="0" maxCyclomaticComplexity="3" minCyclomaticComplexity="3" maxCrapScore="12" minCrapScore="12" visitedClasses="0" numClasses="0" visitedMethods="0" numMethods="1" />
              <MetadataToken>100663584</MetadataToken>
              <Name>System.Boolean ExMat.States.ExFState::UpdateInstrOpcLoadNull(ExMat.OPs.ExInstr,ExMat.OPs.ExInstr,System.Int32)</Name>
              <FileRef uid="24" />
              <SequencePoints>
                <SequencePoint vc="0" uspid="7578" ordinal="0" offset="0" sl="617" sc="9" el="617" ec="10" bec="0" bev="0" fileid="24" />
                <SequencePoint vc="0" uspid="7579" ordinal="1" offset="1" sl="618" sc="13" el="618" ec="93" bec="4" bev="0" fileid="24" />
                <SequencePoint vc="0" uspid="7580" ordinal="2" offset="39" sl="619" sc="13" el="619" ec="14" bec="0" bev="0" fileid="24" />
                <SequencePoint vc="0" uspid="7581" ordinal="3" offset="40" sl="620" sc="17" el="620" ec="29" bec="0" bev="0" fileid="24" />
                <SequencePoint vc="0" uspid="7582" ordinal="4" offset="53" sl="621" sc="17" el="621" ec="52" bec="0" bev="0" fileid="24" />
                <SequencePoint vc="0" uspid="7583" ordinal="5" offset="62" sl="622" sc="17" el="622" ec="47" bec="0" bev="0" fileid="24" />
                <SequencePoint vc="0" uspid="7584" ordinal="6" offset="78" sl="623" sc="17" el="623" ec="29" bec="0" bev="0" fileid="24" />
                <SequencePoint vc="0" uspid="7585" ordinal="7" offset="82" sl="625" sc="13" el="625" ec="26" bec="0" bev="0" fileid="24" />
                <SequencePoint vc="0" uspid="7586" ordinal="8" offset="86" sl="626" sc="9" el="626" ec="10" bec="0" bev="0" fileid="24" />
              </SequencePoints>
              <BranchPoints>
                <BranchPoint vc="0" uspid="7587" ordinal="0" offset="9" sl="618" path="0" offsetend="11" fileid="24" />
                <BranchPoint vc="0" uspid="7588" ordinal="1" offset="9" sl="618" path="1" offsetend="34" fileid="24" />
                <BranchPoint vc="0" uspid="7589" ordinal="2" offset="37" sl="618" path="0" offsetend="39" fileid="24" />
                <BranchPoint vc="0" uspid="7590" ordinal="3" offset="37" sl="618" path="1" offsetend="82" fileid="24" />
              </BranchPoints>
              <MethodPoint xsi:type="SequencePoint" vc="0" uspid="7578" ordinal="0" offset="0" sl="617" sc="9" el="617" ec="10" bec="0" bev="0" fileid="24" />
            </Method>
            <Method visited="false" cyclomaticComplexity="21" nPathComplexity="6144" sequenceCoverage="0" branchCoverage="0" crapScore="462" isConstructor="false" isStatic="false" isGetter="false" isSetter="false">
              <Summary numSequencePoints="50" visitedSequencePoints="0" numBranchPoints="29" visitedBranchPoints="0" sequenceCoverage="0" branchCoverage="0" maxCyclomaticComplexity="21" minCyclomaticComplexity="21" maxCrapScore="462" minCrapScore="462" visitedClasses="0" numClasses="0" visitedMethods="0" numMethods="1" />
              <MetadataToken>100663585</MetadataToken>
              <Name>System.Void ExMat.States.ExFState::AddInstr(ExMat.OPs.ExInstr)</Name>
              <FileRef uid="24" />
              <SequencePoints>
                <SequencePoint vc="0" uspid="7591" ordinal="0" offset="0" sl="630" sc="9" el="630" ec="10" bec="0" bev="0" fileid="24" />
                <SequencePoint vc="0" uspid="7592" ordinal="1" offset="1" sl="631" sc="13" el="631" ec="43" bec="0" bev="0" fileid="24" />
                <SequencePoint vc="0" uspid="7593" ordinal="2" offset="13" sl="632" sc="13" el="632" ec="39" bec="0" bev="0" fileid="24" />
                <SequencePoint vc="0" uspid="7594" ordinal="3" offset="15" sl="634" sc="13" el="634" ec="40" bec="4" bev="0" fileid="24" />
                <SequencePoint vc="0" uspid="7595" ordinal="4" offset="35" sl="635" sc="13" el="635" ec="14" bec="0" bev="0" fileid="24" />
                <SequencePoint vc="0" uspid="7596" ordinal="5" offset="36" sl="636" sc="17" el="636" ec="55" bec="0" bev="0" fileid="24" />
                <SequencePoint vc="0" uspid="7597" ordinal="6" offset="51" sl="637" sc="17" el="637" ec="33" bec="17" bev="0" fileid="24" />
                <SequencePoint vc="0" uspid="7598" ordinal="7" offset="189" sl="640" sc="25" el="640" ec="26" bec="0" bev="0" fileid="24" />
                <SequencePoint vc="0" uspid="7599" ordinal="8" offset="190" sl="641" sc="29" el="641" ec="81" bec="0" bev="0" fileid="24" />
                <SequencePoint vc="0" uspid="7600" ordinal="9" offset="200" sl="642" sc="29" el="642" ec="35" bec="0" bev="0" fileid="24" />
                <SequencePoint vc="0" uspid="7601" ordinal="10" offset="205" sl="645" sc="25" el="645" ec="26" bec="0" bev="0" fileid="24" />
                <SequencePoint vc="0" uspid="7602" ordinal="11" offset="206" sl="646" sc="29" el="646" ec="81" bec="0" bev="0" fileid="24" />
                <SequencePoint vc="0" uspid="7603" ordinal="12" offset="216" sl="647" sc="29" el="647" ec="35" bec="0" bev="0" fileid="24" />
                <SequencePoint vc="0" uspid="7604" ordinal="13" offset="218" sl="650" sc="25" el="650" ec="26" bec="0" bev="0" fileid="24" />
                <SequencePoint vc="0" uspid="7605" ordinal="14" offset="219" sl="651" sc="29" el="651" ec="84" bec="0" bev="0" fileid="24" />
                <SequencePoint vc="0" uspid="7606" ordinal="15" offset="228" sl="652" sc="29" el="652" ec="35" bec="0" bev="0" fileid="24" />
                <SequencePoint vc="0" uspid="7607" ordinal="16" offset="230" sl="655" sc="25" el="655" ec="26" bec="0" bev="0" fileid="24" />
                <SequencePoint vc="0" uspid="7608" ordinal="17" offset="231" sl="656" sc="29" el="656" ec="85" bec="0" bev="0" fileid="24" />
                <SequencePoint vc="0" uspid="7609" ordinal="18" offset="241" sl="657" sc="29" el="657" ec="35" bec="0" bev="0" fileid="24" />
                <SequencePoint vc="0" uspid="7610" ordinal="19" offset="243" sl="660" sc="25" el="660" ec="26" bec="0" bev="0" fileid="24" />
                <SequencePoint vc="0" uspid="7611" ordinal="20" offset="244" sl="661" sc="29" el="661" ec="68" bec="0" bev="0" fileid="24" />
                <SequencePoint vc="0" uspid="7612" ordinal="21" offset="253" sl="662" sc="29" el="662" ec="35" bec="0" bev="0" fileid="24" />
                <SequencePoint vc="0" uspid="7613" ordinal="22" offset="255" sl="665" sc="25" el="665" ec="26" bec="0" bev="0" fileid="24" />
                <SequencePoint vc="0" uspid="7614" ordinal="23" offset="256" sl="666" sc="29" el="666" ec="74" bec="0" bev="0" fileid="24" />
                <SequencePoint vc="0" uspid="7615" ordinal="24" offset="265" sl="667" sc="29" el="667" ec="35" bec="0" bev="0" fileid="24" />
                <SequencePoint vc="0" uspid="7616" ordinal="25" offset="267" sl="670" sc="25" el="670" ec="26" bec="0" bev="0" fileid="24" />
                <SequencePoint vc="0" uspid="7617" ordinal="26" offset="268" sl="671" sc="29" el="671" ec="83" bec="0" bev="0" fileid="24" />
                <SequencePoint vc="0" uspid="7618" ordinal="27" offset="278" sl="672" sc="29" el="672" ec="35" bec="0" bev="0" fileid="24" />
                <SequencePoint vc="0" uspid="7619" ordinal="28" offset="280" sl="675" sc="25" el="675" ec="26" bec="0" bev="0" fileid="24" />
                <SequencePoint vc="0" uspid="7620" ordinal="29" offset="281" sl="676" sc="29" el="676" ec="80" bec="0" bev="0" fileid="24" />
                <SequencePoint vc="0" uspid="7621" ordinal="30" offset="291" sl="677" sc="29" el="677" ec="35" bec="0" bev="0" fileid="24" />
                <SequencePoint vc="0" uspid="7622" ordinal="31" offset="293" sl="680" sc="25" el="680" ec="26" bec="0" bev="0" fileid="24" />
                <SequencePoint vc="0" uspid="7623" ordinal="32" offset="294" sl="681" sc="29" el="681" ec="85" bec="0" bev="0" fileid="24" />
                <SequencePoint vc="0" uspid="7624" ordinal="33" offset="304" sl="682" sc="29" el="682" ec="35" bec="0" bev="0" fileid="24" />
                <SequencePoint vc="0" uspid="7625" ordinal="34" offset="306" sl="685" sc="25" el="685" ec="26" bec="0" bev="0" fileid="24" />
                <SequencePoint vc="0" uspid="7626" ordinal="35" offset="307" sl="686" sc="29" el="686" ec="83" bec="0" bev="0" fileid="24" />
                <SequencePoint vc="0" uspid="7627" ordinal="36" offset="317" sl="687" sc="29" el="687" ec="35" bec="0" bev="0" fileid="24" />
                <SequencePoint vc="0" uspid="7628" ordinal="37" offset="319" sl="691" sc="25" el="691" ec="26" bec="0" bev="0" fileid="24" />
                <SequencePoint vc="0" uspid="7629" ordinal="38" offset="320" sl="692" sc="29" el="692" ec="79" bec="0" bev="0" fileid="24" />
                <SequencePoint vc="0" uspid="7630" ordinal="39" offset="330" sl="693" sc="29" el="693" ec="35" bec="0" bev="0" fileid="24" />
                <SequencePoint vc="0" uspid="7631" ordinal="40" offset="332" sl="696" sc="25" el="696" ec="26" bec="0" bev="0" fileid="24" />
                <SequencePoint vc="0" uspid="7632" ordinal="41" offset="333" sl="697" sc="29" el="697" ec="85" bec="0" bev="0" fileid="24" />
                <SequencePoint vc="0" uspid="7633" ordinal="42" offset="343" sl="698" sc="29" el="698" ec="35" bec="0" bev="0" fileid="24" />
                <SequencePoint vc="0" uspid="7634" ordinal="43" offset="345" sl="701" sc="13" el="701" ec="14" bec="0" bev="0" fileid="24" />
                <SequencePoint vc="0" uspid="7635" ordinal="44" offset="346" sl="703" sc="13" el="703" ec="30" bec="2" bev="0" fileid="24" />
                <SequencePoint vc="0" uspid="7636" ordinal="45" offset="353" sl="704" sc="13" el="704" ec="14" bec="0" bev="0" fileid="24" />
                <SequencePoint vc="0" uspid="7637" ordinal="46" offset="354" sl="705" sc="17" el="705" ec="24" bec="0" bev="0" fileid="24" />
                <SequencePoint vc="0" uspid="7638" ordinal="47" offset="356" sl="708" sc="13" el="708" ec="31" bec="0" bev="0" fileid="24" />
                <SequencePoint vc="0" uspid="7639" ordinal="48" offset="363" sl="709" sc="13" el="709" ec="36" bec="0" bev="0" fileid="24" />
                <SequencePoint vc="0" uspid="7640" ordinal="49" offset="376" sl="710" sc="9" el="710" ec="10" bec="0" bev="0" fileid="24" />
              </SequencePoints>
              <BranchPoints>
                <BranchPoint vc="0" uspid="7641" ordinal="0" offset="17" sl="634" path="0" offsetend="19" fileid="24" />
                <BranchPoint vc="0" uspid="7642" ordinal="1" offset="17" sl="634" path="1" offsetend="27" fileid="24" />
                <BranchPoint vc="0" uspid="7643" ordinal="2" offset="30" sl="634" path="0" offsetend="35" fileid="24" />
                <BranchPoint vc="0" uspid="7644" ordinal="3" offset="30" sl="634" path="1" offsetend="346" fileid="24" />
                <BranchPoint vc="0" uspid="7645" ordinal="4" offset="74" sl="637" path="0" offsetchain="79" offsetend="81" fileid="24" />
                <BranchPoint vc="0" uspid="7646" ordinal="5" offset="74" sl="637" path="1" offsetend="319" fileid="24" />
                <BranchPoint vc="0" uspid="7647" ordinal="6" offset="85" sl="637" path="0" offsetchain="90" offsetend="92" fileid="24" />
                <BranchPoint vc="0" uspid="7648" ordinal="7" offset="85" sl="637" path="1" offsetend="230" fileid="24" />
                <BranchPoint vc="0" uspid="7649" ordinal="8" offset="96" sl="637" path="0" offsetchain="101" offsetend="345" fileid="24" />
                <BranchPoint vc="0" uspid="7650" ordinal="9" offset="96" sl="637" path="1" offsetend="293" fileid="24" />
                <BranchPoint vc="0" uspid="7651" ordinal="10" offset="111" sl="637" path="0" offsetchain="144" offsetend="146" fileid="24" />
                <BranchPoint vc="0" uspid="7652" ordinal="11" offset="111" sl="637" path="1" offsetend="205" fileid="24" />
                <BranchPoint vc="0" uspid="7653" ordinal="12" offset="111" sl="637" path="2" offsetend="345" fileid="24" />
                <BranchPoint vc="0" uspid="7654" ordinal="13" offset="111" sl="637" path="3" offsetend="280" fileid="24" />
                <BranchPoint vc="0" uspid="7655" ordinal="14" offset="111" sl="637" path="4" offsetend="345" fileid="24" />
                <BranchPoint vc="0" uspid="7656" ordinal="15" offset="111" sl="637" path="5" offsetend="189" fileid="24" />
                <BranchPoint vc="0" uspid="7657" ordinal="16" offset="111" sl="637" path="6" offsetend="345" fileid="24" />
                <BranchPoint vc="0" uspid="7658" ordinal="17" offset="111" sl="637" path="7" offsetend="243" fileid="24" />
                <BranchPoint vc="0" uspid="7659" ordinal="18" offset="151" sl="637" path="0" offsetchain="176" offsetend="178" fileid="24" />
                <BranchPoint vc="0" uspid="7660" ordinal="19" offset="151" sl="637" path="1" offsetend="267" fileid="24" />
                <BranchPoint vc="0" uspid="7661" ordinal="20" offset="151" sl="637" path="2" offsetend="306" fileid="24" />
                <BranchPoint vc="0" uspid="7662" ordinal="21" offset="151" sl="637" path="3" offsetend="332" fileid="24" />
                <BranchPoint vc="0" uspid="7663" ordinal="22" offset="151" sl="637" path="4" offsetend="345" fileid="24" />
                <BranchPoint vc="0" uspid="7664" ordinal="23" offset="151" sl="637" path="5" offsetend="255" fileid="24" />
                <BranchPoint vc="0" uspid="7665" ordinal="24" offset="182" sl="637" path="0" offsetchain="184" offsetend="345" fileid="24" />
                <BranchPoint vc="0" uspid="7666" ordinal="25" offset="182" sl="637" path="1" offsetend="218" fileid="24" />
                <BranchPoint vc="0" uspid="7667" ordinal="26" offset="351" sl="703" path="0" offsetend="353" fileid="24" />
                <BranchPoint vc="0" uspid="7668" ordinal="27" offset="351" sl="703" path="1" offsetend="356" fileid="24" />
              </BranchPoints>
              <MethodPoint xsi:type="SequencePoint" vc="0" uspid="7591" ordinal="0" offset="0" sl="630" sc="9" el="630" ec="10" bec="0" bev="0" fileid="24" />
            </Method>
            <Method visited="false" cyclomaticComplexity="1" nPathComplexity="0" sequenceCoverage="0" branchCoverage="0" crapScore="2" isConstructor="false" isStatic="false" isGetter="false" isSetter="false">
              <Summary numSequencePoints="4" visitedSequencePoints="0" numBranchPoints="1" visitedBranchPoints="0" sequenceCoverage="0" branchCoverage="0" maxCyclomaticComplexity="1" minCyclomaticComplexity="1" maxCrapScore="2" minCrapScore="2" visitedClasses="0" numClasses="0" visitedMethods="0" numMethods="1" />
              <MetadataToken>100663586</MetadataToken>
              <Name>System.Void ExMat.States.ExFState::AddInstr(ExMat.OPs.ExOperationCode,System.Int32,System.Int64,System.Int32,System.Int32)</Name>
              <FileRef uid="24" />
              <SequencePoints>
                <SequencePoint vc="0" uspid="7669" ordinal="0" offset="0" sl="714" sc="9" el="714" ec="10" bec="0" bev="0" fileid="24" />
                <SequencePoint vc="0" uspid="7670" ordinal="1" offset="1" sl="715" sc="13" el="715" ec="99" bec="0" bev="0" fileid="24" />
                <SequencePoint vc="0" uspid="7671" ordinal="2" offset="56" sl="716" sc="13" el="716" ec="29" bec="0" bev="0" fileid="24" />
                <SequencePoint vc="0" uspid="7672" ordinal="3" offset="64" sl="717" sc="9" el="717" ec="10" bec="0" bev="0" fileid="24" />
              </SequencePoints>
              <BranchPoints />
              <MethodPoint xsi:type="SequencePoint" vc="0" uspid="7669" ordinal="0" offset="0" sl="714" sc="9" el="714" ec="10" bec="0" bev="0" fileid="24" />
            </Method>
            <Method visited="false" cyclomaticComplexity="1" nPathComplexity="0" sequenceCoverage="0" branchCoverage="0" crapScore="2" isConstructor="false" isStatic="false" isGetter="false" isSetter="false">
              <Summary numSequencePoints="5" visitedSequencePoints="0" numBranchPoints="1" visitedBranchPoints="0" sequenceCoverage="0" branchCoverage="0" maxCyclomaticComplexity="1" minCyclomaticComplexity="1" maxCrapScore="2" minCrapScore="2" visitedClasses="0" numClasses="0" visitedMethods="0" numMethods="1" />
              <MetadataToken>100663587</MetadataToken>
              <Name>ExMat.States.ExFState ExMat.States.ExFState::PushChildState(ExMat.States.ExSState)</Name>
              <FileRef uid="24" />
              <SequencePoints>
                <SequencePoint vc="0" uspid="7673" ordinal="0" offset="0" sl="720" sc="9" el="720" ec="10" bec="0" bev="0" fileid="24" />
                <SequencePoint vc="0" uspid="7674" ordinal="1" offset="1" sl="721" sc="13" el="721" ec="75" bec="0" bev="0" fileid="24" />
                <SequencePoint vc="0" uspid="7675" ordinal="2" offset="21" sl="722" sc="13" el="722" ec="37" bec="0" bev="0" fileid="24" />
                <SequencePoint vc="0" uspid="7676" ordinal="3" offset="34" sl="723" sc="13" el="723" ec="23" bec="0" bev="0" fileid="24" />
                <SequencePoint vc="0" uspid="7677" ordinal="4" offset="38" sl="724" sc="9" el="724" ec="10" bec="0" bev="0" fileid="24" />
              </SequencePoints>
              <BranchPoints />
              <MethodPoint xsi:type="SequencePoint" vc="0" uspid="7673" ordinal="0" offset="0" sl="720" sc="9" el="720" ec="10" bec="0" bev="0" fileid="24" />
            </Method>
            <Method visited="false" cyclomaticComplexity="2" nPathComplexity="0" sequenceCoverage="0" branchCoverage="0" crapScore="6" isConstructor="false" isStatic="false" isGetter="false" isSetter="false">
              <Summary numSequencePoints="8" visitedSequencePoints="0" numBranchPoints="1" visitedBranchPoints="0" sequenceCoverage="0" branchCoverage="0" maxCyclomaticComplexity="2" minCyclomaticComplexity="2" maxCrapScore="6" minCrapScore="6" visitedClasses="0" numClasses="0" visitedMethods="0" numMethods="1" />
              <MetadataToken>100663588</MetadataToken>
              <Name>System.Void ExMat.States.ExFState::PopChildState()</Name>
              <FileRef uid="24" />
              <SequencePoints>
                <SequencePoint vc="0" uspid="7678" ordinal="0" offset="0" sl="727" sc="9" el="727" ec="10" bec="0" bev="0" fileid="24" />
                <SequencePoint vc="0" uspid="7679" ordinal="1" offset="1" sl="728" sc="13" el="728" ec="50" bec="0" bev="0" fileid="24" />
                <SequencePoint vc="0" uspid="7680" ordinal="2" offset="15" sl="730" sc="13" el="730" ec="14" bec="0" bev="0" fileid="24" />
                <SequencePoint vc="0" uspid="7681" ordinal="3" offset="16" sl="731" sc="17" el="731" ec="36" bec="0" bev="0" fileid="24" />
                <SequencePoint vc="0" uspid="7682" ordinal="4" offset="23" sl="732" sc="13" el="732" ec="14" bec="0" bev="0" fileid="24" />
                <SequencePoint vc="0" uspid="7683" ordinal="5" offset="24" sl="729" sc="13" el="729" ec="49" bec="0" bev="0" fileid="24" />
                <SequencePoint vc="0" uspid="7684" ordinal="6" offset="42" sl="733" sc="13" el="733" ec="65" bec="0" bev="0" fileid="24" />
                <SequencePoint vc="0" uspid="7685" ordinal="7" offset="67" sl="734" sc="9" el="734" ec="10" bec="0" bev="0" fileid="24" />
              </SequencePoints>
              <BranchPoints />
              <MethodPoint xsi:type="SequencePoint" vc="0" uspid="7678" ordinal="0" offset="0" sl="727" sc="9" el="727" ec="10" bec="0" bev="0" fileid="24" />
            </Method>
            <Method visited="false" cyclomaticComplexity="2" nPathComplexity="2" sequenceCoverage="0" branchCoverage="0" crapScore="6" isConstructor="false" isStatic="false" isGetter="false" isSetter="false">
              <Summary numSequencePoints="9" visitedSequencePoints="0" numBranchPoints="3" visitedBranchPoints="0" sequenceCoverage="0" branchCoverage="0" maxCyclomaticComplexity="2" minCyclomaticComplexity="2" maxCrapScore="6" minCrapScore="6" visitedClasses="0" numClasses="0" visitedMethods="0" numMethods="1" />
              <MetadataToken>100663589</MetadataToken>
              <Name>System.Int32 ExMat.States.ExFState::PushVar(ExMat.Objects.ExObject)</Name>
              <FileRef uid="24" />
              <SequencePoints>
                <SequencePoint vc="0" uspid="7686" ordinal="0" offset="0" sl="737" sc="9" el="737" ec="10" bec="0" bev="0" fileid="24" />
                <SequencePoint vc="0" uspid="7687" ordinal="1" offset="1" sl="738" sc="13" el="738" ec="46" bec="0" bev="0" fileid="24" />
                <SequencePoint vc="0" uspid="7688" ordinal="2" offset="8" sl="739" sc="13" el="739" ec="112" bec="0" bev="0" fileid="24" />
                <SequencePoint vc="0" uspid="7689" ordinal="3" offset="63" sl="740" sc="13" el="740" ec="32" bec="2" bev="0" fileid="24" />
                <SequencePoint vc="0" uspid="7690" ordinal="4" offset="79" sl="741" sc="13" el="741" ec="14" bec="0" bev="0" fileid="24" />
                <SequencePoint vc="0" uspid="7691" ordinal="5" offset="80" sl="742" sc="17" el="742" ec="35" bec="0" bev="0" fileid="24" />
                <SequencePoint vc="0" uspid="7692" ordinal="6" offset="89" sl="743" sc="13" el="743" ec="14" bec="0" bev="0" fileid="24" />
                <SequencePoint vc="0" uspid="7693" ordinal="7" offset="90" sl="744" sc="13" el="744" ec="22" bec="0" bev="0" fileid="24" />
                <SequencePoint vc="0" uspid="7694" ordinal="8" offset="94" sl="745" sc="9" el="745" ec="10" bec="0" bev="0" fileid="24" />
              </SequencePoints>
              <BranchPoints>
                <BranchPoint vc="0" uspid="7695" ordinal="0" offset="77" sl="740" path="0" offsetend="79" fileid="24" />
                <BranchPoint vc="0" uspid="7696" ordinal="1" offset="77" sl="740" path="1" offsetend="90" fileid="24" />
              </BranchPoints>
              <MethodPoint xsi:type="SequencePoint" vc="0" uspid="7686" ordinal="0" offset="0" sl="737" sc="9" el="737" ec="10" bec="0" bev="0" fileid="24" />
            </Method>
            <Method visited="false" cyclomaticComplexity="1" nPathComplexity="0" sequenceCoverage="0" branchCoverage="0" crapScore="2" isConstructor="false" isStatic="false" isGetter="false" isSetter="false">
              <Summary numSequencePoints="4" visitedSequencePoints="0" numBranchPoints="1" visitedBranchPoints="0" sequenceCoverage="0" branchCoverage="0" maxCyclomaticComplexity="1" minCyclomaticComplexity="1" maxCrapScore="2" minCrapScore="2" visitedClasses="0" numClasses="0" visitedMethods="0" numMethods="1" />
              <MetadataToken>100663590</MetadataToken>
              <Name>System.Void ExMat.States.ExFState::AddParam(ExMat.Objects.ExObject)</Name>
              <FileRef uid="24" />
              <SequencePoints>
                <SequencePoint vc="0" uspid="7697" ordinal="0" offset="0" sl="748" sc="9" el="748" ec="10" bec="0" bev="0" fileid="24" />
                <SequencePoint vc="0" uspid="7698" ordinal="1" offset="1" sl="749" sc="13" el="749" ec="24" bec="0" bev="0" fileid="24" />
                <SequencePoint vc="0" uspid="7699" ordinal="2" offset="9" sl="750" sc="13" el="750" ec="31" bec="0" bev="0" fileid="24" />
                <SequencePoint vc="0" uspid="7700" ordinal="3" offset="22" sl="751" sc="9" el="751" ec="10" bec="0" bev="0" fileid="24" />
              </SequencePoints>
              <BranchPoints />
              <MethodPoint xsi:type="SequencePoint" vc="0" uspid="7697" ordinal="0" offset="0" sl="748" sc="9" el="748" ec="10" bec="0" bev="0" fileid="24" />
            </Method>
            <Method visited="false" cyclomaticComplexity="1" nPathComplexity="0" sequenceCoverage="0" branchCoverage="0" crapScore="2" isConstructor="false" isStatic="false" isGetter="false" isSetter="false">
              <Summary numSequencePoints="3" visitedSequencePoints="0" numBranchPoints="1" visitedBranchPoints="0" sequenceCoverage="0" branchCoverage="0" maxCyclomaticComplexity="1" minCyclomaticComplexity="1" maxCrapScore="2" minCrapScore="2" visitedClasses="0" numClasses="0" visitedMethods="0" numMethods="1" />
              <MetadataToken>100663591</MetadataToken>
              <Name>System.Void ExMat.States.ExFState::AddDefParam(System.Int32)</Name>
              <FileRef uid="24" />
              <SequencePoints>
                <SequencePoint vc="0" uspid="7701" ordinal="0" offset="0" sl="754" sc="9" el="754" ec="10" bec="0" bev="0" fileid="24" />
                <SequencePoint vc="0" uspid="7702" ordinal="1" offset="1" sl="755" sc="13" el="755" ec="38" bec="0" bev="0" fileid="24" />
                <SequencePoint vc="0" uspid="7703" ordinal="2" offset="14" sl="756" sc="9" el="756" ec="10" bec="0" bev="0" fileid="24" />
              </SequencePoints>
              <BranchPoints />
              <MethodPoint xsi:type="SequencePoint" vc="0" uspid="7701" ordinal="0" offset="0" sl="754" sc="9" el="754" ec="10" bec="0" bev="0" fileid="24" />
            </Method>
            <Method visited="false" cyclomaticComplexity="1" nPathComplexity="0" sequenceCoverage="0" branchCoverage="0" crapScore="2" isConstructor="false" isStatic="false" isGetter="false" isSetter="false">
              <Summary numSequencePoints="3" visitedSequencePoints="0" numBranchPoints="1" visitedBranchPoints="0" sequenceCoverage="0" branchCoverage="0" maxCyclomaticComplexity="1" minCyclomaticComplexity="1" maxCrapScore="2" minCrapScore="2" visitedClasses="0" numClasses="0" visitedMethods="0" numMethods="1" />
              <MetadataToken>100663592</MetadataToken>
              <Name>System.Int32 ExMat.States.ExFState::GetDefParamCount()</Name>
              <FileRef uid="24" />
              <SequencePoints>
                <SequencePoint vc="0" uspid="7704" ordinal="0" offset="0" sl="759" sc="9" el="759" ec="10" bec="0" bev="0" fileid="24" />
                <SequencePoint vc="0" uspid="7705" ordinal="1" offset="1" sl="760" sc="13" el="760" ec="44" bec="0" bev="0" fileid="24" />
                <SequencePoint vc="0" uspid="7706" ordinal="2" offset="15" sl="761" sc="9" el="761" ec="10" bec="0" bev="0" fileid="24" />
              </SequencePoints>
              <BranchPoints />
              <MethodPoint xsi:type="SequencePoint" vc="0" uspid="7704" ordinal="0" offset="0" sl="759" sc="9" el="759" ec="10" bec="0" bev="0" fileid="24" />
            </Method>
            <Method visited="false" cyclomaticComplexity="5" nPathComplexity="2" sequenceCoverage="0" branchCoverage="0" crapScore="30" isConstructor="false" isStatic="false" isGetter="false" isSetter="false">
              <Summary numSequencePoints="34" visitedSequencePoints="0" numBranchPoints="3" visitedBranchPoints="0" sequenceCoverage="0" branchCoverage="0" maxCyclomaticComplexity="5" minCyclomaticComplexity="5" maxCrapScore="30" minCrapScore="30" visitedClasses="0" numClasses="0" visitedMethods="0" numMethods="1" />
              <MetadataToken>100663593</MetadataToken>
              <Name>ExMat.FuncPrototype.ExPrototype ExMat.States.ExFState::CreatePrototype()</Name>
              <FileRef uid="24" />
              <SequencePoints>
                <SequencePoint vc="0" uspid="7707" ordinal="0" offset="0" sl="764" sc="9" el="764" ec="10" bec="0" bev="0" fileid="24" />
                <SequencePoint vc="0" uspid="7708" ordinal="1" offset="1" sl="765" sc="13" el="773" ec="75" bec="0" bev="0" fileid="24" />
                <SequencePoint vc="0" uspid="7709" ordinal="2" offset="96" sl="775" sc="13" el="775" ec="43" bec="0" bev="0" fileid="24" />
                <SequencePoint vc="0" uspid="7710" ordinal="3" offset="108" sl="776" sc="13" el="776" ec="37" bec="0" bev="0" fileid="24" />
                <SequencePoint vc="0" uspid="7711" ordinal="4" offset="120" sl="777" sc="13" el="777" ec="33" bec="0" bev="0" fileid="24" />
                <SequencePoint vc="0" uspid="7712" ordinal="5" offset="132" sl="779" sc="13" el="779" ec="20" bec="0" bev="0" fileid="24" />
                <SequencePoint vc="0" uspid="7713" ordinal="6" offset="133" sl="779" sc="61" el="779" ec="69" bec="0" bev="0" fileid="24" />
                <SequencePoint vc="0" uspid="7714" ordinal="7" offset="150" sl="779" sc="22" el="779" ec="57" bec="0" bev="0" fileid="24" />
                <SequencePoint vc="0" uspid="7715" ordinal="8" offset="158" sl="780" sc="13" el="780" ec="14" bec="0" bev="0" fileid="24" />
                <SequencePoint vc="0" uspid="7716" ordinal="9" offset="159" sl="781" sc="17" el="783" ec="51" bec="2" bev="0" fileid="24" />
                <SequencePoint vc="0" uspid="7717" ordinal="10" offset="229" sl="786" sc="17" el="786" ec="18" bec="0" bev="0" fileid="24" />
                <SequencePoint vc="0" uspid="7718" ordinal="11" offset="230" sl="787" sc="21" el="787" ec="61" bec="0" bev="0" fileid="24" />
                <SequencePoint vc="0" uspid="7719" ordinal="12" offset="252" sl="788" sc="17" el="788" ec="18" bec="0" bev="0" fileid="24" />
                <SequencePoint vc="0" uspid="7720" ordinal="13" offset="253" sl="785" sc="17" el="785" ec="54" bec="0" bev="0" fileid="24" />
                <SequencePoint vc="0" uspid="7721" ordinal="14" offset="276" sl="789" sc="17" el="789" ec="59" bec="0" bev="0" fileid="24" />
                <SequencePoint vc="0" uspid="7722" ordinal="15" offset="301" sl="790" sc="13" el="790" ec="14" bec="0" bev="0" fileid="24" />
                <SequencePoint vc="0" uspid="7723" ordinal="16" offset="302" sl="779" sc="58" el="779" ec="60" bec="0" bev="0" fileid="24" />
                <SequencePoint vc="0" uspid="7724" ordinal="17" offset="331" sl="792" sc="13" el="792" ec="65" bec="0" bev="0" fileid="24" />
                <SequencePoint vc="0" uspid="7725" ordinal="18" offset="350" sl="793" sc="13" el="793" ec="67" bec="0" bev="0" fileid="24" />
                <SequencePoint vc="0" uspid="7726" ordinal="19" offset="369" sl="794" sc="13" el="794" ec="63" bec="0" bev="0" fileid="24" />
                <SequencePoint vc="0" uspid="7727" ordinal="20" offset="388" sl="795" sc="13" el="795" ec="75" bec="0" bev="0" fileid="24" />
                <SequencePoint vc="0" uspid="7728" ordinal="21" offset="407" sl="796" sc="13" el="796" ec="65" bec="0" bev="0" fileid="24" />
                <SequencePoint vc="0" uspid="7729" ordinal="22" offset="426" sl="797" sc="13" el="797" ec="81" bec="0" bev="0" fileid="24" />
                <SequencePoint vc="0" uspid="7730" ordinal="23" offset="445" sl="798" sc="13" el="798" ec="65" bec="0" bev="0" fileid="24" />
                <SequencePoint vc="0" uspid="7731" ordinal="24" offset="464" sl="800" sc="13" el="800" ec="20" bec="0" bev="0" fileid="24" />
                <SequencePoint vc="0" uspid="7732" ordinal="25" offset="465" sl="800" sc="36" el="800" ec="48" bec="0" bev="0" fileid="24" />
                <SequencePoint vc="0" uspid="7733" ordinal="26" offset="480" sl="800" sc="22" el="800" ec="32" bec="0" bev="0" fileid="24" />
                <SequencePoint vc="0" uspid="7734" ordinal="27" offset="489" sl="801" sc="13" el="801" ec="14" bec="0" bev="0" fileid="24" />
                <SequencePoint vc="0" uspid="7735" ordinal="28" offset="490" sl="802" sc="17" el="802" ec="51" bec="0" bev="0" fileid="24" />
                <SequencePoint vc="0" uspid="7736" ordinal="29" offset="509" sl="803" sc="13" el="803" ec="14" bec="0" bev="0" fileid="24" />
                <SequencePoint vc="0" uspid="7737" ordinal="30" offset="510" sl="800" sc="33" el="800" ec="35" bec="0" bev="0" fileid="24" />
                <SequencePoint vc="0" uspid="7738" ordinal="31" offset="536" sl="805" sc="13" el="805" ec="41" bec="0" bev="0" fileid="24" />
                <SequencePoint vc="0" uspid="7739" ordinal="32" offset="548" sl="807" sc="13" el="807" ec="28" bec="0" bev="0" fileid="24" />
                <SequencePoint vc="0" uspid="7740" ordinal="33" offset="553" sl="808" sc="9" el="808" ec="10" bec="0" bev="0" fileid="24" />
              </SequencePoints>
              <BranchPoints>
                <BranchPoint vc="0" uspid="7741" ordinal="0" offset="176" sl="781" path="0" offsetend="178" fileid="24" />
                <BranchPoint vc="0" uspid="7742" ordinal="1" offset="176" sl="781" path="1" offsetend="198" fileid="24" />
              </BranchPoints>
              <MethodPoint xsi:type="SequencePoint" vc="0" uspid="7707" ordinal="0" offset="0" sl="764" sc="9" el="764" ec="10" bec="0" bev="0" fileid="24" />
            </Method>
            <Method visited="false" cyclomaticComplexity="1" nPathComplexity="0" sequenceCoverage="0" branchCoverage="0" crapScore="2" isConstructor="false" isStatic="false" isGetter="false" isSetter="false">
              <Summary numSequencePoints="3" visitedSequencePoints="0" numBranchPoints="1" visitedBranchPoints="0" sequenceCoverage="0" branchCoverage="0" maxCyclomaticComplexity="1" minCyclomaticComplexity="1" maxCrapScore="2" minCrapScore="2" visitedClasses="0" numClasses="0" visitedMethods="0" numMethods="1" />
              <MetadataToken>100663594</MetadataToken>
              <Name>ExMat.States.ExFState ExMat.States.ExFState::Copy()</Name>
              <FileRef uid="24" />
              <SequencePoints>
                <SequencePoint vc="0" uspid="7745" ordinal="0" offset="0" sl="811" sc="9" el="811" ec="10" bec="0" bev="0" fileid="24" />
                <SequencePoint vc="0" uspid="7746" ordinal="1" offset="1" sl="812" sc="13" el="836" ec="15" bec="0" bev="0" fileid="24" />
                <SequencePoint vc="0" uspid="7747" ordinal="2" offset="273" sl="837" sc="9" el="837" ec="10" bec="0" bev="0" fileid="24" />
              </SequencePoints>
              <BranchPoints />
              <MethodPoint xsi:type="SequencePoint" vc="0" uspid="7745" ordinal="0" offset="0" sl="811" sc="9" el="811" ec="10" bec="0" bev="0" fileid="24" />
            </Method>
            <Method visited="false" cyclomaticComplexity="1" nPathComplexity="0" sequenceCoverage="0" branchCoverage="0" crapScore="2" isConstructor="false" isStatic="false" isGetter="false" isSetter="false">
              <Summary numSequencePoints="4" visitedSequencePoints="0" numBranchPoints="1" visitedBranchPoints="0" sequenceCoverage="0" branchCoverage="0" maxCyclomaticComplexity="1" minCyclomaticComplexity="1" maxCrapScore="2" minCrapScore="2" visitedClasses="0" numClasses="0" visitedMethods="0" numMethods="1" />
              <MetadataToken>100663595</MetadataToken>
              <Name>System.Void ExMat.States.ExFState::Dispose()</Name>
              <FileRef uid="24" />
              <SequencePoints>
                <SequencePoint vc="0" uspid="7748" ordinal="0" offset="0" sl="840" sc="9" el="840" ec="10" bec="0" bev="0" fileid="24" />
                <SequencePoint vc="0" uspid="7749" ordinal="1" offset="1" sl="842" sc="13" el="842" ec="38" bec="0" bev="0" fileid="24" />
                <SequencePoint vc="0" uspid="7750" ordinal="2" offset="9" sl="843" sc="13" el="843" ec="39" bec="0" bev="0" fileid="24" />
                <SequencePoint vc="0" uspid="7751" ordinal="3" offset="16" sl="844" sc="9" el="844" ec="10" bec="0" bev="0" fileid="24" />
              </SequencePoints>
              <BranchPoints />
              <MethodPoint xsi:type="SequencePoint" vc="0" uspid="7748" ordinal="0" offset="0" sl="840" sc="9" el="840" ec="10" bec="0" bev="0" fileid="24" />
            </Method>
          </Methods>
        </Class>
        <Class>
          <Summary numSequencePoints="1" visitedSequencePoints="0" numBranchPoints="1" visitedBranchPoints="0" sequenceCoverage="0" branchCoverage="0" maxCyclomaticComplexity="1" minCyclomaticComplexity="1" maxCrapScore="2" minCrapScore="2" visitedClasses="0" numClasses="1" visitedMethods="0" numMethods="1" />
          <FullName>ExMat.States.ExFState/&lt;&gt;c</FullName>
          <Methods>
            <Method visited="false" cyclomaticComplexity="1" nPathComplexity="0" sequenceCoverage="0" branchCoverage="0" crapScore="2" isConstructor="true" isStatic="true" isGetter="false" isSetter="false">
              <Summary numSequencePoints="0" visitedSequencePoints="0" numBranchPoints="0" visitedBranchPoints="0" sequenceCoverage="0" branchCoverage="0" maxCyclomaticComplexity="1" minCyclomaticComplexity="1" maxCrapScore="2" minCrapScore="2" visitedClasses="0" numClasses="0" visitedMethods="0" numMethods="0" />
              <MetadataToken>100664130</MetadataToken>
              <Name>System.Void ExMat.States.ExFState/&lt;&gt;c::.cctor()</Name>
              <SequencePoints />
              <BranchPoints />
              <MethodPoint vc="0" uspid="7752" ordinal="0" offset="0" />
            </Method>
            <Method visited="false" cyclomaticComplexity="1" nPathComplexity="0" sequenceCoverage="0" branchCoverage="0" crapScore="2" isConstructor="true" isStatic="false" isGetter="false" isSetter="false">
              <Summary numSequencePoints="0" visitedSequencePoints="0" numBranchPoints="0" visitedBranchPoints="0" sequenceCoverage="0" branchCoverage="0" maxCyclomaticComplexity="1" minCyclomaticComplexity="1" maxCrapScore="2" minCrapScore="2" visitedClasses="0" numClasses="0" visitedMethods="0" numMethods="0" />
              <MetadataToken>100664131</MetadataToken>
              <Name>System.Void ExMat.States.ExFState/&lt;&gt;c::.ctor()</Name>
              <SequencePoints />
              <BranchPoints />
              <MethodPoint vc="0" uspid="7753" ordinal="0" offset="0" />
            </Method>
            <Method visited="false" cyclomaticComplexity="1" nPathComplexity="0" sequenceCoverage="0" branchCoverage="0" crapScore="2" isConstructor="false" isStatic="false" isGetter="false" isSetter="false">
              <Summary numSequencePoints="1" visitedSequencePoints="0" numBranchPoints="1" visitedBranchPoints="0" sequenceCoverage="0" branchCoverage="0" maxCyclomaticComplexity="1" minCyclomaticComplexity="1" maxCrapScore="2" minCrapScore="2" visitedClasses="0" numClasses="0" visitedMethods="0" numMethods="1" />
              <MetadataToken>100664132</MetadataToken>
              <Name>System.Boolean ExMat.States.ExFState/&lt;&gt;c::&lt;Dispose&gt;b__30_0(ExMat.OPs.ExInstr)</Name>
              <FileRef uid="24" />
              <SequencePoints>
                <SequencePoint vc="0" uspid="7754" ordinal="0" offset="0" sl="117" sc="59" el="117" ec="63" bec="0" bev="0" fileid="24" />
              </SequencePoints>
              <BranchPoints />
              <MethodPoint xsi:type="SequencePoint" vc="0" uspid="7754" ordinal="0" offset="0" sl="117" sc="59" el="117" ec="63" bec="0" bev="0" fileid="24" />
            </Method>
          </Methods>
        </Class>
        <Class>
          <Summary numSequencePoints="92" visitedSequencePoints="14" numBranchPoints="25" visitedBranchPoints="1" sequenceCoverage="15.22" branchCoverage="4" maxCyclomaticComplexity="5" minCyclomaticComplexity="1" maxCrapScore="30" minCrapScore="1" visitedClasses="1" numClasses="1" visitedMethods="1" numMethods="9" />
          <FullName>ExMat.States.ExSState</FullName>
          <Methods>
            <Method visited="false" cyclomaticComplexity="1" nPathComplexity="0" sequenceCoverage="0" branchCoverage="0" crapScore="2" isConstructor="false" isStatic="false" isGetter="false" isSetter="false">
              <Summary numSequencePoints="5" visitedSequencePoints="0" numBranchPoints="1" visitedBranchPoints="0" sequenceCoverage="0" branchCoverage="0" maxCyclomaticComplexity="1" minCyclomaticComplexity="1" maxCrapScore="2" minCrapScore="2" visitedClasses="0" numClasses="0" visitedMethods="0" numMethods="1" />
              <MetadataToken>100663596</MetadataToken>
              <Name>System.Void ExMat.States.ExSState::CreateMetaMethod(System.Int32)</Name>
              <FileRef uid="26" />
              <SequencePoints>
                <SequencePoint vc="0" uspid="7755" ordinal="0" offset="0" sl="109" sc="9" el="109" ec="10" bec="0" bev="0" fileid="26" />
                <SequencePoint vc="0" uspid="7756" ordinal="1" offset="1" sl="110" sc="13" el="110" ec="63" bec="0" bev="0" fileid="26" />
                <SequencePoint vc="0" uspid="7757" ordinal="2" offset="27" sl="112" sc="13" el="112" ec="41" bec="0" bev="0" fileid="26" />
                <SequencePoint vc="0" uspid="7758" ordinal="3" offset="45" sl="113" sc="13" el="113" ec="57" bec="0" bev="0" fileid="26" />
                <SequencePoint vc="0" uspid="7759" ordinal="4" offset="70" sl="114" sc="9" el="114" ec="10" bec="0" bev="0" fileid="26" />
              </SequencePoints>
              <BranchPoints />
              <MethodPoint xsi:type="SequencePoint" vc="0" uspid="7755" ordinal="0" offset="0" sl="109" sc="9" el="109" ec="10" bec="0" bev="0" fileid="26" />
            </Method>
            <Method visited="false" cyclomaticComplexity="2" nPathComplexity="0" sequenceCoverage="0" branchCoverage="0" crapScore="6" isConstructor="false" isStatic="false" isGetter="false" isSetter="false">
              <Summary numSequencePoints="19" visitedSequencePoints="0" numBranchPoints="1" visitedBranchPoints="0" sequenceCoverage="0" branchCoverage="0" maxCyclomaticComplexity="2" minCyclomaticComplexity="2" maxCrapScore="6" minCrapScore="6" visitedClasses="0" numClasses="0" visitedMethods="0" numMethods="1" />
              <MetadataToken>100663597</MetadataToken>
              <Name>System.Void ExMat.States.ExSState::Initialize()</Name>
              <FileRef uid="26" />
              <SequencePoints>
                <SequencePoint vc="0" uspid="7760" ordinal="0" offset="0" sl="120" sc="9" el="120" ec="10" bec="0" bev="0" fileid="26" />
                <SequencePoint vc="0" uspid="7761" ordinal="1" offset="1" sl="121" sc="13" el="121" ec="55" bec="0" bev="0" fileid="26" />
                <SequencePoint vc="0" uspid="7762" ordinal="2" offset="22" sl="123" sc="18" el="123" ec="27" bec="0" bev="0" fileid="26" />
                <SequencePoint vc="0" uspid="7763" ordinal="3" offset="26" sl="124" sc="13" el="124" ec="14" bec="0" bev="0" fileid="26" />
                <SequencePoint vc="0" uspid="7764" ordinal="4" offset="27" sl="125" sc="17" el="125" ec="37" bec="0" bev="0" fileid="26" />
                <SequencePoint vc="0" uspid="7765" ordinal="5" offset="35" sl="126" sc="13" el="126" ec="14" bec="0" bev="0" fileid="26" />
                <SequencePoint vc="0" uspid="7766" ordinal="6" offset="36" sl="123" sc="77" el="123" ec="80" bec="0" bev="0" fileid="26" />
                <SequencePoint vc="0" uspid="7767" ordinal="7" offset="40" sl="123" sc="29" el="123" ec="75" bec="0" bev="0" fileid="26" />
                <SequencePoint vc="0" uspid="7768" ordinal="8" offset="64" sl="128" sc="13" el="128" ec="77" bec="0" bev="0" fileid="26" />
                <SequencePoint vc="0" uspid="7769" ordinal="9" offset="70" sl="130" sc="13" el="130" ec="75" bec="0" bev="0" fileid="26" />
                <SequencePoint vc="0" uspid="7770" ordinal="10" offset="91" sl="131" sc="13" el="131" ec="76" bec="0" bev="0" fileid="26" />
                <SequencePoint vc="0" uspid="7771" ordinal="11" offset="112" sl="132" sc="13" el="132" ec="75" bec="0" bev="0" fileid="26" />
                <SequencePoint vc="0" uspid="7772" ordinal="12" offset="133" sl="133" sc="13" el="133" ec="77" bec="0" bev="0" fileid="26" />
                <SequencePoint vc="0" uspid="7773" ordinal="13" offset="154" sl="134" sc="13" el="134" ec="78" bec="0" bev="0" fileid="26" />
                <SequencePoint vc="0" uspid="7774" ordinal="14" offset="175" sl="135" sc="13" el="135" ec="77" bec="0" bev="0" fileid="26" />
                <SequencePoint vc="0" uspid="7775" ordinal="15" offset="196" sl="136" sc="13" el="136" ec="78" bec="0" bev="0" fileid="26" />
                <SequencePoint vc="0" uspid="7776" ordinal="16" offset="217" sl="137" sc="13" el="137" ec="79" bec="0" bev="0" fileid="26" />
                <SequencePoint vc="0" uspid="7777" ordinal="17" offset="238" sl="138" sc="13" el="138" ec="78" bec="0" bev="0" fileid="26" />
                <SequencePoint vc="0" uspid="7778" ordinal="18" offset="259" sl="139" sc="9" el="139" ec="10" bec="0" bev="0" fileid="26" />
              </SequencePoints>
              <BranchPoints />
              <MethodPoint xsi:type="SequencePoint" vc="0" uspid="7760" ordinal="0" offset="0" sl="120" sc="9" el="120" ec="10" bec="0" bev="0" fileid="26" />
            </Method>
            <Method visited="false" cyclomaticComplexity="1" nPathComplexity="0" sequenceCoverage="0" branchCoverage="0" crapScore="2" isConstructor="false" isStatic="true" isGetter="false" isSetter="false">
              <Summary numSequencePoints="3" visitedSequencePoints="0" numBranchPoints="1" visitedBranchPoints="0" sequenceCoverage="0" branchCoverage="0" maxCyclomaticComplexity="1" minCyclomaticComplexity="1" maxCrapScore="2" minCrapScore="2" visitedClasses="0" numClasses="0" visitedMethods="0" numMethods="1" />
              <MetadataToken>100663598</MetadataToken>
              <Name>ExMat.Objects.ExObject ExMat.States.ExSState::GetDelegateDictionary(ExMat.States.ExSState,System.Collections.Generic.List`1&lt;ExMat.Objects.ExNativeFunc&gt;,System.Char)</Name>
              <FileRef uid="26" />
              <SequencePoints>
                <SequencePoint vc="0" uspid="7779" ordinal="0" offset="13" sl="142" sc="9" el="142" ec="10" bec="0" bev="0" fileid="26" />
                <SequencePoint vc="0" uspid="7780" ordinal="1" offset="14" sl="143" sc="13" el="143" ec="90" bec="0" bev="0" fileid="26" />
                <SequencePoint vc="0" uspid="7781" ordinal="2" offset="46" sl="144" sc="9" el="144" ec="10" bec="0" bev="0" fileid="26" />
              </SequencePoints>
              <BranchPoints />
              <MethodPoint vc="0" uspid="7782" ordinal="0" offset="0" />
            </Method>
            <Method visited="false" cyclomaticComplexity="1" nPathComplexity="0" sequenceCoverage="0" branchCoverage="0" crapScore="2" isConstructor="false" isStatic="true" isGetter="false" isSetter="false">
              <Summary numSequencePoints="10" visitedSequencePoints="0" numBranchPoints="1" visitedBranchPoints="0" sequenceCoverage="0" branchCoverage="0" maxCyclomaticComplexity="1" minCyclomaticComplexity="1" maxCrapScore="2" minCrapScore="2" visitedClasses="0" numClasses="0" visitedMethods="0" numMethods="1" />
              <MetadataToken>100663599</MetadataToken>
              <Name>System.Void ExMat.States.ExSState::SetNativeClosureDelegateSettings(ExMat.Closure.ExNativeClosure,ExMat.Objects.ExNativeFunc)</Name>
              <FileRef uid="26" />
              <SequencePoints>
                <SequencePoint vc="0" uspid="7783" ordinal="0" offset="13" sl="147" sc="9" el="147" ec="10" bec="0" bev="0" fileid="26" />
                <SequencePoint vc="0" uspid="7784" ordinal="1" offset="14" sl="148" sc="13" el="148" ec="36" bec="0" bev="0" fileid="26" />
                <SequencePoint vc="0" uspid="7785" ordinal="2" offset="36" sl="149" sc="13" el="149" ec="57" bec="0" bev="0" fileid="26" />
                <SequencePoint vc="0" uspid="7786" ordinal="3" offset="53" sl="150" sc="13" el="150" ec="84" bec="0" bev="0" fileid="26" />
                <SequencePoint vc="0" uspid="7787" ordinal="4" offset="75" sl="151" sc="13" el="151" ec="43" bec="0" bev="0" fileid="26" />
                <SequencePoint vc="0" uspid="7788" ordinal="5" offset="82" sl="152" sc="13" el="152" ec="76" bec="0" bev="0" fileid="26" />
                <SequencePoint vc="0" uspid="7789" ordinal="6" offset="100" sl="153" sc="13" el="153" ec="41" bec="0" bev="0" fileid="26" />
                <SequencePoint vc="0" uspid="7790" ordinal="7" offset="117" sl="154" sc="13" el="154" ec="41" bec="0" bev="0" fileid="26" />
                <SequencePoint vc="0" uspid="7791" ordinal="8" offset="134" sl="155" sc="13" el="155" ec="116" bec="0" bev="0" fileid="26" />
                <SequencePoint vc="0" uspid="7792" ordinal="9" offset="184" sl="156" sc="9" el="156" ec="10" bec="0" bev="0" fileid="26" />
              </SequencePoints>
              <BranchPoints />
              <MethodPoint vc="0" uspid="7793" ordinal="0" offset="0" />
            </Method>
            <Method visited="false" cyclomaticComplexity="5" nPathComplexity="8" sequenceCoverage="0" branchCoverage="0" crapScore="30" isConstructor="false" isStatic="true" isGetter="false" isSetter="false">
              <Summary numSequencePoints="21" visitedSequencePoints="0" numBranchPoints="7" visitedBranchPoints="0" sequenceCoverage="0" branchCoverage="0" maxCyclomaticComplexity="5" minCyclomaticComplexity="5" maxCrapScore="30" minCrapScore="30" visitedClasses="0" numClasses="0" visitedMethods="0" numMethods="1" />
              <MetadataToken>100663600</MetadataToken>
              <Name>ExMat.Objects.ExObject ExMat.States.ExSState::CreateDefDel(ExMat.States.ExSState,System.Collections.Generic.List`1&lt;ExMat.Objects.ExNativeFunc&gt;)</Name>
              <FileRef uid="26" />
              <SequencePoints>
                <SequencePoint vc="0" uspid="7794" ordinal="0" offset="0" sl="159" sc="9" el="159" ec="10" bec="0" bev="0" fileid="26" />
                <SequencePoint vc="0" uspid="7795" ordinal="1" offset="1" sl="160" sc="13" el="160" ec="52" bec="0" bev="0" fileid="26" />
                <SequencePoint vc="0" uspid="7796" ordinal="2" offset="7" sl="161" sc="13" el="161" ec="20" bec="0" bev="0" fileid="26" />
                <SequencePoint vc="0" uspid="7797" ordinal="3" offset="8" sl="161" sc="43" el="161" ec="44" bec="0" bev="0" fileid="26" />
                <SequencePoint vc="0" uspid="7798" ordinal="4" offset="20" sl="161" sc="22" el="161" ec="39" bec="0" bev="0" fileid="26" />
                <SequencePoint vc="0" uspid="7799" ordinal="5" offset="28" sl="162" sc="13" el="162" ec="14" bec="0" bev="0" fileid="26" />
                <SequencePoint vc="0" uspid="7800" ordinal="6" offset="29" sl="163" sc="17" el="163" ec="48" bec="0" bev="0" fileid="26" />
                <SequencePoint vc="0" uspid="7801" ordinal="7" offset="36" sl="165" sc="17" el="165" ec="85" bec="0" bev="0" fileid="26" />
                <SequencePoint vc="0" uspid="7802" ordinal="8" offset="50" sl="167" sc="17" el="168" ec="82" bec="4" bev="0" fileid="26" />
                <SequencePoint vc="0" uspid="7803" ordinal="9" offset="92" sl="169" sc="17" el="169" ec="18" bec="0" bev="0" fileid="26" />
                <SequencePoint vc="0" uspid="7804" ordinal="10" offset="93" sl="170" sc="21" el="170" ec="34" bec="0" bev="0" fileid="26" />
                <SequencePoint vc="0" uspid="7805" ordinal="11" offset="102" sl="173" sc="17" el="173" ec="61" bec="0" bev="0" fileid="26" />
                <SequencePoint vc="0" uspid="7806" ordinal="12" offset="110" sl="175" sc="17" el="175" ec="57" bec="2" bev="0" fileid="26" />
                <SequencePoint vc="0" uspid="7807" ordinal="13" offset="136" sl="176" sc="17" el="176" ec="18" bec="0" bev="0" fileid="26" />
                <SequencePoint vc="0" uspid="7808" ordinal="14" offset="137" sl="177" sc="21" el="177" ec="64" bec="0" bev="0" fileid="26" />
                <SequencePoint vc="0" uspid="7809" ordinal="15" offset="166" sl="178" sc="17" el="178" ec="18" bec="0" bev="0" fileid="26" />
                <SequencePoint vc="0" uspid="7810" ordinal="16" offset="167" sl="180" sc="17" el="180" ec="44" bec="0" bev="0" fileid="26" />
                <SequencePoint vc="0" uspid="7811" ordinal="17" offset="186" sl="181" sc="13" el="181" ec="14" bec="0" bev="0" fileid="26" />
                <SequencePoint vc="0" uspid="7812" ordinal="18" offset="187" sl="161" sc="40" el="161" ec="42" bec="0" bev="0" fileid="26" />
                <SequencePoint vc="0" uspid="7813" ordinal="19" offset="216" sl="182" sc="13" el="182" ec="27" bec="0" bev="0" fileid="26" />
                <SequencePoint vc="0" uspid="7814" ordinal="20" offset="226" sl="183" sc="9" el="183" ec="10" bec="0" bev="0" fileid="26" />
              </SequencePoints>
              <BranchPoints>
                <BranchPoint vc="0" uspid="7815" ordinal="0" offset="61" sl="167" path="0" offsetend="63" fileid="26" />
                <BranchPoint vc="0" uspid="7816" ordinal="1" offset="61" sl="167" path="1" offsetend="85" fileid="26" />
                <BranchPoint vc="0" uspid="7817" ordinal="2" offset="90" sl="167" path="0" offsetend="92" fileid="26" />
                <BranchPoint vc="0" uspid="7818" ordinal="3" offset="90" sl="167" path="1" offsetend="102" fileid="26" />
                <BranchPoint vc="0" uspid="7819" ordinal="4" offset="134" sl="175" path="0" offsetend="136" fileid="26" />
                <BranchPoint vc="0" uspid="7820" ordinal="5" offset="134" sl="175" path="1" offsetend="167" fileid="26" />
              </BranchPoints>
              <MethodPoint xsi:type="SequencePoint" vc="0" uspid="7794" ordinal="0" offset="0" sl="159" sc="9" el="159" ec="10" bec="0" bev="0" fileid="26" />
            </Method>
            <Method visited="false" cyclomaticComplexity="5" nPathComplexity="8" sequenceCoverage="0" branchCoverage="0" crapScore="30" isConstructor="false" isStatic="false" isGetter="false" isSetter="false">
              <Summary numSequencePoints="3" visitedSequencePoints="0" numBranchPoints="7" visitedBranchPoints="0" sequenceCoverage="0" branchCoverage="0" maxCyclomaticComplexity="5" minCyclomaticComplexity="5" maxCrapScore="30" minCrapScore="30" visitedClasses="0" numClasses="0" visitedMethods="0" numMethods="1" />
              <MetadataToken>100663601</MetadataToken>
              <Name>System.Int32 ExMat.States.ExSState::GetMetaIdx(System.String)</Name>
              <FileRef uid="26" />
              <SequencePoints>
                <SequencePoint vc="0" uspid="7823" ordinal="0" offset="0" sl="191" sc="9" el="191" ec="10" bec="0" bev="0" fileid="26" />
                <SequencePoint vc="0" uspid="7824" ordinal="1" offset="1" sl="192" sc="13" el="192" ec="179" bec="4" bev="0" fileid="26" />
                <SequencePoint vc="0" uspid="7825" ordinal="2" offset="70" sl="193" sc="9" el="193" ec="10" bec="0" bev="0" fileid="26" />
              </SequencePoints>
              <BranchPoints>
                <BranchPoint vc="0" uspid="7826" ordinal="0" offset="7" sl="192" path="0" offsetend="9" fileid="26" />
                <BranchPoint vc="0" uspid="7827" ordinal="1" offset="7" sl="192" path="1" offsetend="41" fileid="26" />
                <BranchPoint vc="0" uspid="7828" ordinal="2" offset="20" sl="192" path="0" offsetend="22" fileid="26" />
                <BranchPoint vc="0" uspid="7829" ordinal="3" offset="20" sl="192" path="1" offsetend="41" fileid="26" />
                <BranchPoint vc="0" uspid="7830" ordinal="4" offset="39" sl="192" path="0" offsetend="41" fileid="26" />
                <BranchPoint vc="0" uspid="7831" ordinal="5" offset="39" sl="192" path="1" offsetend="44" fileid="26" />
              </BranchPoints>
              <MethodPoint xsi:type="SequencePoint" vc="0" uspid="7823" ordinal="0" offset="0" sl="191" sc="9" el="191" ec="10" bec="0" bev="0" fileid="26" />
            </Method>
            <Method visited="false" cyclomaticComplexity="3" nPathComplexity="4" sequenceCoverage="0" branchCoverage="0" crapScore="12" isConstructor="false" isStatic="false" isGetter="false" isSetter="false">
              <Summary numSequencePoints="13" visitedSequencePoints="0" numBranchPoints="5" visitedBranchPoints="0" sequenceCoverage="0" branchCoverage="0" maxCyclomaticComplexity="3" minCyclomaticComplexity="3" maxCrapScore="12" minCrapScore="12" visitedClasses="0" numClasses="0" visitedMethods="0" numMethods="1" />
              <MetadataToken>100663602</MetadataToken>
              <Name>System.Void ExMat.States.ExSState::Dispose(System.Boolean)</Name>
              <FileRef uid="26" />
              <SequencePoints>
                <SequencePoint vc="0" uspid="7832" ordinal="0" offset="0" sl="196" sc="9" el="196" ec="10" bec="0" bev="0" fileid="26" />
                <SequencePoint vc="0" uspid="7833" ordinal="1" offset="1" sl="197" sc="13" el="197" ec="32" bec="2" bev="0" fileid="26" />
                <SequencePoint vc="0" uspid="7834" ordinal="2" offset="17" sl="198" sc="13" el="198" ec="14" bec="0" bev="0" fileid="26" />
                <SequencePoint vc="0" uspid="7835" ordinal="3" offset="18" sl="199" sc="17" el="199" ec="31" bec="2" bev="0" fileid="26" />
                <SequencePoint vc="0" uspid="7836" ordinal="4" offset="26" sl="200" sc="17" el="200" ec="18" bec="0" bev="0" fileid="26" />
                <SequencePoint vc="0" uspid="7837" ordinal="5" offset="27" sl="201" sc="21" el="201" ec="33" bec="0" bev="0" fileid="26" />
                <SequencePoint vc="0" uspid="7838" ordinal="6" offset="34" sl="203" sc="21" el="213" ec="60" bec="0" bev="0" fileid="26" />
                <SequencePoint vc="0" uspid="7839" ordinal="7" offset="148" sl="215" sc="21" el="215" ec="57" bec="0" bev="0" fileid="26" />
                <SequencePoint vc="0" uspid="7840" ordinal="8" offset="160" sl="217" sc="21" el="217" ec="61" bec="0" bev="0" fileid="26" />
                <SequencePoint vc="0" uspid="7841" ordinal="9" offset="172" sl="218" sc="17" el="218" ec="18" bec="0" bev="0" fileid="26" />
                <SequencePoint vc="0" uspid="7842" ordinal="10" offset="173" sl="222" sc="17" el="222" ec="38" bec="0" bev="0" fileid="26" />
                <SequencePoint vc="0" uspid="7843" ordinal="11" offset="180" sl="223" sc="13" el="223" ec="14" bec="0" bev="0" fileid="26" />
                <SequencePoint vc="0" uspid="7844" ordinal="12" offset="181" sl="224" sc="9" el="224" ec="10" bec="0" bev="0" fileid="26" />
              </SequencePoints>
              <BranchPoints>
                <BranchPoint vc="0" uspid="7845" ordinal="0" offset="12" sl="197" path="0" offsetend="17" fileid="26" />
                <BranchPoint vc="0" uspid="7846" ordinal="1" offset="12" sl="197" path="1" offsetend="181" fileid="26" />
                <BranchPoint vc="0" uspid="7847" ordinal="2" offset="21" sl="199" path="0" offsetend="26" fileid="26" />
                <BranchPoint vc="0" uspid="7848" ordinal="3" offset="21" sl="199" path="1" offsetend="173" fileid="26" />
              </BranchPoints>
              <MethodPoint xsi:type="SequencePoint" vc="0" uspid="7832" ordinal="0" offset="0" sl="196" sc="9" el="196" ec="10" bec="0" bev="0" fileid="26" />
            </Method>
            <Method visited="false" cyclomaticComplexity="1" nPathComplexity="0" sequenceCoverage="0" branchCoverage="0" crapScore="2" isConstructor="false" isStatic="false" isGetter="false" isSetter="false">
              <Summary numSequencePoints="4" visitedSequencePoints="0" numBranchPoints="1" visitedBranchPoints="0" sequenceCoverage="0" branchCoverage="0" maxCyclomaticComplexity="1" minCyclomaticComplexity="1" maxCrapScore="2" minCrapScore="2" visitedClasses="0" numClasses="0" visitedMethods="0" numMethods="1" />
              <MetadataToken>100663603</MetadataToken>
              <Name>System.Void ExMat.States.ExSState::Dispose()</Name>
              <FileRef uid="26" />
              <SequencePoints>
                <SequencePoint vc="0" uspid="7849" ordinal="0" offset="0" sl="230" sc="9" el="230" ec="10" bec="0" bev="0" fileid="26" />
                <SequencePoint vc="0" uspid="7850" ordinal="1" offset="1" sl="232" sc="13" el="232" ec="38" bec="0" bev="0" fileid="26" />
                <SequencePoint vc="0" uspid="7851" ordinal="2" offset="9" sl="233" sc="13" el="233" ec="39" bec="0" bev="0" fileid="26" />
                <SequencePoint vc="0" uspid="7852" ordinal="3" offset="16" sl="234" sc="9" el="234" ec="10" bec="0" bev="0" fileid="26" />
              </SequencePoints>
              <BranchPoints />
              <MethodPoint xsi:type="SequencePoint" vc="0" uspid="7849" ordinal="0" offset="0" sl="230" sc="9" el="230" ec="10" bec="0" bev="0" fileid="26" />
            </Method>
            <Method visited="true" cyclomaticComplexity="1" nPathComplexity="0" sequenceCoverage="100" branchCoverage="100" crapScore="1" isConstructor="true" isStatic="false" isGetter="false" isSetter="false">
              <Summary numSequencePoints="14" visitedSequencePoints="14" numBranchPoints="1" visitedBranchPoints="1" sequenceCoverage="100" branchCoverage="100" maxCyclomaticComplexity="1" minCyclomaticComplexity="1" maxCrapScore="1" minCrapScore="1" visitedClasses="0" numClasses="0" visitedMethods="1" numMethods="1" />
              <MetadataToken>100663604</MetadataToken>
              <Name>System.Void ExMat.States.ExSState::.ctor()</Name>
              <FileRef uid="26" />
              <SequencePoints>
                <SequencePoint vc="2" uspid="7853" ordinal="0" offset="0" sl="26" sc="9" el="26" ec="51" bec="0" bev="0" fileid="26" />
                <SequencePoint vc="2" uspid="7854" ordinal="1" offset="11" sl="32" sc="9" el="32" ec="82" bec="0" bev="0" fileid="26" />
                <SequencePoint vc="2" uspid="7855" ordinal="2" offset="27" sl="38" sc="9" el="38" ec="68" bec="0" bev="0" fileid="26" />
                <SequencePoint vc="2" uspid="7856" ordinal="3" offset="43" sl="44" sc="9" el="44" ec="61" bec="0" bev="0" fileid="26" />
                <SequencePoint vc="2" uspid="7857" ordinal="4" offset="54" sl="50" sc="9" el="50" ec="60" bec="0" bev="0" fileid="26" />
                <SequencePoint vc="2" uspid="7858" ordinal="5" offset="65" sl="56" sc="9" el="56" ec="81" bec="0" bev="0" fileid="26" />
                <SequencePoint vc="2" uspid="7859" ordinal="6" offset="81" sl="62" sc="9" el="62" ec="80" bec="0" bev="0" fileid="26" />
                <SequencePoint vc="2" uspid="7860" ordinal="7" offset="97" sl="68" sc="9" el="68" ec="80" bec="0" bev="0" fileid="26" />
                <SequencePoint vc="2" uspid="7861" ordinal="8" offset="113" sl="74" sc="9" el="74" ec="83" bec="0" bev="0" fileid="26" />
                <SequencePoint vc="2" uspid="7862" ordinal="9" offset="129" sl="80" sc="9" el="80" ec="82" bec="0" bev="0" fileid="26" />
                <SequencePoint vc="2" uspid="7863" ordinal="10" offset="145" sl="86" sc="9" el="86" ec="82" bec="0" bev="0" fileid="26" />
                <SequencePoint vc="2" uspid="7864" ordinal="11" offset="161" sl="92" sc="9" el="92" ec="83" bec="0" bev="0" fileid="26" />
                <SequencePoint vc="2" uspid="7865" ordinal="12" offset="177" sl="98" sc="9" el="98" ec="84" bec="0" bev="0" fileid="26" />
                <SequencePoint vc="2" uspid="7866" ordinal="13" offset="193" sl="104" sc="9" el="104" ec="83" bec="0" bev="0" fileid="26" />
              </SequencePoints>
              <BranchPoints />
              <MethodPoint xsi:type="SequencePoint" vc="2" uspid="7853" ordinal="0" offset="0" sl="26" sc="9" el="26" ec="51" bec="0" bev="0" fileid="26" />
            </Method>
          </Methods>
        </Class>
        <Class>
          <Summary numSequencePoints="1" visitedSequencePoints="0" numBranchPoints="1" visitedBranchPoints="0" sequenceCoverage="0" branchCoverage="0" maxCyclomaticComplexity="1" minCyclomaticComplexity="1" maxCrapScore="2" minCrapScore="2" visitedClasses="0" numClasses="1" visitedMethods="0" numMethods="1" />
          <FullName>ExMat.States.ExSState/&lt;&gt;c__DisplayClass18_0</FullName>
          <Methods>
            <Method visited="false" cyclomaticComplexity="1" nPathComplexity="0" sequenceCoverage="0" branchCoverage="0" crapScore="2" isConstructor="true" isStatic="false" isGetter="false" isSetter="false">
              <Summary numSequencePoints="0" visitedSequencePoints="0" numBranchPoints="0" visitedBranchPoints="0" sequenceCoverage="0" branchCoverage="0" maxCyclomaticComplexity="1" minCyclomaticComplexity="1" maxCrapScore="2" minCrapScore="2" visitedClasses="0" numClasses="0" visitedMethods="0" numMethods="0" />
              <MetadataToken>100664133</MetadataToken>
              <Name>System.Void ExMat.States.ExSState/&lt;&gt;c__DisplayClass18_0::.ctor()</Name>
              <SequencePoints />
              <BranchPoints />
              <MethodPoint vc="0" uspid="7867" ordinal="0" offset="0" />
            </Method>
            <Method visited="false" cyclomaticComplexity="1" nPathComplexity="0" sequenceCoverage="0" branchCoverage="0" crapScore="2" isConstructor="false" isStatic="false" isGetter="false" isSetter="false">
              <Summary numSequencePoints="1" visitedSequencePoints="0" numBranchPoints="1" visitedBranchPoints="0" sequenceCoverage="0" branchCoverage="0" maxCyclomaticComplexity="1" minCyclomaticComplexity="1" maxCrapScore="2" minCrapScore="2" visitedClasses="0" numClasses="0" visitedMethods="0" numMethods="1" />
              <MetadataToken>100664134</MetadataToken>
              <Name>System.Boolean ExMat.States.ExSState/&lt;&gt;c__DisplayClass18_0::&lt;GetDelegateDictionary&gt;b__0(ExMat.Objects.ExNativeFunc)</Name>
              <FileRef uid="26" />
              <SequencePoints>
                <SequencePoint vc="0" uspid="7868" ordinal="0" offset="0" sl="143" sc="60" el="143" ec="86" bec="0" bev="0" fileid="26" />
              </SequencePoints>
              <BranchPoints />
              <MethodPoint xsi:type="SequencePoint" vc="0" uspid="7868" ordinal="0" offset="0" sl="143" sc="60" el="143" ec="86" bec="0" bev="0" fileid="26" />
            </Method>
          </Methods>
        </Class>
        <Class>
          <Summary numSequencePoints="1" visitedSequencePoints="0" numBranchPoints="1" visitedBranchPoints="0" sequenceCoverage="0" branchCoverage="0" maxCyclomaticComplexity="1" minCyclomaticComplexity="1" maxCrapScore="2" minCrapScore="2" visitedClasses="0" numClasses="1" visitedMethods="0" numMethods="1" />
          <FullName>ExMat.States.ExSState/&lt;&gt;c__DisplayClass19_0</FullName>
          <Methods>
            <Method visited="false" cyclomaticComplexity="1" nPathComplexity="0" sequenceCoverage="0" branchCoverage="0" crapScore="2" isConstructor="true" isStatic="false" isGetter="false" isSetter="false">
              <Summary numSequencePoints="0" visitedSequencePoints="0" numBranchPoints="0" visitedBranchPoints="0" sequenceCoverage="0" branchCoverage="0" maxCyclomaticComplexity="1" minCyclomaticComplexity="1" maxCrapScore="2" minCrapScore="2" visitedClasses="0" numClasses="0" visitedMethods="0" numMethods="0" />
              <MetadataToken>100664135</MetadataToken>
              <Name>System.Void ExMat.States.ExSState/&lt;&gt;c__DisplayClass19_0::.ctor()</Name>
              <SequencePoints />
              <BranchPoints />
              <MethodPoint vc="0" uspid="7869" ordinal="0" offset="0" />
            </Method>
            <Method visited="false" cyclomaticComplexity="1" nPathComplexity="0" sequenceCoverage="0" branchCoverage="0" crapScore="2" isConstructor="false" isStatic="false" isGetter="false" isSetter="false">
              <Summary numSequencePoints="1" visitedSequencePoints="0" numBranchPoints="1" visitedBranchPoints="0" sequenceCoverage="0" branchCoverage="0" maxCyclomaticComplexity="1" minCyclomaticComplexity="1" maxCrapScore="2" minCrapScore="2" visitedClasses="0" numClasses="0" visitedMethods="0" numMethods="1" />
              <MetadataToken>100664136</MetadataToken>
              <Name>System.Boolean ExMat.States.ExSState/&lt;&gt;c__DisplayClass19_0::&lt;SetNativeClosureDelegateSettings&gt;b__0(System.Collections.Generic.KeyValuePair`2&lt;System.Int32,System.Char&gt;)</Name>
              <FileRef uid="26" />
              <SequencePoints>
                <SequencePoint vc="0" uspid="7870" ordinal="0" offset="0" sl="155" sc="73" el="155" ec="98" bec="0" bev="0" fileid="26" />
              </SequencePoints>
              <BranchPoints />
              <MethodPoint xsi:type="SequencePoint" vc="0" uspid="7870" ordinal="0" offset="0" sl="155" sc="73" el="155" ec="98" bec="0" bev="0" fileid="26" />
            </Method>
          </Methods>
        </Class>
        <Class>
          <Summary numSequencePoints="46" visitedSequencePoints="35" numBranchPoints="12" visitedBranchPoints="10" sequenceCoverage="76.09" branchCoverage="83.33" maxCyclomaticComplexity="3" minCyclomaticComplexity="2" maxCrapScore="5.10" minCrapScore="2" visitedClasses="1" numClasses="1" visitedMethods="4" numMethods="4" />
          <FullName>ExMat.Objects.ExDisposer</FullName>
          <Methods>
            <Method visited="true" cyclomaticComplexity="3" nPathComplexity="2" sequenceCoverage="100" branchCoverage="100" crapScore="3" isConstructor="false" isStatic="true" isGetter="false" isSetter="false">
              <Summary numSequencePoints="14" visitedSequencePoints="14" numBranchPoints="3" visitedBranchPoints="3" sequenceCoverage="100" branchCoverage="100" maxCyclomaticComplexity="3" minCyclomaticComplexity="3" maxCrapScore="3" minCrapScore="3" visitedClasses="0" numClasses="0" visitedMethods="1" numMethods="1" />
              <MetadataToken>100663605</MetadataToken>
              <Name>System.Void ExMat.Objects.ExDisposer::DisposeList(System.Collections.Generic.List`1&lt;T&gt;&amp;)</Name>
              <FileRef uid="29" />
              <SequencePoints>
                <SequencePoint vc="6" uspid="7871" ordinal="0" offset="0" sl="17" sc="9" el="17" ec="10" bec="0" bev="0" fileid="29" />
                <SequencePoint vc="6" uspid="7872" ordinal="1" offset="1" sl="18" sc="13" el="18" ec="29" bec="2" bev="2" fileid="29" />
                <SequencePoint vc="5" uspid="7873" ordinal="2" offset="10" sl="19" sc="13" el="19" ec="14" bec="0" bev="0" fileid="29" />
                <SequencePoint vc="5" uspid="7874" ordinal="3" offset="11" sl="20" sc="17" el="20" ec="24" bec="0" bev="0" fileid="29" />
                <SequencePoint vc="1" uspid="7875" ordinal="4" offset="13" sl="22" sc="13" el="22" ec="20" bec="0" bev="0" fileid="29" />
                <SequencePoint vc="1" uspid="7876" ordinal="5" offset="14" sl="22" sc="29" el="22" ec="32" bec="0" bev="0" fileid="29" />
                <SequencePoint vc="10" uspid="7877" ordinal="6" offset="24" sl="22" sc="22" el="22" ec="25" bec="0" bev="0" fileid="29" />
                <SequencePoint vc="10" uspid="7878" ordinal="7" offset="32" sl="23" sc="13" el="23" ec="14" bec="0" bev="0" fileid="29" />
                <SequencePoint vc="10" uspid="7879" ordinal="8" offset="33" sl="24" sc="17" el="24" ec="29" bec="0" bev="0" fileid="29" />
                <SequencePoint vc="10" uspid="7880" ordinal="9" offset="47" sl="25" sc="13" el="25" ec="14" bec="0" bev="0" fileid="29" />
                <SequencePoint vc="11" uspid="7881" ordinal="10" offset="48" sl="22" sc="26" el="22" ec="28" bec="0" bev="0" fileid="29" />
                <SequencePoint vc="1" uspid="7882" ordinal="11" offset="74" sl="26" sc="13" el="26" ec="43" bec="0" bev="0" fileid="29" />
                <SequencePoint vc="1" uspid="7883" ordinal="12" offset="90" sl="27" sc="13" el="27" ec="24" bec="0" bev="0" fileid="29" />
                <SequencePoint vc="6" uspid="7884" ordinal="13" offset="93" sl="28" sc="9" el="28" ec="10" bec="0" bev="0" fileid="29" />
              </SequencePoints>
              <BranchPoints>
                <BranchPoint vc="5" uspid="7885" ordinal="0" offset="8" sl="18" path="0" offsetend="10" fileid="29" />
                <BranchPoint vc="1" uspid="7886" ordinal="1" offset="8" sl="18" path="1" offsetend="13" fileid="29" />
              </BranchPoints>
              <MethodPoint xsi:type="SequencePoint" vc="6" uspid="7871" ordinal="0" offset="0" sl="17" sc="9" el="17" ec="10" bec="0" bev="0" fileid="29" />
            </Method>
            <Method visited="true" cyclomaticComplexity="3" nPathComplexity="2" sequenceCoverage="38.46" branchCoverage="66.67" crapScore="5.10" isConstructor="false" isStatic="true" isGetter="false" isSetter="false">
              <Summary numSequencePoints="13" visitedSequencePoints="5" numBranchPoints="3" visitedBranchPoints="2" sequenceCoverage="38.46" branchCoverage="66.67" maxCyclomaticComplexity="3" minCyclomaticComplexity="3" maxCrapScore="5.10" minCrapScore="5.10" visitedClasses="0" numClasses="0" visitedMethods="1" numMethods="1" />
              <MetadataToken>100663606</MetadataToken>
              <Name>System.Void ExMat.Objects.ExDisposer::DisposeDict(System.Collections.Generic.Dictionary`2&lt;TKey,TValue&gt;&amp;)</Name>
              <FileRef uid="29" />
              <SequencePoints>
                <SequencePoint vc="2" uspid="7887" ordinal="0" offset="0" sl="37" sc="9" el="37" ec="10" bec="0" bev="0" fileid="29" />
                <SequencePoint vc="2" uspid="7888" ordinal="1" offset="1" sl="38" sc="13" el="38" ec="30" bec="2" bev="1" fileid="29" />
                <SequencePoint vc="2" uspid="7889" ordinal="2" offset="10" sl="39" sc="13" el="39" ec="14" bec="0" bev="0" fileid="29" />
                <SequencePoint vc="2" uspid="7890" ordinal="3" offset="11" sl="40" sc="17" el="40" ec="24" bec="0" bev="0" fileid="29" />
                <SequencePoint vc="0" uspid="7891" ordinal="4" offset="13" sl="43" sc="13" el="43" ec="20" bec="0" bev="0" fileid="29" />
                <SequencePoint vc="0" uspid="7892" ordinal="5" offset="14" sl="43" sc="57" el="43" ec="61" bec="0" bev="0" fileid="29" />
                <SequencePoint vc="0" uspid="7893" ordinal="6" offset="24" sl="43" sc="22" el="43" ec="53" bec="0" bev="0" fileid="29" />
                <SequencePoint vc="0" uspid="7894" ordinal="7" offset="32" sl="44" sc="13" el="44" ec="14" bec="0" bev="0" fileid="29" />
                <SequencePoint vc="0" uspid="7895" ordinal="8" offset="33" sl="45" sc="17" el="45" ec="38" bec="0" bev="0" fileid="29" />
                <SequencePoint vc="0" uspid="7896" ordinal="9" offset="55" sl="46" sc="13" el="46" ec="14" bec="0" bev="0" fileid="29" />
                <SequencePoint vc="0" uspid="7897" ordinal="10" offset="56" sl="43" sc="54" el="43" ec="56" bec="0" bev="0" fileid="29" />
                <SequencePoint vc="0" uspid="7898" ordinal="11" offset="82" sl="47" sc="13" el="47" ec="25" bec="0" bev="0" fileid="29" />
                <SequencePoint vc="2" uspid="7899" ordinal="12" offset="85" sl="48" sc="9" el="48" ec="10" bec="0" bev="0" fileid="29" />
              </SequencePoints>
              <BranchPoints>
                <BranchPoint vc="2" uspid="7900" ordinal="0" offset="8" sl="38" path="0" offsetend="10" fileid="29" />
                <BranchPoint vc="0" uspid="7901" ordinal="1" offset="8" sl="38" path="1" offsetend="13" fileid="29" />
              </BranchPoints>
              <MethodPoint xsi:type="SequencePoint" vc="2" uspid="7887" ordinal="0" offset="0" sl="37" sc="9" el="37" ec="10" bec="0" bev="0" fileid="29" />
            </Method>
            <Method visited="true" cyclomaticComplexity="3" nPathComplexity="2" sequenceCoverage="75" branchCoverage="66.67" crapScore="3.14" isConstructor="false" isStatic="true" isGetter="false" isSetter="false">
              <Summary numSequencePoints="12" visitedSequencePoints="9" numBranchPoints="3" visitedBranchPoints="2" sequenceCoverage="75" branchCoverage="66.67" maxCyclomaticComplexity="3" minCyclomaticComplexity="3" maxCrapScore="3.14" minCrapScore="3.14" visitedClasses="0" numClasses="0" visitedMethods="1" numMethods="1" />
              <MetadataToken>100663607</MetadataToken>
              <Name>System.Void ExMat.Objects.ExDisposer::DisposeObjects(T[])</Name>
              <FileRef uid="29" />
              <SequencePoints>
                <SequencePoint vc="2" uspid="7902" ordinal="0" offset="0" sl="56" sc="9" el="56" ec="10" bec="0" bev="0" fileid="29" />
                <SequencePoint vc="2" uspid="7903" ordinal="1" offset="1" sl="57" sc="13" el="57" ec="20" bec="0" bev="0" fileid="29" />
                <SequencePoint vc="2" uspid="7904" ordinal="2" offset="2" sl="57" sc="29" el="57" ec="31" bec="0" bev="0" fileid="29" />
                <SequencePoint vc="2" uspid="7905" ordinal="3" offset="8" sl="57" sc="22" el="57" ec="25" bec="0" bev="0" fileid="29" />
                <SequencePoint vc="2" uspid="7906" ordinal="4" offset="16" sl="58" sc="13" el="58" ec="14" bec="0" bev="0" fileid="29" />
                <SequencePoint vc="2" uspid="7907" ordinal="5" offset="17" sl="59" sc="17" el="59" ec="31" bec="2" bev="1" fileid="29" />
                <SequencePoint vc="0" uspid="7908" ordinal="6" offset="30" sl="60" sc="17" el="60" ec="18" bec="0" bev="0" fileid="29" />
                <SequencePoint vc="0" uspid="7909" ordinal="7" offset="31" sl="61" sc="21" el="61" ec="33" bec="0" bev="0" fileid="29" />
                <SequencePoint vc="0" uspid="7910" ordinal="8" offset="45" sl="62" sc="17" el="62" ec="18" bec="0" bev="0" fileid="29" />
                <SequencePoint vc="2" uspid="7911" ordinal="9" offset="46" sl="63" sc="13" el="63" ec="14" bec="0" bev="0" fileid="29" />
                <SequencePoint vc="4" uspid="7912" ordinal="10" offset="51" sl="57" sc="26" el="57" ec="28" bec="0" bev="0" fileid="29" />
                <SequencePoint vc="2" uspid="7913" ordinal="11" offset="57" sl="64" sc="9" el="64" ec="10" bec="0" bev="0" fileid="29" />
              </SequencePoints>
              <BranchPoints>
                <BranchPoint vc="0" uspid="7914" ordinal="0" offset="28" sl="59" path="0" offsetend="30" fileid="29" />
                <BranchPoint vc="2" uspid="7915" ordinal="1" offset="28" sl="59" path="1" offsetend="46" fileid="29" />
              </BranchPoints>
              <MethodPoint xsi:type="SequencePoint" vc="2" uspid="7902" ordinal="0" offset="0" sl="56" sc="9" el="56" ec="10" bec="0" bev="0" fileid="29" />
            </Method>
            <Method visited="true" cyclomaticComplexity="2" nPathComplexity="2" sequenceCoverage="100" branchCoverage="100" crapScore="2" isConstructor="false" isStatic="true" isGetter="false" isSetter="false">
              <Summary numSequencePoints="7" visitedSequencePoints="7" numBranchPoints="3" visitedBranchPoints="3" sequenceCoverage="100" branchCoverage="100" maxCyclomaticComplexity="2" minCyclomaticComplexity="2" maxCrapScore="2" minCrapScore="2" visitedClasses="0" numClasses="0" visitedMethods="1" numMethods="1" />
              <MetadataToken>100663608</MetadataToken>
              <Name>System.Void ExMat.Objects.ExDisposer::DisposeObject(T&amp;)</Name>
              <FileRef uid="29" />
              <SequencePoints>
                <SequencePoint vc="18" uspid="7918" ordinal="0" offset="0" sl="72" sc="9" el="72" ec="10" bec="0" bev="0" fileid="29" />
                <SequencePoint vc="18" uspid="7919" ordinal="1" offset="1" sl="73" sc="13" el="73" ec="27" bec="2" bev="2" fileid="29" />
                <SequencePoint vc="3" uspid="7920" ordinal="2" offset="19" sl="74" sc="13" el="74" ec="14" bec="0" bev="0" fileid="29" />
                <SequencePoint vc="3" uspid="7921" ordinal="3" offset="20" sl="75" sc="17" el="75" ec="29" bec="0" bev="0" fileid="29" />
                <SequencePoint vc="3" uspid="7922" ordinal="4" offset="33" sl="76" sc="17" el="76" ec="29" bec="0" bev="0" fileid="29" />
                <SequencePoint vc="3" uspid="7923" ordinal="5" offset="40" sl="77" sc="13" el="77" ec="14" bec="0" bev="0" fileid="29" />
                <SequencePoint vc="18" uspid="7924" ordinal="6" offset="41" sl="78" sc="9" el="78" ec="10" bec="0" bev="0" fileid="29" />
              </SequencePoints>
              <BranchPoints>
                <BranchPoint vc="3" uspid="7925" ordinal="0" offset="17" sl="73" path="0" offsetend="19" fileid="29" />
                <BranchPoint vc="15" uspid="7926" ordinal="1" offset="17" sl="73" path="1" offsetend="41" fileid="29" />
              </BranchPoints>
              <MethodPoint xsi:type="SequencePoint" vc="18" uspid="7918" ordinal="0" offset="0" sl="72" sc="9" el="72" ec="10" bec="0" bev="0" fileid="29" />
            </Method>
          </Methods>
        </Class>
        <Class>
          <Summary numSequencePoints="48" visitedSequencePoints="17" numBranchPoints="5" visitedBranchPoints="2" sequenceCoverage="35.42" branchCoverage="40" maxCyclomaticComplexity="2" minCyclomaticComplexity="1" maxCrapScore="6" minCrapScore="1" visitedClasses="1" numClasses="1" visitedMethods="2" numMethods="5" />
          <FullName>ExMat.Objects.ExList</FullName>
          <Methods>
            <Method visited="false" cyclomaticComplexity="1" nPathComplexity="0" sequenceCoverage="0" branchCoverage="0" crapScore="2" isConstructor="true" isStatic="false" isGetter="false" isSetter="false">
              <Summary numSequencePoints="3" visitedSequencePoints="0" numBranchPoints="1" visitedBranchPoints="0" sequenceCoverage="0" branchCoverage="0" maxCyclomaticComplexity="1" minCyclomaticComplexity="1" maxCrapScore="2" minCrapScore="2" visitedClasses="0" numClasses="0" visitedMethods="0" numMethods="1" />
              <MetadataToken>100663609</MetadataToken>
              <Name>System.Void ExMat.Objects.ExList::.ctor()</Name>
              <FileRef uid="30" />
              <SequencePoints>
                <SequencePoint vc="0" uspid="7927" ordinal="0" offset="0" sl="13" sc="27" el="13" ec="53" bec="0" bev="0" fileid="30" />
                <SequencePoint vc="0" uspid="7928" ordinal="1" offset="12" sl="14" sc="9" el="14" ec="10" bec="0" bev="0" fileid="30" />
                <SequencePoint vc="0" uspid="7929" ordinal="2" offset="13" sl="16" sc="9" el="16" ec="10" bec="0" bev="0" fileid="30" />
              </SequencePoints>
              <BranchPoints />
              <MethodPoint xsi:type="SequencePoint" vc="0" uspid="7927" ordinal="0" offset="0" sl="13" sc="27" el="13" ec="53" bec="0" bev="0" fileid="30" />
            </Method>
            <Method visited="true" cyclomaticComplexity="1" nPathComplexity="0" sequenceCoverage="100" branchCoverage="100" crapScore="1" isConstructor="true" isStatic="false" isGetter="false" isSetter="false">
              <Summary numSequencePoints="3" visitedSequencePoints="3" numBranchPoints="1" visitedBranchPoints="1" sequenceCoverage="100" branchCoverage="100" maxCyclomaticComplexity="1" minCyclomaticComplexity="1" maxCrapScore="1" minCrapScore="1" visitedClasses="0" numClasses="0" visitedMethods="1" numMethods="1" />
              <MetadataToken>100663610</MetadataToken>
              <Name>System.Void ExMat.Objects.ExList::.ctor(System.Collections.Generic.List`1&lt;ExMat.Objects.ExObject&gt;)</Name>
              <FileRef uid="30" />
              <SequencePoints>
                <SequencePoint vc="1" uspid="7930" ordinal="0" offset="0" sl="22" sc="43" el="22" ec="50" bec="0" bev="0" fileid="30" />
                <SequencePoint vc="1" uspid="7931" ordinal="1" offset="8" sl="23" sc="9" el="23" ec="10" bec="0" bev="0" fileid="30" />
                <SequencePoint vc="1" uspid="7932" ordinal="2" offset="9" sl="25" sc="9" el="25" ec="10" bec="0" bev="0" fileid="30" />
              </SequencePoints>
              <BranchPoints />
              <MethodPoint xsi:type="SequencePoint" vc="1" uspid="7930" ordinal="0" offset="0" sl="22" sc="43" el="22" ec="50" bec="0" bev="0" fileid="30" />
            </Method>
            <Method visited="true" cyclomaticComplexity="2" nPathComplexity="0" sequenceCoverage="100" branchCoverage="100" crapScore="2" isConstructor="true" isStatic="false" isGetter="false" isSetter="false">
              <Summary numSequencePoints="14" visitedSequencePoints="14" numBranchPoints="1" visitedBranchPoints="1" sequenceCoverage="100" branchCoverage="100" maxCyclomaticComplexity="2" minCyclomaticComplexity="2" maxCrapScore="2" minCrapScore="2" visitedClasses="0" numClasses="0" visitedMethods="1" numMethods="1" />
              <MetadataToken>100663611</MetadataToken>
              <Name>System.Void ExMat.Objects.ExList::.ctor(System.Char[])</Name>
              <FileRef uid="30" />
              <SequencePoints>
                <SequencePoint vc="2" uspid="7933" ordinal="0" offset="0" sl="31" sc="9" el="31" ec="32" bec="0" bev="0" fileid="30" />
                <SequencePoint vc="2" uspid="7934" ordinal="1" offset="7" sl="32" sc="9" el="32" ec="10" bec="0" bev="0" fileid="30" />
                <SequencePoint vc="2" uspid="7935" ordinal="2" offset="8" sl="33" sc="13" el="33" ec="36" bec="0" bev="0" fileid="30" />
                <SequencePoint vc="2" uspid="7936" ordinal="3" offset="19" sl="35" sc="13" el="35" ec="48" bec="0" bev="0" fileid="30" />
                <SequencePoint vc="2" uspid="7937" ordinal="4" offset="38" sl="37" sc="13" el="37" ec="39" bec="0" bev="0" fileid="30" />
                <SequencePoint vc="2" uspid="7938" ordinal="5" offset="54" sl="39" sc="13" el="39" ec="20" bec="0" bev="0" fileid="30" />
                <SequencePoint vc="2" uspid="7939" ordinal="6" offset="55" sl="39" sc="32" el="39" ec="33" bec="0" bev="0" fileid="30" />
                <SequencePoint vc="20" uspid="7940" ordinal="7" offset="61" sl="39" sc="22" el="39" ec="28" bec="0" bev="0" fileid="30" />
                <SequencePoint vc="20" uspid="7941" ordinal="8" offset="65" sl="40" sc="13" el="40" ec="14" bec="0" bev="0" fileid="30" />
                <SequencePoint vc="20" uspid="7942" ordinal="9" offset="66" sl="41" sc="17" el="41" ec="59" bec="0" bev="0" fileid="30" />
                <SequencePoint vc="20" uspid="7943" ordinal="10" offset="95" sl="42" sc="13" el="42" ec="14" bec="0" bev="0" fileid="30" />
                <SequencePoint vc="22" uspid="7944" ordinal="11" offset="100" sl="39" sc="29" el="39" ec="31" bec="0" bev="0" fileid="30" />
                <SequencePoint vc="2" uspid="7945" ordinal="12" offset="106" sl="44" sc="13" el="44" ec="51" bec="0" bev="0" fileid="30" />
                <SequencePoint vc="2" uspid="7946" ordinal="13" offset="125" sl="45" sc="9" el="45" ec="10" bec="0" bev="0" fileid="30" />
              </SequencePoints>
              <BranchPoints />
              <MethodPoint xsi:type="SequencePoint" vc="2" uspid="7933" ordinal="0" offset="0" sl="31" sc="9" el="31" ec="32" bec="0" bev="0" fileid="30" />
            </Method>
            <Method visited="false" cyclomaticComplexity="2" nPathComplexity="0" sequenceCoverage="0" branchCoverage="0" crapScore="6" isConstructor="true" isStatic="false" isGetter="false" isSetter="false">
              <Summary numSequencePoints="14" visitedSequencePoints="0" numBranchPoints="1" visitedBranchPoints="0" sequenceCoverage="0" branchCoverage="0" maxCyclomaticComplexity="2" minCyclomaticComplexity="2" maxCrapScore="6" minCrapScore="6" visitedClasses="0" numClasses="0" visitedMethods="0" numMethods="1" />
              <MetadataToken>100663612</MetadataToken>
              <Name>System.Void ExMat.Objects.ExList::.ctor(System.String[])</Name>
              <FileRef uid="30" />
              <SequencePoints>
                <SequencePoint vc="0" uspid="7949" ordinal="0" offset="0" sl="51" sc="9" el="51" ec="34" bec="0" bev="0" fileid="30" />
                <SequencePoint vc="0" uspid="7950" ordinal="1" offset="7" sl="52" sc="9" el="52" ec="10" bec="0" bev="0" fileid="30" />
                <SequencePoint vc="0" uspid="7951" ordinal="2" offset="8" sl="53" sc="13" el="53" ec="36" bec="0" bev="0" fileid="30" />
                <SequencePoint vc="0" uspid="7952" ordinal="3" offset="19" sl="55" sc="13" el="55" ec="48" bec="0" bev="0" fileid="30" />
                <SequencePoint vc="0" uspid="7953" ordinal="4" offset="38" sl="57" sc="13" el="57" ec="39" bec="0" bev="0" fileid="30" />
                <SequencePoint vc="0" uspid="7954" ordinal="5" offset="54" sl="59" sc="13" el="59" ec="20" bec="0" bev="0" fileid="30" />
                <SequencePoint vc="0" uspid="7955" ordinal="6" offset="55" sl="59" sc="34" el="59" ec="35" bec="0" bev="0" fileid="30" />
                <SequencePoint vc="0" uspid="7956" ordinal="7" offset="61" sl="59" sc="22" el="59" ec="30" bec="0" bev="0" fileid="30" />
                <SequencePoint vc="0" uspid="7957" ordinal="8" offset="65" sl="60" sc="13" el="60" ec="14" bec="0" bev="0" fileid="30" />
                <SequencePoint vc="0" uspid="7958" ordinal="9" offset="66" sl="61" sc="17" el="61" ec="48" bec="0" bev="0" fileid="30" />
                <SequencePoint vc="0" uspid="7959" ordinal="10" offset="89" sl="62" sc="13" el="62" ec="14" bec="0" bev="0" fileid="30" />
                <SequencePoint vc="0" uspid="7960" ordinal="11" offset="94" sl="59" sc="31" el="59" ec="33" bec="0" bev="0" fileid="30" />
                <SequencePoint vc="0" uspid="7961" ordinal="12" offset="100" sl="64" sc="13" el="64" ec="51" bec="0" bev="0" fileid="30" />
                <SequencePoint vc="0" uspid="7962" ordinal="13" offset="119" sl="65" sc="9" el="65" ec="10" bec="0" bev="0" fileid="30" />
              </SequencePoints>
              <BranchPoints />
              <MethodPoint xsi:type="SequencePoint" vc="0" uspid="7949" ordinal="0" offset="0" sl="51" sc="9" el="51" ec="34" bec="0" bev="0" fileid="30" />
            </Method>
            <Method visited="false" cyclomaticComplexity="2" nPathComplexity="0" sequenceCoverage="0" branchCoverage="0" crapScore="6" isConstructor="true" isStatic="false" isGetter="false" isSetter="false">
              <Summary numSequencePoints="14" visitedSequencePoints="0" numBranchPoints="1" visitedBranchPoints="0" sequenceCoverage="0" branchCoverage="0" maxCyclomaticComplexity="2" minCyclomaticComplexity="2" maxCrapScore="6" minCrapScore="6" visitedClasses="0" numClasses="0" visitedMethods="0" numMethods="1" />
              <MetadataToken>100663613</MetadataToken>
              <Name>System.Void ExMat.Objects.ExList::.ctor(System.Collections.Generic.List`1&lt;System.String&gt;)</Name>
              <FileRef uid="30" />
              <SequencePoints>
                <SequencePoint vc="0" uspid="7965" ordinal="0" offset="0" sl="71" sc="9" el="71" ec="38" bec="0" bev="0" fileid="30" />
                <SequencePoint vc="0" uspid="7966" ordinal="1" offset="7" sl="72" sc="9" el="72" ec="10" bec="0" bev="0" fileid="30" />
                <SequencePoint vc="0" uspid="7967" ordinal="2" offset="8" sl="73" sc="13" el="73" ec="36" bec="0" bev="0" fileid="30" />
                <SequencePoint vc="0" uspid="7968" ordinal="3" offset="19" sl="75" sc="13" el="75" ec="47" bec="0" bev="0" fileid="30" />
                <SequencePoint vc="0" uspid="7969" ordinal="4" offset="41" sl="77" sc="13" el="77" ec="39" bec="0" bev="0" fileid="30" />
                <SequencePoint vc="0" uspid="7970" ordinal="5" offset="57" sl="79" sc="13" el="79" ec="20" bec="0" bev="0" fileid="30" />
                <SequencePoint vc="0" uspid="7971" ordinal="6" offset="58" sl="79" sc="34" el="79" ec="35" bec="0" bev="0" fileid="30" />
                <SequencePoint vc="0" uspid="7972" ordinal="7" offset="67" sl="79" sc="22" el="79" ec="30" bec="0" bev="0" fileid="30" />
                <SequencePoint vc="0" uspid="7973" ordinal="8" offset="75" sl="80" sc="13" el="80" ec="14" bec="0" bev="0" fileid="30" />
                <SequencePoint vc="0" uspid="7974" ordinal="9" offset="76" sl="81" sc="17" el="81" ec="48" bec="0" bev="0" fileid="30" />
                <SequencePoint vc="0" uspid="7975" ordinal="10" offset="99" sl="82" sc="13" el="82" ec="14" bec="0" bev="0" fileid="30" />
                <SequencePoint vc="0" uspid="7976" ordinal="11" offset="100" sl="79" sc="31" el="79" ec="33" bec="0" bev="0" fileid="30" />
                <SequencePoint vc="0" uspid="7977" ordinal="12" offset="126" sl="84" sc="13" el="84" ec="51" bec="0" bev="0" fileid="30" />
                <SequencePoint vc="0" uspid="7978" ordinal="13" offset="145" sl="85" sc="9" el="85" ec="10" bec="0" bev="0" fileid="30" />
              </SequencePoints>
              <BranchPoints />
              <MethodPoint xsi:type="SequencePoint" vc="0" uspid="7965" ordinal="0" offset="0" sl="71" sc="9" el="71" ec="38" bec="0" bev="0" fileid="30" />
            </Method>
          </Methods>
        </Class>
        <Class>
          <Summary numSequencePoints="124" visitedSequencePoints="0" numBranchPoints="40" visitedBranchPoints="0" sequenceCoverage="0" branchCoverage="0" maxCyclomaticComplexity="7" minCyclomaticComplexity="1" maxCrapScore="56" minCrapScore="2" visitedClasses="0" numClasses="1" visitedMethods="0" numMethods="10" />
          <FullName>ExMat.Objects.ExNativeFunc</FullName>
          <Methods>
            <Method visited="false" cyclomaticComplexity="4" nPathComplexity="4" sequenceCoverage="0" branchCoverage="0" crapScore="20" isConstructor="false" isStatic="false" isGetter="false" isSetter="false">
              <Summary numSequencePoints="17" visitedSequencePoints="0" numBranchPoints="5" visitedBranchPoints="0" sequenceCoverage="0" branchCoverage="0" maxCyclomaticComplexity="4" minCyclomaticComplexity="4" maxCrapScore="20" minCrapScore="20" visitedClasses="0" numClasses="0" visitedMethods="0" numMethods="1" />
              <MetadataToken>100663614</MetadataToken>
              <Name>System.Void ExMat.Objects.ExNativeFunc::SetNumberOfParameterCombinedMask()</Name>
              <FileRef uid="31" />
              <SequencePoints>
                <SequencePoint vc="0" uspid="7979" ordinal="0" offset="0" sl="42" sc="9" el="42" ec="10" bec="0" bev="0" fileid="31" />
                <SequencePoint vc="0" uspid="7980" ordinal="1" offset="1" sl="43" sc="13" el="43" ec="36" bec="2" bev="0" fileid="31" />
                <SequencePoint vc="0" uspid="7981" ordinal="2" offset="14" sl="44" sc="13" el="44" ec="14" bec="0" bev="0" fileid="31" />
                <SequencePoint vc="0" uspid="7982" ordinal="3" offset="15" sl="45" sc="17" el="45" ec="24" bec="0" bev="0" fileid="31" />
                <SequencePoint vc="0" uspid="7983" ordinal="4" offset="17" sl="48" sc="13" el="48" ec="53" bec="2" bev="0" fileid="31" />
                <SequencePoint vc="0" uspid="7984" ordinal="5" offset="32" sl="49" sc="13" el="49" ec="14" bec="0" bev="0" fileid="31" />
                <SequencePoint vc="0" uspid="7985" ordinal="6" offset="33" sl="50" sc="17" el="50" ec="94" bec="0" bev="0" fileid="31" />
                <SequencePoint vc="0" uspid="7986" ordinal="7" offset="55" sl="51" sc="17" el="51" ec="24" bec="0" bev="0" fileid="31" />
                <SequencePoint vc="0" uspid="7987" ordinal="8" offset="56" sl="51" sc="45" el="51" ec="55" bec="0" bev="0" fileid="31" />
                <SequencePoint vc="0" uspid="7988" ordinal="9" offset="70" sl="51" sc="26" el="51" ec="41" bec="0" bev="0" fileid="31" />
                <SequencePoint vc="0" uspid="7989" ordinal="10" offset="79" sl="52" sc="17" el="52" ec="18" bec="0" bev="0" fileid="31" />
                <SequencePoint vc="0" uspid="7990" ordinal="11" offset="80" sl="53" sc="21" el="53" ec="46" bec="0" bev="0" fileid="31" />
                <SequencePoint vc="0" uspid="7991" ordinal="12" offset="94" sl="54" sc="17" el="54" ec="18" bec="0" bev="0" fileid="31" />
                <SequencePoint vc="0" uspid="7992" ordinal="13" offset="95" sl="51" sc="42" el="51" ec="44" bec="0" bev="0" fileid="31" />
                <SequencePoint vc="0" uspid="7993" ordinal="14" offset="121" sl="55" sc="17" el="55" ec="50" bec="0" bev="0" fileid="31" />
                <SequencePoint vc="0" uspid="7994" ordinal="15" offset="133" sl="56" sc="13" el="56" ec="14" bec="0" bev="0" fileid="31" />
                <SequencePoint vc="0" uspid="7995" ordinal="16" offset="134" sl="57" sc="9" el="57" ec="10" bec="0" bev="0" fileid="31" />
              </SequencePoints>
              <BranchPoints>
                <BranchPoint vc="0" uspid="7996" ordinal="0" offset="12" sl="43" path="0" offsetend="14" fileid="31" />
                <BranchPoint vc="0" uspid="7997" ordinal="1" offset="12" sl="43" path="1" offsetend="17" fileid="31" />
                <BranchPoint vc="0" uspid="7998" ordinal="2" offset="30" sl="48" path="0" offsetend="32" fileid="31" />
                <BranchPoint vc="0" uspid="7999" ordinal="3" offset="30" sl="48" path="1" offsetend="134" fileid="31" />
              </BranchPoints>
              <MethodPoint xsi:type="SequencePoint" vc="0" uspid="7979" ordinal="0" offset="0" sl="42" sc="9" el="42" ec="10" bec="0" bev="0" fileid="31" />
            </Method>
            <Method visited="false" cyclomaticComplexity="7" nPathComplexity="16" sequenceCoverage="0" branchCoverage="0" crapScore="56" isConstructor="false" isStatic="false" isGetter="false" isSetter="false">
              <Summary numSequencePoints="23" visitedSequencePoints="0" numBranchPoints="9" visitedBranchPoints="0" sequenceCoverage="0" branchCoverage="0" maxCyclomaticComplexity="7" minCyclomaticComplexity="7" maxCrapScore="56" minCrapScore="56" visitedClasses="0" numClasses="0" visitedMethods="0" numMethods="1" />
              <MetadataToken>100663615</MetadataToken>
              <Name>System.Void ExMat.Objects.ExNativeFunc::SetNumberOfParameters()</Name>
              <FileRef uid="31" />
              <SequencePoints>
                <SequencePoint vc="0" uspid="8000" ordinal="0" offset="0" sl="60" sc="9" el="60" ec="10" bec="0" bev="0" fileid="31" />
                <SequencePoint vc="0" uspid="8001" ordinal="1" offset="1" sl="61" sc="13" el="61" ec="52" bec="2" bev="0" fileid="31" />
                <SequencePoint vc="0" uspid="8002" ordinal="2" offset="21" sl="62" sc="13" el="62" ec="14" bec="0" bev="0" fileid="31" />
                <SequencePoint vc="0" uspid="8003" ordinal="3" offset="22" sl="63" sc="17" el="63" ec="40" bec="2" bev="0" fileid="31" />
                <SequencePoint vc="0" uspid="8004" ordinal="4" offset="35" sl="64" sc="17" el="64" ec="18" bec="0" bev="0" fileid="31" />
                <SequencePoint vc="0" uspid="8005" ordinal="5" offset="36" sl="65" sc="21" el="65" ec="71" bec="2" bev="0" fileid="31" />
                <SequencePoint vc="0" uspid="8006" ordinal="6" offset="56" sl="66" sc="17" el="66" ec="18" bec="0" bev="0" fileid="31" />
                <SequencePoint vc="0" uspid="8007" ordinal="7" offset="59" sl="68" sc="17" el="68" ec="18" bec="0" bev="0" fileid="31" />
                <SequencePoint vc="0" uspid="8008" ordinal="8" offset="60" sl="69" sc="21" el="69" ec="44" bec="0" bev="0" fileid="31" />
                <SequencePoint vc="0" uspid="8009" ordinal="9" offset="67" sl="70" sc="21" el="70" ec="28" bec="0" bev="0" fileid="31" />
                <SequencePoint vc="0" uspid="8010" ordinal="10" offset="68" sl="70" sc="50" el="70" ec="60" bec="0" bev="0" fileid="31" />
                <SequencePoint vc="0" uspid="8011" ordinal="11" offset="82" sl="70" sc="30" el="70" ec="46" bec="0" bev="0" fileid="31" />
                <SequencePoint vc="0" uspid="8012" ordinal="12" offset="90" sl="71" sc="21" el="71" ec="22" bec="0" bev="0" fileid="31" />
                <SequencePoint vc="0" uspid="8013" ordinal="13" offset="91" sl="72" sc="25" el="72" ec="48" bec="2" bev="0" fileid="31" />
                <SequencePoint vc="0" uspid="8014" ordinal="14" offset="103" sl="73" sc="25" el="73" ec="26" bec="0" bev="0" fileid="31" />
                <SequencePoint vc="0" uspid="8015" ordinal="15" offset="104" sl="74" sc="29" el="74" ec="54" bec="0" bev="0" fileid="31" />
                <SequencePoint vc="0" uspid="8016" ordinal="16" offset="118" sl="75" sc="29" el="75" ec="35" bec="0" bev="0" fileid="31" />
                <SequencePoint vc="0" uspid="8017" ordinal="17" offset="120" sl="77" sc="25" el="77" ec="46" bec="0" bev="0" fileid="31" />
                <SequencePoint vc="0" uspid="8018" ordinal="18" offset="134" sl="78" sc="21" el="78" ec="22" bec="0" bev="0" fileid="31" />
                <SequencePoint vc="0" uspid="8019" ordinal="19" offset="135" sl="70" sc="47" el="70" ec="49" bec="0" bev="0" fileid="31" />
                <SequencePoint vc="0" uspid="8020" ordinal="20" offset="161" sl="79" sc="17" el="79" ec="18" bec="0" bev="0" fileid="31" />
                <SequencePoint vc="0" uspid="8021" ordinal="21" offset="162" sl="80" sc="13" el="80" ec="14" bec="0" bev="0" fileid="31" />
                <SequencePoint vc="0" uspid="8022" ordinal="22" offset="163" sl="81" sc="9" el="81" ec="10" bec="0" bev="0" fileid="31" />
              </SequencePoints>
              <BranchPoints>
                <BranchPoint vc="0" uspid="8023" ordinal="0" offset="16" sl="61" path="0" offsetend="21" fileid="31" />
                <BranchPoint vc="0" uspid="8024" ordinal="1" offset="16" sl="61" path="1" offsetend="163" fileid="31" />
                <BranchPoint vc="0" uspid="8025" ordinal="2" offset="33" sl="63" path="0" offsetend="35" fileid="31" />
                <BranchPoint vc="0" uspid="8026" ordinal="3" offset="33" sl="63" path="1" offsetend="59" fileid="31" />
                <BranchPoint vc="0" uspid="8027" ordinal="4" offset="45" sl="65" path="0" offsetend="47" fileid="31" />
                <BranchPoint vc="0" uspid="8028" ordinal="5" offset="45" sl="65" path="1" offsetend="50" fileid="31" />
                <BranchPoint vc="0" uspid="8029" ordinal="6" offset="101" sl="72" path="0" offsetend="103" fileid="31" />
                <BranchPoint vc="0" uspid="8030" ordinal="7" offset="101" sl="72" path="1" offsetend="120" fileid="31" />
              </BranchPoints>
              <MethodPoint xsi:type="SequencePoint" vc="0" uspid="8000" ordinal="0" offset="0" sl="60" sc="9" el="60" ec="10" bec="0" bev="0" fileid="31" />
            </Method>
            <Method visited="false" cyclomaticComplexity="1" nPathComplexity="0" sequenceCoverage="0" branchCoverage="0" crapScore="2" isConstructor="false" isStatic="false" isGetter="false" isSetter="false">
              <Summary numSequencePoints="3" visitedSequencePoints="0" numBranchPoints="1" visitedBranchPoints="0" sequenceCoverage="0" branchCoverage="0" maxCyclomaticComplexity="1" minCyclomaticComplexity="1" maxCrapScore="2" minCrapScore="2" visitedClasses="0" numClasses="0" visitedMethods="0" numMethods="1" />
              <MetadataToken>100663616</MetadataToken>
              <Name>System.Void ExMat.Objects.ExNativeFunc::SetReturnInfo()</Name>
              <FileRef uid="31" />
              <SequencePoints>
                <SequencePoint vc="0" uspid="8031" ordinal="0" offset="0" sl="89" sc="9" el="89" ec="10" bec="0" bev="0" fileid="31" />
                <SequencePoint vc="0" uspid="8032" ordinal="1" offset="1" sl="90" sc="13" el="90" ec="67" bec="0" bev="0" fileid="31" />
                <SequencePoint vc="0" uspid="8033" ordinal="2" offset="18" sl="91" sc="9" el="91" ec="10" bec="0" bev="0" fileid="31" />
              </SequencePoints>
              <BranchPoints />
              <MethodPoint xsi:type="SequencePoint" vc="0" uspid="8031" ordinal="0" offset="0" sl="89" sc="9" el="89" ec="10" bec="0" bev="0" fileid="31" />
            </Method>
            <Method visited="false" cyclomaticComplexity="1" nPathComplexity="0" sequenceCoverage="0" branchCoverage="0" crapScore="2" isConstructor="false" isStatic="false" isGetter="false" isSetter="false">
              <Summary numSequencePoints="8" visitedSequencePoints="0" numBranchPoints="1" visitedBranchPoints="0" sequenceCoverage="0" branchCoverage="0" maxCyclomaticComplexity="1" minCyclomaticComplexity="1" maxCrapScore="2" minCrapScore="2" visitedClasses="0" numClasses="0" visitedMethods="0" numMethods="1" />
              <MetadataToken>100663617</MetadataToken>
              <Name>System.Void ExMat.Objects.ExNativeFunc::InitializeFromNativeBase(ExMat.Attributes.ExNativeFuncBase)</Name>
              <FileRef uid="31" />
              <SequencePoints>
                <SequencePoint vc="0" uspid="8034" ordinal="0" offset="0" sl="96" sc="9" el="96" ec="10" bec="0" bev="0" fileid="31" />
                <SequencePoint vc="0" uspid="8035" ordinal="1" offset="1" sl="97" sc="13" el="97" ec="28" bec="0" bev="0" fileid="31" />
                <SequencePoint vc="0" uspid="8036" ordinal="2" offset="13" sl="98" sc="13" el="98" ec="56" bec="0" bev="0" fileid="31" />
                <SequencePoint vc="0" uspid="8037" ordinal="3" offset="25" sl="99" sc="13" el="99" ec="42" bec="0" bev="0" fileid="31" />
                <SequencePoint vc="0" uspid="8038" ordinal="4" offset="37" sl="100" sc="13" el="100" ec="34" bec="0" bev="0" fileid="31" />
                <SequencePoint vc="0" uspid="8039" ordinal="5" offset="49" sl="101" sc="13" el="101" ec="44" bec="0" bev="0" fileid="31" />
                <SequencePoint vc="0" uspid="8040" ordinal="6" offset="61" sl="102" sc="13" el="102" ec="56" bec="0" bev="0" fileid="31" />
                <SequencePoint vc="0" uspid="8041" ordinal="7" offset="73" sl="103" sc="9" el="103" ec="10" bec="0" bev="0" fileid="31" />
              </SequencePoints>
              <BranchPoints />
              <MethodPoint xsi:type="SequencePoint" vc="0" uspid="8034" ordinal="0" offset="0" sl="96" sc="9" el="96" ec="10" bec="0" bev="0" fileid="31" />
            </Method>
            <Method visited="false" cyclomaticComplexity="1" nPathComplexity="0" sequenceCoverage="0" branchCoverage="0" crapScore="2" isConstructor="true" isStatic="false" isGetter="false" isSetter="false">
              <Summary numSequencePoints="4" visitedSequencePoints="0" numBranchPoints="1" visitedBranchPoints="0" sequenceCoverage="0" branchCoverage="0" maxCyclomaticComplexity="1" minCyclomaticComplexity="1" maxCrapScore="2" minCrapScore="2" visitedClasses="0" numClasses="0" visitedMethods="0" numMethods="1" />
              <MetadataToken>100663618</MetadataToken>
              <Name>System.Void ExMat.Objects.ExNativeFunc::.ctor()</Name>
              <FileRef uid="31" />
              <SequencePoints>
                <SequencePoint vc="0" uspid="8042" ordinal="0" offset="0" sl="24" sc="9" el="24" ec="57" bec="0" bev="0" fileid="31" />
                <SequencePoint vc="0" uspid="8043" ordinal="1" offset="7" sl="108" sc="9" el="108" ec="30" bec="0" bev="0" fileid="31" />
                <SequencePoint vc="0" uspid="8044" ordinal="2" offset="14" sl="108" sc="31" el="108" ec="32" bec="0" bev="0" fileid="31" />
                <SequencePoint vc="0" uspid="8045" ordinal="3" offset="15" sl="108" sc="33" el="108" ec="34" bec="0" bev="0" fileid="31" />
              </SequencePoints>
              <BranchPoints />
              <MethodPoint xsi:type="SequencePoint" vc="0" uspid="8042" ordinal="0" offset="0" sl="24" sc="9" el="24" ec="57" bec="0" bev="0" fileid="31" />
            </Method>
            <Method visited="false" cyclomaticComplexity="6" nPathComplexity="8" sequenceCoverage="0" branchCoverage="0" crapScore="42" isConstructor="true" isStatic="false" isGetter="false" isSetter="false">
              <Summary numSequencePoints="24" visitedSequencePoints="0" numBranchPoints="7" visitedBranchPoints="0" sequenceCoverage="0" branchCoverage="0" maxCyclomaticComplexity="6" minCyclomaticComplexity="6" maxCrapScore="42" minCrapScore="42" visitedClasses="0" numClasses="0" visitedMethods="0" numMethods="1" />
              <MetadataToken>100663619</MetadataToken>
              <Name>System.Void ExMat.Objects.ExNativeFunc::.ctor(ExMat.ExMat/StdLibFunction)</Name>
              <FileRef uid="31" />
              <SequencePoints>
                <SequencePoint vc="0" uspid="8046" ordinal="0" offset="0" sl="24" sc="9" el="24" ec="57" bec="0" bev="0" fileid="31" />
                <SequencePoint vc="0" uspid="8047" ordinal="1" offset="7" sl="114" sc="9" el="114" ec="54" bec="0" bev="0" fileid="31" />
                <SequencePoint vc="0" uspid="8048" ordinal="2" offset="14" sl="115" sc="9" el="115" ec="10" bec="0" bev="0" fileid="31" />
                <SequencePoint vc="0" uspid="8049" ordinal="3" offset="15" sl="116" sc="13" el="116" ec="28" bec="0" bev="0" fileid="31" />
                <SequencePoint vc="0" uspid="8050" ordinal="4" offset="22" sl="118" sc="13" el="118" ec="32" bec="0" bev="0" fileid="31" />
                <SequencePoint vc="0" uspid="8051" ordinal="5" offset="33" sl="120" sc="13" el="120" ec="20" bec="0" bev="0" fileid="31" />
                <SequencePoint vc="0" uspid="8052" ordinal="6" offset="34" sl="120" sc="40" el="120" ec="71" bec="0" bev="0" fileid="31" />
                <SequencePoint vc="0" uspid="8053" ordinal="7" offset="50" sl="120" sc="22" el="120" ec="36" bec="0" bev="0" fileid="31" />
                <SequencePoint vc="0" uspid="8054" ordinal="8" offset="54" sl="121" sc="13" el="121" ec="14" bec="0" bev="0" fileid="31" />
                <SequencePoint vc="0" uspid="8055" ordinal="9" offset="55" sl="122" sc="17" el="122" ec="61" bec="2" bev="0" fileid="31" />
                <SequencePoint vc="0" uspid="8056" ordinal="10" offset="72" sl="123" sc="17" el="123" ec="18" bec="0" bev="0" fileid="31" />
                <SequencePoint vc="0" uspid="8057" ordinal="11" offset="73" sl="124" sc="21" el="124" ec="56" bec="0" bev="0" fileid="31" />
                <SequencePoint vc="0" uspid="8058" ordinal="12" offset="91" sl="125" sc="17" el="125" ec="18" bec="0" bev="0" fileid="31" />
                <SequencePoint vc="0" uspid="8059" ordinal="13" offset="94" sl="126" sc="22" el="126" ec="60" bec="2" bev="0" fileid="31" />
                <SequencePoint vc="0" uspid="8060" ordinal="14" offset="113" sl="127" sc="17" el="127" ec="18" bec="0" bev="0" fileid="31" />
                <SequencePoint vc="0" uspid="8061" ordinal="15" offset="114" sl="128" sc="21" el="128" ec="56" bec="0" bev="0" fileid="31" />
                <SequencePoint vc="0" uspid="8062" ordinal="16" offset="123" sl="129" sc="17" el="129" ec="18" bec="0" bev="0" fileid="31" />
                <SequencePoint vc="0" uspid="8063" ordinal="17" offset="124" sl="130" sc="13" el="130" ec="14" bec="0" bev="0" fileid="31" />
                <SequencePoint vc="0" uspid="8064" ordinal="18" offset="129" sl="120" sc="37" el="120" ec="39" bec="0" bev="0" fileid="31" />
                <SequencePoint vc="0" uspid="8065" ordinal="19" offset="135" sl="132" sc="13" el="132" ec="110" bec="2" bev="0" fileid="31" />
                <SequencePoint vc="0" uspid="8066" ordinal="20" offset="204" sl="134" sc="13" el="134" ec="37" bec="0" bev="0" fileid="31" />
                <SequencePoint vc="0" uspid="8067" ordinal="21" offset="211" sl="135" sc="13" el="135" ec="48" bec="0" bev="0" fileid="31" />
                <SequencePoint vc="0" uspid="8068" ordinal="22" offset="218" sl="136" sc="13" el="136" ec="29" bec="0" bev="0" fileid="31" />
                <SequencePoint vc="0" uspid="8069" ordinal="23" offset="225" sl="137" sc="9" el="137" ec="10" bec="0" bev="0" fileid="31" />
              </SequencePoints>
              <BranchPoints>
                <BranchPoint vc="0" uspid="8070" ordinal="0" offset="70" sl="122" path="0" offsetend="72" fileid="31" />
                <BranchPoint vc="0" uspid="8071" ordinal="1" offset="70" sl="122" path="1" offsetend="94" fileid="31" />
                <BranchPoint vc="0" uspid="8072" ordinal="2" offset="111" sl="126" path="0" offsetend="113" fileid="31" />
                <BranchPoint vc="0" uspid="8073" ordinal="3" offset="111" sl="126" path="1" offsetend="124" fileid="31" />
                <BranchPoint vc="0" uspid="8076" ordinal="6" offset="147" sl="132" path="0" offsetend="149" fileid="31" />
                <BranchPoint vc="0" uspid="8077" ordinal="7" offset="147" sl="132" path="1" offsetend="198" fileid="31" />
              </BranchPoints>
              <MethodPoint xsi:type="SequencePoint" vc="0" uspid="8046" ordinal="0" offset="0" sl="24" sc="9" el="24" ec="57" bec="0" bev="0" fileid="31" />
            </Method>
            <Method visited="false" cyclomaticComplexity="7" nPathComplexity="16" sequenceCoverage="0" branchCoverage="0" crapScore="56" isConstructor="true" isStatic="false" isGetter="false" isSetter="false">
              <Summary numSequencePoints="24" visitedSequencePoints="0" numBranchPoints="9" visitedBranchPoints="0" sequenceCoverage="0" branchCoverage="0" maxCyclomaticComplexity="7" minCyclomaticComplexity="7" maxCrapScore="56" minCrapScore="56" visitedClasses="0" numClasses="0" visitedMethods="0" numMethods="1" />
              <MetadataToken>100663620</MetadataToken>
              <Name>System.Void ExMat.Objects.ExNativeFunc::.ctor(ExMat.ExMat/StdLibFunction,System.Char)</Name>
              <FileRef uid="31" />
              <SequencePoints>
                <SequencePoint vc="0" uspid="8078" ordinal="0" offset="0" sl="24" sc="9" el="24" ec="57" bec="0" bev="0" fileid="31" />
                <SequencePoint vc="0" uspid="8079" ordinal="1" offset="7" sl="144" sc="9" el="144" ec="69" bec="0" bev="0" fileid="31" />
                <SequencePoint vc="0" uspid="8080" ordinal="2" offset="14" sl="145" sc="9" el="145" ec="10" bec="0" bev="0" fileid="31" />
                <SequencePoint vc="0" uspid="8081" ordinal="3" offset="15" sl="146" sc="13" el="146" ec="28" bec="0" bev="0" fileid="31" />
                <SequencePoint vc="0" uspid="8082" ordinal="4" offset="22" sl="148" sc="13" el="148" ec="32" bec="0" bev="0" fileid="31" />
                <SequencePoint vc="0" uspid="8083" ordinal="5" offset="33" sl="150" sc="13" el="150" ec="20" bec="0" bev="0" fileid="31" />
                <SequencePoint vc="0" uspid="8084" ordinal="6" offset="34" sl="150" sc="40" el="150" ec="71" bec="0" bev="0" fileid="31" />
                <SequencePoint vc="0" uspid="8085" ordinal="7" offset="50" sl="150" sc="22" el="150" ec="36" bec="0" bev="0" fileid="31" />
                <SequencePoint vc="0" uspid="8086" ordinal="8" offset="54" sl="151" sc="13" el="151" ec="14" bec="0" bev="0" fileid="31" />
                <SequencePoint vc="0" uspid="8087" ordinal="9" offset="55" sl="152" sc="17" el="152" ec="61" bec="2" bev="0" fileid="31" />
                <SequencePoint vc="0" uspid="8088" ordinal="10" offset="72" sl="153" sc="17" el="153" ec="18" bec="0" bev="0" fileid="31" />
                <SequencePoint vc="0" uspid="8089" ordinal="11" offset="73" sl="154" sc="21" el="154" ec="56" bec="0" bev="0" fileid="31" />
                <SequencePoint vc="0" uspid="8090" ordinal="12" offset="91" sl="155" sc="17" el="155" ec="18" bec="0" bev="0" fileid="31" />
                <SequencePoint vc="0" uspid="8091" ordinal="13" offset="94" sl="156" sc="22" el="156" ec="101" bec="4" bev="0" fileid="31" />
                <SequencePoint vc="0" uspid="8092" ordinal="14" offset="125" sl="157" sc="17" el="157" ec="18" bec="0" bev="0" fileid="31" />
                <SequencePoint vc="0" uspid="8093" ordinal="15" offset="126" sl="158" sc="21" el="158" ec="56" bec="0" bev="0" fileid="31" />
                <SequencePoint vc="0" uspid="8094" ordinal="16" offset="135" sl="159" sc="17" el="159" ec="18" bec="0" bev="0" fileid="31" />
                <SequencePoint vc="0" uspid="8095" ordinal="17" offset="136" sl="160" sc="13" el="160" ec="14" bec="0" bev="0" fileid="31" />
                <SequencePoint vc="0" uspid="8096" ordinal="18" offset="141" sl="150" sc="37" el="150" ec="39" bec="0" bev="0" fileid="31" />
                <SequencePoint vc="0" uspid="8097" ordinal="19" offset="147" sl="162" sc="13" el="162" ec="110" bec="2" bev="0" fileid="31" />
                <SequencePoint vc="0" uspid="8098" ordinal="20" offset="216" sl="164" sc="13" el="164" ec="37" bec="0" bev="0" fileid="31" />
                <SequencePoint vc="0" uspid="8099" ordinal="21" offset="223" sl="165" sc="13" el="165" ec="48" bec="0" bev="0" fileid="31" />
                <SequencePoint vc="0" uspid="8100" ordinal="22" offset="230" sl="166" sc="13" el="166" ec="29" bec="0" bev="0" fileid="31" />
                <SequencePoint vc="0" uspid="8101" ordinal="23" offset="237" sl="167" sc="9" el="167" ec="10" bec="0" bev="0" fileid="31" />
              </SequencePoints>
              <BranchPoints>
                <BranchPoint vc="0" uspid="8102" ordinal="0" offset="70" sl="152" path="0" offsetend="72" fileid="31" />
                <BranchPoint vc="0" uspid="8103" ordinal="1" offset="70" sl="152" path="1" offsetend="94" fileid="31" />
                <BranchPoint vc="0" uspid="8104" ordinal="2" offset="104" sl="156" path="0" offsetend="106" fileid="31" />
                <BranchPoint vc="0" uspid="8105" ordinal="3" offset="104" sl="156" path="1" offsetend="118" fileid="31" />
                <BranchPoint vc="0" uspid="8106" ordinal="4" offset="123" sl="156" path="0" offsetend="125" fileid="31" />
                <BranchPoint vc="0" uspid="8107" ordinal="5" offset="123" sl="156" path="1" offsetend="136" fileid="31" />
                <BranchPoint vc="0" uspid="8110" ordinal="8" offset="159" sl="162" path="0" offsetend="161" fileid="31" />
                <BranchPoint vc="0" uspid="8111" ordinal="9" offset="159" sl="162" path="1" offsetend="210" fileid="31" />
              </BranchPoints>
              <MethodPoint xsi:type="SequencePoint" vc="0" uspid="8078" ordinal="0" offset="0" sl="24" sc="9" el="24" ec="57" bec="0" bev="0" fileid="31" />
            </Method>
            <Method visited="false" cyclomaticComplexity="3" nPathComplexity="4" sequenceCoverage="0" branchCoverage="0" crapScore="12" isConstructor="false" isStatic="false" isGetter="false" isSetter="false">
              <Summary numSequencePoints="14" visitedSequencePoints="0" numBranchPoints="5" visitedBranchPoints="0" sequenceCoverage="0" branchCoverage="0" maxCyclomaticComplexity="3" minCyclomaticComplexity="3" maxCrapScore="12" minCrapScore="12" visitedClasses="0" numClasses="0" visitedMethods="0" numMethods="1" />
              <MetadataToken>100663621</MetadataToken>
              <Name>System.Void ExMat.Objects.ExNativeFunc::Dispose(System.Boolean)</Name>
              <FileRef uid="31" />
              <SequencePoints>
                <SequencePoint vc="0" uspid="8112" ordinal="0" offset="0" sl="170" sc="9" el="170" ec="10" bec="0" bev="0" fileid="31" />
                <SequencePoint vc="0" uspid="8113" ordinal="1" offset="1" sl="171" sc="13" el="171" ec="32" bec="2" bev="0" fileid="31" />
                <SequencePoint vc="0" uspid="8114" ordinal="2" offset="14" sl="172" sc="13" el="172" ec="14" bec="0" bev="0" fileid="31" />
                <SequencePoint vc="0" uspid="8115" ordinal="3" offset="15" sl="173" sc="17" el="173" ec="31" bec="2" bev="0" fileid="31" />
                <SequencePoint vc="0" uspid="8116" ordinal="4" offset="20" sl="174" sc="17" el="174" ec="18" bec="0" bev="0" fileid="31" />
                <SequencePoint vc="0" uspid="8117" ordinal="5" offset="21" sl="175" sc="21" el="175" ec="33" bec="0" bev="0" fileid="31" />
                <SequencePoint vc="0" uspid="8118" ordinal="6" offset="28" sl="176" sc="21" el="176" ec="37" bec="0" bev="0" fileid="31" />
                <SequencePoint vc="0" uspid="8119" ordinal="7" offset="35" sl="177" sc="21" el="177" ec="40" bec="0" bev="0" fileid="31" />
                <SequencePoint vc="0" uspid="8120" ordinal="8" offset="42" sl="179" sc="21" el="179" ec="60" bec="0" bev="0" fileid="31" />
                <SequencePoint vc="0" uspid="8121" ordinal="9" offset="54" sl="181" sc="21" el="181" ec="40" bec="0" bev="0" fileid="31" />
                <SequencePoint vc="0" uspid="8122" ordinal="10" offset="61" sl="182" sc="17" el="182" ec="18" bec="0" bev="0" fileid="31" />
                <SequencePoint vc="0" uspid="8123" ordinal="11" offset="62" sl="186" sc="17" el="186" ec="38" bec="0" bev="0" fileid="31" />
                <SequencePoint vc="0" uspid="8124" ordinal="12" offset="69" sl="187" sc="13" el="187" ec="14" bec="0" bev="0" fileid="31" />
                <SequencePoint vc="0" uspid="8125" ordinal="13" offset="70" sl="188" sc="9" el="188" ec="10" bec="0" bev="0" fileid="31" />
              </SequencePoints>
              <BranchPoints>
                <BranchPoint vc="0" uspid="8126" ordinal="0" offset="12" sl="171" path="0" offsetend="14" fileid="31" />
                <BranchPoint vc="0" uspid="8127" ordinal="1" offset="12" sl="171" path="1" offsetend="70" fileid="31" />
                <BranchPoint vc="0" uspid="8128" ordinal="2" offset="18" sl="173" path="0" offsetend="20" fileid="31" />
                <BranchPoint vc="0" uspid="8129" ordinal="3" offset="18" sl="173" path="1" offsetend="62" fileid="31" />
              </BranchPoints>
              <MethodPoint xsi:type="SequencePoint" vc="0" uspid="8112" ordinal="0" offset="0" sl="170" sc="9" el="170" ec="10" bec="0" bev="0" fileid="31" />
            </Method>
            <Method visited="false" cyclomaticComplexity="1" nPathComplexity="0" sequenceCoverage="0" branchCoverage="0" crapScore="2" isConstructor="false" isStatic="false" isGetter="false" isSetter="false">
              <Summary numSequencePoints="4" visitedSequencePoints="0" numBranchPoints="1" visitedBranchPoints="0" sequenceCoverage="0" branchCoverage="0" maxCyclomaticComplexity="1" minCyclomaticComplexity="1" maxCrapScore="2" minCrapScore="2" visitedClasses="0" numClasses="0" visitedMethods="0" numMethods="1" />
              <MetadataToken>100663622</MetadataToken>
              <Name>System.Void ExMat.Objects.ExNativeFunc::Dispose()</Name>
              <FileRef uid="31" />
              <SequencePoints>
                <SequencePoint vc="0" uspid="8130" ordinal="0" offset="0" sl="194" sc="9" el="194" ec="10" bec="0" bev="0" fileid="31" />
                <SequencePoint vc="0" uspid="8131" ordinal="1" offset="1" sl="196" sc="13" el="196" ec="38" bec="0" bev="0" fileid="31" />
                <SequencePoint vc="0" uspid="8132" ordinal="2" offset="9" sl="197" sc="13" el="197" ec="39" bec="0" bev="0" fileid="31" />
                <SequencePoint vc="0" uspid="8133" ordinal="3" offset="16" sl="198" sc="9" el="198" ec="10" bec="0" bev="0" fileid="31" />
              </SequencePoints>
              <BranchPoints />
              <MethodPoint xsi:type="SequencePoint" vc="0" uspid="8130" ordinal="0" offset="0" sl="194" sc="9" el="194" ec="10" bec="0" bev="0" fileid="31" />
            </Method>
            <Method visited="false" cyclomaticComplexity="1" nPathComplexity="0" sequenceCoverage="0" branchCoverage="0" crapScore="2" isConstructor="false" isStatic="false" isGetter="false" isSetter="false">
              <Summary numSequencePoints="3" visitedSequencePoints="0" numBranchPoints="1" visitedBranchPoints="0" sequenceCoverage="0" branchCoverage="0" maxCyclomaticComplexity="1" minCyclomaticComplexity="1" maxCrapScore="2" minCrapScore="2" visitedClasses="0" numClasses="0" visitedMethods="0" numMethods="1" />
              <MetadataToken>100663623</MetadataToken>
              <Name>System.Object ExMat.Objects.ExNativeFunc::GetDebuggerDisplay()</Name>
              <FileRef uid="31" />
              <SequencePoints>
                <SequencePoint vc="0" uspid="8134" ordinal="0" offset="0" sl="202" sc="9" el="202" ec="10" bec="0" bev="0" fileid="31" />
                <SequencePoint vc="0" uspid="8135" ordinal="1" offset="1" sl="203" sc="13" el="203" ec="83" bec="0" bev="0" fileid="31" />
                <SequencePoint vc="0" uspid="8136" ordinal="2" offset="25" sl="204" sc="9" el="204" ec="10" bec="0" bev="0" fileid="31" />
              </SequencePoints>
              <BranchPoints />
              <MethodPoint xsi:type="SequencePoint" vc="0" uspid="8134" ordinal="0" offset="0" sl="202" sc="9" el="202" ec="10" bec="0" bev="0" fileid="31" />
            </Method>
          </Methods>
        </Class>
        <Class>
          <Summary numSequencePoints="2" visitedSequencePoints="0" numBranchPoints="2" visitedBranchPoints="0" sequenceCoverage="0" branchCoverage="0" maxCyclomaticComplexity="1" minCyclomaticComplexity="1" maxCrapScore="2" minCrapScore="2" visitedClasses="0" numClasses="1" visitedMethods="0" numMethods="2" />
          <FullName>ExMat.Objects.ExNativeFunc/&lt;&gt;c</FullName>
          <Methods>
            <Method visited="false" cyclomaticComplexity="1" nPathComplexity="0" sequenceCoverage="0" branchCoverage="0" crapScore="2" isConstructor="true" isStatic="true" isGetter="false" isSetter="false">
              <Summary numSequencePoints="0" visitedSequencePoints="0" numBranchPoints="0" visitedBranchPoints="0" sequenceCoverage="0" branchCoverage="0" maxCyclomaticComplexity="1" minCyclomaticComplexity="1" maxCrapScore="2" minCrapScore="2" visitedClasses="0" numClasses="0" visitedMethods="0" numMethods="0" />
              <MetadataToken>100664137</MetadataToken>
              <Name>System.Void ExMat.Objects.ExNativeFunc/&lt;&gt;c::.cctor()</Name>
              <SequencePoints />
              <BranchPoints />
              <MethodPoint vc="0" uspid="8137" ordinal="0" offset="0" />
            </Method>
            <Method visited="false" cyclomaticComplexity="1" nPathComplexity="0" sequenceCoverage="0" branchCoverage="0" crapScore="2" isConstructor="true" isStatic="false" isGetter="false" isSetter="false">
              <Summary numSequencePoints="0" visitedSequencePoints="0" numBranchPoints="0" visitedBranchPoints="0" sequenceCoverage="0" branchCoverage="0" maxCyclomaticComplexity="1" minCyclomaticComplexity="1" maxCrapScore="2" minCrapScore="2" visitedClasses="0" numClasses="0" visitedMethods="0" numMethods="0" />
              <MetadataToken>100664138</MetadataToken>
              <Name>System.Void ExMat.Objects.ExNativeFunc/&lt;&gt;c::.ctor()</Name>
              <SequencePoints />
              <BranchPoints />
              <MethodPoint vc="0" uspid="8138" ordinal="0" offset="0" />
            </Method>
            <Method visited="false" cyclomaticComplexity="1" nPathComplexity="0" sequenceCoverage="0" branchCoverage="0" crapScore="2" isConstructor="false" isStatic="false" isGetter="false" isSetter="false">
              <Summary numSequencePoints="1" visitedSequencePoints="0" numBranchPoints="1" visitedBranchPoints="0" sequenceCoverage="0" branchCoverage="0" maxCyclomaticComplexity="1" minCyclomaticComplexity="1" maxCrapScore="2" minCrapScore="2" visitedClasses="0" numClasses="0" visitedMethods="0" numMethods="1" />
              <MetadataToken>100664139</MetadataToken>
              <Name>System.Int32 ExMat.Objects.ExNativeFunc/&lt;&gt;c::&lt;.ctor&gt;b__11_0(ExMat.Objects.ExNativeParam)</Name>
              <FileRef uid="31" />
              <SequencePoints>
                <SequencePoint vc="0" uspid="8139" ordinal="0" offset="0" sl="132" sc="99" el="132" ec="106" bec="0" bev="0" fileid="31" />
              </SequencePoints>
              <BranchPoints />
              <MethodPoint xsi:type="SequencePoint" vc="0" uspid="8139" ordinal="0" offset="0" sl="132" sc="99" el="132" ec="106" bec="0" bev="0" fileid="31" />
            </Method>
            <Method visited="false" cyclomaticComplexity="1" nPathComplexity="0" sequenceCoverage="0" branchCoverage="0" crapScore="2" isConstructor="false" isStatic="false" isGetter="false" isSetter="false">
              <Summary numSequencePoints="1" visitedSequencePoints="0" numBranchPoints="1" visitedBranchPoints="0" sequenceCoverage="0" branchCoverage="0" maxCyclomaticComplexity="1" minCyclomaticComplexity="1" maxCrapScore="2" minCrapScore="2" visitedClasses="0" numClasses="0" visitedMethods="0" numMethods="1" />
              <MetadataToken>100664140</MetadataToken>
              <Name>System.Int32 ExMat.Objects.ExNativeFunc/&lt;&gt;c::&lt;.ctor&gt;b__12_0(ExMat.Objects.ExNativeParam)</Name>
              <FileRef uid="31" />
              <SequencePoints>
                <SequencePoint vc="0" uspid="8140" ordinal="0" offset="0" sl="162" sc="99" el="162" ec="106" bec="0" bev="0" fileid="31" />
              </SequencePoints>
              <BranchPoints />
              <MethodPoint xsi:type="SequencePoint" vc="0" uspid="8140" ordinal="0" offset="0" sl="162" sc="99" el="162" ec="106" bec="0" bev="0" fileid="31" />
            </Method>
          </Methods>
        </Class>
        <Class>
          <Summary numSequencePoints="49" visitedSequencePoints="0" numBranchPoints="18" visitedBranchPoints="0" sequenceCoverage="0" branchCoverage="0" maxCyclomaticComplexity="3" minCyclomaticComplexity="1" maxCrapScore="12" minCrapScore="2" visitedClasses="0" numClasses="1" visitedMethods="0" numMethods="8" />
          <FullName>ExMat.Objects.ExNativeParam</FullName>
          <Methods>
            <Method visited="false" cyclomaticComplexity="1" nPathComplexity="0" sequenceCoverage="0" branchCoverage="0" crapScore="2" isConstructor="false" isStatic="false" isGetter="true" isSetter="false">
              <Summary numSequencePoints="1" visitedSequencePoints="0" numBranchPoints="1" visitedBranchPoints="0" sequenceCoverage="0" branchCoverage="0" maxCyclomaticComplexity="1" minCyclomaticComplexity="1" maxCrapScore="2" minCrapScore="2" visitedClasses="0" numClasses="0" visitedMethods="0" numMethods="1" />
              <MetadataToken>100663624</MetadataToken>
              <Name>System.Boolean ExMat.Objects.ExNativeParam::get_HasDefaultValue()</Name>
              <FileRef uid="33" />
              <SequencePoints>
                <SequencePoint vc="0" uspid="8141" ordinal="0" offset="0" sl="25" sc="40" el="25" ec="60" bec="0" bev="0" fileid="33" />
              </SequencePoints>
              <BranchPoints />
              <MethodPoint xsi:type="SequencePoint" vc="0" uspid="8141" ordinal="0" offset="0" sl="25" sc="40" el="25" ec="60" bec="0" bev="0" fileid="33" />
            </Method>
            <Method visited="false" cyclomaticComplexity="1" nPathComplexity="0" sequenceCoverage="0" branchCoverage="0" crapScore="2" isConstructor="true" isStatic="false" isGetter="false" isSetter="false">
              <Summary numSequencePoints="3" visitedSequencePoints="0" numBranchPoints="1" visitedBranchPoints="0" sequenceCoverage="0" branchCoverage="0" maxCyclomaticComplexity="1" minCyclomaticComplexity="1" maxCrapScore="2" minCrapScore="2" visitedClasses="0" numClasses="0" visitedMethods="0" numMethods="1" />
              <MetadataToken>100663625</MetadataToken>
              <Name>System.Void ExMat.Objects.ExNativeParam::.ctor()</Name>
              <FileRef uid="33" />
              <SequencePoints>
                <SequencePoint vc="0" uspid="8142" ordinal="0" offset="0" sl="37" sc="9" el="37" ec="31" bec="0" bev="0" fileid="33" />
                <SequencePoint vc="0" uspid="8143" ordinal="1" offset="7" sl="37" sc="32" el="37" ec="33" bec="0" bev="0" fileid="33" />
                <SequencePoint vc="0" uspid="8144" ordinal="2" offset="8" sl="37" sc="34" el="37" ec="35" bec="0" bev="0" fileid="33" />
              </SequencePoints>
              <BranchPoints />
              <MethodPoint xsi:type="SequencePoint" vc="0" uspid="8142" ordinal="0" offset="0" sl="37" sc="9" el="37" ec="31" bec="0" bev="0" fileid="33" />
            </Method>
            <Method visited="false" cyclomaticComplexity="1" nPathComplexity="0" sequenceCoverage="0" branchCoverage="0" crapScore="2" isConstructor="true" isStatic="false" isGetter="false" isSetter="false">
              <Summary numSequencePoints="4" visitedSequencePoints="0" numBranchPoints="1" visitedBranchPoints="0" sequenceCoverage="0" branchCoverage="0" maxCyclomaticComplexity="1" minCyclomaticComplexity="1" maxCrapScore="2" minCrapScore="2" visitedClasses="0" numClasses="0" visitedMethods="0" numMethods="1" />
              <MetadataToken>100663626</MetadataToken>
              <Name>System.Void ExMat.Objects.ExNativeParam::.ctor(ExMat.Attributes.ExNativeParamBase)</Name>
              <FileRef uid="33" />
              <SequencePoints>
                <SequencePoint vc="0" uspid="8145" ordinal="0" offset="0" sl="43" sc="9" el="43" ec="51" bec="0" bev="0" fileid="33" />
                <SequencePoint vc="0" uspid="8146" ordinal="1" offset="7" sl="44" sc="9" el="44" ec="10" bec="0" bev="0" fileid="33" />
                <SequencePoint vc="0" uspid="8147" ordinal="2" offset="8" sl="45" sc="13" el="45" ec="89" bec="0" bev="0" fileid="33" />
                <SequencePoint vc="0" uspid="8148" ordinal="3" offset="45" sl="46" sc="9" el="46" ec="10" bec="0" bev="0" fileid="33" />
              </SequencePoints>
              <BranchPoints />
              <MethodPoint xsi:type="SequencePoint" vc="0" uspid="8145" ordinal="0" offset="0" sl="43" sc="9" el="43" ec="51" bec="0" bev="0" fileid="33" />
            </Method>
            <Method visited="false" cyclomaticComplexity="3" nPathComplexity="4" sequenceCoverage="0" branchCoverage="0" crapScore="12" isConstructor="false" isStatic="false" isGetter="false" isSetter="false">
              <Summary numSequencePoints="14" visitedSequencePoints="0" numBranchPoints="5" visitedBranchPoints="0" sequenceCoverage="0" branchCoverage="0" maxCyclomaticComplexity="3" minCyclomaticComplexity="3" maxCrapScore="12" minCrapScore="12" visitedClasses="0" numClasses="0" visitedMethods="0" numMethods="1" />
              <MetadataToken>100663627</MetadataToken>
              <Name>System.Void ExMat.Objects.ExNativeParam::Initialize(System.String,System.String,System.String,ExMat.Objects.ExObject,System.Int32)</Name>
              <FileRef uid="33" />
              <SequencePoints>
                <SequencePoint vc="0" uspid="8149" ordinal="0" offset="0" sl="49" sc="9" el="49" ec="10" bec="0" bev="0" fileid="33" />
                <SequencePoint vc="0" uspid="8150" ordinal="1" offset="1" sl="50" sc="13" el="50" ec="38" bec="0" bev="0" fileid="33" />
                <SequencePoint vc="0" uspid="8151" ordinal="2" offset="8" sl="51" sc="13" el="51" ec="76" bec="4" bev="0" fileid="33" />
                <SequencePoint vc="0" uspid="8152" ordinal="3" offset="36" sl="52" sc="13" el="52" ec="14" bec="0" bev="0" fileid="33" />
                <SequencePoint vc="0" uspid="8153" ordinal="4" offset="37" sl="53" sc="17" el="53" ec="29" bec="0" bev="0" fileid="33" />
                <SequencePoint vc="0" uspid="8154" ordinal="5" offset="45" sl="54" sc="17" el="54" ec="29" bec="0" bev="0" fileid="33" />
                <SequencePoint vc="0" uspid="8155" ordinal="6" offset="52" sl="55" sc="17" el="55" ec="36" bec="0" bev="0" fileid="33" />
                <SequencePoint vc="0" uspid="8156" ordinal="7" offset="59" sl="57" sc="17" el="57" ec="33" bec="0" bev="0" fileid="33" />
                <SequencePoint vc="0" uspid="8157" ordinal="8" offset="66" sl="58" sc="17" el="58" ec="33" bec="0" bev="0" fileid="33" />
                <SequencePoint vc="0" uspid="8158" ordinal="9" offset="79" sl="59" sc="17" el="59" ec="66" bec="0" bev="0" fileid="33" />
                <SequencePoint vc="0" uspid="8159" ordinal="10" offset="96" sl="61" sc="17" el="61" ec="36" bec="0" bev="0" fileid="33" />
                <SequencePoint vc="0" uspid="8160" ordinal="11" offset="104" sl="63" sc="17" el="63" ec="30" bec="0" bev="0" fileid="33" />
                <SequencePoint vc="0" uspid="8161" ordinal="12" offset="111" sl="64" sc="13" el="64" ec="14" bec="0" bev="0" fileid="33" />
                <SequencePoint vc="0" uspid="8162" ordinal="13" offset="112" sl="65" sc="9" el="65" ec="10" bec="0" bev="0" fileid="33" />
              </SequencePoints>
              <BranchPoints>
                <BranchPoint vc="0" uspid="8163" ordinal="0" offset="15" sl="51" path="0" offsetend="17" fileid="33" />
                <BranchPoint vc="0" uspid="8164" ordinal="1" offset="15" sl="51" path="1" offsetend="31" fileid="33" />
                <BranchPoint vc="0" uspid="8165" ordinal="2" offset="34" sl="51" path="0" offsetend="36" fileid="33" />
                <BranchPoint vc="0" uspid="8166" ordinal="3" offset="34" sl="51" path="1" offsetend="112" fileid="33" />
              </BranchPoints>
              <MethodPoint xsi:type="SequencePoint" vc="0" uspid="8149" ordinal="0" offset="0" sl="49" sc="9" el="49" ec="10" bec="0" bev="0" fileid="33" />
            </Method>
            <Method visited="false" cyclomaticComplexity="1" nPathComplexity="0" sequenceCoverage="0" branchCoverage="0" crapScore="2" isConstructor="true" isStatic="false" isGetter="false" isSetter="false">
              <Summary numSequencePoints="4" visitedSequencePoints="0" numBranchPoints="1" visitedBranchPoints="0" sequenceCoverage="0" branchCoverage="0" maxCyclomaticComplexity="1" minCyclomaticComplexity="1" maxCrapScore="2" minCrapScore="2" visitedClasses="0" numClasses="0" visitedMethods="0" numMethods="1" />
              <MetadataToken>100663628</MetadataToken>
              <Name>System.Void ExMat.Objects.ExNativeParam::.ctor(System.String,System.String,System.String,ExMat.Objects.ExObject,System.Int32)</Name>
              <FileRef uid="33" />
              <SequencePoints>
                <SequencePoint vc="0" uspid="8167" ordinal="0" offset="0" sl="66" sc="9" el="66" ec="113" bec="0" bev="0" fileid="33" />
                <SequencePoint vc="0" uspid="8168" ordinal="1" offset="7" sl="67" sc="9" el="67" ec="10" bec="0" bev="0" fileid="33" />
                <SequencePoint vc="0" uspid="8169" ordinal="2" offset="8" sl="68" sc="13" el="68" ec="52" bec="0" bev="0" fileid="33" />
                <SequencePoint vc="0" uspid="8170" ordinal="3" offset="22" sl="69" sc="9" el="69" ec="10" bec="0" bev="0" fileid="33" />
              </SequencePoints>
              <BranchPoints />
              <MethodPoint xsi:type="SequencePoint" vc="0" uspid="8167" ordinal="0" offset="0" sl="66" sc="9" el="66" ec="113" bec="0" bev="0" fileid="33" />
            </Method>
            <Method visited="false" cyclomaticComplexity="3" nPathComplexity="2" sequenceCoverage="0" branchCoverage="0" crapScore="12" isConstructor="false" isStatic="true" isGetter="false" isSetter="false">
              <Summary numSequencePoints="4" visitedSequencePoints="0" numBranchPoints="3" visitedBranchPoints="0" sequenceCoverage="0" branchCoverage="0" maxCyclomaticComplexity="3" minCyclomaticComplexity="3" maxCrapScore="12" minCrapScore="12" visitedClasses="0" numClasses="0" visitedMethods="0" numMethods="1" />
              <MetadataToken>100663629</MetadataToken>
              <Name>ExMat.Objects.ExNativeParam ExMat.Objects.ExNativeParam::Create(System.String,System.String,System.String,ExMat.Objects.ExObject,System.Int32)</Name>
              <FileRef uid="33" />
              <SequencePoints>
                <SequencePoint vc="0" uspid="8171" ordinal="0" offset="0" sl="72" sc="9" el="72" ec="10" bec="0" bev="0" fileid="33" />
                <SequencePoint vc="0" uspid="8172" ordinal="1" offset="1" sl="73" sc="13" el="73" ec="64" bec="0" bev="0" fileid="33" />
                <SequencePoint vc="0" uspid="8173" ordinal="2" offset="13" sl="74" sc="13" el="74" ec="41" bec="2" bev="0" fileid="33" />
                <SequencePoint vc="0" uspid="8174" ordinal="3" offset="28" sl="75" sc="9" el="75" ec="10" bec="0" bev="0" fileid="33" />
              </SequencePoints>
              <BranchPoints>
                <BranchPoint vc="0" uspid="8175" ordinal="0" offset="19" sl="74" path="0" offsetend="21" fileid="33" />
                <BranchPoint vc="0" uspid="8176" ordinal="1" offset="19" sl="74" path="1" offsetend="24" fileid="33" />
              </BranchPoints>
              <MethodPoint xsi:type="SequencePoint" vc="0" uspid="8171" ordinal="0" offset="0" sl="72" sc="9" el="72" ec="10" bec="0" bev="0" fileid="33" />
            </Method>
            <Method visited="false" cyclomaticComplexity="3" nPathComplexity="4" sequenceCoverage="0" branchCoverage="0" crapScore="12" isConstructor="false" isStatic="false" isGetter="false" isSetter="false">
              <Summary numSequencePoints="15" visitedSequencePoints="0" numBranchPoints="5" visitedBranchPoints="0" sequenceCoverage="0" branchCoverage="0" maxCyclomaticComplexity="3" minCyclomaticComplexity="3" maxCrapScore="12" minCrapScore="12" visitedClasses="0" numClasses="0" visitedMethods="0" numMethods="1" />
              <MetadataToken>100663630</MetadataToken>
              <Name>System.Void ExMat.Objects.ExNativeParam::Dispose(System.Boolean)</Name>
              <FileRef uid="33" />
              <SequencePoints>
                <SequencePoint vc="0" uspid="8177" ordinal="0" offset="0" sl="78" sc="9" el="78" ec="10" bec="0" bev="0" fileid="33" />
                <SequencePoint vc="0" uspid="8178" ordinal="1" offset="1" sl="79" sc="13" el="79" ec="32" bec="2" bev="0" fileid="33" />
                <SequencePoint vc="0" uspid="8179" ordinal="2" offset="14" sl="80" sc="13" el="80" ec="14" bec="0" bev="0" fileid="33" />
                <SequencePoint vc="0" uspid="8180" ordinal="3" offset="15" sl="81" sc="17" el="81" ec="31" bec="2" bev="0" fileid="33" />
                <SequencePoint vc="0" uspid="8181" ordinal="4" offset="20" sl="82" sc="17" el="82" ec="18" bec="0" bev="0" fileid="33" />
                <SequencePoint vc="0" uspid="8182" ordinal="5" offset="21" sl="83" sc="21" el="83" ec="61" bec="0" bev="0" fileid="33" />
                <SequencePoint vc="0" uspid="8183" ordinal="6" offset="42" sl="84" sc="21" el="84" ec="33" bec="0" bev="0" fileid="33" />
                <SequencePoint vc="0" uspid="8184" ordinal="7" offset="49" sl="85" sc="21" el="85" ec="40" bec="0" bev="0" fileid="33" />
                <SequencePoint vc="0" uspid="8185" ordinal="8" offset="56" sl="86" sc="21" el="86" ec="43" bec="0" bev="0" fileid="33" />
                <SequencePoint vc="0" uspid="8186" ordinal="9" offset="63" sl="87" sc="21" el="87" ec="37" bec="0" bev="0" fileid="33" />
                <SequencePoint vc="0" uspid="8187" ordinal="10" offset="70" sl="88" sc="21" el="88" ec="41" bec="0" bev="0" fileid="33" />
                <SequencePoint vc="0" uspid="8188" ordinal="11" offset="77" sl="89" sc="17" el="89" ec="18" bec="0" bev="0" fileid="33" />
                <SequencePoint vc="0" uspid="8189" ordinal="12" offset="78" sl="93" sc="17" el="93" ec="38" bec="0" bev="0" fileid="33" />
                <SequencePoint vc="0" uspid="8190" ordinal="13" offset="85" sl="94" sc="13" el="94" ec="14" bec="0" bev="0" fileid="33" />
                <SequencePoint vc="0" uspid="8191" ordinal="14" offset="86" sl="95" sc="9" el="95" ec="10" bec="0" bev="0" fileid="33" />
              </SequencePoints>
              <BranchPoints>
                <BranchPoint vc="0" uspid="8192" ordinal="0" offset="12" sl="79" path="0" offsetend="14" fileid="33" />
                <BranchPoint vc="0" uspid="8193" ordinal="1" offset="12" sl="79" path="1" offsetend="86" fileid="33" />
                <BranchPoint vc="0" uspid="8194" ordinal="2" offset="18" sl="81" path="0" offsetend="20" fileid="33" />
                <BranchPoint vc="0" uspid="8195" ordinal="3" offset="18" sl="81" path="1" offsetend="78" fileid="33" />
              </BranchPoints>
              <MethodPoint xsi:type="SequencePoint" vc="0" uspid="8177" ordinal="0" offset="0" sl="78" sc="9" el="78" ec="10" bec="0" bev="0" fileid="33" />
            </Method>
            <Method visited="false" cyclomaticComplexity="1" nPathComplexity="0" sequenceCoverage="0" branchCoverage="0" crapScore="2" isConstructor="false" isStatic="false" isGetter="false" isSetter="false">
              <Summary numSequencePoints="4" visitedSequencePoints="0" numBranchPoints="1" visitedBranchPoints="0" sequenceCoverage="0" branchCoverage="0" maxCyclomaticComplexity="1" minCyclomaticComplexity="1" maxCrapScore="2" minCrapScore="2" visitedClasses="0" numClasses="0" visitedMethods="0" numMethods="1" />
              <MetadataToken>100663631</MetadataToken>
              <Name>System.Void ExMat.Objects.ExNativeParam::Dispose()</Name>
              <FileRef uid="33" />
              <SequencePoints>
                <SequencePoint vc="0" uspid="8196" ordinal="0" offset="0" sl="98" sc="9" el="98" ec="10" bec="0" bev="0" fileid="33" />
                <SequencePoint vc="0" uspid="8197" ordinal="1" offset="1" sl="100" sc="13" el="100" ec="38" bec="0" bev="0" fileid="33" />
                <SequencePoint vc="0" uspid="8198" ordinal="2" offset="9" sl="101" sc="13" el="101" ec="39" bec="0" bev="0" fileid="33" />
                <SequencePoint vc="0" uspid="8199" ordinal="3" offset="16" sl="102" sc="9" el="102" ec="10" bec="0" bev="0" fileid="33" />
              </SequencePoints>
              <BranchPoints />
              <MethodPoint xsi:type="SequencePoint" vc="0" uspid="8196" ordinal="0" offset="0" sl="98" sc="9" el="98" ec="10" bec="0" bev="0" fileid="33" />
            </Method>
          </Methods>
        </Class>
        <Class>
          <Summary numSequencePoints="393" visitedSequencePoints="332" numBranchPoints="131" visitedBranchPoints="69" sequenceCoverage="84.48" branchCoverage="52.67" maxCyclomaticComplexity="18" minCyclomaticComplexity="1" maxCrapScore="342" minCrapScore="1" visitedClasses="1" numClasses="1" visitedMethods="50" numMethods="59" />
          <FullName>ExMat.Objects.ExObject</FullName>
          <Methods>
            <Method visited="true" cyclomaticComplexity="2" nPathComplexity="2" sequenceCoverage="100" branchCoverage="66.67" crapScore="2" isConstructor="false" isStatic="false" isGetter="false" isSetter="false">
              <Summary numSequencePoints="3" visitedSequencePoints="3" numBranchPoints="3" visitedBranchPoints="2" sequenceCoverage="100" branchCoverage="66.67" maxCyclomaticComplexity="2" minCyclomaticComplexity="2" maxCrapScore="2" minCrapScore="2" visitedClasses="0" numClasses="0" visitedMethods="1" numMethods="1" />
              <MetadataToken>100663632</MetadataToken>
              <Name>System.Int64 ExMat.Objects.ExObject::GetInt()</Name>
              <FileRef uid="34" />
              <SequencePoints>
                <SequencePoint vc="34" uspid="8200" ordinal="0" offset="0" sl="44" sc="9" el="44" ec="10" bec="0" bev="0" fileid="34" />
                <SequencePoint vc="34" uspid="8201" ordinal="1" offset="1" sl="45" sc="13" el="45" ec="82" bec="2" bev="1" fileid="34" />
                <SequencePoint vc="34" uspid="8202" ordinal="2" offset="42" sl="46" sc="9" el="46" ec="10" bec="0" bev="0" fileid="34" />
              </SequencePoints>
              <BranchPoints>
                <BranchPoint vc="0" uspid="8203" ordinal="0" offset="12" sl="45" path="0" offsetend="14" fileid="34" />
                <BranchPoint vc="34" uspid="8204" ordinal="1" offset="12" sl="45" path="1" offsetend="28" fileid="34" />
              </BranchPoints>
              <MethodPoint xsi:type="SequencePoint" vc="34" uspid="8200" ordinal="0" offset="0" sl="44" sc="9" el="44" ec="10" bec="0" bev="0" fileid="34" />
            </Method>
            <Method visited="true" cyclomaticComplexity="2" nPathComplexity="2" sequenceCoverage="100" branchCoverage="66.67" crapScore="2" isConstructor="false" isStatic="false" isGetter="false" isSetter="false">
              <Summary numSequencePoints="3" visitedSequencePoints="3" numBranchPoints="3" visitedBranchPoints="2" sequenceCoverage="100" branchCoverage="66.67" maxCyclomaticComplexity="2" minCyclomaticComplexity="2" maxCrapScore="2" minCrapScore="2" visitedClasses="0" numClasses="0" visitedMethods="1" numMethods="1" />
              <MetadataToken>100663633</MetadataToken>
              <Name>System.Double ExMat.Objects.ExObject::GetFloat()</Name>
              <FileRef uid="34" />
              <SequencePoints>
                <SequencePoint vc="33" uspid="8205" ordinal="0" offset="0" sl="54" sc="9" el="54" ec="10" bec="0" bev="0" fileid="34" />
                <SequencePoint vc="33" uspid="8206" ordinal="1" offset="1" sl="55" sc="13" el="55" ec="74" bec="2" bev="1" fileid="34" />
                <SequencePoint vc="33" uspid="8207" ordinal="2" offset="42" sl="56" sc="9" el="56" ec="10" bec="0" bev="0" fileid="34" />
              </SequencePoints>
              <BranchPoints>
                <BranchPoint vc="0" uspid="8208" ordinal="0" offset="12" sl="55" path="0" offsetend="14" fileid="34" />
                <BranchPoint vc="33" uspid="8209" ordinal="1" offset="12" sl="55" path="1" offsetend="28" fileid="34" />
              </BranchPoints>
              <MethodPoint xsi:type="SequencePoint" vc="33" uspid="8205" ordinal="0" offset="0" sl="54" sc="9" el="54" ec="10" bec="0" bev="0" fileid="34" />
            </Method>
            <Method visited="true" cyclomaticComplexity="1" nPathComplexity="0" sequenceCoverage="100" branchCoverage="100" crapScore="1" isConstructor="false" isStatic="false" isGetter="false" isSetter="false">
              <Summary numSequencePoints="3" visitedSequencePoints="3" numBranchPoints="1" visitedBranchPoints="1" sequenceCoverage="100" branchCoverage="100" maxCyclomaticComplexity="1" minCyclomaticComplexity="1" maxCrapScore="1" minCrapScore="1" visitedClasses="0" numClasses="0" visitedMethods="1" numMethods="1" />
              <MetadataToken>100663634</MetadataToken>
              <Name>System.Numerics.Complex ExMat.Objects.ExObject::GetComplex()</Name>
              <FileRef uid="34" />
              <SequencePoints>
                <SequencePoint vc="9" uspid="8210" ordinal="0" offset="0" sl="63" sc="9" el="63" ec="10" bec="0" bev="0" fileid="34" />
                <SequencePoint vc="9" uspid="8211" ordinal="1" offset="1" sl="64" sc="13" el="64" ec="54" bec="0" bev="0" fileid="34" />
                <SequencePoint vc="9" uspid="8212" ordinal="2" offset="31" sl="65" sc="9" el="65" ec="10" bec="0" bev="0" fileid="34" />
              </SequencePoints>
              <BranchPoints />
              <MethodPoint xsi:type="SequencePoint" vc="9" uspid="8210" ordinal="0" offset="0" sl="63" sc="9" el="63" ec="10" bec="0" bev="0" fileid="34" />
            </Method>
            <Method visited="false" cyclomaticComplexity="1" nPathComplexity="0" sequenceCoverage="0" branchCoverage="0" crapScore="2" isConstructor="false" isStatic="false" isGetter="false" isSetter="false">
              <Summary numSequencePoints="3" visitedSequencePoints="0" numBranchPoints="1" visitedBranchPoints="0" sequenceCoverage="0" branchCoverage="0" maxCyclomaticComplexity="1" minCyclomaticComplexity="1" maxCrapScore="2" minCrapScore="2" visitedClasses="0" numClasses="0" visitedMethods="0" numMethods="1" />
              <MetadataToken>100663635</MetadataToken>
              <Name>System.Numerics.Complex ExMat.Objects.ExObject::GetComplexConj()</Name>
              <FileRef uid="34" />
              <SequencePoints>
                <SequencePoint vc="0" uspid="8213" ordinal="0" offset="0" sl="71" sc="9" el="71" ec="10" bec="0" bev="0" fileid="34" />
                <SequencePoint vc="0" uspid="8214" ordinal="1" offset="1" sl="72" sc="13" el="72" ec="55" bec="0" bev="0" fileid="34" />
                <SequencePoint vc="0" uspid="8215" ordinal="2" offset="32" sl="73" sc="9" el="73" ec="10" bec="0" bev="0" fileid="34" />
              </SequencePoints>
              <BranchPoints />
              <MethodPoint xsi:type="SequencePoint" vc="0" uspid="8213" ordinal="0" offset="0" sl="71" sc="9" el="71" ec="10" bec="0" bev="0" fileid="34" />
            </Method>
            <Method visited="false" cyclomaticComplexity="4" nPathComplexity="8" sequenceCoverage="0" branchCoverage="0" crapScore="20" isConstructor="false" isStatic="false" isGetter="false" isSetter="false">
              <Summary numSequencePoints="3" visitedSequencePoints="0" numBranchPoints="7" visitedBranchPoints="0" sequenceCoverage="0" branchCoverage="0" maxCyclomaticComplexity="4" minCyclomaticComplexity="4" maxCrapScore="20" minCrapScore="20" visitedClasses="0" numClasses="0" visitedMethods="0" numMethods="1" />
              <MetadataToken>100663636</MetadataToken>
              <Name>System.String ExMat.Objects.ExObject::GetComplexString()</Name>
              <FileRef uid="34" />
              <SequencePoints>
                <SequencePoint vc="0" uspid="8216" ordinal="0" offset="0" sl="80" sc="9" el="80" ec="10" bec="0" bev="0" fileid="34" />
                <SequencePoint vc="0" uspid="8217" ordinal="1" offset="1" sl="81" sc="13" el="87" ec="112" bec="6" bev="0" fileid="34" />
                <SequencePoint vc="0" uspid="8218" ordinal="2" offset="220" sl="88" sc="9" el="88" ec="10" bec="0" bev="0" fileid="34" />
              </SequencePoints>
              <BranchPoints>
                <BranchPoint vc="0" uspid="8219" ordinal="0" offset="21" sl="81" path="0" offsetend="26" fileid="34" />
                <BranchPoint vc="0" uspid="8220" ordinal="1" offset="21" sl="81" path="1" offsetend="191" fileid="34" />
                <BranchPoint vc="0" uspid="8221" ordinal="2" offset="46" sl="81" path="0" offsetend="48" fileid="34" />
                <BranchPoint vc="0" uspid="8222" ordinal="3" offset="46" sl="81" path="1" offsetend="142" fileid="34" />
                <BranchPoint vc="0" uspid="8223" ordinal="4" offset="68" sl="81" path="0" offsetend="70" fileid="34" />
                <BranchPoint vc="0" uspid="8224" ordinal="5" offset="68" sl="81" path="1" offsetend="119" fileid="34" />
              </BranchPoints>
              <MethodPoint xsi:type="SequencePoint" vc="0" uspid="8216" ordinal="0" offset="0" sl="80" sc="9" el="80" ec="10" bec="0" bev="0" fileid="34" />
            </Method>
            <Method visited="true" cyclomaticComplexity="4" nPathComplexity="8" sequenceCoverage="71.43" branchCoverage="71.43" crapScore="4.37" isConstructor="false" isStatic="false" isGetter="false" isSetter="false">
              <Summary numSequencePoints="7" visitedSequencePoints="5" numBranchPoints="7" visitedBranchPoints="5" sequenceCoverage="71.43" branchCoverage="71.43" maxCyclomaticComplexity="4" minCyclomaticComplexity="4" maxCrapScore="4.37" minCrapScore="4.37" visitedClasses="0" numClasses="0" visitedMethods="1" numMethods="1" />
              <MetadataToken>100663637</MetadataToken>
              <Name>System.String ExMat.Objects.ExObject::GetString()</Name>
              <FileRef uid="34" />
              <SequencePoints>
                <SequencePoint vc="10" uspid="8225" ordinal="0" offset="0" sl="95" sc="9" el="95" ec="10" bec="0" bev="0" fileid="34" />
                <SequencePoint vc="10" uspid="8226" ordinal="1" offset="1" sl="96" sc="13" el="96" ec="26" bec="3" bev="2" fileid="34" />
                <SequencePoint vc="10" uspid="8227" ordinal="2" offset="30" sl="100" sc="21" el="100" ec="22" bec="0" bev="0" fileid="34" />
                <SequencePoint vc="10" uspid="8228" ordinal="3" offset="31" sl="101" sc="25" el="101" ec="69" bec="2" bev="2" fileid="34" />
                <SequencePoint vc="0" uspid="8229" ordinal="4" offset="54" sl="104" sc="21" el="104" ec="22" bec="0" bev="0" fileid="34" />
                <SequencePoint vc="0" uspid="8230" ordinal="5" offset="55" sl="105" sc="25" el="105" ec="45" bec="0" bev="0" fileid="34" />
                <SequencePoint vc="10" uspid="8231" ordinal="6" offset="63" sl="108" sc="9" el="108" ec="10" bec="0" bev="0" fileid="34" />
              </SequencePoints>
              <BranchPoints>
                <BranchPoint vc="10" uspid="8232" ordinal="0" offset="16" sl="96" path="0" offsetchain="18" offsetend="20" fileid="34" />
                <BranchPoint vc="0" uspid="8233" ordinal="1" offset="16" sl="96" path="1" offsetend="30" fileid="34" />
                <BranchPoint vc="0" uspid="8234" ordinal="2" offset="26" sl="96" path="0" offsetchain="28" offsetend="54" fileid="34" />
                <BranchPoint vc="10" uspid="8235" ordinal="3" offset="26" sl="96" path="1" offsetend="30" fileid="34" />
                <BranchPoint vc="1" uspid="8236" ordinal="4" offset="43" sl="101" path="0" offsetend="45" fileid="34" />
                <BranchPoint vc="9" uspid="8237" ordinal="5" offset="43" sl="101" path="1" offsetend="51" fileid="34" />
              </BranchPoints>
              <MethodPoint xsi:type="SequencePoint" vc="10" uspid="8225" ordinal="0" offset="0" sl="95" sc="9" el="95" ec="10" bec="0" bev="0" fileid="34" />
            </Method>
            <Method visited="true" cyclomaticComplexity="1" nPathComplexity="0" sequenceCoverage="100" branchCoverage="100" crapScore="1" isConstructor="false" isStatic="false" isGetter="false" isSetter="false">
              <Summary numSequencePoints="3" visitedSequencePoints="3" numBranchPoints="1" visitedBranchPoints="1" sequenceCoverage="100" branchCoverage="100" maxCyclomaticComplexity="1" minCyclomaticComplexity="1" maxCrapScore="1" minCrapScore="1" visitedClasses="0" numClasses="0" visitedMethods="1" numMethods="1" />
              <MetadataToken>100663638</MetadataToken>
              <Name>ExMat.Objects.ExWeakRef ExMat.Objects.ExObject::GetWeakRef()</Name>
              <FileRef uid="34" />
              <SequencePoints>
                <SequencePoint vc="1" uspid="8238" ordinal="0" offset="0" sl="115" sc="9" el="115" ec="10" bec="0" bev="0" fileid="34" />
                <SequencePoint vc="1" uspid="8239" ordinal="1" offset="1" sl="116" sc="13" el="116" ec="41" bec="0" bev="0" fileid="34" />
                <SequencePoint vc="1" uspid="8240" ordinal="2" offset="15" sl="117" sc="9" el="117" ec="10" bec="0" bev="0" fileid="34" />
              </SequencePoints>
              <BranchPoints />
              <MethodPoint xsi:type="SequencePoint" vc="1" uspid="8238" ordinal="0" offset="0" sl="115" sc="9" el="115" ec="10" bec="0" bev="0" fileid="34" />
            </Method>
            <Method visited="false" cyclomaticComplexity="1" nPathComplexity="0" sequenceCoverage="0" branchCoverage="0" crapScore="2" isConstructor="false" isStatic="false" isGetter="false" isSetter="false">
              <Summary numSequencePoints="3" visitedSequencePoints="0" numBranchPoints="1" visitedBranchPoints="0" sequenceCoverage="0" branchCoverage="0" maxCyclomaticComplexity="1" minCyclomaticComplexity="1" maxCrapScore="2" minCrapScore="2" visitedClasses="0" numClasses="0" visitedMethods="0" numMethods="1" />
              <MetadataToken>100663639</MetadataToken>
              <Name>System.Void ExMat.Objects.ExObject::SetString(System.String)</Name>
              <FileRef uid="34" />
              <SequencePoints>
                <SequencePoint vc="0" uspid="8241" ordinal="0" offset="0" sl="120" sc="9" el="120" ec="10" bec="0" bev="0" fileid="34" />
                <SequencePoint vc="0" uspid="8242" ordinal="1" offset="1" sl="121" sc="13" el="121" ec="38" bec="0" bev="0" fileid="34" />
                <SequencePoint vc="0" uspid="8243" ordinal="2" offset="13" sl="122" sc="9" el="122" ec="10" bec="0" bev="0" fileid="34" />
              </SequencePoints>
              <BranchPoints />
              <MethodPoint xsi:type="SequencePoint" vc="0" uspid="8241" ordinal="0" offset="0" sl="120" sc="9" el="120" ec="10" bec="0" bev="0" fileid="34" />
            </Method>
            <Method visited="true" cyclomaticComplexity="9" nPathComplexity="128" sequenceCoverage="50" branchCoverage="26.67" crapScore="19.12" isConstructor="false" isStatic="false" isGetter="false" isSetter="false">
              <Summary numSequencePoints="12" visitedSequencePoints="6" numBranchPoints="15" visitedBranchPoints="4" sequenceCoverage="50" branchCoverage="26.67" maxCyclomaticComplexity="9" minCyclomaticComplexity="9" maxCrapScore="19.12" minCrapScore="19.12" visitedClasses="0" numClasses="0" visitedMethods="1" numMethods="1" />
              <MetadataToken>100663640</MetadataToken>
              <Name>System.Boolean ExMat.Objects.ExObject::GetBool()</Name>
              <FileRef uid="34" />
              <SequencePoints>
                <SequencePoint vc="2" uspid="8244" ordinal="0" offset="0" sl="129" sc="9" el="129" ec="10" bec="0" bev="0" fileid="34" />
                <SequencePoint vc="2" uspid="8245" ordinal="1" offset="1" sl="130" sc="13" el="130" ec="47" bec="2" bev="1" fileid="34" />
                <SequencePoint vc="2" uspid="8246" ordinal="2" offset="14" sl="131" sc="13" el="131" ec="14" bec="0" bev="0" fileid="34" />
                <SequencePoint vc="2" uspid="8247" ordinal="3" offset="15" sl="132" sc="17" el="132" ec="30" bec="9" bev="2" fileid="34" />
                <SequencePoint vc="2" uspid="8248" ordinal="4" offset="85" sl="135" sc="25" el="135" ec="45" bec="0" bev="0" fileid="34" />
                <SequencePoint vc="0" uspid="8249" ordinal="5" offset="99" sl="137" sc="25" el="137" ec="38" bec="0" bev="0" fileid="34" />
                <SequencePoint vc="0" uspid="8250" ordinal="6" offset="103" sl="139" sc="25" el="139" ec="49" bec="0" bev="0" fileid="34" />
                <SequencePoint vc="0" uspid="8251" ordinal="7" offset="121" sl="141" sc="25" el="141" ec="51" bec="0" bev="0" fileid="34" />
                <SequencePoint vc="0" uspid="8252" ordinal="8" offset="149" sl="143" sc="25" el="143" ec="73" bec="2" bev="0" fileid="34" />
                <SequencePoint vc="0" uspid="8253" ordinal="9" offset="202" sl="145" sc="25" el="145" ec="37" bec="0" bev="0" fileid="34" />
                <SequencePoint vc="0" uspid="8254" ordinal="10" offset="206" sl="148" sc="13" el="148" ec="25" bec="0" bev="0" fileid="34" />
                <SequencePoint vc="2" uspid="8255" ordinal="11" offset="210" sl="149" sc="9" el="149" ec="10" bec="0" bev="0" fileid="34" />
              </SequencePoints>
              <BranchPoints>
                <BranchPoint vc="2" uspid="8256" ordinal="0" offset="9" sl="130" path="0" offsetend="14" fileid="34" />
                <BranchPoint vc="0" uspid="8257" ordinal="1" offset="9" sl="130" path="1" offsetend="206" fileid="34" />
                <BranchPoint vc="2" uspid="8258" ordinal="2" offset="38" sl="132" path="0" offsetchain="40" offsetend="42" fileid="34" />
                <BranchPoint vc="0" uspid="8259" ordinal="3" offset="38" sl="132" path="1" offsetend="99" fileid="34" />
                <BranchPoint vc="0" uspid="8260" ordinal="4" offset="48" sl="132" path="0" offsetchain="50" offsetend="202" fileid="34" />
                <BranchPoint vc="2" uspid="8261" ordinal="5" offset="48" sl="132" path="1" offsetend="85" fileid="34" />
                <BranchPoint vc="0" uspid="8262" ordinal="6" offset="61" sl="132" path="0" offsetchain="63" offsetend="65" fileid="34" />
                <BranchPoint vc="0" uspid="8263" ordinal="7" offset="61" sl="132" path="1" offsetend="103" fileid="34" />
                <BranchPoint vc="0" uspid="8264" ordinal="8" offset="71" sl="132" path="0" offsetchain="73" offsetend="75" fileid="34" />
                <BranchPoint vc="0" uspid="8265" ordinal="9" offset="71" sl="132" path="1" offsetend="121" fileid="34" />
                <BranchPoint vc="0" uspid="8266" ordinal="10" offset="81" sl="132" path="0" offsetchain="83" offsetend="202" fileid="34" />
                <BranchPoint vc="0" uspid="8267" ordinal="11" offset="81" sl="132" path="1" offsetend="149" fileid="34" />
                <BranchPoint vc="0" uspid="8268" ordinal="12" offset="169" sl="143" path="0" offsetend="171" fileid="34" />
                <BranchPoint vc="0" uspid="8269" ordinal="13" offset="169" sl="143" path="1" offsetend="198" fileid="34" />
              </BranchPoints>
              <MethodPoint xsi:type="SequencePoint" vc="2" uspid="8244" ordinal="0" offset="0" sl="129" sc="9" el="129" ec="10" bec="0" bev="0" fileid="34" />
            </Method>
            <Method visited="true" cyclomaticComplexity="1" nPathComplexity="0" sequenceCoverage="100" branchCoverage="100" crapScore="1" isConstructor="false" isStatic="false" isGetter="false" isSetter="false">
              <Summary numSequencePoints="3" visitedSequencePoints="3" numBranchPoints="1" visitedBranchPoints="1" sequenceCoverage="100" branchCoverage="100" maxCyclomaticComplexity="1" minCyclomaticComplexity="1" maxCrapScore="1" minCrapScore="1" visitedClasses="0" numClasses="0" visitedMethods="1" numMethods="1" />
              <MetadataToken>100663641</MetadataToken>
              <Name>System.Collections.Generic.Dictionary`2&lt;System.String,ExMat.Objects.ExObject&gt; ExMat.Objects.ExObject::GetDict()</Name>
              <FileRef uid="34" />
              <SequencePoints>
                <SequencePoint vc="2" uspid="8270" ordinal="0" offset="0" sl="157" sc="9" el="157" ec="10" bec="0" bev="0" fileid="34" />
                <SequencePoint vc="2" uspid="8271" ordinal="1" offset="1" sl="158" sc="13" el="158" ec="39" bec="0" bev="0" fileid="34" />
                <SequencePoint vc="2" uspid="8272" ordinal="2" offset="15" sl="159" sc="9" el="159" ec="10" bec="0" bev="0" fileid="34" />
              </SequencePoints>
              <BranchPoints />
              <MethodPoint xsi:type="SequencePoint" vc="2" uspid="8270" ordinal="0" offset="0" sl="157" sc="9" el="157" ec="10" bec="0" bev="0" fileid="34" />
            </Method>
            <Method visited="true" cyclomaticComplexity="1" nPathComplexity="0" sequenceCoverage="100" branchCoverage="100" crapScore="1" isConstructor="false" isStatic="false" isGetter="false" isSetter="false">
              <Summary numSequencePoints="3" visitedSequencePoints="3" numBranchPoints="1" visitedBranchPoints="1" sequenceCoverage="100" branchCoverage="100" maxCyclomaticComplexity="1" minCyclomaticComplexity="1" maxCrapScore="1" minCrapScore="1" visitedClasses="0" numClasses="0" visitedMethods="1" numMethods="1" />
              <MetadataToken>100663642</MetadataToken>
              <Name>System.Collections.Generic.List`1&lt;ExMat.Objects.ExObject&gt; ExMat.Objects.ExObject::GetList()</Name>
              <FileRef uid="34" />
              <SequencePoints>
                <SequencePoint vc="6" uspid="8273" ordinal="0" offset="0" sl="166" sc="9" el="166" ec="10" bec="0" bev="0" fileid="34" />
                <SequencePoint vc="6" uspid="8274" ordinal="1" offset="1" sl="167" sc="13" el="167" ec="39" bec="0" bev="0" fileid="34" />
                <SequencePoint vc="6" uspid="8275" ordinal="2" offset="15" sl="168" sc="9" el="168" ec="10" bec="0" bev="0" fileid="34" />
              </SequencePoints>
              <BranchPoints />
              <MethodPoint xsi:type="SequencePoint" vc="6" uspid="8273" ordinal="0" offset="0" sl="166" sc="9" el="166" ec="10" bec="0" bev="0" fileid="34" />
            </Method>
            <Method visited="true" cyclomaticComplexity="1" nPathComplexity="0" sequenceCoverage="100" branchCoverage="100" crapScore="1" isConstructor="false" isStatic="false" isGetter="false" isSetter="false">
              <Summary numSequencePoints="3" visitedSequencePoints="3" numBranchPoints="1" visitedBranchPoints="1" sequenceCoverage="100" branchCoverage="100" maxCyclomaticComplexity="1" minCyclomaticComplexity="1" maxCrapScore="1" minCrapScore="1" visitedClasses="0" numClasses="0" visitedMethods="1" numMethods="1" />
              <MetadataToken>100663643</MetadataToken>
              <Name>ExMat.Closure.ExClosure ExMat.Objects.ExObject::GetClosure()</Name>
              <FileRef uid="34" />
              <SequencePoints>
                <SequencePoint vc="4" uspid="8276" ordinal="0" offset="0" sl="175" sc="9" el="175" ec="10" bec="0" bev="0" fileid="34" />
                <SequencePoint vc="4" uspid="8277" ordinal="1" offset="1" sl="176" sc="13" el="176" ec="41" bec="0" bev="0" fileid="34" />
                <SequencePoint vc="4" uspid="8278" ordinal="2" offset="15" sl="177" sc="9" el="177" ec="10" bec="0" bev="0" fileid="34" />
              </SequencePoints>
              <BranchPoints />
              <MethodPoint xsi:type="SequencePoint" vc="4" uspid="8276" ordinal="0" offset="0" sl="175" sc="9" el="175" ec="10" bec="0" bev="0" fileid="34" />
            </Method>
            <Method visited="true" cyclomaticComplexity="1" nPathComplexity="0" sequenceCoverage="100" branchCoverage="100" crapScore="1" isConstructor="false" isStatic="false" isGetter="false" isSetter="false">
              <Summary numSequencePoints="3" visitedSequencePoints="3" numBranchPoints="1" visitedBranchPoints="1" sequenceCoverage="100" branchCoverage="100" maxCyclomaticComplexity="1" minCyclomaticComplexity="1" maxCrapScore="1" minCrapScore="1" visitedClasses="0" numClasses="0" visitedMethods="1" numMethods="1" />
              <MetadataToken>100663644</MetadataToken>
              <Name>ExMat.Closure.ExNativeClosure ExMat.Objects.ExObject::GetNClosure()</Name>
              <FileRef uid="34" />
              <SequencePoints>
                <SequencePoint vc="2" uspid="8279" ordinal="0" offset="0" sl="184" sc="9" el="184" ec="10" bec="0" bev="0" fileid="34" />
                <SequencePoint vc="2" uspid="8280" ordinal="1" offset="1" sl="185" sc="13" el="185" ec="47" bec="0" bev="0" fileid="34" />
                <SequencePoint vc="2" uspid="8281" ordinal="2" offset="15" sl="186" sc="9" el="186" ec="10" bec="0" bev="0" fileid="34" />
              </SequencePoints>
              <BranchPoints />
              <MethodPoint xsi:type="SequencePoint" vc="2" uspid="8279" ordinal="0" offset="0" sl="184" sc="9" el="184" ec="10" bec="0" bev="0" fileid="34" />
            </Method>
            <Method visited="true" cyclomaticComplexity="1" nPathComplexity="0" sequenceCoverage="100" branchCoverage="100" crapScore="1" isConstructor="false" isStatic="false" isGetter="false" isSetter="false">
              <Summary numSequencePoints="3" visitedSequencePoints="3" numBranchPoints="1" visitedBranchPoints="1" sequenceCoverage="100" branchCoverage="100" maxCyclomaticComplexity="1" minCyclomaticComplexity="1" maxCrapScore="1" minCrapScore="1" visitedClasses="0" numClasses="0" visitedMethods="1" numMethods="1" />
              <MetadataToken>100663645</MetadataToken>
              <Name>ExMat.ExClass.ExInstance ExMat.Objects.ExObject::GetInstance()</Name>
              <FileRef uid="34" />
              <SequencePoints>
                <SequencePoint vc="2" uspid="8282" ordinal="0" offset="0" sl="193" sc="9" el="193" ec="10" bec="0" bev="0" fileid="34" />
                <SequencePoint vc="2" uspid="8283" ordinal="1" offset="1" sl="194" sc="13" el="194" ec="42" bec="0" bev="0" fileid="34" />
                <SequencePoint vc="2" uspid="8284" ordinal="2" offset="15" sl="195" sc="9" el="195" ec="10" bec="0" bev="0" fileid="34" />
              </SequencePoints>
              <BranchPoints />
              <MethodPoint xsi:type="SequencePoint" vc="2" uspid="8282" ordinal="0" offset="0" sl="193" sc="9" el="193" ec="10" bec="0" bev="0" fileid="34" />
            </Method>
            <Method visited="true" cyclomaticComplexity="1" nPathComplexity="0" sequenceCoverage="100" branchCoverage="100" crapScore="1" isConstructor="false" isStatic="false" isGetter="false" isSetter="false">
              <Summary numSequencePoints="3" visitedSequencePoints="3" numBranchPoints="1" visitedBranchPoints="1" sequenceCoverage="100" branchCoverage="100" maxCyclomaticComplexity="1" minCyclomaticComplexity="1" maxCrapScore="1" minCrapScore="1" visitedClasses="0" numClasses="0" visitedMethods="1" numMethods="1" />
              <MetadataToken>100663646</MetadataToken>
              <Name>ExMat.ExClass.ExClass ExMat.Objects.ExObject::GetClass()</Name>
              <FileRef uid="34" />
              <SequencePoints>
                <SequencePoint vc="2" uspid="8285" ordinal="0" offset="0" sl="202" sc="9" el="202" ec="10" bec="0" bev="0" fileid="34" />
                <SequencePoint vc="2" uspid="8286" ordinal="1" offset="1" sl="203" sc="13" el="203" ec="39" bec="0" bev="0" fileid="34" />
                <SequencePoint vc="2" uspid="8287" ordinal="2" offset="15" sl="204" sc="9" el="204" ec="10" bec="0" bev="0" fileid="34" />
              </SequencePoints>
              <BranchPoints />
              <MethodPoint xsi:type="SequencePoint" vc="2" uspid="8285" ordinal="0" offset="0" sl="202" sc="9" el="202" ec="10" bec="0" bev="0" fileid="34" />
            </Method>
            <Method visited="true" cyclomaticComplexity="1" nPathComplexity="0" sequenceCoverage="100" branchCoverage="100" crapScore="1" isConstructor="false" isStatic="false" isGetter="false" isSetter="false">
              <Summary numSequencePoints="3" visitedSequencePoints="3" numBranchPoints="1" visitedBranchPoints="1" sequenceCoverage="100" branchCoverage="100" maxCyclomaticComplexity="1" minCyclomaticComplexity="1" maxCrapScore="1" minCrapScore="1" visitedClasses="0" numClasses="0" visitedMethods="1" numMethods="1" />
              <MetadataToken>100663647</MetadataToken>
              <Name>ExMat.Objects.ExSpace ExMat.Objects.ExObject::GetSpace()</Name>
              <FileRef uid="34" />
              <SequencePoints>
                <SequencePoint vc="2" uspid="8288" ordinal="0" offset="0" sl="211" sc="9" el="211" ec="10" bec="0" bev="0" fileid="34" />
                <SequencePoint vc="2" uspid="8289" ordinal="1" offset="1" sl="212" sc="13" el="212" ec="40" bec="0" bev="0" fileid="34" />
                <SequencePoint vc="2" uspid="8290" ordinal="2" offset="15" sl="213" sc="9" el="213" ec="10" bec="0" bev="0" fileid="34" />
              </SequencePoints>
              <BranchPoints />
              <MethodPoint xsi:type="SequencePoint" vc="2" uspid="8288" ordinal="0" offset="0" sl="211" sc="9" el="211" ec="10" bec="0" bev="0" fileid="34" />
            </Method>
            <Method visited="false" cyclomaticComplexity="18" nPathComplexity="8192" sequenceCoverage="0" branchCoverage="0" crapScore="342" isConstructor="false" isStatic="false" isGetter="false" isSetter="false">
              <Summary numSequencePoints="22" visitedSequencePoints="0" numBranchPoints="27" visitedBranchPoints="0" sequenceCoverage="0" branchCoverage="0" maxCyclomaticComplexity="18" minCyclomaticComplexity="18" maxCrapScore="342" minCrapScore="342" visitedClasses="0" numClasses="0" visitedMethods="0" numMethods="1" />
              <MetadataToken>100663648</MetadataToken>
              <Name>System.String ExMat.Objects.ExObject::GetDebuggerDisplay()</Name>
              <FileRef uid="34" />
              <SequencePoints>
                <SequencePoint vc="0" uspid="8291" ordinal="0" offset="0" sl="217" sc="9" el="217" ec="10" bec="0" bev="0" fileid="34" />
                <SequencePoint vc="0" uspid="8292" ordinal="1" offset="1" sl="218" sc="13" el="218" ec="40" bec="0" bev="0" fileid="34" />
                <SequencePoint vc="0" uspid="8293" ordinal="2" offset="19" sl="219" sc="13" el="219" ec="26" bec="14" bev="0" fileid="34" />
                <SequencePoint vc="0" uspid="8294" ordinal="3" offset="178" sl="221" sc="39" el="221" ec="139" bec="2" bev="0" fileid="34" />
                <SequencePoint vc="0" uspid="8295" ordinal="4" offset="239" sl="221" sc="140" el="221" ec="146" bec="0" bev="0" fileid="34" />
                <SequencePoint vc="0" uspid="8296" ordinal="5" offset="244" sl="222" sc="41" el="222" ec="61" bec="0" bev="0" fileid="34" />
                <SequencePoint vc="0" uspid="8297" ordinal="6" offset="271" sl="222" sc="62" el="222" ec="68" bec="0" bev="0" fileid="34" />
                <SequencePoint vc="0" uspid="8298" ordinal="7" offset="276" sl="223" sc="39" el="223" ec="61" bec="0" bev="0" fileid="34" />
                <SequencePoint vc="0" uspid="8299" ordinal="8" offset="303" sl="223" sc="62" el="223" ec="68" bec="0" bev="0" fileid="34" />
                <SequencePoint vc="0" uspid="8300" ordinal="9" offset="308" sl="224" sc="41" el="224" ec="102" bec="0" bev="0" fileid="34" />
                <SequencePoint vc="0" uspid="8301" ordinal="10" offset="340" sl="224" sc="103" el="224" ec="109" bec="0" bev="0" fileid="34" />
                <SequencePoint vc="0" uspid="8302" ordinal="11" offset="342" sl="225" sc="38" el="225" ec="74" bec="2" bev="0" fileid="34" />
                <SequencePoint vc="0" uspid="8303" ordinal="12" offset="369" sl="225" sc="75" el="225" ec="81" bec="0" bev="0" fileid="34" />
                <SequencePoint vc="0" uspid="8304" ordinal="13" offset="371" sl="226" sc="40" el="226" ec="63" bec="0" bev="0" fileid="34" />
                <SequencePoint vc="0" uspid="8305" ordinal="14" offset="389" sl="226" sc="64" el="226" ec="70" bec="0" bev="0" fileid="34" />
                <SequencePoint vc="0" uspid="8306" ordinal="15" offset="391" sl="227" sc="41" el="227" ec="120" bec="2" bev="0" fileid="34" />
                <SequencePoint vc="0" uspid="8307" ordinal="16" offset="425" sl="227" sc="121" el="227" ec="127" bec="0" bev="0" fileid="34" />
                <SequencePoint vc="0" uspid="8308" ordinal="17" offset="427" sl="228" sc="47" el="228" ec="128" bec="2" bev="0" fileid="34" />
                <SequencePoint vc="0" uspid="8309" ordinal="18" offset="461" sl="228" sc="129" el="228" ec="135" bec="0" bev="0" fileid="34" />
                <SequencePoint vc="0" uspid="8310" ordinal="19" offset="463" sl="229" sc="38" el="229" ec="44" bec="0" bev="0" fileid="34" />
                <SequencePoint vc="0" uspid="8311" ordinal="20" offset="465" sl="231" sc="13" el="231" ec="22" bec="0" bev="0" fileid="34" />
                <SequencePoint vc="0" uspid="8312" ordinal="21" offset="470" sl="232" sc="9" el="232" ec="10" bec="0" bev="0" fileid="34" />
              </SequencePoints>
              <BranchPoints>
                <BranchPoint vc="0" uspid="8313" ordinal="0" offset="50" sl="219" path="0" offsetchain="55" offsetend="57" fileid="34" />
                <BranchPoint vc="0" uspid="8314" ordinal="1" offset="50" sl="219" path="1" offsetchain="463" offsetend="465" fileid="34" />
                <BranchPoint vc="0" uspid="8315" ordinal="2" offset="63" sl="219" path="0" offsetchain="68" offsetend="465" fileid="34" />
                <BranchPoint vc="0" uspid="8316" ordinal="3" offset="63" sl="219" path="1" offsetend="342" fileid="34" />
                <BranchPoint vc="0" uspid="8317" ordinal="4" offset="79" sl="219" path="0" offsetchain="84" offsetend="86" fileid="34" />
                <BranchPoint vc="0" uspid="8318" ordinal="5" offset="79" sl="219" path="1" offsetend="371" fileid="34" />
                <BranchPoint vc="0" uspid="8319" ordinal="6" offset="92" sl="219" path="0" offsetchain="97" offsetend="465" fileid="34" />
                <BranchPoint vc="0" uspid="8320" ordinal="7" offset="92" sl="219" path="1" offsetend="244" fileid="34" />
                <BranchPoint vc="0" uspid="8321" ordinal="8" offset="116" sl="219" path="0" offsetchain="121" offsetend="123" fileid="34" />
                <BranchPoint vc="0" uspid="8322" ordinal="9" offset="116" sl="219" path="1" offsetend="276" fileid="34" />
                <BranchPoint vc="0" uspid="8323" ordinal="10" offset="129" sl="219" path="0" offsetchain="134" offsetend="465" fileid="34" />
                <BranchPoint vc="0" uspid="8324" ordinal="11" offset="129" sl="219" path="1" offsetend="308" fileid="34" />
                <BranchPoint vc="0" uspid="8325" ordinal="12" offset="145" sl="219" path="0" offsetchain="147" offsetend="149" fileid="34" />
                <BranchPoint vc="0" uspid="8326" ordinal="13" offset="145" sl="219" path="1" offsetend="178" fileid="34" />
                <BranchPoint vc="0" uspid="8327" ordinal="14" offset="155" sl="219" path="0" offsetchain="160" offsetend="162" fileid="34" />
                <BranchPoint vc="0" uspid="8328" ordinal="15" offset="155" sl="219" path="1" offsetend="391" fileid="34" />
                <BranchPoint vc="0" uspid="8329" ordinal="16" offset="168" sl="219" path="0" offsetchain="173" offsetend="465" fileid="34" />
                <BranchPoint vc="0" uspid="8330" ordinal="17" offset="168" sl="219" path="1" offsetend="427" fileid="34" />
                <BranchPoint vc="0" uspid="8331" ordinal="18" offset="185" sl="221" path="0" offsetend="187" fileid="34" />
                <BranchPoint vc="0" uspid="8332" ordinal="19" offset="185" sl="221" path="1" offsetend="228" fileid="34" />
                <BranchPoint vc="0" uspid="8333" ordinal="20" offset="349" sl="225" path="0" offsetend="351" fileid="34" />
                <BranchPoint vc="0" uspid="8334" ordinal="21" offset="349" sl="225" path="1" offsetend="358" fileid="34" />
                <BranchPoint vc="0" uspid="8335" ordinal="22" offset="397" sl="227" path="0" offsetend="399" fileid="34" />
                <BranchPoint vc="0" uspid="8336" ordinal="23" offset="397" sl="227" path="1" offsetend="412" fileid="34" />
                <BranchPoint vc="0" uspid="8337" ordinal="24" offset="433" sl="228" path="0" offsetend="435" fileid="34" />
                <BranchPoint vc="0" uspid="8338" ordinal="25" offset="433" sl="228" path="1" offsetend="448" fileid="34" />
              </BranchPoints>
              <MethodPoint xsi:type="SequencePoint" vc="0" uspid="8291" ordinal="0" offset="0" sl="217" sc="9" el="217" ec="10" bec="0" bev="0" fileid="34" />
            </Method>
            <Method visited="true" cyclomaticComplexity="3" nPathComplexity="4" sequenceCoverage="100" branchCoverage="60" crapScore="3" isConstructor="false" isStatic="false" isGetter="false" isSetter="false">
              <Summary numSequencePoints="10" visitedSequencePoints="10" numBranchPoints="5" visitedBranchPoints="3" sequenceCoverage="100" branchCoverage="60" maxCyclomaticComplexity="3" minCyclomaticComplexity="3" maxCrapScore="3" minCrapScore="3" visitedClasses="0" numClasses="0" visitedMethods="1" numMethods="1" />
              <MetadataToken>100663649</MetadataToken>
              <Name>System.Void ExMat.Objects.ExObject::Dispose(System.Boolean)</Name>
              <FileRef uid="34" />
              <SequencePoints>
                <SequencePoint vc="10" uspid="8339" ordinal="0" offset="0" sl="236" sc="9" el="236" ec="10" bec="0" bev="0" fileid="34" />
                <SequencePoint vc="10" uspid="8340" ordinal="1" offset="1" sl="237" sc="13" el="237" ec="32" bec="2" bev="1" fileid="34" />
                <SequencePoint vc="10" uspid="8341" ordinal="2" offset="14" sl="238" sc="13" el="238" ec="14" bec="0" bev="0" fileid="34" />
                <SequencePoint vc="10" uspid="8342" ordinal="3" offset="15" sl="239" sc="17" el="239" ec="31" bec="2" bev="1" fileid="34" />
                <SequencePoint vc="10" uspid="8343" ordinal="4" offset="20" sl="240" sc="17" el="240" ec="18" bec="0" bev="0" fileid="34" />
                <SequencePoint vc="10" uspid="8344" ordinal="5" offset="21" sl="241" sc="21" el="241" ec="48" bec="0" bev="0" fileid="34" />
                <SequencePoint vc="10" uspid="8345" ordinal="6" offset="39" sl="242" sc="17" el="242" ec="18" bec="0" bev="0" fileid="34" />
                <SequencePoint vc="10" uspid="8346" ordinal="7" offset="40" sl="246" sc="17" el="246" ec="38" bec="0" bev="0" fileid="34" />
                <SequencePoint vc="10" uspid="8347" ordinal="8" offset="47" sl="247" sc="13" el="247" ec="14" bec="0" bev="0" fileid="34" />
                <SequencePoint vc="10" uspid="8348" ordinal="9" offset="48" sl="248" sc="9" el="248" ec="10" bec="0" bev="0" fileid="34" />
              </SequencePoints>
              <BranchPoints>
                <BranchPoint vc="10" uspid="8349" ordinal="0" offset="12" sl="237" path="0" offsetend="14" fileid="34" />
                <BranchPoint vc="0" uspid="8350" ordinal="1" offset="12" sl="237" path="1" offsetend="48" fileid="34" />
                <BranchPoint vc="10" uspid="8351" ordinal="2" offset="18" sl="239" path="0" offsetend="20" fileid="34" />
                <BranchPoint vc="0" uspid="8352" ordinal="3" offset="18" sl="239" path="1" offsetend="40" fileid="34" />
              </BranchPoints>
              <MethodPoint xsi:type="SequencePoint" vc="10" uspid="8339" ordinal="0" offset="0" sl="236" sc="9" el="236" ec="10" bec="0" bev="0" fileid="34" />
            </Method>
            <Method visited="true" cyclomaticComplexity="1" nPathComplexity="0" sequenceCoverage="100" branchCoverage="100" crapScore="1" isConstructor="false" isStatic="false" isGetter="false" isSetter="false">
              <Summary numSequencePoints="4" visitedSequencePoints="4" numBranchPoints="1" visitedBranchPoints="1" sequenceCoverage="100" branchCoverage="100" maxCyclomaticComplexity="1" minCyclomaticComplexity="1" maxCrapScore="1" minCrapScore="1" visitedClasses="0" numClasses="0" visitedMethods="1" numMethods="1" />
              <MetadataToken>100663650</MetadataToken>
              <Name>System.Void ExMat.Objects.ExObject::Dispose()</Name>
              <FileRef uid="34" />
              <SequencePoints>
                <SequencePoint vc="10" uspid="8353" ordinal="0" offset="0" sl="254" sc="9" el="254" ec="10" bec="0" bev="0" fileid="34" />
                <SequencePoint vc="10" uspid="8354" ordinal="1" offset="1" sl="256" sc="13" el="256" ec="38" bec="0" bev="0" fileid="34" />
                <SequencePoint vc="10" uspid="8355" ordinal="2" offset="9" sl="257" sc="13" el="257" ec="39" bec="0" bev="0" fileid="34" />
                <SequencePoint vc="10" uspid="8356" ordinal="3" offset="16" sl="258" sc="9" el="258" ec="10" bec="0" bev="0" fileid="34" />
              </SequencePoints>
              <BranchPoints />
              <MethodPoint xsi:type="SequencePoint" vc="10" uspid="8353" ordinal="0" offset="0" sl="254" sc="9" el="254" ec="10" bec="0" bev="0" fileid="34" />
            </Method>
            <Method visited="false" cyclomaticComplexity="1" nPathComplexity="0" sequenceCoverage="0" branchCoverage="0" crapScore="2" isConstructor="false" isStatic="false" isGetter="false" isSetter="false">
              <Summary numSequencePoints="3" visitedSequencePoints="0" numBranchPoints="1" visitedBranchPoints="0" sequenceCoverage="0" branchCoverage="0" maxCyclomaticComplexity="1" minCyclomaticComplexity="1" maxCrapScore="2" minCrapScore="2" visitedClasses="0" numClasses="0" visitedMethods="0" numMethods="1" />
              <MetadataToken>100663651</MetadataToken>
              <Name>System.Boolean ExMat.Objects.ExObject::IsField()</Name>
              <FileRef uid="34" />
              <SequencePoints>
                <SequencePoint vc="0" uspid="8357" ordinal="0" offset="0" sl="265" sc="9" el="265" ec="10" bec="0" bev="0" fileid="34" />
                <SequencePoint vc="0" uspid="8358" ordinal="1" offset="1" sl="266" sc="13" el="266" ec="61" bec="0" bev="0" fileid="34" />
                <SequencePoint vc="0" uspid="8359" ordinal="2" offset="21" sl="267" sc="9" el="267" ec="10" bec="0" bev="0" fileid="34" />
              </SequencePoints>
              <BranchPoints />
              <MethodPoint xsi:type="SequencePoint" vc="0" uspid="8357" ordinal="0" offset="0" sl="265" sc="9" el="265" ec="10" bec="0" bev="0" fileid="34" />
            </Method>
            <Method visited="false" cyclomaticComplexity="1" nPathComplexity="0" sequenceCoverage="0" branchCoverage="0" crapScore="2" isConstructor="false" isStatic="false" isGetter="false" isSetter="false">
              <Summary numSequencePoints="3" visitedSequencePoints="0" numBranchPoints="1" visitedBranchPoints="0" sequenceCoverage="0" branchCoverage="0" maxCyclomaticComplexity="1" minCyclomaticComplexity="1" maxCrapScore="2" minCrapScore="2" visitedClasses="0" numClasses="0" visitedMethods="0" numMethods="1" />
              <MetadataToken>100663652</MetadataToken>
              <Name>System.Boolean ExMat.Objects.ExObject::IsMethod()</Name>
              <FileRef uid="34" />
              <SequencePoints>
                <SequencePoint vc="0" uspid="8360" ordinal="0" offset="0" sl="273" sc="9" el="273" ec="10" bec="0" bev="0" fileid="34" />
                <SequencePoint vc="0" uspid="8361" ordinal="1" offset="1" sl="274" sc="13" el="274" ec="62" bec="0" bev="0" fileid="34" />
                <SequencePoint vc="0" uspid="8362" ordinal="2" offset="21" sl="275" sc="9" el="275" ec="10" bec="0" bev="0" fileid="34" />
              </SequencePoints>
              <BranchPoints />
              <MethodPoint xsi:type="SequencePoint" vc="0" uspid="8360" ordinal="0" offset="0" sl="273" sc="9" el="273" ec="10" bec="0" bev="0" fileid="34" />
            </Method>
            <Method visited="false" cyclomaticComplexity="1" nPathComplexity="0" sequenceCoverage="0" branchCoverage="0" crapScore="2" isConstructor="false" isStatic="false" isGetter="false" isSetter="false">
              <Summary numSequencePoints="3" visitedSequencePoints="0" numBranchPoints="1" visitedBranchPoints="0" sequenceCoverage="0" branchCoverage="0" maxCyclomaticComplexity="1" minCyclomaticComplexity="1" maxCrapScore="2" minCrapScore="2" visitedClasses="0" numClasses="0" visitedMethods="0" numMethods="1" />
              <MetadataToken>100663653</MetadataToken>
              <Name>System.Int32 ExMat.Objects.ExObject::GetMemberID()</Name>
              <FileRef uid="34" />
              <SequencePoints>
                <SequencePoint vc="0" uspid="8363" ordinal="0" offset="0" sl="282" sc="9" el="282" ec="10" bec="0" bev="0" fileid="34" />
                <SequencePoint vc="0" uspid="8364" ordinal="1" offset="1" sl="283" sc="13" el="283" ec="47" bec="0" bev="0" fileid="34" />
                <SequencePoint vc="0" uspid="8365" ordinal="2" offset="17" sl="284" sc="9" el="284" ec="10" bec="0" bev="0" fileid="34" />
              </SequencePoints>
              <BranchPoints />
              <MethodPoint xsi:type="SequencePoint" vc="0" uspid="8363" ordinal="0" offset="0" sl="282" sc="9" el="282" ec="10" bec="0" bev="0" fileid="34" />
            </Method>
            <Method visited="true" cyclomaticComplexity="3" nPathComplexity="4" sequenceCoverage="100" branchCoverage="100" crapScore="3" isConstructor="false" isStatic="true" isGetter="false" isSetter="false">
              <Summary numSequencePoints="6" visitedSequencePoints="6" numBranchPoints="5" visitedBranchPoints="5" sequenceCoverage="100" branchCoverage="100" maxCyclomaticComplexity="3" minCyclomaticComplexity="3" maxCrapScore="3" minCrapScore="3" visitedClasses="0" numClasses="0" visitedMethods="1" numMethods="1" />
              <MetadataToken>100663654</MetadataToken>
              <Name>System.Void ExMat.Objects.ExObject::AddReference(ExMat.ExObjType,ExMat.ExObjValCustom,System.Boolean)</Name>
              <FileRef uid="34" />
              <SequencePoints>
                <SequencePoint vc="112" uspid="8366" ordinal="0" offset="0" sl="293" sc="9" el="293" ec="10" bec="0" bev="0" fileid="34" />
                <SequencePoint vc="112" uspid="8367" ordinal="1" offset="1" sl="294" sc="13" el="294" ec="59" bec="4" bev="4" fileid="34" />
                <SequencePoint vc="107" uspid="8368" ordinal="2" offset="17" sl="295" sc="13" el="295" ec="14" bec="0" bev="0" fileid="34" />
                <SequencePoint vc="107" uspid="8369" ordinal="3" offset="18" sl="296" sc="17" el="296" ec="42" bec="0" bev="0" fileid="34" />
                <SequencePoint vc="107" uspid="8370" ordinal="4" offset="37" sl="297" sc="13" el="297" ec="14" bec="0" bev="0" fileid="34" />
                <SequencePoint vc="112" uspid="8371" ordinal="5" offset="38" sl="298" sc="9" el="298" ec="10" bec="0" bev="0" fileid="34" />
              </SequencePoints>
              <BranchPoints>
                <BranchPoint vc="7" uspid="8372" ordinal="0" offset="2" sl="294" path="0" offsetend="4" fileid="34" />
                <BranchPoint vc="105" uspid="8373" ordinal="1" offset="2" sl="294" path="1" offsetend="12" fileid="34" />
                <BranchPoint vc="107" uspid="8374" ordinal="2" offset="15" sl="294" path="0" offsetend="17" fileid="34" />
                <BranchPoint vc="5" uspid="8375" ordinal="3" offset="15" sl="294" path="1" offsetend="38" fileid="34" />
              </BranchPoints>
              <MethodPoint xsi:type="SequencePoint" vc="112" uspid="8366" ordinal="0" offset="0" sl="293" sc="9" el="293" ec="10" bec="0" bev="0" fileid="34" />
            </Method>
            <Method visited="false" cyclomaticComplexity="3" nPathComplexity="4" sequenceCoverage="0" branchCoverage="0" crapScore="12" isConstructor="false" isStatic="false" isGetter="false" isSetter="false">
              <Summary numSequencePoints="6" visitedSequencePoints="0" numBranchPoints="5" visitedBranchPoints="0" sequenceCoverage="0" branchCoverage="0" maxCyclomaticComplexity="3" minCyclomaticComplexity="3" maxCrapScore="12" minCrapScore="12" visitedClasses="0" numClasses="0" visitedMethods="0" numMethods="1" />
              <MetadataToken>100663655</MetadataToken>
              <Name>System.Void ExMat.Objects.ExObject::Release()</Name>
              <FileRef uid="34" />
              <SequencePoints>
                <SequencePoint vc="0" uspid="8376" ordinal="0" offset="0" sl="304" sc="9" el="304" ec="10" bec="0" bev="0" fileid="34" />
                <SequencePoint vc="0" uspid="8377" ordinal="1" offset="1" sl="305" sc="13" el="305" ec="99" bec="4" bev="0" fileid="34" />
                <SequencePoint vc="0" uspid="8378" ordinal="2" offset="51" sl="306" sc="13" el="306" ec="14" bec="0" bev="0" fileid="34" />
                <SequencePoint vc="0" uspid="8379" ordinal="3" offset="52" sl="307" sc="17" el="307" ec="27" bec="0" bev="0" fileid="34" />
                <SequencePoint vc="0" uspid="8380" ordinal="4" offset="59" sl="308" sc="13" el="308" ec="14" bec="0" bev="0" fileid="34" />
                <SequencePoint vc="0" uspid="8381" ordinal="5" offset="60" sl="309" sc="9" el="309" ec="10" bec="0" bev="0" fileid="34" />
              </SequencePoints>
              <BranchPoints>
                <BranchPoint vc="0" uspid="8382" ordinal="0" offset="12" sl="305" path="0" offsetend="14" fileid="34" />
                <BranchPoint vc="0" uspid="8383" ordinal="1" offset="12" sl="305" path="1" offsetend="46" fileid="34" />
                <BranchPoint vc="0" uspid="8384" ordinal="2" offset="49" sl="305" path="0" offsetend="51" fileid="34" />
                <BranchPoint vc="0" uspid="8385" ordinal="3" offset="49" sl="305" path="1" offsetend="60" fileid="34" />
              </BranchPoints>
              <MethodPoint xsi:type="SequencePoint" vc="0" uspid="8376" ordinal="0" offset="0" sl="304" sc="9" el="304" ec="10" bec="0" bev="0" fileid="34" />
            </Method>
            <Method visited="true" cyclomaticComplexity="3" nPathComplexity="4" sequenceCoverage="100" branchCoverage="100" crapScore="3" isConstructor="false" isStatic="true" isGetter="false" isSetter="false">
              <Summary numSequencePoints="17" visitedSequencePoints="17" numBranchPoints="5" visitedBranchPoints="5" sequenceCoverage="100" branchCoverage="100" maxCyclomaticComplexity="3" minCyclomaticComplexity="3" maxCrapScore="3" minCrapScore="3" visitedClasses="0" numClasses="0" visitedMethods="1" numMethods="1" />
              <MetadataToken>100663656</MetadataToken>
              <Name>System.Void ExMat.Objects.ExObject::Release(ExMat.ExObjType,ExMat.ExObjValCustom)</Name>
              <FileRef uid="34" />
              <SequencePoints>
                <SequencePoint vc="38" uspid="8386" ordinal="0" offset="0" sl="312" sc="9" el="312" ec="10" bec="0" bev="0" fileid="34" />
                <SequencePoint vc="38" uspid="8387" ordinal="1" offset="1" sl="313" sc="13" el="313" ec="84" bec="4" bev="4" fileid="34" />
                <SequencePoint vc="2" uspid="8388" ordinal="2" offset="44" sl="314" sc="13" el="314" ec="14" bec="0" bev="0" fileid="34" />
                <SequencePoint vc="2" uspid="8389" ordinal="3" offset="45" sl="315" sc="17" el="315" ec="35" bec="0" bev="0" fileid="34" />
                <SequencePoint vc="2" uspid="8390" ordinal="4" offset="53" sl="317" sc="17" el="317" ec="54" bec="0" bev="0" fileid="34" />
                <SequencePoint vc="2" uspid="8391" ordinal="5" offset="66" sl="318" sc="17" el="318" ec="54" bec="0" bev="0" fileid="34" />
                <SequencePoint vc="2" uspid="8392" ordinal="6" offset="79" sl="320" sc="17" el="320" ec="57" bec="0" bev="0" fileid="34" />
                <SequencePoint vc="2" uspid="8393" ordinal="7" offset="92" sl="321" sc="17" el="321" ec="56" bec="0" bev="0" fileid="34" />
                <SequencePoint vc="2" uspid="8394" ordinal="8" offset="105" sl="322" sc="17" el="322" ec="59" bec="0" bev="0" fileid="34" />
                <SequencePoint vc="2" uspid="8395" ordinal="9" offset="118" sl="323" sc="17" el="323" ec="58" bec="0" bev="0" fileid="34" />
                <SequencePoint vc="2" uspid="8396" ordinal="10" offset="131" sl="324" sc="17" el="324" ec="64" bec="0" bev="0" fileid="34" />
                <SequencePoint vc="2" uspid="8397" ordinal="11" offset="144" sl="325" sc="17" el="325" ec="58" bec="0" bev="0" fileid="34" />
                <SequencePoint vc="2" uspid="8398" ordinal="12" offset="157" sl="326" sc="17" el="326" ec="55" bec="0" bev="0" fileid="34" />
                <SequencePoint vc="2" uspid="8399" ordinal="13" offset="170" sl="327" sc="17" el="327" ec="56" bec="0" bev="0" fileid="34" />
                <SequencePoint vc="2" uspid="8400" ordinal="14" offset="183" sl="328" sc="17" el="328" ec="58" bec="0" bev="0" fileid="34" />
                <SequencePoint vc="2" uspid="8401" ordinal="15" offset="196" sl="329" sc="13" el="329" ec="14" bec="0" bev="0" fileid="34" />
                <SequencePoint vc="38" uspid="8402" ordinal="16" offset="197" sl="330" sc="9" el="330" ec="10" bec="0" bev="0" fileid="34" />
              </SequencePoints>
              <BranchPoints>
                <BranchPoint vc="4" uspid="8403" ordinal="0" offset="7" sl="313" path="0" offsetend="9" fileid="34" />
                <BranchPoint vc="34" uspid="8404" ordinal="1" offset="7" sl="313" path="1" offsetend="36" fileid="34" />
                <BranchPoint vc="2" uspid="8405" ordinal="2" offset="39" sl="313" path="0" offsetend="44" fileid="34" />
                <BranchPoint vc="36" uspid="8406" ordinal="3" offset="39" sl="313" path="1" offsetend="197" fileid="34" />
              </BranchPoints>
              <MethodPoint xsi:type="SequencePoint" vc="38" uspid="8386" ordinal="0" offset="0" sl="312" sc="9" el="312" ec="10" bec="0" bev="0" fileid="34" />
            </Method>
            <Method visited="true" cyclomaticComplexity="1" nPathComplexity="0" sequenceCoverage="100" branchCoverage="100" crapScore="1" isConstructor="true" isStatic="false" isGetter="false" isSetter="false">
              <Summary numSequencePoints="7" visitedSequencePoints="7" numBranchPoints="1" visitedBranchPoints="1" sequenceCoverage="100" branchCoverage="100" maxCyclomaticComplexity="1" minCyclomaticComplexity="1" maxCrapScore="1" minCrapScore="1" visitedClasses="0" numClasses="0" visitedMethods="1" numMethods="1" />
              <MetadataToken>100663657</MetadataToken>
              <Name>System.Void ExMat.Objects.ExObject::.ctor()</Name>
              <FileRef uid="34" />
              <SequencePoints>
                <SequencePoint vc="194" uspid="8407" ordinal="0" offset="0" sl="26" sc="9" el="26" ec="48" bec="0" bev="0" fileid="34" />
                <SequencePoint vc="194" uspid="8408" ordinal="1" offset="11" sl="338" sc="9" el="338" ec="26" bec="0" bev="0" fileid="34" />
                <SequencePoint vc="194" uspid="8409" ordinal="2" offset="18" sl="339" sc="9" el="339" ec="10" bec="0" bev="0" fileid="34" />
                <SequencePoint vc="194" uspid="8410" ordinal="3" offset="19" sl="340" sc="13" el="340" ec="35" bec="0" bev="0" fileid="34" />
                <SequencePoint vc="194" uspid="8411" ordinal="4" offset="30" sl="341" sc="13" el="341" ec="27" bec="0" bev="0" fileid="34" />
                <SequencePoint vc="194" uspid="8412" ordinal="5" offset="42" sl="342" sc="13" el="342" ec="33" bec="0" bev="0" fileid="34" />
                <SequencePoint vc="194" uspid="8413" ordinal="6" offset="54" sl="343" sc="9" el="343" ec="10" bec="0" bev="0" fileid="34" />
              </SequencePoints>
              <BranchPoints />
              <MethodPoint xsi:type="SequencePoint" vc="194" uspid="8407" ordinal="0" offset="0" sl="26" sc="9" el="26" ec="48" bec="0" bev="0" fileid="34" />
            </Method>
            <Method visited="true" cyclomaticComplexity="1" nPathComplexity="0" sequenceCoverage="100" branchCoverage="100" crapScore="1" isConstructor="true" isStatic="false" isGetter="false" isSetter="false">
              <Summary numSequencePoints="8" visitedSequencePoints="8" numBranchPoints="1" visitedBranchPoints="1" sequenceCoverage="100" branchCoverage="100" maxCyclomaticComplexity="1" minCyclomaticComplexity="1" maxCrapScore="1" minCrapScore="1" visitedClasses="0" numClasses="0" visitedMethods="1" numMethods="1" />
              <MetadataToken>100663658</MetadataToken>
              <Name>System.Void ExMat.Objects.ExObject::.ctor(ExMat.Objects.ExObject)</Name>
              <FileRef uid="34" />
              <SequencePoints>
                <SequencePoint vc="2" uspid="8414" ordinal="0" offset="0" sl="26" sc="9" el="26" ec="48" bec="0" bev="0" fileid="34" />
                <SequencePoint vc="2" uspid="8415" ordinal="1" offset="11" sl="349" sc="9" el="349" ec="40" bec="0" bev="0" fileid="34" />
                <SequencePoint vc="2" uspid="8416" ordinal="2" offset="18" sl="350" sc="9" el="350" ec="10" bec="0" bev="0" fileid="34" />
                <SequencePoint vc="2" uspid="8417" ordinal="3" offset="19" sl="351" sc="13" el="351" ec="31" bec="0" bev="0" fileid="34" />
                <SequencePoint vc="2" uspid="8418" ordinal="4" offset="31" sl="352" sc="13" el="352" ec="33" bec="0" bev="0" fileid="34" />
                <SequencePoint vc="2" uspid="8419" ordinal="5" offset="43" sl="353" sc="13" el="353" ec="45" bec="0" bev="0" fileid="34" />
                <SequencePoint vc="2" uspid="8420" ordinal="6" offset="55" sl="354" sc="13" el="354" ec="45" bec="0" bev="0" fileid="34" />
                <SequencePoint vc="2" uspid="8421" ordinal="7" offset="74" sl="355" sc="9" el="355" ec="10" bec="0" bev="0" fileid="34" />
              </SequencePoints>
              <BranchPoints />
              <MethodPoint xsi:type="SequencePoint" vc="2" uspid="8414" ordinal="0" offset="0" sl="26" sc="9" el="26" ec="48" bec="0" bev="0" fileid="34" />
            </Method>
            <Method visited="true" cyclomaticComplexity="1" nPathComplexity="0" sequenceCoverage="100" branchCoverage="100" crapScore="1" isConstructor="true" isStatic="false" isGetter="false" isSetter="false">
              <Summary numSequencePoints="6" visitedSequencePoints="6" numBranchPoints="1" visitedBranchPoints="1" sequenceCoverage="100" branchCoverage="100" maxCyclomaticComplexity="1" minCyclomaticComplexity="1" maxCrapScore="1" minCrapScore="1" visitedClasses="0" numClasses="0" visitedMethods="1" numMethods="1" />
              <MetadataToken>100663659</MetadataToken>
              <Name>System.Void ExMat.Objects.ExObject::.ctor(System.Int64)</Name>
              <FileRef uid="34" />
              <SequencePoints>
                <SequencePoint vc="32" uspid="8422" ordinal="0" offset="0" sl="26" sc="9" el="26" ec="48" bec="0" bev="0" fileid="34" />
                <SequencePoint vc="32" uspid="8423" ordinal="1" offset="11" sl="364" sc="9" el="364" ec="32" bec="0" bev="0" fileid="34" />
                <SequencePoint vc="32" uspid="8424" ordinal="2" offset="18" sl="365" sc="9" el="365" ec="10" bec="0" bev="0" fileid="34" />
                <SequencePoint vc="32" uspid="8425" ordinal="3" offset="19" sl="366" sc="13" el="366" ec="38" bec="0" bev="0" fileid="34" />
                <SequencePoint vc="32" uspid="8426" ordinal="4" offset="30" sl="367" sc="13" el="367" ec="29" bec="0" bev="0" fileid="34" />
                <SequencePoint vc="32" uspid="8427" ordinal="5" offset="42" sl="368" sc="9" el="368" ec="10" bec="0" bev="0" fileid="34" />
              </SequencePoints>
              <BranchPoints />
              <MethodPoint xsi:type="SequencePoint" vc="32" uspid="8422" ordinal="0" offset="0" sl="26" sc="9" el="26" ec="48" bec="0" bev="0" fileid="34" />
            </Method>
            <Method visited="true" cyclomaticComplexity="1" nPathComplexity="0" sequenceCoverage="100" branchCoverage="100" crapScore="1" isConstructor="true" isStatic="false" isGetter="false" isSetter="false">
              <Summary numSequencePoints="6" visitedSequencePoints="6" numBranchPoints="1" visitedBranchPoints="1" sequenceCoverage="100" branchCoverage="100" maxCyclomaticComplexity="1" minCyclomaticComplexity="1" maxCrapScore="1" minCrapScore="1" visitedClasses="0" numClasses="0" visitedMethods="1" numMethods="1" />
              <MetadataToken>100663660</MetadataToken>
              <Name>System.Void ExMat.Objects.ExObject::.ctor(System.Double)</Name>
              <FileRef uid="34" />
              <SequencePoints>
                <SequencePoint vc="34" uspid="8428" ordinal="0" offset="0" sl="26" sc="9" el="26" ec="48" bec="0" bev="0" fileid="34" />
                <SequencePoint vc="34" uspid="8429" ordinal="1" offset="11" sl="374" sc="9" el="374" ec="34" bec="0" bev="0" fileid="34" />
                <SequencePoint vc="34" uspid="8430" ordinal="2" offset="18" sl="375" sc="9" el="375" ec="10" bec="0" bev="0" fileid="34" />
                <SequencePoint vc="34" uspid="8431" ordinal="3" offset="19" sl="376" sc="13" el="376" ec="36" bec="0" bev="0" fileid="34" />
                <SequencePoint vc="34" uspid="8432" ordinal="4" offset="30" sl="377" sc="13" el="377" ec="31" bec="0" bev="0" fileid="34" />
                <SequencePoint vc="34" uspid="8433" ordinal="5" offset="42" sl="378" sc="9" el="378" ec="10" bec="0" bev="0" fileid="34" />
              </SequencePoints>
              <BranchPoints />
              <MethodPoint xsi:type="SequencePoint" vc="34" uspid="8428" ordinal="0" offset="0" sl="26" sc="9" el="26" ec="48" bec="0" bev="0" fileid="34" />
            </Method>
            <Method visited="true" cyclomaticComplexity="1" nPathComplexity="0" sequenceCoverage="100" branchCoverage="100" crapScore="1" isConstructor="true" isStatic="false" isGetter="false" isSetter="false">
              <Summary numSequencePoints="6" visitedSequencePoints="6" numBranchPoints="1" visitedBranchPoints="1" sequenceCoverage="100" branchCoverage="100" maxCyclomaticComplexity="1" minCyclomaticComplexity="1" maxCrapScore="1" minCrapScore="1" visitedClasses="0" numClasses="0" visitedMethods="1" numMethods="1" />
              <MetadataToken>100663661</MetadataToken>
              <Name>System.Void ExMat.Objects.ExObject::.ctor(System.Boolean)</Name>
              <FileRef uid="34" />
              <SequencePoints>
                <SequencePoint vc="7" uspid="8434" ordinal="0" offset="0" sl="26" sc="9" el="26" ec="48" bec="0" bev="0" fileid="34" />
                <SequencePoint vc="7" uspid="8435" ordinal="1" offset="11" sl="384" sc="9" el="384" ec="32" bec="0" bev="0" fileid="34" />
                <SequencePoint vc="7" uspid="8436" ordinal="2" offset="18" sl="385" sc="9" el="385" ec="10" bec="0" bev="0" fileid="34" />
                <SequencePoint vc="7" uspid="8437" ordinal="3" offset="19" sl="386" sc="13" el="386" ec="35" bec="0" bev="0" fileid="34" />
                <SequencePoint vc="7" uspid="8438" ordinal="4" offset="30" sl="387" sc="13" el="387" ec="30" bec="0" bev="0" fileid="34" />
                <SequencePoint vc="7" uspid="8439" ordinal="5" offset="42" sl="388" sc="9" el="388" ec="10" bec="0" bev="0" fileid="34" />
              </SequencePoints>
              <BranchPoints />
              <MethodPoint xsi:type="SequencePoint" vc="7" uspid="8434" ordinal="0" offset="0" sl="26" sc="9" el="26" ec="48" bec="0" bev="0" fileid="34" />
            </Method>
            <Method visited="true" cyclomaticComplexity="1" nPathComplexity="0" sequenceCoverage="100" branchCoverage="100" crapScore="1" isConstructor="true" isStatic="false" isGetter="false" isSetter="false">
              <Summary numSequencePoints="6" visitedSequencePoints="6" numBranchPoints="1" visitedBranchPoints="1" sequenceCoverage="100" branchCoverage="100" maxCyclomaticComplexity="1" minCyclomaticComplexity="1" maxCrapScore="1" minCrapScore="1" visitedClasses="0" numClasses="0" visitedMethods="1" numMethods="1" />
              <MetadataToken>100663662</MetadataToken>
              <Name>System.Void ExMat.Objects.ExObject::.ctor(System.String)</Name>
              <FileRef uid="34" />
              <SequencePoints>
                <SequencePoint vc="37" uspid="8440" ordinal="0" offset="0" sl="26" sc="9" el="26" ec="48" bec="0" bev="0" fileid="34" />
                <SequencePoint vc="37" uspid="8441" ordinal="1" offset="11" sl="394" sc="9" el="394" ec="34" bec="0" bev="0" fileid="34" />
                <SequencePoint vc="37" uspid="8442" ordinal="2" offset="18" sl="395" sc="9" el="395" ec="10" bec="0" bev="0" fileid="34" />
                <SequencePoint vc="37" uspid="8443" ordinal="3" offset="19" sl="396" sc="13" el="396" ec="37" bec="0" bev="0" fileid="34" />
                <SequencePoint vc="37" uspid="8444" ordinal="4" offset="30" sl="397" sc="13" el="397" ec="38" bec="0" bev="0" fileid="34" />
                <SequencePoint vc="37" uspid="8445" ordinal="5" offset="42" sl="398" sc="9" el="398" ec="10" bec="0" bev="0" fileid="34" />
              </SequencePoints>
              <BranchPoints />
              <MethodPoint xsi:type="SequencePoint" vc="37" uspid="8440" ordinal="0" offset="0" sl="26" sc="9" el="26" ec="48" bec="0" bev="0" fileid="34" />
            </Method>
            <Method visited="true" cyclomaticComplexity="1" nPathComplexity="0" sequenceCoverage="100" branchCoverage="100" crapScore="1" isConstructor="true" isStatic="false" isGetter="false" isSetter="false">
              <Summary numSequencePoints="7" visitedSequencePoints="7" numBranchPoints="1" visitedBranchPoints="1" sequenceCoverage="100" branchCoverage="100" maxCyclomaticComplexity="1" minCyclomaticComplexity="1" maxCrapScore="1" minCrapScore="1" visitedClasses="0" numClasses="0" visitedMethods="1" numMethods="1" />
              <MetadataToken>100663663</MetadataToken>
              <Name>System.Void ExMat.Objects.ExObject::.ctor(System.Numerics.Complex)</Name>
              <FileRef uid="34" />
              <SequencePoints>
                <SequencePoint vc="13" uspid="8446" ordinal="0" offset="0" sl="26" sc="9" el="26" ec="48" bec="0" bev="0" fileid="34" />
                <SequencePoint vc="13" uspid="8447" ordinal="1" offset="11" sl="404" sc="9" el="404" ec="39" bec="0" bev="0" fileid="34" />
                <SequencePoint vc="13" uspid="8448" ordinal="2" offset="18" sl="405" sc="9" el="405" ec="10" bec="0" bev="0" fileid="34" />
                <SequencePoint vc="13" uspid="8449" ordinal="3" offset="19" sl="406" sc="13" el="406" ec="38" bec="0" bev="0" fileid="34" />
                <SequencePoint vc="13" uspid="8450" ordinal="4" offset="30" sl="407" sc="13" el="407" ec="40" bec="0" bev="0" fileid="34" />
                <SequencePoint vc="13" uspid="8451" ordinal="5" offset="48" sl="408" sc="13" el="408" ec="45" bec="0" bev="0" fileid="34" />
                <SequencePoint vc="13" uspid="8452" ordinal="6" offset="66" sl="409" sc="9" el="409" ec="10" bec="0" bev="0" fileid="34" />
              </SequencePoints>
              <BranchPoints />
              <MethodPoint xsi:type="SequencePoint" vc="13" uspid="8446" ordinal="0" offset="0" sl="26" sc="9" el="26" ec="48" bec="0" bev="0" fileid="34" />
            </Method>
            <Method visited="true" cyclomaticComplexity="1" nPathComplexity="0" sequenceCoverage="100" branchCoverage="100" crapScore="1" isConstructor="true" isStatic="false" isGetter="false" isSetter="false">
              <Summary numSequencePoints="8" visitedSequencePoints="8" numBranchPoints="1" visitedBranchPoints="1" sequenceCoverage="100" branchCoverage="100" maxCyclomaticComplexity="1" minCyclomaticComplexity="1" maxCrapScore="1" minCrapScore="1" visitedClasses="0" numClasses="0" visitedMethods="1" numMethods="1" />
              <MetadataToken>100663664</MetadataToken>
              <Name>System.Void ExMat.Objects.ExObject::.ctor(System.Collections.Generic.Dictionary`2&lt;System.String,ExMat.Objects.ExObject&gt;)</Name>
              <FileRef uid="34" />
              <SequencePoints>
                <SequencePoint vc="28" uspid="8453" ordinal="0" offset="0" sl="26" sc="9" el="26" ec="48" bec="0" bev="0" fileid="34" />
                <SequencePoint vc="28" uspid="8454" ordinal="1" offset="11" sl="418" sc="9" el="418" ec="59" bec="0" bev="0" fileid="34" />
                <SequencePoint vc="28" uspid="8455" ordinal="2" offset="18" sl="419" sc="9" el="419" ec="10" bec="0" bev="0" fileid="34" />
                <SequencePoint vc="28" uspid="8456" ordinal="3" offset="19" sl="420" sc="13" el="420" ec="35" bec="0" bev="0" fileid="34" />
                <SequencePoint vc="28" uspid="8457" ordinal="4" offset="30" sl="421" sc="13" el="421" ec="39" bec="0" bev="0" fileid="34" />
                <SequencePoint vc="28" uspid="8458" ordinal="5" offset="42" sl="422" sc="13" el="422" ec="39" bec="0" bev="0" fileid="34" />
                <SequencePoint vc="28" uspid="8459" ordinal="6" offset="58" sl="423" sc="13" el="423" ec="51" bec="0" bev="0" fileid="34" />
                <SequencePoint vc="28" uspid="8460" ordinal="7" offset="77" sl="424" sc="9" el="424" ec="10" bec="0" bev="0" fileid="34" />
              </SequencePoints>
              <BranchPoints />
              <MethodPoint xsi:type="SequencePoint" vc="28" uspid="8453" ordinal="0" offset="0" sl="26" sc="9" el="26" ec="48" bec="0" bev="0" fileid="34" />
            </Method>
            <Method visited="true" cyclomaticComplexity="1" nPathComplexity="0" sequenceCoverage="100" branchCoverage="100" crapScore="1" isConstructor="true" isStatic="false" isGetter="false" isSetter="false">
              <Summary numSequencePoints="8" visitedSequencePoints="8" numBranchPoints="1" visitedBranchPoints="1" sequenceCoverage="100" branchCoverage="100" maxCyclomaticComplexity="1" minCyclomaticComplexity="1" maxCrapScore="1" minCrapScore="1" visitedClasses="0" numClasses="0" visitedMethods="1" numMethods="1" />
              <MetadataToken>100663665</MetadataToken>
              <Name>System.Void ExMat.Objects.ExObject::.ctor(System.Collections.Generic.List`1&lt;ExMat.Objects.ExObject&gt;)</Name>
              <FileRef uid="34" />
              <SequencePoints>
                <SequencePoint vc="8" uspid="8461" ordinal="0" offset="0" sl="26" sc="9" el="26" ec="48" bec="0" bev="0" fileid="34" />
                <SequencePoint vc="8" uspid="8462" ordinal="1" offset="11" sl="430" sc="9" el="430" ec="44" bec="0" bev="0" fileid="34" />
                <SequencePoint vc="8" uspid="8463" ordinal="2" offset="18" sl="431" sc="9" el="431" ec="10" bec="0" bev="0" fileid="34" />
                <SequencePoint vc="8" uspid="8464" ordinal="3" offset="19" sl="432" sc="13" el="432" ec="36" bec="0" bev="0" fileid="34" />
                <SequencePoint vc="8" uspid="8465" ordinal="4" offset="30" sl="433" sc="13" el="433" ec="38" bec="0" bev="0" fileid="34" />
                <SequencePoint vc="8" uspid="8466" ordinal="5" offset="42" sl="434" sc="13" el="434" ec="39" bec="0" bev="0" fileid="34" />
                <SequencePoint vc="8" uspid="8467" ordinal="6" offset="58" sl="435" sc="13" el="435" ec="51" bec="0" bev="0" fileid="34" />
                <SequencePoint vc="8" uspid="8468" ordinal="7" offset="77" sl="436" sc="9" el="436" ec="10" bec="0" bev="0" fileid="34" />
              </SequencePoints>
              <BranchPoints />
              <MethodPoint xsi:type="SequencePoint" vc="8" uspid="8461" ordinal="0" offset="0" sl="26" sc="9" el="26" ec="48" bec="0" bev="0" fileid="34" />
            </Method>
            <Method visited="true" cyclomaticComplexity="1" nPathComplexity="0" sequenceCoverage="100" branchCoverage="100" crapScore="1" isConstructor="true" isStatic="false" isGetter="false" isSetter="false">
              <Summary numSequencePoints="8" visitedSequencePoints="8" numBranchPoints="1" visitedBranchPoints="1" sequenceCoverage="100" branchCoverage="100" maxCyclomaticComplexity="1" minCyclomaticComplexity="1" maxCrapScore="1" minCrapScore="1" visitedClasses="0" numClasses="0" visitedMethods="1" numMethods="1" />
              <MetadataToken>100663666</MetadataToken>
              <Name>System.Void ExMat.Objects.ExObject::.ctor(ExMat.ExClass.ExInstance)</Name>
              <FileRef uid="34" />
              <SequencePoints>
                <SequencePoint vc="7" uspid="8469" ordinal="0" offset="0" sl="26" sc="9" el="26" ec="48" bec="0" bev="0" fileid="34" />
                <SequencePoint vc="7" uspid="8470" ordinal="1" offset="11" sl="442" sc="9" el="442" ec="41" bec="0" bev="0" fileid="34" />
                <SequencePoint vc="7" uspid="8471" ordinal="2" offset="18" sl="443" sc="9" el="443" ec="10" bec="0" bev="0" fileid="34" />
                <SequencePoint vc="7" uspid="8472" ordinal="3" offset="19" sl="444" sc="13" el="444" ec="39" bec="0" bev="0" fileid="34" />
                <SequencePoint vc="7" uspid="8473" ordinal="4" offset="30" sl="445" sc="13" el="445" ec="42" bec="0" bev="0" fileid="34" />
                <SequencePoint vc="7" uspid="8474" ordinal="5" offset="42" sl="446" sc="13" el="446" ec="55" bec="0" bev="0" fileid="34" />
                <SequencePoint vc="7" uspid="8475" ordinal="6" offset="64" sl="447" sc="13" el="447" ec="51" bec="0" bev="0" fileid="34" />
                <SequencePoint vc="7" uspid="8476" ordinal="7" offset="83" sl="448" sc="9" el="448" ec="10" bec="0" bev="0" fileid="34" />
              </SequencePoints>
              <BranchPoints />
              <MethodPoint xsi:type="SequencePoint" vc="7" uspid="8469" ordinal="0" offset="0" sl="26" sc="9" el="26" ec="48" bec="0" bev="0" fileid="34" />
            </Method>
            <Method visited="true" cyclomaticComplexity="1" nPathComplexity="0" sequenceCoverage="100" branchCoverage="100" crapScore="1" isConstructor="true" isStatic="false" isGetter="false" isSetter="false">
              <Summary numSequencePoints="8" visitedSequencePoints="8" numBranchPoints="1" visitedBranchPoints="1" sequenceCoverage="100" branchCoverage="100" maxCyclomaticComplexity="1" minCyclomaticComplexity="1" maxCrapScore="1" minCrapScore="1" visitedClasses="0" numClasses="0" visitedMethods="1" numMethods="1" />
              <MetadataToken>100663667</MetadataToken>
              <Name>System.Void ExMat.Objects.ExObject::.ctor(ExMat.ExClass.ExClass)</Name>
              <FileRef uid="34" />
              <SequencePoints>
                <SequencePoint vc="7" uspid="8477" ordinal="0" offset="0" sl="26" sc="9" el="26" ec="48" bec="0" bev="0" fileid="34" />
                <SequencePoint vc="7" uspid="8478" ordinal="1" offset="11" sl="454" sc="9" el="454" ec="48" bec="0" bev="0" fileid="34" />
                <SequencePoint vc="7" uspid="8479" ordinal="2" offset="18" sl="455" sc="9" el="455" ec="10" bec="0" bev="0" fileid="34" />
                <SequencePoint vc="7" uspid="8480" ordinal="3" offset="19" sl="456" sc="13" el="456" ec="36" bec="0" bev="0" fileid="34" />
                <SequencePoint vc="7" uspid="8481" ordinal="4" offset="30" sl="457" sc="13" el="457" ec="41" bec="0" bev="0" fileid="34" />
                <SequencePoint vc="7" uspid="8482" ordinal="5" offset="42" sl="458" sc="13" el="458" ec="52" bec="0" bev="0" fileid="34" />
                <SequencePoint vc="7" uspid="8483" ordinal="6" offset="64" sl="459" sc="13" el="459" ec="51" bec="0" bev="0" fileid="34" />
                <SequencePoint vc="7" uspid="8484" ordinal="7" offset="83" sl="460" sc="9" el="460" ec="10" bec="0" bev="0" fileid="34" />
              </SequencePoints>
              <BranchPoints />
              <MethodPoint xsi:type="SequencePoint" vc="7" uspid="8477" ordinal="0" offset="0" sl="26" sc="9" el="26" ec="48" bec="0" bev="0" fileid="34" />
            </Method>
            <Method visited="true" cyclomaticComplexity="1" nPathComplexity="0" sequenceCoverage="100" branchCoverage="100" crapScore="1" isConstructor="true" isStatic="false" isGetter="false" isSetter="false">
              <Summary numSequencePoints="8" visitedSequencePoints="8" numBranchPoints="1" visitedBranchPoints="1" sequenceCoverage="100" branchCoverage="100" maxCyclomaticComplexity="1" minCyclomaticComplexity="1" maxCrapScore="1" minCrapScore="1" visitedClasses="0" numClasses="0" visitedMethods="1" numMethods="1" />
              <MetadataToken>100663668</MetadataToken>
              <Name>System.Void ExMat.Objects.ExObject::.ctor(ExMat.Closure.ExClosure)</Name>
              <FileRef uid="34" />
              <SequencePoints>
                <SequencePoint vc="9" uspid="8485" ordinal="0" offset="0" sl="26" sc="9" el="26" ec="48" bec="0" bev="0" fileid="34" />
                <SequencePoint vc="9" uspid="8486" ordinal="1" offset="11" sl="466" sc="9" el="466" ec="39" bec="0" bev="0" fileid="34" />
                <SequencePoint vc="9" uspid="8487" ordinal="2" offset="18" sl="467" sc="9" el="467" ec="10" bec="0" bev="0" fileid="34" />
                <SequencePoint vc="9" uspid="8488" ordinal="3" offset="19" sl="468" sc="13" el="468" ec="38" bec="0" bev="0" fileid="34" />
                <SequencePoint vc="9" uspid="8489" ordinal="4" offset="30" sl="469" sc="13" el="469" ec="40" bec="0" bev="0" fileid="34" />
                <SequencePoint vc="9" uspid="8490" ordinal="5" offset="42" sl="470" sc="13" el="470" ec="54" bec="0" bev="0" fileid="34" />
                <SequencePoint vc="9" uspid="8491" ordinal="6" offset="64" sl="471" sc="13" el="471" ec="51" bec="0" bev="0" fileid="34" />
                <SequencePoint vc="9" uspid="8492" ordinal="7" offset="83" sl="472" sc="9" el="472" ec="10" bec="0" bev="0" fileid="34" />
              </SequencePoints>
              <BranchPoints />
              <MethodPoint xsi:type="SequencePoint" vc="9" uspid="8485" ordinal="0" offset="0" sl="26" sc="9" el="26" ec="48" bec="0" bev="0" fileid="34" />
            </Method>
            <Method visited="true" cyclomaticComplexity="1" nPathComplexity="0" sequenceCoverage="100" branchCoverage="100" crapScore="1" isConstructor="true" isStatic="false" isGetter="false" isSetter="false">
              <Summary numSequencePoints="8" visitedSequencePoints="8" numBranchPoints="1" visitedBranchPoints="1" sequenceCoverage="100" branchCoverage="100" maxCyclomaticComplexity="1" minCyclomaticComplexity="1" maxCrapScore="1" minCrapScore="1" visitedClasses="0" numClasses="0" visitedMethods="1" numMethods="1" />
              <MetadataToken>100663669</MetadataToken>
              <Name>System.Void ExMat.Objects.ExObject::.ctor(ExMat.Closure.ExNativeClosure)</Name>
              <FileRef uid="34" />
              <SequencePoints>
                <SequencePoint vc="7" uspid="8493" ordinal="0" offset="0" sl="26" sc="9" el="26" ec="48" bec="0" bev="0" fileid="34" />
                <SequencePoint vc="7" uspid="8494" ordinal="1" offset="11" sl="478" sc="9" el="478" ec="46" bec="0" bev="0" fileid="34" />
                <SequencePoint vc="7" uspid="8495" ordinal="2" offset="18" sl="479" sc="9" el="479" ec="10" bec="0" bev="0" fileid="34" />
                <SequencePoint vc="7" uspid="8496" ordinal="3" offset="19" sl="480" sc="13" el="480" ec="44" bec="0" bev="0" fileid="34" />
                <SequencePoint vc="7" uspid="8497" ordinal="4" offset="30" sl="481" sc="13" el="481" ec="47" bec="0" bev="0" fileid="34" />
                <SequencePoint vc="7" uspid="8498" ordinal="5" offset="42" sl="482" sc="13" el="482" ec="60" bec="0" bev="0" fileid="34" />
                <SequencePoint vc="7" uspid="8499" ordinal="6" offset="64" sl="483" sc="13" el="483" ec="51" bec="0" bev="0" fileid="34" />
                <SequencePoint vc="7" uspid="8500" ordinal="7" offset="83" sl="484" sc="9" el="484" ec="10" bec="0" bev="0" fileid="34" />
              </SequencePoints>
              <BranchPoints />
              <MethodPoint xsi:type="SequencePoint" vc="7" uspid="8493" ordinal="0" offset="0" sl="26" sc="9" el="26" ec="48" bec="0" bev="0" fileid="34" />
            </Method>
            <Method visited="true" cyclomaticComplexity="1" nPathComplexity="0" sequenceCoverage="100" branchCoverage="100" crapScore="1" isConstructor="true" isStatic="false" isGetter="false" isSetter="false">
              <Summary numSequencePoints="8" visitedSequencePoints="8" numBranchPoints="1" visitedBranchPoints="1" sequenceCoverage="100" branchCoverage="100" maxCyclomaticComplexity="1" minCyclomaticComplexity="1" maxCrapScore="1" minCrapScore="1" visitedClasses="0" numClasses="0" visitedMethods="1" numMethods="1" />
              <MetadataToken>100663670</MetadataToken>
              <Name>System.Void ExMat.Objects.ExObject::.ctor(ExMat.Outer.ExOuter)</Name>
              <FileRef uid="34" />
              <SequencePoints>
                <SequencePoint vc="7" uspid="8501" ordinal="0" offset="0" sl="26" sc="9" el="26" ec="48" bec="0" bev="0" fileid="34" />
                <SequencePoint vc="7" uspid="8502" ordinal="1" offset="11" sl="490" sc="9" el="490" ec="39" bec="0" bev="0" fileid="34" />
                <SequencePoint vc="7" uspid="8503" ordinal="2" offset="18" sl="491" sc="9" el="491" ec="10" bec="0" bev="0" fileid="34" />
                <SequencePoint vc="7" uspid="8504" ordinal="3" offset="19" sl="492" sc="13" el="492" ec="36" bec="0" bev="0" fileid="34" />
                <SequencePoint vc="7" uspid="8505" ordinal="4" offset="30" sl="493" sc="13" el="493" ec="40" bec="0" bev="0" fileid="34" />
                <SequencePoint vc="7" uspid="8506" ordinal="5" offset="42" sl="494" sc="13" el="494" ec="52" bec="0" bev="0" fileid="34" />
                <SequencePoint vc="7" uspid="8507" ordinal="6" offset="64" sl="495" sc="13" el="495" ec="51" bec="0" bev="0" fileid="34" />
                <SequencePoint vc="7" uspid="8508" ordinal="7" offset="83" sl="496" sc="9" el="496" ec="10" bec="0" bev="0" fileid="34" />
              </SequencePoints>
              <BranchPoints />
              <MethodPoint xsi:type="SequencePoint" vc="7" uspid="8501" ordinal="0" offset="0" sl="26" sc="9" el="26" ec="48" bec="0" bev="0" fileid="34" />
            </Method>
            <Method visited="true" cyclomaticComplexity="1" nPathComplexity="0" sequenceCoverage="100" branchCoverage="100" crapScore="1" isConstructor="true" isStatic="false" isGetter="false" isSetter="false">
              <Summary numSequencePoints="8" visitedSequencePoints="8" numBranchPoints="1" visitedBranchPoints="1" sequenceCoverage="100" branchCoverage="100" maxCyclomaticComplexity="1" minCyclomaticComplexity="1" maxCrapScore="1" minCrapScore="1" visitedClasses="0" numClasses="0" visitedMethods="1" numMethods="1" />
              <MetadataToken>100663671</MetadataToken>
              <Name>System.Void ExMat.Objects.ExObject::.ctor(ExMat.Objects.ExWeakRef)</Name>
              <FileRef uid="34" />
              <SequencePoints>
                <SequencePoint vc="6" uspid="8509" ordinal="0" offset="0" sl="26" sc="9" el="26" ec="48" bec="0" bev="0" fileid="34" />
                <SequencePoint vc="6" uspid="8510" ordinal="1" offset="11" sl="502" sc="9" el="502" ec="40" bec="0" bev="0" fileid="34" />
                <SequencePoint vc="6" uspid="8511" ordinal="2" offset="18" sl="503" sc="9" el="503" ec="10" bec="0" bev="0" fileid="34" />
                <SequencePoint vc="6" uspid="8512" ordinal="3" offset="19" sl="504" sc="13" el="504" ec="38" bec="0" bev="0" fileid="34" />
                <SequencePoint vc="6" uspid="8513" ordinal="4" offset="30" sl="505" sc="13" el="505" ec="41" bec="0" bev="0" fileid="34" />
                <SequencePoint vc="6" uspid="8514" ordinal="5" offset="42" sl="506" sc="13" el="506" ec="54" bec="0" bev="0" fileid="34" />
                <SequencePoint vc="6" uspid="8515" ordinal="6" offset="64" sl="507" sc="13" el="507" ec="51" bec="0" bev="0" fileid="34" />
                <SequencePoint vc="6" uspid="8516" ordinal="7" offset="83" sl="508" sc="9" el="508" ec="10" bec="0" bev="0" fileid="34" />
              </SequencePoints>
              <BranchPoints />
              <MethodPoint xsi:type="SequencePoint" vc="6" uspid="8509" ordinal="0" offset="0" sl="26" sc="9" el="26" ec="48" bec="0" bev="0" fileid="34" />
            </Method>
            <Method visited="true" cyclomaticComplexity="1" nPathComplexity="0" sequenceCoverage="100" branchCoverage="100" crapScore="1" isConstructor="true" isStatic="false" isGetter="false" isSetter="false">
              <Summary numSequencePoints="8" visitedSequencePoints="8" numBranchPoints="1" visitedBranchPoints="1" sequenceCoverage="100" branchCoverage="100" maxCyclomaticComplexity="1" minCyclomaticComplexity="1" maxCrapScore="1" minCrapScore="1" visitedClasses="0" numClasses="0" visitedMethods="1" numMethods="1" />
              <MetadataToken>100663672</MetadataToken>
              <Name>System.Void ExMat.Objects.ExObject::.ctor(ExMat.FuncPrototype.ExPrototype)</Name>
              <FileRef uid="34" />
              <SequencePoints>
                <SequencePoint vc="7" uspid="8517" ordinal="0" offset="0" sl="26" sc="9" el="26" ec="48" bec="0" bev="0" fileid="34" />
                <SequencePoint vc="7" uspid="8518" ordinal="1" offset="11" sl="514" sc="9" el="514" ec="41" bec="0" bev="0" fileid="34" />
                <SequencePoint vc="7" uspid="8519" ordinal="2" offset="18" sl="515" sc="9" el="515" ec="10" bec="0" bev="0" fileid="34" />
                <SequencePoint vc="7" uspid="8520" ordinal="3" offset="19" sl="516" sc="13" el="516" ec="38" bec="0" bev="0" fileid="34" />
                <SequencePoint vc="7" uspid="8521" ordinal="4" offset="30" sl="517" sc="13" el="517" ec="40" bec="0" bev="0" fileid="34" />
                <SequencePoint vc="7" uspid="8522" ordinal="5" offset="42" sl="518" sc="13" el="518" ec="54" bec="0" bev="0" fileid="34" />
                <SequencePoint vc="7" uspid="8523" ordinal="6" offset="64" sl="519" sc="13" el="519" ec="51" bec="0" bev="0" fileid="34" />
                <SequencePoint vc="7" uspid="8524" ordinal="7" offset="83" sl="520" sc="9" el="520" ec="10" bec="0" bev="0" fileid="34" />
              </SequencePoints>
              <BranchPoints />
              <MethodPoint xsi:type="SequencePoint" vc="7" uspid="8517" ordinal="0" offset="0" sl="26" sc="9" el="26" ec="48" bec="0" bev="0" fileid="34" />
            </Method>
            <Method visited="true" cyclomaticComplexity="1" nPathComplexity="0" sequenceCoverage="100" branchCoverage="100" crapScore="1" isConstructor="true" isStatic="false" isGetter="false" isSetter="false">
              <Summary numSequencePoints="8" visitedSequencePoints="8" numBranchPoints="1" visitedBranchPoints="1" sequenceCoverage="100" branchCoverage="100" maxCyclomaticComplexity="1" minCyclomaticComplexity="1" maxCrapScore="1" minCrapScore="1" visitedClasses="0" numClasses="0" visitedMethods="1" numMethods="1" />
              <MetadataToken>100663673</MetadataToken>
              <Name>System.Void ExMat.Objects.ExObject::.ctor(ExMat.Objects.ExSpace)</Name>
              <FileRef uid="34" />
              <SequencePoints>
                <SequencePoint vc="7" uspid="8525" ordinal="0" offset="0" sl="26" sc="9" el="26" ec="48" bec="0" bev="0" fileid="34" />
                <SequencePoint vc="7" uspid="8526" ordinal="1" offset="11" sl="526" sc="9" el="526" ec="39" bec="0" bev="0" fileid="34" />
                <SequencePoint vc="7" uspid="8527" ordinal="2" offset="18" sl="527" sc="9" el="527" ec="10" bec="0" bev="0" fileid="34" />
                <SequencePoint vc="7" uspid="8528" ordinal="3" offset="19" sl="528" sc="13" el="528" ec="36" bec="0" bev="0" fileid="34" />
                <SequencePoint vc="7" uspid="8529" ordinal="4" offset="30" sl="529" sc="13" el="529" ec="41" bec="0" bev="0" fileid="34" />
                <SequencePoint vc="7" uspid="8530" ordinal="5" offset="42" sl="530" sc="13" el="530" ec="53" bec="0" bev="0" fileid="34" />
                <SequencePoint vc="7" uspid="8531" ordinal="6" offset="64" sl="531" sc="13" el="531" ec="51" bec="0" bev="0" fileid="34" />
                <SequencePoint vc="7" uspid="8532" ordinal="7" offset="83" sl="532" sc="9" el="532" ec="10" bec="0" bev="0" fileid="34" />
              </SequencePoints>
              <BranchPoints />
              <MethodPoint xsi:type="SequencePoint" vc="7" uspid="8525" ordinal="0" offset="0" sl="26" sc="9" el="26" ec="48" bec="0" bev="0" fileid="34" />
            </Method>
            <Method visited="true" cyclomaticComplexity="1" nPathComplexity="0" sequenceCoverage="100" branchCoverage="100" crapScore="1" isConstructor="false" isStatic="false" isGetter="false" isSetter="false">
              <Summary numSequencePoints="9" visitedSequencePoints="9" numBranchPoints="1" visitedBranchPoints="1" sequenceCoverage="100" branchCoverage="100" maxCyclomaticComplexity="1" minCyclomaticComplexity="1" maxCrapScore="1" minCrapScore="1" visitedClasses="0" numClasses="0" visitedMethods="1" numMethods="1" />
              <MetadataToken>100663674</MetadataToken>
              <Name>System.Void ExMat.Objects.ExObject::Assign(ExMat.Objects.ExObject)</Name>
              <FileRef uid="34" />
              <SequencePoints>
                <SequencePoint vc="5" uspid="8533" ordinal="0" offset="0" sl="540" sc="9" el="540" ec="10" bec="0" bev="0" fileid="34" />
                <SequencePoint vc="5" uspid="8534" ordinal="1" offset="1" sl="541" sc="13" el="541" ec="32" bec="0" bev="0" fileid="34" />
                <SequencePoint vc="5" uspid="8535" ordinal="2" offset="8" sl="542" sc="13" el="542" ec="44" bec="0" bev="0" fileid="34" />
                <SequencePoint vc="5" uspid="8536" ordinal="3" offset="15" sl="544" sc="13" el="544" ec="33" bec="0" bev="0" fileid="34" />
                <SequencePoint vc="5" uspid="8537" ordinal="4" offset="27" sl="545" sc="13" el="545" ec="45" bec="0" bev="0" fileid="34" />
                <SequencePoint vc="5" uspid="8538" ordinal="5" offset="39" sl="546" sc="13" el="546" ec="31" bec="0" bev="0" fileid="34" />
                <SequencePoint vc="5" uspid="8539" ordinal="6" offset="51" sl="548" sc="13" el="548" ec="45" bec="0" bev="0" fileid="34" />
                <SequencePoint vc="5" uspid="8540" ordinal="7" offset="70" sl="549" sc="13" el="549" ec="27" bec="0" bev="0" fileid="34" />
                <SequencePoint vc="5" uspid="8541" ordinal="8" offset="78" sl="550" sc="9" el="550" ec="10" bec="0" bev="0" fileid="34" />
              </SequencePoints>
              <BranchPoints />
              <MethodPoint xsi:type="SequencePoint" vc="5" uspid="8533" ordinal="0" offset="0" sl="540" sc="9" el="540" ec="10" bec="0" bev="0" fileid="34" />
            </Method>
            <Method visited="true" cyclomaticComplexity="1" nPathComplexity="0" sequenceCoverage="100" branchCoverage="100" crapScore="1" isConstructor="false" isStatic="false" isGetter="false" isSetter="false">
              <Summary numSequencePoints="5" visitedSequencePoints="5" numBranchPoints="1" visitedBranchPoints="1" sequenceCoverage="100" branchCoverage="100" maxCyclomaticComplexity="1" minCyclomaticComplexity="1" maxCrapScore="1" minCrapScore="1" visitedClasses="0" numClasses="0" visitedMethods="1" numMethods="1" />
              <MetadataToken>100663675</MetadataToken>
              <Name>System.Void ExMat.Objects.ExObject::Assign(System.Int64)</Name>
              <FileRef uid="34" />
              <SequencePoints>
                <SequencePoint vc="7" uspid="8542" ordinal="0" offset="0" sl="557" sc="9" el="557" ec="10" bec="0" bev="0" fileid="34" />
                <SequencePoint vc="7" uspid="8543" ordinal="1" offset="1" sl="558" sc="13" el="558" ec="40" bec="0" bev="0" fileid="34" />
                <SequencePoint vc="7" uspid="8544" ordinal="2" offset="19" sl="559" sc="13" el="559" ec="29" bec="0" bev="0" fileid="34" />
                <SequencePoint vc="7" uspid="8545" ordinal="3" offset="31" sl="560" sc="13" el="560" ec="38" bec="0" bev="0" fileid="34" />
                <SequencePoint vc="7" uspid="8546" ordinal="4" offset="42" sl="561" sc="9" el="561" ec="10" bec="0" bev="0" fileid="34" />
              </SequencePoints>
              <BranchPoints />
              <MethodPoint xsi:type="SequencePoint" vc="7" uspid="8542" ordinal="0" offset="0" sl="557" sc="9" el="557" ec="10" bec="0" bev="0" fileid="34" />
            </Method>
            <Method visited="true" cyclomaticComplexity="1" nPathComplexity="0" sequenceCoverage="100" branchCoverage="100" crapScore="1" isConstructor="false" isStatic="false" isGetter="false" isSetter="false">
              <Summary numSequencePoints="5" visitedSequencePoints="5" numBranchPoints="1" visitedBranchPoints="1" sequenceCoverage="100" branchCoverage="100" maxCyclomaticComplexity="1" minCyclomaticComplexity="1" maxCrapScore="1" minCrapScore="1" visitedClasses="0" numClasses="0" visitedMethods="1" numMethods="1" />
              <MetadataToken>100663676</MetadataToken>
              <Name>System.Void ExMat.Objects.ExObject::Assign(System.Double)</Name>
              <FileRef uid="34" />
              <SequencePoints>
                <SequencePoint vc="2" uspid="8547" ordinal="0" offset="0" sl="567" sc="9" el="567" ec="10" bec="0" bev="0" fileid="34" />
                <SequencePoint vc="2" uspid="8548" ordinal="1" offset="1" sl="568" sc="13" el="568" ec="40" bec="0" bev="0" fileid="34" />
                <SequencePoint vc="2" uspid="8549" ordinal="2" offset="19" sl="569" sc="13" el="569" ec="31" bec="0" bev="0" fileid="34" />
                <SequencePoint vc="2" uspid="8550" ordinal="3" offset="31" sl="570" sc="13" el="570" ec="36" bec="0" bev="0" fileid="34" />
                <SequencePoint vc="2" uspid="8551" ordinal="4" offset="42" sl="571" sc="9" el="571" ec="10" bec="0" bev="0" fileid="34" />
              </SequencePoints>
              <BranchPoints />
              <MethodPoint xsi:type="SequencePoint" vc="2" uspid="8547" ordinal="0" offset="0" sl="567" sc="9" el="567" ec="10" bec="0" bev="0" fileid="34" />
            </Method>
            <Method visited="true" cyclomaticComplexity="1" nPathComplexity="0" sequenceCoverage="100" branchCoverage="100" crapScore="1" isConstructor="false" isStatic="false" isGetter="false" isSetter="false">
              <Summary numSequencePoints="5" visitedSequencePoints="5" numBranchPoints="1" visitedBranchPoints="1" sequenceCoverage="100" branchCoverage="100" maxCyclomaticComplexity="1" minCyclomaticComplexity="1" maxCrapScore="1" minCrapScore="1" visitedClasses="0" numClasses="0" visitedMethods="1" numMethods="1" />
              <MetadataToken>100663677</MetadataToken>
              <Name>System.Void ExMat.Objects.ExObject::Assign(System.Boolean)</Name>
              <FileRef uid="34" />
              <SequencePoints>
                <SequencePoint vc="1" uspid="8552" ordinal="0" offset="0" sl="577" sc="9" el="577" ec="10" bec="0" bev="0" fileid="34" />
                <SequencePoint vc="1" uspid="8553" ordinal="1" offset="1" sl="578" sc="13" el="578" ec="40" bec="0" bev="0" fileid="34" />
                <SequencePoint vc="1" uspid="8554" ordinal="2" offset="19" sl="579" sc="13" el="579" ec="30" bec="0" bev="0" fileid="34" />
                <SequencePoint vc="1" uspid="8555" ordinal="3" offset="31" sl="580" sc="13" el="580" ec="35" bec="0" bev="0" fileid="34" />
                <SequencePoint vc="1" uspid="8556" ordinal="4" offset="42" sl="581" sc="9" el="581" ec="10" bec="0" bev="0" fileid="34" />
              </SequencePoints>
              <BranchPoints />
              <MethodPoint xsi:type="SequencePoint" vc="1" uspid="8552" ordinal="0" offset="0" sl="577" sc="9" el="577" ec="10" bec="0" bev="0" fileid="34" />
            </Method>
            <Method visited="true" cyclomaticComplexity="1" nPathComplexity="0" sequenceCoverage="100" branchCoverage="100" crapScore="1" isConstructor="false" isStatic="false" isGetter="false" isSetter="false">
              <Summary numSequencePoints="5" visitedSequencePoints="5" numBranchPoints="1" visitedBranchPoints="1" sequenceCoverage="100" branchCoverage="100" maxCyclomaticComplexity="1" minCyclomaticComplexity="1" maxCrapScore="1" minCrapScore="1" visitedClasses="0" numClasses="0" visitedMethods="1" numMethods="1" />
              <MetadataToken>100663678</MetadataToken>
              <Name>System.Void ExMat.Objects.ExObject::Assign(System.String)</Name>
              <FileRef uid="34" />
              <SequencePoints>
                <SequencePoint vc="1" uspid="8557" ordinal="0" offset="0" sl="587" sc="9" el="587" ec="10" bec="0" bev="0" fileid="34" />
                <SequencePoint vc="1" uspid="8558" ordinal="1" offset="1" sl="588" sc="13" el="588" ec="40" bec="0" bev="0" fileid="34" />
                <SequencePoint vc="1" uspid="8559" ordinal="2" offset="19" sl="589" sc="13" el="589" ec="38" bec="0" bev="0" fileid="34" />
                <SequencePoint vc="1" uspid="8560" ordinal="3" offset="31" sl="590" sc="13" el="590" ec="37" bec="0" bev="0" fileid="34" />
                <SequencePoint vc="1" uspid="8561" ordinal="4" offset="42" sl="591" sc="9" el="591" ec="10" bec="0" bev="0" fileid="34" />
              </SequencePoints>
              <BranchPoints />
              <MethodPoint xsi:type="SequencePoint" vc="1" uspid="8557" ordinal="0" offset="0" sl="587" sc="9" el="587" ec="10" bec="0" bev="0" fileid="34" />
            </Method>
            <Method visited="true" cyclomaticComplexity="1" nPathComplexity="0" sequenceCoverage="100" branchCoverage="100" crapScore="1" isConstructor="false" isStatic="false" isGetter="false" isSetter="false">
              <Summary numSequencePoints="6" visitedSequencePoints="6" numBranchPoints="1" visitedBranchPoints="1" sequenceCoverage="100" branchCoverage="100" maxCyclomaticComplexity="1" minCyclomaticComplexity="1" maxCrapScore="1" minCrapScore="1" visitedClasses="0" numClasses="0" visitedMethods="1" numMethods="1" />
              <MetadataToken>100663679</MetadataToken>
              <Name>System.Void ExMat.Objects.ExObject::Assign(System.Numerics.Complex)</Name>
              <FileRef uid="34" />
              <SequencePoints>
                <SequencePoint vc="2" uspid="8562" ordinal="0" offset="0" sl="597" sc="9" el="597" ec="10" bec="0" bev="0" fileid="34" />
                <SequencePoint vc="2" uspid="8563" ordinal="1" offset="1" sl="598" sc="13" el="598" ec="40" bec="0" bev="0" fileid="34" />
                <SequencePoint vc="2" uspid="8564" ordinal="2" offset="19" sl="599" sc="13" el="599" ec="40" bec="0" bev="0" fileid="34" />
                <SequencePoint vc="2" uspid="8565" ordinal="3" offset="37" sl="600" sc="13" el="600" ec="45" bec="0" bev="0" fileid="34" />
                <SequencePoint vc="2" uspid="8566" ordinal="4" offset="55" sl="601" sc="13" el="601" ec="38" bec="0" bev="0" fileid="34" />
                <SequencePoint vc="2" uspid="8567" ordinal="5" offset="66" sl="602" sc="9" el="602" ec="10" bec="0" bev="0" fileid="34" />
              </SequencePoints>
              <BranchPoints />
              <MethodPoint xsi:type="SequencePoint" vc="2" uspid="8562" ordinal="0" offset="0" sl="597" sc="9" el="597" ec="10" bec="0" bev="0" fileid="34" />
            </Method>
            <Method visited="true" cyclomaticComplexity="1" nPathComplexity="0" sequenceCoverage="100" branchCoverage="100" crapScore="1" isConstructor="false" isStatic="false" isGetter="false" isSetter="false">
              <Summary numSequencePoints="9" visitedSequencePoints="9" numBranchPoints="1" visitedBranchPoints="1" sequenceCoverage="100" branchCoverage="100" maxCyclomaticComplexity="1" minCyclomaticComplexity="1" maxCrapScore="1" minCrapScore="1" visitedClasses="0" numClasses="0" visitedMethods="1" numMethods="1" />
              <MetadataToken>100663680</MetadataToken>
              <Name>System.Void ExMat.Objects.ExObject::Assign(ExMat.Objects.ExSpace)</Name>
              <FileRef uid="34" />
              <SequencePoints>
                <SequencePoint vc="1" uspid="8568" ordinal="0" offset="0" sl="608" sc="9" el="608" ec="10" bec="0" bev="0" fileid="34" />
                <SequencePoint vc="1" uspid="8569" ordinal="1" offset="1" sl="609" sc="13" el="609" ec="32" bec="0" bev="0" fileid="34" />
                <SequencePoint vc="1" uspid="8570" ordinal="2" offset="8" sl="610" sc="13" el="610" ec="44" bec="0" bev="0" fileid="34" />
                <SequencePoint vc="1" uspid="8571" ordinal="3" offset="15" sl="612" sc="13" el="612" ec="41" bec="0" bev="0" fileid="34" />
                <SequencePoint vc="1" uspid="8572" ordinal="4" offset="27" sl="613" sc="13" el="613" ec="36" bec="0" bev="0" fileid="34" />
                <SequencePoint vc="1" uspid="8573" ordinal="5" offset="38" sl="614" sc="13" el="614" ec="53" bec="0" bev="0" fileid="34" />
                <SequencePoint vc="1" uspid="8574" ordinal="6" offset="60" sl="616" sc="13" el="616" ec="51" bec="0" bev="0" fileid="34" />
                <SequencePoint vc="1" uspid="8575" ordinal="7" offset="79" sl="617" sc="13" el="617" ec="27" bec="0" bev="0" fileid="34" />
                <SequencePoint vc="1" uspid="8576" ordinal="8" offset="87" sl="618" sc="9" el="618" ec="10" bec="0" bev="0" fileid="34" />
              </SequencePoints>
              <BranchPoints />
              <MethodPoint xsi:type="SequencePoint" vc="1" uspid="8568" ordinal="0" offset="0" sl="608" sc="9" el="608" ec="10" bec="0" bev="0" fileid="34" />
            </Method>
            <Method visited="true" cyclomaticComplexity="1" nPathComplexity="0" sequenceCoverage="100" branchCoverage="100" crapScore="1" isConstructor="false" isStatic="false" isGetter="false" isSetter="false">
              <Summary numSequencePoints="9" visitedSequencePoints="9" numBranchPoints="1" visitedBranchPoints="1" sequenceCoverage="100" branchCoverage="100" maxCyclomaticComplexity="1" minCyclomaticComplexity="1" maxCrapScore="1" minCrapScore="1" visitedClasses="0" numClasses="0" visitedMethods="1" numMethods="1" />
              <MetadataToken>100663681</MetadataToken>
              <Name>System.Void ExMat.Objects.ExObject::Assign(System.Collections.Generic.Dictionary`2&lt;System.String,ExMat.Objects.ExObject&gt;)</Name>
              <FileRef uid="34" />
              <SequencePoints>
                <SequencePoint vc="1" uspid="8577" ordinal="0" offset="0" sl="624" sc="9" el="624" ec="10" bec="0" bev="0" fileid="34" />
                <SequencePoint vc="1" uspid="8578" ordinal="1" offset="1" sl="625" sc="13" el="625" ec="32" bec="0" bev="0" fileid="34" />
                <SequencePoint vc="1" uspid="8579" ordinal="2" offset="8" sl="626" sc="13" el="626" ec="44" bec="0" bev="0" fileid="34" />
                <SequencePoint vc="1" uspid="8580" ordinal="3" offset="15" sl="628" sc="13" el="628" ec="39" bec="0" bev="0" fileid="34" />
                <SequencePoint vc="1" uspid="8581" ordinal="4" offset="27" sl="629" sc="13" el="629" ec="39" bec="0" bev="0" fileid="34" />
                <SequencePoint vc="1" uspid="8582" ordinal="5" offset="43" sl="630" sc="13" el="630" ec="35" bec="0" bev="0" fileid="34" />
                <SequencePoint vc="1" uspid="8583" ordinal="6" offset="54" sl="632" sc="13" el="632" ec="51" bec="0" bev="0" fileid="34" />
                <SequencePoint vc="1" uspid="8584" ordinal="7" offset="73" sl="633" sc="13" el="633" ec="27" bec="0" bev="0" fileid="34" />
                <SequencePoint vc="1" uspid="8585" ordinal="8" offset="81" sl="634" sc="9" el="634" ec="10" bec="0" bev="0" fileid="34" />
              </SequencePoints>
              <BranchPoints />
              <MethodPoint xsi:type="SequencePoint" vc="1" uspid="8577" ordinal="0" offset="0" sl="624" sc="9" el="624" ec="10" bec="0" bev="0" fileid="34" />
            </Method>
            <Method visited="true" cyclomaticComplexity="1" nPathComplexity="0" sequenceCoverage="100" branchCoverage="100" crapScore="1" isConstructor="false" isStatic="false" isGetter="false" isSetter="false">
              <Summary numSequencePoints="9" visitedSequencePoints="9" numBranchPoints="1" visitedBranchPoints="1" sequenceCoverage="100" branchCoverage="100" maxCyclomaticComplexity="1" minCyclomaticComplexity="1" maxCrapScore="1" minCrapScore="1" visitedClasses="0" numClasses="0" visitedMethods="1" numMethods="1" />
              <MetadataToken>100663682</MetadataToken>
              <Name>System.Void ExMat.Objects.ExObject::Assign(System.Collections.Generic.List`1&lt;ExMat.Objects.ExObject&gt;)</Name>
              <FileRef uid="34" />
              <SequencePoints>
                <SequencePoint vc="1" uspid="8586" ordinal="0" offset="0" sl="640" sc="9" el="640" ec="10" bec="0" bev="0" fileid="34" />
                <SequencePoint vc="1" uspid="8587" ordinal="1" offset="1" sl="641" sc="13" el="641" ec="32" bec="0" bev="0" fileid="34" />
                <SequencePoint vc="1" uspid="8588" ordinal="2" offset="8" sl="642" sc="13" el="642" ec="44" bec="0" bev="0" fileid="34" />
                <SequencePoint vc="1" uspid="8589" ordinal="3" offset="15" sl="644" sc="13" el="644" ec="38" bec="0" bev="0" fileid="34" />
                <SequencePoint vc="1" uspid="8590" ordinal="4" offset="27" sl="645" sc="13" el="645" ec="39" bec="0" bev="0" fileid="34" />
                <SequencePoint vc="1" uspid="8591" ordinal="5" offset="43" sl="646" sc="13" el="646" ec="36" bec="0" bev="0" fileid="34" />
                <SequencePoint vc="1" uspid="8592" ordinal="6" offset="54" sl="648" sc="13" el="648" ec="51" bec="0" bev="0" fileid="34" />
                <SequencePoint vc="1" uspid="8593" ordinal="7" offset="73" sl="649" sc="13" el="649" ec="27" bec="0" bev="0" fileid="34" />
                <SequencePoint vc="1" uspid="8594" ordinal="8" offset="81" sl="650" sc="9" el="650" ec="10" bec="0" bev="0" fileid="34" />
              </SequencePoints>
              <BranchPoints />
              <MethodPoint xsi:type="SequencePoint" vc="1" uspid="8586" ordinal="0" offset="0" sl="640" sc="9" el="640" ec="10" bec="0" bev="0" fileid="34" />
            </Method>
            <Method visited="true" cyclomaticComplexity="1" nPathComplexity="0" sequenceCoverage="100" branchCoverage="100" crapScore="1" isConstructor="false" isStatic="false" isGetter="false" isSetter="false">
              <Summary numSequencePoints="9" visitedSequencePoints="9" numBranchPoints="1" visitedBranchPoints="1" sequenceCoverage="100" branchCoverage="100" maxCyclomaticComplexity="1" minCyclomaticComplexity="1" maxCrapScore="1" minCrapScore="1" visitedClasses="0" numClasses="0" visitedMethods="1" numMethods="1" />
              <MetadataToken>100663683</MetadataToken>
              <Name>System.Void ExMat.Objects.ExObject::Assign(ExMat.ExClass.ExInstance)</Name>
              <FileRef uid="34" />
              <SequencePoints>
                <SequencePoint vc="1" uspid="8595" ordinal="0" offset="0" sl="656" sc="9" el="656" ec="10" bec="0" bev="0" fileid="34" />
                <SequencePoint vc="1" uspid="8596" ordinal="1" offset="1" sl="657" sc="13" el="657" ec="32" bec="0" bev="0" fileid="34" />
                <SequencePoint vc="1" uspid="8597" ordinal="2" offset="8" sl="658" sc="13" el="658" ec="44" bec="0" bev="0" fileid="34" />
                <SequencePoint vc="1" uspid="8598" ordinal="3" offset="15" sl="660" sc="13" el="660" ec="42" bec="0" bev="0" fileid="34" />
                <SequencePoint vc="1" uspid="8599" ordinal="4" offset="27" sl="661" sc="13" el="661" ec="55" bec="0" bev="0" fileid="34" />
                <SequencePoint vc="1" uspid="8600" ordinal="5" offset="49" sl="662" sc="13" el="662" ec="39" bec="0" bev="0" fileid="34" />
                <SequencePoint vc="1" uspid="8601" ordinal="6" offset="60" sl="664" sc="13" el="664" ec="51" bec="0" bev="0" fileid="34" />
                <SequencePoint vc="1" uspid="8602" ordinal="7" offset="79" sl="665" sc="13" el="665" ec="27" bec="0" bev="0" fileid="34" />
                <SequencePoint vc="1" uspid="8603" ordinal="8" offset="87" sl="666" sc="9" el="666" ec="10" bec="0" bev="0" fileid="34" />
              </SequencePoints>
              <BranchPoints />
              <MethodPoint xsi:type="SequencePoint" vc="1" uspid="8595" ordinal="0" offset="0" sl="656" sc="9" el="656" ec="10" bec="0" bev="0" fileid="34" />
            </Method>
            <Method visited="true" cyclomaticComplexity="1" nPathComplexity="0" sequenceCoverage="100" branchCoverage="100" crapScore="1" isConstructor="false" isStatic="false" isGetter="false" isSetter="false">
              <Summary numSequencePoints="9" visitedSequencePoints="9" numBranchPoints="1" visitedBranchPoints="1" sequenceCoverage="100" branchCoverage="100" maxCyclomaticComplexity="1" minCyclomaticComplexity="1" maxCrapScore="1" minCrapScore="1" visitedClasses="0" numClasses="0" visitedMethods="1" numMethods="1" />
              <MetadataToken>100663684</MetadataToken>
              <Name>System.Void ExMat.Objects.ExObject::Assign(ExMat.ExClass.ExClass)</Name>
              <FileRef uid="34" />
              <SequencePoints>
                <SequencePoint vc="1" uspid="8604" ordinal="0" offset="0" sl="672" sc="9" el="672" ec="10" bec="0" bev="0" fileid="34" />
                <SequencePoint vc="1" uspid="8605" ordinal="1" offset="1" sl="673" sc="13" el="673" ec="32" bec="0" bev="0" fileid="34" />
                <SequencePoint vc="1" uspid="8606" ordinal="2" offset="8" sl="674" sc="13" el="674" ec="44" bec="0" bev="0" fileid="34" />
                <SequencePoint vc="1" uspid="8607" ordinal="3" offset="15" sl="676" sc="13" el="676" ec="41" bec="0" bev="0" fileid="34" />
                <SequencePoint vc="1" uspid="8608" ordinal="4" offset="27" sl="677" sc="13" el="677" ec="52" bec="0" bev="0" fileid="34" />
                <SequencePoint vc="1" uspid="8609" ordinal="5" offset="49" sl="678" sc="13" el="678" ec="36" bec="0" bev="0" fileid="34" />
                <SequencePoint vc="1" uspid="8610" ordinal="6" offset="60" sl="680" sc="13" el="680" ec="51" bec="0" bev="0" fileid="34" />
                <SequencePoint vc="1" uspid="8611" ordinal="7" offset="79" sl="681" sc="13" el="681" ec="27" bec="0" bev="0" fileid="34" />
                <SequencePoint vc="1" uspid="8612" ordinal="8" offset="87" sl="682" sc="9" el="682" ec="10" bec="0" bev="0" fileid="34" />
              </SequencePoints>
              <BranchPoints />
              <MethodPoint xsi:type="SequencePoint" vc="1" uspid="8604" ordinal="0" offset="0" sl="672" sc="9" el="672" ec="10" bec="0" bev="0" fileid="34" />
            </Method>
            <Method visited="true" cyclomaticComplexity="1" nPathComplexity="0" sequenceCoverage="100" branchCoverage="100" crapScore="1" isConstructor="false" isStatic="false" isGetter="false" isSetter="false">
              <Summary numSequencePoints="9" visitedSequencePoints="9" numBranchPoints="1" visitedBranchPoints="1" sequenceCoverage="100" branchCoverage="100" maxCyclomaticComplexity="1" minCyclomaticComplexity="1" maxCrapScore="1" minCrapScore="1" visitedClasses="0" numClasses="0" visitedMethods="1" numMethods="1" />
              <MetadataToken>100663685</MetadataToken>
              <Name>System.Void ExMat.Objects.ExObject::Assign(ExMat.Closure.ExClosure)</Name>
              <FileRef uid="34" />
              <SequencePoints>
                <SequencePoint vc="1" uspid="8613" ordinal="0" offset="0" sl="688" sc="9" el="688" ec="10" bec="0" bev="0" fileid="34" />
                <SequencePoint vc="1" uspid="8614" ordinal="1" offset="1" sl="689" sc="13" el="689" ec="32" bec="0" bev="0" fileid="34" />
                <SequencePoint vc="1" uspid="8615" ordinal="2" offset="8" sl="690" sc="13" el="690" ec="44" bec="0" bev="0" fileid="34" />
                <SequencePoint vc="1" uspid="8616" ordinal="3" offset="15" sl="692" sc="13" el="692" ec="40" bec="0" bev="0" fileid="34" />
                <SequencePoint vc="1" uspid="8617" ordinal="4" offset="27" sl="693" sc="13" el="693" ec="54" bec="0" bev="0" fileid="34" />
                <SequencePoint vc="1" uspid="8618" ordinal="5" offset="49" sl="694" sc="13" el="694" ec="38" bec="0" bev="0" fileid="34" />
                <SequencePoint vc="1" uspid="8619" ordinal="6" offset="60" sl="696" sc="13" el="696" ec="51" bec="0" bev="0" fileid="34" />
                <SequencePoint vc="1" uspid="8620" ordinal="7" offset="79" sl="697" sc="13" el="697" ec="27" bec="0" bev="0" fileid="34" />
                <SequencePoint vc="1" uspid="8621" ordinal="8" offset="87" sl="698" sc="9" el="698" ec="10" bec="0" bev="0" fileid="34" />
              </SequencePoints>
              <BranchPoints />
              <MethodPoint xsi:type="SequencePoint" vc="1" uspid="8613" ordinal="0" offset="0" sl="688" sc="9" el="688" ec="10" bec="0" bev="0" fileid="34" />
            </Method>
            <Method visited="true" cyclomaticComplexity="1" nPathComplexity="0" sequenceCoverage="100" branchCoverage="100" crapScore="1" isConstructor="false" isStatic="false" isGetter="false" isSetter="false">
              <Summary numSequencePoints="9" visitedSequencePoints="9" numBranchPoints="1" visitedBranchPoints="1" sequenceCoverage="100" branchCoverage="100" maxCyclomaticComplexity="1" minCyclomaticComplexity="1" maxCrapScore="1" minCrapScore="1" visitedClasses="0" numClasses="0" visitedMethods="1" numMethods="1" />
              <MetadataToken>100663686</MetadataToken>
              <Name>System.Void ExMat.Objects.ExObject::Assign(ExMat.Closure.ExNativeClosure)</Name>
              <FileRef uid="34" />
              <SequencePoints>
                <SequencePoint vc="1" uspid="8622" ordinal="0" offset="0" sl="704" sc="9" el="704" ec="10" bec="0" bev="0" fileid="34" />
                <SequencePoint vc="1" uspid="8623" ordinal="1" offset="1" sl="705" sc="13" el="705" ec="32" bec="0" bev="0" fileid="34" />
                <SequencePoint vc="1" uspid="8624" ordinal="2" offset="8" sl="706" sc="13" el="706" ec="44" bec="0" bev="0" fileid="34" />
                <SequencePoint vc="1" uspid="8625" ordinal="3" offset="15" sl="708" sc="13" el="708" ec="47" bec="0" bev="0" fileid="34" />
                <SequencePoint vc="1" uspid="8626" ordinal="4" offset="27" sl="709" sc="13" el="709" ec="60" bec="0" bev="0" fileid="34" />
                <SequencePoint vc="1" uspid="8627" ordinal="5" offset="49" sl="710" sc="13" el="710" ec="44" bec="0" bev="0" fileid="34" />
                <SequencePoint vc="1" uspid="8628" ordinal="6" offset="60" sl="712" sc="13" el="712" ec="51" bec="0" bev="0" fileid="34" />
                <SequencePoint vc="1" uspid="8629" ordinal="7" offset="79" sl="713" sc="13" el="713" ec="27" bec="0" bev="0" fileid="34" />
                <SequencePoint vc="1" uspid="8630" ordinal="8" offset="87" sl="714" sc="9" el="714" ec="10" bec="0" bev="0" fileid="34" />
              </SequencePoints>
              <BranchPoints />
              <MethodPoint xsi:type="SequencePoint" vc="1" uspid="8622" ordinal="0" offset="0" sl="704" sc="9" el="704" ec="10" bec="0" bev="0" fileid="34" />
            </Method>
            <Method visited="true" cyclomaticComplexity="1" nPathComplexity="0" sequenceCoverage="100" branchCoverage="100" crapScore="1" isConstructor="false" isStatic="false" isGetter="false" isSetter="false">
              <Summary numSequencePoints="9" visitedSequencePoints="9" numBranchPoints="1" visitedBranchPoints="1" sequenceCoverage="100" branchCoverage="100" maxCyclomaticComplexity="1" minCyclomaticComplexity="1" maxCrapScore="1" minCrapScore="1" visitedClasses="0" numClasses="0" visitedMethods="1" numMethods="1" />
              <MetadataToken>100663687</MetadataToken>
              <Name>System.Void ExMat.Objects.ExObject::Assign(ExMat.Outer.ExOuter)</Name>
              <FileRef uid="34" />
              <SequencePoints>
                <SequencePoint vc="1" uspid="8631" ordinal="0" offset="0" sl="720" sc="9" el="720" ec="10" bec="0" bev="0" fileid="34" />
                <SequencePoint vc="1" uspid="8632" ordinal="1" offset="1" sl="721" sc="13" el="721" ec="32" bec="0" bev="0" fileid="34" />
                <SequencePoint vc="1" uspid="8633" ordinal="2" offset="8" sl="722" sc="13" el="722" ec="44" bec="0" bev="0" fileid="34" />
                <SequencePoint vc="1" uspid="8634" ordinal="3" offset="15" sl="724" sc="13" el="724" ec="40" bec="0" bev="0" fileid="34" />
                <SequencePoint vc="1" uspid="8635" ordinal="4" offset="27" sl="725" sc="13" el="725" ec="52" bec="0" bev="0" fileid="34" />
                <SequencePoint vc="1" uspid="8636" ordinal="5" offset="49" sl="726" sc="13" el="726" ec="36" bec="0" bev="0" fileid="34" />
                <SequencePoint vc="1" uspid="8637" ordinal="6" offset="60" sl="728" sc="13" el="728" ec="51" bec="0" bev="0" fileid="34" />
                <SequencePoint vc="1" uspid="8638" ordinal="7" offset="79" sl="729" sc="13" el="729" ec="27" bec="0" bev="0" fileid="34" />
                <SequencePoint vc="1" uspid="8639" ordinal="8" offset="87" sl="730" sc="9" el="730" ec="10" bec="0" bev="0" fileid="34" />
              </SequencePoints>
              <BranchPoints />
              <MethodPoint xsi:type="SequencePoint" vc="1" uspid="8631" ordinal="0" offset="0" sl="720" sc="9" el="720" ec="10" bec="0" bev="0" fileid="34" />
            </Method>
            <Method visited="true" cyclomaticComplexity="1" nPathComplexity="0" sequenceCoverage="100" branchCoverage="100" crapScore="1" isConstructor="false" isStatic="false" isGetter="false" isSetter="false">
              <Summary numSequencePoints="9" visitedSequencePoints="9" numBranchPoints="1" visitedBranchPoints="1" sequenceCoverage="100" branchCoverage="100" maxCyclomaticComplexity="1" minCyclomaticComplexity="1" maxCrapScore="1" minCrapScore="1" visitedClasses="0" numClasses="0" visitedMethods="1" numMethods="1" />
              <MetadataToken>100663688</MetadataToken>
              <Name>System.Void ExMat.Objects.ExObject::Assign(ExMat.FuncPrototype.ExPrototype)</Name>
              <FileRef uid="34" />
              <SequencePoints>
                <SequencePoint vc="1" uspid="8640" ordinal="0" offset="0" sl="736" sc="9" el="736" ec="10" bec="0" bev="0" fileid="34" />
                <SequencePoint vc="1" uspid="8641" ordinal="1" offset="1" sl="737" sc="13" el="737" ec="32" bec="0" bev="0" fileid="34" />
                <SequencePoint vc="1" uspid="8642" ordinal="2" offset="8" sl="738" sc="13" el="738" ec="44" bec="0" bev="0" fileid="34" />
                <SequencePoint vc="1" uspid="8643" ordinal="3" offset="15" sl="740" sc="13" el="740" ec="40" bec="0" bev="0" fileid="34" />
                <SequencePoint vc="1" uspid="8644" ordinal="4" offset="27" sl="741" sc="13" el="741" ec="54" bec="0" bev="0" fileid="34" />
                <SequencePoint vc="1" uspid="8645" ordinal="5" offset="49" sl="742" sc="13" el="742" ec="38" bec="0" bev="0" fileid="34" />
                <SequencePoint vc="1" uspid="8646" ordinal="6" offset="60" sl="744" sc="13" el="744" ec="51" bec="0" bev="0" fileid="34" />
                <SequencePoint vc="1" uspid="8647" ordinal="7" offset="79" sl="745" sc="13" el="745" ec="27" bec="0" bev="0" fileid="34" />
                <SequencePoint vc="1" uspid="8648" ordinal="8" offset="87" sl="746" sc="9" el="746" ec="10" bec="0" bev="0" fileid="34" />
              </SequencePoints>
              <BranchPoints />
              <MethodPoint xsi:type="SequencePoint" vc="1" uspid="8640" ordinal="0" offset="0" sl="736" sc="9" el="736" ec="10" bec="0" bev="0" fileid="34" />
            </Method>
            <Method visited="true" cyclomaticComplexity="1" nPathComplexity="0" sequenceCoverage="100" branchCoverage="100" crapScore="1" isConstructor="false" isStatic="false" isGetter="false" isSetter="false">
              <Summary numSequencePoints="9" visitedSequencePoints="9" numBranchPoints="1" visitedBranchPoints="1" sequenceCoverage="100" branchCoverage="100" maxCyclomaticComplexity="1" minCyclomaticComplexity="1" maxCrapScore="1" minCrapScore="1" visitedClasses="0" numClasses="0" visitedMethods="1" numMethods="1" />
              <MetadataToken>100663689</MetadataToken>
              <Name>System.Void ExMat.Objects.ExObject::Assign(ExMat.Objects.ExWeakRef)</Name>
              <FileRef uid="34" />
              <SequencePoints>
                <SequencePoint vc="1" uspid="8649" ordinal="0" offset="0" sl="752" sc="9" el="752" ec="10" bec="0" bev="0" fileid="34" />
                <SequencePoint vc="1" uspid="8650" ordinal="1" offset="1" sl="753" sc="13" el="753" ec="32" bec="0" bev="0" fileid="34" />
                <SequencePoint vc="1" uspid="8651" ordinal="2" offset="8" sl="754" sc="13" el="754" ec="44" bec="0" bev="0" fileid="34" />
                <SequencePoint vc="1" uspid="8652" ordinal="3" offset="15" sl="756" sc="13" el="756" ec="41" bec="0" bev="0" fileid="34" />
                <SequencePoint vc="1" uspid="8653" ordinal="4" offset="27" sl="757" sc="13" el="757" ec="54" bec="0" bev="0" fileid="34" />
                <SequencePoint vc="1" uspid="8654" ordinal="5" offset="49" sl="758" sc="13" el="758" ec="38" bec="0" bev="0" fileid="34" />
                <SequencePoint vc="1" uspid="8655" ordinal="6" offset="60" sl="760" sc="13" el="760" ec="51" bec="0" bev="0" fileid="34" />
                <SequencePoint vc="1" uspid="8656" ordinal="7" offset="79" sl="761" sc="13" el="761" ec="27" bec="0" bev="0" fileid="34" />
                <SequencePoint vc="1" uspid="8657" ordinal="8" offset="87" sl="762" sc="9" el="762" ec="10" bec="0" bev="0" fileid="34" />
              </SequencePoints>
              <BranchPoints />
              <MethodPoint xsi:type="SequencePoint" vc="1" uspid="8649" ordinal="0" offset="0" sl="752" sc="9" el="752" ec="10" bec="0" bev="0" fileid="34" />
            </Method>
            <Method visited="false" cyclomaticComplexity="1" nPathComplexity="0" sequenceCoverage="0" branchCoverage="0" crapScore="2" isConstructor="false" isStatic="false" isGetter="false" isSetter="false">
              <Summary numSequencePoints="7" visitedSequencePoints="0" numBranchPoints="1" visitedBranchPoints="0" sequenceCoverage="0" branchCoverage="0" maxCyclomaticComplexity="1" minCyclomaticComplexity="1" maxCrapScore="2" minCrapScore="2" visitedClasses="0" numClasses="0" visitedMethods="0" numMethods="1" />
              <MetadataToken>100663690</MetadataToken>
              <Name>System.Void ExMat.Objects.ExObject::Nullify()</Name>
              <FileRef uid="34" />
              <SequencePoints>
                <SequencePoint vc="0" uspid="8658" ordinal="0" offset="0" sl="768" sc="9" el="768" ec="10" bec="0" bev="0" fileid="34" />
                <SequencePoint vc="0" uspid="8659" ordinal="1" offset="1" sl="769" sc="13" el="769" ec="35" bec="0" bev="0" fileid="34" />
                <SequencePoint vc="0" uspid="8660" ordinal="2" offset="8" sl="770" sc="13" el="770" ec="47" bec="0" bev="0" fileid="34" />
                <SequencePoint vc="0" uspid="8661" ordinal="3" offset="15" sl="771" sc="13" el="771" ec="35" bec="0" bev="0" fileid="34" />
                <SequencePoint vc="0" uspid="8662" ordinal="4" offset="26" sl="772" sc="13" el="772" ec="33" bec="0" bev="0" fileid="34" />
                <SequencePoint vc="0" uspid="8663" ordinal="5" offset="38" sl="773" sc="13" el="773" ec="33" bec="0" bev="0" fileid="34" />
                <SequencePoint vc="0" uspid="8664" ordinal="6" offset="46" sl="774" sc="9" el="774" ec="10" bec="0" bev="0" fileid="34" />
              </SequencePoints>
              <BranchPoints />
              <MethodPoint xsi:type="SequencePoint" vc="0" uspid="8658" ordinal="0" offset="0" sl="768" sc="9" el="768" ec="10" bec="0" bev="0" fileid="34" />
            </Method>
          </Methods>
        </Class>
        <Class>
          <Summary numSequencePoints="33" visitedSequencePoints="30" numBranchPoints="11" visitedBranchPoints="8" sequenceCoverage="90.91" branchCoverage="72.73" maxCyclomaticComplexity="3" minCyclomaticComplexity="1" maxCrapScore="3" minCrapScore="1" visitedClasses="1" numClasses="1" visitedMethods="4" numMethods="5" />
          <FullName>ExMat.Objects.ExRefC</FullName>
          <Methods>
            <Method visited="true" cyclomaticComplexity="1" nPathComplexity="0" sequenceCoverage="100" branchCoverage="100" crapScore="1" isConstructor="true" isStatic="false" isGetter="false" isSetter="false">
              <Summary numSequencePoints="3" visitedSequencePoints="3" numBranchPoints="1" visitedBranchPoints="1" sequenceCoverage="100" branchCoverage="100" maxCyclomaticComplexity="1" minCyclomaticComplexity="1" maxCrapScore="1" minCrapScore="1" visitedClasses="0" numClasses="0" visitedMethods="1" numMethods="1" />
              <MetadataToken>100663691</MetadataToken>
              <Name>System.Void ExMat.Objects.ExRefC::.ctor()</Name>
              <FileRef uid="35" />
              <SequencePoints>
                <SequencePoint vc="109" uspid="8665" ordinal="0" offset="0" sl="29" sc="9" el="29" ec="24" bec="0" bev="0" fileid="35" />
                <SequencePoint vc="109" uspid="8666" ordinal="1" offset="7" sl="29" sc="25" el="29" ec="26" bec="0" bev="0" fileid="35" />
                <SequencePoint vc="109" uspid="8667" ordinal="2" offset="8" sl="29" sc="27" el="29" ec="28" bec="0" bev="0" fileid="35" />
              </SequencePoints>
              <BranchPoints />
              <MethodPoint xsi:type="SequencePoint" vc="109" uspid="8665" ordinal="0" offset="0" sl="29" sc="9" el="29" ec="24" bec="0" bev="0" fileid="35" />
            </Method>
            <Method visited="true" cyclomaticComplexity="2" nPathComplexity="2" sequenceCoverage="100" branchCoverage="66.67" crapScore="2" isConstructor="false" isStatic="false" isGetter="false" isSetter="false">
              <Summary numSequencePoints="13" visitedSequencePoints="13" numBranchPoints="3" visitedBranchPoints="2" sequenceCoverage="100" branchCoverage="66.67" maxCyclomaticComplexity="2" minCyclomaticComplexity="2" maxCrapScore="2" minCrapScore="2" visitedClasses="0" numClasses="0" visitedMethods="1" numMethods="1" />
              <MetadataToken>100663692</MetadataToken>
              <Name>ExMat.Objects.ExWeakRef ExMat.Objects.ExRefC::GetWeakRef(ExMat.ExObjType,ExMat.ExObjVal,ExMat.ExObjValCustom)</Name>
              <FileRef uid="35" />
              <SequencePoints>
                <SequencePoint vc="1" uspid="8668" ordinal="0" offset="0" sl="39" sc="9" el="39" ec="10" bec="0" bev="0" fileid="35" />
                <SequencePoint vc="1" uspid="8669" ordinal="1" offset="1" sl="40" sc="13" el="40" ec="39" bec="2" bev="1" fileid="35" />
                <SequencePoint vc="1" uspid="8670" ordinal="2" offset="14" sl="41" sc="13" el="41" ec="14" bec="0" bev="0" fileid="35" />
                <SequencePoint vc="1" uspid="8671" ordinal="3" offset="15" sl="42" sc="17" el="42" ec="37" bec="0" bev="0" fileid="35" />
                <SequencePoint vc="1" uspid="8672" ordinal="4" offset="21" sl="43" sc="17" el="43" ec="44" bec="0" bev="0" fileid="35" />
                <SequencePoint vc="1" uspid="8673" ordinal="5" offset="32" sl="44" sc="17" el="44" ec="45" bec="0" bev="0" fileid="35" />
                <SequencePoint vc="1" uspid="8674" ordinal="6" offset="44" sl="45" sc="17" el="45" ec="46" bec="0" bev="0" fileid="35" />
                <SequencePoint vc="1" uspid="8675" ordinal="7" offset="56" sl="46" sc="17" el="46" ec="53" bec="0" bev="0" fileid="35" />
                <SequencePoint vc="1" uspid="8676" ordinal="8" offset="68" sl="47" sc="17" el="47" ec="61" bec="0" bev="0" fileid="35" />
                <SequencePoint vc="1" uspid="8677" ordinal="9" offset="85" sl="48" sc="17" el="48" ec="35" bec="0" bev="0" fileid="35" />
                <SequencePoint vc="1" uspid="8678" ordinal="10" offset="92" sl="49" sc="13" el="49" ec="14" bec="0" bev="0" fileid="35" />
                <SequencePoint vc="1" uspid="8679" ordinal="11" offset="93" sl="50" sc="13" el="50" ec="34" bec="0" bev="0" fileid="35" />
                <SequencePoint vc="1" uspid="8680" ordinal="12" offset="102" sl="51" sc="9" el="51" ec="10" bec="0" bev="0" fileid="35" />
              </SequencePoints>
              <BranchPoints>
                <BranchPoint vc="1" uspid="8681" ordinal="0" offset="12" sl="40" path="0" offsetend="14" fileid="35" />
                <BranchPoint vc="0" uspid="8682" ordinal="1" offset="12" sl="40" path="1" offsetend="93" fileid="35" />
              </BranchPoints>
              <MethodPoint xsi:type="SequencePoint" vc="1" uspid="8668" ordinal="0" offset="0" sl="39" sc="9" el="39" ec="10" bec="0" bev="0" fileid="35" />
            </Method>
            <Method visited="false" cyclomaticComplexity="1" nPathComplexity="0" sequenceCoverage="0" branchCoverage="0" crapScore="2" isConstructor="false" isStatic="false" isGetter="false" isSetter="false">
              <Summary numSequencePoints="3" visitedSequencePoints="0" numBranchPoints="1" visitedBranchPoints="0" sequenceCoverage="0" branchCoverage="0" maxCyclomaticComplexity="1" minCyclomaticComplexity="1" maxCrapScore="2" minCrapScore="2" visitedClasses="0" numClasses="0" visitedMethods="0" numMethods="1" />
              <MetadataToken>100663693</MetadataToken>
              <Name>System.String ExMat.Objects.ExRefC::GetDebuggerDisplay()</Name>
              <FileRef uid="35" />
              <SequencePoints>
                <SequencePoint vc="0" uspid="8683" ordinal="0" offset="0" sl="55" sc="9" el="55" ec="10" bec="0" bev="0" fileid="35" />
                <SequencePoint vc="0" uspid="8684" ordinal="1" offset="1" sl="56" sc="13" el="56" ec="46" bec="0" bev="0" fileid="35" />
                <SequencePoint vc="0" uspid="8685" ordinal="2" offset="25" sl="57" sc="9" el="57" ec="10" bec="0" bev="0" fileid="35" />
              </SequencePoints>
              <BranchPoints />
              <MethodPoint xsi:type="SequencePoint" vc="0" uspid="8683" ordinal="0" offset="0" sl="55" sc="9" el="55" ec="10" bec="0" bev="0" fileid="35" />
            </Method>
            <Method visited="true" cyclomaticComplexity="3" nPathComplexity="4" sequenceCoverage="100" branchCoverage="80" crapScore="3" isConstructor="false" isStatic="false" isGetter="false" isSetter="false">
              <Summary numSequencePoints="10" visitedSequencePoints="10" numBranchPoints="5" visitedBranchPoints="4" sequenceCoverage="100" branchCoverage="80" maxCyclomaticComplexity="3" minCyclomaticComplexity="3" maxCrapScore="3" minCrapScore="3" visitedClasses="0" numClasses="0" visitedMethods="1" numMethods="1" />
              <MetadataToken>100663694</MetadataToken>
              <Name>System.Void ExMat.Objects.ExRefC::Dispose(System.Boolean)</Name>
              <FileRef uid="35" />
              <SequencePoints>
                <SequencePoint vc="3" uspid="8686" ordinal="0" offset="0" sl="61" sc="9" el="61" ec="10" bec="0" bev="0" fileid="35" />
                <SequencePoint vc="3" uspid="8687" ordinal="1" offset="1" sl="62" sc="13" el="62" ec="32" bec="2" bev="2" fileid="35" />
                <SequencePoint vc="2" uspid="8688" ordinal="2" offset="14" sl="63" sc="13" el="63" ec="14" bec="0" bev="0" fileid="35" />
                <SequencePoint vc="2" uspid="8689" ordinal="3" offset="15" sl="64" sc="17" el="64" ec="31" bec="2" bev="1" fileid="35" />
                <SequencePoint vc="2" uspid="8690" ordinal="4" offset="20" sl="65" sc="17" el="65" ec="18" bec="0" bev="0" fileid="35" />
                <SequencePoint vc="2" uspid="8691" ordinal="5" offset="21" sl="66" sc="21" el="66" ec="42" bec="0" bev="0" fileid="35" />
                <SequencePoint vc="2" uspid="8692" ordinal="6" offset="28" sl="67" sc="17" el="67" ec="18" bec="0" bev="0" fileid="35" />
                <SequencePoint vc="2" uspid="8693" ordinal="7" offset="29" sl="71" sc="17" el="71" ec="38" bec="0" bev="0" fileid="35" />
                <SequencePoint vc="2" uspid="8694" ordinal="8" offset="36" sl="72" sc="13" el="72" ec="14" bec="0" bev="0" fileid="35" />
                <SequencePoint vc="3" uspid="8695" ordinal="9" offset="37" sl="73" sc="9" el="73" ec="10" bec="0" bev="0" fileid="35" />
              </SequencePoints>
              <BranchPoints>
                <BranchPoint vc="2" uspid="8696" ordinal="0" offset="12" sl="62" path="0" offsetend="14" fileid="35" />
                <BranchPoint vc="1" uspid="8697" ordinal="1" offset="12" sl="62" path="1" offsetend="37" fileid="35" />
                <BranchPoint vc="2" uspid="8698" ordinal="2" offset="18" sl="64" path="0" offsetend="20" fileid="35" />
                <BranchPoint vc="0" uspid="8699" ordinal="3" offset="18" sl="64" path="1" offsetend="29" fileid="35" />
              </BranchPoints>
              <MethodPoint xsi:type="SequencePoint" vc="3" uspid="8686" ordinal="0" offset="0" sl="61" sc="9" el="61" ec="10" bec="0" bev="0" fileid="35" />
            </Method>
            <Method visited="true" cyclomaticComplexity="1" nPathComplexity="0" sequenceCoverage="100" branchCoverage="100" crapScore="1" isConstructor="false" isStatic="false" isGetter="false" isSetter="false">
              <Summary numSequencePoints="4" visitedSequencePoints="4" numBranchPoints="1" visitedBranchPoints="1" sequenceCoverage="100" branchCoverage="100" maxCyclomaticComplexity="1" minCyclomaticComplexity="1" maxCrapScore="1" minCrapScore="1" visitedClasses="0" numClasses="0" visitedMethods="1" numMethods="1" />
              <MetadataToken>100663695</MetadataToken>
              <Name>System.Void ExMat.Objects.ExRefC::Dispose()</Name>
              <FileRef uid="35" />
              <SequencePoints>
                <SequencePoint vc="3" uspid="8700" ordinal="0" offset="0" sl="78" sc="9" el="78" ec="10" bec="0" bev="0" fileid="35" />
                <SequencePoint vc="3" uspid="8701" ordinal="1" offset="1" sl="80" sc="13" el="80" ec="38" bec="0" bev="0" fileid="35" />
                <SequencePoint vc="3" uspid="8702" ordinal="2" offset="9" sl="81" sc="13" el="81" ec="39" bec="0" bev="0" fileid="35" />
                <SequencePoint vc="3" uspid="8703" ordinal="3" offset="16" sl="82" sc="9" el="82" ec="10" bec="0" bev="0" fileid="35" />
              </SequencePoints>
              <BranchPoints />
              <MethodPoint xsi:type="SequencePoint" vc="3" uspid="8700" ordinal="0" offset="0" sl="78" sc="9" el="78" ec="10" bec="0" bev="0" fileid="35" />
            </Method>
          </Methods>
        </Class>
        <Class>
          <Summary numSequencePoints="124" visitedSequencePoints="6" numBranchPoints="38" visitedBranchPoints="1" sequenceCoverage="4.84" branchCoverage="2.63" maxCyclomaticComplexity="6" minCyclomaticComplexity="1" maxCrapScore="42" minCrapScore="1" visitedClasses="1" numClasses="1" visitedMethods="1" numMethods="14" />
          <FullName>ExMat.Objects.ExSpace</FullName>
          <Methods>
            <Method visited="false" cyclomaticComplexity="2" nPathComplexity="2" sequenceCoverage="0" branchCoverage="0" crapScore="6" isConstructor="false" isStatic="false" isGetter="false" isSetter="false">
              <Summary numSequencePoints="3" visitedSequencePoints="0" numBranchPoints="3" visitedBranchPoints="0" sequenceCoverage="0" branchCoverage="0" maxCyclomaticComplexity="2" minCyclomaticComplexity="2" maxCrapScore="6" minCrapScore="6" visitedClasses="0" numClasses="0" visitedMethods="0" numMethods="1" />
              <MetadataToken>100663696</MetadataToken>
              <Name>System.String ExMat.Objects.ExSpace::GetString()</Name>
              <FileRef uid="36" />
              <SequencePoints>
                <SequencePoint vc="0" uspid="8704" ordinal="0" offset="0" sl="40" sc="9" el="40" ec="10" bec="0" bev="0" fileid="36" />
                <SequencePoint vc="0" uspid="8705" ordinal="1" offset="1" sl="41" sc="13" el="41" ec="114" bec="2" bev="0" fileid="36" />
                <SequencePoint vc="0" uspid="8706" ordinal="2" offset="115" sl="42" sc="9" el="42" ec="10" bec="0" bev="0" fileid="36" />
              </SequencePoints>
              <BranchPoints>
                <BranchPoint vc="0" uspid="8707" ordinal="0" offset="76" sl="41" path="0" offsetend="78" fileid="36" />
                <BranchPoint vc="0" uspid="8708" ordinal="1" offset="76" sl="41" path="1" offsetend="101" fileid="36" />
              </BranchPoints>
              <MethodPoint xsi:type="SequencePoint" vc="0" uspid="8704" ordinal="0" offset="0" sl="40" sc="9" el="40" ec="10" bec="0" bev="0" fileid="36" />
            </Method>
            <Method visited="false" cyclomaticComplexity="2" nPathComplexity="0" sequenceCoverage="0" branchCoverage="0" crapScore="6" isConstructor="false" isStatic="true" isGetter="false" isSetter="false">
              <Summary numSequencePoints="18" visitedSequencePoints="0" numBranchPoints="1" visitedBranchPoints="0" sequenceCoverage="0" branchCoverage="0" maxCyclomaticComplexity="2" minCyclomaticComplexity="2" maxCrapScore="6" minCrapScore="6" visitedClasses="0" numClasses="0" visitedMethods="0" numMethods="1" />
              <MetadataToken>100663697</MetadataToken>
              <Name>ExMat.Objects.ExSpace ExMat.Objects.ExSpace::GetSpaceFromString(System.String)</Name>
              <FileRef uid="36" />
              <SequencePoints>
                <SequencePoint vc="0" uspid="8709" ordinal="0" offset="0" sl="45" sc="9" el="45" ec="10" bec="0" bev="0" fileid="36" />
                <SequencePoint vc="0" uspid="8710" ordinal="1" offset="1" sl="46" sc="13" el="46" ec="33" bec="0" bev="0" fileid="36" />
                <SequencePoint vc="0" uspid="8711" ordinal="2" offset="7" sl="47" sc="13" el="47" ec="32" bec="0" bev="0" fileid="36" />
                <SequencePoint vc="0" uspid="8712" ordinal="3" offset="9" sl="48" sc="13" el="48" ec="20" bec="0" bev="0" fileid="36" />
                <SequencePoint vc="0" uspid="8713" ordinal="4" offset="10" sl="48" sc="35" el="48" ec="87" bec="0" bev="0" fileid="36" />
                <SequencePoint vc="0" uspid="8714" ordinal="5" offset="27" sl="48" sc="22" el="48" ec="31" bec="0" bev="0" fileid="36" />
                <SequencePoint vc="0" uspid="8715" ordinal="6" offset="32" sl="49" sc="13" el="49" ec="14" bec="0" bev="0" fileid="36" />
                <SequencePoint vc="0" uspid="8716" ordinal="7" offset="33" sl="50" sc="17" el="50" ec="35" bec="0" bev="0" fileid="36" />
                <SequencePoint vc="0" uspid="8717" ordinal="8" offset="40" sl="51" sc="17" el="51" ec="85" bec="0" bev="0" fileid="36" />
                <SequencePoint vc="0" uspid="8718" ordinal="9" offset="55" sl="52" sc="17" el="52" ec="35" bec="0" bev="0" fileid="36" />
                <SequencePoint vc="0" uspid="8719" ordinal="10" offset="66" sl="53" sc="17" el="53" ec="36" bec="0" bev="0" fileid="36" />
                <SequencePoint vc="0" uspid="8720" ordinal="11" offset="83" sl="54" sc="17" el="54" ec="77" bec="0" bev="0" fileid="36" />
                <SequencePoint vc="0" uspid="8721" ordinal="12" offset="104" sl="55" sc="17" el="55" ec="32" bec="0" bev="0" fileid="36" />
                <SequencePoint vc="0" uspid="8722" ordinal="13" offset="112" sl="56" sc="17" el="56" ec="26" bec="0" bev="0" fileid="36" />
                <SequencePoint vc="0" uspid="8723" ordinal="14" offset="115" sl="57" sc="13" el="57" ec="14" bec="0" bev="0" fileid="36" />
                <SequencePoint vc="0" uspid="8724" ordinal="15" offset="120" sl="48" sc="32" el="48" ec="34" bec="0" bev="0" fileid="36" />
                <SequencePoint vc="0" uspid="8725" ordinal="16" offset="126" sl="58" sc="13" el="58" ec="30" bec="0" bev="0" fileid="36" />
                <SequencePoint vc="0" uspid="8726" ordinal="17" offset="136" sl="59" sc="9" el="59" ec="10" bec="0" bev="0" fileid="36" />
              </SequencePoints>
              <BranchPoints />
              <MethodPoint xsi:type="SequencePoint" vc="0" uspid="8709" ordinal="0" offset="0" sl="45" sc="9" el="45" ec="10" bec="0" bev="0" fileid="36" />
            </Method>
            <Method visited="true" cyclomaticComplexity="1" nPathComplexity="0" sequenceCoverage="100" branchCoverage="100" crapScore="1" isConstructor="true" isStatic="false" isGetter="false" isSetter="false">
              <Summary numSequencePoints="6" visitedSequencePoints="6" numBranchPoints="1" visitedBranchPoints="1" sequenceCoverage="100" branchCoverage="100" maxCyclomaticComplexity="1" minCyclomaticComplexity="1" maxCrapScore="1" minCrapScore="1" visitedClasses="0" numClasses="0" visitedMethods="1" numMethods="1" />
              <MetadataToken>100663698</MetadataToken>
              <Name>System.Void ExMat.Objects.ExSpace::.ctor()</Name>
              <FileRef uid="36" />
              <SequencePoints>
                <SequencePoint vc="8" uspid="8729" ordinal="0" offset="0" sl="20" sc="9" el="20" ec="34" bec="0" bev="0" fileid="36" />
                <SequencePoint vc="8" uspid="8730" ordinal="1" offset="7" sl="24" sc="9" el="24" ec="45" bec="0" bev="0" fileid="36" />
                <SequencePoint vc="8" uspid="8731" ordinal="2" offset="18" sl="28" sc="9" el="28" ec="33" bec="0" bev="0" fileid="36" />
                <SequencePoint vc="8" uspid="8732" ordinal="3" offset="26" sl="63" sc="9" el="63" ec="25" bec="0" bev="0" fileid="36" />
                <SequencePoint vc="8" uspid="8733" ordinal="4" offset="33" sl="63" sc="26" el="63" ec="27" bec="0" bev="0" fileid="36" />
                <SequencePoint vc="8" uspid="8734" ordinal="5" offset="34" sl="63" sc="28" el="63" ec="29" bec="0" bev="0" fileid="36" />
              </SequencePoints>
              <BranchPoints />
              <MethodPoint xsi:type="SequencePoint" vc="8" uspid="8729" ordinal="0" offset="0" sl="20" sc="9" el="20" ec="34" bec="0" bev="0" fileid="36" />
            </Method>
            <Method visited="false" cyclomaticComplexity="1" nPathComplexity="0" sequenceCoverage="0" branchCoverage="0" crapScore="2" isConstructor="true" isStatic="false" isGetter="false" isSetter="false">
              <Summary numSequencePoints="10" visitedSequencePoints="0" numBranchPoints="1" visitedBranchPoints="0" sequenceCoverage="0" branchCoverage="0" maxCyclomaticComplexity="1" minCyclomaticComplexity="1" maxCrapScore="2" minCrapScore="2" visitedClasses="0" numClasses="0" visitedMethods="0" numMethods="1" />
              <MetadataToken>100663699</MetadataToken>
              <Name>System.Void ExMat.Objects.ExSpace::.ctor(System.Int32,System.String,System.Char,ExMat.Objects.ExSpace)</Name>
              <FileRef uid="36" />
              <SequencePoints>
                <SequencePoint vc="0" uspid="8735" ordinal="0" offset="0" sl="20" sc="9" el="20" ec="34" bec="0" bev="0" fileid="36" />
                <SequencePoint vc="0" uspid="8736" ordinal="1" offset="7" sl="24" sc="9" el="24" ec="45" bec="0" bev="0" fileid="36" />
                <SequencePoint vc="0" uspid="8737" ordinal="2" offset="18" sl="28" sc="9" el="28" ec="33" bec="0" bev="0" fileid="36" />
                <SequencePoint vc="0" uspid="8738" ordinal="3" offset="26" sl="71" sc="9" el="71" ec="67" bec="0" bev="0" fileid="36" />
                <SequencePoint vc="0" uspid="8739" ordinal="4" offset="33" sl="72" sc="9" el="72" ec="10" bec="0" bev="0" fileid="36" />
                <SequencePoint vc="0" uspid="8740" ordinal="5" offset="34" sl="73" sc="13" el="73" ec="29" bec="0" bev="0" fileid="36" />
                <SequencePoint vc="0" uspid="8741" ordinal="6" offset="41" sl="74" sc="13" el="74" ec="25" bec="0" bev="0" fileid="36" />
                <SequencePoint vc="0" uspid="8742" ordinal="7" offset="48" sl="75" sc="13" el="75" ec="26" bec="0" bev="0" fileid="36" />
                <SequencePoint vc="0" uspid="8743" ordinal="8" offset="55" sl="76" sc="13" el="76" ec="24" bec="0" bev="0" fileid="36" />
                <SequencePoint vc="0" uspid="8744" ordinal="9" offset="63" sl="77" sc="9" el="77" ec="10" bec="0" bev="0" fileid="36" />
              </SequencePoints>
              <BranchPoints />
              <MethodPoint xsi:type="SequencePoint" vc="0" uspid="8735" ordinal="0" offset="0" sl="20" sc="9" el="20" ec="34" bec="0" bev="0" fileid="36" />
            </Method>
            <Method visited="false" cyclomaticComplexity="1" nPathComplexity="0" sequenceCoverage="0" branchCoverage="0" crapScore="2" isConstructor="true" isStatic="false" isGetter="false" isSetter="false">
              <Summary numSequencePoints="9" visitedSequencePoints="0" numBranchPoints="1" visitedBranchPoints="0" sequenceCoverage="0" branchCoverage="0" maxCyclomaticComplexity="1" minCyclomaticComplexity="1" maxCrapScore="2" minCrapScore="2" visitedClasses="0" numClasses="0" visitedMethods="0" numMethods="1" />
              <MetadataToken>100663700</MetadataToken>
              <Name>System.Void ExMat.Objects.ExSpace::.ctor(System.String,System.Int32,System.Char)</Name>
              <FileRef uid="36" />
              <SequencePoints>
                <SequencePoint vc="0" uspid="8745" ordinal="0" offset="0" sl="20" sc="9" el="20" ec="34" bec="0" bev="0" fileid="36" />
                <SequencePoint vc="0" uspid="8746" ordinal="1" offset="7" sl="24" sc="9" el="24" ec="45" bec="0" bev="0" fileid="36" />
                <SequencePoint vc="0" uspid="8747" ordinal="2" offset="18" sl="28" sc="9" el="28" ec="33" bec="0" bev="0" fileid="36" />
                <SequencePoint vc="0" uspid="8748" ordinal="3" offset="26" sl="85" sc="9" el="85" ec="57" bec="0" bev="0" fileid="36" />
                <SequencePoint vc="0" uspid="8749" ordinal="4" offset="33" sl="86" sc="9" el="86" ec="10" bec="0" bev="0" fileid="36" />
                <SequencePoint vc="0" uspid="8750" ordinal="5" offset="34" sl="87" sc="13" el="87" ec="26" bec="0" bev="0" fileid="36" />
                <SequencePoint vc="0" uspid="8751" ordinal="6" offset="41" sl="88" sc="13" el="88" ec="27" bec="0" bev="0" fileid="36" />
                <SequencePoint vc="0" uspid="8752" ordinal="7" offset="48" sl="89" sc="13" el="89" ec="22" bec="0" bev="0" fileid="36" />
                <SequencePoint vc="0" uspid="8753" ordinal="8" offset="55" sl="90" sc="9" el="90" ec="10" bec="0" bev="0" fileid="36" />
              </SequencePoints>
              <BranchPoints />
              <MethodPoint xsi:type="SequencePoint" vc="0" uspid="8745" ordinal="0" offset="0" sl="20" sc="9" el="20" ec="34" bec="0" bev="0" fileid="36" />
            </Method>
            <Method visited="false" cyclomaticComplexity="1" nPathComplexity="0" sequenceCoverage="0" branchCoverage="0" crapScore="2" isConstructor="false" isStatic="false" isGetter="false" isSetter="false">
              <Summary numSequencePoints="3" visitedSequencePoints="0" numBranchPoints="1" visitedBranchPoints="0" sequenceCoverage="0" branchCoverage="0" maxCyclomaticComplexity="1" minCyclomaticComplexity="1" maxCrapScore="2" minCrapScore="2" visitedClasses="0" numClasses="0" visitedMethods="0" numMethods="1" />
              <MetadataToken>100663701</MetadataToken>
              <Name>System.Void ExMat.Objects.ExSpace::AddDimension(ExMat.Objects.ExSpace)</Name>
              <FileRef uid="36" />
              <SequencePoints>
                <SequencePoint vc="0" uspid="8754" ordinal="0" offset="0" sl="97" sc="9" el="97" ec="10" bec="0" bev="0" fileid="36" />
                <SequencePoint vc="0" uspid="8755" ordinal="1" offset="1" sl="98" sc="13" el="98" ec="69" bec="0" bev="0" fileid="36" />
                <SequencePoint vc="0" uspid="8756" ordinal="2" offset="36" sl="99" sc="9" el="99" ec="10" bec="0" bev="0" fileid="36" />
              </SequencePoints>
              <BranchPoints />
              <MethodPoint xsi:type="SequencePoint" vc="0" uspid="8754" ordinal="0" offset="0" sl="97" sc="9" el="97" ec="10" bec="0" bev="0" fileid="36" />
            </Method>
            <Method visited="false" cyclomaticComplexity="1" nPathComplexity="0" sequenceCoverage="0" branchCoverage="0" crapScore="2" isConstructor="false" isStatic="true" isGetter="false" isSetter="false">
              <Summary numSequencePoints="3" visitedSequencePoints="0" numBranchPoints="1" visitedBranchPoints="0" sequenceCoverage="0" branchCoverage="0" maxCyclomaticComplexity="1" minCyclomaticComplexity="1" maxCrapScore="2" minCrapScore="2" visitedClasses="0" numClasses="0" visitedMethods="0" numMethods="1" />
              <MetadataToken>100663702</MetadataToken>
              <Name>ExMat.Objects.ExObject ExMat.Objects.ExSpace::Create(System.String,System.Char,System.Int32[])</Name>
              <FileRef uid="36" />
              <SequencePoints>
                <SequencePoint vc="0" uspid="8757" ordinal="0" offset="0" sl="109" sc="9" el="109" ec="10" bec="0" bev="0" fileid="36" />
                <SequencePoint vc="0" uspid="8758" ordinal="1" offset="1" sl="110" sc="13" el="110" ec="51" bec="0" bev="0" fileid="36" />
                <SequencePoint vc="0" uspid="8759" ordinal="2" offset="17" sl="111" sc="9" el="111" ec="10" bec="0" bev="0" fileid="36" />
              </SequencePoints>
              <BranchPoints />
              <MethodPoint xsi:type="SequencePoint" vc="0" uspid="8757" ordinal="0" offset="0" sl="109" sc="9" el="109" ec="10" bec="0" bev="0" fileid="36" />
            </Method>
            <Method visited="false" cyclomaticComplexity="4" nPathComplexity="4" sequenceCoverage="0" branchCoverage="0" crapScore="20" isConstructor="false" isStatic="true" isGetter="false" isSetter="false">
              <Summary numSequencePoints="21" visitedSequencePoints="0" numBranchPoints="5" visitedBranchPoints="0" sequenceCoverage="0" branchCoverage="0" maxCyclomaticComplexity="4" minCyclomaticComplexity="4" maxCrapScore="20" minCrapScore="20" visitedClasses="0" numClasses="0" visitedMethods="0" numMethods="1" />
              <MetadataToken>100663703</MetadataToken>
              <Name>ExMat.Objects.ExSpace ExMat.Objects.ExSpace::CreateSpace(System.String,System.Char,System.Int32[])</Name>
              <FileRef uid="36" />
              <SequencePoints>
                <SequencePoint vc="0" uspid="8760" ordinal="0" offset="0" sl="114" sc="9" el="114" ec="10" bec="0" bev="0" fileid="36" />
                <SequencePoint vc="0" uspid="8761" ordinal="1" offset="1" sl="115" sc="13" el="115" ec="34" bec="2" bev="0" fileid="36" />
                <SequencePoint vc="0" uspid="8762" ordinal="2" offset="10" sl="116" sc="13" el="116" ec="14" bec="0" bev="0" fileid="36" />
                <SequencePoint vc="0" uspid="8763" ordinal="3" offset="11" sl="117" sc="17" el="117" ec="29" bec="0" bev="0" fileid="36" />
                <SequencePoint vc="0" uspid="8764" ordinal="4" offset="16" sl="119" sc="13" el="119" ec="34" bec="2" bev="0" fileid="36" />
                <SequencePoint vc="0" uspid="8765" ordinal="5" offset="28" sl="120" sc="13" el="120" ec="14" bec="0" bev="0" fileid="36" />
                <SequencePoint vc="0" uspid="8766" ordinal="6" offset="29" sl="121" sc="17" el="121" ec="45" bec="0" bev="0" fileid="36" />
                <SequencePoint vc="0" uspid="8767" ordinal="7" offset="43" sl="124" sc="13" el="124" ec="46" bec="0" bev="0" fileid="36" />
                <SequencePoint vc="0" uspid="8768" ordinal="8" offset="54" sl="125" sc="13" el="125" ec="47" bec="0" bev="0" fileid="36" />
                <SequencePoint vc="0" uspid="8769" ordinal="9" offset="65" sl="126" sc="13" el="126" ec="26" bec="0" bev="0" fileid="36" />
                <SequencePoint vc="0" uspid="8770" ordinal="10" offset="72" sl="128" sc="13" el="128" ec="31" bec="0" bev="0" fileid="36" />
                <SequencePoint vc="0" uspid="8771" ordinal="11" offset="74" sl="129" sc="18" el="129" ec="27" bec="0" bev="0" fileid="36" />
                <SequencePoint vc="0" uspid="8772" ordinal="12" offset="79" sl="130" sc="13" el="130" ec="14" bec="0" bev="0" fileid="36" />
                <SequencePoint vc="0" uspid="8773" ordinal="13" offset="80" sl="131" sc="17" el="131" ec="43" bec="0" bev="0" fileid="36" />
                <SequencePoint vc="0" uspid="8774" ordinal="14" offset="92" sl="132" sc="17" el="132" ec="33" bec="0" bev="0" fileid="36" />
                <SequencePoint vc="0" uspid="8775" ordinal="15" offset="99" sl="133" sc="17" el="133" ec="27" bec="0" bev="0" fileid="36" />
                <SequencePoint vc="0" uspid="8776" ordinal="16" offset="101" sl="134" sc="13" el="134" ec="14" bec="0" bev="0" fileid="36" />
                <SequencePoint vc="0" uspid="8777" ordinal="17" offset="102" sl="129" sc="46" el="129" ec="49" bec="0" bev="0" fileid="36" />
                <SequencePoint vc="0" uspid="8778" ordinal="18" offset="108" sl="129" sc="29" el="129" ec="44" bec="0" bev="0" fileid="36" />
                <SequencePoint vc="0" uspid="8779" ordinal="19" offset="121" sl="136" sc="13" el="136" ec="22" bec="0" bev="0" fileid="36" />
                <SequencePoint vc="0" uspid="8780" ordinal="20" offset="126" sl="137" sc="9" el="137" ec="10" bec="0" bev="0" fileid="36" />
              </SequencePoints>
              <BranchPoints>
                <BranchPoint vc="0" uspid="8781" ordinal="0" offset="8" sl="115" path="0" offsetend="10" fileid="36" />
                <BranchPoint vc="0" uspid="8782" ordinal="1" offset="8" sl="115" path="1" offsetend="16" fileid="36" />
                <BranchPoint vc="0" uspid="8783" ordinal="2" offset="26" sl="119" path="0" offsetend="28" fileid="36" />
                <BranchPoint vc="0" uspid="8784" ordinal="3" offset="26" sl="119" path="1" offsetend="43" fileid="36" />
              </BranchPoints>
              <MethodPoint xsi:type="SequencePoint" vc="0" uspid="8760" ordinal="0" offset="0" sl="114" sc="9" el="114" ec="10" bec="0" bev="0" fileid="36" />
            </Method>
            <Method visited="false" cyclomaticComplexity="6" nPathComplexity="16" sequenceCoverage="0" branchCoverage="0" crapScore="42" isConstructor="false" isStatic="false" isGetter="false" isSetter="false">
              <Summary numSequencePoints="8" visitedSequencePoints="0" numBranchPoints="9" visitedBranchPoints="0" sequenceCoverage="0" branchCoverage="0" maxCyclomaticComplexity="6" minCyclomaticComplexity="6" maxCrapScore="42" minCrapScore="42" visitedClasses="0" numClasses="0" visitedMethods="0" numMethods="1" />
              <MetadataToken>100663704</MetadataToken>
              <Name>System.String ExMat.Objects.ExSpace::GetSpaceString()</Name>
              <FileRef uid="36" />
              <SequencePoints>
                <SequencePoint vc="0" uspid="8785" ordinal="0" offset="0" sl="144" sc="9" el="144" ec="10" bec="0" bev="0" fileid="36" />
                <SequencePoint vc="0" uspid="8786" ordinal="1" offset="1" sl="145" sc="13" el="145" ec="132" bec="6" bev="0" fileid="36" />
                <SequencePoint vc="0" uspid="8787" ordinal="2" offset="126" sl="146" sc="13" el="146" ec="31" bec="2" bev="0" fileid="36" />
                <SequencePoint vc="0" uspid="8788" ordinal="3" offset="139" sl="147" sc="13" el="147" ec="14" bec="0" bev="0" fileid="36" />
                <SequencePoint vc="0" uspid="8789" ordinal="4" offset="140" sl="148" sc="17" el="148" ec="53" bec="0" bev="0" fileid="36" />
                <SequencePoint vc="0" uspid="8790" ordinal="5" offset="163" sl="149" sc="13" el="149" ec="14" bec="0" bev="0" fileid="36" />
                <SequencePoint vc="0" uspid="8791" ordinal="6" offset="164" sl="150" sc="13" el="150" ec="22" bec="0" bev="0" fileid="36" />
                <SequencePoint vc="0" uspid="8792" ordinal="7" offset="168" sl="151" sc="9" el="151" ec="10" bec="0" bev="0" fileid="36" />
              </SequencePoints>
              <BranchPoints>
                <BranchPoint vc="0" uspid="8793" ordinal="0" offset="41" sl="145" path="0" offsetend="43" fileid="36" />
                <BranchPoint vc="0" uspid="8794" ordinal="1" offset="41" sl="145" path="1" offsetend="56" fileid="36" />
                <BranchPoint vc="0" uspid="8795" ordinal="2" offset="62" sl="145" path="0" offsetend="64" fileid="36" />
                <BranchPoint vc="0" uspid="8796" ordinal="3" offset="62" sl="145" path="1" offsetend="68" fileid="36" />
                <BranchPoint vc="0" uspid="8797" ordinal="4" offset="84" sl="145" path="0" offsetend="86" fileid="36" />
                <BranchPoint vc="0" uspid="8798" ordinal="5" offset="84" sl="145" path="1" offsetend="114" fileid="36" />
                <BranchPoint vc="0" uspid="8799" ordinal="6" offset="137" sl="146" path="0" offsetend="139" fileid="36" />
                <BranchPoint vc="0" uspid="8800" ordinal="7" offset="137" sl="146" path="1" offsetend="164" fileid="36" />
              </BranchPoints>
              <MethodPoint xsi:type="SequencePoint" vc="0" uspid="8785" ordinal="0" offset="0" sl="144" sc="9" el="144" ec="10" bec="0" bev="0" fileid="36" />
            </Method>
            <Method visited="false" cyclomaticComplexity="1" nPathComplexity="0" sequenceCoverage="0" branchCoverage="0" crapScore="2" isConstructor="false" isStatic="false" isGetter="false" isSetter="false">
              <Summary numSequencePoints="3" visitedSequencePoints="0" numBranchPoints="1" visitedBranchPoints="0" sequenceCoverage="0" branchCoverage="0" maxCyclomaticComplexity="1" minCyclomaticComplexity="1" maxCrapScore="2" minCrapScore="2" visitedClasses="0" numClasses="0" visitedMethods="0" numMethods="1" />
              <MetadataToken>100663705</MetadataToken>
              <Name>System.String ExMat.Objects.ExSpace::GetDebuggerDisplay()</Name>
              <FileRef uid="36" />
              <SequencePoints>
                <SequencePoint vc="0" uspid="8801" ordinal="0" offset="0" sl="155" sc="9" el="155" ec="10" bec="0" bev="0" fileid="36" />
                <SequencePoint vc="0" uspid="8802" ordinal="1" offset="1" sl="156" sc="13" el="156" ec="37" bec="0" bev="0" fileid="36" />
                <SequencePoint vc="0" uspid="8803" ordinal="2" offset="10" sl="157" sc="9" el="157" ec="10" bec="0" bev="0" fileid="36" />
              </SequencePoints>
              <BranchPoints />
              <MethodPoint xsi:type="SequencePoint" vc="0" uspid="8801" ordinal="0" offset="0" sl="155" sc="9" el="155" ec="10" bec="0" bev="0" fileid="36" />
            </Method>
            <Method visited="false" cyclomaticComplexity="1" nPathComplexity="0" sequenceCoverage="0" branchCoverage="0" crapScore="2" isConstructor="false" isStatic="true" isGetter="false" isSetter="false">
              <Summary numSequencePoints="6" visitedSequencePoints="0" numBranchPoints="1" visitedBranchPoints="0" sequenceCoverage="0" branchCoverage="0" maxCyclomaticComplexity="1" minCyclomaticComplexity="1" maxCrapScore="2" minCrapScore="2" visitedClasses="0" numClasses="0" visitedMethods="0" numMethods="1" />
              <MetadataToken>100663706</MetadataToken>
              <Name>System.Void ExMat.Objects.ExSpace::Copy(ExMat.Objects.ExSpace,ExMat.Objects.ExSpace)</Name>
              <FileRef uid="36" />
              <SequencePoints>
                <SequencePoint vc="0" uspid="8804" ordinal="0" offset="0" sl="165" sc="9" el="165" ec="10" bec="0" bev="0" fileid="36" />
                <SequencePoint vc="0" uspid="8805" ordinal="1" offset="1" sl="166" sc="13" el="166" ec="43" bec="0" bev="0" fileid="36" />
                <SequencePoint vc="0" uspid="8806" ordinal="2" offset="13" sl="167" sc="13" el="167" ec="33" bec="0" bev="0" fileid="36" />
                <SequencePoint vc="0" uspid="8807" ordinal="3" offset="25" sl="168" sc="13" el="168" ec="37" bec="0" bev="0" fileid="36" />
                <SequencePoint vc="0" uspid="8808" ordinal="4" offset="37" sl="169" sc="13" el="169" ec="35" bec="0" bev="0" fileid="36" />
                <SequencePoint vc="0" uspid="8809" ordinal="5" offset="49" sl="170" sc="9" el="170" ec="10" bec="0" bev="0" fileid="36" />
              </SequencePoints>
              <BranchPoints />
              <MethodPoint xsi:type="SequencePoint" vc="0" uspid="8804" ordinal="0" offset="0" sl="165" sc="9" el="165" ec="10" bec="0" bev="0" fileid="36" />
            </Method>
            <Method visited="false" cyclomaticComplexity="2" nPathComplexity="2" sequenceCoverage="0" branchCoverage="0" crapScore="6" isConstructor="false" isStatic="false" isGetter="false" isSetter="false">
              <Summary numSequencePoints="12" visitedSequencePoints="0" numBranchPoints="3" visitedBranchPoints="0" sequenceCoverage="0" branchCoverage="0" maxCyclomaticComplexity="2" minCyclomaticComplexity="2" maxCrapScore="6" minCrapScore="6" visitedClasses="0" numClasses="0" visitedMethods="0" numMethods="1" />
              <MetadataToken>100663707</MetadataToken>
              <Name>ExMat.Objects.ExSpace ExMat.Objects.ExSpace::DeepCopy()</Name>
              <FileRef uid="36" />
              <SequencePoints>
                <SequencePoint vc="0" uspid="8810" ordinal="0" offset="0" sl="177" sc="9" el="177" ec="10" bec="0" bev="0" fileid="36" />
                <SequencePoint vc="0" uspid="8811" ordinal="1" offset="1" sl="178" sc="13" el="178" ec="31" bec="0" bev="0" fileid="36" />
                <SequencePoint vc="0" uspid="8812" ordinal="2" offset="7" sl="179" sc="13" el="179" ec="27" bec="0" bev="0" fileid="36" />
                <SequencePoint vc="0" uspid="8813" ordinal="3" offset="19" sl="180" sc="13" el="180" ec="37" bec="0" bev="0" fileid="36" />
                <SequencePoint vc="0" uspid="8814" ordinal="4" offset="31" sl="181" sc="13" el="181" ec="31" bec="0" bev="0" fileid="36" />
                <SequencePoint vc="0" uspid="8815" ordinal="5" offset="43" sl="182" sc="13" el="182" ec="32" bec="0" bev="0" fileid="36" />
                <SequencePoint vc="0" uspid="8816" ordinal="6" offset="50" sl="184" sc="13" el="184" ec="28" bec="2" bev="0" fileid="36" />
                <SequencePoint vc="0" uspid="8817" ordinal="7" offset="58" sl="185" sc="13" el="185" ec="14" bec="0" bev="0" fileid="36" />
                <SequencePoint vc="0" uspid="8818" ordinal="8" offset="59" sl="186" sc="17" el="186" ec="41" bec="0" bev="0" fileid="36" />
                <SequencePoint vc="0" uspid="8819" ordinal="9" offset="71" sl="187" sc="13" el="187" ec="14" bec="0" bev="0" fileid="36" />
                <SequencePoint vc="0" uspid="8820" ordinal="10" offset="72" sl="189" sc="13" el="189" ec="22" bec="0" bev="0" fileid="36" />
                <SequencePoint vc="0" uspid="8821" ordinal="11" offset="76" sl="190" sc="9" el="190" ec="10" bec="0" bev="0" fileid="36" />
              </SequencePoints>
              <BranchPoints>
                <BranchPoint vc="0" uspid="8822" ordinal="0" offset="56" sl="184" path="0" offsetend="58" fileid="36" />
                <BranchPoint vc="0" uspid="8823" ordinal="1" offset="56" sl="184" path="1" offsetend="72" fileid="36" />
              </BranchPoints>
              <MethodPoint xsi:type="SequencePoint" vc="0" uspid="8810" ordinal="0" offset="0" sl="177" sc="9" el="177" ec="10" bec="0" bev="0" fileid="36" />
            </Method>
            <Method visited="false" cyclomaticComplexity="6" nPathComplexity="4" sequenceCoverage="0" branchCoverage="0" crapScore="42" isConstructor="false" isStatic="false" isGetter="false" isSetter="false">
              <Summary numSequencePoints="10" visitedSequencePoints="0" numBranchPoints="5" visitedBranchPoints="0" sequenceCoverage="0" branchCoverage="0" maxCyclomaticComplexity="6" minCyclomaticComplexity="6" maxCrapScore="42" minCrapScore="42" visitedClasses="0" numClasses="0" visitedMethods="0" numMethods="1" />
              <MetadataToken>100663708</MetadataToken>
              <Name>System.Int32 ExMat.Objects.ExSpace::VarCount()</Name>
              <FileRef uid="36" />
              <SequencePoints>
                <SequencePoint vc="0" uspid="8824" ordinal="0" offset="0" sl="193" sc="9" el="193" ec="10" bec="0" bev="0" fileid="36" />
                <SequencePoint vc="0" uspid="8825" ordinal="1" offset="1" sl="194" sc="13" el="194" ec="45" bec="2" bev="0" fileid="36" />
                <SequencePoint vc="0" uspid="8826" ordinal="2" offset="15" sl="195" sc="13" el="195" ec="32" bec="0" bev="0" fileid="36" />
                <SequencePoint vc="0" uspid="8827" ordinal="3" offset="24" sl="197" sc="13" el="197" ec="14" bec="0" bev="0" fileid="36" />
                <SequencePoint vc="0" uspid="8828" ordinal="4" offset="25" sl="198" sc="17" el="198" ec="49" bec="2" bev="0" fileid="36" />
                <SequencePoint vc="0" uspid="8829" ordinal="5" offset="41" sl="199" sc="17" el="199" ec="31" bec="0" bev="0" fileid="36" />
                <SequencePoint vc="0" uspid="8830" ordinal="6" offset="48" sl="200" sc="13" el="200" ec="14" bec="0" bev="0" fileid="36" />
                <SequencePoint vc="0" uspid="8831" ordinal="7" offset="49" sl="196" sc="13" el="196" ec="31" bec="0" bev="0" fileid="36" />
                <SequencePoint vc="0" uspid="8832" ordinal="8" offset="57" sl="201" sc="13" el="201" ec="22" bec="0" bev="0" fileid="36" />
                <SequencePoint vc="0" uspid="8833" ordinal="9" offset="61" sl="202" sc="9" el="202" ec="10" bec="0" bev="0" fileid="36" />
              </SequencePoints>
              <BranchPoints>
                <BranchPoint vc="0" uspid="8834" ordinal="0" offset="8" sl="194" path="0" offsetend="10" fileid="36" />
                <BranchPoint vc="0" uspid="8835" ordinal="1" offset="8" sl="194" path="1" offsetend="13" fileid="36" />
                <BranchPoint vc="0" uspid="8836" ordinal="2" offset="33" sl="198" path="0" offsetend="35" fileid="36" />
                <BranchPoint vc="0" uspid="8837" ordinal="3" offset="33" sl="198" path="1" offsetend="38" fileid="36" />
              </BranchPoints>
              <MethodPoint xsi:type="SequencePoint" vc="0" uspid="8824" ordinal="0" offset="0" sl="193" sc="9" el="193" ec="10" bec="0" bev="0" fileid="36" />
            </Method>
            <Method visited="false" cyclomaticComplexity="3" nPathComplexity="4" sequenceCoverage="0" branchCoverage="0" crapScore="12" isConstructor="false" isStatic="false" isGetter="false" isSetter="false">
              <Summary numSequencePoints="12" visitedSequencePoints="0" numBranchPoints="5" visitedBranchPoints="0" sequenceCoverage="0" branchCoverage="0" maxCyclomaticComplexity="3" minCyclomaticComplexity="3" maxCrapScore="12" minCrapScore="12" visitedClasses="0" numClasses="0" visitedMethods="0" numMethods="1" />
              <MetadataToken>100663709</MetadataToken>
              <Name>System.Void ExMat.Objects.ExSpace::Dispose(System.Boolean)</Name>
              <FileRef uid="36" />
              <SequencePoints>
                <SequencePoint vc="0" uspid="8838" ordinal="0" offset="0" sl="205" sc="9" el="205" ec="10" bec="0" bev="0" fileid="36" />
                <SequencePoint vc="0" uspid="8839" ordinal="1" offset="1" sl="206" sc="13" el="206" ec="36" bec="2" bev="0" fileid="36" />
                <SequencePoint vc="0" uspid="8840" ordinal="2" offset="14" sl="207" sc="13" el="207" ec="14" bec="0" bev="0" fileid="36" />
                <SequencePoint vc="0" uspid="8841" ordinal="3" offset="15" sl="208" sc="17" el="208" ec="24" bec="0" bev="0" fileid="36" />
                <SequencePoint vc="0" uspid="8842" ordinal="4" offset="17" sl="210" sc="13" el="210" ec="37" bec="0" bev="0" fileid="36" />
                <SequencePoint vc="0" uspid="8843" ordinal="5" offset="25" sl="212" sc="13" el="212" ec="27" bec="0" bev="0" fileid="36" />
                <SequencePoint vc="0" uspid="8844" ordinal="6" offset="32" sl="213" sc="13" el="213" ec="27" bec="0" bev="0" fileid="36" />
                <SequencePoint vc="0" uspid="8845" ordinal="7" offset="39" sl="215" sc="13" el="215" ec="31" bec="2" bev="0" fileid="36" />
                <SequencePoint vc="0" uspid="8846" ordinal="8" offset="52" sl="216" sc="13" el="216" ec="14" bec="0" bev="0" fileid="36" />
                <SequencePoint vc="0" uspid="8847" ordinal="9" offset="53" sl="217" sc="17" el="217" ec="33" bec="0" bev="0" fileid="36" />
                <SequencePoint vc="0" uspid="8848" ordinal="10" offset="65" sl="218" sc="13" el="218" ec="14" bec="0" bev="0" fileid="36" />
                <SequencePoint vc="0" uspid="8849" ordinal="11" offset="66" sl="219" sc="9" el="219" ec="10" bec="0" bev="0" fileid="36" />
              </SequencePoints>
              <BranchPoints>
                <BranchPoint vc="0" uspid="8850" ordinal="0" offset="12" sl="206" path="0" offsetend="14" fileid="36" />
                <BranchPoint vc="0" uspid="8851" ordinal="1" offset="12" sl="206" path="1" offsetend="17" fileid="36" />
                <BranchPoint vc="0" uspid="8852" ordinal="2" offset="50" sl="215" path="0" offsetend="52" fileid="36" />
                <BranchPoint vc="0" uspid="8853" ordinal="3" offset="50" sl="215" path="1" offsetend="66" fileid="36" />
              </BranchPoints>
              <MethodPoint xsi:type="SequencePoint" vc="0" uspid="8838" ordinal="0" offset="0" sl="205" sc="9" el="205" ec="10" bec="0" bev="0" fileid="36" />
            </Method>
          </Methods>
        </Class>
        <Class>
          <Summary numSequencePoints="157" visitedSequencePoints="0" numBranchPoints="46" visitedBranchPoints="0" sequenceCoverage="0" branchCoverage="0" maxCyclomaticComplexity="8" minCyclomaticComplexity="1" maxCrapScore="72" minCrapScore="2" visitedClasses="0" numClasses="1" visitedMethods="0" numMethods="16" />
          <FullName>ExMat.Objects.ExStack</FullName>
          <Methods>
            <Method visited="false" cyclomaticComplexity="2" nPathComplexity="2" sequenceCoverage="0" branchCoverage="0" crapScore="6" isConstructor="false" isStatic="false" isGetter="true" isSetter="false">
              <Summary numSequencePoints="1" visitedSequencePoints="0" numBranchPoints="3" visitedBranchPoints="0" sequenceCoverage="0" branchCoverage="0" maxCyclomaticComplexity="2" minCyclomaticComplexity="2" maxCrapScore="6" minCrapScore="6" visitedClasses="0" numClasses="0" visitedMethods="0" numMethods="1" />
              <MetadataToken>100663713</MetadataToken>
              <Name>ExMat.Objects.ExObject ExMat.Objects.ExStack::get_Item(System.Int32)</Name>
              <FileRef uid="37" />
              <SequencePoints>
                <SequencePoint vc="0" uspid="8854" ordinal="0" offset="0" sl="37" sc="20" el="37" ec="50" bec="2" bev="0" fileid="37" />
              </SequencePoints>
              <BranchPoints>
                <BranchPoint vc="0" uspid="8855" ordinal="0" offset="2" sl="37" path="0" offsetend="4" fileid="37" />
                <BranchPoint vc="0" uspid="8856" ordinal="1" offset="2" sl="37" path="1" offsetend="18" fileid="37" />
              </BranchPoints>
              <MethodPoint xsi:type="SequencePoint" vc="0" uspid="8854" ordinal="0" offset="0" sl="37" sc="20" el="37" ec="50" bec="2" bev="0" fileid="37" />
            </Method>
            <Method visited="false" cyclomaticComplexity="3" nPathComplexity="2" sequenceCoverage="0" branchCoverage="0" crapScore="12" isConstructor="false" isStatic="false" isGetter="false" isSetter="true">
              <Summary numSequencePoints="1" visitedSequencePoints="0" numBranchPoints="3" visitedBranchPoints="0" sequenceCoverage="0" branchCoverage="0" maxCyclomaticComplexity="3" minCyclomaticComplexity="3" maxCrapScore="12" minCrapScore="12" visitedClasses="0" numClasses="0" visitedMethods="0" numMethods="1" />
              <MetadataToken>100663714</MetadataToken>
              <Name>System.Void ExMat.Objects.ExStack::set_Item(System.Int32,ExMat.Objects.ExObject)</Name>
              <FileRef uid="37" />
              <SequencePoints>
                <SequencePoint vc="0" uspid="8857" ordinal="0" offset="0" sl="38" sc="20" el="38" ec="50" bec="2" bev="0" fileid="37" />
              </SequencePoints>
              <BranchPoints>
                <BranchPoint vc="0" uspid="8858" ordinal="0" offset="8" sl="38" path="0" offsetend="10" fileid="37" />
                <BranchPoint vc="0" uspid="8859" ordinal="1" offset="8" sl="38" path="1" offsetend="13" fileid="37" />
              </BranchPoints>
              <MethodPoint xsi:type="SequencePoint" vc="0" uspid="8857" ordinal="0" offset="0" sl="38" sc="20" el="38" ec="50" bec="2" bev="0" fileid="37" />
            </Method>
            <Method visited="false" cyclomaticComplexity="2" nPathComplexity="2" sequenceCoverage="0" branchCoverage="0" crapScore="6" isConstructor="false" isStatic="false" isGetter="false" isSetter="false">
              <Summary numSequencePoints="3" visitedSequencePoints="0" numBranchPoints="3" visitedBranchPoints="0" sequenceCoverage="0" branchCoverage="0" maxCyclomaticComplexity="2" minCyclomaticComplexity="2" maxCrapScore="6" minCrapScore="6" visitedClasses="0" numClasses="0" visitedMethods="0" numMethods="1" />
              <MetadataToken>100663710</MetadataToken>
              <Name>System.String ExMat.Objects.ExStack::GetDebuggerDisplay()</Name>
              <FileRef uid="37" />
              <SequencePoints>
                <SequencePoint vc="0" uspid="8860" ordinal="0" offset="0" sl="23" sc="9" el="23" ec="10" bec="0" bev="0" fileid="37" />
                <SequencePoint vc="0" uspid="8861" ordinal="1" offset="1" sl="24" sc="13" el="24" ec="106" bec="2" bev="0" fileid="37" />
                <SequencePoint vc="0" uspid="8862" ordinal="2" offset="106" sl="25" sc="9" el="25" ec="10" bec="0" bev="0" fileid="37" />
              </SequencePoints>
              <BranchPoints>
                <BranchPoint vc="0" uspid="8863" ordinal="0" offset="59" sl="24" path="0" offsetend="61" fileid="37" />
                <BranchPoint vc="0" uspid="8864" ordinal="1" offset="59" sl="24" path="1" offsetend="92" fileid="37" />
              </BranchPoints>
              <MethodPoint xsi:type="SequencePoint" vc="0" uspid="8860" ordinal="0" offset="0" sl="23" sc="9" el="23" ec="10" bec="0" bev="0" fileid="37" />
            </Method>
            <Method visited="false" cyclomaticComplexity="1" nPathComplexity="0" sequenceCoverage="0" branchCoverage="0" crapScore="2" isConstructor="true" isStatic="false" isGetter="false" isSetter="false">
              <Summary numSequencePoints="6" visitedSequencePoints="0" numBranchPoints="1" visitedBranchPoints="0" sequenceCoverage="0" branchCoverage="0" maxCyclomaticComplexity="1" minCyclomaticComplexity="1" maxCrapScore="2" minCrapScore="2" visitedClasses="0" numClasses="0" visitedMethods="0" numMethods="1" />
              <MetadataToken>100663711</MetadataToken>
              <Name>System.Void ExMat.Objects.ExStack::.ctor()</Name>
              <FileRef uid="37" />
              <SequencePoints>
                <SequencePoint vc="0" uspid="8865" ordinal="0" offset="0" sl="28" sc="9" el="28" ec="25" bec="0" bev="0" fileid="37" />
                <SequencePoint vc="0" uspid="8866" ordinal="1" offset="7" sl="28" sc="26" el="28" ec="27" bec="0" bev="0" fileid="37" />
                <SequencePoint vc="0" uspid="8867" ordinal="2" offset="8" sl="28" sc="28" el="28" ec="37" bec="0" bev="0" fileid="37" />
                <SequencePoint vc="0" uspid="8868" ordinal="3" offset="15" sl="28" sc="38" el="28" ec="52" bec="0" bev="0" fileid="37" />
                <SequencePoint vc="0" uspid="8869" ordinal="4" offset="22" sl="28" sc="53" el="28" ec="67" bec="0" bev="0" fileid="37" />
                <SequencePoint vc="0" uspid="8870" ordinal="5" offset="29" sl="28" sc="68" el="28" ec="69" bec="0" bev="0" fileid="37" />
              </SequencePoints>
              <BranchPoints />
              <MethodPoint xsi:type="SequencePoint" vc="0" uspid="8865" ordinal="0" offset="0" sl="28" sc="9" el="28" ec="25" bec="0" bev="0" fileid="37" />
            </Method>
            <Method visited="false" cyclomaticComplexity="1" nPathComplexity="0" sequenceCoverage="0" branchCoverage="0" crapScore="2" isConstructor="true" isStatic="false" isGetter="false" isSetter="false">
              <Summary numSequencePoints="4" visitedSequencePoints="0" numBranchPoints="1" visitedBranchPoints="0" sequenceCoverage="0" branchCoverage="0" maxCyclomaticComplexity="1" minCyclomaticComplexity="1" maxCrapScore="2" minCrapScore="2" visitedClasses="0" numClasses="0" visitedMethods="0" numMethods="1" />
              <MetadataToken>100663712</MetadataToken>
              <Name>System.Void ExMat.Objects.ExStack::.ctor(ExMat.Objects.ExStack)</Name>
              <FileRef uid="37" />
              <SequencePoints>
                <SequencePoint vc="0" uspid="8871" ordinal="0" offset="0" sl="30" sc="9" el="30" ec="36" bec="0" bev="0" fileid="37" />
                <SequencePoint vc="0" uspid="8872" ordinal="1" offset="7" sl="31" sc="9" el="31" ec="10" bec="0" bev="0" fileid="37" />
                <SequencePoint vc="0" uspid="8873" ordinal="2" offset="8" sl="32" sc="13" el="32" ec="27" bec="0" bev="0" fileid="37" />
                <SequencePoint vc="0" uspid="8874" ordinal="3" offset="16" sl="33" sc="9" el="33" ec="10" bec="0" bev="0" fileid="37" />
              </SequencePoints>
              <BranchPoints />
              <MethodPoint xsi:type="SequencePoint" vc="0" uspid="8871" ordinal="0" offset="0" sl="30" sc="9" el="30" ec="36" bec="0" bev="0" fileid="37" />
            </Method>
            <Method visited="false" cyclomaticComplexity="3" nPathComplexity="2" sequenceCoverage="0" branchCoverage="0" crapScore="12" isConstructor="false" isStatic="false" isGetter="false" isSetter="false">
              <Summary numSequencePoints="13" visitedSequencePoints="0" numBranchPoints="3" visitedBranchPoints="0" sequenceCoverage="0" branchCoverage="0" maxCyclomaticComplexity="3" minCyclomaticComplexity="3" maxCrapScore="12" minCrapScore="12" visitedClasses="0" numClasses="0" visitedMethods="0" numMethods="1" />
              <MetadataToken>100663715</MetadataToken>
              <Name>System.Void ExMat.Objects.ExStack::Release()</Name>
              <FileRef uid="37" />
              <SequencePoints>
                <SequencePoint vc="0" uspid="8875" ordinal="0" offset="0" sl="42" sc="9" el="42" ec="10" bec="0" bev="0" fileid="37" />
                <SequencePoint vc="0" uspid="8876" ordinal="1" offset="1" sl="43" sc="13" el="43" ec="31" bec="2" bev="0" fileid="37" />
                <SequencePoint vc="0" uspid="8877" ordinal="2" offset="14" sl="44" sc="13" el="44" ec="14" bec="0" bev="0" fileid="37" />
                <SequencePoint vc="0" uspid="8878" ordinal="3" offset="15" sl="45" sc="22" el="45" ec="31" bec="0" bev="0" fileid="37" />
                <SequencePoint vc="0" uspid="8879" ordinal="4" offset="19" sl="46" sc="17" el="46" ec="18" bec="0" bev="0" fileid="37" />
                <SequencePoint vc="0" uspid="8880" ordinal="5" offset="20" sl="47" sc="21" el="47" ec="41" bec="0" bev="0" fileid="37" />
                <SequencePoint vc="0" uspid="8881" ordinal="6" offset="38" sl="48" sc="21" el="48" ec="38" bec="0" bev="0" fileid="37" />
                <SequencePoint vc="0" uspid="8882" ordinal="7" offset="52" sl="49" sc="17" el="49" ec="18" bec="0" bev="0" fileid="37" />
                <SequencePoint vc="0" uspid="8883" ordinal="8" offset="53" sl="45" sc="43" el="45" ec="46" bec="0" bev="0" fileid="37" />
                <SequencePoint vc="0" uspid="8884" ordinal="9" offset="57" sl="45" sc="33" el="45" ec="41" bec="0" bev="0" fileid="37" />
                <SequencePoint vc="0" uspid="8885" ordinal="10" offset="70" sl="50" sc="17" el="50" ec="31" bec="0" bev="0" fileid="37" />
                <SequencePoint vc="0" uspid="8886" ordinal="11" offset="77" sl="51" sc="13" el="51" ec="14" bec="0" bev="0" fileid="37" />
                <SequencePoint vc="0" uspid="8887" ordinal="12" offset="78" sl="52" sc="9" el="52" ec="10" bec="0" bev="0" fileid="37" />
              </SequencePoints>
              <BranchPoints>
                <BranchPoint vc="0" uspid="8888" ordinal="0" offset="12" sl="43" path="0" offsetend="14" fileid="37" />
                <BranchPoint vc="0" uspid="8889" ordinal="1" offset="12" sl="43" path="1" offsetend="78" fileid="37" />
              </BranchPoints>
              <MethodPoint xsi:type="SequencePoint" vc="0" uspid="8875" ordinal="0" offset="0" sl="42" sc="9" el="42" ec="10" bec="0" bev="0" fileid="37" />
            </Method>
            <Method visited="false" cyclomaticComplexity="7" nPathComplexity="8" sequenceCoverage="0" branchCoverage="0" crapScore="56" isConstructor="false" isStatic="false" isGetter="false" isSetter="false">
              <Summary numSequencePoints="32" visitedSequencePoints="0" numBranchPoints="7" visitedBranchPoints="0" sequenceCoverage="0" branchCoverage="0" maxCyclomaticComplexity="7" minCyclomaticComplexity="7" maxCrapScore="56" minCrapScore="56" visitedClasses="0" numClasses="0" visitedMethods="0" numMethods="1" />
              <MetadataToken>100663716</MetadataToken>
              <Name>System.Void ExMat.Objects.ExStack::Resize(System.Int32,ExMat.Objects.ExObject)</Name>
              <FileRef uid="37" />
              <SequencePoints>
                <SequencePoint vc="0" uspid="8890" ordinal="0" offset="0" sl="55" sc="9" el="55" ec="10" bec="0" bev="0" fileid="37" />
                <SequencePoint vc="0" uspid="8891" ordinal="1" offset="1" sl="56" sc="13" el="56" ec="31" bec="2" bev="0" fileid="37" />
                <SequencePoint vc="0" uspid="8892" ordinal="2" offset="14" sl="57" sc="13" el="57" ec="14" bec="0" bev="0" fileid="37" />
                <SequencePoint vc="0" uspid="8893" ordinal="3" offset="15" sl="58" sc="17" el="58" ec="28" bec="0" bev="0" fileid="37" />
                <SequencePoint vc="0" uspid="8894" ordinal="4" offset="23" sl="59" sc="13" el="59" ec="14" bec="0" bev="0" fileid="37" />
                <SequencePoint vc="0" uspid="8895" ordinal="5" offset="24" sl="61" sc="13" el="61" ec="26" bec="2" bev="0" fileid="37" />
                <SequencePoint vc="0" uspid="8896" ordinal="6" offset="37" sl="62" sc="13" el="62" ec="14" bec="0" bev="0" fileid="37" />
                <SequencePoint vc="0" uspid="8897" ordinal="7" offset="38" sl="63" sc="17" el="63" ec="36" bec="2" bev="0" fileid="37" />
                <SequencePoint vc="0" uspid="8898" ordinal="8" offset="46" sl="64" sc="17" el="64" ec="18" bec="0" bev="0" fileid="37" />
                <SequencePoint vc="0" uspid="8899" ordinal="9" offset="49" sl="66" sc="21" el="66" ec="22" bec="0" bev="0" fileid="37" />
                <SequencePoint vc="0" uspid="8900" ordinal="10" offset="50" sl="67" sc="25" el="67" ec="48" bec="0" bev="0" fileid="37" />
                <SequencePoint vc="0" uspid="8901" ordinal="11" offset="84" sl="68" sc="21" el="68" ec="22" bec="0" bev="0" fileid="37" />
                <SequencePoint vc="0" uspid="8902" ordinal="12" offset="85" sl="65" sc="21" el="65" ec="37" bec="0" bev="0" fileid="37" />
                <SequencePoint vc="0" uspid="8903" ordinal="13" offset="100" sl="69" sc="17" el="69" ec="18" bec="0" bev="0" fileid="37" />
                <SequencePoint vc="0" uspid="8904" ordinal="14" offset="103" sl="71" sc="17" el="71" ec="18" bec="0" bev="0" fileid="37" />
                <SequencePoint vc="0" uspid="8905" ordinal="15" offset="106" sl="73" sc="21" el="73" ec="22" bec="0" bev="0" fileid="37" />
                <SequencePoint vc="0" uspid="8906" ordinal="16" offset="107" sl="74" sc="25" el="74" ec="54" bec="0" bev="0" fileid="37" />
                <SequencePoint vc="0" uspid="8907" ordinal="17" offset="142" sl="75" sc="21" el="75" ec="22" bec="0" bev="0" fileid="37" />
                <SequencePoint vc="0" uspid="8908" ordinal="18" offset="143" sl="72" sc="21" el="72" ec="37" bec="0" bev="0" fileid="37" />
                <SequencePoint vc="0" uspid="8909" ordinal="19" offset="158" sl="76" sc="17" el="76" ec="18" bec="0" bev="0" fileid="37" />
                <SequencePoint vc="0" uspid="8910" ordinal="20" offset="159" sl="77" sc="13" el="77" ec="14" bec="0" bev="0" fileid="37" />
                <SequencePoint vc="0" uspid="8911" ordinal="21" offset="162" sl="79" sc="13" el="79" ec="14" bec="0" bev="0" fileid="37" />
                <SequencePoint vc="0" uspid="8912" ordinal="22" offset="163" sl="80" sc="22" el="80" ec="31" bec="0" bev="0" fileid="37" />
                <SequencePoint vc="0" uspid="8913" ordinal="23" offset="168" sl="81" sc="17" el="81" ec="18" bec="0" bev="0" fileid="37" />
                <SequencePoint vc="0" uspid="8914" ordinal="24" offset="169" sl="82" sc="21" el="82" ec="41" bec="0" bev="0" fileid="37" />
                <SequencePoint vc="0" uspid="8915" ordinal="25" offset="188" sl="83" sc="21" el="83" ec="38" bec="0" bev="0" fileid="37" />
                <SequencePoint vc="0" uspid="8916" ordinal="26" offset="203" sl="84" sc="17" el="84" ec="18" bec="0" bev="0" fileid="37" />
                <SequencePoint vc="0" uspid="8917" ordinal="27" offset="204" sl="80" sc="43" el="80" ec="46" bec="0" bev="0" fileid="37" />
                <SequencePoint vc="0" uspid="8918" ordinal="28" offset="210" sl="80" sc="33" el="80" ec="41" bec="0" bev="0" fileid="37" />
                <SequencePoint vc="0" uspid="8919" ordinal="29" offset="226" sl="85" sc="17" el="85" ec="26" bec="0" bev="0" fileid="37" />
                <SequencePoint vc="0" uspid="8920" ordinal="30" offset="233" sl="86" sc="13" el="86" ec="14" bec="0" bev="0" fileid="37" />
                <SequencePoint vc="0" uspid="8921" ordinal="31" offset="234" sl="87" sc="9" el="87" ec="10" bec="0" bev="0" fileid="37" />
              </SequencePoints>
              <BranchPoints>
                <BranchPoint vc="0" uspid="8922" ordinal="0" offset="12" sl="56" path="0" offsetend="14" fileid="37" />
                <BranchPoint vc="0" uspid="8923" ordinal="1" offset="12" sl="56" path="1" offsetend="24" fileid="37" />
                <BranchPoint vc="0" uspid="8924" ordinal="2" offset="35" sl="61" path="0" offsetend="37" fileid="37" />
                <BranchPoint vc="0" uspid="8925" ordinal="3" offset="35" sl="61" path="1" offsetend="162" fileid="37" />
                <BranchPoint vc="0" uspid="8926" ordinal="4" offset="44" sl="63" path="0" offsetend="46" fileid="37" />
                <BranchPoint vc="0" uspid="8927" ordinal="5" offset="44" sl="63" path="1" offsetend="103" fileid="37" />
              </BranchPoints>
              <MethodPoint xsi:type="SequencePoint" vc="0" uspid="8890" ordinal="0" offset="0" sl="55" sc="9" el="55" ec="10" bec="0" bev="0" fileid="37" />
            </Method>
            <Method visited="false" cyclomaticComplexity="8" nPathComplexity="8" sequenceCoverage="0" branchCoverage="0" crapScore="72" isConstructor="false" isStatic="false" isGetter="false" isSetter="false">
              <Summary numSequencePoints="35" visitedSequencePoints="0" numBranchPoints="7" visitedBranchPoints="0" sequenceCoverage="0" branchCoverage="0" maxCyclomaticComplexity="8" minCyclomaticComplexity="8" maxCrapScore="72" minCrapScore="72" visitedClasses="0" numClasses="0" visitedMethods="0" numMethods="1" />
              <MetadataToken>100663717</MetadataToken>
              <Name>System.Void ExMat.Objects.ExStack::ReAlloc(System.Int32)</Name>
              <FileRef uid="37" />
              <SequencePoints>
                <SequencePoint vc="0" uspid="8928" ordinal="0" offset="0" sl="90" sc="9" el="90" ec="10" bec="0" bev="0" fileid="37" />
                <SequencePoint vc="0" uspid="8929" ordinal="1" offset="1" sl="91" sc="13" el="91" ec="31" bec="2" bev="0" fileid="37" />
                <SequencePoint vc="0" uspid="8930" ordinal="2" offset="11" sl="92" sc="13" el="92" ec="32" bec="2" bev="0" fileid="37" />
                <SequencePoint vc="0" uspid="8931" ordinal="3" offset="24" sl="93" sc="13" el="93" ec="14" bec="0" bev="0" fileid="37" />
                <SequencePoint vc="0" uspid="8932" ordinal="4" offset="25" sl="94" sc="17" el="94" ec="33" bec="0" bev="0" fileid="37" />
                <SequencePoint vc="0" uspid="8933" ordinal="5" offset="37" sl="95" sc="22" el="95" ec="31" bec="0" bev="0" fileid="37" />
                <SequencePoint vc="0" uspid="8934" ordinal="6" offset="41" sl="96" sc="17" el="96" ec="18" bec="0" bev="0" fileid="37" />
                <SequencePoint vc="0" uspid="8935" ordinal="7" offset="42" sl="97" sc="21" el="97" ec="38" bec="0" bev="0" fileid="37" />
                <SequencePoint vc="0" uspid="8936" ordinal="8" offset="55" sl="98" sc="17" el="98" ec="18" bec="0" bev="0" fileid="37" />
                <SequencePoint vc="0" uspid="8937" ordinal="9" offset="56" sl="95" sc="40" el="95" ec="43" bec="0" bev="0" fileid="37" />
                <SequencePoint vc="0" uspid="8938" ordinal="10" offset="60" sl="95" sc="33" el="95" ec="38" bec="0" bev="0" fileid="37" />
                <SequencePoint vc="0" uspid="8939" ordinal="11" offset="68" sl="99" sc="13" el="99" ec="14" bec="0" bev="0" fileid="37" />
                <SequencePoint vc="0" uspid="8940" ordinal="12" offset="74" sl="101" sc="13" el="101" ec="14" bec="0" bev="0" fileid="37" />
                <SequencePoint vc="0" uspid="8941" ordinal="13" offset="75" sl="102" sc="17" el="102" ec="41" bec="0" bev="0" fileid="37" />
                <SequencePoint vc="0" uspid="8942" ordinal="14" offset="84" sl="103" sc="17" el="103" ec="29" bec="2" bev="0" fileid="37" />
                <SequencePoint vc="0" uspid="8943" ordinal="15" offset="94" sl="104" sc="17" el="104" ec="18" bec="0" bev="0" fileid="37" />
                <SequencePoint vc="0" uspid="8944" ordinal="16" offset="95" sl="105" sc="26" el="105" ec="35" bec="0" bev="0" fileid="37" />
                <SequencePoint vc="0" uspid="8945" ordinal="17" offset="100" sl="106" sc="21" el="106" ec="22" bec="0" bev="0" fileid="37" />
                <SequencePoint vc="0" uspid="8946" ordinal="18" offset="101" sl="107" sc="25" el="107" ec="61" bec="0" bev="0" fileid="37" />
                <SequencePoint vc="0" uspid="8947" ordinal="19" offset="129" sl="108" sc="25" el="108" ec="60" bec="0" bev="0" fileid="37" />
                <SequencePoint vc="0" uspid="8948" ordinal="20" offset="152" sl="109" sc="21" el="109" ec="22" bec="0" bev="0" fileid="37" />
                <SequencePoint vc="0" uspid="8949" ordinal="21" offset="153" sl="105" sc="47" el="105" ec="50" bec="0" bev="0" fileid="37" />
                <SequencePoint vc="0" uspid="8950" ordinal="22" offset="159" sl="105" sc="37" el="105" ec="45" bec="0" bev="0" fileid="37" />
                <SequencePoint vc="0" uspid="8951" ordinal="23" offset="171" sl="110" sc="17" el="110" ec="18" bec="0" bev="0" fileid="37" />
                <SequencePoint vc="0" uspid="8952" ordinal="24" offset="174" sl="112" sc="17" el="112" ec="18" bec="0" bev="0" fileid="37" />
                <SequencePoint vc="0" uspid="8953" ordinal="25" offset="175" sl="113" sc="26" el="113" ec="35" bec="0" bev="0" fileid="37" />
                <SequencePoint vc="0" uspid="8954" ordinal="26" offset="180" sl="114" sc="21" el="114" ec="22" bec="0" bev="0" fileid="37" />
                <SequencePoint vc="0" uspid="8955" ordinal="27" offset="181" sl="115" sc="25" el="115" ec="42" bec="0" bev="0" fileid="37" />
                <SequencePoint vc="0" uspid="8956" ordinal="28" offset="194" sl="116" sc="21" el="116" ec="22" bec="0" bev="0" fileid="37" />
                <SequencePoint vc="0" uspid="8957" ordinal="29" offset="195" sl="113" sc="46" el="113" ec="49" bec="0" bev="0" fileid="37" />
                <SequencePoint vc="0" uspid="8958" ordinal="30" offset="201" sl="113" sc="37" el="113" ec="44" bec="0" bev="0" fileid="37" />
                <SequencePoint vc="0" uspid="8959" ordinal="31" offset="212" sl="117" sc="17" el="117" ec="18" bec="0" bev="0" fileid="37" />
                <SequencePoint vc="0" uspid="8960" ordinal="32" offset="213" sl="118" sc="13" el="118" ec="14" bec="0" bev="0" fileid="37" />
                <SequencePoint vc="0" uspid="8961" ordinal="33" offset="214" sl="119" sc="13" el="119" ec="27" bec="0" bev="0" fileid="37" />
                <SequencePoint vc="0" uspid="8962" ordinal="34" offset="221" sl="120" sc="9" el="120" ec="10" bec="0" bev="0" fileid="37" />
              </SequencePoints>
              <BranchPoints>
                <BranchPoint vc="0" uspid="8963" ordinal="0" offset="3" sl="91" path="0" offsetend="5" fileid="37" />
                <BranchPoint vc="0" uspid="8964" ordinal="1" offset="3" sl="91" path="1" offsetend="8" fileid="37" />
                <BranchPoint vc="0" uspid="8965" ordinal="2" offset="22" sl="92" path="0" offsetend="24" fileid="37" />
                <BranchPoint vc="0" uspid="8966" ordinal="3" offset="22" sl="92" path="1" offsetend="74" fileid="37" />
                <BranchPoint vc="0" uspid="8967" ordinal="4" offset="92" sl="103" path="0" offsetend="94" fileid="37" />
                <BranchPoint vc="0" uspid="8968" ordinal="5" offset="92" sl="103" path="1" offsetend="174" fileid="37" />
              </BranchPoints>
              <MethodPoint xsi:type="SequencePoint" vc="0" uspid="8928" ordinal="0" offset="0" sl="90" sc="9" el="90" ec="10" bec="0" bev="0" fileid="37" />
            </Method>
            <Method visited="false" cyclomaticComplexity="4" nPathComplexity="4" sequenceCoverage="0" branchCoverage="0" crapScore="20" isConstructor="false" isStatic="false" isGetter="false" isSetter="false">
              <Summary numSequencePoints="17" visitedSequencePoints="0" numBranchPoints="5" visitedBranchPoints="0" sequenceCoverage="0" branchCoverage="0" maxCyclomaticComplexity="4" minCyclomaticComplexity="4" maxCrapScore="20" minCrapScore="20" visitedClasses="0" numClasses="0" visitedMethods="0" numMethods="1" />
              <MetadataToken>100663718</MetadataToken>
              <Name>System.Void ExMat.Objects.ExStack::CopyFrom(ExMat.Objects.ExStack)</Name>
              <FileRef uid="37" />
              <SequencePoints>
                <SequencePoint vc="0" uspid="8969" ordinal="0" offset="0" sl="123" sc="9" el="123" ec="10" bec="0" bev="0" fileid="37" />
                <SequencePoint vc="0" uspid="8970" ordinal="1" offset="1" sl="124" sc="13" el="124" ec="26" bec="2" bev="0" fileid="37" />
                <SequencePoint vc="0" uspid="8971" ordinal="2" offset="14" sl="125" sc="13" el="125" ec="14" bec="0" bev="0" fileid="37" />
                <SequencePoint vc="0" uspid="8972" ordinal="3" offset="15" sl="126" sc="17" el="126" ec="27" bec="0" bev="0" fileid="37" />
                <SequencePoint vc="0" uspid="8973" ordinal="4" offset="24" sl="127" sc="13" el="127" ec="14" bec="0" bev="0" fileid="37" />
                <SequencePoint vc="0" uspid="8974" ordinal="5" offset="25" sl="128" sc="13" el="128" ec="38" bec="2" bev="0" fileid="37" />
                <SequencePoint vc="0" uspid="8975" ordinal="6" offset="43" sl="129" sc="13" el="129" ec="14" bec="0" bev="0" fileid="37" />
                <SequencePoint vc="0" uspid="8976" ordinal="7" offset="44" sl="130" sc="17" el="130" ec="35" bec="0" bev="0" fileid="37" />
                <SequencePoint vc="0" uspid="8977" ordinal="8" offset="57" sl="131" sc="13" el="131" ec="14" bec="0" bev="0" fileid="37" />
                <SequencePoint vc="0" uspid="8978" ordinal="9" offset="58" sl="133" sc="18" el="133" ec="27" bec="0" bev="0" fileid="37" />
                <SequencePoint vc="0" uspid="8979" ordinal="10" offset="62" sl="134" sc="13" el="134" ec="14" bec="0" bev="0" fileid="37" />
                <SequencePoint vc="0" uspid="8980" ordinal="11" offset="63" sl="135" sc="17" el="135" ec="48" bec="0" bev="0" fileid="37" />
                <SequencePoint vc="0" uspid="8981" ordinal="12" offset="93" sl="136" sc="13" el="136" ec="14" bec="0" bev="0" fileid="37" />
                <SequencePoint vc="0" uspid="8982" ordinal="13" offset="94" sl="133" sc="43" el="133" ec="46" bec="0" bev="0" fileid="37" />
                <SequencePoint vc="0" uspid="8983" ordinal="14" offset="98" sl="133" sc="29" el="133" ec="41" bec="0" bev="0" fileid="37" />
                <SequencePoint vc="0" uspid="8984" ordinal="15" offset="111" sl="137" sc="13" el="137" ec="29" bec="0" bev="0" fileid="37" />
                <SequencePoint vc="0" uspid="8985" ordinal="16" offset="123" sl="138" sc="9" el="138" ec="10" bec="0" bev="0" fileid="37" />
              </SequencePoints>
              <BranchPoints>
                <BranchPoint vc="0" uspid="8986" ordinal="0" offset="12" sl="124" path="0" offsetend="14" fileid="37" />
                <BranchPoint vc="0" uspid="8987" ordinal="1" offset="12" sl="124" path="1" offsetend="25" fileid="37" />
                <BranchPoint vc="0" uspid="8988" ordinal="2" offset="41" sl="128" path="0" offsetend="43" fileid="37" />
                <BranchPoint vc="0" uspid="8989" ordinal="3" offset="41" sl="128" path="1" offsetend="58" fileid="37" />
              </BranchPoints>
              <MethodPoint xsi:type="SequencePoint" vc="0" uspid="8969" ordinal="0" offset="0" sl="123" sc="9" el="123" ec="10" bec="0" bev="0" fileid="37" />
            </Method>
            <Method visited="false" cyclomaticComplexity="1" nPathComplexity="0" sequenceCoverage="0" branchCoverage="0" crapScore="2" isConstructor="false" isStatic="false" isGetter="false" isSetter="false">
              <Summary numSequencePoints="3" visitedSequencePoints="0" numBranchPoints="1" visitedBranchPoints="0" sequenceCoverage="0" branchCoverage="0" maxCyclomaticComplexity="1" minCyclomaticComplexity="1" maxCrapScore="2" minCrapScore="2" visitedClasses="0" numClasses="0" visitedMethods="0" numMethods="1" />
              <MetadataToken>100663719</MetadataToken>
              <Name>ExMat.Objects.ExObject ExMat.Objects.ExStack::Back()</Name>
              <FileRef uid="37" />
              <SequencePoints>
                <SequencePoint vc="0" uspid="8990" ordinal="0" offset="0" sl="141" sc="9" el="141" ec="10" bec="0" bev="0" fileid="37" />
                <SequencePoint vc="0" uspid="8991" ordinal="1" offset="1" sl="143" sc="13" el="143" ec="37" bec="0" bev="0" fileid="37" />
                <SequencePoint vc="0" uspid="8992" ordinal="2" offset="23" sl="144" sc="9" el="144" ec="10" bec="0" bev="0" fileid="37" />
              </SequencePoints>
              <BranchPoints />
              <MethodPoint xsi:type="SequencePoint" vc="0" uspid="8990" ordinal="0" offset="0" sl="141" sc="9" el="141" ec="10" bec="0" bev="0" fileid="37" />
            </Method>
            <Method visited="false" cyclomaticComplexity="2" nPathComplexity="2" sequenceCoverage="0" branchCoverage="0" crapScore="6" isConstructor="false" isStatic="false" isGetter="false" isSetter="false">
              <Summary numSequencePoints="7" visitedSequencePoints="0" numBranchPoints="3" visitedBranchPoints="0" sequenceCoverage="0" branchCoverage="0" maxCyclomaticComplexity="2" minCyclomaticComplexity="2" maxCrapScore="6" minCrapScore="6" visitedClasses="0" numClasses="0" visitedMethods="0" numMethods="1" />
              <MetadataToken>100663720</MetadataToken>
              <Name>ExMat.Objects.ExObject ExMat.Objects.ExStack::Push(ExMat.Objects.ExObject)</Name>
              <FileRef uid="37" />
              <SequencePoints>
                <SequencePoint vc="0" uspid="8993" ordinal="0" offset="0" sl="147" sc="9" el="147" ec="10" bec="0" bev="0" fileid="37" />
                <SequencePoint vc="0" uspid="8994" ordinal="1" offset="1" sl="148" sc="13" el="148" ec="35" bec="2" bev="0" fileid="37" />
                <SequencePoint vc="0" uspid="8995" ordinal="2" offset="22" sl="149" sc="13" el="149" ec="14" bec="0" bev="0" fileid="37" />
                <SequencePoint vc="0" uspid="8996" ordinal="3" offset="23" sl="151" sc="17" el="151" ec="35" bec="0" bev="0" fileid="37" />
                <SequencePoint vc="0" uspid="8997" ordinal="4" offset="38" sl="152" sc="13" el="152" ec="14" bec="0" bev="0" fileid="37" />
                <SequencePoint vc="0" uspid="8998" ordinal="5" offset="39" sl="153" sc="13" el="153" ec="44" bec="0" bev="0" fileid="37" />
                <SequencePoint vc="0" uspid="8999" ordinal="6" offset="80" sl="154" sc="9" el="154" ec="10" bec="0" bev="0" fileid="37" />
              </SequencePoints>
              <BranchPoints>
                <BranchPoint vc="0" uspid="9000" ordinal="0" offset="20" sl="148" path="0" offsetend="22" fileid="37" />
                <BranchPoint vc="0" uspid="9001" ordinal="1" offset="20" sl="148" path="1" offsetend="39" fileid="37" />
              </BranchPoints>
              <MethodPoint xsi:type="SequencePoint" vc="0" uspid="8993" ordinal="0" offset="0" sl="147" sc="9" el="147" ec="10" bec="0" bev="0" fileid="37" />
            </Method>
            <Method visited="false" cyclomaticComplexity="1" nPathComplexity="0" sequenceCoverage="0" branchCoverage="0" crapScore="2" isConstructor="false" isStatic="false" isGetter="false" isSetter="false">
              <Summary numSequencePoints="4" visitedSequencePoints="0" numBranchPoints="1" visitedBranchPoints="0" sequenceCoverage="0" branchCoverage="0" maxCyclomaticComplexity="1" minCyclomaticComplexity="1" maxCrapScore="2" minCrapScore="2" visitedClasses="0" numClasses="0" visitedMethods="0" numMethods="1" />
              <MetadataToken>100663721</MetadataToken>
              <Name>System.Void ExMat.Objects.ExStack::Pop()</Name>
              <FileRef uid="37" />
              <SequencePoints>
                <SequencePoint vc="0" uspid="9002" ordinal="0" offset="0" sl="157" sc="9" el="157" ec="10" bec="0" bev="0" fileid="37" />
                <SequencePoint vc="0" uspid="9003" ordinal="1" offset="1" sl="159" sc="13" el="159" ec="38" bec="0" bev="0" fileid="37" />
                <SequencePoint vc="0" uspid="9004" ordinal="2" offset="35" sl="160" sc="13" el="160" ec="34" bec="0" bev="0" fileid="37" />
                <SequencePoint vc="0" uspid="9005" ordinal="3" offset="58" sl="161" sc="9" el="161" ec="10" bec="0" bev="0" fileid="37" />
              </SequencePoints>
              <BranchPoints />
              <MethodPoint xsi:type="SequencePoint" vc="0" uspid="9002" ordinal="0" offset="0" sl="157" sc="9" el="157" ec="10" bec="0" bev="0" fileid="37" />
            </Method>
            <Method visited="false" cyclomaticComplexity="2" nPathComplexity="0" sequenceCoverage="0" branchCoverage="0" crapScore="6" isConstructor="false" isStatic="false" isGetter="false" isSetter="false">
              <Summary numSequencePoints="10" visitedSequencePoints="0" numBranchPoints="1" visitedBranchPoints="0" sequenceCoverage="0" branchCoverage="0" maxCyclomaticComplexity="2" minCyclomaticComplexity="2" maxCrapScore="6" minCrapScore="6" visitedClasses="0" numClasses="0" visitedMethods="0" numMethods="1" />
              <MetadataToken>100663722</MetadataToken>
              <Name>System.Void ExMat.Objects.ExStack::Insert(System.Int32,ExMat.Objects.ExObject)</Name>
              <FileRef uid="37" />
              <SequencePoints>
                <SequencePoint vc="0" uspid="9006" ordinal="0" offset="0" sl="164" sc="9" el="164" ec="10" bec="0" bev="0" fileid="37" />
                <SequencePoint vc="0" uspid="9007" ordinal="1" offset="1" sl="165" sc="13" el="165" ec="30" bec="0" bev="0" fileid="37" />
                <SequencePoint vc="0" uspid="9008" ordinal="2" offset="17" sl="166" sc="18" el="166" ec="30" bec="0" bev="0" fileid="37" />
                <SequencePoint vc="0" uspid="9009" ordinal="3" offset="26" sl="167" sc="13" el="167" ec="14" bec="0" bev="0" fileid="37" />
                <SequencePoint vc="0" uspid="9010" ordinal="4" offset="27" sl="168" sc="17" el="168" ec="43" bec="0" bev="0" fileid="37" />
                <SequencePoint vc="0" uspid="9011" ordinal="5" offset="54" sl="169" sc="13" el="169" ec="14" bec="0" bev="0" fileid="37" />
                <SequencePoint vc="0" uspid="9012" ordinal="6" offset="55" sl="166" sc="39" el="166" ec="42" bec="0" bev="0" fileid="37" />
                <SequencePoint vc="0" uspid="9013" ordinal="7" offset="59" sl="166" sc="32" el="166" ec="37" bec="0" bev="0" fileid="37" />
                <SequencePoint vc="0" uspid="9014" ordinal="8" offset="67" sl="170" sc="13" el="170" ec="33" bec="0" bev="0" fileid="37" />
                <SequencePoint vc="0" uspid="9015" ordinal="9" offset="86" sl="171" sc="9" el="171" ec="10" bec="0" bev="0" fileid="37" />
              </SequencePoints>
              <BranchPoints />
              <MethodPoint xsi:type="SequencePoint" vc="0" uspid="9006" ordinal="0" offset="0" sl="164" sc="9" el="164" ec="10" bec="0" bev="0" fileid="37" />
            </Method>
            <Method visited="false" cyclomaticComplexity="1" nPathComplexity="0" sequenceCoverage="0" branchCoverage="0" crapScore="2" isConstructor="false" isStatic="false" isGetter="false" isSetter="false">
              <Summary numSequencePoints="5" visitedSequencePoints="0" numBranchPoints="1" visitedBranchPoints="0" sequenceCoverage="0" branchCoverage="0" maxCyclomaticComplexity="1" minCyclomaticComplexity="1" maxCrapScore="2" minCrapScore="2" visitedClasses="0" numClasses="0" visitedMethods="0" numMethods="1" />
              <MetadataToken>100663723</MetadataToken>
              <Name>System.Void ExMat.Objects.ExStack::Remove(System.Int32)</Name>
              <FileRef uid="37" />
              <SequencePoints>
                <SequencePoint vc="0" uspid="9016" ordinal="0" offset="0" sl="174" sc="9" el="174" ec="10" bec="0" bev="0" fileid="37" />
                <SequencePoint vc="0" uspid="9017" ordinal="1" offset="1" sl="175" sc="13" el="175" ec="33" bec="0" bev="0" fileid="37" />
                <SequencePoint vc="0" uspid="9018" ordinal="2" offset="19" sl="176" sc="13" el="176" ec="32" bec="0" bev="0" fileid="37" />
                <SequencePoint vc="0" uspid="9019" ordinal="3" offset="32" sl="177" sc="13" el="177" ec="20" bec="0" bev="0" fileid="37" />
                <SequencePoint vc="0" uspid="9020" ordinal="4" offset="46" sl="178" sc="9" el="178" ec="10" bec="0" bev="0" fileid="37" />
              </SequencePoints>
              <BranchPoints />
              <MethodPoint xsi:type="SequencePoint" vc="0" uspid="9016" ordinal="0" offset="0" sl="174" sc="9" el="174" ec="10" bec="0" bev="0" fileid="37" />
            </Method>
            <Method visited="false" cyclomaticComplexity="3" nPathComplexity="4" sequenceCoverage="0" branchCoverage="0" crapScore="12" isConstructor="false" isStatic="false" isGetter="false" isSetter="false">
              <Summary numSequencePoints="12" visitedSequencePoints="0" numBranchPoints="5" visitedBranchPoints="0" sequenceCoverage="0" branchCoverage="0" maxCyclomaticComplexity="3" minCyclomaticComplexity="3" maxCrapScore="12" minCrapScore="12" visitedClasses="0" numClasses="0" visitedMethods="0" numMethods="1" />
              <MetadataToken>100663724</MetadataToken>
              <Name>System.Void ExMat.Objects.ExStack::Dispose(System.Boolean)</Name>
              <FileRef uid="37" />
              <SequencePoints>
                <SequencePoint vc="0" uspid="9021" ordinal="0" offset="0" sl="181" sc="9" el="181" ec="10" bec="0" bev="0" fileid="37" />
                <SequencePoint vc="0" uspid="9022" ordinal="1" offset="1" sl="182" sc="13" el="182" ec="32" bec="2" bev="0" fileid="37" />
                <SequencePoint vc="0" uspid="9023" ordinal="2" offset="14" sl="183" sc="13" el="183" ec="14" bec="0" bev="0" fileid="37" />
                <SequencePoint vc="0" uspid="9024" ordinal="3" offset="15" sl="184" sc="17" el="184" ec="31" bec="2" bev="0" fileid="37" />
                <SequencePoint vc="0" uspid="9025" ordinal="4" offset="20" sl="185" sc="17" el="185" ec="18" bec="0" bev="0" fileid="37" />
                <SequencePoint vc="0" uspid="9026" ordinal="5" offset="21" sl="186" sc="21" el="186" ec="56" bec="0" bev="0" fileid="37" />
                <SequencePoint vc="0" uspid="9027" ordinal="6" offset="33" sl="187" sc="21" el="187" ec="35" bec="0" bev="0" fileid="37" />
                <SequencePoint vc="0" uspid="9028" ordinal="7" offset="40" sl="188" sc="21" el="188" ec="30" bec="0" bev="0" fileid="37" />
                <SequencePoint vc="0" uspid="9029" ordinal="8" offset="47" sl="189" sc="17" el="189" ec="18" bec="0" bev="0" fileid="37" />
                <SequencePoint vc="0" uspid="9030" ordinal="9" offset="48" sl="193" sc="17" el="193" ec="38" bec="0" bev="0" fileid="37" />
                <SequencePoint vc="0" uspid="9031" ordinal="10" offset="55" sl="194" sc="13" el="194" ec="14" bec="0" bev="0" fileid="37" />
                <SequencePoint vc="0" uspid="9032" ordinal="11" offset="56" sl="195" sc="9" el="195" ec="10" bec="0" bev="0" fileid="37" />
              </SequencePoints>
              <BranchPoints>
                <BranchPoint vc="0" uspid="9033" ordinal="0" offset="12" sl="182" path="0" offsetend="14" fileid="37" />
                <BranchPoint vc="0" uspid="9034" ordinal="1" offset="12" sl="182" path="1" offsetend="56" fileid="37" />
                <BranchPoint vc="0" uspid="9035" ordinal="2" offset="18" sl="184" path="0" offsetend="20" fileid="37" />
                <BranchPoint vc="0" uspid="9036" ordinal="3" offset="18" sl="184" path="1" offsetend="48" fileid="37" />
              </BranchPoints>
              <MethodPoint xsi:type="SequencePoint" vc="0" uspid="9021" ordinal="0" offset="0" sl="181" sc="9" el="181" ec="10" bec="0" bev="0" fileid="37" />
            </Method>
            <Method visited="false" cyclomaticComplexity="1" nPathComplexity="0" sequenceCoverage="0" branchCoverage="0" crapScore="2" isConstructor="false" isStatic="false" isGetter="false" isSetter="false">
              <Summary numSequencePoints="4" visitedSequencePoints="0" numBranchPoints="1" visitedBranchPoints="0" sequenceCoverage="0" branchCoverage="0" maxCyclomaticComplexity="1" minCyclomaticComplexity="1" maxCrapScore="2" minCrapScore="2" visitedClasses="0" numClasses="0" visitedMethods="0" numMethods="1" />
              <MetadataToken>100663725</MetadataToken>
              <Name>System.Void ExMat.Objects.ExStack::Dispose()</Name>
              <FileRef uid="37" />
              <SequencePoints>
                <SequencePoint vc="0" uspid="9037" ordinal="0" offset="0" sl="198" sc="9" el="198" ec="10" bec="0" bev="0" fileid="37" />
                <SequencePoint vc="0" uspid="9038" ordinal="1" offset="1" sl="200" sc="13" el="200" ec="38" bec="0" bev="0" fileid="37" />
                <SequencePoint vc="0" uspid="9039" ordinal="2" offset="9" sl="201" sc="13" el="201" ec="39" bec="0" bev="0" fileid="37" />
                <SequencePoint vc="0" uspid="9040" ordinal="3" offset="16" sl="202" sc="9" el="202" ec="10" bec="0" bev="0" fileid="37" />
              </SequencePoints>
              <BranchPoints />
              <MethodPoint xsi:type="SequencePoint" vc="0" uspid="9037" ordinal="0" offset="0" sl="198" sc="9" el="198" ec="10" bec="0" bev="0" fileid="37" />
            </Method>
          </Methods>
        </Class>
        <Class>
          <Summary numSequencePoints="14" visitedSequencePoints="0" numBranchPoints="7" visitedBranchPoints="0" sequenceCoverage="0" branchCoverage="0" maxCyclomaticComplexity="4" minCyclomaticComplexity="1" maxCrapScore="20" minCrapScore="2" visitedClasses="0" numClasses="1" visitedMethods="0" numMethods="1" />
          <FullName>ExMat.Objects.ExWeakRef</FullName>
          <Methods>
            <Method visited="false" cyclomaticComplexity="4" nPathComplexity="8" sequenceCoverage="0" branchCoverage="0" crapScore="20" isConstructor="false" isStatic="false" isGetter="false" isSetter="false">
              <Summary numSequencePoints="14" visitedSequencePoints="0" numBranchPoints="7" visitedBranchPoints="0" sequenceCoverage="0" branchCoverage="0" maxCyclomaticComplexity="4" minCyclomaticComplexity="4" maxCrapScore="20" minCrapScore="20" visitedClasses="0" numClasses="0" visitedMethods="0" numMethods="1" />
              <MetadataToken>100663726</MetadataToken>
              <Name>System.Void ExMat.Objects.ExWeakRef::Dispose(System.Boolean)</Name>
              <FileRef uid="38" />
              <SequencePoints>
                <SequencePoint vc="0" uspid="9041" ordinal="0" offset="0" sl="15" sc="9" el="15" ec="10" bec="0" bev="0" fileid="38" />
                <SequencePoint vc="0" uspid="9042" ordinal="1" offset="1" sl="16" sc="13" el="16" ec="36" bec="2" bev="0" fileid="38" />
                <SequencePoint vc="0" uspid="9043" ordinal="2" offset="14" sl="17" sc="13" el="17" ec="14" bec="0" bev="0" fileid="38" />
                <SequencePoint vc="0" uspid="9044" ordinal="3" offset="15" sl="18" sc="17" el="18" ec="24" bec="0" bev="0" fileid="38" />
                <SequencePoint vc="0" uspid="9045" ordinal="4" offset="17" sl="20" sc="13" el="20" ec="37" bec="0" bev="0" fileid="38" />
                <SequencePoint vc="0" uspid="9046" ordinal="5" offset="25" sl="21" sc="13" el="21" ec="32" bec="2" bev="0" fileid="38" />
                <SequencePoint vc="0" uspid="9047" ordinal="6" offset="38" sl="22" sc="13" el="22" ec="14" bec="0" bev="0" fileid="38" />
                <SequencePoint vc="0" uspid="9048" ordinal="7" offset="39" sl="23" sc="17" el="23" ec="31" bec="2" bev="0" fileid="38" />
                <SequencePoint vc="0" uspid="9049" ordinal="8" offset="44" sl="24" sc="17" el="24" ec="18" bec="0" bev="0" fileid="38" />
                <SequencePoint vc="0" uspid="9050" ordinal="9" offset="45" sl="25" sc="21" el="25" ec="65" bec="0" bev="0" fileid="38" />
                <SequencePoint vc="0" uspid="9051" ordinal="10" offset="66" sl="26" sc="17" el="26" ec="18" bec="0" bev="0" fileid="38" />
                <SequencePoint vc="0" uspid="9052" ordinal="11" offset="67" sl="30" sc="17" el="30" ec="38" bec="0" bev="0" fileid="38" />
                <SequencePoint vc="0" uspid="9053" ordinal="12" offset="74" sl="31" sc="13" el="31" ec="14" bec="0" bev="0" fileid="38" />
                <SequencePoint vc="0" uspid="9054" ordinal="13" offset="75" sl="32" sc="9" el="32" ec="10" bec="0" bev="0" fileid="38" />
              </SequencePoints>
              <BranchPoints>
                <BranchPoint vc="0" uspid="9055" ordinal="0" offset="12" sl="16" path="0" offsetend="14" fileid="38" />
                <BranchPoint vc="0" uspid="9056" ordinal="1" offset="12" sl="16" path="1" offsetend="17" fileid="38" />
                <BranchPoint vc="0" uspid="9057" ordinal="2" offset="36" sl="21" path="0" offsetend="38" fileid="38" />
                <BranchPoint vc="0" uspid="9058" ordinal="3" offset="36" sl="21" path="1" offsetend="75" fileid="38" />
                <BranchPoint vc="0" uspid="9059" ordinal="4" offset="42" sl="23" path="0" offsetend="44" fileid="38" />
                <BranchPoint vc="0" uspid="9060" ordinal="5" offset="42" sl="23" path="1" offsetend="67" fileid="38" />
              </BranchPoints>
              <MethodPoint xsi:type="SequencePoint" vc="0" uspid="9041" ordinal="0" offset="0" sl="15" sc="9" el="15" ec="10" bec="0" bev="0" fileid="38" />
            </Method>
            <Method visited="false" cyclomaticComplexity="1" nPathComplexity="0" sequenceCoverage="0" branchCoverage="0" crapScore="2" isConstructor="true" isStatic="false" isGetter="false" isSetter="false">
              <Summary numSequencePoints="0" visitedSequencePoints="0" numBranchPoints="0" visitedBranchPoints="0" sequenceCoverage="0" branchCoverage="0" maxCyclomaticComplexity="1" minCyclomaticComplexity="1" maxCrapScore="2" minCrapScore="2" visitedClasses="0" numClasses="0" visitedMethods="0" numMethods="0" />
              <MetadataToken>100663727</MetadataToken>
              <Name>System.Void ExMat.Objects.ExWeakRef::.ctor()</Name>
              <SequencePoints />
              <BranchPoints />
              <MethodPoint vc="0" uspid="9061" ordinal="0" offset="0" />
            </Method>
          </Methods>
        </Class>
        <Class>
          <Summary numSequencePoints="2289" visitedSequencePoints="0" numBranchPoints="1165" visitedBranchPoints="0" sequenceCoverage="0" branchCoverage="0" maxCyclomaticComplexity="39" minCyclomaticComplexity="1" maxCrapScore="1560" minCrapScore="2" visitedClasses="0" numClasses="1" visitedMethods="0" numMethods="118" />
          <FullName>ExMat.Compiler.ExCompiler</FullName>
          <Methods>
            <Method visited="false" cyclomaticComplexity="3" nPathComplexity="4" sequenceCoverage="0" branchCoverage="0" crapScore="12" isConstructor="false" isStatic="false" isGetter="false" isSetter="false">
              <Summary numSequencePoints="15" visitedSequencePoints="0" numBranchPoints="5" visitedBranchPoints="0" sequenceCoverage="0" branchCoverage="0" maxCyclomaticComplexity="3" minCyclomaticComplexity="3" maxCrapScore="12" minCrapScore="12" visitedClasses="0" numClasses="0" visitedMethods="0" numMethods="1" />
              <MetadataToken>100663728</MetadataToken>
              <Name>System.Void ExMat.Compiler.ExCompiler::Dispose(System.Boolean)</Name>
              <FileRef uid="39" />
              <SequencePoints>
                <SequencePoint vc="0" uspid="9062" ordinal="0" offset="0" sl="35" sc="9" el="35" ec="10" bec="0" bev="0" fileid="39" />
                <SequencePoint vc="0" uspid="9063" ordinal="1" offset="1" sl="36" sc="13" el="36" ec="32" bec="2" bev="0" fileid="39" />
                <SequencePoint vc="0" uspid="9064" ordinal="2" offset="14" sl="37" sc="13" el="37" ec="14" bec="0" bev="0" fileid="39" />
                <SequencePoint vc="0" uspid="9065" ordinal="3" offset="15" sl="38" sc="17" el="38" ec="31" bec="2" bev="0" fileid="39" />
                <SequencePoint vc="0" uspid="9066" ordinal="4" offset="20" sl="39" sc="17" el="39" ec="18" bec="0" bev="0" fileid="39" />
                <SequencePoint vc="0" uspid="9067" ordinal="5" offset="21" sl="40" sc="21" el="40" ec="42" bec="0" bev="0" fileid="39" />
                <SequencePoint vc="0" uspid="9068" ordinal="6" offset="28" sl="41" sc="21" el="41" ec="44" bec="0" bev="0" fileid="39" />
                <SequencePoint vc="0" uspid="9069" ordinal="7" offset="35" sl="42" sc="21" el="42" ec="37" bec="0" bev="0" fileid="39" />
                <SequencePoint vc="0" uspid="9070" ordinal="8" offset="47" sl="43" sc="21" el="43" ec="31" bec="0" bev="0" fileid="39" />
                <SequencePoint vc="0" uspid="9071" ordinal="9" offset="54" sl="44" sc="21" el="44" ec="41" bec="0" bev="0" fileid="39" />
                <SequencePoint vc="0" uspid="9072" ordinal="10" offset="61" sl="45" sc="21" el="45" ec="40" bec="0" bev="0" fileid="39" />
                <SequencePoint vc="0" uspid="9073" ordinal="11" offset="68" sl="46" sc="17" el="46" ec="18" bec="0" bev="0" fileid="39" />
                <SequencePoint vc="0" uspid="9074" ordinal="12" offset="69" sl="50" sc="17" el="50" ec="38" bec="0" bev="0" fileid="39" />
                <SequencePoint vc="0" uspid="9075" ordinal="13" offset="76" sl="51" sc="13" el="51" ec="14" bec="0" bev="0" fileid="39" />
                <SequencePoint vc="0" uspid="9076" ordinal="14" offset="77" sl="52" sc="9" el="52" ec="10" bec="0" bev="0" fileid="39" />
              </SequencePoints>
              <BranchPoints>
                <BranchPoint vc="0" uspid="9077" ordinal="0" offset="12" sl="36" path="0" offsetend="14" fileid="39" />
                <BranchPoint vc="0" uspid="9078" ordinal="1" offset="12" sl="36" path="1" offsetend="77" fileid="39" />
                <BranchPoint vc="0" uspid="9079" ordinal="2" offset="18" sl="38" path="0" offsetend="20" fileid="39" />
                <BranchPoint vc="0" uspid="9080" ordinal="3" offset="18" sl="38" path="1" offsetend="69" fileid="39" />
              </BranchPoints>
              <MethodPoint xsi:type="SequencePoint" vc="0" uspid="9062" ordinal="0" offset="0" sl="35" sc="9" el="35" ec="10" bec="0" bev="0" fileid="39" />
            </Method>
            <Method visited="false" cyclomaticComplexity="2" nPathComplexity="2" sequenceCoverage="0" branchCoverage="0" crapScore="6" isConstructor="false" isStatic="false" isGetter="false" isSetter="false">
              <Summary numSequencePoints="10" visitedSequencePoints="0" numBranchPoints="3" visitedBranchPoints="0" sequenceCoverage="0" branchCoverage="0" maxCyclomaticComplexity="2" minCyclomaticComplexity="2" maxCrapScore="6" minCrapScore="6" visitedClasses="0" numClasses="0" visitedMethods="0" numMethods="1" />
              <MetadataToken>100663729</MetadataToken>
              <Name>System.Boolean ExMat.Compiler.ExCompiler::AddToErrorMessage(System.String)</Name>
              <FileRef uid="39" />
              <SequencePoints>
                <SequencePoint vc="0" uspid="9081" ordinal="0" offset="0" sl="55" sc="9" el="55" ec="10" bec="0" bev="0" fileid="39" />
                <SequencePoint vc="0" uspid="9082" ordinal="1" offset="1" sl="56" sc="13" el="56" ec="51" bec="2" bev="0" fileid="39" />
                <SequencePoint vc="0" uspid="9083" ordinal="2" offset="16" sl="57" sc="13" el="57" ec="14" bec="0" bev="0" fileid="39" />
                <SequencePoint vc="0" uspid="9084" ordinal="3" offset="17" sl="58" sc="17" el="58" ec="48" bec="0" bev="0" fileid="39" />
                <SequencePoint vc="0" uspid="9085" ordinal="4" offset="34" sl="59" sc="13" el="59" ec="14" bec="0" bev="0" fileid="39" />
                <SequencePoint vc="0" uspid="9086" ordinal="5" offset="37" sl="61" sc="13" el="61" ec="14" bec="0" bev="0" fileid="39" />
                <SequencePoint vc="0" uspid="9087" ordinal="6" offset="38" sl="62" sc="17" el="62" ec="51" bec="0" bev="0" fileid="39" />
                <SequencePoint vc="0" uspid="9088" ordinal="7" offset="61" sl="63" sc="13" el="63" ec="14" bec="0" bev="0" fileid="39" />
                <SequencePoint vc="0" uspid="9089" ordinal="8" offset="62" sl="65" sc="13" el="65" ec="26" bec="0" bev="0" fileid="39" />
                <SequencePoint vc="0" uspid="9090" ordinal="9" offset="66" sl="66" sc="9" el="66" ec="10" bec="0" bev="0" fileid="39" />
              </SequencePoints>
              <BranchPoints>
                <BranchPoint vc="0" uspid="9091" ordinal="0" offset="14" sl="56" path="0" offsetend="16" fileid="39" />
                <BranchPoint vc="0" uspid="9092" ordinal="1" offset="14" sl="56" path="1" offsetend="37" fileid="39" />
              </BranchPoints>
              <MethodPoint xsi:type="SequencePoint" vc="0" uspid="9081" ordinal="0" offset="0" sl="55" sc="9" el="55" ec="10" bec="0" bev="0" fileid="39" />
            </Method>
            <Method visited="false" cyclomaticComplexity="1" nPathComplexity="0" sequenceCoverage="0" branchCoverage="0" crapScore="2" isConstructor="false" isStatic="false" isGetter="false" isSetter="false">
              <Summary numSequencePoints="3" visitedSequencePoints="0" numBranchPoints="1" visitedBranchPoints="0" sequenceCoverage="0" branchCoverage="0" maxCyclomaticComplexity="1" minCyclomaticComplexity="1" maxCrapScore="2" minCrapScore="2" visitedClasses="0" numClasses="0" visitedMethods="0" numMethods="1" />
              <MetadataToken>100663730</MetadataToken>
              <Name>System.Void ExMat.Compiler.ExCompiler::Throw(System.String,ExMat.Exceptions.ExExceptionType)</Name>
              <FileRef uid="39" />
              <SequencePoints>
                <SequencePoint vc="0" uspid="9093" ordinal="0" offset="0" sl="69" sc="9" el="69" ec="10" bec="0" bev="0" fileid="39" />
                <SequencePoint vc="0" uspid="9094" ordinal="1" offset="1" sl="70" sc="13" el="70" ec="40" bec="0" bev="0" fileid="39" />
                <SequencePoint vc="0" uspid="9095" ordinal="2" offset="15" sl="71" sc="9" el="71" ec="10" bec="0" bev="0" fileid="39" />
              </SequencePoints>
              <BranchPoints />
              <MethodPoint xsi:type="SequencePoint" vc="0" uspid="9093" ordinal="0" offset="0" sl="69" sc="9" el="69" ec="10" bec="0" bev="0" fileid="39" />
            </Method>
            <Method visited="false" cyclomaticComplexity="1" nPathComplexity="0" sequenceCoverage="0" branchCoverage="0" crapScore="2" isConstructor="false" isStatic="false" isGetter="false" isSetter="false">
              <Summary numSequencePoints="6" visitedSequencePoints="0" numBranchPoints="1" visitedBranchPoints="0" sequenceCoverage="0" branchCoverage="0" maxCyclomaticComplexity="1" minCyclomaticComplexity="1" maxCrapScore="2" minCrapScore="2" visitedClasses="0" numClasses="0" visitedMethods="0" numMethods="1" />
              <MetadataToken>100663731</MetadataToken>
              <Name>ExMat.Compiler.ExScope ExMat.Compiler.ExCompiler::CreateScope()</Name>
              <FileRef uid="39" />
              <SequencePoints>
                <SequencePoint vc="0" uspid="9096" ordinal="0" offset="0" sl="74" sc="9" el="74" ec="10" bec="0" bev="0" fileid="39" />
                <SequencePoint vc="0" uspid="9097" ordinal="1" offset="1" sl="75" sc="13" el="75" ec="98" bec="0" bev="0" fileid="39" />
                <SequencePoint vc="0" uspid="9098" ordinal="2" offset="41" sl="76" sc="13" el="76" ec="74" bec="0" bev="0" fileid="39" />
                <SequencePoint vc="0" uspid="9099" ordinal="3" offset="63" sl="77" sc="13" el="77" ec="58" bec="0" bev="0" fileid="39" />
                <SequencePoint vc="0" uspid="9100" ordinal="4" offset="85" sl="78" sc="13" el="78" ec="24" bec="0" bev="0" fileid="39" />
                <SequencePoint vc="0" uspid="9101" ordinal="5" offset="89" sl="79" sc="9" el="79" ec="10" bec="0" bev="0" fileid="39" />
              </SequencePoints>
              <BranchPoints />
              <MethodPoint xsi:type="SequencePoint" vc="0" uspid="9096" ordinal="0" offset="0" sl="74" sc="9" el="74" ec="10" bec="0" bev="0" fileid="39" />
            </Method>
            <Method visited="false" cyclomaticComplexity="4" nPathComplexity="8" sequenceCoverage="0" branchCoverage="0" crapScore="20" isConstructor="false" isStatic="false" isGetter="false" isSetter="false">
              <Summary numSequencePoints="12" visitedSequencePoints="0" numBranchPoints="7" visitedBranchPoints="0" sequenceCoverage="0" branchCoverage="0" maxCyclomaticComplexity="4" minCyclomaticComplexity="4" maxCrapScore="20" minCrapScore="20" visitedClasses="0" numClasses="0" visitedMethods="0" numMethods="1" />
              <MetadataToken>100663732</MetadataToken>
              <Name>System.Void ExMat.Compiler.ExCompiler::ReleaseScope(ExMat.Compiler.ExScope,System.Boolean)</Name>
              <FileRef uid="39" />
              <SequencePoints>
                <SequencePoint vc="0" uspid="9102" ordinal="0" offset="0" sl="82" sc="9" el="82" ec="10" bec="0" bev="0" fileid="39" />
                <SequencePoint vc="0" uspid="9103" ordinal="1" offset="1" sl="83" sc="13" el="83" ec="50" bec="0" bev="0" fileid="39" />
                <SequencePoint vc="0" uspid="9104" ordinal="2" offset="13" sl="84" sc="13" el="84" ec="79" bec="2" bev="0" fileid="39" />
                <SequencePoint vc="0" uspid="9105" ordinal="3" offset="44" sl="85" sc="13" el="85" ec="14" bec="0" bev="0" fileid="39" />
                <SequencePoint vc="0" uspid="9106" ordinal="4" offset="45" sl="86" sc="17" el="86" ec="70" bec="0" bev="0" fileid="39" />
                <SequencePoint vc="0" uspid="9107" ordinal="5" offset="68" sl="87" sc="17" el="87" ec="64" bec="4" bev="0" fileid="39" />
                <SequencePoint vc="0" uspid="9108" ordinal="6" offset="95" sl="88" sc="17" el="88" ec="18" bec="0" bev="0" fileid="39" />
                <SequencePoint vc="0" uspid="9109" ordinal="7" offset="96" sl="89" sc="21" el="89" ec="97" bec="0" bev="0" fileid="39" />
                <SequencePoint vc="0" uspid="9110" ordinal="8" offset="128" sl="90" sc="17" el="90" ec="18" bec="0" bev="0" fileid="39" />
                <SequencePoint vc="0" uspid="9111" ordinal="9" offset="129" sl="91" sc="13" el="91" ec="14" bec="0" bev="0" fileid="39" />
                <SequencePoint vc="0" uspid="9112" ordinal="10" offset="130" sl="92" sc="13" el="92" ec="32" bec="0" bev="0" fileid="39" />
                <SequencePoint vc="0" uspid="9113" ordinal="11" offset="137" sl="93" sc="9" el="93" ec="10" bec="0" bev="0" fileid="39" />
              </SequencePoints>
              <BranchPoints>
                <BranchPoint vc="0" uspid="9114" ordinal="0" offset="42" sl="84" path="0" offsetend="44" fileid="39" />
                <BranchPoint vc="0" uspid="9115" ordinal="1" offset="42" sl="84" path="1" offsetend="130" fileid="39" />
                <BranchPoint vc="0" uspid="9116" ordinal="2" offset="69" sl="87" path="0" offsetend="71" fileid="39" />
                <BranchPoint vc="0" uspid="9117" ordinal="3" offset="69" sl="87" path="1" offsetend="90" fileid="39" />
                <BranchPoint vc="0" uspid="9118" ordinal="4" offset="93" sl="87" path="0" offsetend="95" fileid="39" />
                <BranchPoint vc="0" uspid="9119" ordinal="5" offset="93" sl="87" path="1" offsetend="129" fileid="39" />
              </BranchPoints>
              <MethodPoint xsi:type="SequencePoint" vc="0" uspid="9102" ordinal="0" offset="0" sl="82" sc="9" el="82" ec="10" bec="0" bev="0" fileid="39" />
            </Method>
            <Method visited="false" cyclomaticComplexity="1" nPathComplexity="0" sequenceCoverage="0" branchCoverage="0" crapScore="2" isConstructor="true" isStatic="false" isGetter="false" isSetter="false">
              <Summary numSequencePoints="8" visitedSequencePoints="0" numBranchPoints="1" visitedBranchPoints="0" sequenceCoverage="0" branchCoverage="0" maxCyclomaticComplexity="1" minCyclomaticComplexity="1" maxCrapScore="2" minCrapScore="2" visitedClasses="0" numClasses="0" visitedMethods="0" numMethods="1" />
              <MetadataToken>100663733</MetadataToken>
              <Name>System.Void ExMat.Compiler.ExCompiler::.ctor(System.Boolean)</Name>
              <FileRef uid="39" />
              <SequencePoints>
                <SequencePoint vc="0" uspid="9120" ordinal="0" offset="0" sl="24" sc="9" el="24" ec="50" bec="0" bev="0" fileid="39" />
                <SequencePoint vc="0" uspid="9121" ordinal="1" offset="11" sl="27" sc="9" el="27" ec="46" bec="0" bev="0" fileid="39" />
                <SequencePoint vc="0" uspid="9122" ordinal="2" offset="22" sl="95" sc="9" el="95" ec="47" bec="0" bev="0" fileid="39" />
                <SequencePoint vc="0" uspid="9123" ordinal="3" offset="29" sl="96" sc="9" el="96" ec="10" bec="0" bev="0" fileid="39" />
                <SequencePoint vc="0" uspid="9124" ordinal="4" offset="30" sl="97" sc="13" el="97" ec="37" bec="0" bev="0" fileid="39" />
                <SequencePoint vc="0" uspid="9125" ordinal="5" offset="37" sl="98" sc="13" el="98" ec="38" bec="0" bev="0" fileid="39" />
                <SequencePoint vc="0" uspid="9126" ordinal="6" offset="49" sl="99" sc="13" el="99" ec="37" bec="0" bev="0" fileid="39" />
                <SequencePoint vc="0" uspid="9127" ordinal="7" offset="61" sl="100" sc="9" el="100" ec="10" bec="0" bev="0" fileid="39" />
              </SequencePoints>
              <BranchPoints />
              <MethodPoint xsi:type="SequencePoint" vc="0" uspid="9120" ordinal="0" offset="0" sl="24" sc="9" el="24" ec="50" bec="0" bev="0" fileid="39" />
            </Method>
            <Method visited="false" cyclomaticComplexity="1" nPathComplexity="0" sequenceCoverage="0" branchCoverage="0" crapScore="2" isConstructor="false" isStatic="false" isGetter="false" isSetter="false">
              <Summary numSequencePoints="3" visitedSequencePoints="0" numBranchPoints="1" visitedBranchPoints="0" sequenceCoverage="0" branchCoverage="0" maxCyclomaticComplexity="1" minCyclomaticComplexity="1" maxCrapScore="2" minCrapScore="2" visitedClasses="0" numClasses="0" visitedMethods="0" numMethods="1" />
              <MetadataToken>100663734</MetadataToken>
              <Name>System.Void ExMat.Compiler.ExCompiler::AddErrorInfo()</Name>
              <FileRef uid="39" />
              <SequencePoints>
                <SequencePoint vc="0" uspid="9128" ordinal="0" offset="0" sl="103" sc="9" el="103" ec="10" bec="0" bev="0" fileid="39" />
                <SequencePoint vc="0" uspid="9129" ordinal="1" offset="1" sl="104" sc="13" el="104" ec="120" bec="0" bev="0" fileid="39" />
                <SequencePoint vc="0" uspid="9130" ordinal="2" offset="95" sl="105" sc="9" el="105" ec="10" bec="0" bev="0" fileid="39" />
              </SequencePoints>
              <BranchPoints />
              <MethodPoint xsi:type="SequencePoint" vc="0" uspid="9128" ordinal="0" offset="0" sl="103" sc="9" el="103" ec="10" bec="0" bev="0" fileid="39" />
            </Method>
            <Method visited="false" cyclomaticComplexity="3" nPathComplexity="4" sequenceCoverage="0" branchCoverage="0" crapScore="12" isConstructor="false" isStatic="false" isGetter="false" isSetter="false">
              <Summary numSequencePoints="15" visitedSequencePoints="0" numBranchPoints="5" visitedBranchPoints="0" sequenceCoverage="0" branchCoverage="0" maxCyclomaticComplexity="3" minCyclomaticComplexity="3" maxCrapScore="12" minCrapScore="12" visitedClasses="0" numClasses="0" visitedMethods="0" numMethods="1" />
              <MetadataToken>100663735</MetadataToken>
              <Name>System.Boolean ExMat.Compiler.ExCompiler::InitializeCompiler(ExMat.VM.ExVM,System.String,ExMat.Objects.ExObject&amp;)</Name>
              <FileRef uid="39" />
              <SequencePoints>
                <SequencePoint vc="0" uspid="9131" ordinal="0" offset="0" sl="108" sc="9" el="108" ec="10" bec="0" bev="0" fileid="39" />
                <SequencePoint vc="0" uspid="9132" ordinal="1" offset="1" sl="109" sc="13" el="109" ec="21" bec="0" bev="0" fileid="39" />
                <SequencePoint vc="0" uspid="9133" ordinal="2" offset="8" sl="110" sc="13" el="110" ec="26" bec="0" bev="0" fileid="39" />
                <SequencePoint vc="0" uspid="9134" ordinal="3" offset="15" sl="111" sc="13" el="111" ec="38" bec="0" bev="0" fileid="39" />
                <SequencePoint vc="0" uspid="9135" ordinal="4" offset="27" sl="113" sc="13" el="113" ec="41" bec="0" bev="0" fileid="39" />
                <SequencePoint vc="0" uspid="9136" ordinal="5" offset="35" sl="115" sc="13" el="115" ec="24" bec="2" bev="0" fileid="39" />
                <SequencePoint vc="0" uspid="9137" ordinal="6" offset="43" sl="116" sc="13" el="116" ec="14" bec="0" bev="0" fileid="39" />
                <SequencePoint vc="0" uspid="9138" ordinal="7" offset="44" sl="117" sc="17" el="117" ec="55" bec="2" bev="0" fileid="39" />
                <SequencePoint vc="0" uspid="9139" ordinal="8" offset="57" sl="118" sc="17" el="118" ec="18" bec="0" bev="0" fileid="39" />
                <SequencePoint vc="0" uspid="9140" ordinal="9" offset="58" sl="119" sc="21" el="119" ec="55" bec="0" bev="0" fileid="39" />
                <SequencePoint vc="0" uspid="9141" ordinal="10" offset="70" sl="120" sc="17" el="120" ec="18" bec="0" bev="0" fileid="39" />
                <SequencePoint vc="0" uspid="9142" ordinal="11" offset="71" sl="121" sc="17" el="121" ec="32" bec="0" bev="0" fileid="39" />
                <SequencePoint vc="0" uspid="9143" ordinal="12" offset="78" sl="122" sc="13" el="122" ec="14" bec="0" bev="0" fileid="39" />
                <SequencePoint vc="0" uspid="9144" ordinal="13" offset="79" sl="123" sc="13" el="123" ec="26" bec="0" bev="0" fileid="39" />
                <SequencePoint vc="0" uspid="9145" ordinal="14" offset="83" sl="124" sc="9" el="124" ec="10" bec="0" bev="0" fileid="39" />
              </SequencePoints>
              <BranchPoints>
                <BranchPoint vc="0" uspid="9146" ordinal="0" offset="41" sl="115" path="0" offsetend="43" fileid="39" />
                <BranchPoint vc="0" uspid="9147" ordinal="1" offset="41" sl="115" path="1" offsetend="79" fileid="39" />
                <BranchPoint vc="0" uspid="9148" ordinal="2" offset="55" sl="117" path="0" offsetend="57" fileid="39" />
                <BranchPoint vc="0" uspid="9149" ordinal="3" offset="55" sl="117" path="1" offsetend="71" fileid="39" />
              </BranchPoints>
              <MethodPoint xsi:type="SequencePoint" vc="0" uspid="9131" ordinal="0" offset="0" sl="108" sc="9" el="108" ec="10" bec="0" bev="0" fileid="39" />
            </Method>
            <Method visited="false" cyclomaticComplexity="9" nPathComplexity="32" sequenceCoverage="0" branchCoverage="0" crapScore="90" isConstructor="false" isStatic="false" isGetter="false" isSetter="false">
              <Summary numSequencePoints="25" visitedSequencePoints="0" numBranchPoints="11" visitedBranchPoints="0" sequenceCoverage="0" branchCoverage="0" maxCyclomaticComplexity="9" minCyclomaticComplexity="9" maxCrapScore="90" minCrapScore="90" visitedClasses="0" numClasses="0" visitedMethods="0" numMethods="1" />
              <MetadataToken>100663736</MetadataToken>
              <Name>System.Boolean ExMat.Compiler.ExCompiler::Compile(ExMat.Objects.ExObject&amp;)</Name>
              <FileRef uid="39" />
              <SequencePoints>
                <SequencePoint vc="0" uspid="9150" ordinal="0" offset="0" sl="127" sc="9" el="127" ec="10" bec="0" bev="0" fileid="39" />
                <SequencePoint vc="0" uspid="9151" ordinal="1" offset="1" sl="129" sc="13" el="129" ec="71" bec="0" bev="0" fileid="39" />
                <SequencePoint vc="0" uspid="9152" ordinal="2" offset="24" sl="130" sc="13" el="130" ec="58" bec="0" bev="0" fileid="39" />
                <SequencePoint vc="0" uspid="9153" ordinal="3" offset="51" sl="133" sc="13" el="133" ec="80" bec="0" bev="0" fileid="39" />
                <SequencePoint vc="0" uspid="9154" ordinal="4" offset="79" sl="136" sc="13" el="136" ec="81" bec="0" bev="0" fileid="39" />
                <SequencePoint vc="0" uspid="9155" ordinal="5" offset="107" sl="137" sc="13" el="137" ec="43" bec="0" bev="0" fileid="39" />
                <SequencePoint vc="0" uspid="9156" ordinal="6" offset="119" sl="140" sc="13" el="140" ec="48" bec="0" bev="0" fileid="39" />
                <SequencePoint vc="0" uspid="9157" ordinal="7" offset="141" sl="143" sc="13" el="143" ec="36" bec="0" bev="0" fileid="39" />
                <SequencePoint vc="0" uspid="9158" ordinal="8" offset="154" sl="144" sc="13" el="144" ec="14" bec="0" bev="0" fileid="39" />
                <SequencePoint vc="0" uspid="9159" ordinal="9" offset="155" sl="145" sc="17" el="145" ec="30" bec="0" bev="0" fileid="39" />
                <SequencePoint vc="0" uspid="9160" ordinal="10" offset="164" sl="150" sc="13" el="150" ec="14" bec="0" bev="0" fileid="39" />
                <SequencePoint vc="0" uspid="9161" ordinal="11" offset="165" sl="151" sc="17" el="151" ec="41" bec="2" bev="0" fileid="39" />
                <SequencePoint vc="0" uspid="9162" ordinal="12" offset="179" sl="152" sc="17" el="152" ec="18" bec="0" bev="0" fileid="39" />
                <SequencePoint vc="0" uspid="9163" ordinal="13" offset="180" sl="153" sc="21" el="153" ec="34" bec="0" bev="0" fileid="39" />
                <SequencePoint vc="0" uspid="9164" ordinal="14" offset="187" sl="155" sc="17" el="157" ec="36" bec="5" bev="0" fileid="39" />
                <SequencePoint vc="0" uspid="9165" ordinal="15" offset="239" sl="158" sc="17" el="158" ec="18" bec="0" bev="0" fileid="39" />
                <SequencePoint vc="0" uspid="9166" ordinal="16" offset="240" sl="159" sc="21" el="159" ec="34" bec="0" bev="0" fileid="39" />
                <SequencePoint vc="0" uspid="9167" ordinal="17" offset="244" sl="161" sc="13" el="161" ec="14" bec="0" bev="0" fileid="39" />
                <SequencePoint vc="0" uspid="9168" ordinal="18" offset="245" sl="149" sc="13" el="149" ec="54" bec="0" bev="0" fileid="39" />
                <SequencePoint vc="0" uspid="9169" ordinal="19" offset="260" sl="163" sc="13" el="163" ec="48" bec="0" bev="0" fileid="39" />
                <SequencePoint vc="0" uspid="9170" ordinal="20" offset="273" sl="164" sc="13" el="164" ec="80" bec="0" bev="0" fileid="39" />
                <SequencePoint vc="0" uspid="9171" ordinal="21" offset="303" sl="169" sc="13" el="169" ec="115" bec="2" bev="0" fileid="39" />
                <SequencePoint vc="0" uspid="9172" ordinal="22" offset="342" sl="172" sc="13" el="172" ec="57" bec="0" bev="0" fileid="39" />
                <SequencePoint vc="0" uspid="9173" ordinal="23" offset="360" sl="173" sc="13" el="173" ec="25" bec="0" bev="0" fileid="39" />
                <SequencePoint vc="0" uspid="9174" ordinal="24" offset="364" sl="174" sc="9" el="174" ec="10" bec="0" bev="0" fileid="39" />
              </SequencePoints>
              <BranchPoints>
                <BranchPoint vc="0" uspid="9175" ordinal="0" offset="177" sl="151" path="0" offsetend="179" fileid="39" />
                <BranchPoint vc="0" uspid="9176" ordinal="1" offset="177" sl="151" path="1" offsetend="187" fileid="39" />
                <BranchPoint vc="0" uspid="9177" ordinal="2" offset="203" sl="155" path="0" offsetend="205" fileid="39" />
                <BranchPoint vc="0" uspid="9178" ordinal="3" offset="203" sl="155" path="1" offsetend="234" fileid="39" />
                <BranchPoint vc="0" uspid="9179" ordinal="4" offset="221" sl="155" path="0" offsetend="223" fileid="39" />
                <BranchPoint vc="0" uspid="9180" ordinal="5" offset="221" sl="155" path="1" offsetend="234" fileid="39" />
                <BranchPoint vc="0" uspid="9181" ordinal="6" offset="237" sl="155" path="0" offsetend="239" fileid="39" />
                <BranchPoint vc="0" uspid="9182" ordinal="7" offset="237" sl="155" path="1" offsetend="244" fileid="39" />
                <BranchPoint vc="0" uspid="9183" ordinal="8" offset="329" sl="169" path="0" offsetend="331" fileid="39" />
                <BranchPoint vc="0" uspid="9184" ordinal="9" offset="329" sl="169" path="1" offsetend="334" fileid="39" />
              </BranchPoints>
              <MethodPoint xsi:type="SequencePoint" vc="0" uspid="9150" ordinal="0" offset="0" sl="127" sc="9" el="127" ec="10" bec="0" bev="0" fileid="39" />
            </Method>
            <Method visited="false" cyclomaticComplexity="1" nPathComplexity="0" sequenceCoverage="0" branchCoverage="0" crapScore="2" isConstructor="false" isStatic="false" isGetter="false" isSetter="false">
              <Summary numSequencePoints="3" visitedSequencePoints="0" numBranchPoints="1" visitedBranchPoints="0" sequenceCoverage="0" branchCoverage="0" maxCyclomaticComplexity="1" minCyclomaticComplexity="1" maxCrapScore="2" minCrapScore="2" visitedClasses="0" numClasses="0" visitedMethods="0" numMethods="1" />
              <MetadataToken>100663737</MetadataToken>
              <Name>System.Boolean ExMat.Compiler.ExCompiler::ReadAndSetToken()</Name>
              <FileRef uid="39" />
              <SequencePoints>
                <SequencePoint vc="0" uspid="9185" ordinal="0" offset="0" sl="177" sc="9" el="177" ec="10" bec="0" bev="0" fileid="39" />
                <SequencePoint vc="0" uspid="9186" ordinal="1" offset="1" sl="178" sc="13" el="178" ec="70" bec="0" bev="0" fileid="39" />
                <SequencePoint vc="0" uspid="9187" ordinal="2" offset="30" sl="179" sc="9" el="179" ec="10" bec="0" bev="0" fileid="39" />
              </SequencePoints>
              <BranchPoints />
              <MethodPoint xsi:type="SequencePoint" vc="0" uspid="9185" ordinal="0" offset="0" sl="177" sc="9" el="177" ec="10" bec="0" bev="0" fileid="39" />
            </Method>
            <Method visited="false" cyclomaticComplexity="3" nPathComplexity="2" sequenceCoverage="0" branchCoverage="0" crapScore="12" isConstructor="false" isStatic="false" isGetter="false" isSetter="false">
              <Summary numSequencePoints="12" visitedSequencePoints="0" numBranchPoints="3" visitedBranchPoints="0" sequenceCoverage="0" branchCoverage="0" maxCyclomaticComplexity="3" minCyclomaticComplexity="3" maxCrapScore="12" minCrapScore="12" visitedClasses="0" numClasses="0" visitedMethods="0" numMethods="1" />
              <MetadataToken>100663738</MetadataToken>
              <Name>System.String ExMat.Compiler.ExCompiler::GetStringForTokenType(ExMat.Token.TokenType)</Name>
              <FileRef uid="39" />
              <SequencePoints>
                <SequencePoint vc="0" uspid="9188" ordinal="0" offset="0" sl="182" sc="9" el="182" ec="10" bec="0" bev="0" fileid="39" />
                <SequencePoint vc="0" uspid="9189" ordinal="1" offset="1" sl="183" sc="13" el="183" ec="20" bec="0" bev="0" fileid="39" />
                <SequencePoint vc="0" uspid="9190" ordinal="2" offset="2" sl="183" sc="62" el="183" ec="76" bec="0" bev="0" fileid="39" />
                <SequencePoint vc="0" uspid="9191" ordinal="3" offset="21" sl="183" sc="22" el="183" ec="58" bec="0" bev="0" fileid="39" />
                <SequencePoint vc="0" uspid="9192" ordinal="4" offset="29" sl="184" sc="13" el="184" ec="14" bec="0" bev="0" fileid="39" />
                <SequencePoint vc="0" uspid="9193" ordinal="5" offset="30" sl="185" sc="17" el="185" ec="39" bec="2" bev="0" fileid="39" />
                <SequencePoint vc="0" uspid="9194" ordinal="6" offset="44" sl="186" sc="17" el="186" ec="18" bec="0" bev="0" fileid="39" />
                <SequencePoint vc="0" uspid="9195" ordinal="7" offset="45" sl="187" sc="21" el="187" ec="37" bec="0" bev="0" fileid="39" />
                <SequencePoint vc="0" uspid="9196" ordinal="8" offset="55" sl="189" sc="13" el="189" ec="14" bec="0" bev="0" fileid="39" />
                <SequencePoint vc="0" uspid="9197" ordinal="9" offset="56" sl="183" sc="59" el="183" ec="61" bec="0" bev="0" fileid="39" />
                <SequencePoint vc="0" uspid="9198" ordinal="10" offset="82" sl="190" sc="13" el="190" ec="35" bec="0" bev="0" fileid="39" />
                <SequencePoint vc="0" uspid="9199" ordinal="11" offset="98" sl="191" sc="9" el="191" ec="10" bec="0" bev="0" fileid="39" />
              </SequencePoints>
              <BranchPoints>
                <BranchPoint vc="0" uspid="9200" ordinal="0" offset="42" sl="185" path="0" offsetend="44" fileid="39" />
                <BranchPoint vc="0" uspid="9201" ordinal="1" offset="42" sl="185" path="1" offsetend="55" fileid="39" />
              </BranchPoints>
              <MethodPoint xsi:type="SequencePoint" vc="0" uspid="9188" ordinal="0" offset="0" sl="182" sc="9" el="182" ec="10" bec="0" bev="0" fileid="39" />
            </Method>
            <Method visited="false" cyclomaticComplexity="11" nPathComplexity="112" sequenceCoverage="0" branchCoverage="0" crapScore="132" isConstructor="false" isStatic="false" isGetter="false" isSetter="false">
              <Summary numSequencePoints="35" visitedSequencePoints="0" numBranchPoints="16" visitedBranchPoints="0" sequenceCoverage="0" branchCoverage="0" maxCyclomaticComplexity="11" minCyclomaticComplexity="11" maxCrapScore="132" minCrapScore="132" visitedClasses="0" numClasses="0" visitedMethods="0" numMethods="1" />
              <MetadataToken>100663739</MetadataToken>
              <Name>ExMat.Objects.ExObject ExMat.Compiler.ExCompiler::ExpectConstableValue()</Name>
              <FileRef uid="39" />
              <SequencePoints>
                <SequencePoint vc="0" uspid="9202" ordinal="0" offset="0" sl="194" sc="9" el="194" ec="10" bec="0" bev="0" fileid="39" />
                <SequencePoint vc="0" uspid="9203" ordinal="1" offset="1" sl="197" sc="13" el="197" ec="34" bec="7" bev="0" fileid="39" />
                <SequencePoint vc="0" uspid="9204" ordinal="2" offset="61" sl="200" sc="21" el="200" ec="22" bec="0" bev="0" fileid="39" />
                <SequencePoint vc="0" uspid="9205" ordinal="3" offset="62" sl="201" sc="25" el="201" ec="53" bec="0" bev="0" fileid="39" />
                <SequencePoint vc="0" uspid="9206" ordinal="4" offset="79" sl="202" sc="25" el="202" ec="31" bec="0" bev="0" fileid="39" />
                <SequencePoint vc="0" uspid="9207" ordinal="5" offset="84" sl="205" sc="21" el="205" ec="22" bec="0" bev="0" fileid="39" />
                <SequencePoint vc="0" uspid="9208" ordinal="6" offset="85" sl="206" sc="25" el="206" ec="51" bec="0" bev="0" fileid="39" />
                <SequencePoint vc="0" uspid="9209" ordinal="7" offset="102" sl="207" sc="25" el="207" ec="31" bec="0" bev="0" fileid="39" />
                <SequencePoint vc="0" uspid="9210" ordinal="8" offset="107" sl="210" sc="21" el="210" ec="22" bec="0" bev="0" fileid="39" />
                <SequencePoint vc="0" uspid="9211" ordinal="9" offset="108" sl="211" sc="25" el="211" ec="52" bec="0" bev="0" fileid="39" />
                <SequencePoint vc="0" uspid="9212" ordinal="10" offset="125" sl="212" sc="25" el="212" ec="31" bec="0" bev="0" fileid="39" />
                <SequencePoint vc="0" uspid="9213" ordinal="11" offset="130" sl="215" sc="21" el="215" ec="22" bec="0" bev="0" fileid="39" />
                <SequencePoint vc="0" uspid="9214" ordinal="12" offset="131" sl="216" sc="25" el="216" ec="51" bec="0" bev="0" fileid="39" />
                <SequencePoint vc="0" uspid="9215" ordinal="13" offset="148" sl="217" sc="25" el="217" ec="31" bec="0" bev="0" fileid="39" />
                <SequencePoint vc="0" uspid="9216" ordinal="14" offset="153" sl="220" sc="21" el="220" ec="22" bec="0" bev="0" fileid="39" />
                <SequencePoint vc="0" uspid="9217" ordinal="15" offset="154" sl="221" sc="25" el="221" ec="48" bec="2" bev="0" fileid="39" />
                <SequencePoint vc="0" uspid="9218" ordinal="16" offset="167" sl="222" sc="25" el="222" ec="26" bec="0" bev="0" fileid="39" />
                <SequencePoint vc="0" uspid="9219" ordinal="17" offset="168" sl="223" sc="29" el="223" ec="41" bec="0" bev="0" fileid="39" />
                <SequencePoint vc="0" uspid="9220" ordinal="18" offset="173" sl="225" sc="25" el="225" ec="46" bec="4" bev="0" fileid="39" />
                <SequencePoint vc="0" uspid="9221" ordinal="19" offset="207" sl="228" sc="33" el="228" ec="34" bec="0" bev="0" fileid="39" />
                <SequencePoint vc="0" uspid="9222" ordinal="20" offset="208" sl="229" sc="37" el="229" ec="65" bec="0" bev="0" fileid="39" />
                <SequencePoint vc="0" uspid="9223" ordinal="21" offset="225" sl="230" sc="37" el="230" ec="43" bec="0" bev="0" fileid="39" />
                <SequencePoint vc="0" uspid="9224" ordinal="22" offset="227" sl="233" sc="33" el="233" ec="34" bec="0" bev="0" fileid="39" />
                <SequencePoint vc="0" uspid="9225" ordinal="23" offset="228" sl="234" sc="37" el="234" ec="63" bec="0" bev="0" fileid="39" />
                <SequencePoint vc="0" uspid="9226" ordinal="24" offset="245" sl="235" sc="37" el="235" ec="43" bec="0" bev="0" fileid="39" />
                <SequencePoint vc="0" uspid="9227" ordinal="25" offset="247" sl="238" sc="33" el="238" ec="34" bec="0" bev="0" fileid="39" />
                <SequencePoint vc="0" uspid="9228" ordinal="26" offset="248" sl="239" sc="37" el="239" ec="84" bec="0" bev="0" fileid="39" />
                <SequencePoint vc="0" uspid="9229" ordinal="27" offset="260" sl="240" sc="37" el="240" ec="49" bec="0" bev="0" fileid="39" />
                <SequencePoint vc="0" uspid="9230" ordinal="28" offset="265" sl="243" sc="25" el="243" ec="31" bec="0" bev="0" fileid="39" />
                <SequencePoint vc="0" uspid="9231" ordinal="29" offset="267" sl="246" sc="21" el="246" ec="22" bec="0" bev="0" fileid="39" />
                <SequencePoint vc="0" uspid="9232" ordinal="30" offset="268" sl="247" sc="25" el="247" ec="93" bec="0" bev="0" fileid="39" />
                <SequencePoint vc="0" uspid="9233" ordinal="31" offset="280" sl="248" sc="25" el="248" ec="37" bec="0" bev="0" fileid="39" />
                <SequencePoint vc="0" uspid="9234" ordinal="32" offset="285" sl="252" sc="13" el="252" ec="31" bec="0" bev="0" fileid="39" />
                <SequencePoint vc="0" uspid="9235" ordinal="33" offset="292" sl="253" sc="13" el="253" ec="24" bec="0" bev="0" fileid="39" />
                <SequencePoint vc="0" uspid="9236" ordinal="34" offset="297" sl="254" sc="9" el="254" ec="10" bec="0" bev="0" fileid="39" />
              </SequencePoints>
              <BranchPoints>
                <BranchPoint vc="0" uspid="9237" ordinal="0" offset="17" sl="197" path="0" offsetchain="46" offsetend="48" fileid="39" />
                <BranchPoint vc="0" uspid="9238" ordinal="1" offset="17" sl="197" path="1" offsetend="61" fileid="39" />
                <BranchPoint vc="0" uspid="9239" ordinal="2" offset="17" sl="197" path="2" offsetend="84" fileid="39" />
                <BranchPoint vc="0" uspid="9240" ordinal="3" offset="17" sl="197" path="3" offsetend="267" fileid="39" />
                <BranchPoint vc="0" uspid="9241" ordinal="4" offset="17" sl="197" path="4" offsetend="267" fileid="39" />
                <BranchPoint vc="0" uspid="9242" ordinal="5" offset="17" sl="197" path="5" offsetend="107" fileid="39" />
                <BranchPoint vc="0" uspid="9243" ordinal="6" offset="17" sl="197" path="6" offsetend="130" fileid="39" />
                <BranchPoint vc="0" uspid="9244" ordinal="7" offset="54" sl="197" path="0" offsetchain="56" offsetend="267" fileid="39" />
                <BranchPoint vc="0" uspid="9245" ordinal="8" offset="54" sl="197" path="1" offsetend="153" fileid="39" />
                <BranchPoint vc="0" uspid="9246" ordinal="9" offset="165" sl="221" path="0" offsetend="167" fileid="39" />
                <BranchPoint vc="0" uspid="9247" ordinal="10" offset="165" sl="221" path="1" offsetend="173" fileid="39" />
                <BranchPoint vc="0" uspid="9248" ordinal="11" offset="192" sl="225" path="0" offsetchain="194" offsetend="196" fileid="39" />
                <BranchPoint vc="0" uspid="9249" ordinal="12" offset="192" sl="225" path="1" offsetend="207" fileid="39" />
                <BranchPoint vc="0" uspid="9250" ordinal="13" offset="203" sl="225" path="0" offsetchain="205" offsetend="247" fileid="39" />
                <BranchPoint vc="0" uspid="9251" ordinal="14" offset="203" sl="225" path="1" offsetend="227" fileid="39" />
              </BranchPoints>
              <MethodPoint xsi:type="SequencePoint" vc="0" uspid="9202" ordinal="0" offset="0" sl="194" sc="9" el="194" ec="10" bec="0" bev="0" fileid="39" />
            </Method>
            <Method visited="false" cyclomaticComplexity="14" nPathComplexity="288" sequenceCoverage="0" branchCoverage="0" crapScore="210" isConstructor="false" isStatic="false" isGetter="false" isSetter="false">
              <Summary numSequencePoints="29" visitedSequencePoints="0" numBranchPoints="20" visitedBranchPoints="0" sequenceCoverage="0" branchCoverage="0" maxCyclomaticComplexity="14" minCyclomaticComplexity="14" maxCrapScore="210" minCrapScore="210" visitedClasses="0" numClasses="0" visitedMethods="0" numMethods="1" />
              <MetadataToken>100663740</MetadataToken>
              <Name>ExMat.Objects.ExObject ExMat.Compiler.ExCompiler::Expect(ExMat.Token.TokenType)</Name>
              <FileRef uid="39" />
              <SequencePoints>
                <SequencePoint vc="0" uspid="9252" ordinal="0" offset="0" sl="257" sc="9" el="257" ec="10" bec="0" bev="0" fileid="39" />
                <SequencePoint vc="0" uspid="9253" ordinal="1" offset="1" sl="258" sc="13" el="260" ec="63" bec="6" bev="0" fileid="39" />
                <SequencePoint vc="0" uspid="9254" ordinal="2" offset="44" sl="261" sc="13" el="261" ec="14" bec="0" bev="0" fileid="39" />
                <SequencePoint vc="0" uspid="9255" ordinal="3" offset="45" sl="262" sc="17" el="262" ec="119" bec="0" bev="0" fileid="39" />
                <SequencePoint vc="0" uspid="9256" ordinal="4" offset="91" sl="263" sc="17" el="263" ec="29" bec="0" bev="0" fileid="39" />
                <SequencePoint vc="0" uspid="9257" ordinal="5" offset="98" sl="267" sc="13" el="267" ec="30" bec="6" bev="0" fileid="39" />
                <SequencePoint vc="0" uspid="9258" ordinal="6" offset="153" sl="271" sc="21" el="271" ec="22" bec="0" bev="0" fileid="39" />
                <SequencePoint vc="0" uspid="9259" ordinal="7" offset="154" sl="272" sc="25" el="272" ec="75" bec="0" bev="0" fileid="39" />
                <SequencePoint vc="0" uspid="9260" ordinal="8" offset="177" sl="273" sc="25" el="273" ec="31" bec="0" bev="0" fileid="39" />
                <SequencePoint vc="0" uspid="9261" ordinal="9" offset="179" sl="276" sc="21" el="276" ec="22" bec="0" bev="0" fileid="39" />
                <SequencePoint vc="0" uspid="9262" ordinal="10" offset="180" sl="277" sc="25" el="277" ec="53" bec="0" bev="0" fileid="39" />
                <SequencePoint vc="0" uspid="9263" ordinal="11" offset="197" sl="278" sc="25" el="278" ec="31" bec="0" bev="0" fileid="39" />
                <SequencePoint vc="0" uspid="9264" ordinal="12" offset="199" sl="281" sc="21" el="281" ec="22" bec="0" bev="0" fileid="39" />
                <SequencePoint vc="0" uspid="9265" ordinal="13" offset="200" sl="282" sc="25" el="282" ec="51" bec="0" bev="0" fileid="39" />
                <SequencePoint vc="0" uspid="9266" ordinal="14" offset="217" sl="283" sc="25" el="283" ec="31" bec="0" bev="0" fileid="39" />
                <SequencePoint vc="0" uspid="9267" ordinal="15" offset="219" sl="286" sc="21" el="286" ec="22" bec="0" bev="0" fileid="39" />
                <SequencePoint vc="0" uspid="9268" ordinal="16" offset="220" sl="287" sc="25" el="287" ec="112" bec="2" bev="0" fileid="39" />
                <SequencePoint vc="0" uspid="9269" ordinal="17" offset="269" sl="288" sc="25" el="288" ec="31" bec="0" bev="0" fileid="39" />
                <SequencePoint vc="0" uspid="9270" ordinal="18" offset="271" sl="291" sc="21" el="291" ec="22" bec="0" bev="0" fileid="39" />
                <SequencePoint vc="0" uspid="9271" ordinal="19" offset="272" sl="292" sc="25" el="292" ec="51" bec="0" bev="0" fileid="39" />
                <SequencePoint vc="0" uspid="9272" ordinal="20" offset="289" sl="293" sc="25" el="293" ec="31" bec="0" bev="0" fileid="39" />
                <SequencePoint vc="0" uspid="9273" ordinal="21" offset="291" sl="296" sc="21" el="296" ec="22" bec="0" bev="0" fileid="39" />
                <SequencePoint vc="0" uspid="9274" ordinal="22" offset="292" sl="297" sc="25" el="297" ec="37" bec="0" bev="0" fileid="39" />
                <SequencePoint vc="0" uspid="9275" ordinal="23" offset="298" sl="298" sc="25" el="298" ec="31" bec="0" bev="0" fileid="39" />
                <SequencePoint vc="0" uspid="9276" ordinal="24" offset="300" sl="301" sc="13" el="301" ec="36" bec="2" bev="0" fileid="39" />
                <SequencePoint vc="0" uspid="9277" ordinal="25" offset="315" sl="302" sc="13" el="302" ec="14" bec="0" bev="0" fileid="39" />
                <SequencePoint vc="0" uspid="9278" ordinal="26" offset="316" sl="303" sc="17" el="303" ec="29" bec="0" bev="0" fileid="39" />
                <SequencePoint vc="0" uspid="9279" ordinal="27" offset="320" sl="305" sc="13" el="305" ec="24" bec="0" bev="0" fileid="39" />
                <SequencePoint vc="0" uspid="9280" ordinal="28" offset="324" sl="306" sc="9" el="306" ec="10" bec="0" bev="0" fileid="39" />
              </SequencePoints>
              <BranchPoints>
                <BranchPoint vc="0" uspid="9281" ordinal="0" offset="8" sl="258" path="0" offsetend="10" fileid="39" />
                <BranchPoint vc="0" uspid="9282" ordinal="1" offset="8" sl="258" path="1" offsetend="39" fileid="39" />
                <BranchPoint vc="0" uspid="9283" ordinal="2" offset="16" sl="258" path="0" offsetend="18" fileid="39" />
                <BranchPoint vc="0" uspid="9284" ordinal="3" offset="16" sl="258" path="1" offsetend="36" fileid="39" />
                <BranchPoint vc="0" uspid="9285" ordinal="4" offset="42" sl="258" path="0" offsetend="44" fileid="39" />
                <BranchPoint vc="0" uspid="9286" ordinal="5" offset="42" sl="258" path="1" offsetend="98" fileid="39" />
                <BranchPoint vc="0" uspid="9287" ordinal="6" offset="111" sl="267" path="0" offsetchain="148" offsetend="291" fileid="39" />
                <BranchPoint vc="0" uspid="9288" ordinal="7" offset="111" sl="267" path="1" offsetend="153" fileid="39" />
                <BranchPoint vc="0" uspid="9289" ordinal="8" offset="111" sl="267" path="2" offsetend="291" fileid="39" />
                <BranchPoint vc="0" uspid="9290" ordinal="9" offset="111" sl="267" path="3" offsetend="179" fileid="39" />
                <BranchPoint vc="0" uspid="9291" ordinal="10" offset="111" sl="267" path="4" offsetend="199" fileid="39" />
                <BranchPoint vc="0" uspid="9292" ordinal="11" offset="111" sl="267" path="5" offsetend="291" fileid="39" />
                <BranchPoint vc="0" uspid="9293" ordinal="12" offset="111" sl="267" path="6" offsetend="219" fileid="39" />
                <BranchPoint vc="0" uspid="9294" ordinal="13" offset="111" sl="267" path="7" offsetend="153" fileid="39" />
                <BranchPoint vc="0" uspid="9295" ordinal="14" offset="111" sl="267" path="8" offsetend="271" fileid="39" />
                <BranchPoint vc="0" uspid="9296" ordinal="15" offset="236" sl="287" path="0" offsetend="238" fileid="39" />
                <BranchPoint vc="0" uspid="9297" ordinal="16" offset="236" sl="287" path="1" offsetend="251" fileid="39" />
                <BranchPoint vc="0" uspid="9298" ordinal="17" offset="313" sl="301" path="0" offsetend="315" fileid="39" />
                <BranchPoint vc="0" uspid="9299" ordinal="18" offset="313" sl="301" path="1" offsetend="320" fileid="39" />
              </BranchPoints>
              <MethodPoint xsi:type="SequencePoint" vc="0" uspid="9252" ordinal="0" offset="0" sl="257" sc="9" el="257" ec="10" bec="0" bev="0" fileid="39" />
            </Method>
            <Method visited="false" cyclomaticComplexity="4" nPathComplexity="8" sequenceCoverage="0" branchCoverage="0" crapScore="20" isConstructor="false" isStatic="false" isGetter="false" isSetter="false">
              <Summary numSequencePoints="3" visitedSequencePoints="0" numBranchPoints="7" visitedBranchPoints="0" sequenceCoverage="0" branchCoverage="0" maxCyclomaticComplexity="4" minCyclomaticComplexity="4" maxCrapScore="20" minCrapScore="20" visitedClasses="0" numClasses="0" visitedMethods="0" numMethods="1" />
              <MetadataToken>100663741</MetadataToken>
              <Name>System.Boolean ExMat.Compiler.ExCompiler::IsEOS()</Name>
              <FileRef uid="39" />
              <SequencePoints>
                <SequencePoint vc="0" uspid="9300" ordinal="0" offset="0" sl="309" sc="9" el="309" ec="10" bec="0" bev="0" fileid="39" />
                <SequencePoint vc="0" uspid="9301" ordinal="1" offset="1" sl="310" sc="13" el="313" ec="49" bec="4" bev="0" fileid="39" />
                <SequencePoint vc="0" uspid="9302" ordinal="2" offset="59" sl="314" sc="9" el="314" ec="10" bec="0" bev="0" fileid="39" />
              </SequencePoints>
              <BranchPoints>
                <BranchPoint vc="0" uspid="9303" ordinal="0" offset="17" sl="310" path="0" offsetend="19" fileid="39" />
                <BranchPoint vc="0" uspid="9304" ordinal="1" offset="17" sl="310" path="1" offsetend="55" fileid="39" />
                <BranchPoint vc="0" uspid="9305" ordinal="2" offset="25" sl="310" path="0" offsetend="27" fileid="39" />
                <BranchPoint vc="0" uspid="9306" ordinal="3" offset="25" sl="310" path="1" offsetend="55" fileid="39" />
                <BranchPoint vc="0" uspid="9307" ordinal="4" offset="38" sl="310" path="0" offsetend="40" fileid="39" />
                <BranchPoint vc="0" uspid="9308" ordinal="5" offset="38" sl="310" path="1" offsetend="55" fileid="39" />
              </BranchPoints>
              <MethodPoint xsi:type="SequencePoint" vc="0" uspid="9300" ordinal="0" offset="0" sl="309" sc="9" el="309" ec="10" bec="0" bev="0" fileid="39" />
            </Method>
            <Method visited="false" cyclomaticComplexity="4" nPathComplexity="8" sequenceCoverage="0" branchCoverage="0" crapScore="20" isConstructor="false" isStatic="false" isGetter="false" isSetter="false">
              <Summary numSequencePoints="13" visitedSequencePoints="0" numBranchPoints="7" visitedBranchPoints="0" sequenceCoverage="0" branchCoverage="0" maxCyclomaticComplexity="4" minCyclomaticComplexity="4" maxCrapScore="20" minCrapScore="20" visitedClasses="0" numClasses="0" visitedMethods="0" numMethods="1" />
              <MetadataToken>100663742</MetadataToken>
              <Name>System.Boolean ExMat.Compiler.ExCompiler::CheckSMC()</Name>
              <FileRef uid="39" />
              <SequencePoints>
                <SequencePoint vc="0" uspid="9309" ordinal="0" offset="0" sl="317" sc="9" el="317" ec="10" bec="0" bev="0" fileid="39" />
                <SequencePoint vc="0" uspid="9310" ordinal="1" offset="1" sl="318" sc="13" el="318" ec="47" bec="2" bev="0" fileid="39" />
                <SequencePoint vc="0" uspid="9311" ordinal="2" offset="18" sl="319" sc="13" el="319" ec="14" bec="0" bev="0" fileid="39" />
                <SequencePoint vc="0" uspid="9312" ordinal="3" offset="19" sl="320" sc="17" el="320" ec="40" bec="2" bev="0" fileid="39" />
                <SequencePoint vc="0" uspid="9313" ordinal="4" offset="32" sl="321" sc="17" el="321" ec="18" bec="0" bev="0" fileid="39" />
                <SequencePoint vc="0" uspid="9314" ordinal="5" offset="33" sl="322" sc="21" el="322" ec="34" bec="0" bev="0" fileid="39" />
                <SequencePoint vc="0" uspid="9315" ordinal="6" offset="37" sl="324" sc="13" el="324" ec="14" bec="0" bev="0" fileid="39" />
                <SequencePoint vc="0" uspid="9316" ordinal="7" offset="40" sl="325" sc="18" el="325" ec="31" bec="2" bev="0" fileid="39" />
                <SequencePoint vc="0" uspid="9317" ordinal="8" offset="53" sl="326" sc="13" el="326" ec="14" bec="0" bev="0" fileid="39" />
                <SequencePoint vc="0" uspid="9318" ordinal="9" offset="54" sl="327" sc="17" el="327" ec="64" bec="0" bev="0" fileid="39" />
                <SequencePoint vc="0" uspid="9319" ordinal="10" offset="66" sl="328" sc="17" el="328" ec="30" bec="0" bev="0" fileid="39" />
                <SequencePoint vc="0" uspid="9320" ordinal="11" offset="70" sl="330" sc="13" el="330" ec="25" bec="0" bev="0" fileid="39" />
                <SequencePoint vc="0" uspid="9321" ordinal="12" offset="74" sl="331" sc="9" el="331" ec="10" bec="0" bev="0" fileid="39" />
              </SequencePoints>
              <BranchPoints>
                <BranchPoint vc="0" uspid="9322" ordinal="0" offset="16" sl="318" path="0" offsetend="18" fileid="39" />
                <BranchPoint vc="0" uspid="9323" ordinal="1" offset="16" sl="318" path="1" offsetend="40" fileid="39" />
                <BranchPoint vc="0" uspid="9324" ordinal="2" offset="30" sl="320" path="0" offsetend="32" fileid="39" />
                <BranchPoint vc="0" uspid="9325" ordinal="3" offset="30" sl="320" path="1" offsetend="37" fileid="39" />
                <BranchPoint vc="0" uspid="9326" ordinal="4" offset="51" sl="325" path="0" offsetend="53" fileid="39" />
                <BranchPoint vc="0" uspid="9327" ordinal="5" offset="51" sl="325" path="1" offsetend="70" fileid="39" />
              </BranchPoints>
              <MethodPoint xsi:type="SequencePoint" vc="0" uspid="9309" ordinal="0" offset="0" sl="317" sc="9" el="317" ec="10" bec="0" bev="0" fileid="39" />
            </Method>
            <Method visited="false" cyclomaticComplexity="6" nPathComplexity="16" sequenceCoverage="0" branchCoverage="0" crapScore="42" isConstructor="false" isStatic="false" isGetter="false" isSetter="false">
              <Summary numSequencePoints="12" visitedSequencePoints="0" numBranchPoints="9" visitedBranchPoints="0" sequenceCoverage="0" branchCoverage="0" maxCyclomaticComplexity="6" minCyclomaticComplexity="6" maxCrapScore="42" minCrapScore="42" visitedClasses="0" numClasses="0" visitedMethods="0" numMethods="1" />
              <MetadataToken>100663743</MetadataToken>
              <Name>System.Boolean ExMat.Compiler.ExCompiler::ProcessStatements()</Name>
              <FileRef uid="39" />
              <SequencePoints>
                <SequencePoint vc="0" uspid="9328" ordinal="0" offset="0" sl="334" sc="9" el="334" ec="10" bec="0" bev="0" fileid="39" />
                <SequencePoint vc="0" uspid="9329" ordinal="1" offset="3" sl="336" sc="13" el="336" ec="14" bec="0" bev="0" fileid="39" />
                <SequencePoint vc="0" uspid="9330" ordinal="2" offset="4" sl="337" sc="17" el="337" ec="41" bec="2" bev="0" fileid="39" />
                <SequencePoint vc="0" uspid="9331" ordinal="3" offset="18" sl="338" sc="17" el="338" ec="18" bec="0" bev="0" fileid="39" />
                <SequencePoint vc="0" uspid="9332" ordinal="4" offset="19" sl="339" sc="21" el="339" ec="34" bec="0" bev="0" fileid="39" />
                <SequencePoint vc="0" uspid="9333" ordinal="5" offset="23" sl="342" sc="17" el="344" ec="36" bec="5" bev="0" fileid="39" />
                <SequencePoint vc="0" uspid="9334" ordinal="6" offset="75" sl="345" sc="17" el="345" ec="18" bec="0" bev="0" fileid="39" />
                <SequencePoint vc="0" uspid="9335" ordinal="7" offset="76" sl="347" sc="21" el="347" ec="34" bec="0" bev="0" fileid="39" />
                <SequencePoint vc="0" uspid="9336" ordinal="8" offset="80" sl="349" sc="13" el="349" ec="14" bec="0" bev="0" fileid="39" />
                <SequencePoint vc="0" uspid="9337" ordinal="9" offset="81" sl="335" sc="13" el="335" ec="57" bec="0" bev="0" fileid="39" />
                <SequencePoint vc="0" uspid="9338" ordinal="10" offset="101" sl="350" sc="13" el="350" ec="25" bec="0" bev="0" fileid="39" />
                <SequencePoint vc="0" uspid="9339" ordinal="11" offset="105" sl="351" sc="9" el="351" ec="10" bec="0" bev="0" fileid="39" />
              </SequencePoints>
              <BranchPoints>
                <BranchPoint vc="0" uspid="9340" ordinal="0" offset="16" sl="337" path="0" offsetend="18" fileid="39" />
                <BranchPoint vc="0" uspid="9341" ordinal="1" offset="16" sl="337" path="1" offsetend="23" fileid="39" />
                <BranchPoint vc="0" uspid="9342" ordinal="2" offset="39" sl="342" path="0" offsetend="41" fileid="39" />
                <BranchPoint vc="0" uspid="9343" ordinal="3" offset="39" sl="342" path="1" offsetend="70" fileid="39" />
                <BranchPoint vc="0" uspid="9344" ordinal="4" offset="57" sl="342" path="0" offsetend="59" fileid="39" />
                <BranchPoint vc="0" uspid="9345" ordinal="5" offset="57" sl="342" path="1" offsetend="70" fileid="39" />
                <BranchPoint vc="0" uspid="9346" ordinal="6" offset="73" sl="342" path="0" offsetend="75" fileid="39" />
                <BranchPoint vc="0" uspid="9347" ordinal="7" offset="73" sl="342" path="1" offsetend="80" fileid="39" />
              </BranchPoints>
              <MethodPoint xsi:type="SequencePoint" vc="0" uspid="9328" ordinal="0" offset="0" sl="334" sc="9" el="334" ec="10" bec="0" bev="0" fileid="39" />
            </Method>
            <Method visited="false" cyclomaticComplexity="4" nPathComplexity="8" sequenceCoverage="0" branchCoverage="0" crapScore="20" isConstructor="false" isStatic="false" isGetter="false" isSetter="false">
              <Summary numSequencePoints="8" visitedSequencePoints="0" numBranchPoints="7" visitedBranchPoints="0" sequenceCoverage="0" branchCoverage="0" maxCyclomaticComplexity="4" minCyclomaticComplexity="4" maxCrapScore="20" minCrapScore="20" visitedClasses="0" numClasses="0" visitedMethods="0" numMethods="1" />
              <MetadataToken>100663744</MetadataToken>
              <Name>System.Boolean ExMat.Compiler.ExCompiler::ProcessCurlyOpenStatement(System.Boolean)</Name>
              <FileRef uid="39" />
              <SequencePoints>
                <SequencePoint vc="0" uspid="9348" ordinal="0" offset="0" sl="354" sc="9" el="354" ec="10" bec="0" bev="0" fileid="39" />
                <SequencePoint vc="0" uspid="9349" ordinal="1" offset="1" sl="355" sc="13" el="355" ec="41" bec="0" bev="0" fileid="39" />
                <SequencePoint vc="0" uspid="9350" ordinal="2" offset="8" sl="357" sc="13" el="359" ec="57" bec="5" bev="0" fileid="39" />
                <SequencePoint vc="0" uspid="9351" ordinal="3" offset="45" sl="360" sc="13" el="360" ec="14" bec="0" bev="0" fileid="39" />
                <SequencePoint vc="0" uspid="9352" ordinal="4" offset="46" sl="361" sc="17" el="361" ec="30" bec="0" bev="0" fileid="39" />
                <SequencePoint vc="0" uspid="9353" ordinal="5" offset="50" sl="364" sc="13" el="364" ec="43" bec="0" bev="0" fileid="39" />
                <SequencePoint vc="0" uspid="9354" ordinal="6" offset="59" sl="365" sc="13" el="365" ec="25" bec="0" bev="0" fileid="39" />
                <SequencePoint vc="0" uspid="9355" ordinal="7" offset="63" sl="366" sc="9" el="366" ec="10" bec="0" bev="0" fileid="39" />
              </SequencePoints>
              <BranchPoints>
                <BranchPoint vc="0" uspid="9356" ordinal="0" offset="14" sl="357" path="0" offsetend="16" fileid="39" />
                <BranchPoint vc="0" uspid="9357" ordinal="1" offset="14" sl="357" path="1" offsetend="40" fileid="39" />
                <BranchPoint vc="0" uspid="9358" ordinal="2" offset="22" sl="357" path="0" offsetend="24" fileid="39" />
                <BranchPoint vc="0" uspid="9359" ordinal="3" offset="22" sl="357" path="1" offsetend="40" fileid="39" />
                <BranchPoint vc="0" uspid="9360" ordinal="4" offset="43" sl="357" path="0" offsetend="45" fileid="39" />
                <BranchPoint vc="0" uspid="9361" ordinal="5" offset="43" sl="357" path="1" offsetend="50" fileid="39" />
              </BranchPoints>
              <MethodPoint xsi:type="SequencePoint" vc="0" uspid="9348" ordinal="0" offset="0" sl="354" sc="9" el="354" ec="10" bec="0" bev="0" fileid="39" />
            </Method>
            <Method visited="false" cyclomaticComplexity="7" nPathComplexity="64" sequenceCoverage="0" branchCoverage="0" crapScore="56" isConstructor="false" isStatic="false" isGetter="false" isSetter="false">
              <Summary numSequencePoints="21" visitedSequencePoints="0" numBranchPoints="13" visitedBranchPoints="0" sequenceCoverage="0" branchCoverage="0" maxCyclomaticComplexity="7" minCyclomaticComplexity="7" maxCrapScore="56" minCrapScore="56" visitedClasses="0" numClasses="0" visitedMethods="0" numMethods="1" />
              <MetadataToken>100663745</MetadataToken>
              <Name>System.Boolean ExMat.Compiler.ExCompiler::ProcessConstStatement()</Name>
              <FileRef uid="39" />
              <SequencePoints>
                <SequencePoint vc="0" uspid="9362" ordinal="0" offset="0" sl="369" sc="9" el="369" ec="10" bec="0" bev="0" fileid="39" />
                <SequencePoint vc="0" uspid="9363" ordinal="1" offset="1" sl="370" sc="13" el="370" ec="36" bec="2" bev="0" fileid="39" />
                <SequencePoint vc="0" uspid="9364" ordinal="2" offset="14" sl="371" sc="13" el="371" ec="14" bec="0" bev="0" fileid="39" />
                <SequencePoint vc="0" uspid="9365" ordinal="3" offset="15" sl="372" sc="17" el="372" ec="30" bec="0" bev="0" fileid="39" />
                <SequencePoint vc="0" uspid="9366" ordinal="4" offset="22" sl="375" sc="13" el="375" ec="58" bec="0" bev="0" fileid="39" />
                <SequencePoint vc="0" uspid="9367" ordinal="5" offset="34" sl="376" sc="13" el="376" ec="30" bec="2" bev="0" fileid="39" />
                <SequencePoint vc="0" uspid="9368" ordinal="6" offset="44" sl="377" sc="13" el="377" ec="14" bec="0" bev="0" fileid="39" />
                <SequencePoint vc="0" uspid="9369" ordinal="7" offset="45" sl="378" sc="17" el="378" ec="30" bec="0" bev="0" fileid="39" />
                <SequencePoint vc="0" uspid="9370" ordinal="8" offset="52" sl="381" sc="13" el="381" ec="80" bec="2" bev="0" fileid="39" />
                <SequencePoint vc="0" uspid="9371" ordinal="9" offset="85" sl="382" sc="13" el="382" ec="14" bec="0" bev="0" fileid="39" />
                <SequencePoint vc="0" uspid="9372" ordinal="10" offset="86" sl="383" sc="17" el="383" ec="148" bec="0" bev="0" fileid="39" />
                <SequencePoint vc="0" uspid="9373" ordinal="11" offset="116" sl="386" sc="13" el="386" ec="47" bec="2" bev="0" fileid="39" />
                <SequencePoint vc="0" uspid="9374" ordinal="12" offset="136" sl="387" sc="13" el="387" ec="14" bec="0" bev="0" fileid="39" />
                <SequencePoint vc="0" uspid="9375" ordinal="13" offset="137" sl="388" sc="17" el="388" ec="81" bec="0" bev="0" fileid="39" />
                <SequencePoint vc="0" uspid="9376" ordinal="14" offset="151" sl="391" sc="13" el="391" ec="51" bec="0" bev="0" fileid="39" />
                <SequencePoint vc="0" uspid="9377" ordinal="15" offset="158" sl="392" sc="13" el="392" ec="44" bec="4" bev="0" fileid="39" />
                <SequencePoint vc="0" uspid="9378" ordinal="16" offset="179" sl="393" sc="13" el="393" ec="14" bec="0" bev="0" fileid="39" />
                <SequencePoint vc="0" uspid="9379" ordinal="17" offset="180" sl="394" sc="17" el="394" ec="30" bec="0" bev="0" fileid="39" />
                <SequencePoint vc="0" uspid="9380" ordinal="18" offset="184" sl="397" sc="13" el="397" ec="78" bec="0" bev="0" fileid="39" />
                <SequencePoint vc="0" uspid="9381" ordinal="19" offset="218" sl="398" sc="13" el="398" ec="25" bec="0" bev="0" fileid="39" />
                <SequencePoint vc="0" uspid="9382" ordinal="20" offset="222" sl="399" sc="9" el="399" ec="10" bec="0" bev="0" fileid="39" />
              </SequencePoints>
              <BranchPoints>
                <BranchPoint vc="0" uspid="9383" ordinal="0" offset="12" sl="370" path="0" offsetend="14" fileid="39" />
                <BranchPoint vc="0" uspid="9384" ordinal="1" offset="12" sl="370" path="1" offsetend="22" fileid="39" />
                <BranchPoint vc="0" uspid="9385" ordinal="2" offset="42" sl="376" path="0" offsetend="44" fileid="39" />
                <BranchPoint vc="0" uspid="9386" ordinal="3" offset="42" sl="376" path="1" offsetend="52" fileid="39" />
                <BranchPoint vc="0" uspid="9387" ordinal="4" offset="83" sl="381" path="0" offsetend="85" fileid="39" />
                <BranchPoint vc="0" uspid="9388" ordinal="5" offset="83" sl="381" path="1" offsetend="116" fileid="39" />
                <BranchPoint vc="0" uspid="9389" ordinal="6" offset="134" sl="386" path="0" offsetend="136" fileid="39" />
                <BranchPoint vc="0" uspid="9390" ordinal="7" offset="134" sl="386" path="1" offsetend="151" fileid="39" />
                <BranchPoint vc="0" uspid="9391" ordinal="8" offset="159" sl="392" path="0" offsetend="161" fileid="39" />
                <BranchPoint vc="0" uspid="9392" ordinal="9" offset="159" sl="392" path="1" offsetend="172" fileid="39" />
                <BranchPoint vc="0" uspid="9393" ordinal="10" offset="177" sl="392" path="0" offsetend="179" fileid="39" />
                <BranchPoint vc="0" uspid="9394" ordinal="11" offset="177" sl="392" path="1" offsetend="184" fileid="39" />
              </BranchPoints>
              <MethodPoint xsi:type="SequencePoint" vc="0" uspid="9362" ordinal="0" offset="0" sl="369" sc="9" el="369" ec="10" bec="0" bev="0" fileid="39" />
            </Method>
            <Method visited="false" cyclomaticComplexity="4" nPathComplexity="8" sequenceCoverage="0" branchCoverage="0" crapScore="20" isConstructor="false" isStatic="false" isGetter="false" isSetter="false">
              <Summary numSequencePoints="20" visitedSequencePoints="0" numBranchPoints="7" visitedBranchPoints="0" sequenceCoverage="0" branchCoverage="0" maxCyclomaticComplexity="4" minCyclomaticComplexity="4" maxCrapScore="20" minCrapScore="20" visitedClasses="0" numClasses="0" visitedMethods="0" numMethods="1" />
              <MetadataToken>100663746</MetadataToken>
              <Name>System.Boolean ExMat.Compiler.ExCompiler::ProcessReturnStatement()</Name>
              <FileRef uid="39" />
              <SequencePoints>
                <SequencePoint vc="0" uspid="9395" ordinal="0" offset="0" sl="402" sc="9" el="402" ec="10" bec="0" bev="0" fileid="39" />
                <SequencePoint vc="0" uspid="9396" ordinal="1" offset="1" sl="403" sc="13" el="403" ec="57" bec="0" bev="0" fileid="39" />
                <SequencePoint vc="0" uspid="9397" ordinal="2" offset="4" sl="404" sc="13" el="404" ec="36" bec="2" bev="0" fileid="39" />
                <SequencePoint vc="0" uspid="9398" ordinal="3" offset="17" sl="405" sc="13" el="405" ec="14" bec="0" bev="0" fileid="39" />
                <SequencePoint vc="0" uspid="9399" ordinal="4" offset="18" sl="406" sc="17" el="406" ec="30" bec="0" bev="0" fileid="39" />
                <SequencePoint vc="0" uspid="9400" ordinal="5" offset="25" sl="408" sc="13" el="408" ec="26" bec="2" bev="0" fileid="39" />
                <SequencePoint vc="0" uspid="9401" ordinal="6" offset="38" sl="409" sc="13" el="409" ec="14" bec="0" bev="0" fileid="39" />
                <SequencePoint vc="0" uspid="9402" ordinal="7" offset="39" sl="410" sc="17" el="410" ec="64" bec="0" bev="0" fileid="39" />
                <SequencePoint vc="0" uspid="9403" ordinal="8" offset="54" sl="411" sc="17" el="411" ec="33" bec="2" bev="0" fileid="39" />
                <SequencePoint vc="0" uspid="9404" ordinal="9" offset="69" sl="412" sc="17" el="412" ec="18" bec="0" bev="0" fileid="39" />
                <SequencePoint vc="0" uspid="9405" ordinal="10" offset="70" sl="413" sc="21" el="413" ec="34" bec="0" bev="0" fileid="39" />
                <SequencePoint vc="0" uspid="9406" ordinal="11" offset="74" sl="416" sc="17" el="416" ec="66" bec="0" bev="0" fileid="39" />
                <SequencePoint vc="0" uspid="9407" ordinal="12" offset="87" sl="417" sc="17" el="417" ec="117" bec="0" bev="0" fileid="39" />
                <SequencePoint vc="0" uspid="9408" ordinal="13" offset="125" sl="418" sc="13" el="418" ec="14" bec="0" bev="0" fileid="39" />
                <SequencePoint vc="0" uspid="9409" ordinal="14" offset="128" sl="420" sc="13" el="420" ec="14" bec="0" bev="0" fileid="39" />
                <SequencePoint vc="0" uspid="9410" ordinal="15" offset="129" sl="421" sc="17" el="421" ec="59" bec="0" bev="0" fileid="39" />
                <SequencePoint vc="0" uspid="9411" ordinal="16" offset="141" sl="422" sc="17" el="422" ec="113" bec="0" bev="0" fileid="39" />
                <SequencePoint vc="0" uspid="9412" ordinal="17" offset="173" sl="423" sc="13" el="423" ec="14" bec="0" bev="0" fileid="39" />
                <SequencePoint vc="0" uspid="9413" ordinal="18" offset="174" sl="424" sc="13" el="424" ec="25" bec="0" bev="0" fileid="39" />
                <SequencePoint vc="0" uspid="9414" ordinal="19" offset="178" sl="425" sc="9" el="425" ec="10" bec="0" bev="0" fileid="39" />
              </SequencePoints>
              <BranchPoints>
                <BranchPoint vc="0" uspid="9415" ordinal="0" offset="15" sl="404" path="0" offsetend="17" fileid="39" />
                <BranchPoint vc="0" uspid="9416" ordinal="1" offset="15" sl="404" path="1" offsetend="25" fileid="39" />
                <BranchPoint vc="0" uspid="9417" ordinal="2" offset="36" sl="408" path="0" offsetend="38" fileid="39" />
                <BranchPoint vc="0" uspid="9418" ordinal="3" offset="36" sl="408" path="1" offsetend="128" fileid="39" />
                <BranchPoint vc="0" uspid="9419" ordinal="4" offset="67" sl="411" path="0" offsetend="69" fileid="39" />
                <BranchPoint vc="0" uspid="9420" ordinal="5" offset="67" sl="411" path="1" offsetend="74" fileid="39" />
              </BranchPoints>
              <MethodPoint xsi:type="SequencePoint" vc="0" uspid="9395" ordinal="0" offset="0" sl="402" sc="9" el="402" ec="10" bec="0" bev="0" fileid="39" />
            </Method>
            <Method visited="false" cyclomaticComplexity="2" nPathComplexity="2" sequenceCoverage="0" branchCoverage="0" crapScore="6" isConstructor="false" isStatic="false" isGetter="false" isSetter="false">
              <Summary numSequencePoints="10" visitedSequencePoints="0" numBranchPoints="3" visitedBranchPoints="0" sequenceCoverage="0" branchCoverage="0" maxCyclomaticComplexity="2" minCyclomaticComplexity="2" maxCrapScore="6" minCrapScore="6" visitedClasses="0" numClasses="0" visitedMethods="0" numMethods="1" />
              <MetadataToken>100663747</MetadataToken>
              <Name>System.Boolean ExMat.Compiler.ExCompiler::ProcessBreakStatement()</Name>
              <FileRef uid="39" />
              <SequencePoints>
                <SequencePoint vc="0" uspid="9421" ordinal="0" offset="0" sl="428" sc="9" el="428" ec="10" bec="0" bev="0" fileid="39" />
                <SequencePoint vc="0" uspid="9422" ordinal="1" offset="1" sl="429" sc="13" el="429" ec="59" bec="2" bev="0" fileid="39" />
                <SequencePoint vc="0" uspid="9423" ordinal="2" offset="27" sl="430" sc="13" el="430" ec="14" bec="0" bev="0" fileid="39" />
                <SequencePoint vc="0" uspid="9424" ordinal="3" offset="28" sl="431" sc="17" el="431" ec="77" bec="0" bev="0" fileid="39" />
                <SequencePoint vc="0" uspid="9425" ordinal="4" offset="40" sl="432" sc="17" el="432" ec="30" bec="0" bev="0" fileid="39" />
                <SequencePoint vc="0" uspid="9426" ordinal="5" offset="44" sl="435" sc="13" el="435" ec="30" bec="0" bev="0" fileid="39" />
                <SequencePoint vc="0" uspid="9427" ordinal="6" offset="51" sl="436" sc="13" el="436" ec="89" bec="0" bev="0" fileid="39" />
                <SequencePoint vc="0" uspid="9428" ordinal="7" offset="74" sl="438" sc="13" el="438" ec="69" bec="0" bev="0" fileid="39" />
                <SequencePoint vc="0" uspid="9429" ordinal="8" offset="102" sl="440" sc="13" el="440" ec="38" bec="0" bev="0" fileid="39" />
                <SequencePoint vc="0" uspid="9430" ordinal="9" offset="111" sl="441" sc="9" el="441" ec="10" bec="0" bev="0" fileid="39" />
              </SequencePoints>
              <BranchPoints>
                <BranchPoint vc="0" uspid="9431" ordinal="0" offset="25" sl="429" path="0" offsetend="27" fileid="39" />
                <BranchPoint vc="0" uspid="9432" ordinal="1" offset="25" sl="429" path="1" offsetend="44" fileid="39" />
              </BranchPoints>
              <MethodPoint xsi:type="SequencePoint" vc="0" uspid="9421" ordinal="0" offset="0" sl="428" sc="9" el="428" ec="10" bec="0" bev="0" fileid="39" />
            </Method>
            <Method visited="false" cyclomaticComplexity="2" nPathComplexity="2" sequenceCoverage="0" branchCoverage="0" crapScore="6" isConstructor="false" isStatic="false" isGetter="false" isSetter="false">
              <Summary numSequencePoints="10" visitedSequencePoints="0" numBranchPoints="3" visitedBranchPoints="0" sequenceCoverage="0" branchCoverage="0" maxCyclomaticComplexity="2" minCyclomaticComplexity="2" maxCrapScore="6" minCrapScore="6" visitedClasses="0" numClasses="0" visitedMethods="0" numMethods="1" />
              <MetadataToken>100663748</MetadataToken>
              <Name>System.Boolean ExMat.Compiler.ExCompiler::ProcessContinueStatement()</Name>
              <FileRef uid="39" />
              <SequencePoints>
                <SequencePoint vc="0" uspid="9433" ordinal="0" offset="0" sl="444" sc="9" el="444" ec="10" bec="0" bev="0" fileid="39" />
                <SequencePoint vc="0" uspid="9434" ordinal="1" offset="1" sl="445" sc="13" el="445" ec="61" bec="2" bev="0" fileid="39" />
                <SequencePoint vc="0" uspid="9435" ordinal="2" offset="27" sl="446" sc="13" el="446" ec="14" bec="0" bev="0" fileid="39" />
                <SequencePoint vc="0" uspid="9436" ordinal="3" offset="28" sl="447" sc="17" el="447" ec="80" bec="0" bev="0" fileid="39" />
                <SequencePoint vc="0" uspid="9437" ordinal="4" offset="40" sl="448" sc="17" el="448" ec="30" bec="0" bev="0" fileid="39" />
                <SequencePoint vc="0" uspid="9438" ordinal="5" offset="44" sl="450" sc="13" el="450" ec="30" bec="0" bev="0" fileid="39" />
                <SequencePoint vc="0" uspid="9439" ordinal="6" offset="51" sl="451" sc="13" el="451" ec="89" bec="0" bev="0" fileid="39" />
                <SequencePoint vc="0" uspid="9440" ordinal="7" offset="74" sl="453" sc="13" el="453" ec="72" bec="0" bev="0" fileid="39" />
                <SequencePoint vc="0" uspid="9441" ordinal="8" offset="102" sl="455" sc="13" el="455" ec="38" bec="0" bev="0" fileid="39" />
                <SequencePoint vc="0" uspid="9442" ordinal="9" offset="111" sl="456" sc="9" el="456" ec="10" bec="0" bev="0" fileid="39" />
              </SequencePoints>
              <BranchPoints>
                <BranchPoint vc="0" uspid="9443" ordinal="0" offset="25" sl="445" path="0" offsetend="27" fileid="39" />
                <BranchPoint vc="0" uspid="9444" ordinal="1" offset="25" sl="445" path="1" offsetend="44" fileid="39" />
              </BranchPoints>
              <MethodPoint xsi:type="SequencePoint" vc="0" uspid="9433" ordinal="0" offset="0" sl="444" sc="9" el="444" ec="10" bec="0" bev="0" fileid="39" />
            </Method>
            <Method visited="false" cyclomaticComplexity="20" nPathComplexity="240" sequenceCoverage="0" branchCoverage="0" crapScore="420" isConstructor="false" isStatic="false" isGetter="false" isSetter="false">
              <Summary numSequencePoints="61" visitedSequencePoints="0" numBranchPoints="24" visitedBranchPoints="0" sequenceCoverage="0" branchCoverage="0" maxCyclomaticComplexity="20" minCyclomaticComplexity="20" maxCrapScore="420" minCrapScore="420" visitedClasses="0" numClasses="0" visitedMethods="0" numMethods="1" />
              <MetadataToken>100663749</MetadataToken>
              <Name>System.Boolean ExMat.Compiler.ExCompiler::ProcessStatement(System.Boolean)</Name>
              <FileRef uid="39" />
              <SequencePoints>
                <SequencePoint vc="0" uspid="9445" ordinal="0" offset="0" sl="459" sc="9" el="459" ec="10" bec="0" bev="0" fileid="39" />
                <SequencePoint vc="0" uspid="9446" ordinal="1" offset="1" sl="461" sc="13" el="461" ec="34" bec="18" bev="0" fileid="39" />
                <SequencePoint vc="0" uspid="9447" ordinal="2" offset="103" sl="464" sc="21" el="464" ec="22" bec="0" bev="0" fileid="39" />
                <SequencePoint vc="0" uspid="9448" ordinal="3" offset="104" sl="465" sc="25" el="465" ec="55" bec="0" bev="0" fileid="39" />
                <SequencePoint vc="0" uspid="9449" ordinal="4" offset="111" sl="466" sc="25" el="466" ec="31" bec="0" bev="0" fileid="39" />
                <SequencePoint vc="0" uspid="9450" ordinal="5" offset="116" sl="469" sc="21" el="469" ec="22" bec="0" bev="0" fileid="39" />
                <SequencePoint vc="0" uspid="9451" ordinal="6" offset="117" sl="470" sc="25" el="470" ec="75" bec="0" bev="0" fileid="39" />
                <SequencePoint vc="0" uspid="9452" ordinal="7" offset="125" sl="471" sc="25" el="471" ec="31" bec="0" bev="0" fileid="39" />
                <SequencePoint vc="0" uspid="9453" ordinal="8" offset="130" sl="474" sc="21" el="474" ec="22" bec="0" bev="0" fileid="39" />
                <SequencePoint vc="0" uspid="9454" ordinal="9" offset="131" sl="475" sc="25" el="475" ec="62" bec="0" bev="0" fileid="39" />
                <SequencePoint vc="0" uspid="9455" ordinal="10" offset="138" sl="476" sc="25" el="476" ec="31" bec="0" bev="0" fileid="39" />
                <SequencePoint vc="0" uspid="9456" ordinal="11" offset="143" sl="479" sc="21" el="479" ec="22" bec="0" bev="0" fileid="39" />
                <SequencePoint vc="0" uspid="9457" ordinal="12" offset="144" sl="480" sc="25" el="480" ec="61" bec="0" bev="0" fileid="39" />
                <SequencePoint vc="0" uspid="9458" ordinal="13" offset="151" sl="481" sc="25" el="481" ec="31" bec="0" bev="0" fileid="39" />
                <SequencePoint vc="0" uspid="9459" ordinal="14" offset="156" sl="484" sc="21" el="484" ec="22" bec="0" bev="0" fileid="39" />
                <SequencePoint vc="0" uspid="9460" ordinal="15" offset="157" sl="485" sc="25" el="485" ec="64" bec="0" bev="0" fileid="39" />
                <SequencePoint vc="0" uspid="9461" ordinal="16" offset="164" sl="486" sc="25" el="486" ec="31" bec="0" bev="0" fileid="39" />
                <SequencePoint vc="0" uspid="9462" ordinal="17" offset="169" sl="489" sc="21" el="489" ec="22" bec="0" bev="0" fileid="39" />
                <SequencePoint vc="0" uspid="9463" ordinal="18" offset="170" sl="490" sc="25" el="490" ec="58" bec="0" bev="0" fileid="39" />
                <SequencePoint vc="0" uspid="9464" ordinal="19" offset="177" sl="491" sc="25" el="491" ec="31" bec="0" bev="0" fileid="39" />
                <SequencePoint vc="0" uspid="9465" ordinal="20" offset="182" sl="495" sc="21" el="495" ec="22" bec="0" bev="0" fileid="39" />
                <SequencePoint vc="0" uspid="9466" ordinal="21" offset="183" sl="496" sc="25" el="496" ec="59" bec="0" bev="0" fileid="39" />
                <SequencePoint vc="0" uspid="9467" ordinal="22" offset="190" sl="497" sc="25" el="497" ec="31" bec="0" bev="0" fileid="39" />
                <SequencePoint vc="0" uspid="9468" ordinal="23" offset="195" sl="500" sc="21" el="500" ec="22" bec="0" bev="0" fileid="39" />
                <SequencePoint vc="0" uspid="9469" ordinal="24" offset="196" sl="501" sc="25" el="501" ec="63" bec="0" bev="0" fileid="39" />
                <SequencePoint vc="0" uspid="9470" ordinal="25" offset="203" sl="502" sc="25" el="502" ec="31" bec="0" bev="0" fileid="39" />
                <SequencePoint vc="0" uspid="9471" ordinal="26" offset="205" sl="505" sc="21" el="505" ec="22" bec="0" bev="0" fileid="39" />
                <SequencePoint vc="0" uspid="9472" ordinal="27" offset="206" sl="506" sc="25" el="506" ec="63" bec="0" bev="0" fileid="39" />
                <SequencePoint vc="0" uspid="9473" ordinal="28" offset="213" sl="507" sc="25" el="507" ec="31" bec="0" bev="0" fileid="39" />
                <SequencePoint vc="0" uspid="9474" ordinal="29" offset="215" sl="510" sc="21" el="510" ec="22" bec="0" bev="0" fileid="39" />
                <SequencePoint vc="0" uspid="9475" ordinal="30" offset="216" sl="511" sc="25" el="511" ec="61" bec="0" bev="0" fileid="39" />
                <SequencePoint vc="0" uspid="9476" ordinal="31" offset="223" sl="512" sc="25" el="512" ec="31" bec="0" bev="0" fileid="39" />
                <SequencePoint vc="0" uspid="9477" ordinal="32" offset="225" sl="515" sc="21" el="515" ec="22" bec="0" bev="0" fileid="39" />
                <SequencePoint vc="0" uspid="9478" ordinal="33" offset="226" sl="516" sc="25" el="516" ec="64" bec="0" bev="0" fileid="39" />
                <SequencePoint vc="0" uspid="9479" ordinal="34" offset="233" sl="517" sc="25" el="517" ec="31" bec="0" bev="0" fileid="39" />
                <SequencePoint vc="0" uspid="9480" ordinal="35" offset="235" sl="520" sc="21" el="520" ec="22" bec="0" bev="0" fileid="39" />
                <SequencePoint vc="0" uspid="9481" ordinal="36" offset="236" sl="521" sc="25" el="521" ec="66" bec="0" bev="0" fileid="39" />
                <SequencePoint vc="0" uspid="9482" ordinal="37" offset="243" sl="522" sc="25" el="522" ec="31" bec="0" bev="0" fileid="39" />
                <SequencePoint vc="0" uspid="9483" ordinal="38" offset="245" sl="525" sc="21" el="525" ec="22" bec="0" bev="0" fileid="39" />
                <SequencePoint vc="0" uspid="9484" ordinal="39" offset="246" sl="526" sc="25" el="526" ec="62" bec="0" bev="0" fileid="39" />
                <SequencePoint vc="0" uspid="9485" ordinal="40" offset="253" sl="527" sc="25" el="527" ec="31" bec="0" bev="0" fileid="39" />
                <SequencePoint vc="0" uspid="9486" ordinal="41" offset="255" sl="530" sc="21" el="530" ec="22" bec="0" bev="0" fileid="39" />
                <SequencePoint vc="0" uspid="9487" ordinal="42" offset="256" sl="531" sc="25" el="531" ec="61" bec="0" bev="0" fileid="39" />
                <SequencePoint vc="0" uspid="9488" ordinal="43" offset="263" sl="532" sc="25" el="532" ec="31" bec="0" bev="0" fileid="39" />
                <SequencePoint vc="0" uspid="9489" ordinal="44" offset="265" sl="535" sc="21" el="535" ec="22" bec="0" bev="0" fileid="39" />
                <SequencePoint vc="0" uspid="9490" ordinal="45" offset="266" sl="536" sc="25" el="536" ec="64" bec="0" bev="0" fileid="39" />
                <SequencePoint vc="0" uspid="9491" ordinal="46" offset="273" sl="537" sc="25" el="537" ec="31" bec="0" bev="0" fileid="39" />
                <SequencePoint vc="0" uspid="9492" ordinal="47" offset="275" sl="540" sc="21" el="540" ec="22" bec="0" bev="0" fileid="39" />
                <SequencePoint vc="0" uspid="9493" ordinal="48" offset="276" sl="541" sc="25" el="541" ec="48" bec="0" bev="0" fileid="39" />
                <SequencePoint vc="0" uspid="9494" ordinal="49" offset="283" sl="542" sc="25" el="542" ec="39" bec="2" bev="0" fileid="39" />
                <SequencePoint vc="0" uspid="9495" ordinal="50" offset="288" sl="543" sc="25" el="543" ec="26" bec="0" bev="0" fileid="39" />
                <SequencePoint vc="0" uspid="9496" ordinal="51" offset="289" sl="544" sc="29" el="544" ec="62" bec="0" bev="0" fileid="39" />
                <SequencePoint vc="0" uspid="9497" ordinal="52" offset="301" sl="545" sc="29" el="545" ec="62" bec="0" bev="0" fileid="39" />
                <SequencePoint vc="0" uspid="9498" ordinal="53" offset="313" sl="546" sc="29" el="546" ec="41" bec="0" bev="0" fileid="39" />
                <SequencePoint vc="0" uspid="9499" ordinal="54" offset="318" sl="548" sc="25" el="548" ec="38" bec="0" bev="0" fileid="39" />
                <SequencePoint vc="0" uspid="9500" ordinal="55" offset="323" sl="552" sc="13" el="552" ec="28" bec="2" bev="0" fileid="39" />
                <SequencePoint vc="0" uspid="9501" ordinal="56" offset="333" sl="553" sc="13" el="553" ec="14" bec="0" bev="0" fileid="39" />
                <SequencePoint vc="0" uspid="9502" ordinal="57" offset="334" sl="554" sc="17" el="554" ec="30" bec="0" bev="0" fileid="39" />
                <SequencePoint vc="0" uspid="9503" ordinal="58" offset="339" sl="557" sc="13" el="557" ec="46" bec="0" bev="0" fileid="39" />
                <SequencePoint vc="0" uspid="9504" ordinal="59" offset="351" sl="558" sc="13" el="558" ec="25" bec="0" bev="0" fileid="39" />
                <SequencePoint vc="0" uspid="9505" ordinal="60" offset="356" sl="559" sc="9" el="559" ec="10" bec="0" bev="0" fileid="39" />
              </SequencePoints>
              <BranchPoints>
                <BranchPoint vc="0" uspid="9506" ordinal="0" offset="17" sl="461" path="0" offsetchain="78" offsetend="80" fileid="39" />
                <BranchPoint vc="0" uspid="9507" ordinal="1" offset="17" sl="461" path="1" offsetend="169" fileid="39" />
                <BranchPoint vc="0" uspid="9508" ordinal="2" offset="17" sl="461" path="2" offsetend="275" fileid="39" />
                <BranchPoint vc="0" uspid="9509" ordinal="3" offset="17" sl="461" path="3" offsetend="182" fileid="39" />
                <BranchPoint vc="0" uspid="9510" ordinal="4" offset="17" sl="461" path="4" offsetend="195" fileid="39" />
                <BranchPoint vc="0" uspid="9511" ordinal="5" offset="17" sl="461" path="5" offsetend="265" fileid="39" />
                <BranchPoint vc="0" uspid="9512" ordinal="6" offset="17" sl="461" path="6" offsetend="255" fileid="39" />
                <BranchPoint vc="0" uspid="9513" ordinal="7" offset="17" sl="461" path="7" offsetend="130" fileid="39" />
                <BranchPoint vc="0" uspid="9514" ordinal="8" offset="17" sl="461" path="8" offsetend="143" fileid="39" />
                <BranchPoint vc="0" uspid="9515" ordinal="9" offset="17" sl="461" path="9" offsetend="156" fileid="39" />
                <BranchPoint vc="0" uspid="9516" ordinal="10" offset="17" sl="461" path="10" offsetend="235" fileid="39" />
                <BranchPoint vc="0" uspid="9517" ordinal="11" offset="17" sl="461" path="11" offsetend="205" fileid="39" />
                <BranchPoint vc="0" uspid="9518" ordinal="12" offset="17" sl="461" path="12" offsetend="215" fileid="39" />
                <BranchPoint vc="0" uspid="9519" ordinal="13" offset="17" sl="461" path="13" offsetend="225" fileid="39" />
                <BranchPoint vc="0" uspid="9520" ordinal="14" offset="17" sl="461" path="14" offsetend="245" fileid="39" />
                <BranchPoint vc="0" uspid="9521" ordinal="15" offset="86" sl="461" path="0" offsetchain="88" offsetend="90" fileid="39" />
                <BranchPoint vc="0" uspid="9522" ordinal="16" offset="86" sl="461" path="1" offsetend="103" fileid="39" />
                <BranchPoint vc="0" uspid="9523" ordinal="17" offset="96" sl="461" path="0" offsetchain="98" offsetend="275" fileid="39" />
                <BranchPoint vc="0" uspid="9524" ordinal="18" offset="96" sl="461" path="1" offsetend="116" fileid="39" />
                <BranchPoint vc="0" uspid="9525" ordinal="19" offset="286" sl="542" path="0" offsetend="288" fileid="39" />
                <BranchPoint vc="0" uspid="9526" ordinal="20" offset="286" sl="542" path="1" offsetend="318" fileid="39" />
                <BranchPoint vc="0" uspid="9527" ordinal="21" offset="331" sl="552" path="0" offsetend="333" fileid="39" />
                <BranchPoint vc="0" uspid="9528" ordinal="22" offset="331" sl="552" path="1" offsetend="339" fileid="39" />
              </BranchPoints>
              <MethodPoint xsi:type="SequencePoint" vc="0" uspid="9445" ordinal="0" offset="0" sl="459" sc="9" el="459" ec="10" bec="0" bev="0" fileid="39" />
            </Method>
            <Method visited="false" cyclomaticComplexity="3" nPathComplexity="4" sequenceCoverage="0" branchCoverage="0" crapScore="12" isConstructor="false" isStatic="false" isGetter="false" isSetter="false">
              <Summary numSequencePoints="6" visitedSequencePoints="0" numBranchPoints="5" visitedBranchPoints="0" sequenceCoverage="0" branchCoverage="0" maxCyclomaticComplexity="3" minCyclomaticComplexity="3" maxCrapScore="12" minCrapScore="12" visitedClasses="0" numClasses="0" visitedMethods="0" numMethods="1" />
              <MetadataToken>100663750</MetadataToken>
              <Name>System.Void ExMat.Compiler.ExCompiler::DoOuterControl()</Name>
              <FileRef uid="39" />
              <SequencePoints>
                <SequencePoint vc="0" uspid="9529" ordinal="0" offset="0" sl="562" sc="9" el="562" ec="10" bec="0" bev="0" fileid="39" />
                <SequencePoint vc="0" uspid="9530" ordinal="1" offset="1" sl="563" sc="13" el="564" ec="72" bec="4" bev="0" fileid="39" />
                <SequencePoint vc="0" uspid="9531" ordinal="2" offset="57" sl="565" sc="13" el="565" ec="14" bec="0" bev="0" fileid="39" />
                <SequencePoint vc="0" uspid="9532" ordinal="3" offset="58" sl="566" sc="17" el="566" ec="93" bec="0" bev="0" fileid="39" />
                <SequencePoint vc="0" uspid="9533" ordinal="4" offset="90" sl="567" sc="13" el="567" ec="14" bec="0" bev="0" fileid="39" />
                <SequencePoint vc="0" uspid="9534" ordinal="5" offset="91" sl="568" sc="9" el="568" ec="10" bec="0" bev="0" fileid="39" />
              </SequencePoints>
              <BranchPoints>
                <BranchPoint vc="0" uspid="9535" ordinal="0" offset="23" sl="563" path="0" offsetend="25" fileid="39" />
                <BranchPoint vc="0" uspid="9536" ordinal="1" offset="23" sl="563" path="1" offsetend="52" fileid="39" />
                <BranchPoint vc="0" uspid="9537" ordinal="2" offset="55" sl="563" path="0" offsetend="57" fileid="39" />
                <BranchPoint vc="0" uspid="9538" ordinal="3" offset="55" sl="563" path="1" offsetend="91" fileid="39" />
              </BranchPoints>
              <MethodPoint xsi:type="SequencePoint" vc="0" uspid="9529" ordinal="0" offset="0" sl="562" sc="9" el="562" ec="10" bec="0" bev="0" fileid="39" />
            </Method>
            <Method visited="false" cyclomaticComplexity="1" nPathComplexity="0" sequenceCoverage="0" branchCoverage="0" crapScore="2" isConstructor="false" isStatic="false" isGetter="false" isSetter="false">
              <Summary numSequencePoints="5" visitedSequencePoints="0" numBranchPoints="1" visitedBranchPoints="0" sequenceCoverage="0" branchCoverage="0" maxCyclomaticComplexity="1" minCyclomaticComplexity="1" maxCrapScore="2" minCrapScore="2" visitedClasses="0" numClasses="0" visitedMethods="0" numMethods="1" />
              <MetadataToken>100663751</MetadataToken>
              <Name>System.Collections.Generic.List`1&lt;System.Int32&gt; ExMat.Compiler.ExCompiler::CreateBreakableBlock()</Name>
              <FileRef uid="39" />
              <SequencePoints>
                <SequencePoint vc="0" uspid="9539" ordinal="0" offset="0" sl="571" sc="9" el="571" ec="10" bec="0" bev="0" fileid="39" />
                <SequencePoint vc="0" uspid="9540" ordinal="1" offset="1" sl="573" sc="13" el="573" ec="51" bec="0" bev="0" fileid="39" />
                <SequencePoint vc="0" uspid="9541" ordinal="2" offset="19" sl="574" sc="13" el="574" ec="53" bec="0" bev="0" fileid="39" />
                <SequencePoint vc="0" uspid="9542" ordinal="3" offset="37" sl="575" sc="13" el="575" ec="95" bec="0" bev="0" fileid="39" />
                <SequencePoint vc="0" uspid="9543" ordinal="4" offset="92" sl="576" sc="9" el="576" ec="10" bec="0" bev="0" fileid="39" />
              </SequencePoints>
              <BranchPoints />
              <MethodPoint xsi:type="SequencePoint" vc="0" uspid="9539" ordinal="0" offset="0" sl="571" sc="9" el="571" ec="10" bec="0" bev="0" fileid="39" />
            </Method>
            <Method visited="false" cyclomaticComplexity="5" nPathComplexity="16" sequenceCoverage="0" branchCoverage="0" crapScore="30" isConstructor="false" isStatic="false" isGetter="false" isSetter="false">
              <Summary numSequencePoints="18" visitedSequencePoints="0" numBranchPoints="9" visitedBranchPoints="0" sequenceCoverage="0" branchCoverage="0" maxCyclomaticComplexity="5" minCyclomaticComplexity="5" maxCrapScore="30" minCrapScore="30" visitedClasses="0" numClasses="0" visitedMethods="0" numMethods="1" />
              <MetadataToken>100663752</MetadataToken>
              <Name>System.Void ExMat.Compiler.ExCompiler::ReleaseBreakableBlock(System.Collections.Generic.List`1&lt;System.Int32&gt;,System.Int32)</Name>
              <FileRef uid="39" />
              <SequencePoints>
                <SequencePoint vc="0" uspid="9544" ordinal="0" offset="0" sl="579" sc="9" el="579" ec="10" bec="0" bev="0" fileid="39" />
                <SequencePoint vc="0" uspid="9545" ordinal="1" offset="1" sl="580" sc="13" el="580" ec="69" bec="2" bev="0" fileid="39" />
                <SequencePoint vc="0" uspid="9546" ordinal="2" offset="43" sl="581" sc="13" el="581" ec="14" bec="0" bev="0" fileid="39" />
                <SequencePoint vc="0" uspid="9547" ordinal="3" offset="44" sl="582" sc="17" el="582" ec="54" bec="0" bev="0" fileid="39" />
                <SequencePoint vc="0" uspid="9548" ordinal="4" offset="63" sl="583" sc="13" el="583" ec="14" bec="0" bev="0" fileid="39" />
                <SequencePoint vc="0" uspid="9549" ordinal="5" offset="64" sl="584" sc="13" el="584" ec="72" bec="2" bev="0" fileid="39" />
                <SequencePoint vc="0" uspid="9550" ordinal="6" offset="106" sl="585" sc="13" el="585" ec="14" bec="0" bev="0" fileid="39" />
                <SequencePoint vc="0" uspid="9551" ordinal="7" offset="107" sl="586" sc="17" el="586" ec="64" bec="0" bev="0" fileid="39" />
                <SequencePoint vc="0" uspid="9552" ordinal="8" offset="127" sl="587" sc="13" el="587" ec="14" bec="0" bev="0" fileid="39" />
                <SequencePoint vc="0" uspid="9553" ordinal="9" offset="128" sl="589" sc="13" el="589" ec="51" bec="2" bev="0" fileid="39" />
                <SequencePoint vc="0" uspid="9554" ordinal="10" offset="151" sl="590" sc="13" el="590" ec="14" bec="0" bev="0" fileid="39" />
                <SequencePoint vc="0" uspid="9555" ordinal="11" offset="152" sl="591" sc="17" el="591" ec="85" bec="0" bev="0" fileid="39" />
                <SequencePoint vc="0" uspid="9556" ordinal="12" offset="187" sl="592" sc="13" el="592" ec="14" bec="0" bev="0" fileid="39" />
                <SequencePoint vc="0" uspid="9557" ordinal="13" offset="188" sl="593" sc="13" el="593" ec="54" bec="2" bev="0" fileid="39" />
                <SequencePoint vc="0" uspid="9558" ordinal="14" offset="213" sl="594" sc="13" el="594" ec="14" bec="0" bev="0" fileid="39" />
                <SequencePoint vc="0" uspid="9559" ordinal="15" offset="214" sl="595" sc="17" el="595" ec="91" bec="0" bev="0" fileid="39" />
                <SequencePoint vc="0" uspid="9560" ordinal="16" offset="249" sl="596" sc="13" el="596" ec="14" bec="0" bev="0" fileid="39" />
                <SequencePoint vc="0" uspid="9561" ordinal="17" offset="250" sl="597" sc="9" el="597" ec="10" bec="0" bev="0" fileid="39" />
              </SequencePoints>
              <BranchPoints>
                <BranchPoint vc="0" uspid="9562" ordinal="0" offset="41" sl="580" path="0" offsetend="43" fileid="39" />
                <BranchPoint vc="0" uspid="9563" ordinal="1" offset="41" sl="580" path="1" offsetend="64" fileid="39" />
                <BranchPoint vc="0" uspid="9564" ordinal="2" offset="104" sl="584" path="0" offsetend="106" fileid="39" />
                <BranchPoint vc="0" uspid="9565" ordinal="3" offset="104" sl="584" path="1" offsetend="128" fileid="39" />
                <BranchPoint vc="0" uspid="9566" ordinal="4" offset="149" sl="589" path="0" offsetend="151" fileid="39" />
                <BranchPoint vc="0" uspid="9567" ordinal="5" offset="149" sl="589" path="1" offsetend="188" fileid="39" />
                <BranchPoint vc="0" uspid="9568" ordinal="6" offset="211" sl="593" path="0" offsetend="213" fileid="39" />
                <BranchPoint vc="0" uspid="9569" ordinal="7" offset="211" sl="593" path="1" offsetend="250" fileid="39" />
              </BranchPoints>
              <MethodPoint xsi:type="SequencePoint" vc="0" uspid="9544" ordinal="0" offset="0" sl="579" sc="9" el="579" ec="10" bec="0" bev="0" fileid="39" />
            </Method>
            <Method visited="false" cyclomaticComplexity="2" nPathComplexity="0" sequenceCoverage="0" branchCoverage="0" crapScore="6" isConstructor="false" isStatic="true" isGetter="false" isSetter="false">
              <Summary numSequencePoints="8" visitedSequencePoints="0" numBranchPoints="1" visitedBranchPoints="0" sequenceCoverage="0" branchCoverage="0" maxCyclomaticComplexity="2" minCyclomaticComplexity="2" maxCrapScore="6" minCrapScore="6" visitedClasses="0" numClasses="0" visitedMethods="0" numMethods="1" />
              <MetadataToken>100663753</MetadataToken>
              <Name>System.Void ExMat.Compiler.ExCompiler::DoBreakControl(ExMat.States.ExFState,System.Int32)</Name>
              <FileRef uid="39" />
              <SequencePoints>
                <SequencePoint vc="0" uspid="9570" ordinal="0" offset="0" sl="600" sc="9" el="600" ec="10" bec="0" bev="0" fileid="39" />
                <SequencePoint vc="0" uspid="9571" ordinal="1" offset="3" sl="602" sc="13" el="602" ec="14" bec="0" bev="0" fileid="39" />
                <SequencePoint vc="0" uspid="9572" ordinal="2" offset="4" sl="603" sc="17" el="603" ec="42" bec="0" bev="0" fileid="39" />
                <SequencePoint vc="0" uspid="9573" ordinal="3" offset="26" sl="603" sc="43" el="603" ec="89" bec="0" bev="0" fileid="39" />
                <SequencePoint vc="0" uspid="9574" ordinal="4" offset="51" sl="604" sc="17" el="604" ec="68" bec="0" bev="0" fileid="39" />
                <SequencePoint vc="0" uspid="9575" ordinal="5" offset="70" sl="605" sc="13" el="605" ec="14" bec="0" bev="0" fileid="39" />
                <SequencePoint vc="0" uspid="9576" ordinal="6" offset="71" sl="601" sc="13" el="601" ec="32" bec="0" bev="0" fileid="39" />
                <SequencePoint vc="0" uspid="9577" ordinal="7" offset="84" sl="606" sc="9" el="606" ec="10" bec="0" bev="0" fileid="39" />
              </SequencePoints>
              <BranchPoints />
              <MethodPoint xsi:type="SequencePoint" vc="0" uspid="9570" ordinal="0" offset="0" sl="600" sc="9" el="600" ec="10" bec="0" bev="0" fileid="39" />
            </Method>
            <Method visited="false" cyclomaticComplexity="2" nPathComplexity="0" sequenceCoverage="0" branchCoverage="0" crapScore="6" isConstructor="false" isStatic="true" isGetter="false" isSetter="false">
              <Summary numSequencePoints="8" visitedSequencePoints="0" numBranchPoints="1" visitedBranchPoints="0" sequenceCoverage="0" branchCoverage="0" maxCyclomaticComplexity="2" minCyclomaticComplexity="2" maxCrapScore="6" minCrapScore="6" visitedClasses="0" numClasses="0" visitedMethods="0" numMethods="1" />
              <MetadataToken>100663754</MetadataToken>
              <Name>System.Void ExMat.Compiler.ExCompiler::DoContinueControl(ExMat.States.ExFState,System.Int32,System.Int32)</Name>
              <FileRef uid="39" />
              <SequencePoints>
                <SequencePoint vc="0" uspid="9578" ordinal="0" offset="0" sl="609" sc="9" el="609" ec="10" bec="0" bev="0" fileid="39" />
                <SequencePoint vc="0" uspid="9579" ordinal="1" offset="3" sl="611" sc="13" el="611" ec="14" bec="0" bev="0" fileid="39" />
                <SequencePoint vc="0" uspid="9580" ordinal="2" offset="4" sl="612" sc="17" el="612" ec="45" bec="0" bev="0" fileid="39" />
                <SequencePoint vc="0" uspid="9581" ordinal="3" offset="26" sl="612" sc="46" el="612" ec="98" bec="0" bev="0" fileid="39" />
                <SequencePoint vc="0" uspid="9582" ordinal="4" offset="51" sl="613" sc="17" el="613" ec="58" bec="0" bev="0" fileid="39" />
                <SequencePoint vc="0" uspid="9583" ordinal="5" offset="65" sl="614" sc="13" el="614" ec="14" bec="0" bev="0" fileid="39" />
                <SequencePoint vc="0" uspid="9584" ordinal="6" offset="66" sl="610" sc="13" el="610" ec="32" bec="0" bev="0" fileid="39" />
                <SequencePoint vc="0" uspid="9585" ordinal="7" offset="79" sl="615" sc="9" el="615" ec="10" bec="0" bev="0" fileid="39" />
              </SequencePoints>
              <BranchPoints />
              <MethodPoint xsi:type="SequencePoint" vc="0" uspid="9578" ordinal="0" offset="0" sl="609" sc="9" el="609" ec="10" bec="0" bev="0" fileid="39" />
            </Method>
            <Method visited="false" cyclomaticComplexity="16" nPathComplexity="16384" sequenceCoverage="0" branchCoverage="0" crapScore="272" isConstructor="false" isStatic="false" isGetter="false" isSetter="false">
              <Summary numSequencePoints="34" visitedSequencePoints="0" numBranchPoints="29" visitedBranchPoints="0" sequenceCoverage="0" branchCoverage="0" maxCyclomaticComplexity="16" minCyclomaticComplexity="16" maxCrapScore="272" minCrapScore="272" visitedClasses="0" numClasses="0" visitedMethods="0" numMethods="1" />
              <MetadataToken>100663755</MetadataToken>
              <Name>System.Boolean ExMat.Compiler.ExCompiler::ProcessIfStatement()</Name>
              <FileRef uid="39" />
              <SequencePoints>
                <SequencePoint vc="0" uspid="9586" ordinal="0" offset="0" sl="618" sc="9" el="618" ec="10" bec="0" bev="0" fileid="39" />
                <SequencePoint vc="0" uspid="9587" ordinal="1" offset="1" sl="620" sc="13" el="620" ec="35" bec="0" bev="0" fileid="39" />
                <SequencePoint vc="0" uspid="9588" ordinal="2" offset="3" sl="623" sc="13" el="623" ec="130" bec="6" bev="0" fileid="39" />
                <SequencePoint vc="0" uspid="9589" ordinal="3" offset="55" sl="624" sc="13" el="624" ec="14" bec="0" bev="0" fileid="39" />
                <SequencePoint vc="0" uspid="9590" ordinal="4" offset="56" sl="625" sc="17" el="625" ec="30" bec="0" bev="0" fileid="39" />
                <SequencePoint vc="0" uspid="9591" ordinal="5" offset="64" sl="628" sc="13" el="628" ec="92" bec="0" bev="0" fileid="39" />
                <SequencePoint vc="0" uspid="9592" ordinal="6" offset="93" sl="629" sc="13" el="629" ec="52" bec="0" bev="0" fileid="39" />
                <SequencePoint vc="0" uspid="9593" ordinal="7" offset="105" sl="631" sc="13" el="631" ec="41" bec="0" bev="0" fileid="39" />
                <SequencePoint vc="0" uspid="9594" ordinal="8" offset="112" sl="632" sc="13" el="632" ec="37" bec="2" bev="0" fileid="39" />
                <SequencePoint vc="0" uspid="9595" ordinal="9" offset="128" sl="633" sc="13" el="633" ec="14" bec="0" bev="0" fileid="39" />
                <SequencePoint vc="0" uspid="9596" ordinal="10" offset="129" sl="634" sc="17" el="634" ec="30" bec="0" bev="0" fileid="39" />
                <SequencePoint vc="0" uspid="9597" ordinal="11" offset="137" sl="636" sc="13" el="638" ec="32" bec="5" bev="0" fileid="39" />
                <SequencePoint vc="0" uspid="9598" ordinal="12" offset="181" sl="639" sc="13" el="639" ec="14" bec="0" bev="0" fileid="39" />
                <SequencePoint vc="0" uspid="9599" ordinal="13" offset="182" sl="641" sc="17" el="641" ec="30" bec="0" bev="0" fileid="39" />
                <SequencePoint vc="0" uspid="9600" ordinal="14" offset="190" sl="643" sc="13" el="643" ec="31" bec="0" bev="0" fileid="39" />
                <SequencePoint vc="0" uspid="9601" ordinal="15" offset="199" sl="645" sc="13" el="645" ec="51" bec="0" bev="0" fileid="39" />
                <SequencePoint vc="0" uspid="9602" ordinal="16" offset="212" sl="646" sc="13" el="646" ec="48" bec="2" bev="0" fileid="39" />
                <SequencePoint vc="0" uspid="9603" ordinal="17" offset="234" sl="647" sc="13" el="647" ec="14" bec="0" bev="0" fileid="39" />
                <SequencePoint vc="0" uspid="9604" ordinal="18" offset="235" sl="648" sc="17" el="648" ec="33" bec="0" bev="0" fileid="39" />
                <SequencePoint vc="0" uspid="9605" ordinal="19" offset="237" sl="649" sc="17" el="649" ec="37" bec="0" bev="0" fileid="39" />
                <SequencePoint vc="0" uspid="9606" ordinal="20" offset="244" sl="651" sc="17" el="651" ec="73" bec="0" bev="0" fileid="39" />
                <SequencePoint vc="0" uspid="9607" ordinal="21" offset="263" sl="652" sc="17" el="652" ec="51" bec="0" bev="0" fileid="39" />
                <SequencePoint vc="0" uspid="9608" ordinal="22" offset="275" sl="654" sc="17" el="654" ec="63" bec="4" bev="0" fileid="39" />
                <SequencePoint vc="0" uspid="9609" ordinal="23" offset="302" sl="655" sc="17" el="655" ec="18" bec="0" bev="0" fileid="39" />
                <SequencePoint vc="0" uspid="9610" ordinal="24" offset="303" sl="656" sc="21" el="656" ec="34" bec="0" bev="0" fileid="39" />
                <SequencePoint vc="0" uspid="9611" ordinal="25" offset="308" sl="659" sc="17" el="660" ec="36" bec="4" bev="0" fileid="39" />
                <SequencePoint vc="0" uspid="9612" ordinal="26" offset="344" sl="661" sc="17" el="661" ec="18" bec="0" bev="0" fileid="39" />
                <SequencePoint vc="0" uspid="9613" ordinal="27" offset="345" sl="662" sc="21" el="662" ec="34" bec="0" bev="0" fileid="39" />
                <SequencePoint vc="0" uspid="9614" ordinal="28" offset="350" sl="664" sc="17" el="664" ec="35" bec="0" bev="0" fileid="39" />
                <SequencePoint vc="0" uspid="9615" ordinal="29" offset="359" sl="666" sc="17" el="666" ec="101" bec="0" bev="0" fileid="39" />
                <SequencePoint vc="0" uspid="9616" ordinal="30" offset="386" sl="667" sc="13" el="667" ec="14" bec="0" bev="0" fileid="39" />
                <SequencePoint vc="0" uspid="9617" ordinal="31" offset="387" sl="670" sc="13" el="670" ec="98" bec="2" bev="0" fileid="39" />
                <SequencePoint vc="0" uspid="9618" ordinal="32" offset="413" sl="671" sc="13" el="671" ec="25" bec="0" bev="0" fileid="39" />
                <SequencePoint vc="0" uspid="9619" ordinal="33" offset="418" sl="672" sc="9" el="672" ec="10" bec="0" bev="0" fileid="39" />
              </SequencePoints>
              <BranchPoints>
                <BranchPoint vc="0" uspid="9620" ordinal="0" offset="9" sl="623" path="0" offsetend="11" fileid="39" />
                <BranchPoint vc="0" uspid="9621" ordinal="1" offset="9" sl="623" path="1" offsetend="48" fileid="39" />
                <BranchPoint vc="0" uspid="9622" ordinal="2" offset="22" sl="623" path="0" offsetend="24" fileid="39" />
                <BranchPoint vc="0" uspid="9623" ordinal="3" offset="22" sl="623" path="1" offsetend="48" fileid="39" />
                <BranchPoint vc="0" uspid="9624" ordinal="4" offset="30" sl="623" path="0" offsetend="32" fileid="39" />
                <BranchPoint vc="0" uspid="9625" ordinal="5" offset="30" sl="623" path="1" offsetend="48" fileid="39" />
                <BranchPoint vc="0" uspid="9626" ordinal="6" offset="53" sl="623" path="0" offsetend="55" fileid="39" />
                <BranchPoint vc="0" uspid="9627" ordinal="7" offset="53" sl="623" path="1" offsetend="64" fileid="39" />
                <BranchPoint vc="0" uspid="9628" ordinal="8" offset="126" sl="632" path="0" offsetend="128" fileid="39" />
                <BranchPoint vc="0" uspid="9629" ordinal="9" offset="126" sl="632" path="1" offsetend="137" fileid="39" />
                <BranchPoint vc="0" uspid="9630" ordinal="10" offset="148" sl="636" path="0" offsetend="150" fileid="39" />
                <BranchPoint vc="0" uspid="9631" ordinal="11" offset="148" sl="636" path="1" offsetend="174" fileid="39" />
                <BranchPoint vc="0" uspid="9632" ordinal="12" offset="161" sl="636" path="0" offsetend="163" fileid="39" />
                <BranchPoint vc="0" uspid="9633" ordinal="13" offset="161" sl="636" path="1" offsetend="174" fileid="39" />
                <BranchPoint vc="0" uspid="9634" ordinal="14" offset="179" sl="636" path="0" offsetend="181" fileid="39" />
                <BranchPoint vc="0" uspid="9635" ordinal="15" offset="179" sl="636" path="1" offsetend="190" fileid="39" />
                <BranchPoint vc="0" uspid="9636" ordinal="16" offset="229" sl="646" path="0" offsetend="234" fileid="39" />
                <BranchPoint vc="0" uspid="9637" ordinal="17" offset="229" sl="646" path="1" offsetend="387" fileid="39" />
                <BranchPoint vc="0" uspid="9638" ordinal="18" offset="281" sl="654" path="0" offsetend="283" fileid="39" />
                <BranchPoint vc="0" uspid="9639" ordinal="19" offset="281" sl="654" path="1" offsetend="295" fileid="39" />
                <BranchPoint vc="0" uspid="9640" ordinal="20" offset="300" sl="654" path="0" offsetend="302" fileid="39" />
                <BranchPoint vc="0" uspid="9641" ordinal="21" offset="300" sl="654" path="1" offsetend="308" fileid="39" />
                <BranchPoint vc="0" uspid="9642" ordinal="22" offset="324" sl="659" path="0" offsetend="326" fileid="39" />
                <BranchPoint vc="0" uspid="9643" ordinal="23" offset="324" sl="659" path="1" offsetend="337" fileid="39" />
                <BranchPoint vc="0" uspid="9644" ordinal="24" offset="342" sl="659" path="0" offsetend="344" fileid="39" />
                <BranchPoint vc="0" uspid="9645" ordinal="25" offset="342" sl="659" path="1" offsetend="350" fileid="39" />
                <BranchPoint vc="0" uspid="9646" ordinal="26" offset="400" sl="670" path="0" offsetend="402" fileid="39" />
                <BranchPoint vc="0" uspid="9647" ordinal="27" offset="400" sl="670" path="1" offsetend="405" fileid="39" />
              </BranchPoints>
              <MethodPoint xsi:type="SequencePoint" vc="0" uspid="9586" ordinal="0" offset="0" sl="618" sc="9" el="618" ec="10" bec="0" bev="0" fileid="39" />
            </Method>
            <Method visited="false" cyclomaticComplexity="7" nPathComplexity="64" sequenceCoverage="0" branchCoverage="0" crapScore="56" isConstructor="false" isStatic="false" isGetter="false" isSetter="false">
              <Summary numSequencePoints="24" visitedSequencePoints="0" numBranchPoints="13" visitedBranchPoints="0" sequenceCoverage="0" branchCoverage="0" maxCyclomaticComplexity="7" minCyclomaticComplexity="7" maxCrapScore="56" minCrapScore="56" visitedClasses="0" numClasses="0" visitedMethods="0" numMethods="1" />
              <MetadataToken>100663756</MetadataToken>
              <Name>System.Boolean ExMat.Compiler.ExCompiler::ProcessForStatementInit(ExMat.Compiler.ExScope&amp;)</Name>
              <FileRef uid="39" />
              <SequencePoints>
                <SequencePoint vc="0" uspid="9648" ordinal="0" offset="0" sl="675" sc="9" el="675" ec="10" bec="0" bev="0" fileid="39" />
                <SequencePoint vc="0" uspid="9649" ordinal="1" offset="1" sl="676" sc="13" el="676" ec="24" bec="0" bev="0" fileid="39" />
                <SequencePoint vc="0" uspid="9650" ordinal="2" offset="4" sl="678" sc="13" el="678" ec="36" bec="2" bev="0" fileid="39" />
                <SequencePoint vc="0" uspid="9651" ordinal="3" offset="17" sl="679" sc="13" el="679" ec="14" bec="0" bev="0" fileid="39" />
                <SequencePoint vc="0" uspid="9652" ordinal="4" offset="18" sl="680" sc="17" el="680" ec="30" bec="0" bev="0" fileid="39" />
                <SequencePoint vc="0" uspid="9653" ordinal="5" offset="25" sl="683" sc="13" el="683" ec="33" bec="0" bev="0" fileid="39" />
                <SequencePoint vc="0" uspid="9654" ordinal="6" offset="33" sl="685" sc="13" el="685" ec="53" bec="2" bev="0" fileid="39" />
                <SequencePoint vc="0" uspid="9655" ordinal="7" offset="51" sl="686" sc="13" el="686" ec="14" bec="0" bev="0" fileid="39" />
                <SequencePoint vc="0" uspid="9656" ordinal="8" offset="52" sl="687" sc="17" el="687" ec="30" bec="0" bev="0" fileid="39" />
                <SequencePoint vc="0" uspid="9657" ordinal="9" offset="56" sl="690" sc="13" el="690" ec="47" bec="2" bev="0" fileid="39" />
                <SequencePoint vc="0" uspid="9658" ordinal="10" offset="73" sl="691" sc="13" el="691" ec="14" bec="0" bev="0" fileid="39" />
                <SequencePoint vc="0" uspid="9659" ordinal="11" offset="74" sl="692" sc="17" el="692" ec="47" bec="2" bev="0" fileid="39" />
                <SequencePoint vc="0" uspid="9660" ordinal="12" offset="89" sl="693" sc="17" el="693" ec="18" bec="0" bev="0" fileid="39" />
                <SequencePoint vc="0" uspid="9661" ordinal="13" offset="90" sl="694" sc="21" el="694" ec="34" bec="0" bev="0" fileid="39" />
                <SequencePoint vc="0" uspid="9662" ordinal="14" offset="94" sl="696" sc="13" el="696" ec="14" bec="0" bev="0" fileid="39" />
                <SequencePoint vc="0" uspid="9663" ordinal="15" offset="97" sl="697" sc="18" el="697" ec="52" bec="2" bev="0" fileid="39" />
                <SequencePoint vc="0" uspid="9664" ordinal="16" offset="119" sl="698" sc="13" el="698" ec="14" bec="0" bev="0" fileid="39" />
                <SequencePoint vc="0" uspid="9665" ordinal="17" offset="120" sl="699" sc="17" el="699" ec="33" bec="2" bev="0" fileid="39" />
                <SequencePoint vc="0" uspid="9666" ordinal="18" offset="135" sl="700" sc="17" el="700" ec="18" bec="0" bev="0" fileid="39" />
                <SequencePoint vc="0" uspid="9667" ordinal="19" offset="136" sl="701" sc="21" el="701" ec="34" bec="0" bev="0" fileid="39" />
                <SequencePoint vc="0" uspid="9668" ordinal="20" offset="140" sl="703" sc="17" el="703" ec="43" bec="0" bev="0" fileid="39" />
                <SequencePoint vc="0" uspid="9669" ordinal="21" offset="152" sl="704" sc="13" el="704" ec="14" bec="0" bev="0" fileid="39" />
                <SequencePoint vc="0" uspid="9670" ordinal="22" offset="153" sl="706" sc="13" el="706" ec="25" bec="0" bev="0" fileid="39" />
                <SequencePoint vc="0" uspid="9671" ordinal="23" offset="157" sl="707" sc="9" el="707" ec="10" bec="0" bev="0" fileid="39" />
              </SequencePoints>
              <BranchPoints>
                <BranchPoint vc="0" uspid="9672" ordinal="0" offset="15" sl="678" path="0" offsetend="17" fileid="39" />
                <BranchPoint vc="0" uspid="9673" ordinal="1" offset="15" sl="678" path="1" offsetend="25" fileid="39" />
                <BranchPoint vc="0" uspid="9674" ordinal="2" offset="49" sl="685" path="0" offsetend="51" fileid="39" />
                <BranchPoint vc="0" uspid="9675" ordinal="3" offset="49" sl="685" path="1" offsetend="56" fileid="39" />
                <BranchPoint vc="0" uspid="9676" ordinal="4" offset="71" sl="690" path="0" offsetend="73" fileid="39" />
                <BranchPoint vc="0" uspid="9677" ordinal="5" offset="71" sl="690" path="1" offsetend="97" fileid="39" />
                <BranchPoint vc="0" uspid="9678" ordinal="6" offset="87" sl="692" path="0" offsetend="89" fileid="39" />
                <BranchPoint vc="0" uspid="9679" ordinal="7" offset="87" sl="692" path="1" offsetend="94" fileid="39" />
                <BranchPoint vc="0" uspid="9680" ordinal="8" offset="117" sl="697" path="0" offsetend="119" fileid="39" />
                <BranchPoint vc="0" uspid="9681" ordinal="9" offset="117" sl="697" path="1" offsetend="153" fileid="39" />
                <BranchPoint vc="0" uspid="9682" ordinal="10" offset="133" sl="699" path="0" offsetend="135" fileid="39" />
                <BranchPoint vc="0" uspid="9683" ordinal="11" offset="133" sl="699" path="1" offsetend="140" fileid="39" />
              </BranchPoints>
              <MethodPoint xsi:type="SequencePoint" vc="0" uspid="9648" ordinal="0" offset="0" sl="675" sc="9" el="675" ec="10" bec="0" bev="0" fileid="39" />
            </Method>
            <Method visited="false" cyclomaticComplexity="3" nPathComplexity="4" sequenceCoverage="0" branchCoverage="0" crapScore="12" isConstructor="false" isStatic="false" isGetter="false" isSetter="false">
              <Summary numSequencePoints="14" visitedSequencePoints="0" numBranchPoints="5" visitedBranchPoints="0" sequenceCoverage="0" branchCoverage="0" maxCyclomaticComplexity="3" minCyclomaticComplexity="3" maxCrapScore="12" minCrapScore="12" visitedClasses="0" numClasses="0" visitedMethods="0" numMethods="1" />
              <MetadataToken>100663757</MetadataToken>
              <Name>System.Boolean ExMat.Compiler.ExCompiler::ProcessForStatementCond(System.Int32&amp;,System.Int32&amp;)</Name>
              <FileRef uid="39" />
              <SequencePoints>
                <SequencePoint vc="0" uspid="9684" ordinal="0" offset="0" sl="710" sc="9" el="710" ec="10" bec="0" bev="0" fileid="39" />
                <SequencePoint vc="0" uspid="9685" ordinal="1" offset="1" sl="712" sc="13" el="712" ec="46" bec="0" bev="0" fileid="39" />
                <SequencePoint vc="0" uspid="9686" ordinal="2" offset="13" sl="714" sc="13" el="714" ec="47" bec="0" bev="0" fileid="39" />
                <SequencePoint vc="0" uspid="9687" ordinal="3" offset="26" sl="715" sc="13" el="715" ec="24" bec="0" bev="0" fileid="39" />
                <SequencePoint vc="0" uspid="9688" ordinal="4" offset="29" sl="717" sc="13" el="717" ec="47" bec="2" bev="0" fileid="39" />
                <SequencePoint vc="0" uspid="9689" ordinal="5" offset="49" sl="718" sc="13" el="718" ec="14" bec="0" bev="0" fileid="39" />
                <SequencePoint vc="0" uspid="9690" ordinal="6" offset="50" sl="719" sc="17" el="719" ec="33" bec="2" bev="0" fileid="39" />
                <SequencePoint vc="0" uspid="9691" ordinal="7" offset="63" sl="720" sc="17" el="720" ec="18" bec="0" bev="0" fileid="39" />
                <SequencePoint vc="0" uspid="9692" ordinal="8" offset="64" sl="721" sc="21" el="721" ec="34" bec="0" bev="0" fileid="39" />
                <SequencePoint vc="0" uspid="9693" ordinal="9" offset="68" sl="724" sc="17" el="724" ec="96" bec="0" bev="0" fileid="39" />
                <SequencePoint vc="0" uspid="9694" ordinal="10" offset="97" sl="726" sc="17" el="726" ec="52" bec="0" bev="0" fileid="39" />
                <SequencePoint vc="0" uspid="9695" ordinal="11" offset="110" sl="727" sc="13" el="727" ec="14" bec="0" bev="0" fileid="39" />
                <SequencePoint vc="0" uspid="9696" ordinal="12" offset="111" sl="729" sc="13" el="729" ec="25" bec="0" bev="0" fileid="39" />
                <SequencePoint vc="0" uspid="9697" ordinal="13" offset="115" sl="730" sc="9" el="730" ec="10" bec="0" bev="0" fileid="39" />
              </SequencePoints>
              <BranchPoints>
                <BranchPoint vc="0" uspid="9698" ordinal="0" offset="47" sl="717" path="0" offsetend="49" fileid="39" />
                <BranchPoint vc="0" uspid="9699" ordinal="1" offset="47" sl="717" path="1" offsetend="111" fileid="39" />
                <BranchPoint vc="0" uspid="9700" ordinal="2" offset="61" sl="719" path="0" offsetend="63" fileid="39" />
                <BranchPoint vc="0" uspid="9701" ordinal="3" offset="61" sl="719" path="1" offsetend="68" fileid="39" />
              </BranchPoints>
              <MethodPoint xsi:type="SequencePoint" vc="0" uspid="9684" ordinal="0" offset="0" sl="710" sc="9" el="710" ec="10" bec="0" bev="0" fileid="39" />
            </Method>
            <Method visited="false" cyclomaticComplexity="6" nPathComplexity="8" sequenceCoverage="0" branchCoverage="0" crapScore="42" isConstructor="false" isStatic="false" isGetter="false" isSetter="false">
              <Summary numSequencePoints="34" visitedSequencePoints="0" numBranchPoints="7" visitedBranchPoints="0" sequenceCoverage="0" branchCoverage="0" maxCyclomaticComplexity="6" minCyclomaticComplexity="6" maxCrapScore="42" minCrapScore="42" visitedClasses="0" numClasses="0" visitedMethods="0" numMethods="1" />
              <MetadataToken>100663758</MetadataToken>
              <Name>System.Boolean ExMat.Compiler.ExCompiler::ProcessForStatementIncr(System.Collections.Generic.List`1&lt;ExMat.OPs.ExInstr&gt;&amp;,System.Int32&amp;)</Name>
              <FileRef uid="39" />
              <SequencePoints>
                <SequencePoint vc="0" uspid="9702" ordinal="0" offset="0" sl="733" sc="9" el="733" ec="10" bec="0" bev="0" fileid="39" />
                <SequencePoint vc="0" uspid="9703" ordinal="1" offset="1" sl="734" sc="13" el="734" ec="27" bec="0" bev="0" fileid="39" />
                <SequencePoint vc="0" uspid="9704" ordinal="2" offset="4" sl="735" sc="13" el="735" ec="26" bec="0" bev="0" fileid="39" />
                <SequencePoint vc="0" uspid="9705" ordinal="3" offset="7" sl="737" sc="13" el="737" ec="46" bec="0" bev="0" fileid="39" />
                <SequencePoint vc="0" uspid="9706" ordinal="4" offset="19" sl="739" sc="13" el="739" ec="60" bec="0" bev="0" fileid="39" />
                <SequencePoint vc="0" uspid="9707" ordinal="5" offset="33" sl="740" sc="13" el="740" ec="54" bec="2" bev="0" fileid="39" />
                <SequencePoint vc="0" uspid="9708" ordinal="6" offset="53" sl="741" sc="13" el="741" ec="14" bec="0" bev="0" fileid="39" />
                <SequencePoint vc="0" uspid="9709" ordinal="7" offset="54" sl="742" sc="17" el="742" ec="33" bec="2" bev="0" fileid="39" />
                <SequencePoint vc="0" uspid="9710" ordinal="8" offset="67" sl="743" sc="17" el="743" ec="18" bec="0" bev="0" fileid="39" />
                <SequencePoint vc="0" uspid="9711" ordinal="9" offset="68" sl="744" sc="21" el="744" ec="34" bec="0" bev="0" fileid="39" />
                <SequencePoint vc="0" uspid="9712" ordinal="10" offset="76" sl="746" sc="17" el="746" ec="43" bec="0" bev="0" fileid="39" />
                <SequencePoint vc="0" uspid="9713" ordinal="11" offset="88" sl="747" sc="13" el="747" ec="14" bec="0" bev="0" fileid="39" />
                <SequencePoint vc="0" uspid="9714" ordinal="12" offset="89" sl="749" sc="13" el="749" ec="46" bec="0" bev="0" fileid="39" />
                <SequencePoint vc="0" uspid="9715" ordinal="13" offset="101" sl="751" sc="13" el="751" ec="54" bec="0" bev="0" fileid="39" />
                <SequencePoint vc="0" uspid="9716" ordinal="14" offset="113" sl="752" sc="13" el="752" ec="48" bec="0" bev="0" fileid="39" />
                <SequencePoint vc="0" uspid="9717" ordinal="15" offset="120" sl="755" sc="13" el="755" ec="28" bec="0" bev="0" fileid="39" />
                <SequencePoint vc="0" uspid="9718" ordinal="16" offset="127" sl="757" sc="13" el="757" ec="30" bec="2" bev="0" fileid="39" />
                <SequencePoint vc="0" uspid="9719" ordinal="17" offset="138" sl="758" sc="13" el="758" ec="14" bec="0" bev="0" fileid="39" />
                <SequencePoint vc="0" uspid="9720" ordinal="18" offset="139" sl="759" sc="17" el="759" ec="40" bec="0" bev="0" fileid="39" />
                <SequencePoint vc="0" uspid="9721" ordinal="19" offset="148" sl="760" sc="22" el="760" ec="31" bec="0" bev="0" fileid="39" />
                <SequencePoint vc="0" uspid="9722" ordinal="20" offset="153" sl="761" sc="17" el="761" ec="18" bec="0" bev="0" fileid="39" />
                <SequencePoint vc="0" uspid="9723" ordinal="21" offset="154" sl="762" sc="21" el="762" ec="75" bec="0" bev="0" fileid="39" />
                <SequencePoint vc="0" uspid="9724" ordinal="22" offset="182" sl="763" sc="17" el="763" ec="18" bec="0" bev="0" fileid="39" />
                <SequencePoint vc="0" uspid="9725" ordinal="23" offset="183" sl="760" sc="47" el="760" ec="50" bec="0" bev="0" fileid="39" />
                <SequencePoint vc="0" uspid="9726" ordinal="24" offset="189" sl="760" sc="33" el="760" ec="45" bec="0" bev="0" fileid="39" />
                <SequencePoint vc="0" uspid="9727" ordinal="25" offset="201" sl="764" sc="22" el="764" ec="31" bec="0" bev="0" fileid="39" />
                <SequencePoint vc="0" uspid="9728" ordinal="26" offset="206" sl="765" sc="17" el="765" ec="18" bec="0" bev="0" fileid="39" />
                <SequencePoint vc="0" uspid="9729" ordinal="27" offset="207" sl="766" sc="21" el="766" ec="95" bec="0" bev="0" fileid="39" />
                <SequencePoint vc="0" uspid="9730" ordinal="28" offset="242" sl="767" sc="17" el="767" ec="18" bec="0" bev="0" fileid="39" />
                <SequencePoint vc="0" uspid="9731" ordinal="29" offset="243" sl="764" sc="47" el="764" ec="50" bec="0" bev="0" fileid="39" />
                <SequencePoint vc="0" uspid="9732" ordinal="30" offset="249" sl="764" sc="33" el="764" ec="45" bec="0" bev="0" fileid="39" />
                <SequencePoint vc="0" uspid="9733" ordinal="31" offset="261" sl="768" sc="13" el="768" ec="14" bec="0" bev="0" fileid="39" />
                <SequencePoint vc="0" uspid="9734" ordinal="32" offset="262" sl="770" sc="13" el="770" ec="25" bec="0" bev="0" fileid="39" />
                <SequencePoint vc="0" uspid="9735" ordinal="33" offset="267" sl="771" sc="9" el="771" ec="10" bec="0" bev="0" fileid="39" />
              </SequencePoints>
              <BranchPoints>
                <BranchPoint vc="0" uspid="9736" ordinal="0" offset="51" sl="740" path="0" offsetend="53" fileid="39" />
                <BranchPoint vc="0" uspid="9737" ordinal="1" offset="51" sl="740" path="1" offsetend="89" fileid="39" />
                <BranchPoint vc="0" uspid="9738" ordinal="2" offset="65" sl="742" path="0" offsetend="67" fileid="39" />
                <BranchPoint vc="0" uspid="9739" ordinal="3" offset="65" sl="742" path="1" offsetend="76" fileid="39" />
                <BranchPoint vc="0" uspid="9740" ordinal="4" offset="136" sl="757" path="0" offsetend="138" fileid="39" />
                <BranchPoint vc="0" uspid="9741" ordinal="5" offset="136" sl="757" path="1" offsetend="262" fileid="39" />
              </BranchPoints>
              <MethodPoint xsi:type="SequencePoint" vc="0" uspid="9702" ordinal="0" offset="0" sl="733" sc="9" el="733" ec="10" bec="0" bev="0" fileid="39" />
            </Method>
            <Method visited="false" cyclomaticComplexity="11" nPathComplexity="1024" sequenceCoverage="0" branchCoverage="0" crapScore="132" isConstructor="false" isStatic="false" isGetter="false" isSetter="false">
              <Summary numSequencePoints="44" visitedSequencePoints="0" numBranchPoints="21" visitedBranchPoints="0" sequenceCoverage="0" branchCoverage="0" maxCyclomaticComplexity="11" minCyclomaticComplexity="11" maxCrapScore="132" minCrapScore="132" visitedClasses="0" numClasses="0" visitedMethods="0" numMethods="1" />
              <MetadataToken>100663759</MetadataToken>
              <Name>System.Boolean ExMat.Compiler.ExCompiler::ProcessForEachStatement()</Name>
              <FileRef uid="39" />
              <SequencePoints>
                <SequencePoint vc="0" uspid="9742" ordinal="0" offset="0" sl="774" sc="9" el="774" ec="10" bec="0" bev="0" fileid="39" />
                <SequencePoint vc="0" uspid="9743" ordinal="1" offset="1" sl="776" sc="13" el="778" ec="68" bec="5" bev="0" fileid="39" />
                <SequencePoint vc="0" uspid="9744" ordinal="2" offset="47" sl="779" sc="13" el="779" ec="14" bec="0" bev="0" fileid="39" />
                <SequencePoint vc="0" uspid="9745" ordinal="3" offset="48" sl="780" sc="17" el="780" ec="30" bec="0" bev="0" fileid="39" />
                <SequencePoint vc="0" uspid="9746" ordinal="4" offset="56" sl="783" sc="13" el="783" ec="47" bec="2" bev="0" fileid="39" />
                <SequencePoint vc="0" uspid="9747" ordinal="5" offset="75" sl="784" sc="13" el="784" ec="14" bec="0" bev="0" fileid="39" />
                <SequencePoint vc="0" uspid="9748" ordinal="6" offset="76" sl="785" sc="17" el="785" ec="41" bec="0" bev="0" fileid="39" />
                <SequencePoint vc="0" uspid="9749" ordinal="7" offset="83" sl="786" sc="17" el="787" ec="72" bec="4" bev="0" fileid="39" />
                <SequencePoint vc="0" uspid="9750" ordinal="8" offset="116" sl="788" sc="17" el="788" ec="18" bec="0" bev="0" fileid="39" />
                <SequencePoint vc="0" uspid="9751" ordinal="9" offset="117" sl="789" sc="21" el="789" ec="34" bec="0" bev="0" fileid="39" />
                <SequencePoint vc="0" uspid="9752" ordinal="10" offset="125" sl="791" sc="13" el="791" ec="14" bec="0" bev="0" fileid="39" />
                <SequencePoint vc="0" uspid="9753" ordinal="11" offset="128" sl="793" sc="13" el="793" ec="14" bec="0" bev="0" fileid="39" />
                <SequencePoint vc="0" uspid="9754" ordinal="12" offset="129" sl="794" sc="17" el="794" ec="89" bec="0" bev="0" fileid="39" />
                <SequencePoint vc="0" uspid="9755" ordinal="13" offset="151" sl="795" sc="13" el="795" ec="14" bec="0" bev="0" fileid="39" />
                <SequencePoint vc="0" uspid="9756" ordinal="14" offset="152" sl="797" sc="13" el="797" ec="46" bec="2" bev="0" fileid="39" />
                <SequencePoint vc="0" uspid="9757" ordinal="15" offset="172" sl="798" sc="13" el="798" ec="14" bec="0" bev="0" fileid="39" />
                <SequencePoint vc="0" uspid="9758" ordinal="16" offset="173" sl="799" sc="17" el="799" ec="30" bec="0" bev="0" fileid="39" />
                <SequencePoint vc="0" uspid="9759" ordinal="17" offset="181" sl="802" sc="13" el="802" ec="41" bec="0" bev="0" fileid="39" />
                <SequencePoint vc="0" uspid="9760" ordinal="18" offset="188" sl="804" sc="13" el="805" ec="57" bec="4" bev="0" fileid="39" />
                <SequencePoint vc="0" uspid="9761" ordinal="19" offset="219" sl="806" sc="13" el="806" ec="14" bec="0" bev="0" fileid="39" />
                <SequencePoint vc="0" uspid="9762" ordinal="20" offset="220" sl="807" sc="17" el="807" ec="30" bec="0" bev="0" fileid="39" />
                <SequencePoint vc="0" uspid="9763" ordinal="21" offset="228" sl="810" sc="13" el="810" ec="51" bec="0" bev="0" fileid="39" />
                <SequencePoint vc="0" uspid="9764" ordinal="22" offset="240" sl="812" sc="13" el="812" ec="58" bec="0" bev="0" fileid="39" />
                <SequencePoint vc="0" uspid="9765" ordinal="23" offset="254" sl="813" sc="13" el="813" ec="78" bec="0" bev="0" fileid="39" />
                <SequencePoint vc="0" uspid="9766" ordinal="24" offset="274" sl="815" sc="13" el="815" ec="52" bec="0" bev="0" fileid="39" />
                <SequencePoint vc="0" uspid="9767" ordinal="25" offset="288" sl="816" sc="13" el="816" ec="75" bec="0" bev="0" fileid="39" />
                <SequencePoint vc="0" uspid="9768" ordinal="26" offset="308" sl="818" sc="13" el="818" ec="101" bec="0" bev="0" fileid="39" />
                <SequencePoint vc="0" uspid="9769" ordinal="27" offset="337" sl="819" sc="13" el="819" ec="77" bec="0" bev="0" fileid="39" />
                <SequencePoint vc="0" uspid="9770" ordinal="28" offset="357" sl="821" sc="13" el="821" ec="50" bec="0" bev="0" fileid="39" />
                <SequencePoint vc="0" uspid="9771" ordinal="29" offset="370" sl="822" sc="13" el="822" ec="81" bec="0" bev="0" fileid="39" />
                <SequencePoint vc="0" uspid="9772" ordinal="30" offset="390" sl="824" sc="13" el="824" ec="51" bec="0" bev="0" fileid="39" />
                <SequencePoint vc="0" uspid="9773" ordinal="31" offset="403" sl="825" sc="13" el="825" ec="85" bec="0" bev="0" fileid="39" />
                <SequencePoint vc="0" uspid="9774" ordinal="32" offset="423" sl="827" sc="13" el="827" ec="51" bec="0" bev="0" fileid="39" />
                <SequencePoint vc="0" uspid="9775" ordinal="33" offset="431" sl="829" sc="13" el="829" ec="37" bec="2" bev="0" fileid="39" />
                <SequencePoint vc="0" uspid="9776" ordinal="34" offset="447" sl="830" sc="13" el="830" ec="14" bec="0" bev="0" fileid="39" />
                <SequencePoint vc="0" uspid="9777" ordinal="35" offset="448" sl="831" sc="17" el="831" ec="30" bec="0" bev="0" fileid="39" />
                <SequencePoint vc="0" uspid="9778" ordinal="36" offset="456" sl="834" sc="13" el="834" ec="104" bec="0" bev="0" fileid="39" />
                <SequencePoint vc="0" uspid="9779" ordinal="37" offset="490" sl="835" sc="13" el="835" ec="97" bec="0" bev="0" fileid="39" />
                <SequencePoint vc="0" uspid="9780" ordinal="38" offset="519" sl="836" sc="13" el="836" ec="101" bec="0" bev="0" fileid="39" />
                <SequencePoint vc="0" uspid="9781" ordinal="39" offset="550" sl="838" sc="13" el="838" ec="49" bec="0" bev="0" fileid="39" />
                <SequencePoint vc="0" uspid="9782" ordinal="40" offset="563" sl="840" sc="13" el="840" ec="39" bec="0" bev="0" fileid="39" />
                <SequencePoint vc="0" uspid="9783" ordinal="41" offset="575" sl="842" sc="13" el="842" ec="31" bec="0" bev="0" fileid="39" />
                <SequencePoint vc="0" uspid="9784" ordinal="42" offset="584" sl="844" sc="13" el="844" ec="25" bec="0" bev="0" fileid="39" />
                <SequencePoint vc="0" uspid="9785" ordinal="43" offset="589" sl="845" sc="9" el="845" ec="10" bec="0" bev="0" fileid="39" />
              </SequencePoints>
              <BranchPoints>
                <BranchPoint vc="0" uspid="9786" ordinal="0" offset="7" sl="776" path="0" offsetend="9" fileid="39" />
                <BranchPoint vc="0" uspid="9787" ordinal="1" offset="7" sl="776" path="1" offsetend="40" fileid="39" />
                <BranchPoint vc="0" uspid="9788" ordinal="2" offset="20" sl="776" path="0" offsetend="22" fileid="39" />
                <BranchPoint vc="0" uspid="9789" ordinal="3" offset="20" sl="776" path="1" offsetend="40" fileid="39" />
                <BranchPoint vc="0" uspid="9790" ordinal="4" offset="45" sl="776" path="0" offsetend="47" fileid="39" />
                <BranchPoint vc="0" uspid="9791" ordinal="5" offset="45" sl="776" path="1" offsetend="56" fileid="39" />
                <BranchPoint vc="0" uspid="9792" ordinal="6" offset="73" sl="783" path="0" offsetend="75" fileid="39" />
                <BranchPoint vc="0" uspid="9793" ordinal="7" offset="73" sl="783" path="1" offsetend="128" fileid="39" />
                <BranchPoint vc="0" uspid="9794" ordinal="8" offset="89" sl="786" path="0" offsetend="91" fileid="39" />
                <BranchPoint vc="0" uspid="9795" ordinal="9" offset="89" sl="786" path="1" offsetend="109" fileid="39" />
                <BranchPoint vc="0" uspid="9796" ordinal="10" offset="114" sl="786" path="0" offsetend="116" fileid="39" />
                <BranchPoint vc="0" uspid="9797" ordinal="11" offset="114" sl="786" path="1" offsetend="125" fileid="39" />
                <BranchPoint vc="0" uspid="9798" ordinal="12" offset="170" sl="797" path="0" offsetend="172" fileid="39" />
                <BranchPoint vc="0" uspid="9799" ordinal="13" offset="170" sl="797" path="1" offsetend="181" fileid="39" />
                <BranchPoint vc="0" uspid="9800" ordinal="14" offset="194" sl="804" path="0" offsetend="196" fileid="39" />
                <BranchPoint vc="0" uspid="9801" ordinal="15" offset="194" sl="804" path="1" offsetend="212" fileid="39" />
                <BranchPoint vc="0" uspid="9802" ordinal="16" offset="217" sl="804" path="0" offsetend="219" fileid="39" />
                <BranchPoint vc="0" uspid="9803" ordinal="17" offset="217" sl="804" path="1" offsetend="228" fileid="39" />
                <BranchPoint vc="0" uspid="9804" ordinal="18" offset="445" sl="829" path="0" offsetend="447" fileid="39" />
                <BranchPoint vc="0" uspid="9805" ordinal="19" offset="445" sl="829" path="1" offsetend="456" fileid="39" />
              </BranchPoints>
              <MethodPoint xsi:type="SequencePoint" vc="0" uspid="9742" ordinal="0" offset="0" sl="774" sc="9" el="774" ec="10" bec="0" bev="0" fileid="39" />
            </Method>
            <Method visited="false" cyclomaticComplexity="11" nPathComplexity="512" sequenceCoverage="0" branchCoverage="0" crapScore="132" isConstructor="false" isStatic="false" isGetter="false" isSetter="false">
              <Summary numSequencePoints="27" visitedSequencePoints="0" numBranchPoints="19" visitedBranchPoints="0" sequenceCoverage="0" branchCoverage="0" maxCyclomaticComplexity="11" minCyclomaticComplexity="11" maxCrapScore="132" minCrapScore="132" visitedClasses="0" numClasses="0" visitedMethods="0" numMethods="1" />
              <MetadataToken>100663760</MetadataToken>
              <Name>System.Boolean ExMat.Compiler.ExCompiler::ProcessForStatement()</Name>
              <FileRef uid="39" />
              <SequencePoints>
                <SequencePoint vc="0" uspid="9806" ordinal="0" offset="0" sl="848" sc="9" el="848" ec="10" bec="0" bev="0" fileid="39" />
                <SequencePoint vc="0" uspid="9807" ordinal="1" offset="1" sl="849" sc="13" el="856" ec="57" bec="8" bev="0" fileid="39" />
                <SequencePoint vc="0" uspid="9808" ordinal="2" offset="84" sl="857" sc="13" el="857" ec="14" bec="0" bev="0" fileid="39" />
                <SequencePoint vc="0" uspid="9809" ordinal="3" offset="85" sl="858" sc="17" el="858" ec="30" bec="0" bev="0" fileid="39" />
                <SequencePoint vc="0" uspid="9810" ordinal="4" offset="93" sl="862" sc="13" el="862" ec="51" bec="0" bev="0" fileid="39" />
                <SequencePoint vc="0" uspid="9811" ordinal="5" offset="101" sl="864" sc="13" el="864" ec="37" bec="2" bev="0" fileid="39" />
                <SequencePoint vc="0" uspid="9812" ordinal="6" offset="117" sl="865" sc="13" el="865" ec="14" bec="0" bev="0" fileid="39" />
                <SequencePoint vc="0" uspid="9813" ordinal="7" offset="118" sl="866" sc="17" el="866" ec="30" bec="0" bev="0" fileid="39" />
                <SequencePoint vc="0" uspid="9814" ordinal="8" offset="126" sl="869" sc="13" el="869" ec="58" bec="0" bev="0" fileid="39" />
                <SequencePoint vc="0" uspid="9815" ordinal="9" offset="139" sl="871" sc="13" el="871" ec="30" bec="2" bev="0" fileid="39" />
                <SequencePoint vc="0" uspid="9816" ordinal="10" offset="150" sl="872" sc="13" el="872" ec="14" bec="0" bev="0" fileid="39" />
                <SequencePoint vc="0" uspid="9817" ordinal="11" offset="151" sl="873" sc="22" el="873" ec="31" bec="0" bev="0" fileid="39" />
                <SequencePoint vc="0" uspid="9818" ordinal="12" offset="156" sl="874" sc="17" el="874" ec="18" bec="0" bev="0" fileid="39" />
                <SequencePoint vc="0" uspid="9819" ordinal="13" offset="157" sl="875" sc="21" el="875" ec="55" bec="0" bev="0" fileid="39" />
                <SequencePoint vc="0" uspid="9820" ordinal="14" offset="177" sl="876" sc="17" el="876" ec="18" bec="0" bev="0" fileid="39" />
                <SequencePoint vc="0" uspid="9821" ordinal="15" offset="178" sl="873" sc="47" el="873" ec="50" bec="0" bev="0" fileid="39" />
                <SequencePoint vc="0" uspid="9822" ordinal="16" offset="184" sl="873" sc="33" el="873" ec="45" bec="0" bev="0" fileid="39" />
                <SequencePoint vc="0" uspid="9823" ordinal="17" offset="196" sl="877" sc="13" el="877" ec="14" bec="0" bev="0" fileid="39" />
                <SequencePoint vc="0" uspid="9824" ordinal="18" offset="197" sl="880" sc="13" el="880" ec="105" bec="0" bev="0" fileid="39" />
                <SequencePoint vc="0" uspid="9825" ordinal="19" offset="230" sl="882" sc="13" el="882" ec="27" bec="2" bev="0" fileid="39" />
                <SequencePoint vc="0" uspid="9826" ordinal="20" offset="240" sl="883" sc="13" el="883" ec="14" bec="0" bev="0" fileid="39" />
                <SequencePoint vc="0" uspid="9827" ordinal="21" offset="241" sl="884" sc="17" el="884" ec="103" bec="0" bev="0" fileid="39" />
                <SequencePoint vc="0" uspid="9828" ordinal="22" offset="268" sl="885" sc="13" el="885" ec="14" bec="0" bev="0" fileid="39" />
                <SequencePoint vc="0" uspid="9829" ordinal="23" offset="269" sl="887" sc="13" el="887" ec="31" bec="0" bev="0" fileid="39" />
                <SequencePoint vc="0" uspid="9830" ordinal="24" offset="278" sl="888" sc="13" el="888" ec="52" bec="0" bev="0" fileid="39" />
                <SequencePoint vc="0" uspid="9831" ordinal="25" offset="289" sl="889" sc="13" el="889" ec="25" bec="0" bev="0" fileid="39" />
                <SequencePoint vc="0" uspid="9832" ordinal="26" offset="294" sl="890" sc="9" el="890" ec="10" bec="0" bev="0" fileid="39" />
              </SequencePoints>
              <BranchPoints>
                <BranchPoint vc="0" uspid="9833" ordinal="0" offset="9" sl="849" path="0" offsetend="11" fileid="39" />
                <BranchPoint vc="0" uspid="9834" ordinal="1" offset="9" sl="849" path="1" offsetend="77" fileid="39" />
                <BranchPoint vc="0" uspid="9835" ordinal="2" offset="22" sl="849" path="0" offsetend="24" fileid="39" />
                <BranchPoint vc="0" uspid="9836" ordinal="3" offset="22" sl="849" path="1" offsetend="77" fileid="39" />
                <BranchPoint vc="0" uspid="9837" ordinal="4" offset="34" sl="849" path="0" offsetend="36" fileid="39" />
                <BranchPoint vc="0" uspid="9838" ordinal="5" offset="34" sl="849" path="1" offsetend="77" fileid="39" />
                <BranchPoint vc="0" uspid="9839" ordinal="6" offset="47" sl="849" path="0" offsetend="49" fileid="39" />
                <BranchPoint vc="0" uspid="9840" ordinal="7" offset="47" sl="849" path="1" offsetend="77" fileid="39" />
                <BranchPoint vc="0" uspid="9841" ordinal="8" offset="59" sl="849" path="0" offsetend="61" fileid="39" />
                <BranchPoint vc="0" uspid="9842" ordinal="9" offset="59" sl="849" path="1" offsetend="77" fileid="39" />
                <BranchPoint vc="0" uspid="9843" ordinal="10" offset="82" sl="849" path="0" offsetend="84" fileid="39" />
                <BranchPoint vc="0" uspid="9844" ordinal="11" offset="82" sl="849" path="1" offsetend="93" fileid="39" />
                <BranchPoint vc="0" uspid="9845" ordinal="12" offset="115" sl="864" path="0" offsetend="117" fileid="39" />
                <BranchPoint vc="0" uspid="9846" ordinal="13" offset="115" sl="864" path="1" offsetend="126" fileid="39" />
                <BranchPoint vc="0" uspid="9847" ordinal="14" offset="148" sl="871" path="0" offsetend="150" fileid="39" />
                <BranchPoint vc="0" uspid="9848" ordinal="15" offset="148" sl="871" path="1" offsetend="197" fileid="39" />
                <BranchPoint vc="0" uspid="9849" ordinal="16" offset="238" sl="882" path="0" offsetend="240" fileid="39" />
                <BranchPoint vc="0" uspid="9850" ordinal="17" offset="238" sl="882" path="1" offsetend="269" fileid="39" />
              </BranchPoints>
              <MethodPoint xsi:type="SequencePoint" vc="0" uspid="9806" ordinal="0" offset="0" sl="848" sc="9" el="848" ec="10" bec="0" bev="0" fileid="39" />
            </Method>
            <Method visited="false" cyclomaticComplexity="4" nPathComplexity="8" sequenceCoverage="0" branchCoverage="0" crapScore="20" isConstructor="false" isStatic="false" isGetter="false" isSetter="false">
              <Summary numSequencePoints="15" visitedSequencePoints="0" numBranchPoints="7" visitedBranchPoints="0" sequenceCoverage="0" branchCoverage="0" maxCyclomaticComplexity="4" minCyclomaticComplexity="4" maxCrapScore="20" minCrapScore="20" visitedClasses="0" numClasses="0" visitedMethods="0" numMethods="1" />
              <MetadataToken>100663761</MetadataToken>
              <Name>System.Boolean ExMat.Compiler.ExCompiler::SequenceAddParamDefVal(ExMat.States.ExFState)</Name>
              <FileRef uid="39" />
              <SequencePoints>
                <SequencePoint vc="0" uspid="9851" ordinal="0" offset="0" sl="893" sc="9" el="893" ec="10" bec="0" bev="0" fileid="39" />
                <SequencePoint vc="0" uspid="9852" ordinal="1" offset="1" sl="894" sc="13" el="894" ec="47" bec="2" bev="0" fileid="39" />
                <SequencePoint vc="0" uspid="9853" ordinal="2" offset="18" sl="895" sc="13" el="895" ec="14" bec="0" bev="0" fileid="39" />
                <SequencePoint vc="0" uspid="9854" ordinal="3" offset="19" sl="896" sc="17" el="896" ec="40" bec="2" bev="0" fileid="39" />
                <SequencePoint vc="0" uspid="9855" ordinal="4" offset="32" sl="897" sc="17" el="897" ec="18" bec="0" bev="0" fileid="39" />
                <SequencePoint vc="0" uspid="9856" ordinal="5" offset="33" sl="898" sc="21" el="898" ec="34" bec="0" bev="0" fileid="39" />
                <SequencePoint vc="0" uspid="9857" ordinal="6" offset="37" sl="901" sc="17" el="901" ec="30" bec="2" bev="0" fileid="39" />
                <SequencePoint vc="0" uspid="9858" ordinal="7" offset="50" sl="902" sc="17" el="902" ec="18" bec="0" bev="0" fileid="39" />
                <SequencePoint vc="0" uspid="9859" ordinal="8" offset="51" sl="903" sc="21" el="903" ec="34" bec="0" bev="0" fileid="39" />
                <SequencePoint vc="0" uspid="9860" ordinal="9" offset="55" sl="906" sc="17" el="906" ec="64" bec="0" bev="0" fileid="39" />
                <SequencePoint vc="0" uspid="9861" ordinal="10" offset="73" sl="907" sc="17" el="907" ec="29" bec="0" bev="0" fileid="39" />
                <SequencePoint vc="0" uspid="9862" ordinal="11" offset="77" sl="910" sc="13" el="910" ec="14" bec="0" bev="0" fileid="39" />
                <SequencePoint vc="0" uspid="9863" ordinal="12" offset="78" sl="911" sc="17" el="911" ec="90" bec="0" bev="0" fileid="39" />
                <SequencePoint vc="0" uspid="9864" ordinal="13" offset="90" sl="912" sc="17" el="912" ec="30" bec="0" bev="0" fileid="39" />
                <SequencePoint vc="0" uspid="9865" ordinal="14" offset="94" sl="914" sc="9" el="914" ec="10" bec="0" bev="0" fileid="39" />
              </SequencePoints>
              <BranchPoints>
                <BranchPoint vc="0" uspid="9866" ordinal="0" offset="16" sl="894" path="0" offsetend="18" fileid="39" />
                <BranchPoint vc="0" uspid="9867" ordinal="1" offset="16" sl="894" path="1" offsetend="77" fileid="39" />
                <BranchPoint vc="0" uspid="9868" ordinal="2" offset="30" sl="896" path="0" offsetend="32" fileid="39" />
                <BranchPoint vc="0" uspid="9869" ordinal="3" offset="30" sl="896" path="1" offsetend="37" fileid="39" />
                <BranchPoint vc="0" uspid="9870" ordinal="4" offset="48" sl="901" path="0" offsetend="50" fileid="39" />
                <BranchPoint vc="0" uspid="9871" ordinal="5" offset="48" sl="901" path="1" offsetend="55" fileid="39" />
              </BranchPoints>
              <MethodPoint xsi:type="SequencePoint" vc="0" uspid="9851" ordinal="0" offset="0" sl="893" sc="9" el="893" ec="10" bec="0" bev="0" fileid="39" />
            </Method>
            <Method visited="false" cyclomaticComplexity="6" nPathComplexity="32" sequenceCoverage="0" branchCoverage="0" crapScore="42" isConstructor="false" isStatic="false" isGetter="false" isSetter="false">
              <Summary numSequencePoints="27" visitedSequencePoints="0" numBranchPoints="11" visitedBranchPoints="0" sequenceCoverage="0" branchCoverage="0" maxCyclomaticComplexity="6" minCyclomaticComplexity="6" maxCrapScore="42" minCrapScore="42" visitedClasses="0" numClasses="0" visitedMethods="0" numMethods="1" />
              <MetadataToken>100663762</MetadataToken>
              <Name>System.Boolean ExMat.Compiler.ExCompiler::SequenceAddParam(ExMat.Objects.ExObject&amp;,System.Int32&amp;,ExMat.States.ExFState,System.Boolean)</Name>
              <FileRef uid="39" />
              <SequencePoints>
                <SequencePoint vc="0" uspid="9872" ordinal="0" offset="0" sl="917" sc="9" el="917" ec="10" bec="0" bev="0" fileid="39" />
                <SequencePoint vc="0" uspid="9873" ordinal="1" offset="1" sl="918" sc="13" el="918" ec="64" bec="2" bev="0" fileid="39" />
                <SequencePoint vc="0" uspid="9874" ordinal="2" offset="24" sl="919" sc="13" el="919" ec="14" bec="0" bev="0" fileid="39" />
                <SequencePoint vc="0" uspid="9875" ordinal="3" offset="25" sl="920" sc="17" el="920" ec="32" bec="2" bev="0" fileid="39" />
                <SequencePoint vc="0" uspid="9876" ordinal="4" offset="34" sl="921" sc="17" el="921" ec="18" bec="0" bev="0" fileid="39" />
                <SequencePoint vc="0" uspid="9877" ordinal="5" offset="35" sl="922" sc="21" el="922" ec="99" bec="0" bev="0" fileid="39" />
                <SequencePoint vc="0" uspid="9878" ordinal="6" offset="47" sl="923" sc="21" el="923" ec="34" bec="0" bev="0" fileid="39" />
                <SequencePoint vc="0" uspid="9879" ordinal="7" offset="51" sl="926" sc="17" el="926" ec="25" bec="2" bev="0" fileid="39" />
                <SequencePoint vc="0" uspid="9880" ordinal="8" offset="59" sl="927" sc="17" el="927" ec="18" bec="0" bev="0" fileid="39" />
                <SequencePoint vc="0" uspid="9881" ordinal="9" offset="60" sl="928" sc="21" el="928" ec="66" bec="0" bev="0" fileid="39" />
                <SequencePoint vc="0" uspid="9882" ordinal="10" offset="72" sl="929" sc="21" el="929" ec="34" bec="0" bev="0" fileid="39" />
                <SequencePoint vc="0" uspid="9883" ordinal="11" offset="76" sl="932" sc="17" el="932" ec="26" bec="0" bev="0" fileid="39" />
                <SequencePoint vc="0" uspid="9884" ordinal="12" offset="82" sl="933" sc="17" el="933" ec="41" bec="0" bev="0" fileid="39" />
                <SequencePoint vc="0" uspid="9885" ordinal="13" offset="91" sl="935" sc="17" el="935" ec="54" bec="2" bev="0" fileid="39" />
                <SequencePoint vc="0" uspid="9886" ordinal="14" offset="107" sl="936" sc="17" el="936" ec="18" bec="0" bev="0" fileid="39" />
                <SequencePoint vc="0" uspid="9887" ordinal="15" offset="108" sl="937" sc="21" el="937" ec="34" bec="0" bev="0" fileid="39" />
                <SequencePoint vc="0" uspid="9888" ordinal="16" offset="112" sl="939" sc="13" el="939" ec="14" bec="0" bev="0" fileid="39" />
                <SequencePoint vc="0" uspid="9889" ordinal="17" offset="115" sl="941" sc="13" el="941" ec="14" bec="0" bev="0" fileid="39" />
                <SequencePoint vc="0" uspid="9890" ordinal="18" offset="116" sl="942" sc="17" el="942" ec="32" bec="2" bev="0" fileid="39" />
                <SequencePoint vc="0" uspid="9891" ordinal="19" offset="127" sl="943" sc="17" el="943" ec="18" bec="0" bev="0" fileid="39" />
                <SequencePoint vc="0" uspid="9892" ordinal="20" offset="128" sl="944" sc="21" el="944" ec="95" bec="0" bev="0" fileid="39" />
                <SequencePoint vc="0" uspid="9893" ordinal="21" offset="140" sl="945" sc="21" el="945" ec="34" bec="0" bev="0" fileid="39" />
                <SequencePoint vc="0" uspid="9894" ordinal="22" offset="144" sl="948" sc="17" el="948" ec="18" bec="0" bev="0" fileid="39" />
                <SequencePoint vc="0" uspid="9895" ordinal="23" offset="145" sl="949" sc="21" el="949" ec="110" bec="0" bev="0" fileid="39" />
                <SequencePoint vc="0" uspid="9896" ordinal="24" offset="157" sl="950" sc="21" el="950" ec="34" bec="0" bev="0" fileid="39" />
                <SequencePoint vc="0" uspid="9897" ordinal="25" offset="161" sl="954" sc="13" el="954" ec="25" bec="0" bev="0" fileid="39" />
                <SequencePoint vc="0" uspid="9898" ordinal="26" offset="165" sl="955" sc="9" el="955" ec="10" bec="0" bev="0" fileid="39" />
              </SequencePoints>
              <BranchPoints>
                <BranchPoint vc="0" uspid="9899" ordinal="0" offset="22" sl="918" path="0" offsetend="24" fileid="39" />
                <BranchPoint vc="0" uspid="9900" ordinal="1" offset="22" sl="918" path="1" offsetend="115" fileid="39" />
                <BranchPoint vc="0" uspid="9901" ordinal="2" offset="32" sl="920" path="0" offsetend="34" fileid="39" />
                <BranchPoint vc="0" uspid="9902" ordinal="3" offset="32" sl="920" path="1" offsetend="51" fileid="39" />
                <BranchPoint vc="0" uspid="9903" ordinal="4" offset="57" sl="926" path="0" offsetend="59" fileid="39" />
                <BranchPoint vc="0" uspid="9904" ordinal="5" offset="57" sl="926" path="1" offsetend="76" fileid="39" />
                <BranchPoint vc="0" uspid="9905" ordinal="6" offset="105" sl="935" path="0" offsetend="107" fileid="39" />
                <BranchPoint vc="0" uspid="9906" ordinal="7" offset="105" sl="935" path="1" offsetend="112" fileid="39" />
                <BranchPoint vc="0" uspid="9907" ordinal="8" offset="125" sl="942" path="0" offsetend="127" fileid="39" />
                <BranchPoint vc="0" uspid="9908" ordinal="9" offset="125" sl="942" path="1" offsetend="144" fileid="39" />
              </BranchPoints>
              <MethodPoint xsi:type="SequencePoint" vc="0" uspid="9872" ordinal="0" offset="0" sl="917" sc="9" el="917" ec="10" bec="0" bev="0" fileid="39" />
            </Method>
            <Method visited="false" cyclomaticComplexity="8" nPathComplexity="128" sequenceCoverage="0" branchCoverage="0" crapScore="72" isConstructor="false" isStatic="false" isGetter="false" isSetter="false">
              <Summary numSequencePoints="37" visitedSequencePoints="0" numBranchPoints="15" visitedBranchPoints="0" sequenceCoverage="0" branchCoverage="0" maxCyclomaticComplexity="8" minCyclomaticComplexity="8" maxCrapScore="72" minCrapScore="72" visitedClasses="0" numClasses="0" visitedMethods="0" numMethods="1" />
              <MetadataToken>100663763</MetadataToken>
              <Name>System.Boolean ExMat.Compiler.ExCompiler::SequenceConstraint(ExMat.Objects.ExObject&amp;,System.Int32&amp;,ExMat.States.ExFState,System.Boolean)</Name>
              <FileRef uid="39" />
              <SequencePoints>
                <SequencePoint vc="0" uspid="9909" ordinal="0" offset="0" sl="958" sc="9" el="958" ec="10" bec="0" bev="0" fileid="39" />
                <SequencePoint vc="0" uspid="9910" ordinal="1" offset="1" sl="959" sc="13" el="959" ec="49" bec="2" bev="0" fileid="39" />
                <SequencePoint vc="0" uspid="9911" ordinal="2" offset="19" sl="960" sc="13" el="960" ec="14" bec="0" bev="0" fileid="39" />
                <SequencePoint vc="0" uspid="9912" ordinal="3" offset="20" sl="961" sc="17" el="961" ec="25" bec="2" bev="0" fileid="39" />
                <SequencePoint vc="0" uspid="9913" ordinal="4" offset="26" sl="962" sc="17" el="962" ec="18" bec="0" bev="0" fileid="39" />
                <SequencePoint vc="0" uspid="9914" ordinal="5" offset="27" sl="963" sc="21" el="963" ec="45" bec="0" bev="0" fileid="39" />
                <SequencePoint vc="0" uspid="9915" ordinal="6" offset="45" sl="964" sc="17" el="964" ec="18" bec="0" bev="0" fileid="39" />
                <SequencePoint vc="0" uspid="9916" ordinal="7" offset="46" sl="966" sc="17" el="966" ec="82" bec="0" bev="0" fileid="39" />
                <SequencePoint vc="0" uspid="9917" ordinal="8" offset="73" sl="967" sc="13" el="967" ec="14" bec="0" bev="0" fileid="39" />
                <SequencePoint vc="0" uspid="9918" ordinal="9" offset="76" sl="968" sc="18" el="968" ec="52" bec="2" bev="0" fileid="39" />
                <SequencePoint vc="0" uspid="9919" ordinal="10" offset="94" sl="969" sc="13" el="969" ec="14" bec="0" bev="0" fileid="39" />
                <SequencePoint vc="0" uspid="9920" ordinal="11" offset="95" sl="970" sc="17" el="970" ec="25" bec="2" bev="0" fileid="39" />
                <SequencePoint vc="0" uspid="9921" ordinal="12" offset="103" sl="971" sc="17" el="971" ec="18" bec="0" bev="0" fileid="39" />
                <SequencePoint vc="0" uspid="9922" ordinal="13" offset="104" sl="972" sc="21" el="972" ec="47" bec="0" bev="0" fileid="39" />
                <SequencePoint vc="0" uspid="9923" ordinal="14" offset="129" sl="973" sc="17" el="973" ec="18" bec="0" bev="0" fileid="39" />
                <SequencePoint vc="0" uspid="9924" ordinal="15" offset="130" sl="975" sc="17" el="975" ec="84" bec="0" bev="0" fileid="39" />
                <SequencePoint vc="0" uspid="9925" ordinal="16" offset="158" sl="976" sc="13" el="976" ec="14" bec="0" bev="0" fileid="39" />
                <SequencePoint vc="0" uspid="9926" ordinal="17" offset="161" sl="978" sc="13" el="978" ec="14" bec="0" bev="0" fileid="39" />
                <SequencePoint vc="0" uspid="9927" ordinal="18" offset="162" sl="979" sc="17" el="979" ec="88" bec="0" bev="0" fileid="39" />
                <SequencePoint vc="0" uspid="9928" ordinal="19" offset="174" sl="980" sc="17" el="980" ec="30" bec="0" bev="0" fileid="39" />
                <SequencePoint vc="0" uspid="9929" ordinal="20" offset="179" sl="982" sc="13" el="982" ec="22" bec="0" bev="0" fileid="39" />
                <SequencePoint vc="0" uspid="9930" ordinal="21" offset="185" sl="983" sc="13" el="983" ec="37" bec="0" bev="0" fileid="39" />
                <SequencePoint vc="0" uspid="9931" ordinal="22" offset="194" sl="985" sc="13" el="985" ec="47" bec="2" bev="0" fileid="39" />
                <SequencePoint vc="0" uspid="9932" ordinal="23" offset="213" sl="986" sc="13" el="986" ec="14" bec="0" bev="0" fileid="39" />
                <SequencePoint vc="0" uspid="9933" ordinal="24" offset="214" sl="987" sc="17" el="987" ec="40" bec="2" bev="0" fileid="39" />
                <SequencePoint vc="0" uspid="9934" ordinal="25" offset="229" sl="988" sc="17" el="988" ec="18" bec="0" bev="0" fileid="39" />
                <SequencePoint vc="0" uspid="9935" ordinal="26" offset="230" sl="989" sc="21" el="989" ec="34" bec="0" bev="0" fileid="39" />
                <SequencePoint vc="0" uspid="9936" ordinal="27" offset="235" sl="992" sc="17" el="992" ec="30" bec="2" bev="0" fileid="39" />
                <SequencePoint vc="0" uspid="9937" ordinal="28" offset="250" sl="993" sc="17" el="993" ec="18" bec="0" bev="0" fileid="39" />
                <SequencePoint vc="0" uspid="9938" ordinal="29" offset="251" sl="994" sc="21" el="994" ec="34" bec="0" bev="0" fileid="39" />
                <SequencePoint vc="0" uspid="9939" ordinal="30" offset="256" sl="997" sc="17" el="997" ec="64" bec="0" bev="0" fileid="39" />
                <SequencePoint vc="0" uspid="9940" ordinal="31" offset="274" sl="998" sc="13" el="998" ec="14" bec="0" bev="0" fileid="39" />
                <SequencePoint vc="0" uspid="9941" ordinal="32" offset="277" sl="1000" sc="13" el="1000" ec="14" bec="0" bev="0" fileid="39" />
                <SequencePoint vc="0" uspid="9942" ordinal="33" offset="278" sl="1001" sc="17" el="1001" ec="76" bec="0" bev="0" fileid="39" />
                <SequencePoint vc="0" uspid="9943" ordinal="34" offset="290" sl="1002" sc="17" el="1002" ec="30" bec="0" bev="0" fileid="39" />
                <SequencePoint vc="0" uspid="9944" ordinal="35" offset="295" sl="1005" sc="13" el="1005" ec="25" bec="0" bev="0" fileid="39" />
                <SequencePoint vc="0" uspid="9945" ordinal="36" offset="300" sl="1006" sc="9" el="1006" ec="10" bec="0" bev="0" fileid="39" />
              </SequencePoints>
              <BranchPoints>
                <BranchPoint vc="0" uspid="9946" ordinal="0" offset="17" sl="959" path="0" offsetend="19" fileid="39" />
                <BranchPoint vc="0" uspid="9947" ordinal="1" offset="17" sl="959" path="1" offsetend="76" fileid="39" />
                <BranchPoint vc="0" uspid="9948" ordinal="2" offset="24" sl="961" path="0" offsetend="26" fileid="39" />
                <BranchPoint vc="0" uspid="9949" ordinal="3" offset="24" sl="961" path="1" offsetend="46" fileid="39" />
                <BranchPoint vc="0" uspid="9950" ordinal="4" offset="92" sl="968" path="0" offsetend="94" fileid="39" />
                <BranchPoint vc="0" uspid="9951" ordinal="5" offset="92" sl="968" path="1" offsetend="161" fileid="39" />
                <BranchPoint vc="0" uspid="9952" ordinal="6" offset="101" sl="970" path="0" offsetend="103" fileid="39" />
                <BranchPoint vc="0" uspid="9953" ordinal="7" offset="101" sl="970" path="1" offsetend="130" fileid="39" />
                <BranchPoint vc="0" uspid="9954" ordinal="8" offset="211" sl="985" path="0" offsetend="213" fileid="39" />
                <BranchPoint vc="0" uspid="9955" ordinal="9" offset="211" sl="985" path="1" offsetend="277" fileid="39" />
                <BranchPoint vc="0" uspid="9956" ordinal="10" offset="227" sl="987" path="0" offsetend="229" fileid="39" />
                <BranchPoint vc="0" uspid="9957" ordinal="11" offset="227" sl="987" path="1" offsetend="235" fileid="39" />
                <BranchPoint vc="0" uspid="9958" ordinal="12" offset="248" sl="992" path="0" offsetend="250" fileid="39" />
                <BranchPoint vc="0" uspid="9959" ordinal="13" offset="248" sl="992" path="1" offsetend="256" fileid="39" />
              </BranchPoints>
              <MethodPoint xsi:type="SequencePoint" vc="0" uspid="9909" ordinal="0" offset="0" sl="958" sc="9" el="958" ec="10" bec="0" bev="0" fileid="39" />
            </Method>
            <Method visited="false" cyclomaticComplexity="8" nPathComplexity="128" sequenceCoverage="0" branchCoverage="0" crapScore="72" isConstructor="false" isStatic="false" isGetter="false" isSetter="false">
              <Summary numSequencePoints="24" visitedSequencePoints="0" numBranchPoints="15" visitedBranchPoints="0" sequenceCoverage="0" branchCoverage="0" maxCyclomaticComplexity="8" minCyclomaticComplexity="8" maxCrapScore="72" minCrapScore="72" visitedClasses="0" numClasses="0" visitedMethods="0" numMethods="1" />
              <MetadataToken>100663764</MetadataToken>
              <Name>System.Boolean ExMat.Compiler.ExCompiler::SequenceInit(System.Int32&amp;,ExMat.States.ExFState,System.Boolean)</Name>
              <FileRef uid="39" />
              <SequencePoints>
                <SequencePoint vc="0" uspid="9960" ordinal="0" offset="0" sl="1009" sc="9" el="1009" ec="10" bec="0" bev="0" fileid="39" />
                <SequencePoint vc="0" uspid="9961" ordinal="1" offset="1" sl="1011" sc="13" el="1012" ec="62" bec="4" bev="0" fileid="39" />
                <SequencePoint vc="0" uspid="9962" ordinal="2" offset="39" sl="1013" sc="13" el="1013" ec="14" bec="0" bev="0" fileid="39" />
                <SequencePoint vc="0" uspid="9963" ordinal="3" offset="40" sl="1014" sc="17" el="1014" ec="76" bec="2" bev="0" fileid="39" />
                <SequencePoint vc="0" uspid="9964" ordinal="4" offset="58" sl="1015" sc="17" el="1015" ec="18" bec="0" bev="0" fileid="39" />
                <SequencePoint vc="0" uspid="9965" ordinal="5" offset="59" sl="1016" sc="21" el="1016" ec="34" bec="0" bev="0" fileid="39" />
                <SequencePoint vc="0" uspid="9966" ordinal="6" offset="63" sl="1018" sc="13" el="1018" ec="14" bec="0" bev="0" fileid="39" />
                <SequencePoint vc="0" uspid="9967" ordinal="7" offset="66" sl="1020" sc="13" el="1020" ec="14" bec="0" bev="0" fileid="39" />
                <SequencePoint vc="0" uspid="9968" ordinal="8" offset="67" sl="1021" sc="17" el="1021" ec="78" bec="2" bev="0" fileid="39" />
                <SequencePoint vc="0" uspid="9969" ordinal="9" offset="87" sl="1022" sc="17" el="1022" ec="18" bec="0" bev="0" fileid="39" />
                <SequencePoint vc="0" uspid="9970" ordinal="10" offset="88" sl="1023" sc="21" el="1023" ec="34" bec="0" bev="0" fileid="39" />
                <SequencePoint vc="0" uspid="9971" ordinal="11" offset="92" sl="1025" sc="13" el="1025" ec="14" bec="0" bev="0" fileid="39" />
                <SequencePoint vc="0" uspid="9972" ordinal="12" offset="93" sl="1027" sc="13" el="1027" ec="47" bec="2" bev="0" fileid="39" />
                <SequencePoint vc="0" uspid="9973" ordinal="13" offset="112" sl="1028" sc="13" el="1028" ec="14" bec="0" bev="0" fileid="39" />
                <SequencePoint vc="0" uspid="9974" ordinal="14" offset="113" sl="1029" sc="17" el="1029" ec="40" bec="2" bev="0" fileid="39" />
                <SequencePoint vc="0" uspid="9975" ordinal="15" offset="128" sl="1030" sc="17" el="1030" ec="18" bec="0" bev="0" fileid="39" />
                <SequencePoint vc="0" uspid="9976" ordinal="16" offset="129" sl="1031" sc="21" el="1031" ec="34" bec="0" bev="0" fileid="39" />
                <SequencePoint vc="0" uspid="9977" ordinal="17" offset="133" sl="1033" sc="13" el="1033" ec="14" bec="0" bev="0" fileid="39" />
                <SequencePoint vc="0" uspid="9978" ordinal="18" offset="136" sl="1034" sc="18" el="1034" ec="59" bec="2" bev="0" fileid="39" />
                <SequencePoint vc="0" uspid="9979" ordinal="19" offset="158" sl="1035" sc="13" el="1035" ec="14" bec="0" bev="0" fileid="39" />
                <SequencePoint vc="0" uspid="9980" ordinal="20" offset="159" sl="1036" sc="17" el="1036" ec="89" bec="0" bev="0" fileid="39" />
                <SequencePoint vc="0" uspid="9981" ordinal="21" offset="171" sl="1037" sc="17" el="1037" ec="30" bec="0" bev="0" fileid="39" />
                <SequencePoint vc="0" uspid="9982" ordinal="22" offset="175" sl="1039" sc="13" el="1039" ec="25" bec="0" bev="0" fileid="39" />
                <SequencePoint vc="0" uspid="9983" ordinal="23" offset="179" sl="1040" sc="9" el="1040" ec="10" bec="0" bev="0" fileid="39" />
              </SequencePoints>
              <BranchPoints>
                <BranchPoint vc="0" uspid="9984" ordinal="0" offset="14" sl="1011" path="0" offsetend="16" fileid="39" />
                <BranchPoint vc="0" uspid="9985" ordinal="1" offset="14" sl="1011" path="1" offsetend="34" fileid="39" />
                <BranchPoint vc="0" uspid="9986" ordinal="2" offset="37" sl="1011" path="0" offsetend="39" fileid="39" />
                <BranchPoint vc="0" uspid="9987" ordinal="3" offset="37" sl="1011" path="1" offsetend="66" fileid="39" />
                <BranchPoint vc="0" uspid="9988" ordinal="4" offset="56" sl="1014" path="0" offsetend="58" fileid="39" />
                <BranchPoint vc="0" uspid="9989" ordinal="5" offset="56" sl="1014" path="1" offsetend="63" fileid="39" />
                <BranchPoint vc="0" uspid="9990" ordinal="6" offset="85" sl="1021" path="0" offsetend="87" fileid="39" />
                <BranchPoint vc="0" uspid="9991" ordinal="7" offset="85" sl="1021" path="1" offsetend="92" fileid="39" />
                <BranchPoint vc="0" uspid="9992" ordinal="8" offset="110" sl="1027" path="0" offsetend="112" fileid="39" />
                <BranchPoint vc="0" uspid="9993" ordinal="9" offset="110" sl="1027" path="1" offsetend="136" fileid="39" />
                <BranchPoint vc="0" uspid="9994" ordinal="10" offset="126" sl="1029" path="0" offsetend="128" fileid="39" />
                <BranchPoint vc="0" uspid="9995" ordinal="11" offset="126" sl="1029" path="1" offsetend="133" fileid="39" />
                <BranchPoint vc="0" uspid="9996" ordinal="12" offset="156" sl="1034" path="0" offsetend="158" fileid="39" />
                <BranchPoint vc="0" uspid="9997" ordinal="13" offset="156" sl="1034" path="1" offsetend="175" fileid="39" />
              </BranchPoints>
              <MethodPoint xsi:type="SequencePoint" vc="0" uspid="9960" ordinal="0" offset="0" sl="1009" sc="9" el="1009" ec="10" bec="0" bev="0" fileid="39" />
            </Method>
            <Method visited="false" cyclomaticComplexity="10" nPathComplexity="64" sequenceCoverage="0" branchCoverage="0" crapScore="110" isConstructor="false" isStatic="false" isGetter="false" isSetter="false">
              <Summary numSequencePoints="46" visitedSequencePoints="0" numBranchPoints="13" visitedBranchPoints="0" sequenceCoverage="0" branchCoverage="0" maxCyclomaticComplexity="10" minCyclomaticComplexity="10" maxCrapScore="110" minCrapScore="110" visitedClasses="0" numClasses="0" visitedMethods="0" numMethods="1" />
              <MetadataToken>100663765</MetadataToken>
              <Name>System.Boolean ExMat.Compiler.ExCompiler::ExSequenceCreate(ExMat.Objects.ExObject)</Name>
              <FileRef uid="39" />
              <SequencePoints>
                <SequencePoint vc="0" uspid="9998" ordinal="0" offset="0" sl="1043" sc="9" el="1043" ec="10" bec="0" bev="0" fileid="39" />
                <SequencePoint vc="0" uspid="9999" ordinal="1" offset="1" sl="1044" sc="13" el="1044" ec="77" bec="0" bev="0" fileid="39" />
                <SequencePoint vc="0" uspid="10000" ordinal="2" offset="24" sl="1045" sc="13" el="1045" ec="30" bec="0" bev="0" fileid="39" />
                <SequencePoint vc="0" uspid="10001" ordinal="3" offset="31" sl="1047" sc="13" el="1047" ec="74" bec="0" bev="0" fileid="39" />
                <SequencePoint vc="0" uspid="10002" ordinal="4" offset="54" sl="1048" sc="13" el="1048" ec="83" bec="0" bev="0" fileid="39" />
                <SequencePoint vc="0" uspid="10003" ordinal="5" offset="77" sl="1050" sc="13" el="1050" ec="42" bec="0" bev="0" fileid="39" />
                <SequencePoint vc="0" uspid="10004" ordinal="6" offset="94" sl="1051" sc="13" el="1051" ec="28" bec="0" bev="0" fileid="39" />
                <SequencePoint vc="0" uspid="10005" ordinal="7" offset="98" sl="1054" sc="13" el="1054" ec="14" bec="0" bev="0" fileid="39" />
                <SequencePoint vc="0" uspid="10006" ordinal="8" offset="99" sl="1055" sc="17" el="1055" ec="34" bec="0" bev="0" fileid="39" />
                <SequencePoint vc="0" uspid="10007" ordinal="9" offset="102" sl="1056" sc="17" el="1056" ec="51" bec="2" bev="0" fileid="39" />
                <SequencePoint vc="0" uspid="10008" ordinal="10" offset="121" sl="1057" sc="17" el="1057" ec="18" bec="0" bev="0" fileid="39" />
                <SequencePoint vc="0" uspid="10009" ordinal="11" offset="122" sl="1058" sc="21" el="1058" ec="44" bec="2" bev="0" fileid="39" />
                <SequencePoint vc="0" uspid="10010" ordinal="12" offset="137" sl="1059" sc="21" el="1059" ec="22" bec="0" bev="0" fileid="39" />
                <SequencePoint vc="0" uspid="10011" ordinal="13" offset="138" sl="1060" sc="25" el="1060" ec="38" bec="0" bev="0" fileid="39" />
                <SequencePoint vc="0" uspid="10012" ordinal="14" offset="146" sl="1062" sc="21" el="1062" ec="32" bec="0" bev="0" fileid="39" />
                <SequencePoint vc="0" uspid="10013" ordinal="15" offset="149" sl="1063" sc="17" el="1063" ec="18" bec="0" bev="0" fileid="39" />
                <SequencePoint vc="0" uspid="10014" ordinal="16" offset="150" sl="1065" sc="17" el="1065" ec="61" bec="2" bev="0" fileid="39" />
                <SequencePoint vc="0" uspid="10015" ordinal="17" offset="170" sl="1066" sc="17" el="1066" ec="18" bec="0" bev="0" fileid="39" />
                <SequencePoint vc="0" uspid="10016" ordinal="18" offset="171" sl="1067" sc="21" el="1067" ec="34" bec="0" bev="0" fileid="39" />
                <SequencePoint vc="0" uspid="10017" ordinal="19" offset="179" sl="1069" sc="13" el="1069" ec="14" bec="0" bev="0" fileid="39" />
                <SequencePoint vc="0" uspid="10018" ordinal="20" offset="180" sl="1053" sc="13" el="1053" ec="57" bec="0" bev="0" fileid="39" />
                <SequencePoint vc="0" uspid="10019" ordinal="21" offset="202" sl="1070" sc="13" el="1070" ec="54" bec="2" bev="0" fileid="39" />
                <SequencePoint vc="0" uspid="10020" ordinal="22" offset="222" sl="1071" sc="13" el="1071" ec="14" bec="0" bev="0" fileid="39" />
                <SequencePoint vc="0" uspid="10021" ordinal="23" offset="223" sl="1072" sc="17" el="1072" ec="30" bec="0" bev="0" fileid="39" />
                <SequencePoint vc="0" uspid="10022" ordinal="24" offset="231" sl="1075" sc="18" el="1075" ec="27" bec="0" bev="0" fileid="39" />
                <SequencePoint vc="0" uspid="10023" ordinal="25" offset="236" sl="1076" sc="13" el="1076" ec="14" bec="0" bev="0" fileid="39" />
                <SequencePoint vc="0" uspid="10024" ordinal="26" offset="237" sl="1077" sc="17" el="1077" ec="43" bec="0" bev="0" fileid="39" />
                <SequencePoint vc="0" uspid="10025" ordinal="27" offset="249" sl="1078" sc="13" el="1078" ec="14" bec="0" bev="0" fileid="39" />
                <SequencePoint vc="0" uspid="10026" ordinal="28" offset="250" sl="1075" sc="41" el="1075" ec="44" bec="0" bev="0" fileid="39" />
                <SequencePoint vc="0" uspid="10027" ordinal="29" offset="256" sl="1075" sc="29" el="1075" ec="39" bec="0" bev="0" fileid="39" />
                <SequencePoint vc="0" uspid="10028" ordinal="30" offset="267" sl="1080" sc="13" el="1080" ec="49" bec="0" bev="0" fileid="39" />
                <SequencePoint vc="0" uspid="10029" ordinal="31" offset="279" sl="1081" sc="13" el="1081" ec="37" bec="0" bev="0" fileid="39" />
                <SequencePoint vc="0" uspid="10030" ordinal="32" offset="286" sl="1083" sc="13" el="1083" ec="26" bec="2" bev="0" fileid="39" />
                <SequencePoint vc="0" uspid="10031" ordinal="33" offset="301" sl="1084" sc="13" el="1084" ec="14" bec="0" bev="0" fileid="39" />
                <SequencePoint vc="0" uspid="10032" ordinal="34" offset="302" sl="1085" sc="17" el="1085" ec="30" bec="0" bev="0" fileid="39" />
                <SequencePoint vc="0" uspid="10033" ordinal="35" offset="310" sl="1087" sc="13" el="1087" ec="90" bec="0" bev="0" fileid="39" />
                <SequencePoint vc="0" uspid="10034" ordinal="36" offset="334" sl="1089" sc="13" el="1089" ec="135" bec="2" bev="0" fileid="39" />
                <SequencePoint vc="0" uspid="10035" ordinal="37" offset="390" sl="1090" sc="13" el="1090" ec="86" bec="0" bev="0" fileid="39" />
                <SequencePoint vc="0" uspid="10036" ordinal="38" offset="408" sl="1091" sc="13" el="1091" ec="42" bec="0" bev="0" fileid="39" />
                <SequencePoint vc="0" uspid="10037" ordinal="39" offset="416" sl="1093" sc="13" el="1093" ec="58" bec="0" bev="0" fileid="39" />
                <SequencePoint vc="0" uspid="10038" ordinal="40" offset="423" sl="1094" sc="13" el="1094" ec="55" bec="0" bev="0" fileid="39" />
                <SequencePoint vc="0" uspid="10039" ordinal="41" offset="430" sl="1096" sc="13" el="1096" ec="33" bec="0" bev="0" fileid="39" />
                <SequencePoint vc="0" uspid="10040" ordinal="42" offset="437" sl="1097" sc="13" el="1097" ec="47" bec="0" bev="0" fileid="39" />
                <SequencePoint vc="0" uspid="10041" ordinal="43" offset="455" sl="1098" sc="13" el="1098" ec="43" bec="0" bev="0" fileid="39" />
                <SequencePoint vc="0" uspid="10042" ordinal="44" offset="467" sl="1100" sc="13" el="1100" ec="25" bec="0" bev="0" fileid="39" />
                <SequencePoint vc="0" uspid="10043" ordinal="45" offset="472" sl="1101" sc="9" el="1101" ec="10" bec="0" bev="0" fileid="39" />
              </SequencePoints>
              <BranchPoints>
                <BranchPoint vc="0" uspid="10044" ordinal="0" offset="119" sl="1056" path="0" offsetend="121" fileid="39" />
                <BranchPoint vc="0" uspid="10045" ordinal="1" offset="119" sl="1056" path="1" offsetend="150" fileid="39" />
                <BranchPoint vc="0" uspid="10046" ordinal="2" offset="135" sl="1058" path="0" offsetend="137" fileid="39" />
                <BranchPoint vc="0" uspid="10047" ordinal="3" offset="135" sl="1058" path="1" offsetend="146" fileid="39" />
                <BranchPoint vc="0" uspid="10048" ordinal="4" offset="168" sl="1065" path="0" offsetend="170" fileid="39" />
                <BranchPoint vc="0" uspid="10049" ordinal="5" offset="168" sl="1065" path="1" offsetend="179" fileid="39" />
                <BranchPoint vc="0" uspid="10050" ordinal="6" offset="220" sl="1070" path="0" offsetend="222" fileid="39" />
                <BranchPoint vc="0" uspid="10051" ordinal="7" offset="220" sl="1070" path="1" offsetend="231" fileid="39" />
                <BranchPoint vc="0" uspid="10052" ordinal="8" offset="299" sl="1083" path="0" offsetend="301" fileid="39" />
                <BranchPoint vc="0" uspid="10053" ordinal="9" offset="299" sl="1083" path="1" offsetend="310" fileid="39" />
                <BranchPoint vc="0" uspid="10054" ordinal="10" offset="351" sl="1089" path="0" offsetend="353" fileid="39" />
                <BranchPoint vc="0" uspid="10055" ordinal="11" offset="351" sl="1089" path="1" offsetend="366" fileid="39" />
              </BranchPoints>
              <MethodPoint xsi:type="SequencePoint" vc="0" uspid="9998" ordinal="0" offset="0" sl="1043" sc="9" el="1043" ec="10" bec="0" bev="0" fileid="39" />
            </Method>
            <Method visited="false" cyclomaticComplexity="5" nPathComplexity="16" sequenceCoverage="0" branchCoverage="0" crapScore="30" isConstructor="false" isStatic="false" isGetter="false" isSetter="false">
              <Summary numSequencePoints="14" visitedSequencePoints="0" numBranchPoints="9" visitedBranchPoints="0" sequenceCoverage="0" branchCoverage="0" maxCyclomaticComplexity="5" minCyclomaticComplexity="5" maxCrapScore="30" minCrapScore="30" visitedClasses="0" numClasses="0" visitedMethods="0" numMethods="1" />
              <MetadataToken>100663766</MetadataToken>
              <Name>System.Boolean ExMat.Compiler.ExCompiler::ProcessSequenceStatement()</Name>
              <FileRef uid="39" />
              <SequencePoints>
                <SequencePoint vc="0" uspid="10056" ordinal="0" offset="0" sl="1104" sc="9" el="1104" ec="10" bec="0" bev="0" fileid="39" />
                <SequencePoint vc="0" uspid="10057" ordinal="1" offset="1" sl="1106" sc="13" el="1106" ec="82" bec="4" bev="0" fileid="39" />
                <SequencePoint vc="0" uspid="10058" ordinal="2" offset="32" sl="1107" sc="13" el="1107" ec="14" bec="0" bev="0" fileid="39" />
                <SequencePoint vc="0" uspid="10059" ordinal="3" offset="33" sl="1108" sc="17" el="1108" ec="30" bec="0" bev="0" fileid="39" />
                <SequencePoint vc="0" uspid="10060" ordinal="4" offset="40" sl="1111" sc="13" el="1111" ec="41" bec="0" bev="0" fileid="39" />
                <SequencePoint vc="0" uspid="10061" ordinal="5" offset="53" sl="1112" sc="13" el="1112" ec="121" bec="0" bev="0" fileid="39" />
                <SequencePoint vc="0" uspid="10062" ordinal="6" offset="93" sl="1114" sc="13" el="1114" ec="77" bec="4" bev="0" fileid="39" />
                <SequencePoint vc="0" uspid="10063" ordinal="7" offset="123" sl="1115" sc="13" el="1115" ec="14" bec="0" bev="0" fileid="39" />
                <SequencePoint vc="0" uspid="10064" ordinal="8" offset="124" sl="1116" sc="17" el="1116" ec="30" bec="0" bev="0" fileid="39" />
                <SequencePoint vc="0" uspid="10065" ordinal="9" offset="128" sl="1119" sc="13" el="1119" ec="130" bec="0" bev="0" fileid="39" />
                <SequencePoint vc="0" uspid="10066" ordinal="10" offset="175" sl="1121" sc="13" el="1121" ec="57" bec="0" bev="0" fileid="39" />
                <SequencePoint vc="0" uspid="10067" ordinal="11" offset="184" sl="1123" sc="13" el="1123" ec="39" bec="0" bev="0" fileid="39" />
                <SequencePoint vc="0" uspid="10068" ordinal="12" offset="196" sl="1125" sc="13" el="1125" ec="25" bec="0" bev="0" fileid="39" />
                <SequencePoint vc="0" uspid="10069" ordinal="13" offset="200" sl="1126" sc="9" el="1126" ec="10" bec="0" bev="0" fileid="39" />
              </SequencePoints>
              <BranchPoints>
                <BranchPoint vc="0" uspid="10070" ordinal="0" offset="7" sl="1106" path="0" offsetend="9" fileid="39" />
                <BranchPoint vc="0" uspid="10071" ordinal="1" offset="7" sl="1106" path="1" offsetend="27" fileid="39" />
                <BranchPoint vc="0" uspid="10072" ordinal="2" offset="30" sl="1106" path="0" offsetend="32" fileid="39" />
                <BranchPoint vc="0" uspid="10073" ordinal="3" offset="30" sl="1106" path="1" offsetend="40" fileid="39" />
                <BranchPoint vc="0" uspid="10074" ordinal="4" offset="104" sl="1114" path="0" offsetend="106" fileid="39" />
                <BranchPoint vc="0" uspid="10075" ordinal="5" offset="104" sl="1114" path="1" offsetend="118" fileid="39" />
                <BranchPoint vc="0" uspid="10076" ordinal="6" offset="121" sl="1114" path="0" offsetend="123" fileid="39" />
                <BranchPoint vc="0" uspid="10077" ordinal="7" offset="121" sl="1114" path="1" offsetend="128" fileid="39" />
              </BranchPoints>
              <MethodPoint xsi:type="SequencePoint" vc="0" uspid="10056" ordinal="0" offset="0" sl="1104" sc="9" el="1104" ec="10" bec="0" bev="0" fileid="39" />
            </Method>
            <Method visited="false" cyclomaticComplexity="5" nPathComplexity="16" sequenceCoverage="0" branchCoverage="0" crapScore="30" isConstructor="false" isStatic="false" isGetter="false" isSetter="false">
              <Summary numSequencePoints="14" visitedSequencePoints="0" numBranchPoints="9" visitedBranchPoints="0" sequenceCoverage="0" branchCoverage="0" maxCyclomaticComplexity="5" minCyclomaticComplexity="5" maxCrapScore="30" minCrapScore="30" visitedClasses="0" numClasses="0" visitedMethods="0" numMethods="1" />
              <MetadataToken>100663767</MetadataToken>
              <Name>System.Boolean ExMat.Compiler.ExCompiler::ProcessClusterAsgStatement()</Name>
              <FileRef uid="39" />
              <SequencePoints>
                <SequencePoint vc="0" uspid="10078" ordinal="0" offset="0" sl="1129" sc="9" el="1129" ec="10" bec="0" bev="0" fileid="39" />
                <SequencePoint vc="0" uspid="10079" ordinal="1" offset="1" sl="1131" sc="13" el="1131" ec="82" bec="4" bev="0" fileid="39" />
                <SequencePoint vc="0" uspid="10080" ordinal="2" offset="32" sl="1132" sc="13" el="1132" ec="14" bec="0" bev="0" fileid="39" />
                <SequencePoint vc="0" uspid="10081" ordinal="3" offset="33" sl="1133" sc="17" el="1133" ec="30" bec="0" bev="0" fileid="39" />
                <SequencePoint vc="0" uspid="10082" ordinal="4" offset="40" sl="1136" sc="13" el="1136" ec="41" bec="0" bev="0" fileid="39" />
                <SequencePoint vc="0" uspid="10083" ordinal="5" offset="53" sl="1137" sc="13" el="1137" ec="121" bec="0" bev="0" fileid="39" />
                <SequencePoint vc="0" uspid="10084" ordinal="6" offset="93" sl="1139" sc="13" el="1139" ec="76" bec="4" bev="0" fileid="39" />
                <SequencePoint vc="0" uspid="10085" ordinal="7" offset="123" sl="1140" sc="13" el="1140" ec="14" bec="0" bev="0" fileid="39" />
                <SequencePoint vc="0" uspid="10086" ordinal="8" offset="124" sl="1141" sc="17" el="1141" ec="30" bec="0" bev="0" fileid="39" />
                <SequencePoint vc="0" uspid="10087" ordinal="9" offset="128" sl="1144" sc="13" el="1144" ec="130" bec="0" bev="0" fileid="39" />
                <SequencePoint vc="0" uspid="10088" ordinal="10" offset="175" sl="1146" sc="13" el="1146" ec="57" bec="0" bev="0" fileid="39" />
                <SequencePoint vc="0" uspid="10089" ordinal="11" offset="184" sl="1148" sc="13" el="1148" ec="39" bec="0" bev="0" fileid="39" />
                <SequencePoint vc="0" uspid="10090" ordinal="12" offset="196" sl="1150" sc="13" el="1150" ec="25" bec="0" bev="0" fileid="39" />
                <SequencePoint vc="0" uspid="10091" ordinal="13" offset="200" sl="1151" sc="9" el="1151" ec="10" bec="0" bev="0" fileid="39" />
              </SequencePoints>
              <BranchPoints>
                <BranchPoint vc="0" uspid="10092" ordinal="0" offset="7" sl="1131" path="0" offsetend="9" fileid="39" />
                <BranchPoint vc="0" uspid="10093" ordinal="1" offset="7" sl="1131" path="1" offsetend="27" fileid="39" />
                <BranchPoint vc="0" uspid="10094" ordinal="2" offset="30" sl="1131" path="0" offsetend="32" fileid="39" />
                <BranchPoint vc="0" uspid="10095" ordinal="3" offset="30" sl="1131" path="1" offsetend="40" fileid="39" />
                <BranchPoint vc="0" uspid="10096" ordinal="4" offset="104" sl="1139" path="0" offsetend="106" fileid="39" />
                <BranchPoint vc="0" uspid="10097" ordinal="5" offset="104" sl="1139" path="1" offsetend="118" fileid="39" />
                <BranchPoint vc="0" uspid="10098" ordinal="6" offset="121" sl="1139" path="0" offsetend="123" fileid="39" />
                <BranchPoint vc="0" uspid="10099" ordinal="7" offset="121" sl="1139" path="1" offsetend="128" fileid="39" />
              </BranchPoints>
              <MethodPoint xsi:type="SequencePoint" vc="0" uspid="10078" ordinal="0" offset="0" sl="1129" sc="9" el="1129" ec="10" bec="0" bev="0" fileid="39" />
            </Method>
            <Method visited="false" cyclomaticComplexity="7" nPathComplexity="64" sequenceCoverage="0" branchCoverage="0" crapScore="56" isConstructor="false" isStatic="false" isGetter="false" isSetter="false">
              <Summary numSequencePoints="30" visitedSequencePoints="0" numBranchPoints="13" visitedBranchPoints="0" sequenceCoverage="0" branchCoverage="0" maxCyclomaticComplexity="7" minCyclomaticComplexity="7" maxCrapScore="56" minCrapScore="56" visitedClasses="0" numClasses="0" visitedMethods="0" numMethods="1" />
              <MetadataToken>100663768</MetadataToken>
              <Name>System.Boolean ExMat.Compiler.ExCompiler::ClusterInit(System.Int32&amp;,ExMat.States.ExFState)</Name>
              <FileRef uid="39" />
              <SequencePoints>
                <SequencePoint vc="0" uspid="10100" ordinal="0" offset="0" sl="1154" sc="9" el="1154" ec="10" bec="0" bev="0" fileid="39" />
                <SequencePoint vc="0" uspid="10101" ordinal="1" offset="1" sl="1156" sc="13" el="1156" ec="64" bec="2" bev="0" fileid="39" />
                <SequencePoint vc="0" uspid="10102" ordinal="2" offset="21" sl="1157" sc="13" el="1157" ec="14" bec="0" bev="0" fileid="39" />
                <SequencePoint vc="0" uspid="10103" ordinal="3" offset="22" sl="1158" sc="17" el="1158" ec="30" bec="0" bev="0" fileid="39" />
                <SequencePoint vc="0" uspid="10104" ordinal="4" offset="29" sl="1161" sc="13" el="1161" ec="22" bec="0" bev="0" fileid="39" />
                <SequencePoint vc="0" uspid="10105" ordinal="5" offset="35" sl="1162" sc="13" el="1162" ec="37" bec="0" bev="0" fileid="39" />
                <SequencePoint vc="0" uspid="10106" ordinal="6" offset="43" sl="1164" sc="13" el="1164" ec="46" bec="2" bev="0" fileid="39" />
                <SequencePoint vc="0" uspid="10107" ordinal="7" offset="63" sl="1165" sc="13" el="1165" ec="14" bec="0" bev="0" fileid="39" />
                <SequencePoint vc="0" uspid="10108" ordinal="8" offset="64" sl="1166" sc="17" el="1166" ec="40" bec="2" bev="0" fileid="39" />
                <SequencePoint vc="0" uspid="10109" ordinal="9" offset="79" sl="1167" sc="17" el="1167" ec="18" bec="0" bev="0" fileid="39" />
                <SequencePoint vc="0" uspid="10110" ordinal="10" offset="80" sl="1168" sc="21" el="1168" ec="34" bec="0" bev="0" fileid="39" />
                <SequencePoint vc="0" uspid="10111" ordinal="11" offset="87" sl="1171" sc="17" el="1171" ec="53" bec="2" bev="0" fileid="39" />
                <SequencePoint vc="0" uspid="10112" ordinal="12" offset="109" sl="1172" sc="17" el="1172" ec="18" bec="0" bev="0" fileid="39" />
                <SequencePoint vc="0" uspid="10113" ordinal="13" offset="110" sl="1173" sc="21" el="1173" ec="34" bec="2" bev="0" fileid="39" />
                <SequencePoint vc="0" uspid="10114" ordinal="14" offset="125" sl="1174" sc="21" el="1174" ec="22" bec="0" bev="0" fileid="39" />
                <SequencePoint vc="0" uspid="10115" ordinal="15" offset="126" sl="1175" sc="25" el="1175" ec="38" bec="0" bev="0" fileid="39" />
                <SequencePoint vc="0" uspid="10116" ordinal="16" offset="130" sl="1177" sc="17" el="1177" ec="18" bec="0" bev="0" fileid="39" />
                <SequencePoint vc="0" uspid="10117" ordinal="17" offset="133" sl="1179" sc="17" el="1179" ec="18" bec="0" bev="0" fileid="39" />
                <SequencePoint vc="0" uspid="10118" ordinal="18" offset="134" sl="1180" sc="21" el="1180" ec="64" bec="0" bev="0" fileid="39" />
                <SequencePoint vc="0" uspid="10119" ordinal="19" offset="153" sl="1181" sc="21" el="1181" ec="44" bec="2" bev="0" fileid="39" />
                <SequencePoint vc="0" uspid="10120" ordinal="20" offset="168" sl="1182" sc="21" el="1182" ec="22" bec="0" bev="0" fileid="39" />
                <SequencePoint vc="0" uspid="10121" ordinal="21" offset="169" sl="1183" sc="25" el="1183" ec="38" bec="0" bev="0" fileid="39" />
                <SequencePoint vc="0" uspid="10122" ordinal="22" offset="173" sl="1185" sc="17" el="1185" ec="18" bec="0" bev="0" fileid="39" />
                <SequencePoint vc="0" uspid="10123" ordinal="23" offset="174" sl="1187" sc="17" el="1187" ec="64" bec="0" bev="0" fileid="39" />
                <SequencePoint vc="0" uspid="10124" ordinal="24" offset="192" sl="1188" sc="13" el="1188" ec="14" bec="0" bev="0" fileid="39" />
                <SequencePoint vc="0" uspid="10125" ordinal="25" offset="195" sl="1190" sc="13" el="1190" ec="14" bec="0" bev="0" fileid="39" />
                <SequencePoint vc="0" uspid="10126" ordinal="26" offset="196" sl="1191" sc="17" el="1191" ec="75" bec="0" bev="0" fileid="39" />
                <SequencePoint vc="0" uspid="10127" ordinal="27" offset="208" sl="1192" sc="17" el="1192" ec="30" bec="0" bev="0" fileid="39" />
                <SequencePoint vc="0" uspid="10128" ordinal="28" offset="212" sl="1195" sc="13" el="1195" ec="37" bec="0" bev="0" fileid="39" />
                <SequencePoint vc="0" uspid="10129" ordinal="29" offset="221" sl="1196" sc="9" el="1196" ec="10" bec="0" bev="0" fileid="39" />
              </SequencePoints>
              <BranchPoints>
                <BranchPoint vc="0" uspid="10130" ordinal="0" offset="19" sl="1156" path="0" offsetend="21" fileid="39" />
                <BranchPoint vc="0" uspid="10131" ordinal="1" offset="19" sl="1156" path="1" offsetend="29" fileid="39" />
                <BranchPoint vc="0" uspid="10132" ordinal="2" offset="58" sl="1164" path="0" offsetend="63" fileid="39" />
                <BranchPoint vc="0" uspid="10133" ordinal="3" offset="58" sl="1164" path="1" offsetend="195" fileid="39" />
                <BranchPoint vc="0" uspid="10134" ordinal="4" offset="77" sl="1166" path="0" offsetend="79" fileid="39" />
                <BranchPoint vc="0" uspid="10135" ordinal="5" offset="77" sl="1166" path="1" offsetend="87" fileid="39" />
                <BranchPoint vc="0" uspid="10136" ordinal="6" offset="107" sl="1171" path="0" offsetend="109" fileid="39" />
                <BranchPoint vc="0" uspid="10137" ordinal="7" offset="107" sl="1171" path="1" offsetend="133" fileid="39" />
                <BranchPoint vc="0" uspid="10138" ordinal="8" offset="123" sl="1173" path="0" offsetend="125" fileid="39" />
                <BranchPoint vc="0" uspid="10139" ordinal="9" offset="123" sl="1173" path="1" offsetend="130" fileid="39" />
                <BranchPoint vc="0" uspid="10140" ordinal="10" offset="166" sl="1181" path="0" offsetend="168" fileid="39" />
                <BranchPoint vc="0" uspid="10141" ordinal="11" offset="166" sl="1181" path="1" offsetend="173" fileid="39" />
              </BranchPoints>
              <MethodPoint xsi:type="SequencePoint" vc="0" uspid="10100" ordinal="0" offset="0" sl="1154" sc="9" el="1154" ec="10" bec="0" bev="0" fileid="39" />
            </Method>
            <Method visited="false" cyclomaticComplexity="5" nPathComplexity="16" sequenceCoverage="0" branchCoverage="0" crapScore="30" isConstructor="false" isStatic="false" isGetter="false" isSetter="false">
              <Summary numSequencePoints="13" visitedSequencePoints="0" numBranchPoints="9" visitedBranchPoints="0" sequenceCoverage="0" branchCoverage="0" maxCyclomaticComplexity="5" minCyclomaticComplexity="5" maxCrapScore="30" minCrapScore="30" visitedClasses="0" numClasses="0" visitedMethods="0" numMethods="1" />
              <MetadataToken>100663769</MetadataToken>
              <Name>System.Boolean ExMat.Compiler.ExCompiler::ClusterInitSep()</Name>
              <FileRef uid="39" />
              <SequencePoints>
                <SequencePoint vc="0" uspid="10142" ordinal="0" offset="0" sl="1199" sc="9" el="1199" ec="10" bec="0" bev="0" fileid="39" />
                <SequencePoint vc="0" uspid="10143" ordinal="1" offset="1" sl="1200" sc="13" el="1200" ec="47" bec="2" bev="0" fileid="39" />
                <SequencePoint vc="0" uspid="10144" ordinal="2" offset="18" sl="1201" sc="13" el="1201" ec="14" bec="0" bev="0" fileid="39" />
                <SequencePoint vc="0" uspid="10145" ordinal="3" offset="19" sl="1202" sc="17" el="1202" ec="40" bec="2" bev="0" fileid="39" />
                <SequencePoint vc="0" uspid="10146" ordinal="4" offset="32" sl="1203" sc="17" el="1203" ec="18" bec="0" bev="0" fileid="39" />
                <SequencePoint vc="0" uspid="10147" ordinal="5" offset="33" sl="1204" sc="21" el="1204" ec="34" bec="0" bev="0" fileid="39" />
                <SequencePoint vc="0" uspid="10148" ordinal="6" offset="37" sl="1206" sc="13" el="1206" ec="14" bec="0" bev="0" fileid="39" />
                <SequencePoint vc="0" uspid="10149" ordinal="7" offset="40" sl="1207" sc="18" el="1207" ec="85" bec="4" bev="0" fileid="39" />
                <SequencePoint vc="0" uspid="10150" ordinal="8" offset="76" sl="1208" sc="13" el="1208" ec="14" bec="0" bev="0" fileid="39" />
                <SequencePoint vc="0" uspid="10151" ordinal="9" offset="77" sl="1209" sc="17" el="1209" ec="90" bec="0" bev="0" fileid="39" />
                <SequencePoint vc="0" uspid="10152" ordinal="10" offset="89" sl="1210" sc="17" el="1210" ec="30" bec="0" bev="0" fileid="39" />
                <SequencePoint vc="0" uspid="10153" ordinal="11" offset="93" sl="1213" sc="13" el="1213" ec="25" bec="0" bev="0" fileid="39" />
                <SequencePoint vc="0" uspid="10154" ordinal="12" offset="97" sl="1214" sc="9" el="1214" ec="10" bec="0" bev="0" fileid="39" />
              </SequencePoints>
              <BranchPoints>
                <BranchPoint vc="0" uspid="10155" ordinal="0" offset="16" sl="1200" path="0" offsetend="18" fileid="39" />
                <BranchPoint vc="0" uspid="10156" ordinal="1" offset="16" sl="1200" path="1" offsetend="40" fileid="39" />
                <BranchPoint vc="0" uspid="10157" ordinal="2" offset="30" sl="1202" path="0" offsetend="32" fileid="39" />
                <BranchPoint vc="0" uspid="10158" ordinal="3" offset="30" sl="1202" path="1" offsetend="37" fileid="39" />
                <BranchPoint vc="0" uspid="10159" ordinal="4" offset="55" sl="1207" path="0" offsetend="57" fileid="39" />
                <BranchPoint vc="0" uspid="10160" ordinal="5" offset="55" sl="1207" path="1" offsetend="71" fileid="39" />
                <BranchPoint vc="0" uspid="10161" ordinal="6" offset="74" sl="1207" path="0" offsetend="76" fileid="39" />
                <BranchPoint vc="0" uspid="10162" ordinal="7" offset="74" sl="1207" path="1" offsetend="93" fileid="39" />
              </BranchPoints>
              <MethodPoint xsi:type="SequencePoint" vc="0" uspid="10142" ordinal="0" offset="0" sl="1199" sc="9" el="1199" ec="10" bec="0" bev="0" fileid="39" />
            </Method>
            <Method visited="false" cyclomaticComplexity="4" nPathComplexity="8" sequenceCoverage="0" branchCoverage="0" crapScore="20" isConstructor="false" isStatic="false" isGetter="false" isSetter="false">
              <Summary numSequencePoints="12" visitedSequencePoints="0" numBranchPoints="7" visitedBranchPoints="0" sequenceCoverage="0" branchCoverage="0" maxCyclomaticComplexity="4" minCyclomaticComplexity="4" maxCrapScore="20" minCrapScore="20" visitedClasses="0" numClasses="0" visitedMethods="0" numMethods="1" />
              <MetadataToken>100663770</MetadataToken>
              <Name>System.Boolean ExMat.Compiler.ExCompiler::ClusterElementDef()</Name>
              <FileRef uid="39" />
              <SequencePoints>
                <SequencePoint vc="0" uspid="10163" ordinal="0" offset="0" sl="1217" sc="9" el="1217" ec="10" bec="0" bev="0" fileid="39" />
                <SequencePoint vc="0" uspid="10164" ordinal="1" offset="1" sl="1218" sc="13" el="1218" ec="54" bec="2" bev="0" fileid="39" />
                <SequencePoint vc="0" uspid="10165" ordinal="2" offset="18" sl="1219" sc="13" el="1219" ec="14" bec="0" bev="0" fileid="39" />
                <SequencePoint vc="0" uspid="10166" ordinal="3" offset="19" sl="1220" sc="17" el="1220" ec="122" bec="0" bev="0" fileid="39" />
                <SequencePoint vc="0" uspid="10167" ordinal="4" offset="31" sl="1221" sc="17" el="1221" ec="30" bec="0" bev="0" fileid="39" />
                <SequencePoint vc="0" uspid="10168" ordinal="5" offset="35" sl="1224" sc="13" el="1224" ec="14" bec="0" bev="0" fileid="39" />
                <SequencePoint vc="0" uspid="10169" ordinal="6" offset="36" sl="1225" sc="17" el="1225" ec="30" bec="2" bev="0" fileid="39" />
                <SequencePoint vc="0" uspid="10170" ordinal="7" offset="49" sl="1226" sc="17" el="1226" ec="18" bec="0" bev="0" fileid="39" />
                <SequencePoint vc="0" uspid="10171" ordinal="8" offset="50" sl="1227" sc="21" el="1227" ec="34" bec="0" bev="0" fileid="39" />
                <SequencePoint vc="0" uspid="10172" ordinal="9" offset="54" sl="1229" sc="13" el="1229" ec="14" bec="0" bev="0" fileid="39" />
                <SequencePoint vc="0" uspid="10173" ordinal="10" offset="55" sl="1231" sc="13" el="1232" ec="85" bec="2" bev="0" fileid="39" />
                <SequencePoint vc="0" uspid="10174" ordinal="11" offset="85" sl="1233" sc="9" el="1233" ec="10" bec="0" bev="0" fileid="39" />
              </SequencePoints>
              <BranchPoints>
                <BranchPoint vc="0" uspid="10175" ordinal="0" offset="16" sl="1218" path="0" offsetend="18" fileid="39" />
                <BranchPoint vc="0" uspid="10176" ordinal="1" offset="16" sl="1218" path="1" offsetend="35" fileid="39" />
                <BranchPoint vc="0" uspid="10177" ordinal="2" offset="47" sl="1225" path="0" offsetend="49" fileid="39" />
                <BranchPoint vc="0" uspid="10178" ordinal="3" offset="47" sl="1225" path="1" offsetend="54" fileid="39" />
                <BranchPoint vc="0" uspid="10179" ordinal="4" offset="66" sl="1231" path="0" offsetend="68" fileid="39" />
                <BranchPoint vc="0" uspid="10180" ordinal="5" offset="66" sl="1231" path="1" offsetend="81" fileid="39" />
              </BranchPoints>
              <MethodPoint xsi:type="SequencePoint" vc="0" uspid="10163" ordinal="0" offset="0" sl="1217" sc="9" el="1217" ec="10" bec="0" bev="0" fileid="39" />
            </Method>
            <Method visited="false" cyclomaticComplexity="14" nPathComplexity="1024" sequenceCoverage="0" branchCoverage="0" crapScore="210" isConstructor="false" isStatic="false" isGetter="false" isSetter="false">
              <Summary numSequencePoints="67" visitedSequencePoints="0" numBranchPoints="21" visitedBranchPoints="0" sequenceCoverage="0" branchCoverage="0" maxCyclomaticComplexity="14" minCyclomaticComplexity="14" maxCrapScore="210" minCrapScore="210" visitedClasses="0" numClasses="0" visitedMethods="0" numMethods="1" />
              <MetadataToken>100663771</MetadataToken>
              <Name>System.Boolean ExMat.Compiler.ExCompiler::ExClusterCreate(ExMat.Objects.ExObject)</Name>
              <FileRef uid="39" />
              <SequencePoints>
                <SequencePoint vc="0" uspid="10181" ordinal="0" offset="0" sl="1236" sc="9" el="1236" ec="10" bec="0" bev="0" fileid="39" />
                <SequencePoint vc="0" uspid="10182" ordinal="1" offset="1" sl="1237" sc="13" el="1237" ec="77" bec="0" bev="0" fileid="39" />
                <SequencePoint vc="0" uspid="10183" ordinal="2" offset="24" sl="1238" sc="13" el="1238" ec="30" bec="0" bev="0" fileid="39" />
                <SequencePoint vc="0" uspid="10184" ordinal="3" offset="31" sl="1240" sc="13" el="1240" ec="74" bec="0" bev="0" fileid="39" />
                <SequencePoint vc="0" uspid="10185" ordinal="4" offset="54" sl="1241" sc="13" el="1241" ec="42" bec="0" bev="0" fileid="39" />
                <SequencePoint vc="0" uspid="10186" ordinal="5" offset="71" sl="1242" sc="13" el="1242" ec="28" bec="0" bev="0" fileid="39" />
                <SequencePoint vc="0" uspid="10187" ordinal="6" offset="75" sl="1245" sc="13" el="1245" ec="14" bec="0" bev="0" fileid="39" />
                <SequencePoint vc="0" uspid="10188" ordinal="7" offset="76" sl="1246" sc="17" el="1246" ec="55" bec="2" bev="0" fileid="39" />
                <SequencePoint vc="0" uspid="10189" ordinal="8" offset="94" sl="1247" sc="17" el="1247" ec="18" bec="0" bev="0" fileid="39" />
                <SequencePoint vc="0" uspid="10190" ordinal="9" offset="95" sl="1248" sc="21" el="1248" ec="34" bec="0" bev="0" fileid="39" />
                <SequencePoint vc="0" uspid="10191" ordinal="10" offset="103" sl="1250" sc="13" el="1250" ec="14" bec="0" bev="0" fileid="39" />
                <SequencePoint vc="0" uspid="10192" ordinal="11" offset="104" sl="1244" sc="13" el="1244" ec="50" bec="0" bev="0" fileid="39" />
                <SequencePoint vc="0" uspid="10193" ordinal="12" offset="126" sl="1252" sc="13" el="1252" ec="36" bec="2" bev="0" fileid="39" />
                <SequencePoint vc="0" uspid="10194" ordinal="13" offset="141" sl="1253" sc="13" el="1253" ec="14" bec="0" bev="0" fileid="39" />
                <SequencePoint vc="0" uspid="10195" ordinal="14" offset="142" sl="1254" sc="17" el="1254" ec="30" bec="0" bev="0" fileid="39" />
                <SequencePoint vc="0" uspid="10196" ordinal="15" offset="150" sl="1257" sc="18" el="1257" ec="27" bec="0" bev="0" fileid="39" />
                <SequencePoint vc="0" uspid="10197" ordinal="16" offset="155" sl="1258" sc="13" el="1258" ec="14" bec="0" bev="0" fileid="39" />
                <SequencePoint vc="0" uspid="10198" ordinal="17" offset="156" sl="1259" sc="17" el="1259" ec="43" bec="0" bev="0" fileid="39" />
                <SequencePoint vc="0" uspid="10199" ordinal="18" offset="168" sl="1260" sc="13" el="1260" ec="14" bec="0" bev="0" fileid="39" />
                <SequencePoint vc="0" uspid="10200" ordinal="19" offset="169" sl="1257" sc="41" el="1257" ec="44" bec="0" bev="0" fileid="39" />
                <SequencePoint vc="0" uspid="10201" ordinal="20" offset="175" sl="1257" sc="29" el="1257" ec="39" bec="0" bev="0" fileid="39" />
                <SequencePoint vc="0" uspid="10202" ordinal="21" offset="186" sl="1262" sc="13" el="1262" ec="49" bec="0" bev="0" fileid="39" />
                <SequencePoint vc="0" uspid="10203" ordinal="22" offset="198" sl="1263" sc="13" el="1263" ec="37" bec="0" bev="0" fileid="39" />
                <SequencePoint vc="0" uspid="10204" ordinal="23" offset="205" sl="1265" sc="13" el="1265" ec="38" bec="2" bev="0" fileid="39" />
                <SequencePoint vc="0" uspid="10205" ordinal="24" offset="220" sl="1266" sc="13" el="1266" ec="14" bec="0" bev="0" fileid="39" />
                <SequencePoint vc="0" uspid="10206" ordinal="25" offset="221" sl="1267" sc="17" el="1267" ec="30" bec="0" bev="0" fileid="39" />
                <SequencePoint vc="0" uspid="10207" ordinal="26" offset="229" sl="1271" sc="13" el="1271" ec="92" bec="0" bev="0" fileid="39" />
                <SequencePoint vc="0" uspid="10208" ordinal="27" offset="258" sl="1273" sc="13" el="1273" ec="50" bec="0" bev="0" fileid="39" />
                <SequencePoint vc="0" uspid="10209" ordinal="28" offset="270" sl="1274" sc="13" el="1274" ec="48" bec="0" bev="0" fileid="39" />
                <SequencePoint vc="0" uspid="10210" ordinal="29" offset="284" sl="1276" sc="13" el="1276" ec="48" bec="4" bev="0" fileid="39" />
                <SequencePoint vc="0" uspid="10211" ordinal="30" offset="310" sl="1277" sc="13" el="1277" ec="14" bec="0" bev="0" fileid="39" />
                <SequencePoint vc="0" uspid="10212" ordinal="31" offset="311" sl="1278" sc="17" el="1278" ec="30" bec="0" bev="0" fileid="39" />
                <SequencePoint vc="0" uspid="10213" ordinal="32" offset="319" sl="1281" sc="13" el="1281" ec="47" bec="0" bev="0" fileid="39" />
                <SequencePoint vc="0" uspid="10214" ordinal="33" offset="332" sl="1282" sc="13" el="1282" ec="24" bec="2" bev="0" fileid="39" />
                <SequencePoint vc="0" uspid="10215" ordinal="34" offset="347" sl="1283" sc="13" el="1283" ec="14" bec="0" bev="0" fileid="39" />
                <SequencePoint vc="0" uspid="10216" ordinal="35" offset="348" sl="1284" sc="17" el="1284" ec="74" bec="0" bev="0" fileid="39" />
                <SequencePoint vc="0" uspid="10217" ordinal="36" offset="369" sl="1285" sc="13" el="1285" ec="14" bec="0" bev="0" fileid="39" />
                <SequencePoint vc="0" uspid="10218" ordinal="37" offset="370" sl="1286" sc="13" el="1286" ec="52" bec="0" bev="0" fileid="39" />
                <SequencePoint vc="0" uspid="10219" ordinal="38" offset="383" sl="1288" sc="13" el="1288" ec="69" bec="0" bev="0" fileid="39" />
                <SequencePoint vc="0" uspid="10220" ordinal="39" offset="402" sl="1290" sc="13" el="1290" ec="50" bec="0" bev="0" fileid="39" />
                <SequencePoint vc="0" uspid="10221" ordinal="40" offset="415" sl="1292" sc="13" el="1292" ec="102" bec="0" bev="0" fileid="39" />
                <SequencePoint vc="0" uspid="10222" ordinal="41" offset="444" sl="1294" sc="13" el="1294" ec="47" bec="0" bev="0" fileid="39" />
                <SequencePoint vc="0" uspid="10223" ordinal="42" offset="457" sl="1295" sc="13" el="1295" ec="24" bec="2" bev="0" fileid="39" />
                <SequencePoint vc="0" uspid="10224" ordinal="43" offset="472" sl="1296" sc="13" el="1296" ec="14" bec="0" bev="0" fileid="39" />
                <SequencePoint vc="0" uspid="10225" ordinal="44" offset="473" sl="1297" sc="17" el="1297" ec="74" bec="0" bev="0" fileid="39" />
                <SequencePoint vc="0" uspid="10226" ordinal="45" offset="494" sl="1298" sc="13" el="1298" ec="14" bec="0" bev="0" fileid="39" />
                <SequencePoint vc="0" uspid="10227" ordinal="46" offset="495" sl="1300" sc="13" el="1300" ec="95" bec="0" bev="0" fileid="39" />
                <SequencePoint vc="0" uspid="10228" ordinal="47" offset="524" sl="1301" sc="13" el="1301" ec="78" bec="0" bev="0" fileid="39" />
                <SequencePoint vc="0" uspid="10229" ordinal="48" offset="544" sl="1302" sc="13" el="1302" ec="46" bec="0" bev="0" fileid="39" />
                <SequencePoint vc="0" uspid="10230" ordinal="49" offset="556" sl="1305" sc="13" el="1305" ec="54" bec="2" bev="0" fileid="39" />
                <SequencePoint vc="0" uspid="10231" ordinal="50" offset="578" sl="1306" sc="13" el="1306" ec="14" bec="0" bev="0" fileid="39" />
                <SequencePoint vc="0" uspid="10232" ordinal="51" offset="579" sl="1307" sc="17" el="1307" ec="72" bec="0" bev="0" fileid="39" />
                <SequencePoint vc="0" uspid="10233" ordinal="52" offset="591" sl="1308" sc="17" el="1308" ec="30" bec="0" bev="0" fileid="39" />
                <SequencePoint vc="0" uspid="10234" ordinal="53" offset="599" sl="1311" sc="13" el="1311" ec="36" bec="2" bev="0" fileid="39" />
                <SequencePoint vc="0" uspid="10235" ordinal="54" offset="614" sl="1312" sc="13" el="1312" ec="14" bec="0" bev="0" fileid="39" />
                <SequencePoint vc="0" uspid="10236" ordinal="55" offset="615" sl="1313" sc="17" el="1313" ec="30" bec="0" bev="0" fileid="39" />
                <SequencePoint vc="0" uspid="10237" ordinal="56" offset="623" sl="1316" sc="13" el="1316" ec="90" bec="0" bev="0" fileid="39" />
                <SequencePoint vc="0" uspid="10238" ordinal="57" offset="647" sl="1317" sc="13" el="1317" ec="135" bec="2" bev="0" fileid="39" />
                <SequencePoint vc="0" uspid="10239" ordinal="58" offset="703" sl="1318" sc="13" el="1318" ec="86" bec="0" bev="0" fileid="39" />
                <SequencePoint vc="0" uspid="10240" ordinal="59" offset="721" sl="1319" sc="13" el="1319" ec="42" bec="0" bev="0" fileid="39" />
                <SequencePoint vc="0" uspid="10241" ordinal="60" offset="729" sl="1321" sc="13" el="1321" ec="58" bec="0" bev="0" fileid="39" />
                <SequencePoint vc="0" uspid="10242" ordinal="61" offset="737" sl="1322" sc="13" el="1322" ec="54" bec="0" bev="0" fileid="39" />
                <SequencePoint vc="0" uspid="10243" ordinal="62" offset="745" sl="1324" sc="13" el="1324" ec="33" bec="0" bev="0" fileid="39" />
                <SequencePoint vc="0" uspid="10244" ordinal="63" offset="752" sl="1325" sc="13" el="1325" ec="47" bec="0" bev="0" fileid="39" />
                <SequencePoint vc="0" uspid="10245" ordinal="64" offset="771" sl="1326" sc="13" el="1326" ec="43" bec="0" bev="0" fileid="39" />
                <SequencePoint vc="0" uspid="10246" ordinal="65" offset="783" sl="1328" sc="13" el="1328" ec="25" bec="0" bev="0" fileid="39" />
                <SequencePoint vc="0" uspid="10247" ordinal="66" offset="788" sl="1329" sc="9" el="1329" ec="10" bec="0" bev="0" fileid="39" />
              </SequencePoints>
              <BranchPoints>
                <BranchPoint vc="0" uspid="10248" ordinal="0" offset="92" sl="1246" path="0" offsetend="94" fileid="39" />
                <BranchPoint vc="0" uspid="10249" ordinal="1" offset="92" sl="1246" path="1" offsetend="103" fileid="39" />
                <BranchPoint vc="0" uspid="10250" ordinal="2" offset="139" sl="1252" path="0" offsetend="141" fileid="39" />
                <BranchPoint vc="0" uspid="10251" ordinal="3" offset="139" sl="1252" path="1" offsetend="150" fileid="39" />
                <BranchPoint vc="0" uspid="10252" ordinal="4" offset="218" sl="1265" path="0" offsetend="220" fileid="39" />
                <BranchPoint vc="0" uspid="10253" ordinal="5" offset="218" sl="1265" path="1" offsetend="229" fileid="39" />
                <BranchPoint vc="0" uspid="10254" ordinal="6" offset="290" sl="1276" path="0" offsetend="292" fileid="39" />
                <BranchPoint vc="0" uspid="10255" ordinal="7" offset="290" sl="1276" path="1" offsetend="303" fileid="39" />
                <BranchPoint vc="0" uspid="10256" ordinal="8" offset="308" sl="1276" path="0" offsetend="310" fileid="39" />
                <BranchPoint vc="0" uspid="10257" ordinal="9" offset="308" sl="1276" path="1" offsetend="319" fileid="39" />
                <BranchPoint vc="0" uspid="10258" ordinal="10" offset="345" sl="1282" path="0" offsetend="347" fileid="39" />
                <BranchPoint vc="0" uspid="10259" ordinal="11" offset="345" sl="1282" path="1" offsetend="370" fileid="39" />
                <BranchPoint vc="0" uspid="10260" ordinal="12" offset="470" sl="1295" path="0" offsetend="472" fileid="39" />
                <BranchPoint vc="0" uspid="10261" ordinal="13" offset="470" sl="1295" path="1" offsetend="495" fileid="39" />
                <BranchPoint vc="0" uspid="10262" ordinal="14" offset="576" sl="1305" path="0" offsetend="578" fileid="39" />
                <BranchPoint vc="0" uspid="10263" ordinal="15" offset="576" sl="1305" path="1" offsetend="599" fileid="39" />
                <BranchPoint vc="0" uspid="10264" ordinal="16" offset="612" sl="1311" path="0" offsetend="614" fileid="39" />
                <BranchPoint vc="0" uspid="10265" ordinal="17" offset="612" sl="1311" path="1" offsetend="623" fileid="39" />
                <BranchPoint vc="0" uspid="10266" ordinal="18" offset="664" sl="1317" path="0" offsetend="666" fileid="39" />
                <BranchPoint vc="0" uspid="10267" ordinal="19" offset="664" sl="1317" path="1" offsetend="679" fileid="39" />
              </BranchPoints>
              <MethodPoint xsi:type="SequencePoint" vc="0" uspid="10181" ordinal="0" offset="0" sl="1236" sc="9" el="1236" ec="10" bec="0" bev="0" fileid="39" />
            </Method>
            <Method visited="false" cyclomaticComplexity="6" nPathComplexity="32" sequenceCoverage="0" branchCoverage="0" crapScore="42" isConstructor="false" isStatic="false" isGetter="false" isSetter="false">
              <Summary numSequencePoints="23" visitedSequencePoints="0" numBranchPoints="11" visitedBranchPoints="0" sequenceCoverage="0" branchCoverage="0" maxCyclomaticComplexity="6" minCyclomaticComplexity="6" maxCrapScore="42" minCrapScore="42" visitedClasses="0" numClasses="0" visitedMethods="0" numMethods="1" />
              <MetadataToken>100663772</MetadataToken>
              <Name>System.Boolean ExMat.Compiler.ExCompiler::RuleInit(ExMat.States.ExFState)</Name>
              <FileRef uid="39" />
              <SequencePoints>
                <SequencePoint vc="0" uspid="10268" ordinal="0" offset="0" sl="1332" sc="9" el="1332" ec="10" bec="0" bev="0" fileid="39" />
                <SequencePoint vc="0" uspid="10269" ordinal="1" offset="1" sl="1334" sc="13" el="1334" ec="64" bec="2" bev="0" fileid="39" />
                <SequencePoint vc="0" uspid="10270" ordinal="2" offset="21" sl="1335" sc="13" el="1335" ec="14" bec="0" bev="0" fileid="39" />
                <SequencePoint vc="0" uspid="10271" ordinal="3" offset="22" sl="1336" sc="17" el="1336" ec="30" bec="0" bev="0" fileid="39" />
                <SequencePoint vc="0" uspid="10272" ordinal="4" offset="29" sl="1339" sc="13" el="1339" ec="37" bec="0" bev="0" fileid="39" />
                <SequencePoint vc="0" uspid="10273" ordinal="5" offset="37" sl="1341" sc="13" el="1341" ec="47" bec="2" bev="0" fileid="39" />
                <SequencePoint vc="0" uspid="10274" ordinal="6" offset="54" sl="1342" sc="13" el="1342" ec="14" bec="0" bev="0" fileid="39" />
                <SequencePoint vc="0" uspid="10275" ordinal="7" offset="55" sl="1343" sc="17" el="1343" ec="40" bec="2" bev="0" fileid="39" />
                <SequencePoint vc="0" uspid="10276" ordinal="8" offset="70" sl="1344" sc="17" el="1344" ec="18" bec="0" bev="0" fileid="39" />
                <SequencePoint vc="0" uspid="10277" ordinal="9" offset="71" sl="1345" sc="21" el="1345" ec="34" bec="0" bev="0" fileid="39" />
                <SequencePoint vc="0" uspid="10278" ordinal="10" offset="75" sl="1347" sc="13" el="1347" ec="14" bec="0" bev="0" fileid="39" />
                <SequencePoint vc="0" uspid="10279" ordinal="11" offset="78" sl="1348" sc="18" el="1348" ec="59" bec="2" bev="0" fileid="39" />
                <SequencePoint vc="0" uspid="10280" ordinal="12" offset="100" sl="1349" sc="13" el="1349" ec="14" bec="0" bev="0" fileid="39" />
                <SequencePoint vc="0" uspid="10281" ordinal="13" offset="101" sl="1350" sc="17" el="1350" ec="51" bec="2" bev="0" fileid="39" />
                <SequencePoint vc="0" uspid="10282" ordinal="14" offset="120" sl="1351" sc="17" el="1351" ec="18" bec="0" bev="0" fileid="39" />
                <SequencePoint vc="0" uspid="10283" ordinal="15" offset="121" sl="1352" sc="21" el="1352" ec="85" bec="0" bev="0" fileid="39" />
                <SequencePoint vc="0" uspid="10284" ordinal="16" offset="133" sl="1353" sc="17" el="1353" ec="18" bec="0" bev="0" fileid="39" />
                <SequencePoint vc="0" uspid="10285" ordinal="17" offset="136" sl="1355" sc="17" el="1355" ec="18" bec="0" bev="0" fileid="39" />
                <SequencePoint vc="0" uspid="10286" ordinal="18" offset="137" sl="1356" sc="21" el="1356" ec="83" bec="0" bev="0" fileid="39" />
                <SequencePoint vc="0" uspid="10287" ordinal="19" offset="149" sl="1357" sc="17" el="1357" ec="18" bec="0" bev="0" fileid="39" />
                <SequencePoint vc="0" uspid="10288" ordinal="20" offset="150" sl="1358" sc="17" el="1358" ec="30" bec="0" bev="0" fileid="39" />
                <SequencePoint vc="0" uspid="10289" ordinal="21" offset="154" sl="1361" sc="13" el="1361" ec="25" bec="0" bev="0" fileid="39" />
                <SequencePoint vc="0" uspid="10290" ordinal="22" offset="158" sl="1362" sc="9" el="1362" ec="10" bec="0" bev="0" fileid="39" />
              </SequencePoints>
              <BranchPoints>
                <BranchPoint vc="0" uspid="10291" ordinal="0" offset="19" sl="1334" path="0" offsetend="21" fileid="39" />
                <BranchPoint vc="0" uspid="10292" ordinal="1" offset="19" sl="1334" path="1" offsetend="29" fileid="39" />
                <BranchPoint vc="0" uspid="10293" ordinal="2" offset="52" sl="1341" path="0" offsetend="54" fileid="39" />
                <BranchPoint vc="0" uspid="10294" ordinal="3" offset="52" sl="1341" path="1" offsetend="78" fileid="39" />
                <BranchPoint vc="0" uspid="10295" ordinal="4" offset="68" sl="1343" path="0" offsetend="70" fileid="39" />
                <BranchPoint vc="0" uspid="10296" ordinal="5" offset="68" sl="1343" path="1" offsetend="75" fileid="39" />
                <BranchPoint vc="0" uspid="10297" ordinal="6" offset="98" sl="1348" path="0" offsetend="100" fileid="39" />
                <BranchPoint vc="0" uspid="10298" ordinal="7" offset="98" sl="1348" path="1" offsetend="154" fileid="39" />
                <BranchPoint vc="0" uspid="10299" ordinal="8" offset="118" sl="1350" path="0" offsetend="120" fileid="39" />
                <BranchPoint vc="0" uspid="10300" ordinal="9" offset="118" sl="1350" path="1" offsetend="136" fileid="39" />
              </BranchPoints>
              <MethodPoint xsi:type="SequencePoint" vc="0" uspid="10268" ordinal="0" offset="0" sl="1332" sc="9" el="1332" ec="10" bec="0" bev="0" fileid="39" />
            </Method>
            <Method visited="false" cyclomaticComplexity="7" nPathComplexity="16" sequenceCoverage="0" branchCoverage="0" crapScore="56" isConstructor="false" isStatic="false" isGetter="false" isSetter="false">
              <Summary numSequencePoints="30" visitedSequencePoints="0" numBranchPoints="9" visitedBranchPoints="0" sequenceCoverage="0" branchCoverage="0" maxCyclomaticComplexity="7" minCyclomaticComplexity="7" maxCrapScore="56" minCrapScore="56" visitedClasses="0" numClasses="0" visitedMethods="0" numMethods="1" />
              <MetadataToken>100663773</MetadataToken>
              <Name>System.Boolean ExMat.Compiler.ExCompiler::ExRuleCreate(ExMat.Objects.ExObject)</Name>
              <FileRef uid="39" />
              <SequencePoints>
                <SequencePoint vc="0" uspid="10301" ordinal="0" offset="0" sl="1365" sc="9" el="1365" ec="10" bec="0" bev="0" fileid="39" />
                <SequencePoint vc="0" uspid="10302" ordinal="1" offset="1" sl="1366" sc="13" el="1366" ec="77" bec="0" bev="0" fileid="39" />
                <SequencePoint vc="0" uspid="10303" ordinal="2" offset="24" sl="1367" sc="13" el="1367" ec="30" bec="0" bev="0" fileid="39" />
                <SequencePoint vc="0" uspid="10304" ordinal="3" offset="31" sl="1369" sc="13" el="1369" ec="74" bec="0" bev="0" fileid="39" />
                <SequencePoint vc="0" uspid="10305" ordinal="4" offset="54" sl="1370" sc="13" el="1370" ec="42" bec="0" bev="0" fileid="39" />
                <SequencePoint vc="0" uspid="10306" ordinal="5" offset="73" sl="1373" sc="13" el="1373" ec="14" bec="0" bev="0" fileid="39" />
                <SequencePoint vc="0" uspid="10307" ordinal="6" offset="74" sl="1374" sc="17" el="1374" ec="40" bec="2" bev="0" fileid="39" />
                <SequencePoint vc="0" uspid="10308" ordinal="7" offset="88" sl="1375" sc="17" el="1375" ec="18" bec="0" bev="0" fileid="39" />
                <SequencePoint vc="0" uspid="10309" ordinal="8" offset="89" sl="1376" sc="21" el="1376" ec="34" bec="0" bev="0" fileid="39" />
                <SequencePoint vc="0" uspid="10310" ordinal="9" offset="97" sl="1378" sc="13" el="1378" ec="14" bec="0" bev="0" fileid="39" />
                <SequencePoint vc="0" uspid="10311" ordinal="10" offset="98" sl="1372" sc="13" el="1372" ec="57" bec="0" bev="0" fileid="39" />
                <SequencePoint vc="0" uspid="10312" ordinal="11" offset="120" sl="1380" sc="13" el="1380" ec="54" bec="2" bev="0" fileid="39" />
                <SequencePoint vc="0" uspid="10313" ordinal="12" offset="140" sl="1381" sc="13" el="1381" ec="14" bec="0" bev="0" fileid="39" />
                <SequencePoint vc="0" uspid="10314" ordinal="13" offset="141" sl="1382" sc="17" el="1382" ec="30" bec="0" bev="0" fileid="39" />
                <SequencePoint vc="0" uspid="10315" ordinal="14" offset="149" sl="1385" sc="13" el="1385" ec="49" bec="0" bev="0" fileid="39" />
                <SequencePoint vc="0" uspid="10316" ordinal="15" offset="161" sl="1386" sc="13" el="1386" ec="37" bec="0" bev="0" fileid="39" />
                <SequencePoint vc="0" uspid="10317" ordinal="16" offset="168" sl="1388" sc="13" el="1388" ec="26" bec="2" bev="0" fileid="39" />
                <SequencePoint vc="0" uspid="10318" ordinal="17" offset="183" sl="1389" sc="13" el="1389" ec="14" bec="0" bev="0" fileid="39" />
                <SequencePoint vc="0" uspid="10319" ordinal="18" offset="184" sl="1390" sc="17" el="1390" ec="30" bec="0" bev="0" fileid="39" />
                <SequencePoint vc="0" uspid="10320" ordinal="19" offset="192" sl="1392" sc="13" el="1392" ec="94" bec="0" bev="0" fileid="39" />
                <SequencePoint vc="0" uspid="10321" ordinal="20" offset="216" sl="1394" sc="13" el="1394" ec="135" bec="2" bev="0" fileid="39" />
                <SequencePoint vc="0" uspid="10322" ordinal="21" offset="272" sl="1395" sc="13" el="1395" ec="86" bec="0" bev="0" fileid="39" />
                <SequencePoint vc="0" uspid="10323" ordinal="22" offset="290" sl="1396" sc="13" el="1396" ec="42" bec="0" bev="0" fileid="39" />
                <SequencePoint vc="0" uspid="10324" ordinal="23" offset="298" sl="1398" sc="13" el="1398" ec="58" bec="0" bev="0" fileid="39" />
                <SequencePoint vc="0" uspid="10325" ordinal="24" offset="305" sl="1399" sc="13" el="1399" ec="51" bec="0" bev="0" fileid="39" />
                <SequencePoint vc="0" uspid="10326" ordinal="25" offset="312" sl="1401" sc="13" el="1401" ec="33" bec="0" bev="0" fileid="39" />
                <SequencePoint vc="0" uspid="10327" ordinal="26" offset="319" sl="1402" sc="13" el="1402" ec="47" bec="0" bev="0" fileid="39" />
                <SequencePoint vc="0" uspid="10328" ordinal="27" offset="337" sl="1403" sc="13" el="1403" ec="43" bec="0" bev="0" fileid="39" />
                <SequencePoint vc="0" uspid="10329" ordinal="28" offset="349" sl="1405" sc="13" el="1405" ec="25" bec="0" bev="0" fileid="39" />
                <SequencePoint vc="0" uspid="10330" ordinal="29" offset="354" sl="1406" sc="9" el="1406" ec="10" bec="0" bev="0" fileid="39" />
              </SequencePoints>
              <BranchPoints>
                <BranchPoint vc="0" uspid="10331" ordinal="0" offset="86" sl="1374" path="0" offsetend="88" fileid="39" />
                <BranchPoint vc="0" uspid="10332" ordinal="1" offset="86" sl="1374" path="1" offsetend="97" fileid="39" />
                <BranchPoint vc="0" uspid="10333" ordinal="2" offset="138" sl="1380" path="0" offsetend="140" fileid="39" />
                <BranchPoint vc="0" uspid="10334" ordinal="3" offset="138" sl="1380" path="1" offsetend="149" fileid="39" />
                <BranchPoint vc="0" uspid="10335" ordinal="4" offset="181" sl="1388" path="0" offsetend="183" fileid="39" />
                <BranchPoint vc="0" uspid="10336" ordinal="5" offset="181" sl="1388" path="1" offsetend="192" fileid="39" />
                <BranchPoint vc="0" uspid="10337" ordinal="6" offset="233" sl="1394" path="0" offsetend="235" fileid="39" />
                <BranchPoint vc="0" uspid="10338" ordinal="7" offset="233" sl="1394" path="1" offsetend="248" fileid="39" />
              </BranchPoints>
              <MethodPoint xsi:type="SequencePoint" vc="0" uspid="10301" ordinal="0" offset="0" sl="1365" sc="9" el="1365" ec="10" bec="0" bev="0" fileid="39" />
            </Method>
            <Method visited="false" cyclomaticComplexity="5" nPathComplexity="16" sequenceCoverage="0" branchCoverage="0" crapScore="30" isConstructor="false" isStatic="false" isGetter="false" isSetter="false">
              <Summary numSequencePoints="13" visitedSequencePoints="0" numBranchPoints="9" visitedBranchPoints="0" sequenceCoverage="0" branchCoverage="0" maxCyclomaticComplexity="5" minCyclomaticComplexity="5" maxCrapScore="30" minCrapScore="30" visitedClasses="0" numClasses="0" visitedMethods="0" numMethods="1" />
              <MetadataToken>100663774</MetadataToken>
              <Name>System.Boolean ExMat.Compiler.ExCompiler::ProcessRuleAsgStatement()</Name>
              <FileRef uid="39" />
              <SequencePoints>
                <SequencePoint vc="0" uspid="10339" ordinal="0" offset="0" sl="1409" sc="9" el="1409" ec="10" bec="0" bev="0" fileid="39" />
                <SequencePoint vc="0" uspid="10340" ordinal="1" offset="1" sl="1411" sc="13" el="1411" ec="82" bec="4" bev="0" fileid="39" />
                <SequencePoint vc="0" uspid="10341" ordinal="2" offset="32" sl="1412" sc="13" el="1412" ec="14" bec="0" bev="0" fileid="39" />
                <SequencePoint vc="0" uspid="10342" ordinal="3" offset="33" sl="1413" sc="17" el="1413" ec="30" bec="0" bev="0" fileid="39" />
                <SequencePoint vc="0" uspid="10343" ordinal="4" offset="40" sl="1416" sc="13" el="1416" ec="41" bec="0" bev="0" fileid="39" />
                <SequencePoint vc="0" uspid="10344" ordinal="5" offset="53" sl="1417" sc="13" el="1417" ec="121" bec="0" bev="0" fileid="39" />
                <SequencePoint vc="0" uspid="10345" ordinal="6" offset="93" sl="1419" sc="13" el="1419" ec="73" bec="4" bev="0" fileid="39" />
                <SequencePoint vc="0" uspid="10346" ordinal="7" offset="123" sl="1420" sc="13" el="1420" ec="14" bec="0" bev="0" fileid="39" />
                <SequencePoint vc="0" uspid="10347" ordinal="8" offset="124" sl="1421" sc="17" el="1421" ec="30" bec="0" bev="0" fileid="39" />
                <SequencePoint vc="0" uspid="10348" ordinal="9" offset="128" sl="1424" sc="13" el="1424" ec="130" bec="0" bev="0" fileid="39" />
                <SequencePoint vc="0" uspid="10349" ordinal="10" offset="175" sl="1426" sc="13" el="1426" ec="57" bec="0" bev="0" fileid="39" />
                <SequencePoint vc="0" uspid="10350" ordinal="11" offset="184" sl="1428" sc="13" el="1428" ec="25" bec="0" bev="0" fileid="39" />
                <SequencePoint vc="0" uspid="10351" ordinal="12" offset="188" sl="1429" sc="9" el="1429" ec="10" bec="0" bev="0" fileid="39" />
              </SequencePoints>
              <BranchPoints>
                <BranchPoint vc="0" uspid="10352" ordinal="0" offset="7" sl="1411" path="0" offsetend="9" fileid="39" />
                <BranchPoint vc="0" uspid="10353" ordinal="1" offset="7" sl="1411" path="1" offsetend="27" fileid="39" />
                <BranchPoint vc="0" uspid="10354" ordinal="2" offset="30" sl="1411" path="0" offsetend="32" fileid="39" />
                <BranchPoint vc="0" uspid="10355" ordinal="3" offset="30" sl="1411" path="1" offsetend="40" fileid="39" />
                <BranchPoint vc="0" uspid="10356" ordinal="4" offset="104" sl="1419" path="0" offsetend="106" fileid="39" />
                <BranchPoint vc="0" uspid="10357" ordinal="5" offset="104" sl="1419" path="1" offsetend="118" fileid="39" />
                <BranchPoint vc="0" uspid="10358" ordinal="6" offset="121" sl="1419" path="0" offsetend="123" fileid="39" />
                <BranchPoint vc="0" uspid="10359" ordinal="7" offset="121" sl="1419" path="1" offsetend="128" fileid="39" />
              </BranchPoints>
              <MethodPoint xsi:type="SequencePoint" vc="0" uspid="10339" ordinal="0" offset="0" sl="1409" sc="9" el="1409" ec="10" bec="0" bev="0" fileid="39" />
            </Method>
            <Method visited="false" cyclomaticComplexity="16" nPathComplexity="32768" sequenceCoverage="0" branchCoverage="0" crapScore="272" isConstructor="false" isStatic="false" isGetter="false" isSetter="false">
              <Summary numSequencePoints="33" visitedSequencePoints="0" numBranchPoints="31" visitedBranchPoints="0" sequenceCoverage="0" branchCoverage="0" maxCyclomaticComplexity="16" minCyclomaticComplexity="16" maxCrapScore="272" minCrapScore="272" visitedClasses="0" numClasses="0" visitedMethods="0" numMethods="1" />
              <MetadataToken>100663775</MetadataToken>
              <Name>System.Boolean ExMat.Compiler.ExCompiler::ProcessVarAsgSpecialInit(System.Boolean&amp;)</Name>
              <FileRef uid="39" />
              <SequencePoints>
                <SequencePoint vc="0" uspid="10360" ordinal="0" offset="0" sl="1432" sc="9" el="1432" ec="10" bec="0" bev="0" fileid="39" />
                <SequencePoint vc="0" uspid="10361" ordinal="1" offset="1" sl="1434" sc="13" el="1434" ec="25" bec="0" bev="0" fileid="39" />
                <SequencePoint vc="0" uspid="10362" ordinal="2" offset="4" sl="1435" sc="13" el="1435" ec="52" bec="2" bev="0" fileid="39" />
                <SequencePoint vc="0" uspid="10363" ordinal="3" offset="24" sl="1436" sc="13" el="1436" ec="14" bec="0" bev="0" fileid="39" />
                <SequencePoint vc="0" uspid="10364" ordinal="4" offset="25" sl="1437" sc="17" el="1440" ec="41" bec="6" bev="0" fileid="39" />
                <SequencePoint vc="0" uspid="10365" ordinal="5" offset="79" sl="1441" sc="17" el="1441" ec="18" bec="0" bev="0" fileid="39" />
                <SequencePoint vc="0" uspid="10366" ordinal="6" offset="80" sl="1442" sc="21" el="1442" ec="34" bec="0" bev="0" fileid="39" />
                <SequencePoint vc="0" uspid="10367" ordinal="7" offset="87" sl="1445" sc="17" el="1445" ec="134" bec="0" bev="0" fileid="39" />
                <SequencePoint vc="0" uspid="10368" ordinal="8" offset="134" sl="1446" sc="17" el="1446" ec="43" bec="0" bev="0" fileid="39" />
                <SequencePoint vc="0" uspid="10369" ordinal="9" offset="146" sl="1447" sc="17" el="1447" ec="42" bec="0" bev="0" fileid="39" />
                <SequencePoint vc="0" uspid="10370" ordinal="10" offset="159" sl="1448" sc="17" el="1448" ec="29" bec="0" bev="0" fileid="39" />
                <SequencePoint vc="0" uspid="10371" ordinal="11" offset="166" sl="1450" sc="18" el="1450" ec="53" bec="2" bev="0" fileid="39" />
                <SequencePoint vc="0" uspid="10372" ordinal="12" offset="188" sl="1451" sc="13" el="1451" ec="14" bec="0" bev="0" fileid="39" />
                <SequencePoint vc="0" uspid="10373" ordinal="13" offset="189" sl="1452" sc="17" el="1455" ec="41" bec="6" bev="0" fileid="39" />
                <SequencePoint vc="0" uspid="10374" ordinal="14" offset="244" sl="1456" sc="17" el="1456" ec="18" bec="0" bev="0" fileid="39" />
                <SequencePoint vc="0" uspid="10375" ordinal="15" offset="245" sl="1457" sc="21" el="1457" ec="34" bec="0" bev="0" fileid="39" />
                <SequencePoint vc="0" uspid="10376" ordinal="16" offset="252" sl="1460" sc="17" el="1460" ec="134" bec="0" bev="0" fileid="39" />
                <SequencePoint vc="0" uspid="10377" ordinal="17" offset="299" sl="1461" sc="17" el="1461" ec="43" bec="0" bev="0" fileid="39" />
                <SequencePoint vc="0" uspid="10378" ordinal="18" offset="311" sl="1462" sc="17" el="1462" ec="42" bec="0" bev="0" fileid="39" />
                <SequencePoint vc="0" uspid="10379" ordinal="19" offset="324" sl="1463" sc="17" el="1463" ec="29" bec="0" bev="0" fileid="39" />
                <SequencePoint vc="0" uspid="10380" ordinal="20" offset="331" sl="1465" sc="18" el="1465" ec="56" bec="2" bev="0" fileid="39" />
                <SequencePoint vc="0" uspid="10381" ordinal="21" offset="353" sl="1466" sc="13" el="1466" ec="14" bec="0" bev="0" fileid="39" />
                <SequencePoint vc="0" uspid="10382" ordinal="22" offset="354" sl="1467" sc="17" el="1470" ec="44" bec="6" bev="0" fileid="39" />
                <SequencePoint vc="0" uspid="10383" ordinal="23" offset="409" sl="1471" sc="17" el="1471" ec="18" bec="0" bev="0" fileid="39" />
                <SequencePoint vc="0" uspid="10384" ordinal="24" offset="410" sl="1472" sc="21" el="1472" ec="34" bec="0" bev="0" fileid="39" />
                <SequencePoint vc="0" uspid="10385" ordinal="25" offset="414" sl="1475" sc="17" el="1475" ec="134" bec="0" bev="0" fileid="39" />
                <SequencePoint vc="0" uspid="10386" ordinal="26" offset="461" sl="1476" sc="17" el="1476" ec="43" bec="0" bev="0" fileid="39" />
                <SequencePoint vc="0" uspid="10387" ordinal="27" offset="473" sl="1477" sc="17" el="1477" ec="42" bec="0" bev="0" fileid="39" />
                <SequencePoint vc="0" uspid="10388" ordinal="28" offset="486" sl="1478" sc="17" el="1478" ec="29" bec="0" bev="0" fileid="39" />
                <SequencePoint vc="0" uspid="10389" ordinal="29" offset="490" sl="1481" sc="13" el="1481" ec="14" bec="0" bev="0" fileid="39" />
                <SequencePoint vc="0" uspid="10390" ordinal="30" offset="491" sl="1482" sc="17" el="1482" ec="30" bec="0" bev="0" fileid="39" />
                <SequencePoint vc="0" uspid="10391" ordinal="31" offset="494" sl="1483" sc="17" el="1483" ec="29" bec="0" bev="0" fileid="39" />
                <SequencePoint vc="0" uspid="10392" ordinal="32" offset="498" sl="1485" sc="9" el="1485" ec="10" bec="0" bev="0" fileid="39" />
              </SequencePoints>
              <BranchPoints>
                <BranchPoint vc="0" uspid="10393" ordinal="0" offset="19" sl="1435" path="0" offsetend="24" fileid="39" />
                <BranchPoint vc="0" uspid="10394" ordinal="1" offset="19" sl="1435" path="1" offsetend="166" fileid="39" />
                <BranchPoint vc="0" uspid="10395" ordinal="2" offset="31" sl="1437" path="0" offsetend="33" fileid="39" />
                <BranchPoint vc="0" uspid="10396" ordinal="3" offset="31" sl="1437" path="1" offsetend="74" fileid="39" />
                <BranchPoint vc="0" uspid="10397" ordinal="4" offset="46" sl="1437" path="0" offsetend="48" fileid="39" />
                <BranchPoint vc="0" uspid="10398" ordinal="5" offset="46" sl="1437" path="1" offsetend="74" fileid="39" />
                <BranchPoint vc="0" uspid="10399" ordinal="6" offset="59" sl="1437" path="0" offsetend="61" fileid="39" />
                <BranchPoint vc="0" uspid="10400" ordinal="7" offset="59" sl="1437" path="1" offsetend="74" fileid="39" />
                <BranchPoint vc="0" uspid="10401" ordinal="8" offset="77" sl="1437" path="0" offsetend="79" fileid="39" />
                <BranchPoint vc="0" uspid="10402" ordinal="9" offset="77" sl="1437" path="1" offsetend="87" fileid="39" />
                <BranchPoint vc="0" uspid="10403" ordinal="10" offset="183" sl="1450" path="0" offsetend="188" fileid="39" />
                <BranchPoint vc="0" uspid="10404" ordinal="11" offset="183" sl="1450" path="1" offsetend="331" fileid="39" />
                <BranchPoint vc="0" uspid="10405" ordinal="12" offset="195" sl="1452" path="0" offsetend="197" fileid="39" />
                <BranchPoint vc="0" uspid="10406" ordinal="13" offset="195" sl="1452" path="1" offsetend="237" fileid="39" />
                <BranchPoint vc="0" uspid="10407" ordinal="14" offset="210" sl="1452" path="0" offsetend="212" fileid="39" />
                <BranchPoint vc="0" uspid="10408" ordinal="15" offset="210" sl="1452" path="1" offsetend="237" fileid="39" />
                <BranchPoint vc="0" uspid="10409" ordinal="16" offset="223" sl="1452" path="0" offsetend="225" fileid="39" />
                <BranchPoint vc="0" uspid="10410" ordinal="17" offset="223" sl="1452" path="1" offsetend="237" fileid="39" />
                <BranchPoint vc="0" uspid="10411" ordinal="18" offset="242" sl="1452" path="0" offsetend="244" fileid="39" />
                <BranchPoint vc="0" uspid="10412" ordinal="19" offset="242" sl="1452" path="1" offsetend="252" fileid="39" />
                <BranchPoint vc="0" uspid="10413" ordinal="20" offset="348" sl="1465" path="0" offsetend="353" fileid="39" />
                <BranchPoint vc="0" uspid="10414" ordinal="21" offset="348" sl="1465" path="1" offsetend="490" fileid="39" />
                <BranchPoint vc="0" uspid="10415" ordinal="22" offset="360" sl="1467" path="0" offsetend="362" fileid="39" />
                <BranchPoint vc="0" uspid="10416" ordinal="23" offset="360" sl="1467" path="1" offsetend="402" fileid="39" />
                <BranchPoint vc="0" uspid="10417" ordinal="24" offset="375" sl="1467" path="0" offsetend="377" fileid="39" />
                <BranchPoint vc="0" uspid="10418" ordinal="25" offset="375" sl="1467" path="1" offsetend="402" fileid="39" />
                <BranchPoint vc="0" uspid="10419" ordinal="26" offset="388" sl="1467" path="0" offsetend="390" fileid="39" />
                <BranchPoint vc="0" uspid="10420" ordinal="27" offset="388" sl="1467" path="1" offsetend="402" fileid="39" />
                <BranchPoint vc="0" uspid="10421" ordinal="28" offset="407" sl="1467" path="0" offsetend="409" fileid="39" />
                <BranchPoint vc="0" uspid="10422" ordinal="29" offset="407" sl="1467" path="1" offsetend="414" fileid="39" />
              </BranchPoints>
              <MethodPoint xsi:type="SequencePoint" vc="0" uspid="10360" ordinal="0" offset="0" sl="1432" sc="9" el="1432" ec="10" bec="0" bev="0" fileid="39" />
            </Method>
            <Method visited="false" cyclomaticComplexity="5" nPathComplexity="16" sequenceCoverage="0" branchCoverage="0" crapScore="30" isConstructor="false" isStatic="false" isGetter="false" isSetter="false">
              <Summary numSequencePoints="18" visitedSequencePoints="0" numBranchPoints="9" visitedBranchPoints="0" sequenceCoverage="0" branchCoverage="0" maxCyclomaticComplexity="5" minCyclomaticComplexity="5" maxCrapScore="30" minCrapScore="30" visitedClasses="0" numClasses="0" visitedMethods="0" numMethods="1" />
              <MetadataToken>100663776</MetadataToken>
              <Name>System.Boolean ExMat.Compiler.ExCompiler::VarAsg()</Name>
              <FileRef uid="39" />
              <SequencePoints>
                <SequencePoint vc="0" uspid="10423" ordinal="0" offset="0" sl="1488" sc="9" el="1488" ec="10" bec="0" bev="0" fileid="39" />
                <SequencePoint vc="0" uspid="10424" ordinal="1" offset="1" sl="1489" sc="13" el="1489" ec="47" bec="2" bev="0" fileid="39" />
                <SequencePoint vc="0" uspid="10425" ordinal="2" offset="18" sl="1490" sc="13" el="1490" ec="14" bec="0" bev="0" fileid="39" />
                <SequencePoint vc="0" uspid="10426" ordinal="3" offset="19" sl="1491" sc="17" el="1491" ec="52" bec="4" bev="0" fileid="39" />
                <SequencePoint vc="0" uspid="10427" ordinal="4" offset="43" sl="1492" sc="17" el="1492" ec="18" bec="0" bev="0" fileid="39" />
                <SequencePoint vc="0" uspid="10428" ordinal="5" offset="44" sl="1493" sc="21" el="1493" ec="34" bec="0" bev="0" fileid="39" />
                <SequencePoint vc="0" uspid="10429" ordinal="6" offset="49" sl="1496" sc="17" el="1496" ec="56" bec="0" bev="0" fileid="39" />
                <SequencePoint vc="0" uspid="10430" ordinal="7" offset="61" sl="1497" sc="17" el="1497" ec="62" bec="0" bev="0" fileid="39" />
                <SequencePoint vc="0" uspid="10431" ordinal="8" offset="74" sl="1500" sc="17" el="1500" ec="43" bec="2" bev="0" fileid="39" />
                <SequencePoint vc="0" uspid="10432" ordinal="9" offset="87" sl="1501" sc="17" el="1501" ec="18" bec="0" bev="0" fileid="39" />
                <SequencePoint vc="0" uspid="10433" ordinal="10" offset="88" sl="1502" sc="21" el="1502" ec="93" bec="0" bev="0" fileid="39" />
                <SequencePoint vc="0" uspid="10434" ordinal="11" offset="107" sl="1503" sc="17" el="1503" ec="18" bec="0" bev="0" fileid="39" />
                <SequencePoint vc="0" uspid="10435" ordinal="12" offset="108" sl="1504" sc="13" el="1504" ec="14" bec="0" bev="0" fileid="39" />
                <SequencePoint vc="0" uspid="10436" ordinal="13" offset="111" sl="1506" sc="13" el="1506" ec="14" bec="0" bev="0" fileid="39" />
                <SequencePoint vc="0" uspid="10437" ordinal="14" offset="112" sl="1507" sc="17" el="1507" ec="103" bec="0" bev="0" fileid="39" />
                <SequencePoint vc="0" uspid="10438" ordinal="15" offset="142" sl="1508" sc="13" el="1508" ec="14" bec="0" bev="0" fileid="39" />
                <SequencePoint vc="0" uspid="10439" ordinal="16" offset="143" sl="1509" sc="13" el="1509" ec="25" bec="0" bev="0" fileid="39" />
                <SequencePoint vc="0" uspid="10440" ordinal="17" offset="148" sl="1510" sc="9" el="1510" ec="10" bec="0" bev="0" fileid="39" />
              </SequencePoints>
              <BranchPoints>
                <BranchPoint vc="0" uspid="10441" ordinal="0" offset="16" sl="1489" path="0" offsetend="18" fileid="39" />
                <BranchPoint vc="0" uspid="10442" ordinal="1" offset="16" sl="1489" path="1" offsetend="111" fileid="39" />
                <BranchPoint vc="0" uspid="10443" ordinal="2" offset="25" sl="1491" path="0" offsetend="27" fileid="39" />
                <BranchPoint vc="0" uspid="10444" ordinal="3" offset="25" sl="1491" path="1" offsetend="38" fileid="39" />
                <BranchPoint vc="0" uspid="10445" ordinal="4" offset="41" sl="1491" path="0" offsetend="43" fileid="39" />
                <BranchPoint vc="0" uspid="10446" ordinal="5" offset="41" sl="1491" path="1" offsetend="49" fileid="39" />
                <BranchPoint vc="0" uspid="10447" ordinal="6" offset="85" sl="1500" path="0" offsetend="87" fileid="39" />
                <BranchPoint vc="0" uspid="10448" ordinal="7" offset="85" sl="1500" path="1" offsetend="108" fileid="39" />
              </BranchPoints>
              <MethodPoint xsi:type="SequencePoint" vc="0" uspid="10423" ordinal="0" offset="0" sl="1488" sc="9" el="1488" ec="10" bec="0" bev="0" fileid="39" />
            </Method>
            <Method visited="false" cyclomaticComplexity="8" nPathComplexity="64" sequenceCoverage="0" branchCoverage="0" crapScore="72" isConstructor="false" isStatic="false" isGetter="false" isSetter="false">
              <Summary numSequencePoints="25" visitedSequencePoints="0" numBranchPoints="13" visitedBranchPoints="0" sequenceCoverage="0" branchCoverage="0" maxCyclomaticComplexity="8" minCyclomaticComplexity="8" maxCrapScore="72" minCrapScore="72" visitedClasses="0" numClasses="0" visitedMethods="0" numMethods="1" />
              <MetadataToken>100663777</MetadataToken>
              <Name>System.Boolean ExMat.Compiler.ExCompiler::ProcessVarAsgStatement()</Name>
              <FileRef uid="39" />
              <SequencePoints>
                <SequencePoint vc="0" uspid="10449" ordinal="0" offset="0" sl="1513" sc="9" el="1513" ec="10" bec="0" bev="0" fileid="39" />
                <SequencePoint vc="0" uspid="10450" ordinal="1" offset="1" sl="1514" sc="13" el="1515" ec="61" bec="4" bev="0" fileid="39" />
                <SequencePoint vc="0" uspid="10451" ordinal="2" offset="27" sl="1516" sc="13" el="1516" ec="14" bec="0" bev="0" fileid="39" />
                <SequencePoint vc="0" uspid="10452" ordinal="3" offset="28" sl="1517" sc="17" el="1517" ec="30" bec="0" bev="0" fileid="39" />
                <SequencePoint vc="0" uspid="10453" ordinal="4" offset="35" sl="1520" sc="13" el="1520" ec="22" bec="0" bev="0" fileid="39" />
                <SequencePoint vc="0" uspid="10454" ordinal="5" offset="42" sl="1521" sc="13" el="1521" ec="14" bec="0" bev="0" fileid="39" />
                <SequencePoint vc="0" uspid="10455" ordinal="6" offset="43" sl="1522" sc="17" el="1522" ec="29" bec="0" bev="0" fileid="39" />
                <SequencePoint vc="0" uspid="10456" ordinal="7" offset="49" sl="1527" sc="13" el="1527" ec="14" bec="0" bev="0" fileid="39" />
                <SequencePoint vc="0" uspid="10457" ordinal="8" offset="50" sl="1528" sc="17" el="1529" ec="34" bec="4" bev="0" fileid="39" />
                <SequencePoint vc="0" uspid="10458" ordinal="9" offset="83" sl="1530" sc="17" el="1530" ec="18" bec="0" bev="0" fileid="39" />
                <SequencePoint vc="0" uspid="10459" ordinal="10" offset="84" sl="1531" sc="21" el="1531" ec="34" bec="0" bev="0" fileid="39" />
                <SequencePoint vc="0" uspid="10460" ordinal="11" offset="88" sl="1534" sc="17" el="1534" ec="43" bec="0" bev="0" fileid="39" />
                <SequencePoint vc="0" uspid="10461" ordinal="12" offset="100" sl="1535" sc="17" el="1535" ec="42" bec="0" bev="0" fileid="39" />
                <SequencePoint vc="0" uspid="10462" ordinal="13" offset="113" sl="1536" sc="17" el="1536" ec="51" bec="2" bev="0" fileid="39" />
                <SequencePoint vc="0" uspid="10463" ordinal="14" offset="132" sl="1537" sc="17" el="1537" ec="18" bec="0" bev="0" fileid="39" />
                <SequencePoint vc="0" uspid="10464" ordinal="15" offset="133" sl="1538" sc="21" el="1538" ec="44" bec="2" bev="0" fileid="39" />
                <SequencePoint vc="0" uspid="10465" ordinal="16" offset="148" sl="1539" sc="21" el="1539" ec="22" bec="0" bev="0" fileid="39" />
                <SequencePoint vc="0" uspid="10466" ordinal="17" offset="149" sl="1540" sc="25" el="1540" ec="38" bec="0" bev="0" fileid="39" />
                <SequencePoint vc="0" uspid="10467" ordinal="18" offset="153" sl="1542" sc="17" el="1542" ec="18" bec="0" bev="0" fileid="39" />
                <SequencePoint vc="0" uspid="10468" ordinal="19" offset="156" sl="1544" sc="17" el="1544" ec="18" bec="0" bev="0" fileid="39" />
                <SequencePoint vc="0" uspid="10469" ordinal="20" offset="157" sl="1545" sc="21" el="1545" ec="27" bec="0" bev="0" fileid="39" />
                <SequencePoint vc="0" uspid="10470" ordinal="21" offset="159" sl="1547" sc="13" el="1547" ec="14" bec="0" bev="0" fileid="39" />
                <SequencePoint vc="0" uspid="10471" ordinal="22" offset="160" sl="1526" sc="13" el="1526" ec="25" bec="0" bev="0" fileid="39" />
                <SequencePoint vc="0" uspid="10472" ordinal="23" offset="165" sl="1548" sc="13" el="1548" ec="25" bec="0" bev="0" fileid="39" />
                <SequencePoint vc="0" uspid="10473" ordinal="24" offset="169" sl="1549" sc="9" el="1549" ec="10" bec="0" bev="0" fileid="39" />
              </SequencePoints>
              <BranchPoints>
                <BranchPoint vc="0" uspid="10474" ordinal="0" offset="7" sl="1514" path="0" offsetend="9" fileid="39" />
                <BranchPoint vc="0" uspid="10475" ordinal="1" offset="7" sl="1514" path="1" offsetend="22" fileid="39" />
                <BranchPoint vc="0" uspid="10476" ordinal="2" offset="25" sl="1514" path="0" offsetend="27" fileid="39" />
                <BranchPoint vc="0" uspid="10477" ordinal="3" offset="25" sl="1514" path="1" offsetend="35" fileid="39" />
                <BranchPoint vc="0" uspid="10478" ordinal="4" offset="63" sl="1528" path="0" offsetend="65" fileid="39" />
                <BranchPoint vc="0" uspid="10479" ordinal="5" offset="63" sl="1528" path="1" offsetend="76" fileid="39" />
                <BranchPoint vc="0" uspid="10480" ordinal="6" offset="81" sl="1528" path="0" offsetend="83" fileid="39" />
                <BranchPoint vc="0" uspid="10481" ordinal="7" offset="81" sl="1528" path="1" offsetend="88" fileid="39" />
                <BranchPoint vc="0" uspid="10482" ordinal="8" offset="130" sl="1536" path="0" offsetend="132" fileid="39" />
                <BranchPoint vc="0" uspid="10483" ordinal="9" offset="130" sl="1536" path="1" offsetend="156" fileid="39" />
                <BranchPoint vc="0" uspid="10484" ordinal="10" offset="146" sl="1538" path="0" offsetend="148" fileid="39" />
                <BranchPoint vc="0" uspid="10485" ordinal="11" offset="146" sl="1538" path="1" offsetend="153" fileid="39" />
              </BranchPoints>
              <MethodPoint xsi:type="SequencePoint" vc="0" uspid="10449" ordinal="0" offset="0" sl="1513" sc="9" el="1513" ec="10" bec="0" bev="0" fileid="39" />
            </Method>
            <Method visited="false" cyclomaticComplexity="10" nPathComplexity="256" sequenceCoverage="0" branchCoverage="0" crapScore="110" isConstructor="false" isStatic="false" isGetter="false" isSetter="false">
              <Summary numSequencePoints="29" visitedSequencePoints="0" numBranchPoints="17" visitedBranchPoints="0" sequenceCoverage="0" branchCoverage="0" maxCyclomaticComplexity="10" minCyclomaticComplexity="10" maxCrapScore="110" minCrapScore="110" visitedClasses="0" numClasses="0" visitedMethods="0" numMethods="1" />
              <MetadataToken>100663778</MetadataToken>
              <Name>System.Boolean ExMat.Compiler.ExCompiler::ProcessFunctionStatement()</Name>
              <FileRef uid="39" />
              <SequencePoints>
                <SequencePoint vc="0" uspid="10486" ordinal="0" offset="0" sl="1552" sc="9" el="1552" ec="10" bec="0" bev="0" fileid="39" />
                <SequencePoint vc="0" uspid="10487" ordinal="1" offset="1" sl="1555" sc="13" el="1555" ec="84" bec="4" bev="0" fileid="39" />
                <SequencePoint vc="0" uspid="10488" ordinal="2" offset="32" sl="1556" sc="13" el="1556" ec="14" bec="0" bev="0" fileid="39" />
                <SequencePoint vc="0" uspid="10489" ordinal="3" offset="33" sl="1557" sc="17" el="1557" ec="30" bec="0" bev="0" fileid="39" />
                <SequencePoint vc="0" uspid="10490" ordinal="4" offset="40" sl="1561" sc="13" el="1561" ec="41" bec="0" bev="0" fileid="39" />
                <SequencePoint vc="0" uspid="10491" ordinal="5" offset="53" sl="1563" sc="13" el="1563" ec="123" bec="0" bev="0" fileid="39" />
                <SequencePoint vc="0" uspid="10492" ordinal="6" offset="93" sl="1567" sc="13" el="1567" ec="50" bec="0" bev="0" fileid="39" />
                <SequencePoint vc="0" uspid="10493" ordinal="7" offset="110" sl="1568" sc="13" el="1568" ec="14" bec="0" bev="0" fileid="39" />
                <SequencePoint vc="0" uspid="10494" ordinal="8" offset="111" sl="1569" sc="17" el="1569" ec="54" bec="0" bev="0" fileid="39" />
                <SequencePoint vc="0" uspid="10495" ordinal="9" offset="121" sl="1570" sc="13" el="1570" ec="14" bec="0" bev="0" fileid="39" />
                <SequencePoint vc="0" uspid="10496" ordinal="10" offset="124" sl="1573" sc="13" el="1573" ec="14" bec="0" bev="0" fileid="39" />
                <SequencePoint vc="0" uspid="10497" ordinal="11" offset="125" sl="1574" sc="17" el="1574" ec="88" bec="4" bev="0" fileid="39" />
                <SequencePoint vc="0" uspid="10498" ordinal="12" offset="158" sl="1575" sc="17" el="1575" ec="18" bec="0" bev="0" fileid="39" />
                <SequencePoint vc="0" uspid="10499" ordinal="13" offset="159" sl="1576" sc="21" el="1576" ec="34" bec="0" bev="0" fileid="39" />
                <SequencePoint vc="0" uspid="10500" ordinal="14" offset="166" sl="1579" sc="17" el="1579" ec="127" bec="0" bev="0" fileid="39" />
                <SequencePoint vc="0" uspid="10501" ordinal="15" offset="206" sl="1581" sc="17" el="1581" ec="54" bec="2" bev="0" fileid="39" />
                <SequencePoint vc="0" uspid="10502" ordinal="16" offset="225" sl="1582" sc="17" el="1582" ec="18" bec="0" bev="0" fileid="39" />
                <SequencePoint vc="0" uspid="10503" ordinal="17" offset="226" sl="1583" sc="21" el="1583" ec="58" bec="0" bev="0" fileid="39" />
                <SequencePoint vc="0" uspid="10504" ordinal="18" offset="236" sl="1584" sc="17" el="1584" ec="18" bec="0" bev="0" fileid="39" />
                <SequencePoint vc="0" uspid="10505" ordinal="19" offset="237" sl="1585" sc="13" el="1585" ec="14" bec="0" bev="0" fileid="39" />
                <SequencePoint vc="0" uspid="10506" ordinal="20" offset="238" sl="1572" sc="13" el="1572" ec="53" bec="2" bev="0" fileid="39" />
                <SequencePoint vc="0" uspid="10507" ordinal="21" offset="260" sl="1588" sc="13" el="1588" ec="75" bec="4" bev="0" fileid="39" />
                <SequencePoint vc="0" uspid="10508" ordinal="22" offset="293" sl="1589" sc="13" el="1589" ec="14" bec="0" bev="0" fileid="39" />
                <SequencePoint vc="0" uspid="10509" ordinal="23" offset="294" sl="1590" sc="17" el="1590" ec="30" bec="0" bev="0" fileid="39" />
                <SequencePoint vc="0" uspid="10510" ordinal="24" offset="298" sl="1594" sc="13" el="1594" ec="130" bec="0" bev="0" fileid="39" />
                <SequencePoint vc="0" uspid="10511" ordinal="25" offset="345" sl="1596" sc="13" el="1596" ec="57" bec="0" bev="0" fileid="39" />
                <SequencePoint vc="0" uspid="10512" ordinal="26" offset="354" sl="1598" sc="13" el="1598" ec="39" bec="0" bev="0" fileid="39" />
                <SequencePoint vc="0" uspid="10513" ordinal="27" offset="366" sl="1599" sc="13" el="1599" ec="25" bec="0" bev="0" fileid="39" />
                <SequencePoint vc="0" uspid="10514" ordinal="28" offset="370" sl="1600" sc="9" el="1600" ec="10" bec="0" bev="0" fileid="39" />
              </SequencePoints>
              <BranchPoints>
                <BranchPoint vc="0" uspid="10515" ordinal="0" offset="7" sl="1555" path="0" offsetend="9" fileid="39" />
                <BranchPoint vc="0" uspid="10516" ordinal="1" offset="7" sl="1555" path="1" offsetend="27" fileid="39" />
                <BranchPoint vc="0" uspid="10517" ordinal="2" offset="30" sl="1555" path="0" offsetend="32" fileid="39" />
                <BranchPoint vc="0" uspid="10518" ordinal="3" offset="30" sl="1555" path="1" offsetend="40" fileid="39" />
                <BranchPoint vc="0" uspid="10519" ordinal="4" offset="131" sl="1574" path="0" offsetend="133" fileid="39" />
                <BranchPoint vc="0" uspid="10520" ordinal="5" offset="131" sl="1574" path="1" offsetend="151" fileid="39" />
                <BranchPoint vc="0" uspid="10521" ordinal="6" offset="156" sl="1574" path="0" offsetend="158" fileid="39" />
                <BranchPoint vc="0" uspid="10522" ordinal="7" offset="156" sl="1574" path="1" offsetend="166" fileid="39" />
                <BranchPoint vc="0" uspid="10523" ordinal="8" offset="223" sl="1581" path="0" offsetend="225" fileid="39" />
                <BranchPoint vc="0" uspid="10524" ordinal="9" offset="223" sl="1581" path="1" offsetend="237" fileid="39" />
                <BranchPoint vc="0" uspid="10525" ordinal="10" offset="255" sl="1572" path="0" offsetend="260" fileid="39" />
                <BranchPoint vc="0" uspid="10526" ordinal="11" offset="255" sl="1572" path="1" offsetend="124" fileid="39" />
                <BranchPoint vc="0" uspid="10527" ordinal="12" offset="271" sl="1588" path="0" offsetend="273" fileid="39" />
                <BranchPoint vc="0" uspid="10528" ordinal="13" offset="271" sl="1588" path="1" offsetend="286" fileid="39" />
                <BranchPoint vc="0" uspid="10529" ordinal="14" offset="291" sl="1588" path="0" offsetend="293" fileid="39" />
                <BranchPoint vc="0" uspid="10530" ordinal="15" offset="291" sl="1588" path="1" offsetend="298" fileid="39" />
              </BranchPoints>
              <MethodPoint xsi:type="SequencePoint" vc="0" uspid="10486" ordinal="0" offset="0" sl="1552" sc="9" el="1552" ec="10" bec="0" bev="0" fileid="39" />
            </Method>
            <Method visited="false" cyclomaticComplexity="7" nPathComplexity="64" sequenceCoverage="0" branchCoverage="0" crapScore="56" isConstructor="false" isStatic="false" isGetter="false" isSetter="false">
              <Summary numSequencePoints="27" visitedSequencePoints="0" numBranchPoints="13" visitedBranchPoints="0" sequenceCoverage="0" branchCoverage="0" maxCyclomaticComplexity="7" minCyclomaticComplexity="7" maxCrapScore="56" minCrapScore="56" visitedClasses="0" numClasses="0" visitedMethods="0" numMethods="1" />
              <MetadataToken>100663779</MetadataToken>
              <Name>System.Boolean ExMat.Compiler.ExCompiler::ProcessClassStatement()</Name>
              <FileRef uid="39" />
              <SequencePoints>
                <SequencePoint vc="0" uspid="10531" ordinal="0" offset="0" sl="1603" sc="9" el="1603" ec="10" bec="0" bev="0" fileid="39" />
                <SequencePoint vc="0" uspid="10532" ordinal="1" offset="1" sl="1605" sc="13" el="1605" ec="36" bec="2" bev="0" fileid="39" />
                <SequencePoint vc="0" uspid="10533" ordinal="2" offset="14" sl="1606" sc="13" el="1606" ec="14" bec="0" bev="0" fileid="39" />
                <SequencePoint vc="0" uspid="10534" ordinal="3" offset="15" sl="1607" sc="17" el="1607" ec="30" bec="0" bev="0" fileid="39" />
                <SequencePoint vc="0" uspid="10535" ordinal="4" offset="22" sl="1609" sc="13" el="1609" ec="41" bec="0" bev="0" fileid="39" />
                <SequencePoint vc="0" uspid="10536" ordinal="5" offset="34" sl="1611" sc="13" el="1611" ec="52" bec="0" bev="0" fileid="39" />
                <SequencePoint vc="0" uspid="10537" ordinal="6" offset="46" sl="1613" sc="13" el="1613" ec="31" bec="2" bev="0" fileid="39" />
                <SequencePoint vc="0" uspid="10538" ordinal="7" offset="59" sl="1614" sc="13" el="1614" ec="14" bec="0" bev="0" fileid="39" />
                <SequencePoint vc="0" uspid="10539" ordinal="8" offset="60" sl="1615" sc="17" el="1615" ec="30" bec="0" bev="0" fileid="39" />
                <SequencePoint vc="0" uspid="10540" ordinal="9" offset="67" sl="1618" sc="13" el="1618" ec="60" bec="2" bev="0" fileid="39" />
                <SequencePoint vc="0" uspid="10541" ordinal="10" offset="87" sl="1619" sc="13" el="1619" ec="14" bec="0" bev="0" fileid="39" />
                <SequencePoint vc="0" uspid="10542" ordinal="11" offset="88" sl="1620" sc="17" el="1620" ec="57" bec="0" bev="0" fileid="39" />
                <SequencePoint vc="0" uspid="10543" ordinal="12" offset="100" sl="1621" sc="17" el="1621" ec="30" bec="0" bev="0" fileid="39" />
                <SequencePoint vc="0" uspid="10544" ordinal="13" offset="104" sl="1623" sc="18" el="1623" ec="77" bec="4" bev="0" fileid="39" />
                <SequencePoint vc="0" uspid="10545" ordinal="14" offset="142" sl="1624" sc="13" el="1624" ec="14" bec="0" bev="0" fileid="39" />
                <SequencePoint vc="0" uspid="10546" ordinal="15" offset="143" sl="1625" sc="17" el="1625" ec="42" bec="2" bev="0" fileid="39" />
                <SequencePoint vc="0" uspid="10547" ordinal="16" offset="158" sl="1626" sc="17" el="1626" ec="18" bec="0" bev="0" fileid="39" />
                <SequencePoint vc="0" uspid="10548" ordinal="17" offset="159" sl="1627" sc="21" el="1627" ec="34" bec="0" bev="0" fileid="39" />
                <SequencePoint vc="0" uspid="10549" ordinal="18" offset="163" sl="1629" sc="17" el="1629" ec="61" bec="0" bev="0" fileid="39" />
                <SequencePoint vc="0" uspid="10550" ordinal="19" offset="172" sl="1630" sc="17" el="1630" ec="43" bec="0" bev="0" fileid="39" />
                <SequencePoint vc="0" uspid="10551" ordinal="20" offset="184" sl="1631" sc="13" el="1631" ec="14" bec="0" bev="0" fileid="39" />
                <SequencePoint vc="0" uspid="10552" ordinal="21" offset="187" sl="1633" sc="13" el="1633" ec="14" bec="0" bev="0" fileid="39" />
                <SequencePoint vc="0" uspid="10553" ordinal="22" offset="188" sl="1634" sc="17" el="1634" ec="68" bec="0" bev="0" fileid="39" />
                <SequencePoint vc="0" uspid="10554" ordinal="23" offset="200" sl="1635" sc="17" el="1635" ec="30" bec="0" bev="0" fileid="39" />
                <SequencePoint vc="0" uspid="10555" ordinal="24" offset="204" sl="1637" sc="13" el="1637" ec="34" bec="0" bev="0" fileid="39" />
                <SequencePoint vc="0" uspid="10556" ordinal="25" offset="211" sl="1638" sc="13" el="1638" ec="25" bec="0" bev="0" fileid="39" />
                <SequencePoint vc="0" uspid="10557" ordinal="26" offset="215" sl="1639" sc="9" el="1639" ec="10" bec="0" bev="0" fileid="39" />
              </SequencePoints>
              <BranchPoints>
                <BranchPoint vc="0" uspid="10558" ordinal="0" offset="12" sl="1605" path="0" offsetend="14" fileid="39" />
                <BranchPoint vc="0" uspid="10559" ordinal="1" offset="12" sl="1605" path="1" offsetend="22" fileid="39" />
                <BranchPoint vc="0" uspid="10560" ordinal="2" offset="57" sl="1613" path="0" offsetend="59" fileid="39" />
                <BranchPoint vc="0" uspid="10561" ordinal="3" offset="57" sl="1613" path="1" offsetend="67" fileid="39" />
                <BranchPoint vc="0" uspid="10562" ordinal="4" offset="85" sl="1618" path="0" offsetend="87" fileid="39" />
                <BranchPoint vc="0" uspid="10563" ordinal="5" offset="85" sl="1618" path="1" offsetend="104" fileid="39" />
                <BranchPoint vc="0" uspid="10564" ordinal="6" offset="120" sl="1623" path="0" offsetend="122" fileid="39" />
                <BranchPoint vc="0" uspid="10565" ordinal="7" offset="120" sl="1623" path="1" offsetend="132" fileid="39" />
                <BranchPoint vc="0" uspid="10566" ordinal="8" offset="140" sl="1623" path="0" offsetend="142" fileid="39" />
                <BranchPoint vc="0" uspid="10567" ordinal="9" offset="140" sl="1623" path="1" offsetend="187" fileid="39" />
                <BranchPoint vc="0" uspid="10568" ordinal="10" offset="156" sl="1625" path="0" offsetend="158" fileid="39" />
                <BranchPoint vc="0" uspid="10569" ordinal="11" offset="156" sl="1625" path="1" offsetend="163" fileid="39" />
              </BranchPoints>
              <MethodPoint xsi:type="SequencePoint" vc="0" uspid="10531" ordinal="0" offset="0" sl="1603" sc="9" el="1603" ec="10" bec="0" bev="0" fileid="39" />
            </Method>
            <Method visited="false" cyclomaticComplexity="2" nPathComplexity="2" sequenceCoverage="0" branchCoverage="0" crapScore="6" isConstructor="false" isStatic="false" isGetter="false" isSetter="false">
              <Summary numSequencePoints="11" visitedSequencePoints="0" numBranchPoints="3" visitedBranchPoints="0" sequenceCoverage="0" branchCoverage="0" maxCyclomaticComplexity="2" minCyclomaticComplexity="2" maxCrapScore="6" minCrapScore="6" visitedClasses="0" numClasses="0" visitedMethods="0" numMethods="1" />
              <MetadataToken>100663780</MetadataToken>
              <Name>System.Boolean ExMat.Compiler.ExCompiler::ExInvokeExp(ExMat.Compiler.ExCompiler/CompilingFunctionRef)</Name>
              <FileRef uid="39" />
              <SequencePoints>
                <SequencePoint vc="0" uspid="10570" ordinal="0" offset="0" sl="1644" sc="9" el="1644" ec="10" bec="0" bev="0" fileid="39" />
                <SequencePoint vc="0" uspid="10571" ordinal="1" offset="1" sl="1646" sc="13" el="1646" ec="54" bec="0" bev="0" fileid="39" />
                <SequencePoint vc="0" uspid="10572" ordinal="2" offset="13" sl="1647" sc="13" el="1647" ec="55" bec="0" bev="0" fileid="39" />
                <SequencePoint vc="0" uspid="10573" ordinal="3" offset="25" sl="1648" sc="13" el="1648" ec="43" bec="0" bev="0" fileid="39" />
                <SequencePoint vc="0" uspid="10574" ordinal="4" offset="37" sl="1649" sc="13" el="1649" ec="53" bec="0" bev="0" fileid="39" />
                <SequencePoint vc="0" uspid="10575" ordinal="5" offset="49" sl="1651" sc="13" el="1651" ec="25" bec="2" bev="0" fileid="39" />
                <SequencePoint vc="0" uspid="10576" ordinal="6" offset="62" sl="1652" sc="13" el="1652" ec="14" bec="0" bev="0" fileid="39" />
                <SequencePoint vc="0" uspid="10577" ordinal="7" offset="63" sl="1653" sc="17" el="1653" ec="30" bec="0" bev="0" fileid="39" />
                <SequencePoint vc="0" uspid="10578" ordinal="8" offset="67" sl="1656" sc="13" el="1656" ec="38" bec="0" bev="0" fileid="39" />
                <SequencePoint vc="0" uspid="10579" ordinal="9" offset="74" sl="1657" sc="13" el="1657" ec="25" bec="0" bev="0" fileid="39" />
                <SequencePoint vc="0" uspid="10580" ordinal="10" offset="78" sl="1658" sc="9" el="1658" ec="10" bec="0" bev="0" fileid="39" />
              </SequencePoints>
              <BranchPoints>
                <BranchPoint vc="0" uspid="10581" ordinal="0" offset="60" sl="1651" path="0" offsetend="62" fileid="39" />
                <BranchPoint vc="0" uspid="10582" ordinal="1" offset="60" sl="1651" path="1" offsetend="67" fileid="39" />
              </BranchPoints>
              <MethodPoint xsi:type="SequencePoint" vc="0" uspid="10570" ordinal="0" offset="0" sl="1644" sc="9" el="1644" ec="10" bec="0" bev="0" fileid="39" />
            </Method>
            <Method visited="false" cyclomaticComplexity="3" nPathComplexity="4" sequenceCoverage="0" branchCoverage="0" crapScore="12" isConstructor="false" isStatic="false" isGetter="false" isSetter="false">
              <Summary numSequencePoints="9" visitedSequencePoints="0" numBranchPoints="5" visitedBranchPoints="0" sequenceCoverage="0" branchCoverage="0" maxCyclomaticComplexity="3" minCyclomaticComplexity="3" maxCrapScore="12" minCrapScore="12" visitedClasses="0" numClasses="0" visitedMethods="0" numMethods="1" />
              <MetadataToken>100663781</MetadataToken>
              <Name>System.Boolean ExMat.Compiler.ExCompiler::ExBinaryExp(ExMat.OPs.ExOperationCode,ExMat.Compiler.ExCompiler/CompilingFunctionRef,System.Int32)</Name>
              <FileRef uid="39" />
              <SequencePoints>
                <SequencePoint vc="0" uspid="10583" ordinal="0" offset="0" sl="1661" sc="9" el="1661" ec="10" bec="0" bev="0" fileid="39" />
                <SequencePoint vc="0" uspid="10584" ordinal="1" offset="1" sl="1662" sc="13" el="1662" ec="58" bec="4" bev="0" fileid="39" />
                <SequencePoint vc="0" uspid="10585" ordinal="2" offset="26" sl="1663" sc="13" el="1663" ec="14" bec="0" bev="0" fileid="39" />
                <SequencePoint vc="0" uspid="10586" ordinal="3" offset="27" sl="1664" sc="17" el="1664" ec="30" bec="0" bev="0" fileid="39" />
                <SequencePoint vc="0" uspid="10587" ordinal="4" offset="31" sl="1667" sc="13" el="1667" ec="50" bec="0" bev="0" fileid="39" />
                <SequencePoint vc="0" uspid="10588" ordinal="5" offset="43" sl="1668" sc="13" el="1668" ec="50" bec="0" bev="0" fileid="39" />
                <SequencePoint vc="0" uspid="10589" ordinal="6" offset="55" sl="1670" sc="13" el="1670" ec="86" bec="0" bev="0" fileid="39" />
                <SequencePoint vc="0" uspid="10590" ordinal="7" offset="84" sl="1671" sc="13" el="1671" ec="25" bec="0" bev="0" fileid="39" />
                <SequencePoint vc="0" uspid="10591" ordinal="8" offset="88" sl="1672" sc="9" el="1672" ec="10" bec="0" bev="0" fileid="39" />
              </SequencePoints>
              <BranchPoints>
                <BranchPoint vc="0" uspid="10592" ordinal="0" offset="7" sl="1662" path="0" offsetend="9" fileid="39" />
                <BranchPoint vc="0" uspid="10593" ordinal="1" offset="7" sl="1662" path="1" offsetend="21" fileid="39" />
                <BranchPoint vc="0" uspid="10594" ordinal="2" offset="24" sl="1662" path="0" offsetend="26" fileid="39" />
                <BranchPoint vc="0" uspid="10595" ordinal="3" offset="24" sl="1662" path="1" offsetend="31" fileid="39" />
              </BranchPoints>
              <MethodPoint xsi:type="SequencePoint" vc="0" uspid="10583" ordinal="0" offset="0" sl="1661" sc="9" el="1661" ec="10" bec="0" bev="0" fileid="39" />
            </Method>
            <Method visited="false" cyclomaticComplexity="5" nPathComplexity="6" sequenceCoverage="0" branchCoverage="0" crapScore="30" isConstructor="false" isStatic="false" isGetter="false" isSetter="false">
              <Summary numSequencePoints="7" visitedSequencePoints="0" numBranchPoints="7" visitedBranchPoints="0" sequenceCoverage="0" branchCoverage="0" maxCyclomaticComplexity="5" minCyclomaticComplexity="5" maxCrapScore="30" minCrapScore="30" visitedClasses="0" numClasses="0" visitedMethods="0" numMethods="1" />
              <MetadataToken>100663782</MetadataToken>
              <Name>System.Boolean ExMat.Compiler.ExCompiler::ExExpAsgECheck(ExMat.States.ExEType)</Name>
              <FileRef uid="39" />
              <SequencePoints>
                <SequencePoint vc="0" uspid="10596" ordinal="0" offset="0" sl="1675" sc="9" el="1675" ec="10" bec="0" bev="0" fileid="39" />
                <SequencePoint vc="0" uspid="10597" ordinal="1" offset="1" sl="1676" sc="13" el="1676" ec="26" bec="4" bev="0" fileid="39" />
                <SequencePoint vc="0" uspid="10598" ordinal="2" offset="33" sl="1678" sc="42" el="1678" ec="105" bec="0" bev="0" fileid="39" />
                <SequencePoint vc="0" uspid="10599" ordinal="3" offset="47" sl="1679" sc="42" el="1679" ec="97" bec="0" bev="0" fileid="39" />
                <SequencePoint vc="0" uspid="10600" ordinal="4" offset="61" sl="1680" sc="36" el="1680" ec="84" bec="0" bev="0" fileid="39" />
                <SequencePoint vc="0" uspid="10601" ordinal="5" offset="75" sl="1681" sc="26" el="1681" ec="38" bec="0" bev="0" fileid="39" />
                <SequencePoint vc="0" uspid="10602" ordinal="6" offset="79" sl="1683" sc="9" el="1683" ec="10" bec="0" bev="0" fileid="39" />
              </SequencePoints>
              <BranchPoints>
                <BranchPoint vc="0" uspid="10603" ordinal="0" offset="6" sl="1676" path="0" offsetchain="31" offsetend="75" fileid="39" />
                <BranchPoint vc="0" uspid="10604" ordinal="1" offset="6" sl="1676" path="1" offsetend="47" fileid="39" />
                <BranchPoint vc="0" uspid="10605" ordinal="2" offset="6" sl="1676" path="2" offsetend="75" fileid="39" />
                <BranchPoint vc="0" uspid="10606" ordinal="3" offset="6" sl="1676" path="3" offsetend="61" fileid="39" />
                <BranchPoint vc="0" uspid="10607" ordinal="4" offset="6" sl="1676" path="4" offsetend="75" fileid="39" />
                <BranchPoint vc="0" uspid="10608" ordinal="5" offset="6" sl="1676" path="5" offsetend="33" fileid="39" />
              </BranchPoints>
              <MethodPoint xsi:type="SequencePoint" vc="0" uspid="10596" ordinal="0" offset="0" sl="1675" sc="9" el="1675" ec="10" bec="0" bev="0" fileid="39" />
            </Method>
            <Method visited="false" cyclomaticComplexity="6" nPathComplexity="32" sequenceCoverage="0" branchCoverage="0" crapScore="42" isConstructor="false" isStatic="false" isGetter="false" isSetter="false">
              <Summary numSequencePoints="19" visitedSequencePoints="0" numBranchPoints="11" visitedBranchPoints="0" sequenceCoverage="0" branchCoverage="0" maxCyclomaticComplexity="6" minCyclomaticComplexity="6" maxCrapScore="42" minCrapScore="42" visitedClasses="0" numClasses="0" visitedMethods="0" numMethods="1" />
              <MetadataToken>100663783</MetadataToken>
              <Name>System.Boolean ExMat.Compiler.ExCompiler::ExExpAsgInit(ExMat.Token.TokenType,ExMat.States.ExEType,System.Int32)</Name>
              <FileRef uid="39" />
              <SequencePoints>
                <SequencePoint vc="0" uspid="10609" ordinal="0" offset="0" sl="1686" sc="9" el="1686" ec="10" bec="0" bev="0" fileid="39" />
                <SequencePoint vc="0" uspid="10610" ordinal="1" offset="1" sl="1687" sc="13" el="1687" ec="24" bec="6" bev="0" fileid="39" />
                <SequencePoint vc="0" uspid="10611" ordinal="2" offset="37" sl="1690" sc="21" el="1690" ec="22" bec="0" bev="0" fileid="39" />
                <SequencePoint vc="0" uspid="10612" ordinal="3" offset="38" sl="1691" sc="25" el="1691" ec="51" bec="0" bev="0" fileid="39" />
                <SequencePoint vc="0" uspid="10613" ordinal="4" offset="47" sl="1692" sc="25" el="1692" ec="31" bec="0" bev="0" fileid="39" />
                <SequencePoint vc="0" uspid="10614" ordinal="5" offset="49" sl="1699" sc="21" el="1699" ec="22" bec="0" bev="0" fileid="39" />
                <SequencePoint vc="0" uspid="10615" ordinal="6" offset="50" sl="1700" sc="25" el="1700" ec="65" bec="0" bev="0" fileid="39" />
                <SequencePoint vc="0" uspid="10616" ordinal="7" offset="60" sl="1701" sc="25" el="1701" ec="31" bec="0" bev="0" fileid="39" />
                <SequencePoint vc="0" uspid="10617" ordinal="8" offset="62" sl="1704" sc="21" el="1704" ec="22" bec="0" bev="0" fileid="39" />
                <SequencePoint vc="0" uspid="10618" ordinal="9" offset="63" sl="1705" sc="25" el="1705" ec="68" bec="4" bev="0" fileid="39" />
                <SequencePoint vc="0" uspid="10619" ordinal="10" offset="78" sl="1706" sc="25" el="1706" ec="26" bec="0" bev="0" fileid="39" />
                <SequencePoint vc="0" uspid="10620" ordinal="11" offset="79" sl="1707" sc="29" el="1707" ec="73" bec="0" bev="0" fileid="39" />
                <SequencePoint vc="0" uspid="10621" ordinal="12" offset="88" sl="1708" sc="25" el="1708" ec="26" bec="0" bev="0" fileid="39" />
                <SequencePoint vc="0" uspid="10622" ordinal="13" offset="91" sl="1710" sc="25" el="1710" ec="26" bec="0" bev="0" fileid="39" />
                <SequencePoint vc="0" uspid="10623" ordinal="14" offset="92" sl="1711" sc="29" el="1711" ec="76" bec="0" bev="0" fileid="39" />
                <SequencePoint vc="0" uspid="10624" ordinal="15" offset="104" sl="1712" sc="29" el="1712" ec="42" bec="0" bev="0" fileid="39" />
                <SequencePoint vc="0" uspid="10625" ordinal="16" offset="108" sl="1714" sc="25" el="1714" ec="31" bec="0" bev="0" fileid="39" />
                <SequencePoint vc="0" uspid="10626" ordinal="17" offset="110" sl="1717" sc="13" el="1717" ec="25" bec="0" bev="0" fileid="39" />
                <SequencePoint vc="0" uspid="10627" ordinal="18" offset="114" sl="1718" sc="9" el="1718" ec="10" bec="0" bev="0" fileid="39" />
              </SequencePoints>
              <BranchPoints>
                <BranchPoint vc="0" uspid="10628" ordinal="0" offset="11" sl="1687" path="0" offsetchain="13" offsetend="15" fileid="39" />
                <BranchPoint vc="0" uspid="10629" ordinal="1" offset="11" sl="1687" path="1" offsetend="37" fileid="39" />
                <BranchPoint vc="0" uspid="10630" ordinal="2" offset="23" sl="1687" path="0" offsetchain="25" offsetend="27" fileid="39" />
                <BranchPoint vc="0" uspid="10631" ordinal="3" offset="23" sl="1687" path="1" offsetend="49" fileid="39" />
                <BranchPoint vc="0" uspid="10632" ordinal="4" offset="33" sl="1687" path="0" offsetchain="35" offsetend="110" fileid="39" />
                <BranchPoint vc="0" uspid="10633" ordinal="5" offset="33" sl="1687" path="1" offsetend="62" fileid="39" />
                <BranchPoint vc="0" uspid="10634" ordinal="6" offset="65" sl="1705" path="0" offsetend="67" fileid="39" />
                <BranchPoint vc="0" uspid="10635" ordinal="7" offset="65" sl="1705" path="1" offsetend="73" fileid="39" />
                <BranchPoint vc="0" uspid="10636" ordinal="8" offset="76" sl="1705" path="0" offsetend="78" fileid="39" />
                <BranchPoint vc="0" uspid="10637" ordinal="9" offset="76" sl="1705" path="1" offsetend="91" fileid="39" />
              </BranchPoints>
              <MethodPoint xsi:type="SequencePoint" vc="0" uspid="10609" ordinal="0" offset="0" sl="1686" sc="9" el="1686" ec="10" bec="0" bev="0" fileid="39" />
            </Method>
            <Method visited="false" cyclomaticComplexity="5" nPathComplexity="6" sequenceCoverage="0" branchCoverage="0" crapScore="30" isConstructor="false" isStatic="false" isGetter="false" isSetter="false">
              <Summary numSequencePoints="16" visitedSequencePoints="0" numBranchPoints="7" visitedBranchPoints="0" sequenceCoverage="0" branchCoverage="0" maxCyclomaticComplexity="5" minCyclomaticComplexity="5" maxCrapScore="30" minCrapScore="30" visitedClasses="0" numClasses="0" visitedMethods="0" numMethods="1" />
              <MetadataToken>100663784</MetadataToken>
              <Name>System.Void ExMat.Compiler.ExCompiler::ExExpAsg(ExMat.States.ExEType,System.Int32)</Name>
              <FileRef uid="39" />
              <SequencePoints>
                <SequencePoint vc="0" uspid="10638" ordinal="0" offset="0" sl="1721" sc="9" el="1721" ec="10" bec="0" bev="0" fileid="39" />
                <SequencePoint vc="0" uspid="10639" ordinal="1" offset="1" sl="1722" sc="13" el="1722" ec="26" bec="4" bev="0" fileid="39" />
                <SequencePoint vc="0" uspid="10640" ordinal="2" offset="35" sl="1725" sc="21" el="1725" ec="22" bec="0" bev="0" fileid="39" />
                <SequencePoint vc="0" uspid="10641" ordinal="3" offset="36" sl="1726" sc="25" el="1726" ec="64" bec="0" bev="0" fileid="39" />
                <SequencePoint vc="0" uspid="10642" ordinal="4" offset="48" sl="1727" sc="25" el="1727" ec="69" bec="0" bev="0" fileid="39" />
                <SequencePoint vc="0" uspid="10643" ordinal="5" offset="60" sl="1728" sc="25" el="1728" ec="97" bec="0" bev="0" fileid="39" />
                <SequencePoint vc="0" uspid="10644" ordinal="6" offset="79" sl="1729" sc="25" el="1729" ec="31" bec="0" bev="0" fileid="39" />
                <SequencePoint vc="0" uspid="10645" ordinal="7" offset="81" sl="1733" sc="21" el="1733" ec="22" bec="0" bev="0" fileid="39" />
                <SequencePoint vc="0" uspid="10646" ordinal="8" offset="82" sl="1734" sc="25" el="1734" ec="65" bec="0" bev="0" fileid="39" />
                <SequencePoint vc="0" uspid="10647" ordinal="9" offset="91" sl="1735" sc="25" el="1735" ec="31" bec="0" bev="0" fileid="39" />
                <SequencePoint vc="0" uspid="10648" ordinal="10" offset="93" sl="1738" sc="21" el="1738" ec="22" bec="0" bev="0" fileid="39" />
                <SequencePoint vc="0" uspid="10649" ordinal="11" offset="94" sl="1739" sc="25" el="1739" ec="64" bec="0" bev="0" fileid="39" />
                <SequencePoint vc="0" uspid="10650" ordinal="12" offset="107" sl="1740" sc="25" el="1740" ec="70" bec="0" bev="0" fileid="39" />
                <SequencePoint vc="0" uspid="10651" ordinal="13" offset="121" sl="1741" sc="25" el="1741" ec="109" bec="0" bev="0" fileid="39" />
                <SequencePoint vc="0" uspid="10652" ordinal="14" offset="142" sl="1742" sc="25" el="1742" ec="31" bec="0" bev="0" fileid="39" />
                <SequencePoint vc="0" uspid="10653" ordinal="15" offset="144" sl="1745" sc="9" el="1745" ec="10" bec="0" bev="0" fileid="39" />
              </SequencePoints>
              <BranchPoints>
                <BranchPoint vc="0" uspid="10654" ordinal="0" offset="8" sl="1722" path="0" offsetchain="33" offsetend="144" fileid="39" />
                <BranchPoint vc="0" uspid="10655" ordinal="1" offset="8" sl="1722" path="1" offsetend="81" fileid="39" />
                <BranchPoint vc="0" uspid="10656" ordinal="2" offset="8" sl="1722" path="2" offsetend="81" fileid="39" />
                <BranchPoint vc="0" uspid="10657" ordinal="3" offset="8" sl="1722" path="3" offsetend="35" fileid="39" />
                <BranchPoint vc="0" uspid="10658" ordinal="4" offset="8" sl="1722" path="4" offsetend="144" fileid="39" />
                <BranchPoint vc="0" uspid="10659" ordinal="5" offset="8" sl="1722" path="5" offsetend="93" fileid="39" />
              </BranchPoints>
              <MethodPoint xsi:type="SequencePoint" vc="0" uspid="10638" ordinal="0" offset="0" sl="1721" sc="9" el="1721" ec="10" bec="0" bev="0" fileid="39" />
            </Method>
            <Method visited="false" cyclomaticComplexity="7" nPathComplexity="64" sequenceCoverage="0" branchCoverage="0" crapScore="56" isConstructor="false" isStatic="false" isGetter="false" isSetter="false">
              <Summary numSequencePoints="34" visitedSequencePoints="0" numBranchPoints="13" visitedBranchPoints="0" sequenceCoverage="0" branchCoverage="0" maxCyclomaticComplexity="7" minCyclomaticComplexity="7" maxCrapScore="56" minCrapScore="56" visitedClasses="0" numClasses="0" visitedMethods="0" numMethods="1" />
              <MetadataToken>100663785</MetadataToken>
              <Name>System.Boolean ExMat.Compiler.ExCompiler::ExExpTernary()</Name>
              <FileRef uid="39" />
              <SequencePoints>
                <SequencePoint vc="0" uspid="10660" ordinal="0" offset="0" sl="1748" sc="9" el="1748" ec="10" bec="0" bev="0" fileid="39" />
                <SequencePoint vc="0" uspid="10661" ordinal="1" offset="1" sl="1749" sc="13" el="1749" ec="36" bec="2" bev="0" fileid="39" />
                <SequencePoint vc="0" uspid="10662" ordinal="2" offset="16" sl="1750" sc="13" el="1750" ec="14" bec="0" bev="0" fileid="39" />
                <SequencePoint vc="0" uspid="10663" ordinal="3" offset="17" sl="1751" sc="17" el="1751" ec="30" bec="0" bev="0" fileid="39" />
                <SequencePoint vc="0" uspid="10664" ordinal="4" offset="25" sl="1754" sc="13" el="1754" ec="92" bec="0" bev="0" fileid="39" />
                <SequencePoint vc="0" uspid="10665" ordinal="5" offset="54" sl="1756" sc="13" el="1756" ec="50" bec="0" bev="0" fileid="39" />
                <SequencePoint vc="0" uspid="10666" ordinal="6" offset="66" sl="1757" sc="13" el="1757" ec="48" bec="0" bev="0" fileid="39" />
                <SequencePoint vc="0" uspid="10667" ordinal="7" offset="79" sl="1759" sc="13" el="1759" ec="26" bec="2" bev="0" fileid="39" />
                <SequencePoint vc="0" uspid="10668" ordinal="8" offset="94" sl="1760" sc="13" el="1760" ec="14" bec="0" bev="0" fileid="39" />
                <SequencePoint vc="0" uspid="10669" ordinal="9" offset="95" sl="1761" sc="17" el="1761" ec="30" bec="0" bev="0" fileid="39" />
                <SequencePoint vc="0" uspid="10670" ordinal="10" offset="103" sl="1764" sc="13" el="1764" ec="47" bec="0" bev="0" fileid="39" />
                <SequencePoint vc="0" uspid="10671" ordinal="11" offset="115" sl="1765" sc="13" el="1765" ec="24" bec="2" bev="0" fileid="39" />
                <SequencePoint vc="0" uspid="10672" ordinal="12" offset="128" sl="1766" sc="13" el="1766" ec="14" bec="0" bev="0" fileid="39" />
                <SequencePoint vc="0" uspid="10673" ordinal="13" offset="129" sl="1767" sc="17" el="1767" ec="74" bec="0" bev="0" fileid="39" />
                <SequencePoint vc="0" uspid="10674" ordinal="14" offset="148" sl="1768" sc="13" el="1768" ec="14" bec="0" bev="0" fileid="39" />
                <SequencePoint vc="0" uspid="10675" ordinal="15" offset="149" sl="1769" sc="13" el="1769" ec="52" bec="0" bev="0" fileid="39" />
                <SequencePoint vc="0" uspid="10676" ordinal="16" offset="161" sl="1771" sc="13" el="1771" ec="69" bec="0" bev="0" fileid="39" />
                <SequencePoint vc="0" uspid="10677" ordinal="17" offset="180" sl="1772" sc="13" el="1772" ec="47" bec="2" bev="0" fileid="39" />
                <SequencePoint vc="0" uspid="10678" ordinal="18" offset="200" sl="1773" sc="13" el="1773" ec="14" bec="0" bev="0" fileid="39" />
                <SequencePoint vc="0" uspid="10679" ordinal="19" offset="201" sl="1774" sc="17" el="1774" ec="30" bec="0" bev="0" fileid="39" />
                <SequencePoint vc="0" uspid="10680" ordinal="20" offset="209" sl="1777" sc="13" el="1777" ec="50" bec="0" bev="0" fileid="39" />
                <SequencePoint vc="0" uspid="10681" ordinal="21" offset="222" sl="1779" sc="13" el="1779" ec="26" bec="2" bev="0" fileid="39" />
                <SequencePoint vc="0" uspid="10682" ordinal="22" offset="237" sl="1780" sc="13" el="1780" ec="14" bec="0" bev="0" fileid="39" />
                <SequencePoint vc="0" uspid="10683" ordinal="23" offset="238" sl="1781" sc="17" el="1781" ec="30" bec="0" bev="0" fileid="39" />
                <SequencePoint vc="0" uspid="10684" ordinal="24" offset="243" sl="1784" sc="13" el="1784" ec="47" bec="0" bev="0" fileid="39" />
                <SequencePoint vc="0" uspid="10685" ordinal="25" offset="256" sl="1785" sc="13" el="1785" ec="24" bec="2" bev="0" fileid="39" />
                <SequencePoint vc="0" uspid="10686" ordinal="26" offset="270" sl="1786" sc="13" el="1786" ec="14" bec="0" bev="0" fileid="39" />
                <SequencePoint vc="0" uspid="10687" ordinal="27" offset="271" sl="1787" sc="17" el="1787" ec="74" bec="0" bev="0" fileid="39" />
                <SequencePoint vc="0" uspid="10688" ordinal="28" offset="291" sl="1788" sc="13" el="1788" ec="14" bec="0" bev="0" fileid="39" />
                <SequencePoint vc="0" uspid="10689" ordinal="29" offset="292" sl="1790" sc="13" el="1790" ec="95" bec="0" bev="0" fileid="39" />
                <SequencePoint vc="0" uspid="10690" ordinal="30" offset="321" sl="1791" sc="13" el="1791" ec="78" bec="0" bev="0" fileid="39" />
                <SequencePoint vc="0" uspid="10691" ordinal="31" offset="340" sl="1792" sc="13" el="1792" ec="46" bec="0" bev="0" fileid="39" />
                <SequencePoint vc="0" uspid="10692" ordinal="32" offset="352" sl="1793" sc="13" el="1793" ec="25" bec="0" bev="0" fileid="39" />
                <SequencePoint vc="0" uspid="10693" ordinal="33" offset="357" sl="1794" sc="9" el="1794" ec="10" bec="0" bev="0" fileid="39" />
              </SequencePoints>
              <BranchPoints>
                <BranchPoint vc="0" uspid="10694" ordinal="0" offset="14" sl="1749" path="0" offsetend="16" fileid="39" />
                <BranchPoint vc="0" uspid="10695" ordinal="1" offset="14" sl="1749" path="1" offsetend="25" fileid="39" />
                <BranchPoint vc="0" uspid="10696" ordinal="2" offset="92" sl="1759" path="0" offsetend="94" fileid="39" />
                <BranchPoint vc="0" uspid="10697" ordinal="3" offset="92" sl="1759" path="1" offsetend="103" fileid="39" />
                <BranchPoint vc="0" uspid="10698" ordinal="4" offset="126" sl="1765" path="0" offsetend="128" fileid="39" />
                <BranchPoint vc="0" uspid="10699" ordinal="5" offset="126" sl="1765" path="1" offsetend="149" fileid="39" />
                <BranchPoint vc="0" uspid="10700" ordinal="6" offset="198" sl="1772" path="0" offsetend="200" fileid="39" />
                <BranchPoint vc="0" uspid="10701" ordinal="7" offset="198" sl="1772" path="1" offsetend="209" fileid="39" />
                <BranchPoint vc="0" uspid="10702" ordinal="8" offset="235" sl="1779" path="0" offsetend="237" fileid="39" />
                <BranchPoint vc="0" uspid="10703" ordinal="9" offset="235" sl="1779" path="1" offsetend="243" fileid="39" />
                <BranchPoint vc="0" uspid="10704" ordinal="10" offset="268" sl="1785" path="0" offsetend="270" fileid="39" />
                <BranchPoint vc="0" uspid="10705" ordinal="11" offset="268" sl="1785" path="1" offsetend="292" fileid="39" />
              </BranchPoints>
              <MethodPoint xsi:type="SequencePoint" vc="0" uspid="10660" ordinal="0" offset="0" sl="1748" sc="9" el="1748" ec="10" bec="0" bev="0" fileid="39" />
            </Method>
            <Method visited="false" cyclomaticComplexity="12" nPathComplexity="1024" sequenceCoverage="0" branchCoverage="0" crapScore="156" isConstructor="false" isStatic="false" isGetter="false" isSetter="false">
              <Summary numSequencePoints="25" visitedSequencePoints="0" numBranchPoints="21" visitedBranchPoints="0" sequenceCoverage="0" branchCoverage="0" maxCyclomaticComplexity="12" minCyclomaticComplexity="12" maxCrapScore="156" minCrapScore="156" visitedClasses="0" numClasses="0" visitedMethods="0" numMethods="1" />
              <MetadataToken>100663786</MetadataToken>
              <Name>System.Boolean ExMat.Compiler.ExCompiler::ExExp()</Name>
              <FileRef uid="39" />
              <SequencePoints>
                <SequencePoint vc="0" uspid="10706" ordinal="0" offset="0" sl="1797" sc="9" el="1797" ec="10" bec="0" bev="0" fileid="39" />
                <SequencePoint vc="0" uspid="10707" ordinal="1" offset="1" sl="1799" sc="13" el="1799" ec="54" bec="0" bev="0" fileid="39" />
                <SequencePoint vc="0" uspid="10708" ordinal="2" offset="13" sl="1800" sc="13" el="1800" ec="55" bec="0" bev="0" fileid="39" />
                <SequencePoint vc="0" uspid="10709" ordinal="3" offset="25" sl="1801" sc="13" el="1801" ec="43" bec="0" bev="0" fileid="39" />
                <SequencePoint vc="0" uspid="10710" ordinal="4" offset="37" sl="1802" sc="13" el="1802" ec="53" bec="0" bev="0" fileid="39" />
                <SequencePoint vc="0" uspid="10711" ordinal="5" offset="49" sl="1804" sc="13" el="1804" ec="30" bec="2" bev="0" fileid="39" />
                <SequencePoint vc="0" uspid="10712" ordinal="6" offset="62" sl="1805" sc="13" el="1805" ec="14" bec="0" bev="0" fileid="39" />
                <SequencePoint vc="0" uspid="10713" ordinal="7" offset="63" sl="1806" sc="17" el="1806" ec="30" bec="0" bev="0" fileid="39" />
                <SequencePoint vc="0" uspid="10714" ordinal="8" offset="70" sl="1809" sc="13" el="1809" ec="34" bec="5" bev="0" fileid="39" />
                <SequencePoint vc="0" uspid="10715" ordinal="9" offset="134" sl="1818" sc="21" el="1818" ec="22" bec="0" bev="0" fileid="39" />
                <SequencePoint vc="0" uspid="10716" ordinal="10" offset="135" sl="1819" sc="25" el="1819" ec="53" bec="0" bev="0" fileid="39" />
                <SequencePoint vc="0" uspid="10717" ordinal="11" offset="143" sl="1820" sc="25" el="1820" ec="61" bec="0" bev="0" fileid="39" />
                <SequencePoint vc="0" uspid="10718" ordinal="12" offset="156" sl="1821" sc="25" el="1821" ec="66" bec="0" bev="0" fileid="39" />
                <SequencePoint vc="0" uspid="10719" ordinal="13" offset="169" sl="1823" sc="25" el="1826" ec="67" bec="6" bev="0" fileid="39" />
                <SequencePoint vc="0" uspid="10720" ordinal="14" offset="219" sl="1827" sc="25" el="1827" ec="26" bec="0" bev="0" fileid="39" />
                <SequencePoint vc="0" uspid="10721" ordinal="15" offset="220" sl="1828" sc="29" el="1828" ec="42" bec="0" bev="0" fileid="39" />
                <SequencePoint vc="0" uspid="10722" ordinal="16" offset="224" sl="1830" sc="25" el="1830" ec="31" bec="0" bev="0" fileid="39" />
                <SequencePoint vc="0" uspid="10723" ordinal="17" offset="226" sl="1833" sc="21" el="1833" ec="22" bec="0" bev="0" fileid="39" />
                <SequencePoint vc="0" uspid="10724" ordinal="18" offset="227" sl="1834" sc="25" el="1834" ec="45" bec="2" bev="0" fileid="39" />
                <SequencePoint vc="0" uspid="10725" ordinal="19" offset="242" sl="1835" sc="25" el="1835" ec="26" bec="0" bev="0" fileid="39" />
                <SequencePoint vc="0" uspid="10726" ordinal="20" offset="243" sl="1836" sc="29" el="1836" ec="42" bec="0" bev="0" fileid="39" />
                <SequencePoint vc="0" uspid="10727" ordinal="21" offset="247" sl="1838" sc="25" el="1838" ec="31" bec="0" bev="0" fileid="39" />
                <SequencePoint vc="0" uspid="10728" ordinal="22" offset="249" sl="1842" sc="13" el="1842" ec="38" bec="0" bev="0" fileid="39" />
                <SequencePoint vc="0" uspid="10729" ordinal="23" offset="256" sl="1843" sc="13" el="1843" ec="25" bec="0" bev="0" fileid="39" />
                <SequencePoint vc="0" uspid="10730" ordinal="24" offset="260" sl="1844" sc="9" el="1844" ec="10" bec="0" bev="0" fileid="39" />
              </SequencePoints>
              <BranchPoints>
                <BranchPoint vc="0" uspid="10731" ordinal="0" offset="60" sl="1804" path="0" offsetend="62" fileid="39" />
                <BranchPoint vc="0" uspid="10732" ordinal="1" offset="60" sl="1804" path="1" offsetend="70" fileid="39" />
                <BranchPoint vc="0" uspid="10733" ordinal="2" offset="95" sl="1809" path="0" offsetchain="97" offsetend="99" fileid="39" />
                <BranchPoint vc="0" uspid="10734" ordinal="3" offset="95" sl="1809" path="1" offsetend="134" fileid="39" />
                <BranchPoint vc="0" uspid="10735" ordinal="4" offset="105" sl="1809" path="0" offsetchain="107" offsetend="249" fileid="39" />
                <BranchPoint vc="0" uspid="10736" ordinal="5" offset="105" sl="1809" path="1" offsetend="226" fileid="39" />
                <BranchPoint vc="0" uspid="10737" ordinal="6" offset="120" sl="1809" path="0" offsetchain="122" offsetend="124" fileid="39" />
                <BranchPoint vc="0" uspid="10738" ordinal="7" offset="120" sl="1809" path="1" offsetend="134" fileid="39" />
                <BranchPoint vc="0" uspid="10739" ordinal="8" offset="130" sl="1809" path="0" offsetchain="132" offsetend="249" fileid="39" />
                <BranchPoint vc="0" uspid="10740" ordinal="9" offset="130" sl="1809" path="1" offsetend="134" fileid="39" />
                <BranchPoint vc="0" uspid="10741" ordinal="10" offset="177" sl="1823" path="0" offsetend="179" fileid="39" />
                <BranchPoint vc="0" uspid="10742" ordinal="11" offset="177" sl="1823" path="1" offsetend="212" fileid="39" />
                <BranchPoint vc="0" uspid="10743" ordinal="12" offset="185" sl="1823" path="0" offsetend="187" fileid="39" />
                <BranchPoint vc="0" uspid="10744" ordinal="13" offset="185" sl="1823" path="1" offsetend="212" fileid="39" />
                <BranchPoint vc="0" uspid="10745" ordinal="14" offset="193" sl="1823" path="0" offsetend="195" fileid="39" />
                <BranchPoint vc="0" uspid="10746" ordinal="15" offset="193" sl="1823" path="1" offsetend="212" fileid="39" />
                <BranchPoint vc="0" uspid="10747" ordinal="16" offset="217" sl="1823" path="0" offsetend="219" fileid="39" />
                <BranchPoint vc="0" uspid="10748" ordinal="17" offset="217" sl="1823" path="1" offsetchain="224" offsetend="249" fileid="39" />
                <BranchPoint vc="0" uspid="10749" ordinal="18" offset="240" sl="1834" path="0" offsetend="242" fileid="39" />
                <BranchPoint vc="0" uspid="10750" ordinal="19" offset="240" sl="1834" path="1" offsetchain="247" offsetend="249" fileid="39" />
              </BranchPoints>
              <MethodPoint xsi:type="SequencePoint" vc="0" uspid="10706" ordinal="0" offset="0" sl="1797" sc="9" el="1797" ec="10" bec="0" bev="0" fileid="39" />
            </Method>
            <Method visited="false" cyclomaticComplexity="7" nPathComplexity="32" sequenceCoverage="0" branchCoverage="0" crapScore="56" isConstructor="false" isStatic="false" isGetter="false" isSetter="false">
              <Summary numSequencePoints="31" visitedSequencePoints="0" numBranchPoints="11" visitedBranchPoints="0" sequenceCoverage="0" branchCoverage="0" maxCyclomaticComplexity="7" minCyclomaticComplexity="7" maxCrapScore="56" minCrapScore="56" visitedClasses="0" numClasses="0" visitedMethods="0" numMethods="1" />
              <MetadataToken>100663787</MetadataToken>
              <Name>System.Boolean ExMat.Compiler.ExCompiler::ExLogicOr()</Name>
              <FileRef uid="39" />
              <SequencePoints>
                <SequencePoint vc="0" uspid="10751" ordinal="0" offset="0" sl="1847" sc="9" el="1847" ec="10" bec="0" bev="0" fileid="39" />
                <SequencePoint vc="0" uspid="10752" ordinal="1" offset="1" sl="1848" sc="13" el="1848" ec="31" bec="0" bev="0" fileid="39" />
                <SequencePoint vc="0" uspid="10753" ordinal="2" offset="14" sl="1849" sc="13" el="1849" ec="14" bec="0" bev="0" fileid="39" />
                <SequencePoint vc="0" uspid="10754" ordinal="3" offset="15" sl="1850" sc="17" el="1850" ec="30" bec="0" bev="0" fileid="39" />
                <SequencePoint vc="0" uspid="10755" ordinal="4" offset="27" sl="1853" sc="13" el="1853" ec="14" bec="0" bev="0" fileid="39" />
                <SequencePoint vc="0" uspid="10756" ordinal="5" offset="28" sl="1854" sc="17" el="1854" ec="38" bec="2" bev="0" fileid="39" />
                <SequencePoint vc="0" uspid="10757" ordinal="6" offset="50" sl="1857" sc="25" el="1857" ec="26" bec="0" bev="0" fileid="39" />
                <SequencePoint vc="0" uspid="10758" ordinal="7" offset="51" sl="1858" sc="29" el="1858" ec="63" bec="0" bev="0" fileid="39" />
                <SequencePoint vc="0" uspid="10759" ordinal="8" offset="64" sl="1859" sc="29" el="1859" ec="64" bec="0" bev="0" fileid="39" />
                <SequencePoint vc="0" uspid="10760" ordinal="9" offset="78" sl="1861" sc="29" el="1861" ec="84" bec="0" bev="0" fileid="39" />
                <SequencePoint vc="0" uspid="10761" ordinal="10" offset="99" sl="1863" sc="29" el="1863" ec="64" bec="0" bev="0" fileid="39" />
                <SequencePoint vc="0" uspid="10762" ordinal="11" offset="112" sl="1865" sc="29" el="1865" ec="40" bec="2" bev="0" fileid="39" />
                <SequencePoint vc="0" uspid="10763" ordinal="12" offset="127" sl="1866" sc="29" el="1866" ec="30" bec="0" bev="0" fileid="39" />
                <SequencePoint vc="0" uspid="10764" ordinal="13" offset="128" sl="1867" sc="33" el="1867" ec="90" bec="0" bev="0" fileid="39" />
                <SequencePoint vc="0" uspid="10765" ordinal="14" offset="149" sl="1868" sc="29" el="1868" ec="30" bec="0" bev="0" fileid="39" />
                <SequencePoint vc="0" uspid="10766" ordinal="15" offset="150" sl="1870" sc="29" el="1870" ec="79" bec="4" bev="0" fileid="39" />
                <SequencePoint vc="0" uspid="10767" ordinal="16" offset="188" sl="1871" sc="29" el="1871" ec="30" bec="0" bev="0" fileid="39" />
                <SequencePoint vc="0" uspid="10768" ordinal="17" offset="189" sl="1872" sc="33" el="1872" ec="46" bec="0" bev="0" fileid="39" />
                <SequencePoint vc="0" uspid="10769" ordinal="18" offset="193" sl="1875" sc="29" el="1875" ec="62" bec="0" bev="0" fileid="39" />
                <SequencePoint vc="0" uspid="10770" ordinal="19" offset="205" sl="1877" sc="29" el="1877" ec="63" bec="0" bev="0" fileid="39" />
                <SequencePoint vc="0" uspid="10771" ordinal="20" offset="218" sl="1879" sc="29" el="1879" ec="40" bec="2" bev="0" fileid="39" />
                <SequencePoint vc="0" uspid="10772" ordinal="21" offset="233" sl="1880" sc="29" el="1880" ec="30" bec="0" bev="0" fileid="39" />
                <SequencePoint vc="0" uspid="10773" ordinal="22" offset="234" sl="1881" sc="33" el="1881" ec="90" bec="0" bev="0" fileid="39" />
                <SequencePoint vc="0" uspid="10774" ordinal="23" offset="255" sl="1882" sc="29" el="1882" ec="30" bec="0" bev="0" fileid="39" />
                <SequencePoint vc="0" uspid="10775" ordinal="24" offset="256" sl="1884" sc="29" el="1884" ec="62" bec="0" bev="0" fileid="39" />
                <SequencePoint vc="0" uspid="10776" ordinal="25" offset="268" sl="1885" sc="29" el="1885" ec="107" bec="0" bev="0" fileid="39" />
                <SequencePoint vc="0" uspid="10777" ordinal="26" offset="297" sl="1886" sc="29" el="1886" ec="35" bec="0" bev="0" fileid="39" />
                <SequencePoint vc="0" uspid="10778" ordinal="27" offset="299" sl="1889" sc="25" el="1889" ec="37" bec="0" bev="0" fileid="39" />
                <SequencePoint vc="0" uspid="10779" ordinal="28" offset="303" sl="1891" sc="13" el="1891" ec="14" bec="0" bev="0" fileid="39" />
                <SequencePoint vc="0" uspid="10780" ordinal="29" offset="304" sl="1852" sc="13" el="1852" ec="25" bec="0" bev="0" fileid="39" />
                <SequencePoint vc="0" uspid="10781" ordinal="30" offset="312" sl="1892" sc="9" el="1892" ec="10" bec="0" bev="0" fileid="39" />
              </SequencePoints>
              <BranchPoints>
                <BranchPoint vc="0" uspid="10782" ordinal="0" offset="43" sl="1854" path="0" offsetchain="45" offsetend="299" fileid="39" />
                <BranchPoint vc="0" uspid="10783" ordinal="1" offset="43" sl="1854" path="1" offsetend="50" fileid="39" />
                <BranchPoint vc="0" uspid="10784" ordinal="2" offset="125" sl="1865" path="0" offsetend="127" fileid="39" />
                <BranchPoint vc="0" uspid="10785" ordinal="3" offset="125" sl="1865" path="1" offsetend="150" fileid="39" />
                <BranchPoint vc="0" uspid="10786" ordinal="4" offset="156" sl="1870" path="0" offsetend="158" fileid="39" />
                <BranchPoint vc="0" uspid="10787" ordinal="5" offset="156" sl="1870" path="1" offsetend="181" fileid="39" />
                <BranchPoint vc="0" uspid="10788" ordinal="6" offset="186" sl="1870" path="0" offsetend="188" fileid="39" />
                <BranchPoint vc="0" uspid="10789" ordinal="7" offset="186" sl="1870" path="1" offsetend="193" fileid="39" />
                <BranchPoint vc="0" uspid="10790" ordinal="8" offset="231" sl="1879" path="0" offsetend="233" fileid="39" />
                <BranchPoint vc="0" uspid="10791" ordinal="9" offset="231" sl="1879" path="1" offsetend="256" fileid="39" />
              </BranchPoints>
              <MethodPoint xsi:type="SequencePoint" vc="0" uspid="10751" ordinal="0" offset="0" sl="1847" sc="9" el="1847" ec="10" bec="0" bev="0" fileid="39" />
            </Method>
            <Method visited="false" cyclomaticComplexity="7" nPathComplexity="32" sequenceCoverage="0" branchCoverage="0" crapScore="56" isConstructor="false" isStatic="false" isGetter="false" isSetter="false">
              <Summary numSequencePoints="31" visitedSequencePoints="0" numBranchPoints="11" visitedBranchPoints="0" sequenceCoverage="0" branchCoverage="0" maxCyclomaticComplexity="7" minCyclomaticComplexity="7" maxCrapScore="56" minCrapScore="56" visitedClasses="0" numClasses="0" visitedMethods="0" numMethods="1" />
              <MetadataToken>100663788</MetadataToken>
              <Name>System.Boolean ExMat.Compiler.ExCompiler::ExLogicAnd()</Name>
              <FileRef uid="39" />
              <SequencePoints>
                <SequencePoint vc="0" uspid="10792" ordinal="0" offset="0" sl="1894" sc="9" el="1894" ec="10" bec="0" bev="0" fileid="39" />
                <SequencePoint vc="0" uspid="10793" ordinal="1" offset="1" sl="1895" sc="13" el="1895" ec="31" bec="0" bev="0" fileid="39" />
                <SequencePoint vc="0" uspid="10794" ordinal="2" offset="14" sl="1896" sc="13" el="1896" ec="14" bec="0" bev="0" fileid="39" />
                <SequencePoint vc="0" uspid="10795" ordinal="3" offset="15" sl="1897" sc="17" el="1897" ec="30" bec="0" bev="0" fileid="39" />
                <SequencePoint vc="0" uspid="10796" ordinal="4" offset="27" sl="1900" sc="13" el="1900" ec="14" bec="0" bev="0" fileid="39" />
                <SequencePoint vc="0" uspid="10797" ordinal="5" offset="28" sl="1901" sc="17" el="1901" ec="38" bec="2" bev="0" fileid="39" />
                <SequencePoint vc="0" uspid="10798" ordinal="6" offset="50" sl="1904" sc="25" el="1904" ec="26" bec="0" bev="0" fileid="39" />
                <SequencePoint vc="0" uspid="10799" ordinal="7" offset="51" sl="1905" sc="29" el="1905" ec="63" bec="0" bev="0" fileid="39" />
                <SequencePoint vc="0" uspid="10800" ordinal="8" offset="64" sl="1906" sc="29" el="1906" ec="64" bec="0" bev="0" fileid="39" />
                <SequencePoint vc="0" uspid="10801" ordinal="9" offset="78" sl="1908" sc="29" el="1908" ec="85" bec="0" bev="0" fileid="39" />
                <SequencePoint vc="0" uspid="10802" ordinal="10" offset="99" sl="1910" sc="29" el="1910" ec="64" bec="0" bev="0" fileid="39" />
                <SequencePoint vc="0" uspid="10803" ordinal="11" offset="112" sl="1912" sc="29" el="1912" ec="40" bec="2" bev="0" fileid="39" />
                <SequencePoint vc="0" uspid="10804" ordinal="12" offset="127" sl="1913" sc="29" el="1913" ec="30" bec="0" bev="0" fileid="39" />
                <SequencePoint vc="0" uspid="10805" ordinal="13" offset="128" sl="1914" sc="33" el="1914" ec="90" bec="0" bev="0" fileid="39" />
                <SequencePoint vc="0" uspid="10806" ordinal="14" offset="149" sl="1915" sc="29" el="1915" ec="30" bec="0" bev="0" fileid="39" />
                <SequencePoint vc="0" uspid="10807" ordinal="15" offset="150" sl="1916" sc="29" el="1916" ec="80" bec="4" bev="0" fileid="39" />
                <SequencePoint vc="0" uspid="10808" ordinal="16" offset="188" sl="1917" sc="29" el="1917" ec="30" bec="0" bev="0" fileid="39" />
                <SequencePoint vc="0" uspid="10809" ordinal="17" offset="189" sl="1918" sc="33" el="1918" ec="46" bec="0" bev="0" fileid="39" />
                <SequencePoint vc="0" uspid="10810" ordinal="18" offset="193" sl="1921" sc="29" el="1921" ec="62" bec="0" bev="0" fileid="39" />
                <SequencePoint vc="0" uspid="10811" ordinal="19" offset="205" sl="1923" sc="29" el="1923" ec="63" bec="0" bev="0" fileid="39" />
                <SequencePoint vc="0" uspid="10812" ordinal="20" offset="218" sl="1925" sc="29" el="1925" ec="40" bec="2" bev="0" fileid="39" />
                <SequencePoint vc="0" uspid="10813" ordinal="21" offset="233" sl="1926" sc="29" el="1926" ec="30" bec="0" bev="0" fileid="39" />
                <SequencePoint vc="0" uspid="10814" ordinal="22" offset="234" sl="1927" sc="33" el="1927" ec="90" bec="0" bev="0" fileid="39" />
                <SequencePoint vc="0" uspid="10815" ordinal="23" offset="255" sl="1928" sc="29" el="1928" ec="30" bec="0" bev="0" fileid="39" />
                <SequencePoint vc="0" uspid="10816" ordinal="24" offset="256" sl="1930" sc="29" el="1930" ec="62" bec="0" bev="0" fileid="39" />
                <SequencePoint vc="0" uspid="10817" ordinal="25" offset="268" sl="1931" sc="29" el="1931" ec="107" bec="0" bev="0" fileid="39" />
                <SequencePoint vc="0" uspid="10818" ordinal="26" offset="297" sl="1932" sc="29" el="1932" ec="35" bec="0" bev="0" fileid="39" />
                <SequencePoint vc="0" uspid="10819" ordinal="27" offset="299" sl="1935" sc="25" el="1935" ec="37" bec="0" bev="0" fileid="39" />
                <SequencePoint vc="0" uspid="10820" ordinal="28" offset="303" sl="1937" sc="13" el="1937" ec="14" bec="0" bev="0" fileid="39" />
                <SequencePoint vc="0" uspid="10821" ordinal="29" offset="304" sl="1899" sc="13" el="1899" ec="25" bec="0" bev="0" fileid="39" />
                <SequencePoint vc="0" uspid="10822" ordinal="30" offset="312" sl="1938" sc="9" el="1938" ec="10" bec="0" bev="0" fileid="39" />
              </SequencePoints>
              <BranchPoints>
                <BranchPoint vc="0" uspid="10823" ordinal="0" offset="43" sl="1901" path="0" offsetchain="45" offsetend="299" fileid="39" />
                <BranchPoint vc="0" uspid="10824" ordinal="1" offset="43" sl="1901" path="1" offsetend="50" fileid="39" />
                <BranchPoint vc="0" uspid="10825" ordinal="2" offset="125" sl="1912" path="0" offsetend="127" fileid="39" />
                <BranchPoint vc="0" uspid="10826" ordinal="3" offset="125" sl="1912" path="1" offsetend="150" fileid="39" />
                <BranchPoint vc="0" uspid="10827" ordinal="4" offset="156" sl="1916" path="0" offsetend="158" fileid="39" />
                <BranchPoint vc="0" uspid="10828" ordinal="5" offset="156" sl="1916" path="1" offsetend="181" fileid="39" />
                <BranchPoint vc="0" uspid="10829" ordinal="6" offset="186" sl="1916" path="0" offsetend="188" fileid="39" />
                <BranchPoint vc="0" uspid="10830" ordinal="7" offset="186" sl="1916" path="1" offsetend="193" fileid="39" />
                <BranchPoint vc="0" uspid="10831" ordinal="8" offset="231" sl="1925" path="0" offsetend="233" fileid="39" />
                <BranchPoint vc="0" uspid="10832" ordinal="9" offset="231" sl="1925" path="1" offsetend="256" fileid="39" />
              </BranchPoints>
              <MethodPoint xsi:type="SequencePoint" vc="0" uspid="10792" ordinal="0" offset="0" sl="1894" sc="9" el="1894" ec="10" bec="0" bev="0" fileid="39" />
            </Method>
            <Method visited="false" cyclomaticComplexity="4" nPathComplexity="4" sequenceCoverage="0" branchCoverage="0" crapScore="20" isConstructor="false" isStatic="false" isGetter="false" isSetter="false">
              <Summary numSequencePoints="15" visitedSequencePoints="0" numBranchPoints="5" visitedBranchPoints="0" sequenceCoverage="0" branchCoverage="0" maxCyclomaticComplexity="4" minCyclomaticComplexity="4" maxCrapScore="20" minCrapScore="20" visitedClasses="0" numClasses="0" visitedMethods="0" numMethods="1" />
              <MetadataToken>100663789</MetadataToken>
              <Name>System.Boolean ExMat.Compiler.ExCompiler::ExLogicBOr()</Name>
              <FileRef uid="39" />
              <SequencePoints>
                <SequencePoint vc="0" uspid="10833" ordinal="0" offset="0" sl="1940" sc="9" el="1940" ec="10" bec="0" bev="0" fileid="39" />
                <SequencePoint vc="0" uspid="10834" ordinal="1" offset="1" sl="1941" sc="13" el="1941" ec="32" bec="0" bev="0" fileid="39" />
                <SequencePoint vc="0" uspid="10835" ordinal="2" offset="14" sl="1942" sc="13" el="1942" ec="14" bec="0" bev="0" fileid="39" />
                <SequencePoint vc="0" uspid="10836" ordinal="3" offset="15" sl="1943" sc="17" el="1943" ec="30" bec="0" bev="0" fileid="39" />
                <SequencePoint vc="0" uspid="10837" ordinal="4" offset="21" sl="1946" sc="13" el="1946" ec="14" bec="0" bev="0" fileid="39" />
                <SequencePoint vc="0" uspid="10838" ordinal="5" offset="22" sl="1947" sc="17" el="1947" ec="38" bec="2" bev="0" fileid="39" />
                <SequencePoint vc="0" uspid="10839" ordinal="6" offset="41" sl="1950" sc="25" el="1950" ec="26" bec="0" bev="0" fileid="39" />
                <SequencePoint vc="0" uspid="10840" ordinal="7" offset="42" sl="1951" sc="29" el="1951" ec="99" bec="2" bev="0" fileid="39" />
                <SequencePoint vc="0" uspid="10841" ordinal="8" offset="72" sl="1952" sc="29" el="1952" ec="30" bec="0" bev="0" fileid="39" />
                <SequencePoint vc="0" uspid="10842" ordinal="9" offset="73" sl="1953" sc="33" el="1953" ec="46" bec="0" bev="0" fileid="39" />
                <SequencePoint vc="0" uspid="10843" ordinal="10" offset="77" sl="1955" sc="29" el="1955" ec="35" bec="0" bev="0" fileid="39" />
                <SequencePoint vc="0" uspid="10844" ordinal="11" offset="79" sl="1958" sc="25" el="1958" ec="37" bec="0" bev="0" fileid="39" />
                <SequencePoint vc="0" uspid="10845" ordinal="12" offset="83" sl="1960" sc="13" el="1960" ec="14" bec="0" bev="0" fileid="39" />
                <SequencePoint vc="0" uspid="10846" ordinal="13" offset="84" sl="1945" sc="13" el="1945" ec="25" bec="0" bev="0" fileid="39" />
                <SequencePoint vc="0" uspid="10847" ordinal="14" offset="89" sl="1961" sc="9" el="1961" ec="10" bec="0" bev="0" fileid="39" />
              </SequencePoints>
              <BranchPoints>
                <BranchPoint vc="0" uspid="10848" ordinal="0" offset="37" sl="1947" path="0" offsetchain="39" offsetend="79" fileid="39" />
                <BranchPoint vc="0" uspid="10849" ordinal="1" offset="37" sl="1947" path="1" offsetend="41" fileid="39" />
                <BranchPoint vc="0" uspid="10850" ordinal="2" offset="70" sl="1951" path="0" offsetend="72" fileid="39" />
                <BranchPoint vc="0" uspid="10851" ordinal="3" offset="70" sl="1951" path="1" offsetchain="77" offsetend="83" fileid="39" />
              </BranchPoints>
              <MethodPoint xsi:type="SequencePoint" vc="0" uspid="10833" ordinal="0" offset="0" sl="1940" sc="9" el="1940" ec="10" bec="0" bev="0" fileid="39" />
            </Method>
            <Method visited="false" cyclomaticComplexity="4" nPathComplexity="4" sequenceCoverage="0" branchCoverage="0" crapScore="20" isConstructor="false" isStatic="false" isGetter="false" isSetter="false">
              <Summary numSequencePoints="15" visitedSequencePoints="0" numBranchPoints="5" visitedBranchPoints="0" sequenceCoverage="0" branchCoverage="0" maxCyclomaticComplexity="4" minCyclomaticComplexity="4" maxCrapScore="20" minCrapScore="20" visitedClasses="0" numClasses="0" visitedMethods="0" numMethods="1" />
              <MetadataToken>100663790</MetadataToken>
              <Name>System.Boolean ExMat.Compiler.ExCompiler::ExLogicBXOr()</Name>
              <FileRef uid="39" />
              <SequencePoints>
                <SequencePoint vc="0" uspid="10852" ordinal="0" offset="0" sl="1963" sc="9" el="1963" ec="10" bec="0" bev="0" fileid="39" />
                <SequencePoint vc="0" uspid="10853" ordinal="1" offset="1" sl="1964" sc="13" el="1964" ec="32" bec="0" bev="0" fileid="39" />
                <SequencePoint vc="0" uspid="10854" ordinal="2" offset="14" sl="1965" sc="13" el="1965" ec="14" bec="0" bev="0" fileid="39" />
                <SequencePoint vc="0" uspid="10855" ordinal="3" offset="15" sl="1966" sc="17" el="1966" ec="30" bec="0" bev="0" fileid="39" />
                <SequencePoint vc="0" uspid="10856" ordinal="4" offset="21" sl="1969" sc="13" el="1969" ec="14" bec="0" bev="0" fileid="39" />
                <SequencePoint vc="0" uspid="10857" ordinal="5" offset="22" sl="1970" sc="17" el="1970" ec="38" bec="2" bev="0" fileid="39" />
                <SequencePoint vc="0" uspid="10858" ordinal="6" offset="41" sl="1973" sc="25" el="1973" ec="26" bec="0" bev="0" fileid="39" />
                <SequencePoint vc="0" uspid="10859" ordinal="7" offset="42" sl="1974" sc="29" el="1974" ec="100" bec="2" bev="0" fileid="39" />
                <SequencePoint vc="0" uspid="10860" ordinal="8" offset="72" sl="1975" sc="29" el="1975" ec="30" bec="0" bev="0" fileid="39" />
                <SequencePoint vc="0" uspid="10861" ordinal="9" offset="73" sl="1976" sc="33" el="1976" ec="46" bec="0" bev="0" fileid="39" />
                <SequencePoint vc="0" uspid="10862" ordinal="10" offset="77" sl="1978" sc="29" el="1978" ec="35" bec="0" bev="0" fileid="39" />
                <SequencePoint vc="0" uspid="10863" ordinal="11" offset="79" sl="1981" sc="25" el="1981" ec="37" bec="0" bev="0" fileid="39" />
                <SequencePoint vc="0" uspid="10864" ordinal="12" offset="83" sl="1983" sc="13" el="1983" ec="14" bec="0" bev="0" fileid="39" />
                <SequencePoint vc="0" uspid="10865" ordinal="13" offset="84" sl="1968" sc="13" el="1968" ec="25" bec="0" bev="0" fileid="39" />
                <SequencePoint vc="0" uspid="10866" ordinal="14" offset="89" sl="1984" sc="9" el="1984" ec="10" bec="0" bev="0" fileid="39" />
              </SequencePoints>
              <BranchPoints>
                <BranchPoint vc="0" uspid="10867" ordinal="0" offset="37" sl="1970" path="0" offsetchain="39" offsetend="79" fileid="39" />
                <BranchPoint vc="0" uspid="10868" ordinal="1" offset="37" sl="1970" path="1" offsetend="41" fileid="39" />
                <BranchPoint vc="0" uspid="10869" ordinal="2" offset="70" sl="1974" path="0" offsetend="72" fileid="39" />
                <BranchPoint vc="0" uspid="10870" ordinal="3" offset="70" sl="1974" path="1" offsetchain="77" offsetend="83" fileid="39" />
              </BranchPoints>
              <MethodPoint xsi:type="SequencePoint" vc="0" uspid="10852" ordinal="0" offset="0" sl="1963" sc="9" el="1963" ec="10" bec="0" bev="0" fileid="39" />
            </Method>
            <Method visited="false" cyclomaticComplexity="4" nPathComplexity="4" sequenceCoverage="0" branchCoverage="0" crapScore="20" isConstructor="false" isStatic="false" isGetter="false" isSetter="false">
              <Summary numSequencePoints="15" visitedSequencePoints="0" numBranchPoints="5" visitedBranchPoints="0" sequenceCoverage="0" branchCoverage="0" maxCyclomaticComplexity="4" minCyclomaticComplexity="4" maxCrapScore="20" minCrapScore="20" visitedClasses="0" numClasses="0" visitedMethods="0" numMethods="1" />
              <MetadataToken>100663791</MetadataToken>
              <Name>System.Boolean ExMat.Compiler.ExCompiler::ExLogicBAnd()</Name>
              <FileRef uid="39" />
              <SequencePoints>
                <SequencePoint vc="0" uspid="10871" ordinal="0" offset="0" sl="1986" sc="9" el="1986" ec="10" bec="0" bev="0" fileid="39" />
                <SequencePoint vc="0" uspid="10872" ordinal="1" offset="1" sl="1987" sc="13" el="1987" ec="30" bec="0" bev="0" fileid="39" />
                <SequencePoint vc="0" uspid="10873" ordinal="2" offset="14" sl="1988" sc="13" el="1988" ec="14" bec="0" bev="0" fileid="39" />
                <SequencePoint vc="0" uspid="10874" ordinal="3" offset="15" sl="1989" sc="17" el="1989" ec="30" bec="0" bev="0" fileid="39" />
                <SequencePoint vc="0" uspid="10875" ordinal="4" offset="21" sl="1992" sc="13" el="1992" ec="14" bec="0" bev="0" fileid="39" />
                <SequencePoint vc="0" uspid="10876" ordinal="5" offset="22" sl="1993" sc="17" el="1993" ec="38" bec="2" bev="0" fileid="39" />
                <SequencePoint vc="0" uspid="10877" ordinal="6" offset="41" sl="1996" sc="25" el="1996" ec="26" bec="0" bev="0" fileid="39" />
                <SequencePoint vc="0" uspid="10878" ordinal="7" offset="42" sl="1997" sc="29" el="1997" ec="98" bec="2" bev="0" fileid="39" />
                <SequencePoint vc="0" uspid="10879" ordinal="8" offset="72" sl="1998" sc="29" el="1998" ec="30" bec="0" bev="0" fileid="39" />
                <SequencePoint vc="0" uspid="10880" ordinal="9" offset="73" sl="1999" sc="33" el="1999" ec="46" bec="0" bev="0" fileid="39" />
                <SequencePoint vc="0" uspid="10881" ordinal="10" offset="77" sl="2001" sc="29" el="2001" ec="35" bec="0" bev="0" fileid="39" />
                <SequencePoint vc="0" uspid="10882" ordinal="11" offset="79" sl="2004" sc="25" el="2004" ec="37" bec="0" bev="0" fileid="39" />
                <SequencePoint vc="0" uspid="10883" ordinal="12" offset="83" sl="2006" sc="13" el="2006" ec="14" bec="0" bev="0" fileid="39" />
                <SequencePoint vc="0" uspid="10884" ordinal="13" offset="84" sl="1991" sc="13" el="1991" ec="25" bec="0" bev="0" fileid="39" />
                <SequencePoint vc="0" uspid="10885" ordinal="14" offset="89" sl="2007" sc="9" el="2007" ec="10" bec="0" bev="0" fileid="39" />
              </SequencePoints>
              <BranchPoints>
                <BranchPoint vc="0" uspid="10886" ordinal="0" offset="37" sl="1993" path="0" offsetchain="39" offsetend="79" fileid="39" />
                <BranchPoint vc="0" uspid="10887" ordinal="1" offset="37" sl="1993" path="1" offsetend="41" fileid="39" />
                <BranchPoint vc="0" uspid="10888" ordinal="2" offset="70" sl="1997" path="0" offsetend="72" fileid="39" />
                <BranchPoint vc="0" uspid="10889" ordinal="3" offset="70" sl="1997" path="1" offsetchain="77" offsetend="83" fileid="39" />
              </BranchPoints>
              <MethodPoint xsi:type="SequencePoint" vc="0" uspid="10871" ordinal="0" offset="0" sl="1986" sc="9" el="1986" ec="10" bec="0" bev="0" fileid="39" />
            </Method>
            <Method visited="false" cyclomaticComplexity="6" nPathComplexity="16" sequenceCoverage="0" branchCoverage="0" crapScore="42" isConstructor="false" isStatic="false" isGetter="false" isSetter="false">
              <Summary numSequencePoints="20" visitedSequencePoints="0" numBranchPoints="9" visitedBranchPoints="0" sequenceCoverage="0" branchCoverage="0" maxCyclomaticComplexity="6" minCyclomaticComplexity="6" maxCrapScore="42" minCrapScore="42" visitedClasses="0" numClasses="0" visitedMethods="0" numMethods="1" />
              <MetadataToken>100663792</MetadataToken>
              <Name>System.Boolean ExMat.Compiler.ExCompiler::ExLogicEq()</Name>
              <FileRef uid="39" />
              <SequencePoints>
                <SequencePoint vc="0" uspid="10890" ordinal="0" offset="0" sl="2009" sc="9" el="2009" ec="10" bec="0" bev="0" fileid="39" />
                <SequencePoint vc="0" uspid="10891" ordinal="1" offset="1" sl="2010" sc="13" el="2010" ec="31" bec="0" bev="0" fileid="39" />
                <SequencePoint vc="0" uspid="10892" ordinal="2" offset="14" sl="2011" sc="13" el="2011" ec="14" bec="0" bev="0" fileid="39" />
                <SequencePoint vc="0" uspid="10893" ordinal="3" offset="15" sl="2012" sc="17" el="2012" ec="30" bec="0" bev="0" fileid="39" />
                <SequencePoint vc="0" uspid="10894" ordinal="4" offset="21" sl="2015" sc="13" el="2015" ec="14" bec="0" bev="0" fileid="39" />
                <SequencePoint vc="0" uspid="10895" ordinal="5" offset="22" sl="2016" sc="17" el="2016" ec="38" bec="4" bev="0" fileid="39" />
                <SequencePoint vc="0" uspid="10896" ordinal="6" offset="51" sl="2019" sc="25" el="2019" ec="26" bec="0" bev="0" fileid="39" />
                <SequencePoint vc="0" uspid="10897" ordinal="7" offset="52" sl="2020" sc="29" el="2020" ec="78" bec="2" bev="0" fileid="39" />
                <SequencePoint vc="0" uspid="10898" ordinal="8" offset="81" sl="2021" sc="29" el="2021" ec="30" bec="0" bev="0" fileid="39" />
                <SequencePoint vc="0" uspid="10899" ordinal="9" offset="82" sl="2022" sc="33" el="2022" ec="46" bec="0" bev="0" fileid="39" />
                <SequencePoint vc="0" uspid="10900" ordinal="10" offset="86" sl="2024" sc="29" el="2024" ec="35" bec="0" bev="0" fileid="39" />
                <SequencePoint vc="0" uspid="10901" ordinal="11" offset="88" sl="2027" sc="25" el="2027" ec="26" bec="0" bev="0" fileid="39" />
                <SequencePoint vc="0" uspid="10902" ordinal="12" offset="89" sl="2028" sc="29" el="2028" ec="79" bec="2" bev="0" fileid="39" />
                <SequencePoint vc="0" uspid="10903" ordinal="13" offset="118" sl="2029" sc="29" el="2029" ec="30" bec="0" bev="0" fileid="39" />
                <SequencePoint vc="0" uspid="10904" ordinal="14" offset="119" sl="2030" sc="33" el="2030" ec="46" bec="0" bev="0" fileid="39" />
                <SequencePoint vc="0" uspid="10905" ordinal="15" offset="123" sl="2032" sc="29" el="2032" ec="35" bec="0" bev="0" fileid="39" />
                <SequencePoint vc="0" uspid="10906" ordinal="16" offset="125" sl="2035" sc="25" el="2035" ec="37" bec="0" bev="0" fileid="39" />
                <SequencePoint vc="0" uspid="10907" ordinal="17" offset="129" sl="2037" sc="13" el="2037" ec="14" bec="0" bev="0" fileid="39" />
                <SequencePoint vc="0" uspid="10908" ordinal="18" offset="130" sl="2014" sc="13" el="2014" ec="25" bec="0" bev="0" fileid="39" />
                <SequencePoint vc="0" uspid="10909" ordinal="19" offset="135" sl="2038" sc="9" el="2038" ec="10" bec="0" bev="0" fileid="39" />
              </SequencePoints>
              <BranchPoints>
                <BranchPoint vc="0" uspid="10910" ordinal="0" offset="37" sl="2016" path="0" offsetchain="39" offsetend="41" fileid="39" />
                <BranchPoint vc="0" uspid="10911" ordinal="1" offset="37" sl="2016" path="1" offsetend="51" fileid="39" />
                <BranchPoint vc="0" uspid="10912" ordinal="2" offset="47" sl="2016" path="0" offsetchain="49" offsetend="125" fileid="39" />
                <BranchPoint vc="0" uspid="10913" ordinal="3" offset="47" sl="2016" path="1" offsetend="88" fileid="39" />
                <BranchPoint vc="0" uspid="10914" ordinal="4" offset="79" sl="2020" path="0" offsetend="81" fileid="39" />
                <BranchPoint vc="0" uspid="10915" ordinal="5" offset="79" sl="2020" path="1" offsetchain="86" offsetend="129" fileid="39" />
                <BranchPoint vc="0" uspid="10916" ordinal="6" offset="116" sl="2028" path="0" offsetend="118" fileid="39" />
                <BranchPoint vc="0" uspid="10917" ordinal="7" offset="116" sl="2028" path="1" offsetchain="123" offsetend="129" fileid="39" />
              </BranchPoints>
              <MethodPoint xsi:type="SequencePoint" vc="0" uspid="10890" ordinal="0" offset="0" sl="2009" sc="9" el="2009" ec="10" bec="0" bev="0" fileid="39" />
            </Method>
            <Method visited="false" cyclomaticComplexity="13" nPathComplexity="72" sequenceCoverage="0" branchCoverage="0" crapScore="182" isConstructor="false" isStatic="false" isGetter="false" isSetter="false">
              <Summary numSequencePoints="32" visitedSequencePoints="0" numBranchPoints="16" visitedBranchPoints="0" sequenceCoverage="0" branchCoverage="0" maxCyclomaticComplexity="13" minCyclomaticComplexity="13" maxCrapScore="182" minCrapScore="182" visitedClasses="0" numClasses="0" visitedMethods="0" numMethods="1" />
              <MetadataToken>100663793</MetadataToken>
              <Name>System.Boolean ExMat.Compiler.ExCompiler::ExLogicCmp()</Name>
              <FileRef uid="39" />
              <SequencePoints>
                <SequencePoint vc="0" uspid="10918" ordinal="0" offset="0" sl="2040" sc="9" el="2040" ec="10" bec="0" bev="0" fileid="39" />
                <SequencePoint vc="0" uspid="10919" ordinal="1" offset="1" sl="2041" sc="13" el="2041" ec="33" bec="0" bev="0" fileid="39" />
                <SequencePoint vc="0" uspid="10920" ordinal="2" offset="14" sl="2042" sc="13" el="2042" ec="14" bec="0" bev="0" fileid="39" />
                <SequencePoint vc="0" uspid="10921" ordinal="3" offset="15" sl="2043" sc="17" el="2043" ec="30" bec="0" bev="0" fileid="39" />
                <SequencePoint vc="0" uspid="10922" ordinal="4" offset="27" sl="2046" sc="13" el="2046" ec="14" bec="0" bev="0" fileid="39" />
                <SequencePoint vc="0" uspid="10923" ordinal="5" offset="28" sl="2047" sc="17" el="2047" ec="36" bec="0" bev="0" fileid="39" />
                <SequencePoint vc="0" uspid="10924" ordinal="6" offset="30" sl="2048" sc="17" el="2048" ec="38" bec="8" bev="0" fileid="39" />
                <SequencePoint vc="0" uspid="10925" ordinal="7" offset="103" sl="2051" sc="25" el="2051" ec="26" bec="0" bev="0" fileid="39" />
                <SequencePoint vc="0" uspid="10926" ordinal="8" offset="104" sl="2052" sc="29" el="2052" ec="100" bec="0" bev="0" fileid="39" />
                <SequencePoint vc="0" uspid="10927" ordinal="9" offset="125" sl="2053" sc="29" el="2053" ec="35" bec="0" bev="0" fileid="39" />
                <SequencePoint vc="0" uspid="10928" ordinal="10" offset="130" sl="2056" sc="25" el="2056" ec="26" bec="0" bev="0" fileid="39" />
                <SequencePoint vc="0" uspid="10929" ordinal="11" offset="131" sl="2057" sc="29" el="2057" ec="100" bec="0" bev="0" fileid="39" />
                <SequencePoint vc="0" uspid="10930" ordinal="12" offset="152" sl="2058" sc="29" el="2058" ec="35" bec="0" bev="0" fileid="39" />
                <SequencePoint vc="0" uspid="10931" ordinal="13" offset="154" sl="2061" sc="25" el="2061" ec="26" bec="0" bev="0" fileid="39" />
                <SequencePoint vc="0" uspid="10932" ordinal="14" offset="155" sl="2062" sc="29" el="2062" ec="100" bec="0" bev="0" fileid="39" />
                <SequencePoint vc="0" uspid="10933" ordinal="15" offset="176" sl="2063" sc="29" el="2063" ec="35" bec="0" bev="0" fileid="39" />
                <SequencePoint vc="0" uspid="10934" ordinal="16" offset="178" sl="2066" sc="25" el="2066" ec="26" bec="0" bev="0" fileid="39" />
                <SequencePoint vc="0" uspid="10935" ordinal="17" offset="179" sl="2067" sc="29" el="2067" ec="100" bec="0" bev="0" fileid="39" />
                <SequencePoint vc="0" uspid="10936" ordinal="18" offset="200" sl="2068" sc="29" el="2068" ec="35" bec="0" bev="0" fileid="39" />
                <SequencePoint vc="0" uspid="10937" ordinal="19" offset="202" sl="2072" sc="25" el="2072" ec="26" bec="0" bev="0" fileid="39" />
                <SequencePoint vc="0" uspid="10938" ordinal="20" offset="203" sl="2073" sc="29" el="2073" ec="128" bec="2" bev="0" fileid="39" />
                <SequencePoint vc="0" uspid="10939" ordinal="21" offset="241" sl="2074" sc="29" el="2074" ec="35" bec="0" bev="0" fileid="39" />
                <SequencePoint vc="0" uspid="10940" ordinal="22" offset="243" sl="2077" sc="25" el="2077" ec="26" bec="0" bev="0" fileid="39" />
                <SequencePoint vc="0" uspid="10941" ordinal="23" offset="244" sl="2078" sc="29" el="2078" ec="91" bec="0" bev="0" fileid="39" />
                <SequencePoint vc="0" uspid="10942" ordinal="24" offset="266" sl="2079" sc="29" el="2079" ec="35" bec="0" bev="0" fileid="39" />
                <SequencePoint vc="0" uspid="10943" ordinal="25" offset="268" sl="2082" sc="25" el="2082" ec="37" bec="0" bev="0" fileid="39" />
                <SequencePoint vc="0" uspid="10944" ordinal="26" offset="272" sl="2084" sc="17" el="2084" ec="28" bec="2" bev="0" fileid="39" />
                <SequencePoint vc="0" uspid="10945" ordinal="27" offset="282" sl="2085" sc="17" el="2085" ec="18" bec="0" bev="0" fileid="39" />
                <SequencePoint vc="0" uspid="10946" ordinal="28" offset="283" sl="2086" sc="21" el="2086" ec="34" bec="0" bev="0" fileid="39" />
                <SequencePoint vc="0" uspid="10947" ordinal="29" offset="287" sl="2088" sc="13" el="2088" ec="14" bec="0" bev="0" fileid="39" />
                <SequencePoint vc="0" uspid="10948" ordinal="30" offset="288" sl="2045" sc="13" el="2045" ec="25" bec="0" bev="0" fileid="39" />
                <SequencePoint vc="0" uspid="10949" ordinal="31" offset="296" sl="2089" sc="9" el="2089" ec="10" bec="0" bev="0" fileid="39" />
              </SequencePoints>
              <BranchPoints>
                <BranchPoint vc="0" uspid="10950" ordinal="0" offset="48" sl="2048" path="0" offsetchain="85" offsetend="87" fileid="39" />
                <BranchPoint vc="0" uspid="10951" ordinal="1" offset="48" sl="2048" path="1" offsetend="202" fileid="39" />
                <BranchPoint vc="0" uspid="10952" ordinal="2" offset="48" sl="2048" path="2" offsetend="202" fileid="39" />
                <BranchPoint vc="0" uspid="10953" ordinal="3" offset="48" sl="2048" path="3" offsetend="268" fileid="39" />
                <BranchPoint vc="0" uspid="10954" ordinal="4" offset="48" sl="2048" path="4" offsetend="268" fileid="39" />
                <BranchPoint vc="0" uspid="10955" ordinal="5" offset="48" sl="2048" path="5" offsetend="130" fileid="39" />
                <BranchPoint vc="0" uspid="10956" ordinal="6" offset="48" sl="2048" path="6" offsetend="103" fileid="39" />
                <BranchPoint vc="0" uspid="10957" ordinal="7" offset="48" sl="2048" path="7" offsetend="178" fileid="39" />
                <BranchPoint vc="0" uspid="10958" ordinal="8" offset="48" sl="2048" path="8" offsetend="154" fileid="39" />
                <BranchPoint vc="0" uspid="10959" ordinal="9" offset="93" sl="2048" path="0" offsetchain="98" offsetend="268" fileid="39" />
                <BranchPoint vc="0" uspid="10960" ordinal="10" offset="93" sl="2048" path="1" offsetend="243" fileid="39" />
                <BranchPoint vc="0" uspid="10961" ordinal="11" offset="229" sl="2073" path="0" offsetend="231" fileid="39" />
                <BranchPoint vc="0" uspid="10962" ordinal="12" offset="229" sl="2073" path="1" offsetend="234" fileid="39" />
                <BranchPoint vc="0" uspid="10963" ordinal="13" offset="280" sl="2084" path="0" offsetend="282" fileid="39" />
                <BranchPoint vc="0" uspid="10964" ordinal="14" offset="280" sl="2084" path="1" offsetend="287" fileid="39" />
              </BranchPoints>
              <MethodPoint xsi:type="SequencePoint" vc="0" uspid="10918" ordinal="0" offset="0" sl="2040" sc="9" el="2040" ec="10" bec="0" bev="0" fileid="39" />
            </Method>
            <Method visited="false" cyclomaticComplexity="6" nPathComplexity="16" sequenceCoverage="0" branchCoverage="0" crapScore="42" isConstructor="false" isStatic="false" isGetter="false" isSetter="false">
              <Summary numSequencePoints="20" visitedSequencePoints="0" numBranchPoints="9" visitedBranchPoints="0" sequenceCoverage="0" branchCoverage="0" maxCyclomaticComplexity="6" minCyclomaticComplexity="6" maxCrapScore="42" minCrapScore="42" visitedClasses="0" numClasses="0" visitedMethods="0" numMethods="1" />
              <MetadataToken>100663794</MetadataToken>
              <Name>System.Boolean ExMat.Compiler.ExCompiler::ExLogicShift()</Name>
              <FileRef uid="39" />
              <SequencePoints>
                <SequencePoint vc="0" uspid="10965" ordinal="0" offset="0" sl="2091" sc="9" el="2091" ec="10" bec="0" bev="0" fileid="39" />
                <SequencePoint vc="0" uspid="10966" ordinal="1" offset="1" sl="2092" sc="13" el="2092" ec="31" bec="0" bev="0" fileid="39" />
                <SequencePoint vc="0" uspid="10967" ordinal="2" offset="14" sl="2093" sc="13" el="2093" ec="14" bec="0" bev="0" fileid="39" />
                <SequencePoint vc="0" uspid="10968" ordinal="3" offset="15" sl="2094" sc="17" el="2094" ec="30" bec="0" bev="0" fileid="39" />
                <SequencePoint vc="0" uspid="10969" ordinal="4" offset="21" sl="2097" sc="13" el="2097" ec="14" bec="0" bev="0" fileid="39" />
                <SequencePoint vc="0" uspid="10970" ordinal="5" offset="22" sl="2098" sc="17" el="2098" ec="38" bec="4" bev="0" fileid="39" />
                <SequencePoint vc="0" uspid="10971" ordinal="6" offset="51" sl="2101" sc="25" el="2101" ec="26" bec="0" bev="0" fileid="39" />
                <SequencePoint vc="0" uspid="10972" ordinal="7" offset="52" sl="2102" sc="29" el="2102" ec="102" bec="2" bev="0" fileid="39" />
                <SequencePoint vc="0" uspid="10973" ordinal="8" offset="82" sl="2103" sc="29" el="2103" ec="30" bec="0" bev="0" fileid="39" />
                <SequencePoint vc="0" uspid="10974" ordinal="9" offset="83" sl="2104" sc="33" el="2104" ec="46" bec="0" bev="0" fileid="39" />
                <SequencePoint vc="0" uspid="10975" ordinal="10" offset="87" sl="2106" sc="29" el="2106" ec="35" bec="0" bev="0" fileid="39" />
                <SequencePoint vc="0" uspid="10976" ordinal="11" offset="89" sl="2109" sc="25" el="2109" ec="26" bec="0" bev="0" fileid="39" />
                <SequencePoint vc="0" uspid="10977" ordinal="12" offset="90" sl="2110" sc="29" el="2110" ec="102" bec="2" bev="0" fileid="39" />
                <SequencePoint vc="0" uspid="10978" ordinal="13" offset="120" sl="2111" sc="29" el="2111" ec="30" bec="0" bev="0" fileid="39" />
                <SequencePoint vc="0" uspid="10979" ordinal="14" offset="121" sl="2112" sc="33" el="2112" ec="46" bec="0" bev="0" fileid="39" />
                <SequencePoint vc="0" uspid="10980" ordinal="15" offset="125" sl="2114" sc="29" el="2114" ec="35" bec="0" bev="0" fileid="39" />
                <SequencePoint vc="0" uspid="10981" ordinal="16" offset="127" sl="2117" sc="25" el="2117" ec="37" bec="0" bev="0" fileid="39" />
                <SequencePoint vc="0" uspid="10982" ordinal="17" offset="131" sl="2119" sc="13" el="2119" ec="14" bec="0" bev="0" fileid="39" />
                <SequencePoint vc="0" uspid="10983" ordinal="18" offset="132" sl="2096" sc="13" el="2096" ec="25" bec="0" bev="0" fileid="39" />
                <SequencePoint vc="0" uspid="10984" ordinal="19" offset="137" sl="2120" sc="9" el="2120" ec="10" bec="0" bev="0" fileid="39" />
              </SequencePoints>
              <BranchPoints>
                <BranchPoint vc="0" uspid="10985" ordinal="0" offset="37" sl="2098" path="0" offsetchain="39" offsetend="41" fileid="39" />
                <BranchPoint vc="0" uspid="10986" ordinal="1" offset="37" sl="2098" path="1" offsetend="51" fileid="39" />
                <BranchPoint vc="0" uspid="10987" ordinal="2" offset="47" sl="2098" path="0" offsetchain="49" offsetend="127" fileid="39" />
                <BranchPoint vc="0" uspid="10988" ordinal="3" offset="47" sl="2098" path="1" offsetend="89" fileid="39" />
                <BranchPoint vc="0" uspid="10989" ordinal="4" offset="80" sl="2102" path="0" offsetend="82" fileid="39" />
                <BranchPoint vc="0" uspid="10990" ordinal="5" offset="80" sl="2102" path="1" offsetchain="87" offsetend="131" fileid="39" />
                <BranchPoint vc="0" uspid="10991" ordinal="6" offset="118" sl="2110" path="0" offsetend="120" fileid="39" />
                <BranchPoint vc="0" uspid="10992" ordinal="7" offset="118" sl="2110" path="1" offsetchain="125" offsetend="131" fileid="39" />
              </BranchPoints>
              <MethodPoint xsi:type="SequencePoint" vc="0" uspid="10965" ordinal="0" offset="0" sl="2091" sc="9" el="2091" ec="10" bec="0" bev="0" fileid="39" />
            </Method>
            <Method visited="false" cyclomaticComplexity="6" nPathComplexity="8" sequenceCoverage="0" branchCoverage="0" crapScore="42" isConstructor="false" isStatic="false" isGetter="false" isSetter="false">
              <Summary numSequencePoints="15" visitedSequencePoints="0" numBranchPoints="7" visitedBranchPoints="0" sequenceCoverage="0" branchCoverage="0" maxCyclomaticComplexity="6" minCyclomaticComplexity="6" maxCrapScore="42" minCrapScore="42" visitedClasses="0" numClasses="0" visitedMethods="0" numMethods="1" />
              <MetadataToken>100663795</MetadataToken>
              <Name>System.Boolean ExMat.Compiler.ExCompiler::ExArithAdd()</Name>
              <FileRef uid="39" />
              <SequencePoints>
                <SequencePoint vc="0" uspid="10993" ordinal="0" offset="0" sl="2122" sc="9" el="2122" ec="10" bec="0" bev="0" fileid="39" />
                <SequencePoint vc="0" uspid="10994" ordinal="1" offset="1" sl="2123" sc="13" el="2123" ec="31" bec="0" bev="0" fileid="39" />
                <SequencePoint vc="0" uspid="10995" ordinal="2" offset="14" sl="2124" sc="13" el="2124" ec="14" bec="0" bev="0" fileid="39" />
                <SequencePoint vc="0" uspid="10996" ordinal="3" offset="15" sl="2125" sc="17" el="2125" ec="30" bec="0" bev="0" fileid="39" />
                <SequencePoint vc="0" uspid="10997" ordinal="4" offset="21" sl="2128" sc="13" el="2128" ec="14" bec="0" bev="0" fileid="39" />
                <SequencePoint vc="0" uspid="10998" ordinal="5" offset="22" sl="2129" sc="17" el="2129" ec="38" bec="2" bev="0" fileid="39" />
                <SequencePoint vc="0" uspid="10999" ordinal="6" offset="43" sl="2133" sc="25" el="2133" ec="26" bec="0" bev="0" fileid="39" />
                <SequencePoint vc="0" uspid="11000" ordinal="7" offset="44" sl="2134" sc="29" el="2134" ec="133" bec="4" bev="0" fileid="39" />
                <SequencePoint vc="0" uspid="11001" ordinal="8" offset="91" sl="2135" sc="29" el="2135" ec="30" bec="0" bev="0" fileid="39" />
                <SequencePoint vc="0" uspid="11002" ordinal="9" offset="92" sl="2136" sc="33" el="2136" ec="46" bec="0" bev="0" fileid="39" />
                <SequencePoint vc="0" uspid="11003" ordinal="10" offset="96" sl="2138" sc="29" el="2138" ec="35" bec="0" bev="0" fileid="39" />
                <SequencePoint vc="0" uspid="11004" ordinal="11" offset="98" sl="2141" sc="25" el="2141" ec="37" bec="0" bev="0" fileid="39" />
                <SequencePoint vc="0" uspid="11005" ordinal="12" offset="102" sl="2143" sc="13" el="2143" ec="14" bec="0" bev="0" fileid="39" />
                <SequencePoint vc="0" uspid="11006" ordinal="13" offset="103" sl="2127" sc="13" el="2127" ec="25" bec="0" bev="0" fileid="39" />
                <SequencePoint vc="0" uspid="11007" ordinal="14" offset="108" sl="2144" sc="9" el="2144" ec="10" bec="0" bev="0" fileid="39" />
              </SequencePoints>
              <BranchPoints>
                <BranchPoint vc="0" uspid="11008" ordinal="0" offset="39" sl="2129" path="0" offsetchain="41" offsetend="98" fileid="39" />
                <BranchPoint vc="0" uspid="11009" ordinal="1" offset="39" sl="2129" path="1" offsetend="43" fileid="39" />
                <BranchPoint vc="0" uspid="11010" ordinal="2" offset="56" sl="2134" path="0" offsetend="58" fileid="39" />
                <BranchPoint vc="0" uspid="11011" ordinal="3" offset="56" sl="2134" path="1" offsetend="62" fileid="39" />
                <BranchPoint vc="0" uspid="11012" ordinal="4" offset="89" sl="2134" path="0" offsetend="91" fileid="39" />
                <BranchPoint vc="0" uspid="11013" ordinal="5" offset="89" sl="2134" path="1" offsetchain="96" offsetend="102" fileid="39" />
              </BranchPoints>
              <MethodPoint xsi:type="SequencePoint" vc="0" uspid="10993" ordinal="0" offset="0" sl="2122" sc="9" el="2122" ec="10" bec="0" bev="0" fileid="39" />
            </Method>
            <Method visited="false" cyclomaticComplexity="5" nPathComplexity="8" sequenceCoverage="0" branchCoverage="0" crapScore="30" isConstructor="false" isStatic="false" isGetter="false" isSetter="false">
              <Summary numSequencePoints="15" visitedSequencePoints="0" numBranchPoints="7" visitedBranchPoints="0" sequenceCoverage="0" branchCoverage="0" maxCyclomaticComplexity="5" minCyclomaticComplexity="5" maxCrapScore="30" minCrapScore="30" visitedClasses="0" numClasses="0" visitedMethods="0" numMethods="1" />
              <MetadataToken>100663796</MetadataToken>
              <Name>System.Boolean ExMat.Compiler.ExCompiler::ExArithMlt()</Name>
              <FileRef uid="39" />
              <SequencePoints>
                <SequencePoint vc="0" uspid="11014" ordinal="0" offset="0" sl="2146" sc="9" el="2146" ec="10" bec="0" bev="0" fileid="39" />
                <SequencePoint vc="0" uspid="11015" ordinal="1" offset="1" sl="2147" sc="13" el="2147" ec="31" bec="0" bev="0" fileid="39" />
                <SequencePoint vc="0" uspid="11016" ordinal="2" offset="14" sl="2148" sc="13" el="2148" ec="14" bec="0" bev="0" fileid="39" />
                <SequencePoint vc="0" uspid="11017" ordinal="3" offset="15" sl="2149" sc="17" el="2149" ec="30" bec="0" bev="0" fileid="39" />
                <SequencePoint vc="0" uspid="11018" ordinal="4" offset="21" sl="2153" sc="13" el="2153" ec="14" bec="0" bev="0" fileid="39" />
                <SequencePoint vc="0" uspid="11019" ordinal="5" offset="22" sl="2154" sc="17" el="2154" ec="38" bec="3" bev="0" fileid="39" />
                <SequencePoint vc="0" uspid="11020" ordinal="6" offset="55" sl="2162" sc="25" el="2162" ec="26" bec="0" bev="0" fileid="39" />
                <SequencePoint vc="0" uspid="11021" ordinal="7" offset="56" sl="2163" sc="29" el="2163" ec="94" bec="2" bev="0" fileid="39" />
                <SequencePoint vc="0" uspid="11022" ordinal="8" offset="95" sl="2164" sc="29" el="2164" ec="30" bec="0" bev="0" fileid="39" />
                <SequencePoint vc="0" uspid="11023" ordinal="9" offset="96" sl="2165" sc="33" el="2165" ec="46" bec="0" bev="0" fileid="39" />
                <SequencePoint vc="0" uspid="11024" ordinal="10" offset="100" sl="2167" sc="29" el="2167" ec="35" bec="0" bev="0" fileid="39" />
                <SequencePoint vc="0" uspid="11025" ordinal="11" offset="102" sl="2170" sc="25" el="2170" ec="37" bec="0" bev="0" fileid="39" />
                <SequencePoint vc="0" uspid="11026" ordinal="12" offset="106" sl="2172" sc="13" el="2172" ec="14" bec="0" bev="0" fileid="39" />
                <SequencePoint vc="0" uspid="11027" ordinal="13" offset="107" sl="2152" sc="13" el="2152" ec="25" bec="0" bev="0" fileid="39" />
                <SequencePoint vc="0" uspid="11028" ordinal="14" offset="112" sl="2173" sc="9" el="2173" ec="10" bec="0" bev="0" fileid="39" />
              </SequencePoints>
              <BranchPoints>
                <BranchPoint vc="0" uspid="11029" ordinal="0" offset="39" sl="2154" path="0" offsetchain="41" offsetend="43" fileid="39" />
                <BranchPoint vc="0" uspid="11030" ordinal="1" offset="39" sl="2154" path="1" offsetend="55" fileid="39" />
                <BranchPoint vc="0" uspid="11031" ordinal="2" offset="51" sl="2154" path="0" offsetchain="53" offsetend="102" fileid="39" />
                <BranchPoint vc="0" uspid="11032" ordinal="3" offset="51" sl="2154" path="1" offsetend="55" fileid="39" />
                <BranchPoint vc="0" uspid="11033" ordinal="4" offset="93" sl="2163" path="0" offsetend="95" fileid="39" />
                <BranchPoint vc="0" uspid="11034" ordinal="5" offset="93" sl="2163" path="1" offsetchain="100" offsetend="106" fileid="39" />
              </BranchPoints>
              <MethodPoint xsi:type="SequencePoint" vc="0" uspid="11014" ordinal="0" offset="0" sl="2146" sc="9" el="2146" ec="10" bec="0" bev="0" fileid="39" />
            </Method>
            <Method visited="false" cyclomaticComplexity="10" nPathComplexity="65" sequenceCoverage="0" branchCoverage="0" crapScore="110" isConstructor="false" isStatic="true" isGetter="false" isSetter="false">
              <Summary numSequencePoints="11" visitedSequencePoints="0" numBranchPoints="19" visitedBranchPoints="0" sequenceCoverage="0" branchCoverage="0" maxCyclomaticComplexity="10" minCyclomaticComplexity="10" maxCrapScore="110" minCrapScore="110" visitedClasses="0" numClasses="0" visitedMethods="0" numMethods="1" />
              <MetadataToken>100663797</MetadataToken>
              <Name>ExMat.OPs.ExOperationCode ExMat.Compiler.ExCompiler::ExOPDecideArithmetic(ExMat.Token.TokenType)</Name>
              <FileRef uid="39" />
              <SequencePoints>
                <SequencePoint vc="0" uspid="11035" ordinal="0" offset="0" sl="2176" sc="9" el="2176" ec="10" bec="0" bev="0" fileid="39" />
                <SequencePoint vc="0" uspid="11036" ordinal="1" offset="1" sl="2177" sc="13" el="2177" ec="25" bec="9" bev="0" fileid="39" />
                <SequencePoint vc="0" uspid="11037" ordinal="2" offset="97" sl="2180" sc="21" el="2180" ec="48" bec="0" bev="0" fileid="39" />
                <SequencePoint vc="0" uspid="11038" ordinal="3" offset="102" sl="2183" sc="21" el="2183" ec="48" bec="0" bev="0" fileid="39" />
                <SequencePoint vc="0" uspid="11039" ordinal="4" offset="107" sl="2186" sc="21" el="2186" ec="48" bec="0" bev="0" fileid="39" />
                <SequencePoint vc="0" uspid="11040" ordinal="5" offset="112" sl="2189" sc="21" el="2189" ec="48" bec="0" bev="0" fileid="39" />
                <SequencePoint vc="0" uspid="11041" ordinal="6" offset="117" sl="2192" sc="21" el="2192" ec="48" bec="0" bev="0" fileid="39" />
                <SequencePoint vc="0" uspid="11042" ordinal="7" offset="122" sl="2194" sc="21" el="2194" ec="49" bec="0" bev="0" fileid="39" />
                <SequencePoint vc="0" uspid="11043" ordinal="8" offset="127" sl="2196" sc="21" el="2196" ec="54" bec="0" bev="0" fileid="39" />
                <SequencePoint vc="0" uspid="11044" ordinal="9" offset="132" sl="2198" sc="21" el="2198" ec="48" bec="0" bev="0" fileid="39" />
                <SequencePoint vc="0" uspid="11045" ordinal="10" offset="137" sl="2200" sc="9" el="2200" ec="10" bec="0" bev="0" fileid="39" />
              </SequencePoints>
              <BranchPoints>
                <BranchPoint vc="0" uspid="11046" ordinal="0" offset="12" sl="2177" path="0" offsetchain="65" offsetend="67" fileid="39" />
                <BranchPoint vc="0" uspid="11047" ordinal="1" offset="12" sl="2177" path="1" offsetend="102" fileid="39" />
                <BranchPoint vc="0" uspid="11048" ordinal="2" offset="12" sl="2177" path="2" offsetend="107" fileid="39" />
                <BranchPoint vc="0" uspid="11049" ordinal="3" offset="12" sl="2177" path="3" offsetend="112" fileid="39" />
                <BranchPoint vc="0" uspid="11050" ordinal="4" offset="12" sl="2177" path="4" offsetend="117" fileid="39" />
                <BranchPoint vc="0" uspid="11051" ordinal="5" offset="12" sl="2177" path="5" offsetend="97" fileid="39" />
                <BranchPoint vc="0" uspid="11052" ordinal="6" offset="12" sl="2177" path="6" offsetend="132" fileid="39" />
                <BranchPoint vc="0" uspid="11053" ordinal="7" offset="12" sl="2177" path="7" offsetend="132" fileid="39" />
                <BranchPoint vc="0" uspid="11054" ordinal="8" offset="12" sl="2177" path="8" offsetend="132" fileid="39" />
                <BranchPoint vc="0" uspid="11055" ordinal="9" offset="12" sl="2177" path="9" offsetend="132" fileid="39" />
                <BranchPoint vc="0" uspid="11056" ordinal="10" offset="12" sl="2177" path="10" offsetend="132" fileid="39" />
                <BranchPoint vc="0" uspid="11057" ordinal="11" offset="12" sl="2177" path="11" offsetend="122" fileid="39" />
                <BranchPoint vc="0" uspid="11058" ordinal="12" offset="12" sl="2177" path="12" offsetend="127" fileid="39" />
                <BranchPoint vc="0" uspid="11059" ordinal="13" offset="74" sl="2177" path="0" offsetchain="95" offsetend="132" fileid="39" />
                <BranchPoint vc="0" uspid="11060" ordinal="14" offset="74" sl="2177" path="1" offsetend="102" fileid="39" />
                <BranchPoint vc="0" uspid="11061" ordinal="15" offset="74" sl="2177" path="2" offsetend="107" fileid="39" />
                <BranchPoint vc="0" uspid="11062" ordinal="16" offset="74" sl="2177" path="3" offsetend="112" fileid="39" />
                <BranchPoint vc="0" uspid="11063" ordinal="17" offset="74" sl="2177" path="4" offsetend="117" fileid="39" />
              </BranchPoints>
              <MethodPoint xsi:type="SequencePoint" vc="0" uspid="11035" ordinal="0" offset="0" sl="2176" sc="9" el="2176" ec="10" bec="0" bev="0" fileid="39" />
            </Method>
            <Method visited="false" cyclomaticComplexity="7" nPathComplexity="6" sequenceCoverage="0" branchCoverage="0" crapScore="56" isConstructor="false" isStatic="true" isGetter="false" isSetter="false">
              <Summary numSequencePoints="9" visitedSequencePoints="0" numBranchPoints="7" visitedBranchPoints="0" sequenceCoverage="0" branchCoverage="0" maxCyclomaticComplexity="7" minCyclomaticComplexity="7" maxCrapScore="56" minCrapScore="56" visitedClasses="0" numClasses="0" visitedMethods="0" numMethods="1" />
              <MetadataToken>100663798</MetadataToken>
              <Name>System.Int32 ExMat.Compiler.ExCompiler::ExOPDecideArithmeticInt(ExMat.Token.TokenType)</Name>
              <FileRef uid="39" />
              <SequencePoints>
                <SequencePoint vc="0" uspid="11064" ordinal="0" offset="0" sl="2203" sc="9" el="2203" ec="10" bec="0" bev="0" fileid="39" />
                <SequencePoint vc="0" uspid="11065" ordinal="1" offset="1" sl="2204" sc="13" el="2204" ec="25" bec="6" bev="0" fileid="39" />
                <SequencePoint vc="0" uspid="11066" ordinal="2" offset="39" sl="2207" sc="21" el="2207" ec="32" bec="0" bev="0" fileid="39" />
                <SequencePoint vc="0" uspid="11067" ordinal="3" offset="44" sl="2209" sc="21" el="2209" ec="32" bec="0" bev="0" fileid="39" />
                <SequencePoint vc="0" uspid="11068" ordinal="4" offset="49" sl="2211" sc="21" el="2211" ec="32" bec="0" bev="0" fileid="39" />
                <SequencePoint vc="0" uspid="11069" ordinal="5" offset="54" sl="2213" sc="21" el="2213" ec="32" bec="0" bev="0" fileid="39" />
                <SequencePoint vc="0" uspid="11070" ordinal="6" offset="59" sl="2215" sc="21" el="2215" ec="32" bec="0" bev="0" fileid="39" />
                <SequencePoint vc="0" uspid="11071" ordinal="7" offset="64" sl="2217" sc="21" el="2217" ec="30" bec="0" bev="0" fileid="39" />
                <SequencePoint vc="0" uspid="11072" ordinal="8" offset="68" sl="2219" sc="9" el="2219" ec="10" bec="0" bev="0" fileid="39" />
              </SequencePoints>
              <BranchPoints>
                <BranchPoint vc="0" uspid="11073" ordinal="0" offset="12" sl="2204" path="0" offsetchain="37" offsetend="64" fileid="39" />
                <BranchPoint vc="0" uspid="11074" ordinal="1" offset="12" sl="2204" path="1" offsetend="39" fileid="39" />
                <BranchPoint vc="0" uspid="11075" ordinal="2" offset="12" sl="2204" path="2" offsetend="44" fileid="39" />
                <BranchPoint vc="0" uspid="11076" ordinal="3" offset="12" sl="2204" path="3" offsetend="49" fileid="39" />
                <BranchPoint vc="0" uspid="11077" ordinal="4" offset="12" sl="2204" path="4" offsetend="54" fileid="39" />
                <BranchPoint vc="0" uspid="11078" ordinal="5" offset="12" sl="2204" path="5" offsetend="59" fileid="39" />
              </BranchPoints>
              <MethodPoint xsi:type="SequencePoint" vc="0" uspid="11064" ordinal="0" offset="0" sl="2203" sc="9" el="2203" ec="10" bec="0" bev="0" fileid="39" />
            </Method>
            <Method visited="false" cyclomaticComplexity="5" nPathComplexity="16" sequenceCoverage="0" branchCoverage="0" crapScore="30" isConstructor="false" isStatic="false" isGetter="false" isSetter="false">
              <Summary numSequencePoints="24" visitedSequencePoints="0" numBranchPoints="9" visitedBranchPoints="0" sequenceCoverage="0" branchCoverage="0" maxCyclomaticComplexity="5" minCyclomaticComplexity="5" maxCrapScore="30" minCrapScore="30" visitedClasses="0" numClasses="0" visitedMethods="0" numMethods="1" />
              <MetadataToken>100663799</MetadataToken>
              <Name>System.Boolean ExMat.Compiler.ExCompiler::ExPrefixedDot(System.Int32&amp;)</Name>
              <FileRef uid="39" />
              <SequencePoints>
                <SequencePoint vc="0" uspid="11079" ordinal="0" offset="0" sl="2222" sc="9" el="2222" ec="10" bec="0" bev="0" fileid="39" />
                <SequencePoint vc="0" uspid="11080" ordinal="1" offset="1" sl="2223" sc="13" el="2223" ec="36" bec="2" bev="0" fileid="39" />
                <SequencePoint vc="0" uspid="11081" ordinal="2" offset="14" sl="2224" sc="13" el="2224" ec="14" bec="0" bev="0" fileid="39" />
                <SequencePoint vc="0" uspid="11082" ordinal="3" offset="15" sl="2225" sc="17" el="2225" ec="30" bec="0" bev="0" fileid="39" />
                <SequencePoint vc="0" uspid="11083" ordinal="4" offset="22" sl="2229" sc="13" el="2229" ec="62" bec="2" bev="0" fileid="39" />
                <SequencePoint vc="0" uspid="11084" ordinal="5" offset="42" sl="2230" sc="13" el="2230" ec="14" bec="0" bev="0" fileid="39" />
                <SequencePoint vc="0" uspid="11085" ordinal="6" offset="43" sl="2231" sc="17" el="2231" ec="30" bec="0" bev="0" fileid="39" />
                <SequencePoint vc="0" uspid="11086" ordinal="7" offset="50" sl="2234" sc="13" el="2234" ec="123" bec="0" bev="0" fileid="39" />
                <SequencePoint vc="0" uspid="11087" ordinal="8" offset="90" sl="2236" sc="13" el="2236" ec="54" bec="2" bev="0" fileid="39" />
                <SequencePoint vc="0" uspid="11088" ordinal="9" offset="110" sl="2237" sc="13" el="2237" ec="14" bec="0" bev="0" fileid="39" />
                <SequencePoint vc="0" uspid="11089" ordinal="10" offset="111" sl="2238" sc="17" el="2238" ec="54" bec="0" bev="0" fileid="39" />
                <SequencePoint vc="0" uspid="11090" ordinal="11" offset="121" sl="2239" sc="17" el="2239" ec="47" bec="0" bev="0" fileid="39" />
                <SequencePoint vc="0" uspid="11091" ordinal="12" offset="134" sl="2240" sc="17" el="2240" ec="59" bec="0" bev="0" fileid="39" />
                <SequencePoint vc="0" uspid="11092" ordinal="13" offset="146" sl="2241" sc="17" el="2241" ec="46" bec="0" bev="0" fileid="39" />
                <SequencePoint vc="0" uspid="11093" ordinal="14" offset="159" sl="2242" sc="13" el="2242" ec="14" bec="0" bev="0" fileid="39" />
                <SequencePoint vc="0" uspid="11094" ordinal="15" offset="162" sl="2244" sc="13" el="2244" ec="14" bec="0" bev="0" fileid="39" />
                <SequencePoint vc="0" uspid="11095" ordinal="16" offset="163" sl="2245" sc="17" el="2245" ec="40" bec="2" bev="0" fileid="39" />
                <SequencePoint vc="0" uspid="11096" ordinal="17" offset="175" sl="2246" sc="17" el="2246" ec="18" bec="0" bev="0" fileid="39" />
                <SequencePoint vc="0" uspid="11097" ordinal="18" offset="176" sl="2247" sc="21" el="2247" ec="58" bec="0" bev="0" fileid="39" />
                <SequencePoint vc="0" uspid="11098" ordinal="19" offset="186" sl="2248" sc="17" el="2248" ec="18" bec="0" bev="0" fileid="39" />
                <SequencePoint vc="0" uspid="11099" ordinal="20" offset="187" sl="2249" sc="17" el="2249" ec="55" bec="0" bev="0" fileid="39" />
                <SequencePoint vc="0" uspid="11100" ordinal="21" offset="199" sl="2250" sc="13" el="2250" ec="14" bec="0" bev="0" fileid="39" />
                <SequencePoint vc="0" uspid="11101" ordinal="22" offset="200" sl="2251" sc="13" el="2251" ec="25" bec="0" bev="0" fileid="39" />
                <SequencePoint vc="0" uspid="11102" ordinal="23" offset="204" sl="2252" sc="9" el="2252" ec="10" bec="0" bev="0" fileid="39" />
              </SequencePoints>
              <BranchPoints>
                <BranchPoint vc="0" uspid="11103" ordinal="0" offset="12" sl="2223" path="0" offsetend="14" fileid="39" />
                <BranchPoint vc="0" uspid="11104" ordinal="1" offset="12" sl="2223" path="1" offsetend="22" fileid="39" />
                <BranchPoint vc="0" uspid="11105" ordinal="2" offset="40" sl="2229" path="0" offsetend="42" fileid="39" />
                <BranchPoint vc="0" uspid="11106" ordinal="3" offset="40" sl="2229" path="1" offsetend="50" fileid="39" />
                <BranchPoint vc="0" uspid="11107" ordinal="4" offset="108" sl="2236" path="0" offsetend="110" fileid="39" />
                <BranchPoint vc="0" uspid="11108" ordinal="5" offset="108" sl="2236" path="1" offsetend="162" fileid="39" />
                <BranchPoint vc="0" uspid="11109" ordinal="6" offset="173" sl="2245" path="0" offsetend="175" fileid="39" />
                <BranchPoint vc="0" uspid="11110" ordinal="7" offset="173" sl="2245" path="1" offsetend="187" fileid="39" />
              </BranchPoints>
              <MethodPoint xsi:type="SequencePoint" vc="0" uspid="11079" ordinal="0" offset="0" sl="2222" sc="9" el="2222" ec="10" bec="0" bev="0" fileid="39" />
            </Method>
            <Method visited="false" cyclomaticComplexity="7" nPathComplexity="64" sequenceCoverage="0" branchCoverage="0" crapScore="56" isConstructor="false" isStatic="false" isGetter="false" isSetter="false">
              <Summary numSequencePoints="24" visitedSequencePoints="0" numBranchPoints="13" visitedBranchPoints="0" sequenceCoverage="0" branchCoverage="0" maxCyclomaticComplexity="7" minCyclomaticComplexity="7" maxCrapScore="56" minCrapScore="56" visitedClasses="0" numClasses="0" visitedMethods="0" numMethods="1" />
              <MetadataToken>100663800</MetadataToken>
              <Name>System.Boolean ExMat.Compiler.ExCompiler::ExPrefixedSquareOpen(System.Int32&amp;)</Name>
              <FileRef uid="39" />
              <SequencePoints>
                <SequencePoint vc="0" uspid="11111" ordinal="0" offset="0" sl="2255" sc="9" el="2255" ec="10" bec="0" bev="0" fileid="39" />
                <SequencePoint vc="0" uspid="11112" ordinal="1" offset="1" sl="2256" sc="13" el="2256" ec="54" bec="2" bev="0" fileid="39" />
                <SequencePoint vc="0" uspid="11113" ordinal="2" offset="23" sl="2257" sc="13" el="2257" ec="14" bec="0" bev="0" fileid="39" />
                <SequencePoint vc="0" uspid="11114" ordinal="3" offset="24" sl="2258" sc="17" el="2258" ec="93" bec="0" bev="0" fileid="39" />
                <SequencePoint vc="0" uspid="11115" ordinal="4" offset="36" sl="2259" sc="17" el="2259" ec="30" bec="0" bev="0" fileid="39" />
                <SequencePoint vc="0" uspid="11116" ordinal="5" offset="43" sl="2261" sc="13" el="2261" ec="89" bec="5" bev="0" fileid="39" />
                <SequencePoint vc="0" uspid="11117" ordinal="6" offset="80" sl="2262" sc="13" el="2262" ec="14" bec="0" bev="0" fileid="39" />
                <SequencePoint vc="0" uspid="11118" ordinal="7" offset="81" sl="2263" sc="17" el="2263" ec="30" bec="0" bev="0" fileid="39" />
                <SequencePoint vc="0" uspid="11119" ordinal="8" offset="85" sl="2266" sc="13" el="2266" ec="54" bec="2" bev="0" fileid="39" />
                <SequencePoint vc="0" uspid="11120" ordinal="9" offset="103" sl="2267" sc="13" el="2267" ec="14" bec="0" bev="0" fileid="39" />
                <SequencePoint vc="0" uspid="11121" ordinal="10" offset="104" sl="2268" sc="17" el="2268" ec="54" bec="0" bev="0" fileid="39" />
                <SequencePoint vc="0" uspid="11122" ordinal="11" offset="114" sl="2269" sc="17" el="2269" ec="47" bec="0" bev="0" fileid="39" />
                <SequencePoint vc="0" uspid="11123" ordinal="12" offset="127" sl="2270" sc="17" el="2270" ec="59" bec="0" bev="0" fileid="39" />
                <SequencePoint vc="0" uspid="11124" ordinal="13" offset="139" sl="2271" sc="17" el="2271" ec="46" bec="0" bev="0" fileid="39" />
                <SequencePoint vc="0" uspid="11125" ordinal="14" offset="152" sl="2272" sc="13" el="2272" ec="14" bec="0" bev="0" fileid="39" />
                <SequencePoint vc="0" uspid="11126" ordinal="15" offset="155" sl="2274" sc="13" el="2274" ec="14" bec="0" bev="0" fileid="39" />
                <SequencePoint vc="0" uspid="11127" ordinal="16" offset="156" sl="2275" sc="17" el="2275" ec="40" bec="2" bev="0" fileid="39" />
                <SequencePoint vc="0" uspid="11128" ordinal="17" offset="168" sl="2276" sc="17" el="2276" ec="18" bec="0" bev="0" fileid="39" />
                <SequencePoint vc="0" uspid="11129" ordinal="18" offset="169" sl="2277" sc="21" el="2277" ec="58" bec="0" bev="0" fileid="39" />
                <SequencePoint vc="0" uspid="11130" ordinal="19" offset="179" sl="2278" sc="17" el="2278" ec="18" bec="0" bev="0" fileid="39" />
                <SequencePoint vc="0" uspid="11131" ordinal="20" offset="180" sl="2279" sc="17" el="2279" ec="55" bec="0" bev="0" fileid="39" />
                <SequencePoint vc="0" uspid="11132" ordinal="21" offset="192" sl="2280" sc="13" el="2280" ec="14" bec="0" bev="0" fileid="39" />
                <SequencePoint vc="0" uspid="11133" ordinal="22" offset="193" sl="2281" sc="13" el="2281" ec="25" bec="0" bev="0" fileid="39" />
                <SequencePoint vc="0" uspid="11134" ordinal="23" offset="197" sl="2282" sc="9" el="2282" ec="10" bec="0" bev="0" fileid="39" />
              </SequencePoints>
              <BranchPoints>
                <BranchPoint vc="0" uspid="11135" ordinal="0" offset="21" sl="2256" path="0" offsetend="23" fileid="39" />
                <BranchPoint vc="0" uspid="11136" ordinal="1" offset="21" sl="2256" path="1" offsetend="43" fileid="39" />
                <BranchPoint vc="0" uspid="11137" ordinal="2" offset="49" sl="2261" path="0" offsetend="51" fileid="39" />
                <BranchPoint vc="0" uspid="11138" ordinal="3" offset="49" sl="2261" path="1" offsetend="75" fileid="39" />
                <BranchPoint vc="0" uspid="11139" ordinal="4" offset="57" sl="2261" path="0" offsetend="59" fileid="39" />
                <BranchPoint vc="0" uspid="11140" ordinal="5" offset="57" sl="2261" path="1" offsetend="75" fileid="39" />
                <BranchPoint vc="0" uspid="11141" ordinal="6" offset="78" sl="2261" path="0" offsetend="80" fileid="39" />
                <BranchPoint vc="0" uspid="11142" ordinal="7" offset="78" sl="2261" path="1" offsetend="85" fileid="39" />
                <BranchPoint vc="0" uspid="11143" ordinal="8" offset="101" sl="2266" path="0" offsetend="103" fileid="39" />
                <BranchPoint vc="0" uspid="11144" ordinal="9" offset="101" sl="2266" path="1" offsetend="155" fileid="39" />
                <BranchPoint vc="0" uspid="11145" ordinal="10" offset="166" sl="2275" path="0" offsetend="168" fileid="39" />
                <BranchPoint vc="0" uspid="11146" ordinal="11" offset="166" sl="2275" path="1" offsetend="180" fileid="39" />
              </BranchPoints>
              <MethodPoint xsi:type="SequencePoint" vc="0" uspid="11111" ordinal="0" offset="0" sl="2255" sc="9" el="2255" ec="10" bec="0" bev="0" fileid="39" />
            </Method>
            <Method visited="false" cyclomaticComplexity="4" nPathComplexity="8" sequenceCoverage="0" branchCoverage="0" crapScore="20" isConstructor="false" isStatic="false" isGetter="false" isSetter="false">
              <Summary numSequencePoints="20" visitedSequencePoints="0" numBranchPoints="7" visitedBranchPoints="0" sequenceCoverage="0" branchCoverage="0" maxCyclomaticComplexity="4" minCyclomaticComplexity="4" maxCrapScore="20" minCrapScore="20" visitedClasses="0" numClasses="0" visitedMethods="0" numMethods="1" />
              <MetadataToken>100663801</MetadataToken>
              <Name>System.Boolean ExMat.Compiler.ExCompiler::ExPrefixMatrixTranspose()</Name>
              <FileRef uid="39" />
              <SequencePoints>
                <SequencePoint vc="0" uspid="11147" ordinal="0" offset="0" sl="2285" sc="9" el="2285" ec="10" bec="0" bev="0" fileid="39" />
                <SequencePoint vc="0" uspid="11148" ordinal="1" offset="1" sl="2286" sc="13" el="2286" ec="36" bec="2" bev="0" fileid="39" />
                <SequencePoint vc="0" uspid="11149" ordinal="2" offset="14" sl="2287" sc="13" el="2287" ec="14" bec="0" bev="0" fileid="39" />
                <SequencePoint vc="0" uspid="11150" ordinal="3" offset="15" sl="2288" sc="17" el="2288" ec="30" bec="0" bev="0" fileid="39" />
                <SequencePoint vc="0" uspid="11151" ordinal="4" offset="22" sl="2291" sc="13" el="2291" ec="42" bec="4" bev="0" fileid="39" />
                <SequencePoint vc="0" uspid="11152" ordinal="5" offset="51" sl="2297" sc="21" el="2297" ec="22" bec="0" bev="0" fileid="39" />
                <SequencePoint vc="0" uspid="11153" ordinal="6" offset="52" sl="2298" sc="25" el="2298" ec="59" bec="0" bev="0" fileid="39" />
                <SequencePoint vc="0" uspid="11154" ordinal="7" offset="65" sl="2299" sc="25" el="2299" ec="112" bec="0" bev="0" fileid="39" />
                <SequencePoint vc="0" uspid="11155" ordinal="8" offset="96" sl="2300" sc="25" el="2300" ec="31" bec="0" bev="0" fileid="39" />
                <SequencePoint vc="0" uspid="11156" ordinal="9" offset="98" sl="2303" sc="21" el="2303" ec="22" bec="0" bev="0" fileid="39" />
                <SequencePoint vc="0" uspid="11157" ordinal="10" offset="99" sl="2304" sc="25" el="2304" ec="61" bec="0" bev="0" fileid="39" />
                <SequencePoint vc="0" uspid="11158" ordinal="11" offset="113" sl="2305" sc="25" el="2305" ec="61" bec="0" bev="0" fileid="39" />
                <SequencePoint vc="0" uspid="11159" ordinal="12" offset="127" sl="2306" sc="25" el="2306" ec="110" bec="0" bev="0" fileid="39" />
                <SequencePoint vc="0" uspid="11160" ordinal="13" offset="157" sl="2307" sc="25" el="2307" ec="89" bec="0" bev="0" fileid="39" />
                <SequencePoint vc="0" uspid="11161" ordinal="14" offset="178" sl="2308" sc="25" el="2308" ec="51" bec="0" bev="0" fileid="39" />
                <SequencePoint vc="0" uspid="11162" ordinal="15" offset="190" sl="2309" sc="25" el="2309" ec="31" bec="0" bev="0" fileid="39" />
                <SequencePoint vc="0" uspid="11163" ordinal="16" offset="192" sl="2312" sc="21" el="2312" ec="22" bec="0" bev="0" fileid="39" />
                <SequencePoint vc="0" uspid="11164" ordinal="17" offset="193" sl="2313" sc="25" el="2313" ec="81" bec="0" bev="0" fileid="39" />
                <SequencePoint vc="0" uspid="11165" ordinal="18" offset="207" sl="2316" sc="13" el="2316" ec="25" bec="0" bev="0" fileid="39" />
                <SequencePoint vc="0" uspid="11166" ordinal="19" offset="211" sl="2317" sc="9" el="2317" ec="10" bec="0" bev="0" fileid="39" />
              </SequencePoints>
              <BranchPoints>
                <BranchPoint vc="0" uspid="11167" ordinal="0" offset="12" sl="2286" path="0" offsetend="14" fileid="39" />
                <BranchPoint vc="0" uspid="11168" ordinal="1" offset="12" sl="2286" path="1" offsetend="22" fileid="39" />
                <BranchPoint vc="0" uspid="11169" ordinal="2" offset="38" sl="2291" path="0" offsetchain="40" offsetend="42" fileid="39" />
                <BranchPoint vc="0" uspid="11170" ordinal="3" offset="38" sl="2291" path="1" offsetend="51" fileid="39" />
                <BranchPoint vc="0" uspid="11171" ordinal="4" offset="44" sl="2291" path="0" offsetchain="46" offsetend="192" fileid="39" />
                <BranchPoint vc="0" uspid="11172" ordinal="5" offset="44" sl="2291" path="1" offsetend="98" fileid="39" />
              </BranchPoints>
              <MethodPoint xsi:type="SequencePoint" vc="0" uspid="11147" ordinal="0" offset="0" sl="2285" sc="9" el="2285" ec="10" bec="0" bev="0" fileid="39" />
            </Method>
            <Method visited="false" cyclomaticComplexity="11" nPathComplexity="56" sequenceCoverage="0" branchCoverage="0" crapScore="132" isConstructor="false" isStatic="false" isGetter="false" isSetter="false">
              <Summary numSequencePoints="30" visitedSequencePoints="0" numBranchPoints="14" visitedBranchPoints="0" sequenceCoverage="0" branchCoverage="0" maxCyclomaticComplexity="11" minCyclomaticComplexity="11" maxCrapScore="132" minCrapScore="132" visitedClasses="0" numClasses="0" visitedMethods="0" numMethods="1" />
              <MetadataToken>100663802</MetadataToken>
              <Name>System.Boolean ExMat.Compiler.ExCompiler::ExPrefixedIncDec()</Name>
              <FileRef uid="39" />
              <SequencePoints>
                <SequencePoint vc="0" uspid="11173" ordinal="0" offset="0" sl="2320" sc="9" el="2320" ec="10" bec="0" bev="0" fileid="39" />
                <SequencePoint vc="0" uspid="11174" ordinal="1" offset="1" sl="2321" sc="13" el="2321" ec="25" bec="2" bev="0" fileid="39" />
                <SequencePoint vc="0" uspid="11175" ordinal="2" offset="11" sl="2322" sc="13" el="2322" ec="14" bec="0" bev="0" fileid="39" />
                <SequencePoint vc="0" uspid="11176" ordinal="3" offset="12" sl="2323" sc="17" el="2323" ec="29" bec="0" bev="0" fileid="39" />
                <SequencePoint vc="0" uspid="11177" ordinal="4" offset="19" sl="2325" sc="13" el="2325" ec="60" bec="2" bev="0" fileid="39" />
                <SequencePoint vc="0" uspid="11178" ordinal="5" offset="37" sl="2327" sc="13" el="2327" ec="36" bec="2" bev="0" fileid="39" />
                <SequencePoint vc="0" uspid="11179" ordinal="6" offset="50" sl="2328" sc="13" el="2328" ec="14" bec="0" bev="0" fileid="39" />
                <SequencePoint vc="0" uspid="11180" ordinal="7" offset="51" sl="2329" sc="17" el="2329" ec="30" bec="0" bev="0" fileid="39" />
                <SequencePoint vc="0" uspid="11181" ordinal="8" offset="58" sl="2332" sc="13" el="2332" ec="42" bec="6" bev="0" fileid="39" />
                <SequencePoint vc="0" uspid="11182" ordinal="9" offset="111" sl="2335" sc="21" el="2335" ec="22" bec="0" bev="0" fileid="39" />
                <SequencePoint vc="0" uspid="11183" ordinal="10" offset="112" sl="2336" sc="25" el="2336" ec="93" bec="0" bev="0" fileid="39" />
                <SequencePoint vc="0" uspid="11184" ordinal="11" offset="129" sl="2339" sc="21" el="2339" ec="22" bec="0" bev="0" fileid="39" />
                <SequencePoint vc="0" uspid="11185" ordinal="12" offset="130" sl="2340" sc="25" el="2340" ec="96" bec="0" bev="0" fileid="39" />
                <SequencePoint vc="0" uspid="11186" ordinal="13" offset="147" sl="2344" sc="21" el="2344" ec="22" bec="0" bev="0" fileid="39" />
                <SequencePoint vc="0" uspid="11187" ordinal="14" offset="148" sl="2345" sc="25" el="2345" ec="66" bec="0" bev="0" fileid="39" />
                <SequencePoint vc="0" uspid="11188" ordinal="15" offset="158" sl="2346" sc="25" el="2346" ec="31" bec="0" bev="0" fileid="39" />
                <SequencePoint vc="0" uspid="11189" ordinal="16" offset="163" sl="2349" sc="21" el="2349" ec="22" bec="0" bev="0" fileid="39" />
                <SequencePoint vc="0" uspid="11190" ordinal="17" offset="164" sl="2350" sc="25" el="2350" ec="59" bec="0" bev="0" fileid="39" />
                <SequencePoint vc="0" uspid="11191" ordinal="18" offset="177" sl="2351" sc="25" el="2351" ec="108" bec="0" bev="0" fileid="39" />
                <SequencePoint vc="0" uspid="11192" ordinal="19" offset="208" sl="2352" sc="25" el="2352" ec="31" bec="0" bev="0" fileid="39" />
                <SequencePoint vc="0" uspid="11193" ordinal="20" offset="210" sl="2355" sc="21" el="2355" ec="22" bec="0" bev="0" fileid="39" />
                <SequencePoint vc="0" uspid="11194" ordinal="21" offset="211" sl="2356" sc="25" el="2356" ec="61" bec="0" bev="0" fileid="39" />
                <SequencePoint vc="0" uspid="11195" ordinal="22" offset="225" sl="2357" sc="25" el="2357" ec="61" bec="0" bev="0" fileid="39" />
                <SequencePoint vc="0" uspid="11196" ordinal="23" offset="239" sl="2358" sc="25" el="2358" ec="110" bec="0" bev="0" fileid="39" />
                <SequencePoint vc="0" uspid="11197" ordinal="24" offset="269" sl="2359" sc="25" el="2359" ec="85" bec="0" bev="0" fileid="39" />
                <SequencePoint vc="0" uspid="11198" ordinal="25" offset="290" sl="2360" sc="25" el="2360" ec="111" bec="0" bev="0" fileid="39" />
                <SequencePoint vc="0" uspid="11199" ordinal="26" offset="321" sl="2361" sc="25" el="2361" ec="51" bec="0" bev="0" fileid="39" />
                <SequencePoint vc="0" uspid="11200" ordinal="27" offset="333" sl="2362" sc="25" el="2362" ec="31" bec="0" bev="0" fileid="39" />
                <SequencePoint vc="0" uspid="11201" ordinal="28" offset="335" sl="2365" sc="13" el="2365" ec="25" bec="0" bev="0" fileid="39" />
                <SequencePoint vc="0" uspid="11202" ordinal="29" offset="339" sl="2366" sc="9" el="2366" ec="10" bec="0" bev="0" fileid="39" />
              </SequencePoints>
              <BranchPoints>
                <BranchPoint vc="0" uspid="11203" ordinal="0" offset="9" sl="2321" path="0" offsetend="11" fileid="39" />
                <BranchPoint vc="0" uspid="11204" ordinal="1" offset="9" sl="2321" path="1" offsetend="19" fileid="39" />
                <BranchPoint vc="0" uspid="11205" ordinal="2" offset="30" sl="2325" path="0" offsetend="32" fileid="39" />
                <BranchPoint vc="0" uspid="11206" ordinal="3" offset="30" sl="2325" path="1" offsetend="35" fileid="39" />
                <BranchPoint vc="0" uspid="11207" ordinal="4" offset="48" sl="2327" path="0" offsetend="50" fileid="39" />
                <BranchPoint vc="0" uspid="11208" ordinal="5" offset="48" sl="2327" path="1" offsetend="58" fileid="39" />
                <BranchPoint vc="0" uspid="11209" ordinal="6" offset="77" sl="2332" path="0" offsetchain="106" offsetend="335" fileid="39" />
                <BranchPoint vc="0" uspid="11210" ordinal="7" offset="77" sl="2332" path="1" offsetend="129" fileid="39" />
                <BranchPoint vc="0" uspid="11211" ordinal="8" offset="77" sl="2332" path="2" offsetend="147" fileid="39" />
                <BranchPoint vc="0" uspid="11212" ordinal="9" offset="77" sl="2332" path="3" offsetend="147" fileid="39" />
                <BranchPoint vc="0" uspid="11213" ordinal="10" offset="77" sl="2332" path="4" offsetend="163" fileid="39" />
                <BranchPoint vc="0" uspid="11214" ordinal="11" offset="77" sl="2332" path="5" offsetend="111" fileid="39" />
                <BranchPoint vc="0" uspid="11215" ordinal="12" offset="77" sl="2332" path="6" offsetend="210" fileid="39" />
              </BranchPoints>
              <MethodPoint xsi:type="SequencePoint" vc="0" uspid="11173" ordinal="0" offset="0" sl="2320" sc="9" el="2320" ec="10" bec="0" bev="0" fileid="39" />
            </Method>
            <Method visited="false" cyclomaticComplexity="7" nPathComplexity="12" sequenceCoverage="0" branchCoverage="0" crapScore="56" isConstructor="false" isStatic="false" isGetter="false" isSetter="false">
              <Summary numSequencePoints="25" visitedSequencePoints="0" numBranchPoints="9" visitedBranchPoints="0" sequenceCoverage="0" branchCoverage="0" maxCyclomaticComplexity="7" minCyclomaticComplexity="7" maxCrapScore="56" minCrapScore="56" visitedClasses="0" numClasses="0" visitedMethods="0" numMethods="1" />
              <MetadataToken>100663803</MetadataToken>
              <Name>System.Boolean ExMat.Compiler.ExCompiler::ExPrefixedRoundOpen()</Name>
              <FileRef uid="39" />
              <SequencePoints>
                <SequencePoint vc="0" uspid="11216" ordinal="0" offset="0" sl="2369" sc="9" el="2369" ec="10" bec="0" bev="0" fileid="39" />
                <SequencePoint vc="0" uspid="11217" ordinal="1" offset="1" sl="2370" sc="13" el="2370" ec="42" bec="5" bev="0" fileid="39" />
                <SequencePoint vc="0" uspid="11218" ordinal="2" offset="48" sl="2373" sc="21" el="2373" ec="22" bec="0" bev="0" fileid="39" />
                <SequencePoint vc="0" uspid="11219" ordinal="3" offset="49" sl="2374" sc="25" el="2374" ec="63" bec="0" bev="0" fileid="39" />
                <SequencePoint vc="0" uspid="11220" ordinal="4" offset="61" sl="2375" sc="25" el="2375" ec="65" bec="0" bev="0" fileid="39" />
                <SequencePoint vc="0" uspid="11221" ordinal="5" offset="73" sl="2376" sc="25" el="2376" ec="66" bec="0" bev="0" fileid="39" />
                <SequencePoint vc="0" uspid="11222" ordinal="6" offset="87" sl="2377" sc="25" el="2377" ec="65" bec="0" bev="0" fileid="39" />
                <SequencePoint vc="0" uspid="11223" ordinal="7" offset="101" sl="2378" sc="25" el="2378" ec="107" bec="0" bev="0" fileid="39" />
                <SequencePoint vc="0" uspid="11224" ordinal="8" offset="122" sl="2379" sc="25" el="2379" ec="31" bec="0" bev="0" fileid="39" />
                <SequencePoint vc="0" uspid="11225" ordinal="9" offset="127" sl="2382" sc="21" el="2382" ec="22" bec="0" bev="0" fileid="39" />
                <SequencePoint vc="0" uspid="11226" ordinal="10" offset="128" sl="2383" sc="25" el="2383" ec="107" bec="0" bev="0" fileid="39" />
                <SequencePoint vc="0" uspid="11227" ordinal="11" offset="158" sl="2384" sc="25" el="2384" ec="31" bec="0" bev="0" fileid="39" />
                <SequencePoint vc="0" uspid="11228" ordinal="12" offset="163" sl="2387" sc="21" el="2387" ec="22" bec="0" bev="0" fileid="39" />
                <SequencePoint vc="0" uspid="11229" ordinal="13" offset="164" sl="2388" sc="25" el="2388" ec="134" bec="0" bev="0" fileid="39" />
                <SequencePoint vc="0" uspid="11230" ordinal="14" offset="204" sl="2389" sc="25" el="2389" ec="107" bec="0" bev="0" fileid="39" />
                <SequencePoint vc="0" uspid="11231" ordinal="15" offset="234" sl="2390" sc="25" el="2390" ec="31" bec="0" bev="0" fileid="39" />
                <SequencePoint vc="0" uspid="11232" ordinal="16" offset="236" sl="2393" sc="21" el="2393" ec="22" bec="0" bev="0" fileid="39" />
                <SequencePoint vc="0" uspid="11233" ordinal="17" offset="237" sl="2394" sc="25" el="2394" ec="116" bec="0" bev="0" fileid="39" />
                <SequencePoint vc="0" uspid="11234" ordinal="18" offset="267" sl="2395" sc="25" el="2395" ec="31" bec="0" bev="0" fileid="39" />
                <SequencePoint vc="0" uspid="11235" ordinal="19" offset="269" sl="2398" sc="21" el="2398" ec="22" bec="0" bev="0" fileid="39" />
                <SequencePoint vc="0" uspid="11236" ordinal="20" offset="270" sl="2399" sc="25" el="2399" ec="107" bec="0" bev="0" fileid="39" />
                <SequencePoint vc="0" uspid="11237" ordinal="21" offset="300" sl="2400" sc="25" el="2400" ec="31" bec="0" bev="0" fileid="39" />
                <SequencePoint vc="0" uspid="11238" ordinal="22" offset="302" sl="2403" sc="13" el="2403" ec="55" bec="0" bev="0" fileid="39" />
                <SequencePoint vc="0" uspid="11239" ordinal="23" offset="314" sl="2405" sc="13" el="2405" ec="54" bec="2" bev="0" fileid="39" />
                <SequencePoint vc="0" uspid="11240" ordinal="24" offset="335" sl="2406" sc="9" el="2406" ec="10" bec="0" bev="0" fileid="39" />
              </SequencePoints>
              <BranchPoints>
                <BranchPoint vc="0" uspid="11241" ordinal="0" offset="18" sl="2370" path="0" offsetchain="43" offsetend="269" fileid="39" />
                <BranchPoint vc="0" uspid="11242" ordinal="1" offset="18" sl="2370" path="1" offsetend="48" fileid="39" />
                <BranchPoint vc="0" uspid="11243" ordinal="2" offset="18" sl="2370" path="2" offsetend="127" fileid="39" />
                <BranchPoint vc="0" uspid="11244" ordinal="3" offset="18" sl="2370" path="3" offsetend="269" fileid="39" />
                <BranchPoint vc="0" uspid="11245" ordinal="4" offset="18" sl="2370" path="4" offsetend="236" fileid="39" />
                <BranchPoint vc="0" uspid="11246" ordinal="5" offset="18" sl="2370" path="5" offsetend="163" fileid="39" />
                <BranchPoint vc="0" uspid="11247" ordinal="6" offset="320" sl="2405" path="0" offsetend="322" fileid="39" />
                <BranchPoint vc="0" uspid="11248" ordinal="7" offset="320" sl="2405" path="1" offsetend="330" fileid="39" />
              </BranchPoints>
              <MethodPoint xsi:type="SequencePoint" vc="0" uspid="11216" ordinal="0" offset="0" sl="2369" sc="9" el="2369" ec="10" bec="0" bev="0" fileid="39" />
            </Method>
            <Method visited="false" cyclomaticComplexity="9" nPathComplexity="64" sequenceCoverage="0" branchCoverage="0" crapScore="90" isConstructor="false" isStatic="false" isGetter="false" isSetter="false">
              <Summary numSequencePoints="28" visitedSequencePoints="0" numBranchPoints="13" visitedBranchPoints="0" sequenceCoverage="0" branchCoverage="0" maxCyclomaticComplexity="9" minCyclomaticComplexity="9" maxCrapScore="90" minCrapScore="90" visitedClasses="0" numClasses="0" visitedMethods="0" numMethods="1" />
              <MetadataToken>100663804</MetadataToken>
              <Name>System.Boolean ExMat.Compiler.ExCompiler::ExPrefixed()</Name>
              <FileRef uid="39" />
              <SequencePoints>
                <SequencePoint vc="0" uspid="11249" ordinal="0" offset="0" sl="2409" sc="9" el="2409" ec="10" bec="0" bev="0" fileid="39" />
                <SequencePoint vc="0" uspid="11250" ordinal="1" offset="1" sl="2410" sc="13" el="2410" ec="24" bec="0" bev="0" fileid="39" />
                <SequencePoint vc="0" uspid="11251" ordinal="2" offset="3" sl="2411" sc="13" el="2411" ec="34" bec="0" bev="0" fileid="39" />
                <SequencePoint vc="0" uspid="11252" ordinal="3" offset="18" sl="2412" sc="13" el="2412" ec="14" bec="0" bev="0" fileid="39" />
                <SequencePoint vc="0" uspid="11253" ordinal="4" offset="19" sl="2413" sc="17" el="2413" ec="30" bec="0" bev="0" fileid="39" />
                <SequencePoint vc="0" uspid="11254" ordinal="5" offset="31" sl="2416" sc="13" el="2416" ec="14" bec="0" bev="0" fileid="39" />
                <SequencePoint vc="0" uspid="11255" ordinal="6" offset="32" sl="2419" sc="17" el="2419" ec="38" bec="9" bev="0" fileid="39" />
                <SequencePoint vc="0" uspid="11256" ordinal="7" offset="110" sl="2422" sc="25" el="2422" ec="26" bec="0" bev="0" fileid="39" />
                <SequencePoint vc="0" uspid="11257" ordinal="8" offset="111" sl="2423" sc="29" el="2423" ec="58" bec="0" bev="0" fileid="39" />
                <SequencePoint vc="0" uspid="11258" ordinal="9" offset="120" sl="2424" sc="29" el="2424" ec="35" bec="0" bev="0" fileid="39" />
                <SequencePoint vc="0" uspid="11259" ordinal="10" offset="122" sl="2427" sc="25" el="2427" ec="26" bec="0" bev="0" fileid="39" />
                <SequencePoint vc="0" uspid="11260" ordinal="11" offset="123" sl="2428" sc="29" el="2428" ec="65" bec="0" bev="0" fileid="39" />
                <SequencePoint vc="0" uspid="11261" ordinal="12" offset="132" sl="2429" sc="29" el="2429" ec="35" bec="0" bev="0" fileid="39" />
                <SequencePoint vc="0" uspid="11262" ordinal="13" offset="134" sl="2432" sc="25" el="2432" ec="26" bec="0" bev="0" fileid="39" />
                <SequencePoint vc="0" uspid="11263" ordinal="14" offset="135" sl="2433" sc="29" el="2433" ec="62" bec="0" bev="0" fileid="39" />
                <SequencePoint vc="0" uspid="11264" ordinal="15" offset="144" sl="2437" sc="25" el="2437" ec="26" bec="0" bev="0" fileid="39" />
                <SequencePoint vc="0" uspid="11265" ordinal="16" offset="145" sl="2438" sc="29" el="2438" ec="55" bec="0" bev="0" fileid="39" />
                <SequencePoint vc="0" uspid="11266" ordinal="17" offset="154" sl="2441" sc="25" el="2441" ec="26" bec="0" bev="0" fileid="39" />
                <SequencePoint vc="0" uspid="11267" ordinal="18" offset="155" sl="2442" sc="29" el="2442" ec="59" bec="0" bev="0" fileid="39" />
                <SequencePoint vc="0" uspid="11268" ordinal="19" offset="162" sl="2443" sc="29" el="2443" ec="35" bec="0" bev="0" fileid="39" />
                <SequencePoint vc="0" uspid="11269" ordinal="20" offset="164" sl="2446" sc="25" el="2446" ec="26" bec="0" bev="0" fileid="39" />
                <SequencePoint vc="0" uspid="11270" ordinal="21" offset="165" sl="2447" sc="29" el="2447" ec="41" bec="0" bev="0" fileid="39" />
                <SequencePoint vc="0" uspid="11271" ordinal="22" offset="169" sl="2451" sc="17" el="2451" ec="28" bec="2" bev="0" fileid="39" />
                <SequencePoint vc="0" uspid="11272" ordinal="23" offset="179" sl="2452" sc="17" el="2452" ec="18" bec="0" bev="0" fileid="39" />
                <SequencePoint vc="0" uspid="11273" ordinal="24" offset="180" sl="2453" sc="21" el="2453" ec="34" bec="0" bev="0" fileid="39" />
                <SequencePoint vc="0" uspid="11274" ordinal="25" offset="184" sl="2455" sc="13" el="2455" ec="14" bec="0" bev="0" fileid="39" />
                <SequencePoint vc="0" uspid="11275" ordinal="26" offset="185" sl="2415" sc="13" el="2415" ec="25" bec="0" bev="0" fileid="39" />
                <SequencePoint vc="0" uspid="11276" ordinal="27" offset="193" sl="2456" sc="9" el="2456" ec="10" bec="0" bev="0" fileid="39" />
              </SequencePoints>
              <BranchPoints>
                <BranchPoint vc="0" uspid="11277" ordinal="0" offset="62" sl="2419" path="0" offsetchain="64" offsetend="66" fileid="39" />
                <BranchPoint vc="0" uspid="11278" ordinal="1" offset="62" sl="2419" path="1" offsetend="144" fileid="39" />
                <BranchPoint vc="0" uspid="11279" ordinal="2" offset="73" sl="2419" path="0" offsetchain="75" offsetend="164" fileid="39" />
                <BranchPoint vc="0" uspid="11280" ordinal="3" offset="73" sl="2419" path="1" offsetend="134" fileid="39" />
                <BranchPoint vc="0" uspid="11281" ordinal="4" offset="84" sl="2419" path="0" offsetchain="86" offsetend="88" fileid="39" />
                <BranchPoint vc="0" uspid="11282" ordinal="5" offset="84" sl="2419" path="1" offsetend="110" fileid="39" />
                <BranchPoint vc="0" uspid="11283" ordinal="6" offset="95" sl="2419" path="0" offsetchain="97" offsetend="99" fileid="39" />
                <BranchPoint vc="0" uspid="11284" ordinal="7" offset="95" sl="2419" path="1" offsetend="154" fileid="39" />
                <BranchPoint vc="0" uspid="11285" ordinal="8" offset="106" sl="2419" path="0" offsetchain="108" offsetend="164" fileid="39" />
                <BranchPoint vc="0" uspid="11286" ordinal="9" offset="106" sl="2419" path="1" offsetend="122" fileid="39" />
                <BranchPoint vc="0" uspid="11287" ordinal="10" offset="177" sl="2451" path="0" offsetend="179" fileid="39" />
                <BranchPoint vc="0" uspid="11288" ordinal="11" offset="177" sl="2451" path="1" offsetend="184" fileid="39" />
              </BranchPoints>
              <MethodPoint xsi:type="SequencePoint" vc="0" uspid="11249" ordinal="0" offset="0" sl="2409" sc="9" el="2409" ec="10" bec="0" bev="0" fileid="39" />
            </Method>
            <Method visited="false" cyclomaticComplexity="7" nPathComplexity="64" sequenceCoverage="0" branchCoverage="0" crapScore="56" isConstructor="false" isStatic="false" isGetter="false" isSetter="false">
              <Summary numSequencePoints="22" visitedSequencePoints="0" numBranchPoints="13" visitedBranchPoints="0" sequenceCoverage="0" branchCoverage="0" maxCyclomaticComplexity="7" minCyclomaticComplexity="7" maxCrapScore="56" minCrapScore="56" visitedClasses="0" numClasses="0" visitedMethods="0" numMethods="1" />
              <MetadataToken>100663805</MetadataToken>
              <Name>System.Boolean ExMat.Compiler.ExCompiler::AccessConstDict(ExMat.Objects.ExObject,ExMat.Objects.ExObject&amp;,ExMat.Objects.ExObject&amp;)</Name>
              <FileRef uid="39" />
              <SequencePoints>
                <SequencePoint vc="0" uspid="11289" ordinal="0" offset="0" sl="2459" sc="9" el="2459" ec="10" bec="0" bev="0" fileid="39" />
                <SequencePoint vc="0" uspid="11290" ordinal="1" offset="1" sl="2460" sc="13" el="2460" ec="47" bec="2" bev="0" fileid="39" />
                <SequencePoint vc="0" uspid="11291" ordinal="2" offset="21" sl="2461" sc="13" el="2461" ec="14" bec="0" bev="0" fileid="39" />
                <SequencePoint vc="0" uspid="11292" ordinal="3" offset="22" sl="2462" sc="17" el="2462" ec="76" bec="0" bev="0" fileid="39" />
                <SequencePoint vc="0" uspid="11293" ordinal="4" offset="39" sl="2465" sc="13" el="2465" ec="36" bec="2" bev="0" fileid="39" />
                <SequencePoint vc="0" uspid="11294" ordinal="5" offset="52" sl="2466" sc="13" el="2466" ec="14" bec="0" bev="0" fileid="39" />
                <SequencePoint vc="0" uspid="11295" ordinal="6" offset="53" sl="2467" sc="17" el="2467" ec="30" bec="0" bev="0" fileid="39" />
                <SequencePoint vc="0" uspid="11296" ordinal="7" offset="60" sl="2470" sc="13" el="2470" ec="48" bec="0" bev="0" fileid="39" />
                <SequencePoint vc="0" uspid="11297" ordinal="8" offset="73" sl="2472" sc="13" el="2472" ec="61" bec="4" bev="0" fileid="39" />
                <SequencePoint vc="0" uspid="11298" ordinal="9" offset="101" sl="2473" sc="13" el="2473" ec="14" bec="0" bev="0" fileid="39" />
                <SequencePoint vc="0" uspid="11299" ordinal="10" offset="102" sl="2474" sc="17" el="2474" ec="95" bec="0" bev="0" fileid="39" />
                <SequencePoint vc="0" uspid="11300" ordinal="11" offset="116" sl="2476" sc="18" el="2476" ec="67" bec="2" bev="0" fileid="39" />
                <SequencePoint vc="0" uspid="11301" ordinal="12" offset="143" sl="2477" sc="13" el="2477" ec="14" bec="0" bev="0" fileid="39" />
                <SequencePoint vc="0" uspid="11302" ordinal="13" offset="144" sl="2478" sc="17" el="2478" ec="65" bec="2" bev="0" fileid="39" />
                <SequencePoint vc="0" uspid="11303" ordinal="14" offset="168" sl="2479" sc="17" el="2479" ec="18" bec="0" bev="0" fileid="39" />
                <SequencePoint vc="0" uspid="11304" ordinal="15" offset="169" sl="2480" sc="21" el="2480" ec="92" bec="0" bev="0" fileid="39" />
                <SequencePoint vc="0" uspid="11305" ordinal="16" offset="200" sl="2482" sc="13" el="2482" ec="14" bec="0" bev="0" fileid="39" />
                <SequencePoint vc="0" uspid="11306" ordinal="17" offset="203" sl="2484" sc="13" el="2484" ec="14" bec="0" bev="0" fileid="39" />
                <SequencePoint vc="0" uspid="11307" ordinal="18" offset="204" sl="2485" sc="17" el="2485" ec="61" bec="0" bev="0" fileid="39" />
                <SequencePoint vc="0" uspid="11308" ordinal="19" offset="229" sl="2486" sc="13" el="2486" ec="14" bec="0" bev="0" fileid="39" />
                <SequencePoint vc="0" uspid="11309" ordinal="20" offset="230" sl="2488" sc="13" el="2488" ec="25" bec="0" bev="0" fileid="39" />
                <SequencePoint vc="0" uspid="11310" ordinal="21" offset="234" sl="2489" sc="9" el="2489" ec="10" bec="0" bev="0" fileid="39" />
              </SequencePoints>
              <BranchPoints>
                <BranchPoint vc="0" uspid="11311" ordinal="0" offset="19" sl="2460" path="0" offsetend="21" fileid="39" />
                <BranchPoint vc="0" uspid="11312" ordinal="1" offset="19" sl="2460" path="1" offsetend="39" fileid="39" />
                <BranchPoint vc="0" uspid="11313" ordinal="2" offset="50" sl="2465" path="0" offsetend="52" fileid="39" />
                <BranchPoint vc="0" uspid="11314" ordinal="3" offset="50" sl="2465" path="1" offsetend="60" fileid="39" />
                <BranchPoint vc="0" uspid="11315" ordinal="4" offset="75" sl="2472" path="0" offsetend="77" fileid="39" />
                <BranchPoint vc="0" uspid="11316" ordinal="5" offset="75" sl="2472" path="1" offsetend="96" fileid="39" />
                <BranchPoint vc="0" uspid="11317" ordinal="6" offset="99" sl="2472" path="0" offsetend="101" fileid="39" />
                <BranchPoint vc="0" uspid="11318" ordinal="7" offset="99" sl="2472" path="1" offsetend="116" fileid="39" />
                <BranchPoint vc="0" uspid="11319" ordinal="8" offset="141" sl="2476" path="0" offsetend="143" fileid="39" />
                <BranchPoint vc="0" uspid="11320" ordinal="9" offset="141" sl="2476" path="1" offsetend="203" fileid="39" />
                <BranchPoint vc="0" uspid="11321" ordinal="10" offset="166" sl="2478" path="0" offsetend="168" fileid="39" />
                <BranchPoint vc="0" uspid="11322" ordinal="11" offset="166" sl="2478" path="1" offsetend="200" fileid="39" />
              </BranchPoints>
              <MethodPoint xsi:type="SequencePoint" vc="0" uspid="11289" ordinal="0" offset="0" sl="2459" sc="9" el="2459" ec="10" bec="0" bev="0" fileid="39" />
            </Method>
            <Method visited="false" cyclomaticComplexity="11" nPathComplexity="256" sequenceCoverage="0" branchCoverage="0" crapScore="132" isConstructor="false" isStatic="false" isGetter="false" isSetter="false">
              <Summary numSequencePoints="32" visitedSequencePoints="0" numBranchPoints="17" visitedBranchPoints="0" sequenceCoverage="0" branchCoverage="0" maxCyclomaticComplexity="11" minCyclomaticComplexity="11" maxCrapScore="132" minCrapScore="132" visitedClasses="0" numClasses="0" visitedMethods="0" numMethods="1" />
              <MetadataToken>100663806</MetadataToken>
              <Name>System.Void ExMat.Compiler.ExCompiler::AddConstLoadInstr(ExMat.Objects.ExObject,ExMat.Objects.ExObject,ExMat.Objects.ExObject)</Name>
              <FileRef uid="39" />
              <SequencePoints>
                <SequencePoint vc="0" uspid="11323" ordinal="0" offset="0" sl="2492" sc="9" el="2492" ec="10" bec="0" bev="0" fileid="39" />
                <SequencePoint vc="0" uspid="11324" ordinal="1" offset="1" sl="2493" sc="13" el="2493" ec="31" bec="10" bev="0" fileid="39" />
                <SequencePoint vc="0" uspid="11325" ordinal="2" offset="120" sl="2496" sc="21" el="2496" ec="22" bec="0" bev="0" fileid="39" />
                <SequencePoint vc="0" uspid="11326" ordinal="3" offset="121" sl="2497" sc="25" el="2497" ec="87" bec="0" bev="0" fileid="39" />
                <SequencePoint vc="0" uspid="11327" ordinal="4" offset="145" sl="2498" sc="25" el="2498" ec="31" bec="0" bev="0" fileid="39" />
                <SequencePoint vc="0" uspid="11328" ordinal="5" offset="150" sl="2501" sc="21" el="2501" ec="22" bec="0" bev="0" fileid="39" />
                <SequencePoint vc="0" uspid="11329" ordinal="6" offset="151" sl="2502" sc="25" el="2502" ec="118" bec="0" bev="0" fileid="39" />
                <SequencePoint vc="0" uspid="11330" ordinal="7" offset="196" sl="2503" sc="25" el="2503" ec="31" bec="0" bev="0" fileid="39" />
                <SequencePoint vc="0" uspid="11331" ordinal="8" offset="201" sl="2506" sc="21" el="2506" ec="22" bec="0" bev="0" fileid="39" />
                <SequencePoint vc="0" uspid="11332" ordinal="9" offset="202" sl="2507" sc="25" el="2507" ec="91" bec="0" bev="0" fileid="39" />
                <SequencePoint vc="0" uspid="11333" ordinal="10" offset="226" sl="2508" sc="25" el="2508" ec="31" bec="0" bev="0" fileid="39" />
                <SequencePoint vc="0" uspid="11334" ordinal="11" offset="231" sl="2511" sc="21" el="2511" ec="22" bec="0" bev="0" fileid="39" />
                <SequencePoint vc="0" uspid="11335" ordinal="12" offset="232" sl="2512" sc="25" el="2512" ec="134" bec="0" bev="0" fileid="39" />
                <SequencePoint vc="0" uspid="11336" ordinal="13" offset="271" sl="2513" sc="25" el="2513" ec="31" bec="0" bev="0" fileid="39" />
                <SequencePoint vc="0" uspid="11337" ordinal="14" offset="276" sl="2518" sc="21" el="2518" ec="22" bec="0" bev="0" fileid="39" />
                <SequencePoint vc="0" uspid="11338" ordinal="15" offset="277" sl="2519" sc="25" el="2519" ec="136" bec="0" bev="0" fileid="39" />
                <SequencePoint vc="0" uspid="11339" ordinal="16" offset="311" sl="2520" sc="25" el="2520" ec="135" bec="0" bev="0" fileid="39" />
                <SequencePoint vc="0" uspid="11340" ordinal="17" offset="351" sl="2521" sc="25" el="2521" ec="62" bec="0" bev="0" fileid="39" />
                <SequencePoint vc="0" uspid="11341" ordinal="18" offset="361" sl="2523" sc="25" el="2523" ec="41" bec="2" bev="0" fileid="39" />
                <SequencePoint vc="0" uspid="11342" ordinal="19" offset="369" sl="2524" sc="25" el="2524" ec="26" bec="0" bev="0" fileid="39" />
                <SequencePoint vc="0" uspid="11343" ordinal="20" offset="370" sl="2525" sc="29" el="2525" ec="139" bec="0" bev="0" fileid="39" />
                <SequencePoint vc="0" uspid="11344" ordinal="21" offset="410" sl="2526" sc="29" el="2526" ec="66" bec="0" bev="0" fileid="39" />
                <SequencePoint vc="0" uspid="11345" ordinal="22" offset="420" sl="2527" sc="25" el="2527" ec="26" bec="0" bev="0" fileid="39" />
                <SequencePoint vc="0" uspid="11346" ordinal="23" offset="423" sl="2529" sc="25" el="2529" ec="26" bec="0" bev="0" fileid="39" />
                <SequencePoint vc="0" uspid="11347" ordinal="24" offset="424" sl="2530" sc="29" el="2530" ec="110" bec="0" bev="0" fileid="39" />
                <SequencePoint vc="0" uspid="11348" ordinal="25" offset="453" sl="2531" sc="25" el="2531" ec="26" bec="0" bev="0" fileid="39" />
                <SequencePoint vc="0" uspid="11349" ordinal="26" offset="454" sl="2532" sc="25" el="2532" ec="67" bec="0" bev="0" fileid="39" />
                <SequencePoint vc="0" uspid="11350" ordinal="27" offset="466" sl="2533" sc="25" el="2533" ec="31" bec="0" bev="0" fileid="39" />
                <SequencePoint vc="0" uspid="11351" ordinal="28" offset="468" sl="2536" sc="21" el="2536" ec="22" bec="0" bev="0" fileid="39" />
                <SequencePoint vc="0" uspid="11352" ordinal="29" offset="469" sl="2537" sc="25" el="2537" ec="134" bec="0" bev="0" fileid="39" />
                <SequencePoint vc="0" uspid="11353" ordinal="30" offset="508" sl="2538" sc="25" el="2538" ec="31" bec="0" bev="0" fileid="39" />
                <SequencePoint vc="0" uspid="11354" ordinal="31" offset="510" sl="2541" sc="9" el="2541" ec="10" bec="0" bev="0" fileid="39" />
              </SequencePoints>
              <BranchPoints>
                <BranchPoint vc="0" uspid="11355" ordinal="0" offset="24" sl="2493" path="0" offsetchain="29" offsetend="31" fileid="39" />
                <BranchPoint vc="0" uspid="11356" ordinal="1" offset="24" sl="2493" path="1" offsetend="201" fileid="39" />
                <BranchPoint vc="0" uspid="11357" ordinal="2" offset="37" sl="2493" path="0" offsetchain="42" offsetend="44" fileid="39" />
                <BranchPoint vc="0" uspid="11358" ordinal="3" offset="37" sl="2493" path="1" offsetend="231" fileid="39" />
                <BranchPoint vc="0" uspid="11359" ordinal="4" offset="50" sl="2493" path="0" offsetchain="52" offsetend="468" fileid="39" />
                <BranchPoint vc="0" uspid="11360" ordinal="5" offset="50" sl="2493" path="1" offsetend="120" fileid="39" />
                <BranchPoint vc="0" uspid="11361" ordinal="6" offset="71" sl="2493" path="0" offsetchain="73" offsetend="75" fileid="39" />
                <BranchPoint vc="0" uspid="11362" ordinal="7" offset="71" sl="2493" path="1" offsetend="150" fileid="39" />
                <BranchPoint vc="0" uspid="11363" ordinal="8" offset="81" sl="2493" path="0" offsetchain="86" offsetend="468" fileid="39" />
                <BranchPoint vc="0" uspid="11364" ordinal="9" offset="81" sl="2493" path="1" offsetend="276" fileid="39" />
                <BranchPoint vc="0" uspid="11365" ordinal="10" offset="97" sl="2493" path="0" offsetchain="102" offsetend="104" fileid="39" />
                <BranchPoint vc="0" uspid="11366" ordinal="11" offset="97" sl="2493" path="1" offsetend="276" fileid="39" />
                <BranchPoint vc="0" uspid="11367" ordinal="12" offset="110" sl="2493" path="0" offsetchain="115" offsetend="468" fileid="39" />
                <BranchPoint vc="0" uspid="11368" ordinal="13" offset="110" sl="2493" path="1" offsetend="276" fileid="39" />
                <BranchPoint vc="0" uspid="11369" ordinal="14" offset="367" sl="2523" path="0" offsetend="369" fileid="39" />
                <BranchPoint vc="0" uspid="11370" ordinal="15" offset="367" sl="2523" path="1" offsetend="423" fileid="39" />
              </BranchPoints>
              <MethodPoint xsi:type="SequencePoint" vc="0" uspid="11323" ordinal="0" offset="0" sl="2492" sc="9" el="2492" ec="10" bec="0" bev="0" fileid="39" />
            </Method>
            <Method visited="false" cyclomaticComplexity="7" nPathComplexity="64" sequenceCoverage="0" branchCoverage="0" crapScore="56" isConstructor="false" isStatic="false" isGetter="false" isSetter="false">
              <Summary numSequencePoints="23" visitedSequencePoints="0" numBranchPoints="13" visitedBranchPoints="0" sequenceCoverage="0" branchCoverage="0" maxCyclomaticComplexity="7" minCyclomaticComplexity="7" maxCrapScore="56" minCrapScore="56" visitedClasses="0" numClasses="0" visitedMethods="0" numMethods="1" />
              <MetadataToken>100663807</MetadataToken>
              <Name>System.Boolean ExMat.Compiler.ExCompiler::CompileConstFactor(ExMat.Objects.ExObject,ExMat.Objects.ExObject)</Name>
              <FileRef uid="39" />
              <SequencePoints>
                <SequencePoint vc="0" uspid="11371" ordinal="0" offset="0" sl="2544" sc="9" el="2544" ec="10" bec="0" bev="0" fileid="39" />
                <SequencePoint vc="0" uspid="11372" ordinal="1" offset="1" sl="2545" sc="13" el="2545" ec="32" bec="0" bev="0" fileid="39" />
                <SequencePoint vc="0" uspid="11373" ordinal="2" offset="3" sl="2545" sc="34" el="2545" ec="45" bec="0" bev="0" fileid="39" />
                <SequencePoint vc="0" uspid="11374" ordinal="3" offset="5" sl="2547" sc="13" el="2547" ec="45" bec="2" bev="0" fileid="39" />
                <SequencePoint vc="0" uspid="11375" ordinal="4" offset="22" sl="2548" sc="13" el="2548" ec="14" bec="0" bev="0" fileid="39" />
                <SequencePoint vc="0" uspid="11376" ordinal="5" offset="23" sl="2549" sc="17" el="2549" ec="63" bec="2" bev="0" fileid="39" />
                <SequencePoint vc="0" uspid="11377" ordinal="6" offset="41" sl="2550" sc="17" el="2550" ec="18" bec="0" bev="0" fileid="39" />
                <SequencePoint vc="0" uspid="11378" ordinal="7" offset="42" sl="2551" sc="21" el="2551" ec="34" bec="0" bev="0" fileid="39" />
                <SequencePoint vc="0" uspid="11379" ordinal="8" offset="50" sl="2553" sc="13" el="2553" ec="14" bec="0" bev="0" fileid="39" />
                <SequencePoint vc="0" uspid="11380" ordinal="9" offset="53" sl="2555" sc="13" el="2555" ec="14" bec="0" bev="0" fileid="39" />
                <SequencePoint vc="0" uspid="11381" ordinal="10" offset="54" sl="2556" sc="17" el="2556" ec="34" bec="0" bev="0" fileid="39" />
                <SequencePoint vc="0" uspid="11382" ordinal="11" offset="61" sl="2557" sc="13" el="2557" ec="14" bec="0" bev="0" fileid="39" />
                <SequencePoint vc="0" uspid="11383" ordinal="12" offset="62" sl="2559" sc="13" el="2559" ec="54" bec="2" bev="0" fileid="39" />
                <SequencePoint vc="0" uspid="11384" ordinal="13" offset="84" sl="2560" sc="13" el="2560" ec="14" bec="0" bev="0" fileid="39" />
                <SequencePoint vc="0" uspid="11385" ordinal="14" offset="85" sl="2561" sc="17" el="2561" ec="71" bec="0" bev="0" fileid="39" />
                <SequencePoint vc="0" uspid="11386" ordinal="15" offset="108" sl="2562" sc="13" el="2562" ec="14" bec="0" bev="0" fileid="39" />
                <SequencePoint vc="0" uspid="11387" ordinal="16" offset="109" sl="2564" sc="13" el="2564" ec="47" bec="0" bev="0" fileid="39" />
                <SequencePoint vc="0" uspid="11388" ordinal="17" offset="119" sl="2566" sc="13" el="2568" ec="41" bec="5" bev="0" fileid="39" />
                <SequencePoint vc="0" uspid="11389" ordinal="18" offset="166" sl="2569" sc="13" el="2569" ec="14" bec="0" bev="0" fileid="39" />
                <SequencePoint vc="0" uspid="11390" ordinal="19" offset="167" sl="2570" sc="17" el="2570" ec="59" bec="0" bev="0" fileid="39" />
                <SequencePoint vc="0" uspid="11391" ordinal="20" offset="179" sl="2571" sc="13" el="2571" ec="14" bec="0" bev="0" fileid="39" />
                <SequencePoint vc="0" uspid="11392" ordinal="21" offset="180" sl="2572" sc="13" el="2572" ec="25" bec="0" bev="0" fileid="39" />
                <SequencePoint vc="0" uspid="11393" ordinal="22" offset="185" sl="2573" sc="9" el="2573" ec="10" bec="0" bev="0" fileid="39" />
              </SequencePoints>
              <BranchPoints>
                <BranchPoint vc="0" uspid="11394" ordinal="0" offset="20" sl="2547" path="0" offsetend="22" fileid="39" />
                <BranchPoint vc="0" uspid="11395" ordinal="1" offset="20" sl="2547" path="1" offsetend="53" fileid="39" />
                <BranchPoint vc="0" uspid="11396" ordinal="2" offset="39" sl="2549" path="0" offsetend="41" fileid="39" />
                <BranchPoint vc="0" uspid="11397" ordinal="3" offset="39" sl="2549" path="1" offsetend="50" fileid="39" />
                <BranchPoint vc="0" uspid="11398" ordinal="4" offset="82" sl="2559" path="0" offsetend="84" fileid="39" />
                <BranchPoint vc="0" uspid="11399" ordinal="5" offset="82" sl="2559" path="1" offsetend="109" fileid="39" />
                <BranchPoint vc="0" uspid="11400" ordinal="6" offset="134" sl="2566" path="0" offsetend="136" fileid="39" />
                <BranchPoint vc="0" uspid="11401" ordinal="7" offset="134" sl="2566" path="1" offsetend="159" fileid="39" />
                <BranchPoint vc="0" uspid="11402" ordinal="8" offset="143" sl="2566" path="0" offsetend="145" fileid="39" />
                <BranchPoint vc="0" uspid="11403" ordinal="9" offset="143" sl="2566" path="1" offsetend="159" fileid="39" />
                <BranchPoint vc="0" uspid="11404" ordinal="10" offset="164" sl="2566" path="0" offsetend="166" fileid="39" />
                <BranchPoint vc="0" uspid="11405" ordinal="11" offset="164" sl="2566" path="1" offsetend="180" fileid="39" />
              </BranchPoints>
              <MethodPoint xsi:type="SequencePoint" vc="0" uspid="11371" ordinal="0" offset="0" sl="2544" sc="9" el="2544" ec="10" bec="0" bev="0" fileid="39" />
            </Method>
            <Method visited="false" cyclomaticComplexity="6" nPathComplexity="32" sequenceCoverage="0" branchCoverage="0" crapScore="42" isConstructor="false" isStatic="false" isGetter="false" isSetter="false">
              <Summary numSequencePoints="22" visitedSequencePoints="0" numBranchPoints="11" visitedBranchPoints="0" sequenceCoverage="0" branchCoverage="0" maxCyclomaticComplexity="6" minCyclomaticComplexity="6" maxCrapScore="42" minCrapScore="42" visitedClasses="0" numClasses="0" visitedMethods="0" numMethods="1" />
              <MetadataToken>100663808</MetadataToken>
              <Name>System.Boolean ExMat.Compiler.ExCompiler::FactorReload()</Name>
              <FileRef uid="39" />
              <SequencePoints>
                <SequencePoint vc="0" uspid="11406" ordinal="0" offset="0" sl="2576" sc="9" el="2576" ec="10" bec="0" bev="0" fileid="39" />
                <SequencePoint vc="0" uspid="11407" ordinal="1" offset="1" sl="2577" sc="13" el="2577" ec="36" bec="2" bev="0" fileid="39" />
                <SequencePoint vc="0" uspid="11408" ordinal="2" offset="14" sl="2578" sc="13" el="2578" ec="14" bec="0" bev="0" fileid="39" />
                <SequencePoint vc="0" uspid="11409" ordinal="3" offset="15" sl="2579" sc="17" el="2579" ec="30" bec="0" bev="0" fileid="39" />
                <SequencePoint vc="0" uspid="11410" ordinal="4" offset="22" sl="2582" sc="20" el="2582" ec="50" bec="0" bev="0" fileid="39" />
                <SequencePoint vc="0" uspid="11411" ordinal="5" offset="35" sl="2584" sc="13" el="2584" ec="75" bec="4" bev="0" fileid="39" />
                <SequencePoint vc="0" uspid="11412" ordinal="6" offset="76" sl="2585" sc="13" el="2585" ec="14" bec="0" bev="0" fileid="39" />
                <SequencePoint vc="0" uspid="11413" ordinal="7" offset="77" sl="2586" sc="17" el="2586" ec="96" bec="0" bev="0" fileid="39" />
                <SequencePoint vc="0" uspid="11414" ordinal="8" offset="112" sl="2587" sc="17" el="2587" ec="40" bec="2" bev="0" fileid="39" />
                <SequencePoint vc="0" uspid="11415" ordinal="9" offset="127" sl="2588" sc="17" el="2588" ec="18" bec="0" bev="0" fileid="39" />
                <SequencePoint vc="0" uspid="11416" ordinal="10" offset="128" sl="2589" sc="21" el="2589" ec="34" bec="0" bev="0" fileid="39" />
                <SequencePoint vc="0" uspid="11417" ordinal="11" offset="132" sl="2591" sc="13" el="2591" ec="14" bec="0" bev="0" fileid="39" />
                <SequencePoint vc="0" uspid="11418" ordinal="12" offset="135" sl="2593" sc="13" el="2593" ec="14" bec="0" bev="0" fileid="39" />
                <SequencePoint vc="0" uspid="11419" ordinal="13" offset="136" sl="2594" sc="17" el="2594" ec="110" bec="0" bev="0" fileid="39" />
                <SequencePoint vc="0" uspid="11420" ordinal="14" offset="165" sl="2595" sc="13" el="2595" ec="14" bec="0" bev="0" fileid="39" />
                <SequencePoint vc="0" uspid="11421" ordinal="15" offset="166" sl="2596" sc="13" el="2596" ec="26" bec="2" bev="0" fileid="39" />
                <SequencePoint vc="0" uspid="11422" ordinal="16" offset="181" sl="2597" sc="13" el="2597" ec="14" bec="0" bev="0" fileid="39" />
                <SequencePoint vc="0" uspid="11423" ordinal="17" offset="182" sl="2598" sc="17" el="2598" ec="72" bec="0" bev="0" fileid="39" />
                <SequencePoint vc="0" uspid="11424" ordinal="18" offset="196" sl="2601" sc="13" el="2601" ec="75" bec="0" bev="0" fileid="39" />
                <SequencePoint vc="0" uspid="11425" ordinal="19" offset="215" sl="2602" sc="13" el="2602" ec="51" bec="0" bev="0" fileid="39" />
                <SequencePoint vc="0" uspid="11426" ordinal="20" offset="227" sl="2603" sc="13" el="2603" ec="25" bec="0" bev="0" fileid="39" />
                <SequencePoint vc="0" uspid="11427" ordinal="21" offset="231" sl="2604" sc="9" el="2604" ec="10" bec="0" bev="0" fileid="39" />
              </SequencePoints>
              <BranchPoints>
                <BranchPoint vc="0" uspid="11428" ordinal="0" offset="12" sl="2577" path="0" offsetend="14" fileid="39" />
                <BranchPoint vc="0" uspid="11429" ordinal="1" offset="12" sl="2577" path="1" offsetend="22" fileid="39" />
                <BranchPoint vc="0" uspid="11430" ordinal="2" offset="50" sl="2584" path="0" offsetend="52" fileid="39" />
                <BranchPoint vc="0" uspid="11431" ordinal="3" offset="50" sl="2584" path="1" offsetend="66" fileid="39" />
                <BranchPoint vc="0" uspid="11432" ordinal="4" offset="74" sl="2584" path="0" offsetend="76" fileid="39" />
                <BranchPoint vc="0" uspid="11433" ordinal="5" offset="74" sl="2584" path="1" offsetend="135" fileid="39" />
                <BranchPoint vc="0" uspid="11434" ordinal="6" offset="125" sl="2587" path="0" offsetend="127" fileid="39" />
                <BranchPoint vc="0" uspid="11435" ordinal="7" offset="125" sl="2587" path="1" offsetend="132" fileid="39" />
                <BranchPoint vc="0" uspid="11436" ordinal="8" offset="179" sl="2596" path="0" offsetend="181" fileid="39" />
                <BranchPoint vc="0" uspid="11437" ordinal="9" offset="179" sl="2596" path="1" offsetend="196" fileid="39" />
              </BranchPoints>
              <MethodPoint xsi:type="SequencePoint" vc="0" uspid="11406" ordinal="0" offset="0" sl="2576" sc="9" el="2576" ec="10" bec="0" bev="0" fileid="39" />
            </Method>
            <Method visited="false" cyclomaticComplexity="2" nPathComplexity="2" sequenceCoverage="0" branchCoverage="0" crapScore="6" isConstructor="false" isStatic="false" isGetter="false" isSetter="false">
              <Summary numSequencePoints="10" visitedSequencePoints="0" numBranchPoints="3" visitedBranchPoints="0" sequenceCoverage="0" branchCoverage="0" maxCyclomaticComplexity="2" minCyclomaticComplexity="2" maxCrapScore="6" minCrapScore="6" visitedClasses="0" numClasses="0" visitedMethods="0" numMethods="1" />
              <MetadataToken>100663809</MetadataToken>
              <Name>System.Boolean ExMat.Compiler.ExCompiler::FactorBase(System.Int32&amp;)</Name>
              <FileRef uid="39" />
              <SequencePoints>
                <SequencePoint vc="0" uspid="11438" ordinal="0" offset="0" sl="2607" sc="9" el="2607" ec="10" bec="0" bev="0" fileid="39" />
                <SequencePoint vc="0" uspid="11439" ordinal="1" offset="1" sl="2608" sc="13" el="2608" ec="36" bec="2" bev="0" fileid="39" />
                <SequencePoint vc="0" uspid="11440" ordinal="2" offset="14" sl="2609" sc="13" el="2609" ec="14" bec="0" bev="0" fileid="39" />
                <SequencePoint vc="0" uspid="11441" ordinal="3" offset="15" sl="2610" sc="17" el="2610" ec="30" bec="0" bev="0" fileid="39" />
                <SequencePoint vc="0" uspid="11442" ordinal="4" offset="19" sl="2612" sc="13" el="2612" ec="98" bec="0" bev="0" fileid="39" />
                <SequencePoint vc="0" uspid="11443" ordinal="5" offset="49" sl="2614" sc="13" el="2614" ec="49" bec="0" bev="0" fileid="39" />
                <SequencePoint vc="0" uspid="11444" ordinal="6" offset="61" sl="2615" sc="13" el="2615" ec="66" bec="0" bev="0" fileid="39" />
                <SequencePoint vc="0" uspid="11445" ordinal="7" offset="83" sl="2616" sc="13" el="2616" ec="44" bec="0" bev="0" fileid="39" />
                <SequencePoint vc="0" uspid="11446" ordinal="8" offset="96" sl="2617" sc="13" el="2617" ec="25" bec="0" bev="0" fileid="39" />
                <SequencePoint vc="0" uspid="11447" ordinal="9" offset="100" sl="2618" sc="9" el="2618" ec="10" bec="0" bev="0" fileid="39" />
              </SequencePoints>
              <BranchPoints>
                <BranchPoint vc="0" uspid="11448" ordinal="0" offset="12" sl="2608" path="0" offsetend="14" fileid="39" />
                <BranchPoint vc="0" uspid="11449" ordinal="1" offset="12" sl="2608" path="1" offsetend="19" fileid="39" />
              </BranchPoints>
              <MethodPoint xsi:type="SequencePoint" vc="0" uspid="11438" ordinal="0" offset="0" sl="2607" sc="9" el="2607" ec="10" bec="0" bev="0" fileid="39" />
            </Method>
            <Method visited="false" cyclomaticComplexity="11" nPathComplexity="1024" sequenceCoverage="0" branchCoverage="0" crapScore="132" isConstructor="false" isStatic="false" isGetter="false" isSetter="false">
              <Summary numSequencePoints="53" visitedSequencePoints="0" numBranchPoints="21" visitedBranchPoints="0" sequenceCoverage="0" branchCoverage="0" maxCyclomaticComplexity="11" minCyclomaticComplexity="11" maxCrapScore="132" minCrapScore="132" visitedClasses="0" numClasses="0" visitedMethods="0" numMethods="1" />
              <MetadataToken>100663810</MetadataToken>
              <Name>System.Boolean ExMat.Compiler.ExCompiler::FactorIdentifiers(System.Int32&amp;)</Name>
              <FileRef uid="39" />
              <SequencePoints>
                <SequencePoint vc="0" uspid="11450" ordinal="0" offset="0" sl="2620" sc="9" el="2620" ec="10" bec="0" bev="0" fileid="39" />
                <SequencePoint vc="0" uspid="11451" ordinal="1" offset="1" sl="2622" sc="13" el="2622" ec="34" bec="6" bev="0" fileid="39" />
                <SequencePoint vc="0" uspid="11452" ordinal="2" offset="40" sl="2625" sc="21" el="2625" ec="22" bec="0" bev="0" fileid="39" />
                <SequencePoint vc="0" uspid="11453" ordinal="3" offset="41" sl="2626" sc="25" el="2626" ec="75" bec="0" bev="0" fileid="39" />
                <SequencePoint vc="0" uspid="11454" ordinal="4" offset="64" sl="2627" sc="25" el="2627" ec="31" bec="0" bev="0" fileid="39" />
                <SequencePoint vc="0" uspid="11455" ordinal="5" offset="66" sl="2630" sc="21" el="2630" ec="22" bec="0" bev="0" fileid="39" />
                <SequencePoint vc="0" uspid="11456" ordinal="6" offset="67" sl="2631" sc="25" el="2631" ec="74" bec="0" bev="0" fileid="39" />
                <SequencePoint vc="0" uspid="11457" ordinal="7" offset="84" sl="2632" sc="25" el="2632" ec="31" bec="0" bev="0" fileid="39" />
                <SequencePoint vc="0" uspid="11458" ordinal="8" offset="86" sl="2635" sc="21" el="2635" ec="22" bec="0" bev="0" fileid="39" />
                <SequencePoint vc="0" uspid="11459" ordinal="9" offset="87" sl="2636" sc="25" el="2636" ec="81" bec="0" bev="0" fileid="39" />
                <SequencePoint vc="0" uspid="11460" ordinal="10" offset="104" sl="2637" sc="25" el="2637" ec="31" bec="0" bev="0" fileid="39" />
                <SequencePoint vc="0" uspid="11461" ordinal="11" offset="106" sl="2640" sc="21" el="2640" ec="22" bec="0" bev="0" fileid="39" />
                <SequencePoint vc="0" uspid="11462" ordinal="12" offset="107" sl="2641" sc="25" el="2641" ec="37" bec="0" bev="0" fileid="39" />
                <SequencePoint vc="0" uspid="11463" ordinal="13" offset="113" sl="2642" sc="25" el="2642" ec="31" bec="0" bev="0" fileid="39" />
                <SequencePoint vc="0" uspid="11464" ordinal="14" offset="115" sl="2647" sc="13" el="2647" ec="36" bec="2" bev="0" fileid="39" />
                <SequencePoint vc="0" uspid="11465" ordinal="15" offset="130" sl="2648" sc="13" el="2648" ec="14" bec="0" bev="0" fileid="39" />
                <SequencePoint vc="0" uspid="11466" ordinal="16" offset="131" sl="2649" sc="17" el="2649" ec="30" bec="0" bev="0" fileid="39" />
                <SequencePoint vc="0" uspid="11467" ordinal="17" offset="139" sl="2652" sc="13" el="2652" ec="57" bec="2" bev="0" fileid="39" />
                <SequencePoint vc="0" uspid="11468" ordinal="18" offset="165" sl="2653" sc="13" el="2653" ec="14" bec="0" bev="0" fileid="39" />
                <SequencePoint vc="0" uspid="11469" ordinal="19" offset="166" sl="2654" sc="17" el="2654" ec="45" bec="0" bev="0" fileid="39" />
                <SequencePoint vc="0" uspid="11470" ordinal="20" offset="179" sl="2655" sc="17" el="2655" ec="52" bec="0" bev="0" fileid="39" />
                <SequencePoint vc="0" uspid="11471" ordinal="21" offset="191" sl="2656" sc="17" el="2656" ec="46" bec="0" bev="0" fileid="39" />
                <SequencePoint vc="0" uspid="11472" ordinal="22" offset="203" sl="2657" sc="13" el="2657" ec="14" bec="0" bev="0" fileid="39" />
                <SequencePoint vc="0" uspid="11473" ordinal="23" offset="209" sl="2658" sc="18" el="2658" ec="62" bec="2" bev="0" fileid="39" />
                <SequencePoint vc="0" uspid="11474" ordinal="24" offset="235" sl="2659" sc="13" el="2659" ec="14" bec="0" bev="0" fileid="39" />
                <SequencePoint vc="0" uspid="11475" ordinal="25" offset="236" sl="2660" sc="17" el="2660" ec="40" bec="2" bev="0" fileid="39" />
                <SequencePoint vc="0" uspid="11476" ordinal="26" offset="248" sl="2661" sc="17" el="2661" ec="18" bec="0" bev="0" fileid="39" />
                <SequencePoint vc="0" uspid="11477" ordinal="27" offset="249" sl="2662" sc="21" el="2662" ec="75" bec="0" bev="0" fileid="39" />
                <SequencePoint vc="0" uspid="11478" ordinal="28" offset="272" sl="2663" sc="21" el="2663" ec="105" bec="0" bev="0" fileid="39" />
                <SequencePoint vc="0" uspid="11479" ordinal="29" offset="301" sl="2664" sc="17" el="2664" ec="18" bec="0" bev="0" fileid="39" />
                <SequencePoint vc="0" uspid="11480" ordinal="30" offset="304" sl="2666" sc="17" el="2666" ec="18" bec="0" bev="0" fileid="39" />
                <SequencePoint vc="0" uspid="11481" ordinal="31" offset="305" sl="2667" sc="21" el="2667" ec="58" bec="0" bev="0" fileid="39" />
                <SequencePoint vc="0" uspid="11482" ordinal="32" offset="317" sl="2668" sc="21" el="2668" ec="50" bec="0" bev="0" fileid="39" />
                <SequencePoint vc="0" uspid="11483" ordinal="33" offset="329" sl="2669" sc="17" el="2669" ec="18" bec="0" bev="0" fileid="39" />
                <SequencePoint vc="0" uspid="11484" ordinal="34" offset="330" sl="2670" sc="13" el="2670" ec="14" bec="0" bev="0" fileid="39" />
                <SequencePoint vc="0" uspid="11485" ordinal="35" offset="336" sl="2671" sc="18" el="2671" ec="68" bec="2" bev="0" fileid="39" />
                <SequencePoint vc="0" uspid="11486" ordinal="36" offset="356" sl="2672" sc="13" el="2672" ec="14" bec="0" bev="0" fileid="39" />
                <SequencePoint vc="0" uspid="11487" ordinal="37" offset="357" sl="2673" sc="17" el="2673" ec="52" bec="2" bev="0" fileid="39" />
                <SequencePoint vc="0" uspid="11488" ordinal="38" offset="375" sl="2674" sc="17" el="2674" ec="18" bec="0" bev="0" fileid="39" />
                <SequencePoint vc="0" uspid="11489" ordinal="39" offset="376" sl="2675" sc="21" el="2675" ec="34" bec="0" bev="0" fileid="39" />
                <SequencePoint vc="0" uspid="11490" ordinal="40" offset="381" sl="2677" sc="13" el="2677" ec="14" bec="0" bev="0" fileid="39" />
                <SequencePoint vc="0" uspid="11491" ordinal="41" offset="384" sl="2679" sc="13" el="2679" ec="14" bec="0" bev="0" fileid="39" />
                <SequencePoint vc="0" uspid="11492" ordinal="42" offset="385" sl="2680" sc="17" el="2680" ec="45" bec="0" bev="0" fileid="39" />
                <SequencePoint vc="0" uspid="11493" ordinal="43" offset="398" sl="2681" sc="17" el="2681" ec="127" bec="0" bev="0" fileid="39" />
                <SequencePoint vc="0" uspid="11494" ordinal="44" offset="438" sl="2683" sc="17" el="2683" ec="40" bec="2" bev="0" fileid="39" />
                <SequencePoint vc="0" uspid="11495" ordinal="45" offset="450" sl="2684" sc="17" el="2684" ec="18" bec="0" bev="0" fileid="39" />
                <SequencePoint vc="0" uspid="11496" ordinal="46" offset="451" sl="2685" sc="21" el="2685" ec="58" bec="0" bev="0" fileid="39" />
                <SequencePoint vc="0" uspid="11497" ordinal="47" offset="461" sl="2686" sc="17" el="2686" ec="18" bec="0" bev="0" fileid="39" />
                <SequencePoint vc="0" uspid="11498" ordinal="48" offset="462" sl="2687" sc="17" el="2687" ec="55" bec="0" bev="0" fileid="39" />
                <SequencePoint vc="0" uspid="11499" ordinal="49" offset="474" sl="2688" sc="13" el="2688" ec="14" bec="0" bev="0" fileid="39" />
                <SequencePoint vc="0" uspid="11500" ordinal="50" offset="475" sl="2689" sc="13" el="2689" ec="44" bec="0" bev="0" fileid="39" />
                <SequencePoint vc="0" uspid="11501" ordinal="51" offset="488" sl="2690" sc="13" el="2690" ec="25" bec="0" bev="0" fileid="39" />
                <SequencePoint vc="0" uspid="11502" ordinal="52" offset="493" sl="2691" sc="9" el="2691" ec="10" bec="0" bev="0" fileid="39" />
              </SequencePoints>
              <BranchPoints>
                <BranchPoint vc="0" uspid="11503" ordinal="0" offset="16" sl="2622" path="0" offsetchain="18" offsetend="20" fileid="39" />
                <BranchPoint vc="0" uspid="11504" ordinal="1" offset="16" sl="2622" path="1" offsetend="40" fileid="39" />
                <BranchPoint vc="0" uspid="11505" ordinal="2" offset="26" sl="2622" path="0" offsetchain="28" offsetend="30" fileid="39" />
                <BranchPoint vc="0" uspid="11506" ordinal="3" offset="26" sl="2622" path="1" offsetend="86" fileid="39" />
                <BranchPoint vc="0" uspid="11507" ordinal="4" offset="36" sl="2622" path="0" offsetchain="38" offsetend="106" fileid="39" />
                <BranchPoint vc="0" uspid="11508" ordinal="5" offset="36" sl="2622" path="1" offsetend="66" fileid="39" />
                <BranchPoint vc="0" uspid="11509" ordinal="6" offset="128" sl="2647" path="0" offsetend="130" fileid="39" />
                <BranchPoint vc="0" uspid="11510" ordinal="7" offset="128" sl="2647" path="1" offsetend="139" fileid="39" />
                <BranchPoint vc="0" uspid="11511" ordinal="8" offset="163" sl="2652" path="0" offsetend="165" fileid="39" />
                <BranchPoint vc="0" uspid="11512" ordinal="9" offset="163" sl="2652" path="1" offsetend="209" fileid="39" />
                <BranchPoint vc="0" uspid="11513" ordinal="10" offset="233" sl="2658" path="0" offsetend="235" fileid="39" />
                <BranchPoint vc="0" uspid="11514" ordinal="11" offset="233" sl="2658" path="1" offsetend="336" fileid="39" />
                <BranchPoint vc="0" uspid="11515" ordinal="12" offset="246" sl="2660" path="0" offsetend="248" fileid="39" />
                <BranchPoint vc="0" uspid="11516" ordinal="13" offset="246" sl="2660" path="1" offsetend="304" fileid="39" />
                <BranchPoint vc="0" uspid="11517" ordinal="14" offset="354" sl="2671" path="0" offsetend="356" fileid="39" />
                <BranchPoint vc="0" uspid="11518" ordinal="15" offset="354" sl="2671" path="1" offsetend="384" fileid="39" />
                <BranchPoint vc="0" uspid="11519" ordinal="16" offset="373" sl="2673" path="0" offsetend="375" fileid="39" />
                <BranchPoint vc="0" uspid="11520" ordinal="17" offset="373" sl="2673" path="1" offsetend="381" fileid="39" />
                <BranchPoint vc="0" uspid="11521" ordinal="18" offset="448" sl="2683" path="0" offsetend="450" fileid="39" />
                <BranchPoint vc="0" uspid="11522" ordinal="19" offset="448" sl="2683" path="1" offsetend="462" fileid="39" />
              </BranchPoints>
              <MethodPoint xsi:type="SequencePoint" vc="0" uspid="11450" ordinal="0" offset="0" sl="2620" sc="9" el="2620" ec="10" bec="0" bev="0" fileid="39" />
            </Method>
            <Method visited="false" cyclomaticComplexity="2" nPathComplexity="2" sequenceCoverage="0" branchCoverage="0" crapScore="6" isConstructor="false" isStatic="false" isGetter="false" isSetter="false">
              <Summary numSequencePoints="10" visitedSequencePoints="0" numBranchPoints="3" visitedBranchPoints="0" sequenceCoverage="0" branchCoverage="0" maxCyclomaticComplexity="2" minCyclomaticComplexity="2" maxCrapScore="6" minCrapScore="6" visitedClasses="0" numClasses="0" visitedMethods="0" numMethods="1" />
              <MetadataToken>100663811</MetadataToken>
              <Name>System.Boolean ExMat.Compiler.ExCompiler::FactorComplexLoad()</Name>
              <FileRef uid="39" />
              <SequencePoints>
                <SequencePoint vc="0" uspid="11523" ordinal="0" offset="0" sl="2694" sc="9" el="2694" ec="10" bec="0" bev="0" fileid="39" />
                <SequencePoint vc="0" uspid="11524" ordinal="1" offset="1" sl="2695" sc="13" el="2695" ec="57" bec="2" bev="0" fileid="39" />
                <SequencePoint vc="0" uspid="11525" ordinal="2" offset="23" sl="2696" sc="13" el="2696" ec="14" bec="0" bev="0" fileid="39" />
                <SequencePoint vc="0" uspid="11526" ordinal="3" offset="24" sl="2697" sc="17" el="2697" ec="64" bec="0" bev="0" fileid="39" />
                <SequencePoint vc="0" uspid="11527" ordinal="4" offset="44" sl="2698" sc="13" el="2698" ec="14" bec="0" bev="0" fileid="39" />
                <SequencePoint vc="0" uspid="11528" ordinal="5" offset="47" sl="2700" sc="13" el="2700" ec="14" bec="0" bev="0" fileid="39" />
                <SequencePoint vc="0" uspid="11529" ordinal="6" offset="48" sl="2701" sc="17" el="2701" ec="95" bec="0" bev="0" fileid="39" />
                <SequencePoint vc="0" uspid="11530" ordinal="7" offset="89" sl="2702" sc="13" el="2702" ec="14" bec="0" bev="0" fileid="39" />
                <SequencePoint vc="0" uspid="11531" ordinal="8" offset="90" sl="2704" sc="13" el="2704" ec="38" bec="0" bev="0" fileid="39" />
                <SequencePoint vc="0" uspid="11532" ordinal="9" offset="99" sl="2705" sc="9" el="2705" ec="10" bec="0" bev="0" fileid="39" />
              </SequencePoints>
              <BranchPoints>
                <BranchPoint vc="0" uspid="11533" ordinal="0" offset="21" sl="2695" path="0" offsetend="23" fileid="39" />
                <BranchPoint vc="0" uspid="11534" ordinal="1" offset="21" sl="2695" path="1" offsetend="47" fileid="39" />
              </BranchPoints>
              <MethodPoint xsi:type="SequencePoint" vc="0" uspid="11523" ordinal="0" offset="0" sl="2694" sc="9" el="2694" ec="10" bec="0" bev="0" fileid="39" />
            </Method>
            <Method visited="false" cyclomaticComplexity="6" nPathComplexity="16" sequenceCoverage="0" branchCoverage="0" crapScore="42" isConstructor="false" isStatic="false" isGetter="false" isSetter="false">
              <Summary numSequencePoints="23" visitedSequencePoints="0" numBranchPoints="9" visitedBranchPoints="0" sequenceCoverage="0" branchCoverage="0" maxCyclomaticComplexity="6" minCyclomaticComplexity="6" maxCrapScore="42" minCrapScore="42" visitedClasses="0" numClasses="0" visitedMethods="0" numMethods="1" />
              <MetadataToken>100663812</MetadataToken>
              <Name>System.Boolean ExMat.Compiler.ExCompiler::FactorSquareOpen()</Name>
              <FileRef uid="39" />
              <SequencePoints>
                <SequencePoint vc="0" uspid="11535" ordinal="0" offset="0" sl="2708" sc="9" el="2708" ec="10" bec="0" bev="0" fileid="39" />
                <SequencePoint vc="0" uspid="11536" ordinal="1" offset="1" sl="2709" sc="13" el="2709" ec="125" bec="0" bev="0" fileid="39" />
                <SequencePoint vc="0" uspid="11537" ordinal="2" offset="31" sl="2710" sc="13" el="2710" ec="48" bec="0" bev="0" fileid="39" />
                <SequencePoint vc="0" uspid="11538" ordinal="3" offset="43" sl="2711" sc="13" el="2711" ec="23" bec="0" bev="0" fileid="39" />
                <SequencePoint vc="0" uspid="11539" ordinal="4" offset="45" sl="2713" sc="13" el="2713" ec="36" bec="0" bev="0" fileid="39" />
                <SequencePoint vc="0" uspid="11540" ordinal="5" offset="58" sl="2714" sc="13" el="2714" ec="14" bec="0" bev="0" fileid="39" />
                <SequencePoint vc="0" uspid="11541" ordinal="6" offset="59" sl="2715" sc="17" el="2715" ec="30" bec="0" bev="0" fileid="39" />
                <SequencePoint vc="0" uspid="11542" ordinal="7" offset="68" sl="2718" sc="13" el="2718" ec="14" bec="0" bev="0" fileid="39" />
                <SequencePoint vc="0" uspid="11543" ordinal="8" offset="69" sl="2719" sc="17" el="2719" ec="30" bec="2" bev="0" fileid="39" />
                <SequencePoint vc="0" uspid="11544" ordinal="9" offset="84" sl="2720" sc="17" el="2720" ec="18" bec="0" bev="0" fileid="39" />
                <SequencePoint vc="0" uspid="11545" ordinal="10" offset="85" sl="2721" sc="21" el="2721" ec="34" bec="0" bev="0" fileid="39" />
                <SequencePoint vc="0" uspid="11546" ordinal="11" offset="92" sl="2723" sc="17" el="2724" ec="43" bec="4" bev="0" fileid="39" />
                <SequencePoint vc="0" uspid="11547" ordinal="12" offset="123" sl="2725" sc="17" el="2725" ec="18" bec="0" bev="0" fileid="39" />
                <SequencePoint vc="0" uspid="11548" ordinal="13" offset="124" sl="2726" sc="21" el="2726" ec="34" bec="0" bev="0" fileid="39" />
                <SequencePoint vc="0" uspid="11549" ordinal="14" offset="128" sl="2729" sc="17" el="2729" ec="51" bec="0" bev="0" fileid="39" />
                <SequencePoint vc="0" uspid="11550" ordinal="15" offset="141" sl="2730" sc="17" el="2730" ec="51" bec="0" bev="0" fileid="39" />
                <SequencePoint vc="0" uspid="11551" ordinal="16" offset="154" sl="2731" sc="17" el="2731" ec="103" bec="0" bev="0" fileid="39" />
                <SequencePoint vc="0" uspid="11552" ordinal="17" offset="175" sl="2732" sc="17" el="2732" ec="21" bec="0" bev="0" fileid="39" />
                <SequencePoint vc="0" uspid="11553" ordinal="18" offset="179" sl="2733" sc="13" el="2733" ec="14" bec="0" bev="0" fileid="39" />
                <SequencePoint vc="0" uspid="11554" ordinal="19" offset="180" sl="2717" sc="13" el="2717" ec="58" bec="2" bev="0" fileid="39" />
                <SequencePoint vc="0" uspid="11555" ordinal="20" offset="205" sl="2734" sc="13" el="2734" ec="62" bec="0" bev="0" fileid="39" />
                <SequencePoint vc="0" uspid="11556" ordinal="21" offset="220" sl="2735" sc="13" el="2735" ec="38" bec="0" bev="0" fileid="39" />
                <SequencePoint vc="0" uspid="11557" ordinal="22" offset="229" sl="2736" sc="9" el="2736" ec="10" bec="0" bev="0" fileid="39" />
              </SequencePoints>
              <BranchPoints>
                <BranchPoint vc="0" uspid="11558" ordinal="0" offset="82" sl="2719" path="0" offsetend="84" fileid="39" />
                <BranchPoint vc="0" uspid="11559" ordinal="1" offset="82" sl="2719" path="1" offsetend="92" fileid="39" />
                <BranchPoint vc="0" uspid="11560" ordinal="2" offset="103" sl="2723" path="0" offsetend="105" fileid="39" />
                <BranchPoint vc="0" uspid="11561" ordinal="3" offset="103" sl="2723" path="1" offsetend="116" fileid="39" />
                <BranchPoint vc="0" uspid="11562" ordinal="4" offset="121" sl="2723" path="0" offsetend="123" fileid="39" />
                <BranchPoint vc="0" uspid="11563" ordinal="5" offset="121" sl="2723" path="1" offsetend="128" fileid="39" />
                <BranchPoint vc="0" uspid="11564" ordinal="6" offset="200" sl="2717" path="0" offsetend="205" fileid="39" />
                <BranchPoint vc="0" uspid="11565" ordinal="7" offset="200" sl="2717" path="1" offsetend="68" fileid="39" />
              </BranchPoints>
              <MethodPoint xsi:type="SequencePoint" vc="0" uspid="11535" ordinal="0" offset="0" sl="2708" sc="9" el="2708" ec="10" bec="0" bev="0" fileid="39" />
            </Method>
            <Method visited="false" cyclomaticComplexity="7" nPathComplexity="20" sequenceCoverage="0" branchCoverage="0" crapScore="56" isConstructor="false" isStatic="false" isGetter="false" isSetter="false">
              <Summary numSequencePoints="23" visitedSequencePoints="0" numBranchPoints="10" visitedBranchPoints="0" sequenceCoverage="0" branchCoverage="0" maxCyclomaticComplexity="7" minCyclomaticComplexity="7" maxCrapScore="56" minCrapScore="56" visitedClasses="0" numClasses="0" visitedMethods="0" numMethods="1" />
              <MetadataToken>100663813</MetadataToken>
              <Name>System.Boolean ExMat.Compiler.ExCompiler::FactorSub()</Name>
              <FileRef uid="39" />
              <SequencePoints>
                <SequencePoint vc="0" uspid="11566" ordinal="0" offset="0" sl="2739" sc="9" el="2739" ec="10" bec="0" bev="0" fileid="39" />
                <SequencePoint vc="0" uspid="11567" ordinal="1" offset="1" sl="2740" sc="13" el="2740" ec="36" bec="2" bev="0" fileid="39" />
                <SequencePoint vc="0" uspid="11568" ordinal="2" offset="14" sl="2741" sc="13" el="2741" ec="14" bec="0" bev="0" fileid="39" />
                <SequencePoint vc="0" uspid="11569" ordinal="3" offset="15" sl="2742" sc="17" el="2742" ec="30" bec="0" bev="0" fileid="39" />
                <SequencePoint vc="0" uspid="11570" ordinal="4" offset="22" sl="2744" sc="13" el="2744" ec="34" bec="4" bev="0" fileid="39" />
                <SequencePoint vc="0" uspid="11571" ordinal="5" offset="64" sl="2747" sc="21" el="2747" ec="22" bec="0" bev="0" fileid="39" />
                <SequencePoint vc="0" uspid="11572" ordinal="6" offset="65" sl="2748" sc="25" el="2748" ec="69" bec="0" bev="0" fileid="39" />
                <SequencePoint vc="0" uspid="11573" ordinal="7" offset="85" sl="2749" sc="25" el="2749" ec="50" bec="0" bev="0" fileid="39" />
                <SequencePoint vc="0" uspid="11574" ordinal="8" offset="97" sl="2752" sc="21" el="2752" ec="22" bec="0" bev="0" fileid="39" />
                <SequencePoint vc="0" uspid="11575" ordinal="9" offset="98" sl="2753" sc="25" el="2753" ec="96" bec="0" bev="0" fileid="39" />
                <SequencePoint vc="0" uspid="11576" ordinal="10" offset="140" sl="2754" sc="25" el="2754" ec="50" bec="0" bev="0" fileid="39" />
                <SequencePoint vc="0" uspid="11577" ordinal="11" offset="149" sl="2757" sc="21" el="2757" ec="22" bec="0" bev="0" fileid="39" />
                <SequencePoint vc="0" uspid="11578" ordinal="12" offset="150" sl="2758" sc="25" el="2758" ec="69" bec="2" bev="0" fileid="39" />
                <SequencePoint vc="0" uspid="11579" ordinal="13" offset="174" sl="2759" sc="25" el="2759" ec="26" bec="0" bev="0" fileid="39" />
                <SequencePoint vc="0" uspid="11580" ordinal="14" offset="175" sl="2760" sc="29" el="2760" ec="76" bec="0" bev="0" fileid="39" />
                <SequencePoint vc="0" uspid="11581" ordinal="15" offset="195" sl="2761" sc="25" el="2761" ec="26" bec="0" bev="0" fileid="39" />
                <SequencePoint vc="0" uspid="11582" ordinal="16" offset="198" sl="2763" sc="25" el="2763" ec="26" bec="0" bev="0" fileid="39" />
                <SequencePoint vc="0" uspid="11583" ordinal="17" offset="199" sl="2764" sc="29" el="2764" ec="107" bec="0" bev="0" fileid="39" />
                <SequencePoint vc="0" uspid="11584" ordinal="18" offset="241" sl="2765" sc="25" el="2765" ec="26" bec="0" bev="0" fileid="39" />
                <SequencePoint vc="0" uspid="11585" ordinal="19" offset="242" sl="2767" sc="25" el="2767" ec="50" bec="0" bev="0" fileid="39" />
                <SequencePoint vc="0" uspid="11586" ordinal="20" offset="251" sl="2770" sc="21" el="2770" ec="22" bec="0" bev="0" fileid="39" />
                <SequencePoint vc="0" uspid="11587" ordinal="21" offset="252" sl="2771" sc="25" el="2771" ec="66" bec="0" bev="0" fileid="39" />
                <SequencePoint vc="0" uspid="11588" ordinal="22" offset="263" sl="2774" sc="9" el="2774" ec="10" bec="0" bev="0" fileid="39" />
              </SequencePoints>
              <BranchPoints>
                <BranchPoint vc="0" uspid="11589" ordinal="0" offset="12" sl="2740" path="0" offsetend="14" fileid="39" />
                <BranchPoint vc="0" uspid="11590" ordinal="1" offset="12" sl="2740" path="1" offsetend="22" fileid="39" />
                <BranchPoint vc="0" uspid="11591" ordinal="2" offset="38" sl="2744" path="0" offsetchain="59" offsetend="251" fileid="39" />
                <BranchPoint vc="0" uspid="11592" ordinal="3" offset="38" sl="2744" path="1" offsetend="64" fileid="39" />
                <BranchPoint vc="0" uspid="11593" ordinal="4" offset="38" sl="2744" path="2" offsetend="97" fileid="39" />
                <BranchPoint vc="0" uspid="11594" ordinal="5" offset="38" sl="2744" path="3" offsetend="251" fileid="39" />
                <BranchPoint vc="0" uspid="11595" ordinal="6" offset="38" sl="2744" path="4" offsetend="149" fileid="39" />
                <BranchPoint vc="0" uspid="11596" ordinal="7" offset="172" sl="2758" path="0" offsetend="174" fileid="39" />
                <BranchPoint vc="0" uspid="11597" ordinal="8" offset="172" sl="2758" path="1" offsetend="198" fileid="39" />
              </BranchPoints>
              <MethodPoint xsi:type="SequencePoint" vc="0" uspid="11566" ordinal="0" offset="0" sl="2739" sc="9" el="2739" ec="10" bec="0" bev="0" fileid="39" />
            </Method>
            <Method visited="false" cyclomaticComplexity="3" nPathComplexity="4" sequenceCoverage="0" branchCoverage="0" crapScore="12" isConstructor="false" isStatic="false" isGetter="false" isSetter="false">
              <Summary numSequencePoints="10" visitedSequencePoints="0" numBranchPoints="5" visitedBranchPoints="0" sequenceCoverage="0" branchCoverage="0" maxCyclomaticComplexity="3" minCyclomaticComplexity="3" maxCrapScore="12" minCrapScore="12" visitedClasses="0" numClasses="0" visitedMethods="0" numMethods="1" />
              <MetadataToken>100663814</MetadataToken>
              <Name>System.Boolean ExMat.Compiler.ExCompiler::FactorBitNot()</Name>
              <FileRef uid="39" />
              <SequencePoints>
                <SequencePoint vc="0" uspid="11598" ordinal="0" offset="0" sl="2777" sc="9" el="2777" ec="10" bec="0" bev="0" fileid="39" />
                <SequencePoint vc="0" uspid="11599" ordinal="1" offset="1" sl="2778" sc="13" el="2778" ec="36" bec="2" bev="0" fileid="39" />
                <SequencePoint vc="0" uspid="11600" ordinal="2" offset="14" sl="2779" sc="13" el="2779" ec="14" bec="0" bev="0" fileid="39" />
                <SequencePoint vc="0" uspid="11601" ordinal="3" offset="15" sl="2780" sc="17" el="2780" ec="30" bec="0" bev="0" fileid="39" />
                <SequencePoint vc="0" uspid="11602" ordinal="4" offset="19" sl="2783" sc="13" el="2783" ec="51" bec="2" bev="0" fileid="39" />
                <SequencePoint vc="0" uspid="11603" ordinal="5" offset="36" sl="2784" sc="13" el="2784" ec="14" bec="0" bev="0" fileid="39" />
                <SequencePoint vc="0" uspid="11604" ordinal="6" offset="37" sl="2785" sc="17" el="2785" ec="61" bec="0" bev="0" fileid="39" />
                <SequencePoint vc="0" uspid="11605" ordinal="7" offset="57" sl="2786" sc="17" el="2786" ec="42" bec="0" bev="0" fileid="39" />
                <SequencePoint vc="0" uspid="11606" ordinal="8" offset="66" sl="2789" sc="13" el="2789" ec="52" bec="0" bev="0" fileid="39" />
                <SequencePoint vc="0" uspid="11607" ordinal="9" offset="77" sl="2790" sc="9" el="2790" ec="10" bec="0" bev="0" fileid="39" />
              </SequencePoints>
              <BranchPoints>
                <BranchPoint vc="0" uspid="11608" ordinal="0" offset="12" sl="2778" path="0" offsetend="14" fileid="39" />
                <BranchPoint vc="0" uspid="11609" ordinal="1" offset="12" sl="2778" path="1" offsetend="19" fileid="39" />
                <BranchPoint vc="0" uspid="11610" ordinal="2" offset="34" sl="2783" path="0" offsetend="36" fileid="39" />
                <BranchPoint vc="0" uspid="11611" ordinal="3" offset="34" sl="2783" path="1" offsetend="66" fileid="39" />
              </BranchPoints>
              <MethodPoint xsi:type="SequencePoint" vc="0" uspid="11598" ordinal="0" offset="0" sl="2777" sc="9" el="2777" ec="10" bec="0" bev="0" fileid="39" />
            </Method>
            <Method visited="false" cyclomaticComplexity="39" nPathComplexity="12140544" sequenceCoverage="0" branchCoverage="0" crapScore="1560" isConstructor="false" isStatic="false" isGetter="false" isSetter="false">
              <Summary numSequencePoints="83" visitedSequencePoints="0" numBranchPoints="65" visitedBranchPoints="0" sequenceCoverage="0" branchCoverage="0" maxCyclomaticComplexity="39" minCyclomaticComplexity="39" maxCrapScore="1560" minCrapScore="1560" visitedClasses="0" numClasses="0" visitedMethods="0" numMethods="1" />
              <MetadataToken>100663815</MetadataToken>
              <Name>System.Boolean ExMat.Compiler.ExCompiler::ExFactor(System.Int32&amp;)</Name>
              <FileRef uid="39" />
              <SequencePoints>
                <SequencePoint vc="0" uspid="11612" ordinal="0" offset="0" sl="2793" sc="9" el="2793" ec="10" bec="0" bev="0" fileid="39" />
                <SequencePoint vc="0" uspid="11613" ordinal="1" offset="1" sl="2794" sc="13" el="2794" ec="55" bec="0" bev="0" fileid="39" />
                <SequencePoint vc="0" uspid="11614" ordinal="2" offset="13" sl="2797" sc="13" el="2797" ec="34" bec="26" bev="0" fileid="39" />
                <SequencePoint vc="0" uspid="11615" ordinal="3" offset="309" sl="2802" sc="21" el="2802" ec="22" bec="0" bev="0" fileid="39" />
                <SequencePoint vc="0" uspid="11616" ordinal="4" offset="310" sl="2803" sc="25" el="2803" ec="64" bec="0" bev="0" fileid="39" />
                <SequencePoint vc="0" uspid="11617" ordinal="5" offset="323" sl="2804" sc="25" el="2804" ec="31" bec="0" bev="0" fileid="39" />
                <SequencePoint vc="0" uspid="11618" ordinal="6" offset="328" sl="2807" sc="21" el="2807" ec="22" bec="0" bev="0" fileid="39" />
                <SequencePoint vc="0" uspid="11619" ordinal="7" offset="329" sl="2808" sc="25" el="2808" ec="175" bec="0" bev="0" fileid="39" />
                <SequencePoint vc="0" uspid="11620" ordinal="8" offset="390" sl="2810" sc="25" el="2810" ec="51" bec="0" bev="0" fileid="39" />
                <SequencePoint vc="0" uspid="11621" ordinal="9" offset="397" sl="2811" sc="25" el="2811" ec="31" bec="0" bev="0" fileid="39" />
                <SequencePoint vc="0" uspid="11622" ordinal="10" offset="402" sl="2814" sc="21" el="2814" ec="22" bec="0" bev="0" fileid="39" />
                <SequencePoint vc="0" uspid="11623" ordinal="11" offset="403" sl="2815" sc="25" el="2815" ec="48" bec="0" bev="0" fileid="39" />
                <SequencePoint vc="0" uspid="11624" ordinal="12" offset="410" sl="2816" sc="25" el="2816" ec="31" bec="0" bev="0" fileid="39" />
                <SequencePoint vc="0" uspid="11625" ordinal="13" offset="415" sl="2819" sc="21" el="2819" ec="22" bec="0" bev="0" fileid="39" />
                <SequencePoint vc="0" uspid="11626" ordinal="14" offset="416" sl="2820" sc="25" el="2820" ec="52" bec="0" bev="0" fileid="39" />
                <SequencePoint vc="0" uspid="11627" ordinal="15" offset="429" sl="2825" sc="21" el="2825" ec="22" bec="0" bev="0" fileid="39" />
                <SequencePoint vc="0" uspid="11628" ordinal="16" offset="430" sl="2826" sc="25" el="2826" ec="59" bec="0" bev="0" fileid="39" />
                <SequencePoint vc="0" uspid="11629" ordinal="17" offset="443" sl="2829" sc="21" el="2829" ec="22" bec="0" bev="0" fileid="39" />
                <SequencePoint vc="0" uspid="11630" ordinal="18" offset="444" sl="2830" sc="25" el="2830" ec="111" bec="0" bev="0" fileid="39" />
                <SequencePoint vc="0" uspid="11631" ordinal="19" offset="474" sl="2831" sc="25" el="2831" ec="63" bec="0" bev="0" fileid="39" />
                <SequencePoint vc="0" uspid="11632" ordinal="20" offset="486" sl="2832" sc="25" el="2832" ec="54" bec="0" bev="0" fileid="39" />
                <SequencePoint vc="0" uspid="11633" ordinal="21" offset="497" sl="2833" sc="25" el="2833" ec="55" bec="0" bev="0" fileid="39" />
                <SequencePoint vc="0" uspid="11634" ordinal="22" offset="509" sl="2834" sc="25" el="2834" ec="56" bec="0" bev="0" fileid="39" />
                <SequencePoint vc="0" uspid="11635" ordinal="23" offset="522" sl="2835" sc="25" el="2835" ec="37" bec="0" bev="0" fileid="39" />
                <SequencePoint vc="0" uspid="11636" ordinal="24" offset="529" sl="2839" sc="21" el="2839" ec="22" bec="0" bev="0" fileid="39" />
                <SequencePoint vc="0" uspid="11637" ordinal="25" offset="530" sl="2840" sc="25" el="2840" ec="151" bec="2" bev="0" fileid="39" />
                <SequencePoint vc="0" uspid="11638" ordinal="26" offset="576" sl="2841" sc="25" el="2841" ec="51" bec="0" bev="0" fileid="39" />
                <SequencePoint vc="0" uspid="11639" ordinal="27" offset="583" sl="2842" sc="25" el="2842" ec="31" bec="0" bev="0" fileid="39" />
                <SequencePoint vc="0" uspid="11640" ordinal="28" offset="588" sl="2846" sc="21" el="2846" ec="22" bec="0" bev="0" fileid="39" />
                <SequencePoint vc="0" uspid="11641" ordinal="29" offset="589" sl="2847" sc="25" el="2847" ec="68" bec="0" bev="0" fileid="39" />
                <SequencePoint vc="0" uspid="11642" ordinal="30" offset="608" sl="2848" sc="25" el="2848" ec="51" bec="0" bev="0" fileid="39" />
                <SequencePoint vc="0" uspid="11643" ordinal="31" offset="615" sl="2849" sc="25" el="2849" ec="31" bec="0" bev="0" fileid="39" />
                <SequencePoint vc="0" uspid="11644" ordinal="32" offset="620" sl="2852" sc="21" el="2852" ec="22" bec="0" bev="0" fileid="39" />
                <SequencePoint vc="0" uspid="11645" ordinal="33" offset="621" sl="2853" sc="25" el="2853" ec="95" bec="0" bev="0" fileid="39" />
                <SequencePoint vc="0" uspid="11646" ordinal="34" offset="662" sl="2854" sc="25" el="2854" ec="51" bec="0" bev="0" fileid="39" />
                <SequencePoint vc="0" uspid="11647" ordinal="35" offset="669" sl="2855" sc="25" el="2855" ec="31" bec="0" bev="0" fileid="39" />
                <SequencePoint vc="0" uspid="11648" ordinal="36" offset="674" sl="2858" sc="21" el="2858" ec="22" bec="0" bev="0" fileid="39" />
                <SequencePoint vc="0" uspid="11649" ordinal="37" offset="675" sl="2859" sc="25" el="2859" ec="53" bec="0" bev="0" fileid="39" />
                <SequencePoint vc="0" uspid="11650" ordinal="38" offset="682" sl="2860" sc="25" el="2860" ec="31" bec="0" bev="0" fileid="39" />
                <SequencePoint vc="0" uspid="11651" ordinal="39" offset="687" sl="2863" sc="21" el="2863" ec="22" bec="0" bev="0" fileid="39" />
                <SequencePoint vc="0" uspid="11652" ordinal="40" offset="688" sl="2864" sc="25" el="2864" ec="68" bec="0" bev="0" fileid="39" />
                <SequencePoint vc="0" uspid="11653" ordinal="41" offset="707" sl="2865" sc="25" el="2865" ec="51" bec="0" bev="0" fileid="39" />
                <SequencePoint vc="0" uspid="11654" ordinal="42" offset="714" sl="2866" sc="25" el="2866" ec="31" bec="0" bev="0" fileid="39" />
                <SequencePoint vc="0" uspid="11655" ordinal="43" offset="719" sl="2870" sc="21" el="2870" ec="22" bec="0" bev="0" fileid="39" />
                <SequencePoint vc="0" uspid="11656" ordinal="44" offset="720" sl="2871" sc="25" el="2871" ec="151" bec="2" bev="0" fileid="39" />
                <SequencePoint vc="0" uspid="11657" ordinal="45" offset="765" sl="2872" sc="25" el="2872" ec="51" bec="0" bev="0" fileid="39" />
                <SequencePoint vc="0" uspid="11658" ordinal="46" offset="772" sl="2873" sc="25" el="2873" ec="31" bec="0" bev="0" fileid="39" />
                <SequencePoint vc="0" uspid="11659" ordinal="47" offset="777" sl="2876" sc="21" el="2876" ec="22" bec="0" bev="0" fileid="39" />
                <SequencePoint vc="0" uspid="11660" ordinal="48" offset="778" sl="2877" sc="25" el="2877" ec="52" bec="0" bev="0" fileid="39" />
                <SequencePoint vc="0" uspid="11661" ordinal="49" offset="785" sl="2878" sc="25" el="2878" ec="31" bec="0" bev="0" fileid="39" />
                <SequencePoint vc="0" uspid="11662" ordinal="50" offset="790" sl="2881" sc="21" el="2881" ec="22" bec="0" bev="0" fileid="39" />
                <SequencePoint vc="0" uspid="11663" ordinal="51" offset="791" sl="2882" sc="25" el="2882" ec="136" bec="0" bev="0" fileid="39" />
                <SequencePoint vc="0" uspid="11664" ordinal="52" offset="821" sl="2883" sc="25" el="2883" ec="115" bec="2" bev="0" fileid="39" />
                <SequencePoint vc="0" uspid="11665" ordinal="53" offset="849" sl="2884" sc="25" el="2884" ec="31" bec="0" bev="0" fileid="39" />
                <SequencePoint vc="0" uspid="11666" ordinal="54" offset="854" sl="2887" sc="21" el="2887" ec="22" bec="0" bev="0" fileid="39" />
                <SequencePoint vc="0" uspid="11667" ordinal="55" offset="855" sl="2888" sc="25" el="2888" ec="45" bec="0" bev="0" fileid="39" />
                <SequencePoint vc="0" uspid="11668" ordinal="56" offset="862" sl="2889" sc="25" el="2889" ec="31" bec="0" bev="0" fileid="39" />
                <SequencePoint vc="0" uspid="11669" ordinal="57" offset="867" sl="2892" sc="21" el="2892" ec="22" bec="0" bev="0" fileid="39" />
                <SequencePoint vc="0" uspid="11670" ordinal="58" offset="868" sl="2893" sc="25" el="2893" ec="85" bec="2" bev="0" fileid="39" />
                <SequencePoint vc="0" uspid="11671" ordinal="59" offset="888" sl="2894" sc="25" el="2894" ec="31" bec="0" bev="0" fileid="39" />
                <SequencePoint vc="0" uspid="11672" ordinal="60" offset="890" sl="2897" sc="21" el="2897" ec="22" bec="0" bev="0" fileid="39" />
                <SequencePoint vc="0" uspid="11673" ordinal="61" offset="891" sl="2898" sc="25" el="2898" ec="48" bec="0" bev="0" fileid="39" />
                <SequencePoint vc="0" uspid="11674" ordinal="62" offset="898" sl="2899" sc="25" el="2899" ec="31" bec="0" bev="0" fileid="39" />
                <SequencePoint vc="0" uspid="11675" ordinal="63" offset="900" sl="2902" sc="21" el="2902" ec="22" bec="0" bev="0" fileid="39" />
                <SequencePoint vc="0" uspid="11676" ordinal="64" offset="901" sl="2903" sc="25" el="2903" ec="88" bec="2" bev="0" fileid="39" />
                <SequencePoint vc="0" uspid="11677" ordinal="65" offset="921" sl="2904" sc="25" el="2904" ec="31" bec="0" bev="0" fileid="39" />
                <SequencePoint vc="0" uspid="11678" ordinal="66" offset="923" sl="2908" sc="21" el="2908" ec="22" bec="0" bev="0" fileid="39" />
                <SequencePoint vc="0" uspid="11679" ordinal="67" offset="924" sl="2909" sc="25" el="2909" ec="64" bec="0" bev="0" fileid="39" />
                <SequencePoint vc="0" uspid="11680" ordinal="68" offset="937" sl="2910" sc="25" el="2910" ec="31" bec="0" bev="0" fileid="39" />
                <SequencePoint vc="0" uspid="11681" ordinal="69" offset="939" sl="2913" sc="21" el="2913" ec="22" bec="0" bev="0" fileid="39" />
                <SequencePoint vc="0" uspid="11682" ordinal="70" offset="940" sl="2914" sc="25" el="2916" ec="73" bec="3" bev="0" fileid="39" />
                <SequencePoint vc="0" uspid="11683" ordinal="71" offset="974" sl="2917" sc="25" el="2917" ec="31" bec="0" bev="0" fileid="39" />
                <SequencePoint vc="0" uspid="11684" ordinal="72" offset="976" sl="2920" sc="21" el="2920" ec="22" bec="0" bev="0" fileid="39" />
                <SequencePoint vc="0" uspid="11685" ordinal="73" offset="977" sl="2921" sc="25" el="2921" ec="47" bec="0" bev="0" fileid="39" />
                <SequencePoint vc="0" uspid="11686" ordinal="74" offset="984" sl="2922" sc="25" el="2922" ec="31" bec="0" bev="0" fileid="39" />
                <SequencePoint vc="0" uspid="11687" ordinal="75" offset="986" sl="2925" sc="21" el="2925" ec="22" bec="0" bev="0" fileid="39" />
                <SequencePoint vc="0" uspid="11688" ordinal="76" offset="987" sl="2926" sc="25" el="2926" ec="73" bec="0" bev="0" fileid="39" />
                <SequencePoint vc="0" uspid="11689" ordinal="77" offset="1001" sl="2930" sc="13" el="2930" ec="24" bec="2" bev="0" fileid="39" />
                <SequencePoint vc="0" uspid="11690" ordinal="78" offset="1011" sl="2931" sc="13" el="2931" ec="14" bec="0" bev="0" fileid="39" />
                <SequencePoint vc="0" uspid="11691" ordinal="79" offset="1012" sl="2932" sc="17" el="2932" ec="30" bec="0" bev="0" fileid="39" />
                <SequencePoint vc="0" uspid="11692" ordinal="80" offset="1016" sl="2935" sc="13" el="2935" ec="22" bec="0" bev="0" fileid="39" />
                <SequencePoint vc="0" uspid="11693" ordinal="81" offset="1019" sl="2936" sc="13" el="2936" ec="25" bec="0" bev="0" fileid="39" />
                <SequencePoint vc="0" uspid="11694" ordinal="82" offset="1023" sl="2937" sc="9" el="2937" ec="10" bec="0" bev="0" fileid="39" />
              </SequencePoints>
              <BranchPoints>
                <BranchPoint vc="0" uspid="11695" ordinal="0" offset="45" sl="2797" path="0" offsetchain="98" offsetend="100" fileid="39" />
                <BranchPoint vc="0" uspid="11696" ordinal="1" offset="45" sl="2797" path="1" offsetend="429" fileid="39" />
                <BranchPoint vc="0" uspid="11697" ordinal="2" offset="45" sl="2797" path="2" offsetend="986" fileid="39" />
                <BranchPoint vc="0" uspid="11698" ordinal="3" offset="45" sl="2797" path="3" offsetend="588" fileid="39" />
                <BranchPoint vc="0" uspid="11699" ordinal="4" offset="45" sl="2797" path="4" offsetend="620" fileid="39" />
                <BranchPoint vc="0" uspid="11700" ordinal="5" offset="45" sl="2797" path="5" offsetend="986" fileid="39" />
                <BranchPoint vc="0" uspid="11701" ordinal="6" offset="45" sl="2797" path="6" offsetend="674" fileid="39" />
                <BranchPoint vc="0" uspid="11702" ordinal="7" offset="45" sl="2797" path="7" offsetend="328" fileid="39" />
                <BranchPoint vc="0" uspid="11703" ordinal="8" offset="45" sl="2797" path="8" offsetend="687" fileid="39" />
                <BranchPoint vc="0" uspid="11704" ordinal="9" offset="45" sl="2797" path="9" offsetend="986" fileid="39" />
                <BranchPoint vc="0" uspid="11705" ordinal="10" offset="45" sl="2797" path="10" offsetend="986" fileid="39" />
                <BranchPoint vc="0" uspid="11706" ordinal="11" offset="45" sl="2797" path="11" offsetend="986" fileid="39" />
                <BranchPoint vc="0" uspid="11707" ordinal="12" offset="45" sl="2797" path="12" offsetend="854" fileid="39" />
                <BranchPoint vc="0" uspid="11708" ordinal="13" offset="108" sl="2797" path="0" offsetchain="113" offsetend="986" fileid="39" />
                <BranchPoint vc="0" uspid="11709" ordinal="14" offset="108" sl="2797" path="1" offsetend="923" fileid="39" />
                <BranchPoint vc="0" uspid="11710" ordinal="15" offset="124" sl="2797" path="0" offsetchain="129" offsetend="131" fileid="39" />
                <BranchPoint vc="0" uspid="11711" ordinal="16" offset="124" sl="2797" path="1" offsetend="890" fileid="39" />
                <BranchPoint vc="0" uspid="11712" ordinal="17" offset="137" sl="2797" path="0" offsetchain="142" offsetend="986" fileid="39" />
                <BranchPoint vc="0" uspid="11713" ordinal="18" offset="137" sl="2797" path="1" offsetend="867" fileid="39" />
                <BranchPoint vc="0" uspid="11714" ordinal="19" offset="161" sl="2797" path="0" offsetchain="166" offsetend="168" fileid="39" />
                <BranchPoint vc="0" uspid="11715" ordinal="20" offset="161" sl="2797" path="1" offsetend="529" fileid="39" />
                <BranchPoint vc="0" uspid="11716" ordinal="21" offset="176" sl="2797" path="0" offsetchain="181" offsetend="986" fileid="39" />
                <BranchPoint vc="0" uspid="11717" ordinal="22" offset="176" sl="2797" path="1" offsetend="719" fileid="39" />
                <BranchPoint vc="0" uspid="11718" ordinal="23" offset="193" sl="2797" path="0" offsetchain="270" offsetend="272" fileid="39" />
                <BranchPoint vc="0" uspid="11719" ordinal="24" offset="193" sl="2797" path="1" offsetend="309" fileid="39" />
                <BranchPoint vc="0" uspid="11720" ordinal="25" offset="193" sl="2797" path="2" offsetend="986" fileid="39" />
                <BranchPoint vc="0" uspid="11721" ordinal="26" offset="193" sl="2797" path="3" offsetend="986" fileid="39" />
                <BranchPoint vc="0" uspid="11722" ordinal="27" offset="193" sl="2797" path="4" offsetend="986" fileid="39" />
                <BranchPoint vc="0" uspid="11723" ordinal="28" offset="193" sl="2797" path="5" offsetend="986" fileid="39" />
                <BranchPoint vc="0" uspid="11724" ordinal="29" offset="193" sl="2797" path="6" offsetend="986" fileid="39" />
                <BranchPoint vc="0" uspid="11725" ordinal="30" offset="193" sl="2797" path="7" offsetend="976" fileid="39" />
                <BranchPoint vc="0" uspid="11726" ordinal="31" offset="193" sl="2797" path="8" offsetend="900" fileid="39" />
                <BranchPoint vc="0" uspid="11727" ordinal="32" offset="193" sl="2797" path="9" offsetend="986" fileid="39" />
                <BranchPoint vc="0" uspid="11728" ordinal="33" offset="193" sl="2797" path="10" offsetend="429" fileid="39" />
                <BranchPoint vc="0" uspid="11729" ordinal="34" offset="193" sl="2797" path="11" offsetend="429" fileid="39" />
                <BranchPoint vc="0" uspid="11730" ordinal="35" offset="193" sl="2797" path="12" offsetend="415" fileid="39" />
                <BranchPoint vc="0" uspid="11731" ordinal="36" offset="193" sl="2797" path="13" offsetend="402" fileid="39" />
                <BranchPoint vc="0" uspid="11732" ordinal="37" offset="193" sl="2797" path="14" offsetend="309" fileid="39" />
                <BranchPoint vc="0" uspid="11733" ordinal="38" offset="193" sl="2797" path="15" offsetend="986" fileid="39" />
                <BranchPoint vc="0" uspid="11734" ordinal="39" offset="193" sl="2797" path="16" offsetend="529" fileid="39" />
                <BranchPoint vc="0" uspid="11735" ordinal="40" offset="193" sl="2797" path="17" offsetend="986" fileid="39" />
                <BranchPoint vc="0" uspid="11736" ordinal="41" offset="193" sl="2797" path="18" offsetend="443" fileid="39" />
                <BranchPoint vc="0" uspid="11737" ordinal="42" offset="279" sl="2797" path="0" offsetchain="304" offsetend="986" fileid="39" />
                <BranchPoint vc="0" uspid="11738" ordinal="43" offset="279" sl="2797" path="1" offsetend="939" fileid="39" />
                <BranchPoint vc="0" uspid="11739" ordinal="44" offset="279" sl="2797" path="2" offsetend="986" fileid="39" />
                <BranchPoint vc="0" uspid="11740" ordinal="45" offset="279" sl="2797" path="3" offsetend="790" fileid="39" />
                <BranchPoint vc="0" uspid="11741" ordinal="46" offset="279" sl="2797" path="4" offsetend="986" fileid="39" />
                <BranchPoint vc="0" uspid="11742" ordinal="47" offset="279" sl="2797" path="5" offsetend="777" fileid="39" />
                <BranchPoint vc="0" uspid="11743" ordinal="48" offset="563" sl="2840" path="0" offsetend="565" fileid="39" />
                <BranchPoint vc="0" uspid="11744" ordinal="49" offset="563" sl="2840" path="1" offsetend="568" fileid="39" />
                <BranchPoint vc="0" uspid="11745" ordinal="50" offset="750" sl="2871" path="0" offsetend="752" fileid="39" />
                <BranchPoint vc="0" uspid="11746" ordinal="51" offset="750" sl="2871" path="1" offsetend="755" fileid="39" />
                <BranchPoint vc="0" uspid="11747" ordinal="52" offset="827" sl="2883" path="0" offsetend="829" fileid="39" />
                <BranchPoint vc="0" uspid="11748" ordinal="53" offset="827" sl="2883" path="1" offsetend="847" fileid="39" />
                <BranchPoint vc="0" uspid="11749" ordinal="54" offset="874" sl="2893" path="0" offsetend="876" fileid="39" />
                <BranchPoint vc="0" uspid="11750" ordinal="55" offset="874" sl="2893" path="1" offsetend="886" fileid="39" />
                <BranchPoint vc="0" uspid="11751" ordinal="56" offset="907" sl="2903" path="0" offsetend="909" fileid="39" />
                <BranchPoint vc="0" uspid="11752" ordinal="57" offset="907" sl="2903" path="1" offsetend="919" fileid="39" />
                <BranchPoint vc="0" uspid="11753" ordinal="58" offset="946" sl="2914" path="0" offsetend="948" fileid="39" />
                <BranchPoint vc="0" uspid="11754" ordinal="59" offset="946" sl="2914" path="1" offsetend="972" fileid="39" />
                <BranchPoint vc="0" uspid="11755" ordinal="60" offset="954" sl="2914" path="0" offsetend="956" fileid="39" />
                <BranchPoint vc="0" uspid="11756" ordinal="61" offset="954" sl="2914" path="1" offsetend="972" fileid="39" />
                <BranchPoint vc="0" uspid="11757" ordinal="62" offset="1009" sl="2930" path="0" offsetend="1011" fileid="39" />
                <BranchPoint vc="0" uspid="11758" ordinal="63" offset="1009" sl="2930" path="1" offsetend="1016" fileid="39" />
              </BranchPoints>
              <MethodPoint xsi:type="SequencePoint" vc="0" uspid="11612" ordinal="0" offset="0" sl="2793" sc="9" el="2793" ec="10" bec="0" bev="0" fileid="39" />
            </Method>
            <Method visited="false" cyclomaticComplexity="6" nPathComplexity="32" sequenceCoverage="0" branchCoverage="0" crapScore="42" isConstructor="false" isStatic="false" isGetter="false" isSetter="false">
              <Summary numSequencePoints="23" visitedSequencePoints="0" numBranchPoints="11" visitedBranchPoints="0" sequenceCoverage="0" branchCoverage="0" maxCyclomaticComplexity="6" minCyclomaticComplexity="6" maxCrapScore="42" minCrapScore="42" visitedClasses="0" numClasses="0" visitedMethods="0" numMethods="1" />
              <MetadataToken>100663816</MetadataToken>
              <Name>System.Boolean ExMat.Compiler.ExCompiler::ExDeleteExp()</Name>
              <FileRef uid="39" />
              <SequencePoints>
                <SequencePoint vc="0" uspid="11759" ordinal="0" offset="0" sl="2940" sc="9" el="2940" ec="10" bec="0" bev="0" fileid="39" />
                <SequencePoint vc="0" uspid="11760" ordinal="1" offset="1" sl="2943" sc="13" el="2943" ec="36" bec="2" bev="0" fileid="39" />
                <SequencePoint vc="0" uspid="11761" ordinal="2" offset="14" sl="2944" sc="13" el="2944" ec="14" bec="0" bev="0" fileid="39" />
                <SequencePoint vc="0" uspid="11762" ordinal="3" offset="15" sl="2945" sc="17" el="2945" ec="30" bec="0" bev="0" fileid="39" />
                <SequencePoint vc="0" uspid="11763" ordinal="4" offset="22" sl="2948" sc="13" el="2948" ec="41" bec="0" bev="0" fileid="39" />
                <SequencePoint vc="0" uspid="11764" ordinal="5" offset="34" sl="2949" sc="13" el="2949" ec="52" bec="0" bev="0" fileid="39" />
                <SequencePoint vc="0" uspid="11765" ordinal="6" offset="46" sl="2951" sc="13" el="2951" ec="31" bec="2" bev="0" fileid="39" />
                <SequencePoint vc="0" uspid="11766" ordinal="7" offset="59" sl="2952" sc="13" el="2952" ec="14" bec="0" bev="0" fileid="39" />
                <SequencePoint vc="0" uspid="11767" ordinal="8" offset="60" sl="2953" sc="17" el="2953" ec="30" bec="0" bev="0" fileid="39" />
                <SequencePoint vc="0" uspid="11768" ordinal="9" offset="64" sl="2956" sc="13" el="2956" ec="60" bec="2" bev="0" fileid="39" />
                <SequencePoint vc="0" uspid="11769" ordinal="10" offset="84" sl="2957" sc="13" el="2957" ec="14" bec="0" bev="0" fileid="39" />
                <SequencePoint vc="0" uspid="11770" ordinal="11" offset="85" sl="2958" sc="17" el="2958" ec="67" bec="0" bev="0" fileid="39" />
                <SequencePoint vc="0" uspid="11771" ordinal="12" offset="97" sl="2959" sc="17" el="2959" ec="30" bec="0" bev="0" fileid="39" />
                <SequencePoint vc="0" uspid="11772" ordinal="13" offset="101" sl="2962" sc="13" el="2962" ec="72" bec="4" bev="0" fileid="39" />
                <SequencePoint vc="0" uspid="11773" ordinal="14" offset="139" sl="2963" sc="13" el="2963" ec="14" bec="0" bev="0" fileid="39" />
                <SequencePoint vc="0" uspid="11774" ordinal="15" offset="140" sl="2964" sc="17" el="2964" ec="57" bec="0" bev="0" fileid="39" />
                <SequencePoint vc="0" uspid="11775" ordinal="16" offset="150" sl="2965" sc="13" el="2965" ec="14" bec="0" bev="0" fileid="39" />
                <SequencePoint vc="0" uspid="11776" ordinal="17" offset="153" sl="2967" sc="13" el="2967" ec="14" bec="0" bev="0" fileid="39" />
                <SequencePoint vc="0" uspid="11777" ordinal="18" offset="154" sl="2968" sc="17" el="2968" ec="75" bec="0" bev="0" fileid="39" />
                <SequencePoint vc="0" uspid="11778" ordinal="19" offset="166" sl="2969" sc="17" el="2969" ec="30" bec="0" bev="0" fileid="39" />
                <SequencePoint vc="0" uspid="11779" ordinal="20" offset="170" sl="2972" sc="13" el="2972" ec="34" bec="0" bev="0" fileid="39" />
                <SequencePoint vc="0" uspid="11780" ordinal="21" offset="177" sl="2973" sc="13" el="2973" ec="25" bec="0" bev="0" fileid="39" />
                <SequencePoint vc="0" uspid="11781" ordinal="22" offset="181" sl="2974" sc="9" el="2974" ec="10" bec="0" bev="0" fileid="39" />
              </SequencePoints>
              <BranchPoints>
                <BranchPoint vc="0" uspid="11782" ordinal="0" offset="12" sl="2943" path="0" offsetend="14" fileid="39" />
                <BranchPoint vc="0" uspid="11783" ordinal="1" offset="12" sl="2943" path="1" offsetend="22" fileid="39" />
                <BranchPoint vc="0" uspid="11784" ordinal="2" offset="57" sl="2951" path="0" offsetend="59" fileid="39" />
                <BranchPoint vc="0" uspid="11785" ordinal="3" offset="57" sl="2951" path="1" offsetend="64" fileid="39" />
                <BranchPoint vc="0" uspid="11786" ordinal="4" offset="82" sl="2956" path="0" offsetend="84" fileid="39" />
                <BranchPoint vc="0" uspid="11787" ordinal="5" offset="82" sl="2956" path="1" offsetend="101" fileid="39" />
                <BranchPoint vc="0" uspid="11788" ordinal="6" offset="117" sl="2962" path="0" offsetend="119" fileid="39" />
                <BranchPoint vc="0" uspid="11789" ordinal="7" offset="117" sl="2962" path="1" offsetend="129" fileid="39" />
                <BranchPoint vc="0" uspid="11790" ordinal="8" offset="137" sl="2962" path="0" offsetend="139" fileid="39" />
                <BranchPoint vc="0" uspid="11791" ordinal="9" offset="137" sl="2962" path="1" offsetend="153" fileid="39" />
              </BranchPoints>
              <MethodPoint xsi:type="SequencePoint" vc="0" uspid="11759" ordinal="0" offset="0" sl="2940" sc="9" el="2940" ec="10" bec="0" bev="0" fileid="39" />
            </Method>
            <Method visited="false" cyclomaticComplexity="12" nPathComplexity="256" sequenceCoverage="0" branchCoverage="0" crapScore="156" isConstructor="false" isStatic="false" isGetter="false" isSetter="false">
              <Summary numSequencePoints="6" visitedSequencePoints="0" numBranchPoints="17" visitedBranchPoints="0" sequenceCoverage="0" branchCoverage="0" maxCyclomaticComplexity="12" minCyclomaticComplexity="12" maxCrapScore="156" minCrapScore="156" visitedClasses="0" numClasses="0" visitedMethods="0" numMethods="1" />
              <MetadataToken>100663817</MetadataToken>
              <Name>System.Boolean ExMat.Compiler.ExCompiler::ExRequiresGetter()</Name>
              <FileRef uid="39" />
              <SequencePoints>
                <SequencePoint vc="0" uspid="11792" ordinal="0" offset="0" sl="2977" sc="9" el="2977" ec="10" bec="0" bev="0" fileid="39" />
                <SequencePoint vc="0" uspid="11793" ordinal="1" offset="1" sl="2978" sc="13" el="2978" ec="34" bec="5" bev="0" fileid="39" />
                <SequencePoint vc="0" uspid="11794" ordinal="2" offset="72" sl="2990" sc="21" el="2990" ec="22" bec="0" bev="0" fileid="39" />
                <SequencePoint vc="0" uspid="11795" ordinal="3" offset="73" sl="2991" sc="25" el="2991" ec="38" bec="0" bev="0" fileid="39" />
                <SequencePoint vc="0" uspid="11796" ordinal="4" offset="77" sl="2994" sc="13" el="2997" ec="25" bec="6" bev="0" fileid="39" />
                <SequencePoint vc="0" uspid="11797" ordinal="5" offset="141" sl="2998" sc="9" el="2998" ec="10" bec="0" bev="0" fileid="39" />
              </SequencePoints>
              <BranchPoints>
                <BranchPoint vc="0" uspid="11798" ordinal="0" offset="24" sl="2978" path="0" offsetchain="26" offsetend="28" fileid="39" />
                <BranchPoint vc="0" uspid="11799" ordinal="1" offset="24" sl="2978" path="1" offsetend="72" fileid="39" />
                <BranchPoint vc="0" uspid="11800" ordinal="2" offset="36" sl="2978" path="0" offsetchain="38" offsetend="77" fileid="39" />
                <BranchPoint vc="0" uspid="11801" ordinal="3" offset="36" sl="2978" path="1" offsetend="72" fileid="39" />
                <BranchPoint vc="0" uspid="11802" ordinal="4" offset="48" sl="2978" path="0" offsetchain="50" offsetend="52" fileid="39" />
                <BranchPoint vc="0" uspid="11803" ordinal="5" offset="48" sl="2978" path="1" offsetend="72" fileid="39" />
                <BranchPoint vc="0" uspid="11804" ordinal="6" offset="58" sl="2978" path="0" offsetchain="60" offsetend="62" fileid="39" />
                <BranchPoint vc="0" uspid="11805" ordinal="7" offset="58" sl="2978" path="1" offsetend="72" fileid="39" />
                <BranchPoint vc="0" uspid="11806" ordinal="8" offset="68" sl="2978" path="0" offsetchain="70" offsetend="77" fileid="39" />
                <BranchPoint vc="0" uspid="11807" ordinal="9" offset="68" sl="2978" path="1" offsetend="72" fileid="39" />
                <BranchPoint vc="0" uspid="11808" ordinal="10" offset="88" sl="2994" path="0" offsetend="90" fileid="39" />
                <BranchPoint vc="0" uspid="11809" ordinal="11" offset="88" sl="2994" path="1" offsetend="137" fileid="39" />
                <BranchPoint vc="0" uspid="11810" ordinal="12" offset="101" sl="2994" path="0" offsetend="103" fileid="39" />
                <BranchPoint vc="0" uspid="11811" ordinal="13" offset="101" sl="2994" path="1" offsetend="134" fileid="39" />
                <BranchPoint vc="0" uspid="11812" ordinal="14" offset="114" sl="2994" path="0" offsetend="116" fileid="39" />
                <BranchPoint vc="0" uspid="11813" ordinal="15" offset="114" sl="2994" path="1" offsetend="131" fileid="39" />
              </BranchPoints>
              <MethodPoint xsi:type="SequencePoint" vc="0" uspid="11792" ordinal="0" offset="0" sl="2977" sc="9" el="2977" ec="10" bec="0" bev="0" fileid="39" />
            </Method>
            <Method visited="false" cyclomaticComplexity="11" nPathComplexity="56" sequenceCoverage="0" branchCoverage="0" crapScore="132" isConstructor="false" isStatic="false" isGetter="false" isSetter="false">
              <Summary numSequencePoints="31" visitedSequencePoints="0" numBranchPoints="14" visitedBranchPoints="0" sequenceCoverage="0" branchCoverage="0" maxCyclomaticComplexity="11" minCyclomaticComplexity="11" maxCrapScore="132" minCrapScore="132" visitedClasses="0" numClasses="0" visitedMethods="0" numMethods="1" />
              <MetadataToken>100663818</MetadataToken>
              <Name>System.Boolean ExMat.Compiler.ExCompiler::ExPrefixedIncDec(ExMat.Token.TokenType)</Name>
              <FileRef uid="39" />
              <SequencePoints>
                <SequencePoint vc="0" uspid="11814" ordinal="0" offset="0" sl="3001" sc="9" el="3001" ec="10" bec="0" bev="0" fileid="39" />
                <SequencePoint vc="0" uspid="11815" ordinal="1" offset="1" sl="3003" sc="13" el="3003" ec="51" bec="2" bev="0" fileid="39" />
                <SequencePoint vc="0" uspid="11816" ordinal="2" offset="14" sl="3005" sc="13" el="3005" ec="36" bec="2" bev="0" fileid="39" />
                <SequencePoint vc="0" uspid="11817" ordinal="3" offset="27" sl="3006" sc="13" el="3006" ec="14" bec="0" bev="0" fileid="39" />
                <SequencePoint vc="0" uspid="11818" ordinal="4" offset="28" sl="3007" sc="17" el="3007" ec="30" bec="0" bev="0" fileid="39" />
                <SequencePoint vc="0" uspid="11819" ordinal="5" offset="35" sl="3010" sc="13" el="3010" ec="45" bec="0" bev="0" fileid="39" />
                <SequencePoint vc="0" uspid="11820" ordinal="6" offset="47" sl="3011" sc="13" el="3011" ec="52" bec="0" bev="0" fileid="39" />
                <SequencePoint vc="0" uspid="11821" ordinal="7" offset="59" sl="3013" sc="13" el="3013" ec="31" bec="2" bev="0" fileid="39" />
                <SequencePoint vc="0" uspid="11822" ordinal="8" offset="74" sl="3014" sc="13" el="3014" ec="14" bec="0" bev="0" fileid="39" />
                <SequencePoint vc="0" uspid="11823" ordinal="9" offset="75" sl="3015" sc="17" el="3015" ec="30" bec="0" bev="0" fileid="39" />
                <SequencePoint vc="0" uspid="11824" ordinal="10" offset="82" sl="3018" sc="13" el="3018" ec="42" bec="6" bev="0" fileid="39" />
                <SequencePoint vc="0" uspid="11825" ordinal="11" offset="135" sl="3021" sc="21" el="3021" ec="22" bec="0" bev="0" fileid="39" />
                <SequencePoint vc="0" uspid="11826" ordinal="12" offset="136" sl="3022" sc="25" el="3022" ec="94" bec="0" bev="0" fileid="39" />
                <SequencePoint vc="0" uspid="11827" ordinal="13" offset="153" sl="3025" sc="21" el="3025" ec="22" bec="0" bev="0" fileid="39" />
                <SequencePoint vc="0" uspid="11828" ordinal="14" offset="154" sl="3026" sc="25" el="3026" ec="97" bec="0" bev="0" fileid="39" />
                <SequencePoint vc="0" uspid="11829" ordinal="15" offset="171" sl="3030" sc="21" el="3030" ec="22" bec="0" bev="0" fileid="39" />
                <SequencePoint vc="0" uspid="11830" ordinal="16" offset="172" sl="3031" sc="25" el="3031" ec="65" bec="0" bev="0" fileid="39" />
                <SequencePoint vc="0" uspid="11831" ordinal="17" offset="182" sl="3032" sc="25" el="3032" ec="31" bec="0" bev="0" fileid="39" />
                <SequencePoint vc="0" uspid="11832" ordinal="18" offset="187" sl="3035" sc="21" el="3035" ec="22" bec="0" bev="0" fileid="39" />
                <SequencePoint vc="0" uspid="11833" ordinal="19" offset="188" sl="3036" sc="25" el="3036" ec="59" bec="0" bev="0" fileid="39" />
                <SequencePoint vc="0" uspid="11834" ordinal="20" offset="201" sl="3037" sc="25" el="3037" ec="82" bec="0" bev="0" fileid="39" />
                <SequencePoint vc="0" uspid="11835" ordinal="21" offset="222" sl="3038" sc="25" el="3038" ec="31" bec="0" bev="0" fileid="39" />
                <SequencePoint vc="0" uspid="11836" ordinal="22" offset="224" sl="3041" sc="21" el="3041" ec="22" bec="0" bev="0" fileid="39" />
                <SequencePoint vc="0" uspid="11837" ordinal="23" offset="225" sl="3042" sc="25" el="3042" ec="62" bec="0" bev="0" fileid="39" />
                <SequencePoint vc="0" uspid="11838" ordinal="24" offset="239" sl="3043" sc="25" el="3043" ec="111" bec="0" bev="0" fileid="39" />
                <SequencePoint vc="0" uspid="11839" ordinal="25" offset="269" sl="3044" sc="25" el="3044" ec="109" bec="0" bev="0" fileid="39" />
                <SequencePoint vc="0" uspid="11840" ordinal="26" offset="300" sl="3045" sc="25" el="3045" ec="113" bec="0" bev="0" fileid="39" />
                <SequencePoint vc="0" uspid="11841" ordinal="27" offset="331" sl="3046" sc="25" el="3046" ec="31" bec="0" bev="0" fileid="39" />
                <SequencePoint vc="0" uspid="11842" ordinal="28" offset="333" sl="3049" sc="13" el="3049" ec="38" bec="0" bev="0" fileid="39" />
                <SequencePoint vc="0" uspid="11843" ordinal="29" offset="340" sl="3050" sc="13" el="3050" ec="25" bec="0" bev="0" fileid="39" />
                <SequencePoint vc="0" uspid="11844" ordinal="30" offset="344" sl="3051" sc="9" el="3051" ec="10" bec="0" bev="0" fileid="39" />
              </SequencePoints>
              <BranchPoints>
                <BranchPoint vc="0" uspid="11845" ordinal="0" offset="7" sl="3003" path="0" offsetend="9" fileid="39" />
                <BranchPoint vc="0" uspid="11846" ordinal="1" offset="7" sl="3003" path="1" offsetend="12" fileid="39" />
                <BranchPoint vc="0" uspid="11847" ordinal="2" offset="25" sl="3005" path="0" offsetend="27" fileid="39" />
                <BranchPoint vc="0" uspid="11848" ordinal="3" offset="25" sl="3005" path="1" offsetend="35" fileid="39" />
                <BranchPoint vc="0" uspid="11849" ordinal="4" offset="72" sl="3013" path="0" offsetend="74" fileid="39" />
                <BranchPoint vc="0" uspid="11850" ordinal="5" offset="72" sl="3013" path="1" offsetend="82" fileid="39" />
                <BranchPoint vc="0" uspid="11851" ordinal="6" offset="101" sl="3018" path="0" offsetchain="130" offsetend="333" fileid="39" />
                <BranchPoint vc="0" uspid="11852" ordinal="7" offset="101" sl="3018" path="1" offsetend="153" fileid="39" />
                <BranchPoint vc="0" uspid="11853" ordinal="8" offset="101" sl="3018" path="2" offsetend="171" fileid="39" />
                <BranchPoint vc="0" uspid="11854" ordinal="9" offset="101" sl="3018" path="3" offsetend="171" fileid="39" />
                <BranchPoint vc="0" uspid="11855" ordinal="10" offset="101" sl="3018" path="4" offsetend="187" fileid="39" />
                <BranchPoint vc="0" uspid="11856" ordinal="11" offset="101" sl="3018" path="5" offsetend="135" fileid="39" />
                <BranchPoint vc="0" uspid="11857" ordinal="12" offset="101" sl="3018" path="6" offsetend="224" fileid="39" />
              </BranchPoints>
              <MethodPoint xsi:type="SequencePoint" vc="0" uspid="11814" ordinal="0" offset="0" sl="3001" sc="9" el="3001" ec="10" bec="0" bev="0" fileid="39" />
            </Method>
            <Method visited="false" cyclomaticComplexity="5" nPathComplexity="8" sequenceCoverage="0" branchCoverage="0" crapScore="30" isConstructor="false" isStatic="false" isGetter="false" isSetter="false">
              <Summary numSequencePoints="15" visitedSequencePoints="0" numBranchPoints="7" visitedBranchPoints="0" sequenceCoverage="0" branchCoverage="0" maxCyclomaticComplexity="5" minCyclomaticComplexity="5" maxCrapScore="30" minCrapScore="30" visitedClasses="0" numClasses="0" visitedMethods="0" numMethods="1" />
              <MetadataToken>100663819</MetadataToken>
              <Name>System.Boolean ExMat.Compiler.ExCompiler::ExSepExp()</Name>
              <FileRef uid="39" />
              <SequencePoints>
                <SequencePoint vc="0" uspid="11858" ordinal="0" offset="0" sl="3054" sc="9" el="3054" ec="10" bec="0" bev="0" fileid="39" />
                <SequencePoint vc="0" uspid="11859" ordinal="1" offset="1" sl="3055" sc="13" el="3055" ec="26" bec="0" bev="0" fileid="39" />
                <SequencePoint vc="0" uspid="11860" ordinal="2" offset="14" sl="3056" sc="13" el="3056" ec="14" bec="0" bev="0" fileid="39" />
                <SequencePoint vc="0" uspid="11861" ordinal="3" offset="15" sl="3057" sc="17" el="3057" ec="30" bec="0" bev="0" fileid="39" />
                <SequencePoint vc="0" uspid="11862" ordinal="4" offset="21" sl="3061" sc="13" el="3061" ec="14" bec="0" bev="0" fileid="39" />
                <SequencePoint vc="0" uspid="11863" ordinal="5" offset="22" sl="3062" sc="17" el="3062" ec="51" bec="2" bev="0" fileid="39" />
                <SequencePoint vc="0" uspid="11864" ordinal="6" offset="42" sl="3063" sc="17" el="3063" ec="18" bec="0" bev="0" fileid="39" />
                <SequencePoint vc="0" uspid="11865" ordinal="7" offset="43" sl="3064" sc="21" el="3064" ec="33" bec="0" bev="0" fileid="39" />
                <SequencePoint vc="0" uspid="11866" ordinal="8" offset="47" sl="3067" sc="17" el="3067" ec="43" bec="0" bev="0" fileid="39" />
                <SequencePoint vc="0" uspid="11867" ordinal="9" offset="59" sl="3069" sc="17" el="3069" ec="55" bec="4" bev="0" fileid="39" />
                <SequencePoint vc="0" uspid="11868" ordinal="10" offset="83" sl="3070" sc="17" el="3070" ec="18" bec="0" bev="0" fileid="39" />
                <SequencePoint vc="0" uspid="11869" ordinal="11" offset="84" sl="3071" sc="21" el="3071" ec="34" bec="0" bev="0" fileid="39" />
                <SequencePoint vc="0" uspid="11870" ordinal="12" offset="88" sl="3073" sc="13" el="3073" ec="14" bec="0" bev="0" fileid="39" />
                <SequencePoint vc="0" uspid="11871" ordinal="13" offset="89" sl="3060" sc="13" el="3060" ec="25" bec="0" bev="0" fileid="39" />
                <SequencePoint vc="0" uspid="11872" ordinal="14" offset="94" sl="3074" sc="9" el="3074" ec="10" bec="0" bev="0" fileid="39" />
              </SequencePoints>
              <BranchPoints>
                <BranchPoint vc="0" uspid="11873" ordinal="0" offset="40" sl="3062" path="0" offsetend="42" fileid="39" />
                <BranchPoint vc="0" uspid="11874" ordinal="1" offset="40" sl="3062" path="1" offsetend="47" fileid="39" />
                <BranchPoint vc="0" uspid="11875" ordinal="2" offset="65" sl="3069" path="0" offsetend="67" fileid="39" />
                <BranchPoint vc="0" uspid="11876" ordinal="3" offset="65" sl="3069" path="1" offsetend="78" fileid="39" />
                <BranchPoint vc="0" uspid="11877" ordinal="4" offset="81" sl="3069" path="0" offsetend="83" fileid="39" />
                <BranchPoint vc="0" uspid="11878" ordinal="5" offset="81" sl="3069" path="1" offsetend="88" fileid="39" />
              </BranchPoints>
              <MethodPoint xsi:type="SequencePoint" vc="0" uspid="11858" ordinal="0" offset="0" sl="3054" sc="9" el="3054" ec="10" bec="0" bev="0" fileid="39" />
            </Method>
            <Method visited="false" cyclomaticComplexity="3" nPathComplexity="2" sequenceCoverage="0" branchCoverage="0" crapScore="12" isConstructor="false" isStatic="false" isGetter="false" isSetter="false">
              <Summary numSequencePoints="3" visitedSequencePoints="0" numBranchPoints="3" visitedBranchPoints="0" sequenceCoverage="0" branchCoverage="0" maxCyclomaticComplexity="3" minCyclomaticComplexity="3" maxCrapScore="12" minCrapScore="12" visitedClasses="0" numClasses="0" visitedMethods="0" numMethods="1" />
              <MetadataToken>100663820</MetadataToken>
              <Name>System.Void ExMat.Compiler.ExCompiler::AddIntConstLoadInstr(System.Int64,System.Int32)</Name>
              <FileRef uid="39" />
              <SequencePoints>
                <SequencePoint vc="0" uspid="11879" ordinal="0" offset="0" sl="3077" sc="9" el="3077" ec="10" bec="0" bev="0" fileid="39" />
                <SequencePoint vc="0" uspid="11880" ordinal="1" offset="1" sl="3078" sc="13" el="3082" ec="39" bec="2" bev="0" fileid="39" />
                <SequencePoint vc="0" uspid="11881" ordinal="2" offset="36" sl="3083" sc="9" el="3083" ec="10" bec="0" bev="0" fileid="39" />
              </SequencePoints>
              <BranchPoints>
                <BranchPoint vc="0" uspid="11882" ordinal="0" offset="10" sl="3078" path="0" offsetend="12" fileid="39" />
                <BranchPoint vc="0" uspid="11883" ordinal="1" offset="10" sl="3078" path="1" offsetend="15" fileid="39" />
              </BranchPoints>
              <MethodPoint xsi:type="SequencePoint" vc="0" uspid="11879" ordinal="0" offset="0" sl="3077" sc="9" el="3077" ec="10" bec="0" bev="0" fileid="39" />
            </Method>
            <Method visited="false" cyclomaticComplexity="3" nPathComplexity="2" sequenceCoverage="0" branchCoverage="0" crapScore="12" isConstructor="false" isStatic="false" isGetter="false" isSetter="false">
              <Summary numSequencePoints="3" visitedSequencePoints="0" numBranchPoints="3" visitedBranchPoints="0" sequenceCoverage="0" branchCoverage="0" maxCyclomaticComplexity="3" minCyclomaticComplexity="3" maxCrapScore="12" minCrapScore="12" visitedClasses="0" numClasses="0" visitedMethods="0" numMethods="1" />
              <MetadataToken>100663821</MetadataToken>
              <Name>System.Void ExMat.Compiler.ExCompiler::AddFloatConstLoadInstr(System.Int64,System.Int32)</Name>
              <FileRef uid="39" />
              <SequencePoints>
                <SequencePoint vc="0" uspid="11884" ordinal="0" offset="0" sl="3085" sc="9" el="3085" ec="10" bec="0" bev="0" fileid="39" />
                <SequencePoint vc="0" uspid="11885" ordinal="1" offset="1" sl="3086" sc="13" el="3090" ec="39" bec="2" bev="0" fileid="39" />
                <SequencePoint vc="0" uspid="11886" ordinal="2" offset="36" sl="3091" sc="9" el="3091" ec="10" bec="0" bev="0" fileid="39" />
              </SequencePoints>
              <BranchPoints>
                <BranchPoint vc="0" uspid="11887" ordinal="0" offset="10" sl="3086" path="0" offsetend="12" fileid="39" />
                <BranchPoint vc="0" uspid="11888" ordinal="1" offset="10" sl="3086" path="1" offsetend="15" fileid="39" />
              </BranchPoints>
              <MethodPoint xsi:type="SequencePoint" vc="0" uspid="11884" ordinal="0" offset="0" sl="3085" sc="9" el="3085" ec="10" bec="0" bev="0" fileid="39" />
            </Method>
            <Method visited="false" cyclomaticComplexity="5" nPathComplexity="4" sequenceCoverage="0" branchCoverage="0" crapScore="30" isConstructor="false" isStatic="false" isGetter="false" isSetter="false">
              <Summary numSequencePoints="3" visitedSequencePoints="0" numBranchPoints="5" visitedBranchPoints="0" sequenceCoverage="0" branchCoverage="0" maxCyclomaticComplexity="5" minCyclomaticComplexity="5" maxCrapScore="30" minCrapScore="30" visitedClasses="0" numClasses="0" visitedMethods="0" numMethods="1" />
              <MetadataToken>100663822</MetadataToken>
              <Name>System.Void ExMat.Compiler.ExCompiler::AddComplexConstLoadInstr(System.Int64,System.Int32,System.Boolean)</Name>
              <FileRef uid="39" />
              <SequencePoints>
                <SequencePoint vc="0" uspid="11889" ordinal="0" offset="0" sl="3093" sc="9" el="3093" ec="10" bec="0" bev="0" fileid="39" />
                <SequencePoint vc="0" uspid="11890" ordinal="1" offset="1" sl="3094" sc="13" el="3098" ec="39" bec="4" bev="0" fileid="39" />
                <SequencePoint vc="0" uspid="11891" ordinal="2" offset="42" sl="3099" sc="9" el="3099" ec="10" bec="0" bev="0" fileid="39" />
              </SequencePoints>
              <BranchPoints>
                <BranchPoint vc="0" uspid="11892" ordinal="0" offset="10" sl="3094" path="0" offsetend="12" fileid="39" />
                <BranchPoint vc="0" uspid="11893" ordinal="1" offset="10" sl="3094" path="1" offsetend="15" fileid="39" />
                <BranchPoint vc="0" uspid="11894" ordinal="2" offset="29" sl="3094" path="0" offsetend="31" fileid="39" />
                <BranchPoint vc="0" uspid="11895" ordinal="3" offset="29" sl="3094" path="1" offsetend="34" fileid="39" />
              </BranchPoints>
              <MethodPoint xsi:type="SequencePoint" vc="0" uspid="11889" ordinal="0" offset="0" sl="3093" sc="9" el="3093" ec="10" bec="0" bev="0" fileid="39" />
            </Method>
            <Method visited="false" cyclomaticComplexity="3" nPathComplexity="2" sequenceCoverage="0" branchCoverage="0" crapScore="12" isConstructor="false" isStatic="false" isGetter="false" isSetter="false">
              <Summary numSequencePoints="3" visitedSequencePoints="0" numBranchPoints="3" visitedBranchPoints="0" sequenceCoverage="0" branchCoverage="0" maxCyclomaticComplexity="3" minCyclomaticComplexity="3" maxCrapScore="12" minCrapScore="12" visitedClasses="0" numClasses="0" visitedMethods="0" numMethods="1" />
              <MetadataToken>100663823</MetadataToken>
              <Name>System.Void ExMat.Compiler.ExCompiler::AddSpaceConstLoadInstr(ExMat.Objects.ExSpace,System.Int32)</Name>
              <FileRef uid="39" />
              <SequencePoints>
                <SequencePoint vc="0" uspid="11896" ordinal="0" offset="0" sl="3101" sc="9" el="3101" ec="10" bec="0" bev="0" fileid="39" />
                <SequencePoint vc="0" uspid="11897" ordinal="1" offset="1" sl="3102" sc="13" el="3106" ec="39" bec="2" bev="0" fileid="39" />
                <SequencePoint vc="0" uspid="11898" ordinal="2" offset="52" sl="3107" sc="9" el="3107" ec="10" bec="0" bev="0" fileid="39" />
              </SequencePoints>
              <BranchPoints>
                <BranchPoint vc="0" uspid="11899" ordinal="0" offset="10" sl="3102" path="0" offsetend="12" fileid="39" />
                <BranchPoint vc="0" uspid="11900" ordinal="1" offset="10" sl="3102" path="1" offsetend="15" fileid="39" />
              </BranchPoints>
              <MethodPoint xsi:type="SequencePoint" vc="0" uspid="11896" ordinal="0" offset="0" sl="3101" sc="9" el="3101" ec="10" bec="0" bev="0" fileid="39" />
            </Method>
            <Method visited="false" cyclomaticComplexity="1" nPathComplexity="0" sequenceCoverage="0" branchCoverage="0" crapScore="2" isConstructor="false" isStatic="false" isGetter="false" isSetter="false">
              <Summary numSequencePoints="6" visitedSequencePoints="0" numBranchPoints="1" visitedBranchPoints="0" sequenceCoverage="0" branchCoverage="0" maxCyclomaticComplexity="1" minCyclomaticComplexity="1" maxCrapScore="2" minCrapScore="2" visitedClasses="0" numClasses="0" visitedMethods="0" numMethods="1" />
              <MetadataToken>100663824</MetadataToken>
              <Name>System.Void ExMat.Compiler.ExCompiler::AddBasicDerefInstr(ExMat.OPs.ExOperationCode)</Name>
              <FileRef uid="39" />
              <SequencePoints>
                <SequencePoint vc="0" uspid="11901" ordinal="0" offset="0" sl="3110" sc="9" el="3110" ec="10" bec="0" bev="0" fileid="39" />
                <SequencePoint vc="0" uspid="11902" ordinal="1" offset="1" sl="3111" sc="13" el="3111" ec="51" bec="0" bev="0" fileid="39" />
                <SequencePoint vc="0" uspid="11903" ordinal="2" offset="13" sl="3112" sc="13" el="3112" ec="49" bec="0" bev="0" fileid="39" />
                <SequencePoint vc="0" uspid="11904" ordinal="3" offset="25" sl="3113" sc="13" el="3113" ec="52" bec="0" bev="0" fileid="39" />
                <SequencePoint vc="0" uspid="11905" ordinal="4" offset="37" sl="3114" sc="13" el="3114" ec="88" bec="0" bev="0" fileid="39" />
                <SequencePoint vc="0" uspid="11906" ordinal="5" offset="66" sl="3115" sc="9" el="3115" ec="10" bec="0" bev="0" fileid="39" />
              </SequencePoints>
              <BranchPoints />
              <MethodPoint xsi:type="SequencePoint" vc="0" uspid="11901" ordinal="0" offset="0" sl="3110" sc="9" el="3110" ec="10" bec="0" bev="0" fileid="39" />
            </Method>
            <Method visited="false" cyclomaticComplexity="1" nPathComplexity="0" sequenceCoverage="0" branchCoverage="0" crapScore="2" isConstructor="false" isStatic="false" isGetter="false" isSetter="false">
              <Summary numSequencePoints="5" visitedSequencePoints="0" numBranchPoints="1" visitedBranchPoints="0" sequenceCoverage="0" branchCoverage="0" maxCyclomaticComplexity="1" minCyclomaticComplexity="1" maxCrapScore="2" minCrapScore="2" visitedClasses="0" numClasses="0" visitedMethods="0" numMethods="1" />
              <MetadataToken>100663825</MetadataToken>
              <Name>System.Void ExMat.Compiler.ExCompiler::AddBasicOpInstr(ExMat.OPs.ExOperationCode,System.Int32)</Name>
              <FileRef uid="39" />
              <SequencePoints>
                <SequencePoint vc="0" uspid="11907" ordinal="0" offset="0" sl="3118" sc="9" el="3118" ec="10" bec="0" bev="0" fileid="39" />
                <SequencePoint vc="0" uspid="11908" ordinal="1" offset="1" sl="3119" sc="13" el="3119" ec="50" bec="0" bev="0" fileid="39" />
                <SequencePoint vc="0" uspid="11909" ordinal="2" offset="13" sl="3120" sc="13" el="3120" ec="50" bec="0" bev="0" fileid="39" />
                <SequencePoint vc="0" uspid="11910" ordinal="3" offset="25" sl="3121" sc="13" el="3121" ec="86" bec="0" bev="0" fileid="39" />
                <SequencePoint vc="0" uspid="11911" ordinal="4" offset="54" sl="3122" sc="9" el="3122" ec="10" bec="0" bev="0" fileid="39" />
              </SequencePoints>
              <BranchPoints />
              <MethodPoint xsi:type="SequencePoint" vc="0" uspid="11907" ordinal="0" offset="0" sl="3118" sc="9" el="3118" ec="10" bec="0" bev="0" fileid="39" />
            </Method>
            <Method visited="false" cyclomaticComplexity="5" nPathComplexity="6" sequenceCoverage="0" branchCoverage="0" crapScore="30" isConstructor="false" isStatic="false" isGetter="false" isSetter="false">
              <Summary numSequencePoints="23" visitedSequencePoints="0" numBranchPoints="7" visitedBranchPoints="0" sequenceCoverage="0" branchCoverage="0" maxCyclomaticComplexity="5" minCyclomaticComplexity="5" maxCrapScore="30" minCrapScore="30" visitedClasses="0" numClasses="0" visitedMethods="0" numMethods="1" />
              <MetadataToken>100663826</MetadataToken>
              <Name>System.Void ExMat.Compiler.ExCompiler::AddCompoundOpInstr(ExMat.Token.TokenType,ExMat.States.ExEType,System.Int32)</Name>
              <FileRef uid="39" />
              <SequencePoints>
                <SequencePoint vc="0" uspid="11912" ordinal="0" offset="0" sl="3125" sc="9" el="3125" ec="10" bec="0" bev="0" fileid="39" />
                <SequencePoint vc="0" uspid="11913" ordinal="1" offset="1" sl="3126" sc="13" el="3126" ec="26" bec="4" bev="0" fileid="39" />
                <SequencePoint vc="0" uspid="11914" ordinal="2" offset="38" sl="3129" sc="21" el="3129" ec="22" bec="0" bev="0" fileid="39" />
                <SequencePoint vc="0" uspid="11915" ordinal="3" offset="39" sl="3130" sc="25" el="3130" ec="59" bec="0" bev="0" fileid="39" />
                <SequencePoint vc="0" uspid="11916" ordinal="4" offset="51" sl="3131" sc="25" el="3131" ec="59" bec="0" bev="0" fileid="39" />
                <SequencePoint vc="0" uspid="11917" ordinal="5" offset="63" sl="3132" sc="25" el="3132" ec="53" bec="0" bev="0" fileid="39" />
                <SequencePoint vc="0" uspid="11918" ordinal="6" offset="76" sl="3134" sc="25" el="3134" ec="87" bec="0" bev="0" fileid="39" />
                <SequencePoint vc="0" uspid="11919" ordinal="7" offset="99" sl="3135" sc="25" el="3135" ec="58" bec="0" bev="0" fileid="39" />
                <SequencePoint vc="0" uspid="11920" ordinal="8" offset="111" sl="3136" sc="25" el="3136" ec="31" bec="0" bev="0" fileid="39" />
                <SequencePoint vc="0" uspid="11921" ordinal="9" offset="116" sl="3140" sc="21" el="3140" ec="22" bec="0" bev="0" fileid="39" />
                <SequencePoint vc="0" uspid="11922" ordinal="10" offset="117" sl="3141" sc="25" el="3141" ec="59" bec="0" bev="0" fileid="39" />
                <SequencePoint vc="0" uspid="11923" ordinal="11" offset="130" sl="3142" sc="25" el="3142" ec="59" bec="0" bev="0" fileid="39" />
                <SequencePoint vc="0" uspid="11924" ordinal="12" offset="143" sl="3143" sc="25" el="3143" ec="59" bec="0" bev="0" fileid="39" />
                <SequencePoint vc="0" uspid="11925" ordinal="13" offset="156" sl="3144" sc="25" el="3144" ec="155" bec="0" bev="0" fileid="39" />
                <SequencePoint vc="0" uspid="11926" ordinal="14" offset="199" sl="3145" sc="25" el="3145" ec="31" bec="0" bev="0" fileid="39" />
                <SequencePoint vc="0" uspid="11927" ordinal="15" offset="201" sl="3148" sc="21" el="3148" ec="22" bec="0" bev="0" fileid="39" />
                <SequencePoint vc="0" uspid="11928" ordinal="16" offset="202" sl="3149" sc="25" el="3149" ec="59" bec="0" bev="0" fileid="39" />
                <SequencePoint vc="0" uspid="11929" ordinal="17" offset="215" sl="3150" sc="25" el="3150" ec="62" bec="0" bev="0" fileid="39" />
                <SequencePoint vc="0" uspid="11930" ordinal="18" offset="229" sl="3152" sc="25" el="3152" ec="90" bec="0" bev="0" fileid="39" />
                <SequencePoint vc="0" uspid="11931" ordinal="19" offset="249" sl="3153" sc="25" el="3153" ec="91" bec="0" bev="0" fileid="39" />
                <SequencePoint vc="0" uspid="11932" ordinal="20" offset="275" sl="3154" sc="25" el="3154" ec="92" bec="0" bev="0" fileid="39" />
                <SequencePoint vc="0" uspid="11933" ordinal="21" offset="296" sl="3156" sc="25" el="3156" ec="31" bec="0" bev="0" fileid="39" />
                <SequencePoint vc="0" uspid="11934" ordinal="22" offset="298" sl="3159" sc="9" el="3159" ec="10" bec="0" bev="0" fileid="39" />
              </SequencePoints>
              <BranchPoints>
                <BranchPoint vc="0" uspid="11935" ordinal="0" offset="8" sl="3126" path="0" offsetchain="33" offsetend="298" fileid="39" />
                <BranchPoint vc="0" uspid="11936" ordinal="1" offset="8" sl="3126" path="1" offsetend="116" fileid="39" />
                <BranchPoint vc="0" uspid="11937" ordinal="2" offset="8" sl="3126" path="2" offsetend="116" fileid="39" />
                <BranchPoint vc="0" uspid="11938" ordinal="3" offset="8" sl="3126" path="3" offsetend="38" fileid="39" />
                <BranchPoint vc="0" uspid="11939" ordinal="4" offset="8" sl="3126" path="4" offsetend="298" fileid="39" />
                <BranchPoint vc="0" uspid="11940" ordinal="5" offset="8" sl="3126" path="5" offsetend="201" fileid="39" />
              </BranchPoints>
              <MethodPoint xsi:type="SequencePoint" vc="0" uspid="11912" ordinal="0" offset="0" sl="3125" sc="9" el="3125" ec="10" bec="0" bev="0" fileid="39" />
            </Method>
            <Method visited="false" cyclomaticComplexity="4" nPathComplexity="8" sequenceCoverage="0" branchCoverage="0" crapScore="20" isConstructor="false" isStatic="false" isGetter="false" isSetter="false">
              <Summary numSequencePoints="11" visitedSequencePoints="0" numBranchPoints="7" visitedBranchPoints="0" sequenceCoverage="0" branchCoverage="0" maxCyclomaticComplexity="4" minCyclomaticComplexity="4" maxCrapScore="20" minCrapScore="20" visitedClasses="0" numClasses="0" visitedMethods="0" numMethods="1" />
              <MetadataToken>100663827</MetadataToken>
              <Name>System.Boolean ExMat.Compiler.ExCompiler::ParseAttributePresenceCheck(System.Boolean&amp;)</Name>
              <FileRef uid="39" />
              <SequencePoints>
                <SequencePoint vc="0" uspid="11941" ordinal="0" offset="0" sl="3162" sc="9" el="3162" ec="10" bec="0" bev="0" fileid="39" />
                <SequencePoint vc="0" uspid="11942" ordinal="1" offset="1" sl="3163" sc="13" el="3163" ec="58" bec="2" bev="0" fileid="39" />
                <SequencePoint vc="0" uspid="11943" ordinal="2" offset="18" sl="3164" sc="13" el="3164" ec="14" bec="0" bev="0" fileid="39" />
                <SequencePoint vc="0" uspid="11944" ordinal="3" offset="19" sl="3165" sc="17" el="3165" ec="128" bec="0" bev="0" fileid="39" />
                <SequencePoint vc="0" uspid="11945" ordinal="4" offset="49" sl="3167" sc="17" el="3167" ec="110" bec="4" bev="0" fileid="39" />
                <SequencePoint vc="0" uspid="11946" ordinal="5" offset="83" sl="3168" sc="17" el="3168" ec="18" bec="0" bev="0" fileid="39" />
                <SequencePoint vc="0" uspid="11947" ordinal="6" offset="84" sl="3169" sc="21" el="3169" ec="75" bec="0" bev="0" fileid="39" />
                <SequencePoint vc="0" uspid="11948" ordinal="7" offset="98" sl="3171" sc="17" el="3171" ec="34" bec="0" bev="0" fileid="39" />
                <SequencePoint vc="0" uspid="11949" ordinal="8" offset="101" sl="3172" sc="13" el="3172" ec="14" bec="0" bev="0" fileid="39" />
                <SequencePoint vc="0" uspid="11950" ordinal="9" offset="102" sl="3173" sc="13" el="3173" ec="25" bec="0" bev="0" fileid="39" />
                <SequencePoint vc="0" uspid="11951" ordinal="10" offset="106" sl="3174" sc="9" el="3174" ec="10" bec="0" bev="0" fileid="39" />
              </SequencePoints>
              <BranchPoints>
                <BranchPoint vc="0" uspid="11952" ordinal="0" offset="16" sl="3163" path="0" offsetend="18" fileid="39" />
                <BranchPoint vc="0" uspid="11953" ordinal="1" offset="16" sl="3163" path="1" offsetend="102" fileid="39" />
                <BranchPoint vc="0" uspid="11954" ordinal="2" offset="55" sl="3167" path="0" offsetend="57" fileid="39" />
                <BranchPoint vc="0" uspid="11955" ordinal="3" offset="55" sl="3167" path="1" offsetend="78" fileid="39" />
                <BranchPoint vc="0" uspid="11956" ordinal="4" offset="81" sl="3167" path="0" offsetend="83" fileid="39" />
                <BranchPoint vc="0" uspid="11957" ordinal="5" offset="81" sl="3167" path="1" offsetend="98" fileid="39" />
              </BranchPoints>
              <MethodPoint xsi:type="SequencePoint" vc="0" uspid="11941" ordinal="0" offset="0" sl="3162" sc="9" el="3162" ec="10" bec="0" bev="0" fileid="39" />
            </Method>
            <Method visited="false" cyclomaticComplexity="8" nPathComplexity="64" sequenceCoverage="0" branchCoverage="0" crapScore="72" isConstructor="false" isStatic="false" isGetter="false" isSetter="false">
              <Summary numSequencePoints="16" visitedSequencePoints="0" numBranchPoints="13" visitedBranchPoints="0" sequenceCoverage="0" branchCoverage="0" maxCyclomaticComplexity="8" minCyclomaticComplexity="8" maxCrapScore="72" minCrapScore="72" visitedClasses="0" numClasses="0" visitedMethods="0" numMethods="1" />
              <MetadataToken>100663828</MetadataToken>
              <Name>System.Boolean ExMat.Compiler.ExCompiler::ParseMethod()</Name>
              <FileRef uid="39" />
              <SequencePoints>
                <SequencePoint vc="0" uspid="11958" ordinal="0" offset="0" sl="3176" sc="9" el="3176" ec="10" bec="0" bev="0" fileid="39" />
                <SequencePoint vc="0" uspid="11959" ordinal="1" offset="1" sl="3177" sc="13" el="3177" ec="42" bec="0" bev="0" fileid="39" />
                <SequencePoint vc="0" uspid="11960" ordinal="2" offset="8" sl="3178" sc="13" el="3178" ec="36" bec="2" bev="0" fileid="39" />
                <SequencePoint vc="0" uspid="11961" ordinal="3" offset="21" sl="3179" sc="13" el="3179" ec="14" bec="0" bev="0" fileid="39" />
                <SequencePoint vc="0" uspid="11962" ordinal="4" offset="22" sl="3180" sc="17" el="3180" ec="30" bec="0" bev="0" fileid="39" />
                <SequencePoint vc="0" uspid="11963" ordinal="5" offset="29" sl="3183" sc="13" el="3183" ec="135" bec="2" bev="0" fileid="39" />
                <SequencePoint vc="0" uspid="11964" ordinal="6" offset="67" sl="3185" sc="13" el="3185" ec="66" bec="4" bev="0" fileid="39" />
                <SequencePoint vc="0" uspid="11965" ordinal="7" offset="93" sl="3186" sc="13" el="3186" ec="14" bec="0" bev="0" fileid="39" />
                <SequencePoint vc="0" uspid="11966" ordinal="8" offset="94" sl="3187" sc="17" el="3187" ec="30" bec="0" bev="0" fileid="39" />
                <SequencePoint vc="0" uspid="11967" ordinal="9" offset="98" sl="3190" sc="13" el="3190" ec="121" bec="0" bev="0" fileid="39" />
                <SequencePoint vc="0" uspid="11968" ordinal="10" offset="138" sl="3192" sc="13" el="3192" ec="107" bec="4" bev="0" fileid="39" />
                <SequencePoint vc="0" uspid="11969" ordinal="11" offset="166" sl="3193" sc="13" el="3193" ec="14" bec="0" bev="0" fileid="39" />
                <SequencePoint vc="0" uspid="11970" ordinal="12" offset="167" sl="3194" sc="17" el="3194" ec="30" bec="0" bev="0" fileid="39" />
                <SequencePoint vc="0" uspid="11971" ordinal="13" offset="171" sl="3197" sc="13" el="3197" ec="130" bec="0" bev="0" fileid="39" />
                <SequencePoint vc="0" uspid="11972" ordinal="14" offset="218" sl="3198" sc="13" el="3198" ec="25" bec="0" bev="0" fileid="39" />
                <SequencePoint vc="0" uspid="11973" ordinal="15" offset="222" sl="3199" sc="9" el="3199" ec="10" bec="0" bev="0" fileid="39" />
              </SequencePoints>
              <BranchPoints>
                <BranchPoint vc="0" uspid="11974" ordinal="0" offset="19" sl="3178" path="0" offsetend="21" fileid="39" />
                <BranchPoint vc="0" uspid="11975" ordinal="1" offset="19" sl="3178" path="1" offsetend="29" fileid="39" />
                <BranchPoint vc="0" uspid="11976" ordinal="2" offset="35" sl="3183" path="0" offsetend="37" fileid="39" />
                <BranchPoint vc="0" uspid="11977" ordinal="3" offset="35" sl="3183" path="1" offsetend="55" fileid="39" />
                <BranchPoint vc="0" uspid="11978" ordinal="4" offset="68" sl="3185" path="0" offsetend="70" fileid="39" />
                <BranchPoint vc="0" uspid="11979" ordinal="5" offset="68" sl="3185" path="1" offsetend="86" fileid="39" />
                <BranchPoint vc="0" uspid="11980" ordinal="6" offset="91" sl="3185" path="0" offsetend="93" fileid="39" />
                <BranchPoint vc="0" uspid="11981" ordinal="7" offset="91" sl="3185" path="1" offsetend="98" fileid="39" />
                <BranchPoint vc="0" uspid="11982" ordinal="8" offset="146" sl="3192" path="0" offsetend="148" fileid="39" />
                <BranchPoint vc="0" uspid="11983" ordinal="9" offset="146" sl="3192" path="1" offsetend="151" fileid="39" />
                <BranchPoint vc="0" uspid="11984" ordinal="10" offset="164" sl="3192" path="0" offsetend="166" fileid="39" />
                <BranchPoint vc="0" uspid="11985" ordinal="11" offset="164" sl="3192" path="1" offsetend="171" fileid="39" />
              </BranchPoints>
              <MethodPoint xsi:type="SequencePoint" vc="0" uspid="11958" ordinal="0" offset="0" sl="3176" sc="9" el="3176" ec="10" bec="0" bev="0" fileid="39" />
            </Method>
            <Method visited="false" cyclomaticComplexity="2" nPathComplexity="2" sequenceCoverage="0" branchCoverage="0" crapScore="6" isConstructor="false" isStatic="false" isGetter="false" isSetter="false">
              <Summary numSequencePoints="3" visitedSequencePoints="0" numBranchPoints="3" visitedBranchPoints="0" sequenceCoverage="0" branchCoverage="0" maxCyclomaticComplexity="2" minCyclomaticComplexity="2" maxCrapScore="6" minCrapScore="6" visitedClasses="0" numClasses="0" visitedMethods="0" numMethods="1" />
              <MetadataToken>100663829</MetadataToken>
              <Name>System.Boolean ExMat.Compiler.ExCompiler::ParseKeyOrMember(ExMat.Token.TokenType)</Name>
              <FileRef uid="39" />
              <SequencePoints>
                <SequencePoint vc="0" uspid="11986" ordinal="0" offset="0" sl="3202" sc="9" el="3202" ec="10" bec="0" bev="0" fileid="39" />
                <SequencePoint vc="0" uspid="11987" ordinal="1" offset="1" sl="3203" sc="13" el="3203" ec="96" bec="2" bev="0" fileid="39" />
                <SequencePoint vc="0" uspid="11988" ordinal="2" offset="26" sl="3204" sc="9" el="3204" ec="10" bec="0" bev="0" fileid="39" />
              </SequencePoints>
              <BranchPoints>
                <BranchPoint vc="0" uspid="11989" ordinal="0" offset="7" sl="3203" path="0" offsetend="9" fileid="39" />
                <BranchPoint vc="0" uspid="11990" ordinal="1" offset="7" sl="3203" path="1" offsetend="17" fileid="39" />
              </BranchPoints>
              <MethodPoint xsi:type="SequencePoint" vc="0" uspid="11986" ordinal="0" offset="0" sl="3202" sc="9" el="3202" ec="10" bec="0" bev="0" fileid="39" />
            </Method>
            <Method visited="false" cyclomaticComplexity="3" nPathComplexity="4" sequenceCoverage="0" branchCoverage="0" crapScore="12" isConstructor="false" isStatic="false" isGetter="false" isSetter="false">
              <Summary numSequencePoints="7" visitedSequencePoints="0" numBranchPoints="5" visitedBranchPoints="0" sequenceCoverage="0" branchCoverage="0" maxCyclomaticComplexity="3" minCyclomaticComplexity="3" maxCrapScore="12" minCrapScore="12" visitedClasses="0" numClasses="0" visitedMethods="0" numMethods="1" />
              <MetadataToken>100663830</MetadataToken>
              <Name>System.Boolean ExMat.Compiler.ExCompiler::ParseLiteralDictKey()</Name>
              <FileRef uid="39" />
              <SequencePoints>
                <SequencePoint vc="0" uspid="11991" ordinal="0" offset="0" sl="3207" sc="9" el="3207" ec="10" bec="0" bev="0" fileid="39" />
                <SequencePoint vc="0" uspid="11992" ordinal="1" offset="1" sl="3209" sc="13" el="3209" ec="57" bec="2" bev="0" fileid="39" />
                <SequencePoint vc="0" uspid="11993" ordinal="2" offset="21" sl="3210" sc="13" el="3210" ec="14" bec="0" bev="0" fileid="39" />
                <SequencePoint vc="0" uspid="11994" ordinal="3" offset="22" sl="3211" sc="17" el="3211" ec="30" bec="0" bev="0" fileid="39" />
                <SequencePoint vc="0" uspid="11995" ordinal="4" offset="26" sl="3213" sc="13" el="3213" ec="121" bec="0" bev="0" fileid="39" />
                <SequencePoint vc="0" uspid="11996" ordinal="5" offset="66" sl="3215" sc="13" el="3215" ec="61" bec="2" bev="0" fileid="39" />
                <SequencePoint vc="0" uspid="11997" ordinal="6" offset="91" sl="3216" sc="9" el="3216" ec="10" bec="0" bev="0" fileid="39" />
              </SequencePoints>
              <BranchPoints>
                <BranchPoint vc="0" uspid="11998" ordinal="0" offset="19" sl="3209" path="0" offsetend="21" fileid="39" />
                <BranchPoint vc="0" uspid="11999" ordinal="1" offset="19" sl="3209" path="1" offsetend="26" fileid="39" />
                <BranchPoint vc="0" uspid="12000" ordinal="2" offset="77" sl="3215" path="0" offsetend="79" fileid="39" />
                <BranchPoint vc="0" uspid="12001" ordinal="3" offset="77" sl="3215" path="1" offsetend="87" fileid="39" />
              </BranchPoints>
              <MethodPoint xsi:type="SequencePoint" vc="0" uspid="11991" ordinal="0" offset="0" sl="3207" sc="9" el="3207" ec="10" bec="0" bev="0" fileid="39" />
            </Method>
            <Method visited="false" cyclomaticComplexity="3" nPathComplexity="4" sequenceCoverage="0" branchCoverage="0" crapScore="12" isConstructor="false" isStatic="false" isGetter="false" isSetter="false">
              <Summary numSequencePoints="7" visitedSequencePoints="0" numBranchPoints="5" visitedBranchPoints="0" sequenceCoverage="0" branchCoverage="0" maxCyclomaticComplexity="3" minCyclomaticComplexity="3" maxCrapScore="12" minCrapScore="12" visitedClasses="0" numClasses="0" visitedMethods="0" numMethods="1" />
              <MetadataToken>100663831</MetadataToken>
              <Name>System.Boolean ExMat.Compiler.ExCompiler::ParseIdentifierKeyOrMember()</Name>
              <FileRef uid="39" />
              <SequencePoints>
                <SequencePoint vc="0" uspid="12002" ordinal="0" offset="0" sl="3218" sc="9" el="3218" ec="10" bec="0" bev="0" fileid="39" />
                <SequencePoint vc="0" uspid="12003" ordinal="1" offset="1" sl="3220" sc="13" el="3220" ec="60" bec="2" bev="0" fileid="39" />
                <SequencePoint vc="0" uspid="12004" ordinal="2" offset="21" sl="3221" sc="13" el="3221" ec="14" bec="0" bev="0" fileid="39" />
                <SequencePoint vc="0" uspid="12005" ordinal="3" offset="22" sl="3222" sc="17" el="3222" ec="30" bec="0" bev="0" fileid="39" />
                <SequencePoint vc="0" uspid="12006" ordinal="4" offset="26" sl="3225" sc="13" el="3225" ec="121" bec="0" bev="0" fileid="39" />
                <SequencePoint vc="0" uspid="12007" ordinal="5" offset="66" sl="3227" sc="13" el="3227" ec="61" bec="2" bev="0" fileid="39" />
                <SequencePoint vc="0" uspid="12008" ordinal="6" offset="91" sl="3228" sc="9" el="3228" ec="10" bec="0" bev="0" fileid="39" />
              </SequencePoints>
              <BranchPoints>
                <BranchPoint vc="0" uspid="12009" ordinal="0" offset="19" sl="3220" path="0" offsetend="21" fileid="39" />
                <BranchPoint vc="0" uspid="12010" ordinal="1" offset="19" sl="3220" path="1" offsetend="26" fileid="39" />
                <BranchPoint vc="0" uspid="12011" ordinal="2" offset="77" sl="3227" path="0" offsetend="79" fileid="39" />
                <BranchPoint vc="0" uspid="12012" ordinal="3" offset="77" sl="3227" path="1" offsetend="87" fileid="39" />
              </BranchPoints>
              <MethodPoint xsi:type="SequencePoint" vc="0" uspid="12002" ordinal="0" offset="0" sl="3218" sc="9" el="3218" ec="10" bec="0" bev="0" fileid="39" />
            </Method>
            <Method visited="false" cyclomaticComplexity="10" nPathComplexity="64" sequenceCoverage="0" branchCoverage="0" crapScore="110" isConstructor="false" isStatic="false" isGetter="false" isSetter="false">
              <Summary numSequencePoints="18" visitedSequencePoints="0" numBranchPoints="13" visitedBranchPoints="0" sequenceCoverage="0" branchCoverage="0" maxCyclomaticComplexity="10" minCyclomaticComplexity="10" maxCrapScore="110" minCrapScore="110" visitedClasses="0" numClasses="0" visitedMethods="0" numMethods="1" />
              <MetadataToken>100663832</MetadataToken>
              <Name>System.Boolean ExMat.Compiler.ExCompiler::NewSlotFromParsing(System.Boolean,ExMat.Token.TokenType)</Name>
              <FileRef uid="39" />
              <SequencePoints>
                <SequencePoint vc="0" uspid="12013" ordinal="0" offset="0" sl="3231" sc="9" el="3231" ec="10" bec="0" bev="0" fileid="39" />
                <SequencePoint vc="0" uspid="12014" ordinal="1" offset="1" sl="3232" sc="13" el="3232" ec="47" bec="0" bev="0" fileid="39" />
                <SequencePoint vc="0" uspid="12015" ordinal="2" offset="13" sl="3233" sc="13" el="3233" ec="47" bec="0" bev="0" fileid="39" />
                <SequencePoint vc="0" uspid="12016" ordinal="3" offset="25" sl="3234" sc="13" el="3234" ec="64" bec="2" bev="0" fileid="39" />
                <SequencePoint vc="0" uspid="12017" ordinal="4" offset="43" sl="3236" sc="13" el="3236" ec="62" bec="5" bev="0" fileid="39" />
                <SequencePoint vc="0" uspid="12018" ordinal="5" offset="62" sl="3237" sc="13" el="3237" ec="14" bec="0" bev="0" fileid="39" />
                <SequencePoint vc="0" uspid="12019" ordinal="6" offset="63" sl="3238" sc="17" el="3238" ec="76" bec="0" bev="0" fileid="39" />
                <SequencePoint vc="0" uspid="12020" ordinal="7" offset="78" sl="3241" sc="13" el="3241" ec="63" bec="2" bev="0" fileid="39" />
                <SequencePoint vc="0" uspid="12021" ordinal="8" offset="86" sl="3242" sc="13" el="3242" ec="47" bec="0" bev="0" fileid="39" />
                <SequencePoint vc="0" uspid="12022" ordinal="9" offset="99" sl="3243" sc="13" el="3243" ec="38" bec="2" bev="0" fileid="39" />
                <SequencePoint vc="0" uspid="12023" ordinal="10" offset="113" sl="3244" sc="13" el="3244" ec="14" bec="0" bev="0" fileid="39" />
                <SequencePoint vc="0" uspid="12024" ordinal="11" offset="114" sl="3245" sc="17" el="3245" ec="97" bec="0" bev="0" fileid="39" />
                <SequencePoint vc="0" uspid="12025" ordinal="12" offset="138" sl="3246" sc="13" el="3246" ec="14" bec="0" bev="0" fileid="39" />
                <SequencePoint vc="0" uspid="12026" ordinal="13" offset="141" sl="3248" sc="13" el="3248" ec="14" bec="0" bev="0" fileid="39" />
                <SequencePoint vc="0" uspid="12027" ordinal="14" offset="142" sl="3249" sc="17" el="3249" ec="80" bec="0" bev="0" fileid="39" />
                <SequencePoint vc="0" uspid="12028" ordinal="15" offset="162" sl="3250" sc="13" el="3250" ec="14" bec="0" bev="0" fileid="39" />
                <SequencePoint vc="0" uspid="12029" ordinal="16" offset="163" sl="3251" sc="13" el="3251" ec="25" bec="0" bev="0" fileid="39" />
                <SequencePoint vc="0" uspid="12030" ordinal="17" offset="168" sl="3252" sc="9" el="3252" ec="10" bec="0" bev="0" fileid="39" />
              </SequencePoints>
              <BranchPoints>
                <BranchPoint vc="0" uspid="12031" ordinal="0" offset="26" sl="3234" path="0" offsetend="28" fileid="39" />
                <BranchPoint vc="0" uspid="12032" ordinal="1" offset="26" sl="3234" path="1" offsetend="31" fileid="39" />
                <BranchPoint vc="0" uspid="12033" ordinal="2" offset="44" sl="3236" path="0" offsetend="46" fileid="39" />
                <BranchPoint vc="0" uspid="12034" ordinal="3" offset="44" sl="3236" path="1" offsetend="52" fileid="39" />
                <BranchPoint vc="0" uspid="12035" ordinal="4" offset="50" sl="3236" path="0" offsetend="52" fileid="39" />
                <BranchPoint vc="0" uspid="12036" ordinal="5" offset="50" sl="3236" path="1" offsetend="55" fileid="39" />
                <BranchPoint vc="0" uspid="12037" ordinal="6" offset="60" sl="3236" path="0" offsetend="62" fileid="39" />
                <BranchPoint vc="0" uspid="12038" ordinal="7" offset="60" sl="3236" path="1" offsetend="78" fileid="39" />
                <BranchPoint vc="0" uspid="12039" ordinal="8" offset="79" sl="3241" path="0" offsetend="81" fileid="39" />
                <BranchPoint vc="0" uspid="12040" ordinal="9" offset="79" sl="3241" path="1" offsetend="84" fileid="39" />
                <BranchPoint vc="0" uspid="12041" ordinal="10" offset="111" sl="3243" path="0" offsetend="113" fileid="39" />
                <BranchPoint vc="0" uspid="12042" ordinal="11" offset="111" sl="3243" path="1" offsetend="141" fileid="39" />
              </BranchPoints>
              <MethodPoint xsi:type="SequencePoint" vc="0" uspid="12013" ordinal="0" offset="0" sl="3231" sc="9" el="3231" ec="10" bec="0" bev="0" fileid="39" />
            </Method>
            <Method visited="false" cyclomaticComplexity="18" nPathComplexity="65536" sequenceCoverage="0" branchCoverage="0" crapScore="342" isConstructor="false" isStatic="false" isGetter="false" isSetter="false">
              <Summary numSequencePoints="33" visitedSequencePoints="0" numBranchPoints="33" visitedBranchPoints="0" sequenceCoverage="0" branchCoverage="0" maxCyclomaticComplexity="18" minCyclomaticComplexity="18" maxCrapScore="342" minCrapScore="342" visitedClasses="0" numClasses="0" visitedMethods="0" numMethods="1" />
              <MetadataToken>100663833</MetadataToken>
              <Name>System.Boolean ExMat.Compiler.ExCompiler::ParseDictClusterOrClass(ExMat.Token.TokenType,ExMat.Token.TokenType)</Name>
              <FileRef uid="39" />
              <SequencePoints>
                <SequencePoint vc="0" uspid="12043" ordinal="0" offset="0" sl="3255" sc="9" el="3255" ec="10" bec="0" bev="0" fileid="39" />
                <SequencePoint vc="0" uspid="12044" ordinal="1" offset="1" sl="3256" sc="13" el="3256" ec="48" bec="0" bev="0" fileid="39" />
                <SequencePoint vc="0" uspid="12045" ordinal="2" offset="13" sl="3257" sc="13" el="3257" ec="23" bec="0" bev="0" fileid="39" />
                <SequencePoint vc="0" uspid="12046" ordinal="3" offset="20" sl="3260" sc="13" el="3260" ec="14" bec="0" bev="0" fileid="39" />
                <SequencePoint vc="0" uspid="12047" ordinal="4" offset="21" sl="3261" sc="29" el="3261" ec="46" bec="0" bev="0" fileid="39" />
                <SequencePoint vc="0" uspid="12048" ordinal="5" offset="23" sl="3262" sc="17" el="3263" ec="68" bec="4" bev="0" fileid="39" />
                <SequencePoint vc="0" uspid="12049" ordinal="6" offset="51" sl="3264" sc="17" el="3264" ec="18" bec="0" bev="0" fileid="39" />
                <SequencePoint vc="0" uspid="12050" ordinal="7" offset="52" sl="3265" sc="21" el="3265" ec="34" bec="0" bev="0" fileid="39" />
                <SequencePoint vc="0" uspid="12051" ordinal="8" offset="60" sl="3268" sc="17" el="3268" ec="38" bec="6" bev="0" fileid="39" />
                <SequencePoint vc="0" uspid="12052" ordinal="9" offset="125" sl="3272" sc="25" el="3272" ec="26" bec="0" bev="0" fileid="39" />
                <SequencePoint vc="0" uspid="12053" ordinal="10" offset="126" sl="3273" sc="29" el="3273" ec="51" bec="0" bev="0" fileid="39" />
                <SequencePoint vc="0" uspid="12054" ordinal="11" offset="133" sl="3274" sc="29" el="3274" ec="35" bec="0" bev="0" fileid="39" />
                <SequencePoint vc="0" uspid="12055" ordinal="12" offset="135" sl="3277" sc="25" el="3277" ec="26" bec="0" bev="0" fileid="39" />
                <SequencePoint vc="0" uspid="12056" ordinal="13" offset="136" sl="3278" sc="29" el="3282" ec="48" bec="5" bev="0" fileid="39" />
                <SequencePoint vc="0" uspid="12057" ordinal="14" offset="188" sl="3283" sc="29" el="3283" ec="35" bec="0" bev="0" fileid="39" />
                <SequencePoint vc="0" uspid="12058" ordinal="15" offset="190" sl="3286" sc="25" el="3286" ec="26" bec="0" bev="0" fileid="39" />
                <SequencePoint vc="0" uspid="12059" ordinal="16" offset="191" sl="3287" sc="29" el="3287" ec="59" bec="0" bev="0" fileid="39" />
                <SequencePoint vc="0" uspid="12060" ordinal="17" offset="199" sl="3288" sc="29" el="3288" ec="35" bec="0" bev="0" fileid="39" />
                <SequencePoint vc="0" uspid="12061" ordinal="18" offset="201" sl="3291" sc="25" el="3291" ec="26" bec="0" bev="0" fileid="39" />
                <SequencePoint vc="0" uspid="12062" ordinal="19" offset="202" sl="3292" sc="29" el="3292" ec="66" bec="0" bev="0" fileid="39" />
                <SequencePoint vc="0" uspid="12063" ordinal="20" offset="209" sl="3293" sc="29" el="3293" ec="35" bec="0" bev="0" fileid="39" />
                <SequencePoint vc="0" uspid="12064" ordinal="21" offset="211" sl="3297" sc="17" el="3297" ec="21" bec="0" bev="0" fileid="39" />
                <SequencePoint vc="0" uspid="12065" ordinal="22" offset="215" sl="3299" sc="17" el="3301" ec="60" bec="6" bev="0" fileid="39" />
                <SequencePoint vc="0" uspid="12066" ordinal="23" offset="255" sl="3302" sc="17" el="3302" ec="18" bec="0" bev="0" fileid="39" />
                <SequencePoint vc="0" uspid="12067" ordinal="24" offset="256" sl="3303" sc="21" el="3303" ec="34" bec="0" bev="0" fileid="39" />
                <SequencePoint vc="0" uspid="12068" ordinal="25" offset="261" sl="3305" sc="13" el="3305" ec="14" bec="0" bev="0" fileid="39" />
                <SequencePoint vc="0" uspid="12069" ordinal="26" offset="262" sl="3259" sc="13" el="3259" ec="40" bec="2" bev="0" fileid="39" />
                <SequencePoint vc="0" uspid="12070" ordinal="27" offset="283" sl="3307" sc="13" el="3307" ec="38" bec="2" bev="0" fileid="39" />
                <SequencePoint vc="0" uspid="12071" ordinal="28" offset="297" sl="3308" sc="13" el="3308" ec="14" bec="0" bev="0" fileid="39" />
                <SequencePoint vc="0" uspid="12072" ordinal="29" offset="298" sl="3309" sc="17" el="3309" ec="66" bec="0" bev="0" fileid="39" />
                <SequencePoint vc="0" uspid="12073" ordinal="30" offset="313" sl="3310" sc="13" el="3310" ec="14" bec="0" bev="0" fileid="39" />
                <SequencePoint vc="0" uspid="12074" ordinal="31" offset="314" sl="3312" sc="13" el="3312" ec="38" bec="0" bev="0" fileid="39" />
                <SequencePoint vc="0" uspid="12075" ordinal="32" offset="324" sl="3313" sc="9" el="3313" ec="10" bec="0" bev="0" fileid="39" />
              </SequencePoints>
              <BranchPoints>
                <BranchPoint vc="0" uspid="12076" ordinal="0" offset="29" sl="3262" path="0" offsetend="31" fileid="39" />
                <BranchPoint vc="0" uspid="12077" ordinal="1" offset="29" sl="3262" path="1" offsetend="44" fileid="39" />
                <BranchPoint vc="0" uspid="12078" ordinal="2" offset="49" sl="3262" path="0" offsetend="51" fileid="39" />
                <BranchPoint vc="0" uspid="12079" ordinal="3" offset="49" sl="3262" path="1" offsetend="60" fileid="39" />
                <BranchPoint vc="0" uspid="12080" ordinal="4" offset="88" sl="3268" path="0" offsetchain="90" offsetend="92" fileid="39" />
                <BranchPoint vc="0" uspid="12081" ordinal="5" offset="88" sl="3268" path="1" offsetend="190" fileid="39" />
                <BranchPoint vc="0" uspid="12082" ordinal="6" offset="99" sl="3268" path="0" offsetchain="101" offsetend="201" fileid="39" />
                <BranchPoint vc="0" uspid="12083" ordinal="7" offset="99" sl="3268" path="1" offsetend="125" fileid="39" />
                <BranchPoint vc="0" uspid="12084" ordinal="8" offset="110" sl="3268" path="0" offsetchain="112" offsetend="114" fileid="39" />
                <BranchPoint vc="0" uspid="12085" ordinal="9" offset="110" sl="3268" path="1" offsetend="125" fileid="39" />
                <BranchPoint vc="0" uspid="12086" ordinal="10" offset="121" sl="3268" path="0" offsetchain="123" offsetend="201" fileid="39" />
                <BranchPoint vc="0" uspid="12087" ordinal="11" offset="121" sl="3268" path="1" offsetend="135" fileid="39" />
                <BranchPoint vc="0" uspid="12088" ordinal="12" offset="142" sl="3278" path="0" offsetend="144" fileid="39" />
                <BranchPoint vc="0" uspid="12089" ordinal="13" offset="142" sl="3278" path="1" offsetend="186" fileid="39" />
                <BranchPoint vc="0" uspid="12090" ordinal="14" offset="150" sl="3278" path="0" offsetend="152" fileid="39" />
                <BranchPoint vc="0" uspid="12091" ordinal="15" offset="150" sl="3278" path="1" offsetend="186" fileid="39" />
                <BranchPoint vc="0" uspid="12092" ordinal="16" offset="163" sl="3278" path="0" offsetend="165" fileid="39" />
                <BranchPoint vc="0" uspid="12093" ordinal="17" offset="163" sl="3278" path="1" offsetend="186" fileid="39" />
                <BranchPoint vc="0" uspid="12094" ordinal="18" offset="176" sl="3278" path="0" offsetend="178" fileid="39" />
                <BranchPoint vc="0" uspid="12095" ordinal="19" offset="176" sl="3278" path="1" offsetend="186" fileid="39" />
                <BranchPoint vc="0" uspid="12096" ordinal="20" offset="216" sl="3299" path="0" offsetend="218" fileid="39" />
                <BranchPoint vc="0" uspid="12097" ordinal="21" offset="216" sl="3299" path="1" offsetend="248" fileid="39" />
                <BranchPoint vc="0" uspid="12098" ordinal="22" offset="225" sl="3299" path="0" offsetend="227" fileid="39" />
                <BranchPoint vc="0" uspid="12099" ordinal="23" offset="225" sl="3299" path="1" offsetend="235" fileid="39" />
                <BranchPoint vc="0" uspid="12100" ordinal="24" offset="233" sl="3299" path="0" offsetend="235" fileid="39" />
                <BranchPoint vc="0" uspid="12101" ordinal="25" offset="233" sl="3299" path="1" offsetend="248" fileid="39" />
                <BranchPoint vc="0" uspid="12102" ordinal="26" offset="253" sl="3299" path="0" offsetend="255" fileid="39" />
                <BranchPoint vc="0" uspid="12103" ordinal="27" offset="253" sl="3299" path="1" offsetend="261" fileid="39" />
                <BranchPoint vc="0" uspid="12104" ordinal="28" offset="278" sl="3259" path="0" offsetend="283" fileid="39" />
                <BranchPoint vc="0" uspid="12105" ordinal="29" offset="278" sl="3259" path="1" offsetend="20" fileid="39" />
                <BranchPoint vc="0" uspid="12106" ordinal="30" offset="295" sl="3307" path="0" offsetend="297" fileid="39" />
                <BranchPoint vc="0" uspid="12107" ordinal="31" offset="295" sl="3307" path="1" offsetend="314" fileid="39" />
              </BranchPoints>
              <MethodPoint xsi:type="SequencePoint" vc="0" uspid="12043" ordinal="0" offset="0" sl="3255" sc="9" el="3255" ec="10" bec="0" bev="0" fileid="39" />
            </Method>
            <Method visited="false" cyclomaticComplexity="8" nPathComplexity="64" sequenceCoverage="0" branchCoverage="0" crapScore="72" isConstructor="false" isStatic="false" isGetter="false" isSetter="false">
              <Summary numSequencePoints="34" visitedSequencePoints="0" numBranchPoints="13" visitedBranchPoints="0" sequenceCoverage="0" branchCoverage="0" maxCyclomaticComplexity="8" minCyclomaticComplexity="8" maxCrapScore="72" minCrapScore="72" visitedClasses="0" numClasses="0" visitedMethods="0" numMethods="1" />
              <MetadataToken>100663834</MetadataToken>
              <Name>System.Boolean ExMat.Compiler.ExCompiler::ExFuncCall()</Name>
              <FileRef uid="39" />
              <SequencePoints>
                <SequencePoint vc="0" uspid="12108" ordinal="0" offset="0" sl="3316" sc="9" el="3316" ec="10" bec="0" bev="0" fileid="39" />
                <SequencePoint vc="0" uspid="12109" ordinal="1" offset="1" sl="3317" sc="13" el="3317" ec="27" bec="0" bev="0" fileid="39" />
                <SequencePoint vc="0" uspid="12110" ordinal="2" offset="5" sl="3320" sc="13" el="3320" ec="14" bec="0" bev="0" fileid="39" />
                <SequencePoint vc="0" uspid="12111" ordinal="3" offset="6" sl="3321" sc="17" el="3321" ec="30" bec="2" bev="0" fileid="39" />
                <SequencePoint vc="0" uspid="12112" ordinal="4" offset="19" sl="3322" sc="17" el="3322" ec="18" bec="0" bev="0" fileid="39" />
                <SequencePoint vc="0" uspid="12113" ordinal="5" offset="20" sl="3323" sc="21" el="3323" ec="34" bec="0" bev="0" fileid="39" />
                <SequencePoint vc="0" uspid="12114" ordinal="6" offset="28" sl="3325" sc="17" el="3325" ec="35" bec="0" bev="0" fileid="39" />
                <SequencePoint vc="0" uspid="12115" ordinal="7" offset="35" sl="3326" sc="17" el="3326" ec="25" bec="0" bev="0" fileid="39" />
                <SequencePoint vc="0" uspid="12116" ordinal="8" offset="39" sl="3327" sc="17" el="3327" ec="51" bec="2" bev="0" fileid="39" />
                <SequencePoint vc="0" uspid="12117" ordinal="9" offset="58" sl="3328" sc="17" el="3328" ec="18" bec="0" bev="0" fileid="39" />
                <SequencePoint vc="0" uspid="12118" ordinal="10" offset="59" sl="3329" sc="21" el="3329" ec="44" bec="2" bev="0" fileid="39" />
                <SequencePoint vc="0" uspid="12119" ordinal="11" offset="74" sl="3330" sc="21" el="3330" ec="22" bec="0" bev="0" fileid="39" />
                <SequencePoint vc="0" uspid="12120" ordinal="12" offset="75" sl="3331" sc="25" el="3331" ec="38" bec="0" bev="0" fileid="39" />
                <SequencePoint vc="0" uspid="12121" ordinal="13" offset="83" sl="3333" sc="21" el="3333" ec="62" bec="2" bev="0" fileid="39" />
                <SequencePoint vc="0" uspid="12122" ordinal="14" offset="102" sl="3334" sc="21" el="3334" ec="22" bec="0" bev="0" fileid="39" />
                <SequencePoint vc="0" uspid="12123" ordinal="15" offset="103" sl="3335" sc="25" el="3335" ec="77" bec="0" bev="0" fileid="39" />
                <SequencePoint vc="0" uspid="12124" ordinal="16" offset="115" sl="3336" sc="25" el="3336" ec="38" bec="0" bev="0" fileid="39" />
                <SequencePoint vc="0" uspid="12125" ordinal="17" offset="123" sl="3338" sc="17" el="3338" ec="18" bec="0" bev="0" fileid="39" />
                <SequencePoint vc="0" uspid="12126" ordinal="18" offset="124" sl="3339" sc="13" el="3339" ec="14" bec="0" bev="0" fileid="39" />
                <SequencePoint vc="0" uspid="12127" ordinal="19" offset="125" sl="3319" sc="13" el="3319" ec="57" bec="2" bev="0" fileid="39" />
                <SequencePoint vc="0" uspid="12128" ordinal="20" offset="150" sl="3340" sc="13" el="3340" ec="36" bec="2" bev="0" fileid="39" />
                <SequencePoint vc="0" uspid="12129" ordinal="21" offset="165" sl="3341" sc="13" el="3341" ec="14" bec="0" bev="0" fileid="39" />
                <SequencePoint vc="0" uspid="12130" ordinal="22" offset="166" sl="3342" sc="17" el="3342" ec="30" bec="0" bev="0" fileid="39" />
                <SequencePoint vc="0" uspid="12131" ordinal="23" offset="171" sl="3345" sc="18" el="3345" ec="27" bec="0" bev="0" fileid="39" />
                <SequencePoint vc="0" uspid="12132" ordinal="24" offset="176" sl="3346" sc="13" el="3346" ec="14" bec="0" bev="0" fileid="39" />
                <SequencePoint vc="0" uspid="12133" ordinal="25" offset="177" sl="3347" sc="17" el="3347" ec="43" bec="0" bev="0" fileid="39" />
                <SequencePoint vc="0" uspid="12134" ordinal="26" offset="189" sl="3348" sc="13" el="3348" ec="14" bec="0" bev="0" fileid="39" />
                <SequencePoint vc="0" uspid="12135" ordinal="27" offset="190" sl="3345" sc="46" el="3345" ec="49" bec="0" bev="0" fileid="39" />
                <SequencePoint vc="0" uspid="12136" ordinal="28" offset="196" sl="3345" sc="29" el="3345" ec="44" bec="0" bev="0" fileid="39" />
                <SequencePoint vc="0" uspid="12137" ordinal="29" offset="209" sl="3350" sc="13" el="3350" ec="48" bec="0" bev="0" fileid="39" />
                <SequencePoint vc="0" uspid="12138" ordinal="30" offset="221" sl="3351" sc="13" el="3351" ec="48" bec="0" bev="0" fileid="39" />
                <SequencePoint vc="0" uspid="12139" ordinal="31" offset="233" sl="3353" sc="13" el="3353" ec="101" bec="0" bev="0" fileid="39" />
                <SequencePoint vc="0" uspid="12140" ordinal="32" offset="263" sl="3354" sc="13" el="3354" ec="25" bec="0" bev="0" fileid="39" />
                <SequencePoint vc="0" uspid="12141" ordinal="33" offset="268" sl="3355" sc="9" el="3355" ec="10" bec="0" bev="0" fileid="39" />
              </SequencePoints>
              <BranchPoints>
                <BranchPoint vc="0" uspid="12142" ordinal="0" offset="17" sl="3321" path="0" offsetend="19" fileid="39" />
                <BranchPoint vc="0" uspid="12143" ordinal="1" offset="17" sl="3321" path="1" offsetend="28" fileid="39" />
                <BranchPoint vc="0" uspid="12144" ordinal="2" offset="56" sl="3327" path="0" offsetend="58" fileid="39" />
                <BranchPoint vc="0" uspid="12145" ordinal="3" offset="56" sl="3327" path="1" offsetend="124" fileid="39" />
                <BranchPoint vc="0" uspid="12146" ordinal="4" offset="72" sl="3329" path="0" offsetend="74" fileid="39" />
                <BranchPoint vc="0" uspid="12147" ordinal="5" offset="72" sl="3329" path="1" offsetend="83" fileid="39" />
                <BranchPoint vc="0" uspid="12148" ordinal="6" offset="100" sl="3333" path="0" offsetend="102" fileid="39" />
                <BranchPoint vc="0" uspid="12149" ordinal="7" offset="100" sl="3333" path="1" offsetend="123" fileid="39" />
                <BranchPoint vc="0" uspid="12150" ordinal="8" offset="145" sl="3319" path="0" offsetend="150" fileid="39" />
                <BranchPoint vc="0" uspid="12151" ordinal="9" offset="145" sl="3319" path="1" offsetend="5" fileid="39" />
                <BranchPoint vc="0" uspid="12152" ordinal="10" offset="163" sl="3340" path="0" offsetend="165" fileid="39" />
                <BranchPoint vc="0" uspid="12153" ordinal="11" offset="163" sl="3340" path="1" offsetend="171" fileid="39" />
              </BranchPoints>
              <MethodPoint xsi:type="SequencePoint" vc="0" uspid="12108" ordinal="0" offset="0" sl="3316" sc="9" el="3316" ec="10" bec="0" bev="0" fileid="39" />
            </Method>
            <Method visited="false" cyclomaticComplexity="2" nPathComplexity="2" sequenceCoverage="0" branchCoverage="0" crapScore="6" isConstructor="false" isStatic="false" isGetter="false" isSetter="false">
              <Summary numSequencePoints="8" visitedSequencePoints="0" numBranchPoints="3" visitedBranchPoints="0" sequenceCoverage="0" branchCoverage="0" maxCyclomaticComplexity="2" minCyclomaticComplexity="2" maxCrapScore="6" minCrapScore="6" visitedClasses="0" numClasses="0" visitedMethods="0" numMethods="1" />
              <MetadataToken>100663835</MetadataToken>
              <Name>System.Void ExMat.Compiler.ExCompiler::TargetLocalMove()</Name>
              <FileRef uid="39" />
              <SequencePoints>
                <SequencePoint vc="0" uspid="12154" ordinal="0" offset="0" sl="3358" sc="9" el="3358" ec="10" bec="0" bev="0" fileid="39" />
                <SequencePoint vc="0" uspid="12155" ordinal="1" offset="1" sl="3359" sc="13" el="3359" ec="47" bec="0" bev="0" fileid="39" />
                <SequencePoint vc="0" uspid="12156" ordinal="2" offset="13" sl="3360" sc="13" el="3360" ec="45" bec="2" bev="0" fileid="39" />
                <SequencePoint vc="0" uspid="12157" ordinal="3" offset="29" sl="3361" sc="13" el="3361" ec="14" bec="0" bev="0" fileid="39" />
                <SequencePoint vc="0" uspid="12158" ordinal="4" offset="30" sl="3362" sc="17" el="3362" ec="47" bec="0" bev="0" fileid="39" />
                <SequencePoint vc="0" uspid="12159" ordinal="5" offset="42" sl="3363" sc="17" el="3363" ec="99" bec="0" bev="0" fileid="39" />
                <SequencePoint vc="0" uspid="12160" ordinal="6" offset="72" sl="3364" sc="13" el="3364" ec="14" bec="0" bev="0" fileid="39" />
                <SequencePoint vc="0" uspid="12161" ordinal="7" offset="73" sl="3365" sc="9" el="3365" ec="10" bec="0" bev="0" fileid="39" />
              </SequencePoints>
              <BranchPoints>
                <BranchPoint vc="0" uspid="12162" ordinal="0" offset="27" sl="3360" path="0" offsetend="29" fileid="39" />
                <BranchPoint vc="0" uspid="12163" ordinal="1" offset="27" sl="3360" path="1" offsetend="73" fileid="39" />
              </BranchPoints>
              <MethodPoint xsi:type="SequencePoint" vc="0" uspid="12154" ordinal="0" offset="0" sl="3358" sc="9" el="3358" ec="10" bec="0" bev="0" fileid="39" />
            </Method>
            <Method visited="false" cyclomaticComplexity="2" nPathComplexity="2" sequenceCoverage="0" branchCoverage="0" crapScore="6" isConstructor="false" isStatic="false" isGetter="false" isSetter="false">
              <Summary numSequencePoints="7" visitedSequencePoints="0" numBranchPoints="3" visitedBranchPoints="0" sequenceCoverage="0" branchCoverage="0" maxCyclomaticComplexity="2" minCyclomaticComplexity="2" maxCrapScore="6" minCrapScore="6" visitedClasses="0" numClasses="0" visitedMethods="0" numMethods="1" />
              <MetadataToken>100663836</MetadataToken>
              <Name>ExMat.ExFuncType ExMat.Compiler.ExCompiler::GetFuncTypeFromToken()</Name>
              <FileRef uid="39" />
              <SequencePoints>
                <SequencePoint vc="0" uspid="12164" ordinal="0" offset="0" sl="3368" sc="9" el="3368" ec="10" bec="0" bev="0" fileid="39" />
                <SequencePoint vc="0" uspid="12165" ordinal="1" offset="1" sl="3369" sc="13" el="3369" ec="34" bec="2" bev="0" fileid="39" />
                <SequencePoint vc="0" uspid="12166" ordinal="2" offset="20" sl="3372" sc="21" el="3372" ec="22" bec="0" bev="0" fileid="39" />
                <SequencePoint vc="0" uspid="12167" ordinal="3" offset="21" sl="3373" sc="25" el="3373" ec="50" bec="0" bev="0" fileid="39" />
                <SequencePoint vc="0" uspid="12168" ordinal="4" offset="25" sl="3376" sc="21" el="3376" ec="22" bec="0" bev="0" fileid="39" />
                <SequencePoint vc="0" uspid="12169" ordinal="5" offset="26" sl="3377" sc="25" el="3377" ec="51" bec="0" bev="0" fileid="39" />
                <SequencePoint vc="0" uspid="12170" ordinal="6" offset="30" sl="3380" sc="9" el="3380" ec="10" bec="0" bev="0" fileid="39" />
              </SequencePoints>
              <BranchPoints>
                <BranchPoint vc="0" uspid="12171" ordinal="0" offset="16" sl="3369" path="0" offsetchain="18" offsetend="25" fileid="39" />
                <BranchPoint vc="0" uspid="12172" ordinal="1" offset="16" sl="3369" path="1" offsetend="20" fileid="39" />
              </BranchPoints>
              <MethodPoint xsi:type="SequencePoint" vc="0" uspid="12164" ordinal="0" offset="0" sl="3368" sc="9" el="3368" ec="10" bec="0" bev="0" fileid="39" />
            </Method>
            <Method visited="false" cyclomaticComplexity="6" nPathComplexity="16" sequenceCoverage="0" branchCoverage="0" crapScore="42" isConstructor="false" isStatic="false" isGetter="false" isSetter="false">
              <Summary numSequencePoints="12" visitedSequencePoints="0" numBranchPoints="9" visitedBranchPoints="0" sequenceCoverage="0" branchCoverage="0" maxCyclomaticComplexity="6" minCyclomaticComplexity="6" maxCrapScore="42" minCrapScore="42" visitedClasses="0" numClasses="0" visitedMethods="0" numMethods="1" />
              <MetadataToken>100663837</MetadataToken>
              <Name>System.Boolean ExMat.Compiler.ExCompiler::ExFuncResolveExp(ExMat.Token.TokenType)</Name>
              <FileRef uid="39" />
              <SequencePoints>
                <SequencePoint vc="0" uspid="12173" ordinal="0" offset="0" sl="3383" sc="9" el="3383" ec="10" bec="0" bev="0" fileid="39" />
                <SequencePoint vc="0" uspid="12174" ordinal="1" offset="1" sl="3384" sc="13" el="3384" ec="54" bec="0" bev="0" fileid="39" />
                <SequencePoint vc="0" uspid="12175" ordinal="2" offset="8" sl="3385" sc="13" el="3385" ec="75" bec="4" bev="0" fileid="39" />
                <SequencePoint vc="0" uspid="12176" ordinal="3" offset="37" sl="3386" sc="13" el="3386" ec="14" bec="0" bev="0" fileid="39" />
                <SequencePoint vc="0" uspid="12177" ordinal="4" offset="38" sl="3387" sc="17" el="3387" ec="30" bec="0" bev="0" fileid="39" />
                <SequencePoint vc="0" uspid="12178" ordinal="5" offset="42" sl="3390" sc="13" el="3390" ec="32" bec="0" bev="0" fileid="39" />
                <SequencePoint vc="0" uspid="12179" ordinal="6" offset="48" sl="3391" sc="13" el="3391" ec="40" bec="2" bev="0" fileid="39" />
                <SequencePoint vc="0" uspid="12180" ordinal="7" offset="65" sl="3392" sc="13" el="3392" ec="14" bec="0" bev="0" fileid="39" />
                <SequencePoint vc="0" uspid="12181" ordinal="8" offset="66" sl="3393" sc="17" el="3393" ec="30" bec="0" bev="0" fileid="39" />
                <SequencePoint vc="0" uspid="12182" ordinal="9" offset="70" sl="3396" sc="13" el="3396" ec="162" bec="2" bev="0" fileid="39" />
                <SequencePoint vc="0" uspid="12183" ordinal="10" offset="128" sl="3398" sc="13" el="3398" ec="25" bec="0" bev="0" fileid="39" />
                <SequencePoint vc="0" uspid="12184" ordinal="11" offset="132" sl="3399" sc="9" el="3399" ec="10" bec="0" bev="0" fileid="39" />
              </SequencePoints>
              <BranchPoints>
                <BranchPoint vc="0" uspid="12185" ordinal="0" offset="14" sl="3385" path="0" offsetend="16" fileid="39" />
                <BranchPoint vc="0" uspid="12186" ordinal="1" offset="14" sl="3385" path="1" offsetend="32" fileid="39" />
                <BranchPoint vc="0" uspid="12187" ordinal="2" offset="35" sl="3385" path="0" offsetend="37" fileid="39" />
                <BranchPoint vc="0" uspid="12188" ordinal="3" offset="35" sl="3385" path="1" offsetend="42" fileid="39" />
                <BranchPoint vc="0" uspid="12189" ordinal="4" offset="63" sl="3391" path="0" offsetend="65" fileid="39" />
                <BranchPoint vc="0" uspid="12190" ordinal="5" offset="63" sl="3391" path="1" offsetend="70" fileid="39" />
                <BranchPoint vc="0" uspid="12191" ordinal="6" offset="115" sl="3396" path="0" offsetend="117" fileid="39" />
                <BranchPoint vc="0" uspid="12192" ordinal="7" offset="115" sl="3396" path="1" offsetend="120" fileid="39" />
              </BranchPoints>
              <MethodPoint xsi:type="SequencePoint" vc="0" uspid="12173" ordinal="0" offset="0" sl="3383" sc="9" el="3383" ec="10" bec="0" bev="0" fileid="39" />
            </Method>
            <Method visited="false" cyclomaticComplexity="6" nPathComplexity="32" sequenceCoverage="0" branchCoverage="0" crapScore="42" isConstructor="false" isStatic="false" isGetter="false" isSetter="false">
              <Summary numSequencePoints="23" visitedSequencePoints="0" numBranchPoints="11" visitedBranchPoints="0" sequenceCoverage="0" branchCoverage="0" maxCyclomaticComplexity="6" minCyclomaticComplexity="6" maxCrapScore="42" minCrapScore="42" visitedClasses="0" numClasses="0" visitedMethods="0" numMethods="1" />
              <MetadataToken>100663838</MetadataToken>
              <Name>System.Boolean ExMat.Compiler.ExCompiler::ExClassResolveExp()</Name>
              <FileRef uid="39" />
              <SequencePoints>
                <SequencePoint vc="0" uspid="12193" ordinal="0" offset="0" sl="3401" sc="9" el="3401" ec="10" bec="0" bev="0" fileid="39" />
                <SequencePoint vc="0" uspid="12194" ordinal="1" offset="1" sl="3402" sc="13" el="3402" ec="44" bec="0" bev="0" fileid="39" />
                <SequencePoint vc="0" uspid="12195" ordinal="2" offset="7" sl="3404" sc="13" el="3404" ec="58" bec="2" bev="0" fileid="39" />
                <SequencePoint vc="0" uspid="12196" ordinal="3" offset="24" sl="3405" sc="13" el="3405" ec="14" bec="0" bev="0" fileid="39" />
                <SequencePoint vc="0" uspid="12197" ordinal="4" offset="25" sl="3406" sc="17" el="3406" ec="40" bec="2" bev="0" fileid="39" />
                <SequencePoint vc="0" uspid="12198" ordinal="5" offset="38" sl="3407" sc="17" el="3407" ec="18" bec="0" bev="0" fileid="39" />
                <SequencePoint vc="0" uspid="12199" ordinal="6" offset="39" sl="3408" sc="21" el="3408" ec="34" bec="0" bev="0" fileid="39" />
                <SequencePoint vc="0" uspid="12200" ordinal="7" offset="46" sl="3410" sc="17" el="3410" ec="128" bec="0" bev="0" fileid="39" />
                <SequencePoint vc="0" uspid="12201" ordinal="8" offset="76" sl="3412" sc="17" el="3412" ec="88" bec="2" bev="0" fileid="39" />
                <SequencePoint vc="0" uspid="12202" ordinal="9" offset="101" sl="3413" sc="17" el="3413" ec="18" bec="0" bev="0" fileid="39" />
                <SequencePoint vc="0" uspid="12203" ordinal="10" offset="102" sl="3414" sc="21" el="3414" ec="34" bec="0" bev="0" fileid="39" />
                <SequencePoint vc="0" uspid="12204" ordinal="11" offset="106" sl="3417" sc="17" el="3417" ec="48" bec="0" bev="0" fileid="39" />
                <SequencePoint vc="0" uspid="12205" ordinal="12" offset="118" sl="3418" sc="13" el="3418" ec="14" bec="0" bev="0" fileid="39" />
                <SequencePoint vc="0" uspid="12206" ordinal="13" offset="119" sl="3420" sc="13" el="3420" ec="53" bec="2" bev="0" fileid="39" />
                <SequencePoint vc="0" uspid="12207" ordinal="14" offset="139" sl="3421" sc="13" el="3421" ec="14" bec="0" bev="0" fileid="39" />
                <SequencePoint vc="0" uspid="12208" ordinal="15" offset="140" sl="3422" sc="17" el="3422" ec="30" bec="0" bev="0" fileid="39" />
                <SequencePoint vc="0" uspid="12209" ordinal="16" offset="144" sl="3425" sc="13" el="3425" ec="45" bec="2" bev="0" fileid="39" />
                <SequencePoint vc="0" uspid="12210" ordinal="17" offset="161" sl="3426" sc="13" el="3426" ec="14" bec="0" bev="0" fileid="39" />
                <SequencePoint vc="0" uspid="12211" ordinal="18" offset="162" sl="3427" sc="17" el="3427" ec="43" bec="0" bev="0" fileid="39" />
                <SequencePoint vc="0" uspid="12212" ordinal="19" offset="174" sl="3428" sc="13" el="3428" ec="14" bec="0" bev="0" fileid="39" />
                <SequencePoint vc="0" uspid="12213" ordinal="20" offset="175" sl="3430" sc="13" el="3430" ec="127" bec="0" bev="0" fileid="39" />
                <SequencePoint vc="0" uspid="12214" ordinal="21" offset="205" sl="3432" sc="13" el="3432" ec="81" bec="0" bev="0" fileid="39" />
                <SequencePoint vc="0" uspid="12215" ordinal="22" offset="224" sl="3433" sc="9" el="3433" ec="10" bec="0" bev="0" fileid="39" />
              </SequencePoints>
              <BranchPoints>
                <BranchPoint vc="0" uspid="12216" ordinal="0" offset="22" sl="3404" path="0" offsetend="24" fileid="39" />
                <BranchPoint vc="0" uspid="12217" ordinal="1" offset="22" sl="3404" path="1" offsetend="119" fileid="39" />
                <BranchPoint vc="0" uspid="12218" ordinal="2" offset="36" sl="3406" path="0" offsetend="38" fileid="39" />
                <BranchPoint vc="0" uspid="12219" ordinal="3" offset="36" sl="3406" path="1" offsetend="46" fileid="39" />
                <BranchPoint vc="0" uspid="12220" ordinal="4" offset="99" sl="3412" path="0" offsetend="101" fileid="39" />
                <BranchPoint vc="0" uspid="12221" ordinal="5" offset="99" sl="3412" path="1" offsetend="106" fileid="39" />
                <BranchPoint vc="0" uspid="12222" ordinal="6" offset="137" sl="3420" path="0" offsetend="139" fileid="39" />
                <BranchPoint vc="0" uspid="12223" ordinal="7" offset="137" sl="3420" path="1" offsetend="144" fileid="39" />
                <BranchPoint vc="0" uspid="12224" ordinal="8" offset="159" sl="3425" path="0" offsetend="161" fileid="39" />
                <BranchPoint vc="0" uspid="12225" ordinal="9" offset="159" sl="3425" path="1" offsetend="175" fileid="39" />
              </BranchPoints>
              <MethodPoint xsi:type="SequencePoint" vc="0" uspid="12193" ordinal="0" offset="0" sl="3401" sc="9" el="3401" ec="10" bec="0" bev="0" fileid="39" />
            </Method>
            <Method visited="false" cyclomaticComplexity="5" nPathComplexity="16" sequenceCoverage="0" branchCoverage="0" crapScore="30" isConstructor="false" isStatic="false" isGetter="false" isSetter="false">
              <Summary numSequencePoints="17" visitedSequencePoints="0" numBranchPoints="9" visitedBranchPoints="0" sequenceCoverage="0" branchCoverage="0" maxCyclomaticComplexity="5" minCyclomaticComplexity="5" maxCrapScore="30" minCrapScore="30" visitedClasses="0" numClasses="0" visitedMethods="0" numMethods="1" />
              <MetadataToken>100663839</MetadataToken>
              <Name>System.Boolean ExMat.Compiler.ExCompiler::FuncDoVargsCheck(System.Int32,ExMat.States.ExFState,System.Boolean&amp;)</Name>
              <FileRef uid="39" />
              <SequencePoints>
                <SequencePoint vc="0" uspid="12226" ordinal="0" offset="0" sl="3436" sc="9" el="3436" ec="10" bec="0" bev="0" fileid="39" />
                <SequencePoint vc="0" uspid="12227" ordinal="1" offset="1" sl="3437" sc="13" el="3437" ec="49" bec="2" bev="0" fileid="39" />
                <SequencePoint vc="0" uspid="12228" ordinal="2" offset="18" sl="3438" sc="13" el="3438" ec="14" bec="0" bev="0" fileid="39" />
                <SequencePoint vc="0" uspid="12229" ordinal="3" offset="19" sl="3439" sc="17" el="3439" ec="35" bec="2" bev="0" fileid="39" />
                <SequencePoint vc="0" uspid="12230" ordinal="4" offset="27" sl="3440" sc="17" el="3440" ec="18" bec="0" bev="0" fileid="39" />
                <SequencePoint vc="0" uspid="12231" ordinal="5" offset="28" sl="3441" sc="21" el="3441" ec="101" bec="0" bev="0" fileid="39" />
                <SequencePoint vc="0" uspid="12232" ordinal="6" offset="42" sl="3445" sc="17" el="3445" ec="79" bec="0" bev="0" fileid="39" />
                <SequencePoint vc="0" uspid="12233" ordinal="7" offset="65" sl="3446" sc="17" el="3446" ec="41" bec="0" bev="0" fileid="39" />
                <SequencePoint vc="0" uspid="12234" ordinal="8" offset="72" sl="3448" sc="17" el="3448" ec="40" bec="2" bev="0" fileid="39" />
                <SequencePoint vc="0" uspid="12235" ordinal="9" offset="85" sl="3449" sc="17" el="3449" ec="18" bec="0" bev="0" fileid="39" />
                <SequencePoint vc="0" uspid="12236" ordinal="10" offset="86" sl="3450" sc="21" el="3450" ec="34" bec="0" bev="0" fileid="39" />
                <SequencePoint vc="0" uspid="12237" ordinal="11" offset="90" sl="3453" sc="17" el="3453" ec="58" bec="2" bev="0" fileid="39" />
                <SequencePoint vc="0" uspid="12238" ordinal="12" offset="112" sl="3454" sc="17" el="3454" ec="18" bec="0" bev="0" fileid="39" />
                <SequencePoint vc="0" uspid="12239" ordinal="13" offset="113" sl="3455" sc="21" el="3455" ec="80" bec="0" bev="0" fileid="39" />
                <SequencePoint vc="0" uspid="12240" ordinal="14" offset="127" sl="3458" sc="17" el="3458" ec="36" bec="0" bev="0" fileid="39" />
                <SequencePoint vc="0" uspid="12241" ordinal="15" offset="138" sl="3460" sc="13" el="3460" ec="25" bec="0" bev="0" fileid="39" />
                <SequencePoint vc="0" uspid="12242" ordinal="16" offset="142" sl="3461" sc="9" el="3461" ec="10" bec="0" bev="0" fileid="39" />
              </SequencePoints>
              <BranchPoints>
                <BranchPoint vc="0" uspid="12243" ordinal="0" offset="16" sl="3437" path="0" offsetend="18" fileid="39" />
                <BranchPoint vc="0" uspid="12244" ordinal="1" offset="16" sl="3437" path="1" offsetend="138" fileid="39" />
                <BranchPoint vc="0" uspid="12245" ordinal="2" offset="25" sl="3439" path="0" offsetend="27" fileid="39" />
                <BranchPoint vc="0" uspid="12246" ordinal="3" offset="25" sl="3439" path="1" offsetend="42" fileid="39" />
                <BranchPoint vc="0" uspid="12247" ordinal="4" offset="83" sl="3448" path="0" offsetend="85" fileid="39" />
                <BranchPoint vc="0" uspid="12248" ordinal="5" offset="83" sl="3448" path="1" offsetend="90" fileid="39" />
                <BranchPoint vc="0" uspid="12249" ordinal="6" offset="110" sl="3453" path="0" offsetend="112" fileid="39" />
                <BranchPoint vc="0" uspid="12250" ordinal="7" offset="110" sl="3453" path="1" offsetend="127" fileid="39" />
              </BranchPoints>
              <MethodPoint xsi:type="SequencePoint" vc="0" uspid="12226" ordinal="0" offset="0" sl="3436" sc="9" el="3436" ec="10" bec="0" bev="0" fileid="39" />
            </Method>
            <Method visited="false" cyclomaticComplexity="5" nPathComplexity="16" sequenceCoverage="0" branchCoverage="0" crapScore="30" isConstructor="false" isStatic="false" isGetter="false" isSetter="false">
              <Summary numSequencePoints="16" visitedSequencePoints="0" numBranchPoints="9" visitedBranchPoints="0" sequenceCoverage="0" branchCoverage="0" maxCyclomaticComplexity="5" minCyclomaticComplexity="5" maxCrapScore="30" minCrapScore="30" visitedClasses="0" numClasses="0" visitedMethods="0" numMethods="1" />
              <MetadataToken>100663840</MetadataToken>
              <Name>System.Boolean ExMat.Compiler.ExCompiler::FuncDoParamAddCheck(System.Int32&amp;,ExMat.States.ExFState)</Name>
              <FileRef uid="39" />
              <SequencePoints>
                <SequencePoint vc="0" uspid="12251" ordinal="0" offset="0" sl="3464" sc="9" el="3464" ec="10" bec="0" bev="0" fileid="39" />
                <SequencePoint vc="0" uspid="12252" ordinal="1" offset="1" sl="3465" sc="13" el="3465" ec="47" bec="2" bev="0" fileid="39" />
                <SequencePoint vc="0" uspid="12253" ordinal="2" offset="18" sl="3466" sc="13" el="3466" ec="14" bec="0" bev="0" fileid="39" />
                <SequencePoint vc="0" uspid="12254" ordinal="3" offset="19" sl="3467" sc="17" el="3467" ec="52" bec="4" bev="0" fileid="39" />
                <SequencePoint vc="0" uspid="12255" ordinal="4" offset="43" sl="3468" sc="17" el="3468" ec="18" bec="0" bev="0" fileid="39" />
                <SequencePoint vc="0" uspid="12256" ordinal="5" offset="44" sl="3469" sc="21" el="3469" ec="34" bec="0" bev="0" fileid="39" />
                <SequencePoint vc="0" uspid="12257" ordinal="6" offset="48" sl="3472" sc="17" el="3472" ec="64" bec="0" bev="0" fileid="39" />
                <SequencePoint vc="0" uspid="12258" ordinal="7" offset="66" sl="3473" sc="17" el="3473" ec="29" bec="0" bev="0" fileid="39" />
                <SequencePoint vc="0" uspid="12259" ordinal="8" offset="72" sl="3474" sc="13" el="3474" ec="14" bec="0" bev="0" fileid="39" />
                <SequencePoint vc="0" uspid="12260" ordinal="9" offset="75" sl="3476" sc="13" el="3476" ec="14" bec="0" bev="0" fileid="39" />
                <SequencePoint vc="0" uspid="12261" ordinal="10" offset="76" sl="3477" sc="17" el="3477" ec="35" bec="2" bev="0" fileid="39" />
                <SequencePoint vc="0" uspid="12262" ordinal="11" offset="85" sl="3478" sc="17" el="3478" ec="18" bec="0" bev="0" fileid="39" />
                <SequencePoint vc="0" uspid="12263" ordinal="12" offset="86" sl="3479" sc="21" el="3479" ec="82" bec="0" bev="0" fileid="39" />
                <SequencePoint vc="0" uspid="12264" ordinal="13" offset="100" sl="3481" sc="13" el="3481" ec="14" bec="0" bev="0" fileid="39" />
                <SequencePoint vc="0" uspid="12265" ordinal="14" offset="101" sl="3482" sc="13" el="3482" ec="25" bec="0" bev="0" fileid="39" />
                <SequencePoint vc="0" uspid="12266" ordinal="15" offset="105" sl="3483" sc="9" el="3483" ec="10" bec="0" bev="0" fileid="39" />
              </SequencePoints>
              <BranchPoints>
                <BranchPoint vc="0" uspid="12267" ordinal="0" offset="16" sl="3465" path="0" offsetend="18" fileid="39" />
                <BranchPoint vc="0" uspid="12268" ordinal="1" offset="16" sl="3465" path="1" offsetend="75" fileid="39" />
                <BranchPoint vc="0" uspid="12269" ordinal="2" offset="25" sl="3467" path="0" offsetend="27" fileid="39" />
                <BranchPoint vc="0" uspid="12270" ordinal="3" offset="25" sl="3467" path="1" offsetend="38" fileid="39" />
                <BranchPoint vc="0" uspid="12271" ordinal="4" offset="41" sl="3467" path="0" offsetend="43" fileid="39" />
                <BranchPoint vc="0" uspid="12272" ordinal="5" offset="41" sl="3467" path="1" offsetend="48" fileid="39" />
                <BranchPoint vc="0" uspid="12273" ordinal="6" offset="83" sl="3477" path="0" offsetend="85" fileid="39" />
                <BranchPoint vc="0" uspid="12274" ordinal="7" offset="83" sl="3477" path="1" offsetend="100" fileid="39" />
              </BranchPoints>
              <MethodPoint xsi:type="SequencePoint" vc="0" uspid="12251" ordinal="0" offset="0" sl="3464" sc="9" el="3464" ec="10" bec="0" bev="0" fileid="39" />
            </Method>
            <Method visited="false" cyclomaticComplexity="7" nPathComplexity="64" sequenceCoverage="0" branchCoverage="0" crapScore="56" isConstructor="false" isStatic="false" isGetter="false" isSetter="false">
              <Summary numSequencePoints="23" visitedSequencePoints="0" numBranchPoints="13" visitedBranchPoints="0" sequenceCoverage="0" branchCoverage="0" maxCyclomaticComplexity="7" minCyclomaticComplexity="7" maxCrapScore="56" minCrapScore="56" visitedClasses="0" numClasses="0" visitedMethods="0" numMethods="1" />
              <MetadataToken>100663841</MetadataToken>
              <Name>System.Boolean ExMat.Compiler.ExCompiler::FuncCreateInit(System.Int32&amp;,ExMat.States.ExFState,System.Boolean&amp;)</Name>
              <FileRef uid="39" />
              <SequencePoints>
                <SequencePoint vc="0" uspid="12275" ordinal="0" offset="0" sl="3486" sc="9" el="3486" ec="10" bec="0" bev="0" fileid="39" />
                <SequencePoint vc="0" uspid="12276" ordinal="1" offset="1" sl="3487" sc="13" el="3487" ec="26" bec="0" bev="0" fileid="39" />
                <SequencePoint vc="0" uspid="12277" ordinal="2" offset="4" sl="3490" sc="13" el="3490" ec="65" bec="2" bev="0" fileid="39" />
                <SequencePoint vc="0" uspid="12278" ordinal="3" offset="21" sl="3491" sc="13" el="3491" ec="14" bec="0" bev="0" fileid="39" />
                <SequencePoint vc="0" uspid="12279" ordinal="4" offset="22" sl="3492" sc="17" el="3492" ec="30" bec="0" bev="0" fileid="39" />
                <SequencePoint vc="0" uspid="12280" ordinal="5" offset="29" sl="3495" sc="13" el="3495" ec="22" bec="2" bev="0" fileid="39" />
                <SequencePoint vc="0" uspid="12281" ordinal="6" offset="35" sl="3496" sc="13" el="3496" ec="14" bec="0" bev="0" fileid="39" />
                <SequencePoint vc="0" uspid="12282" ordinal="7" offset="36" sl="3497" sc="17" el="3497" ec="29" bec="0" bev="0" fileid="39" />
                <SequencePoint vc="0" uspid="12283" ordinal="8" offset="40" sl="3500" sc="13" el="3500" ec="64" bec="2" bev="0" fileid="39" />
                <SequencePoint vc="0" uspid="12284" ordinal="9" offset="62" sl="3501" sc="13" el="3501" ec="14" bec="0" bev="0" fileid="39" />
                <SequencePoint vc="0" uspid="12285" ordinal="10" offset="63" sl="3502" sc="17" el="3502" ec="30" bec="0" bev="0" fileid="39" />
                <SequencePoint vc="0" uspid="12286" ordinal="11" offset="67" sl="3505" sc="13" el="3505" ec="37" bec="0" bev="0" fileid="39" />
                <SequencePoint vc="0" uspid="12287" ordinal="12" offset="75" sl="3507" sc="13" el="3507" ec="62" bec="2" bev="0" fileid="39" />
                <SequencePoint vc="0" uspid="12288" ordinal="13" offset="92" sl="3508" sc="13" el="3508" ec="14" bec="0" bev="0" fileid="39" />
                <SequencePoint vc="0" uspid="12289" ordinal="14" offset="93" sl="3509" sc="17" el="3509" ec="30" bec="0" bev="0" fileid="39" />
                <SequencePoint vc="0" uspid="12290" ordinal="15" offset="97" sl="3512" sc="13" el="3512" ec="47" bec="2" bev="0" fileid="39" />
                <SequencePoint vc="0" uspid="12291" ordinal="16" offset="116" sl="3513" sc="13" el="3513" ec="14" bec="0" bev="0" fileid="39" />
                <SequencePoint vc="0" uspid="12292" ordinal="17" offset="117" sl="3514" sc="17" el="3514" ec="42" bec="0" bev="0" fileid="39" />
                <SequencePoint vc="0" uspid="12293" ordinal="18" offset="126" sl="3516" sc="18" el="3516" ec="59" bec="2" bev="0" fileid="39" />
                <SequencePoint vc="0" uspid="12294" ordinal="19" offset="148" sl="3517" sc="13" el="3517" ec="14" bec="0" bev="0" fileid="39" />
                <SequencePoint vc="0" uspid="12295" ordinal="20" offset="149" sl="3518" sc="17" el="3518" ec="90" bec="0" bev="0" fileid="39" />
                <SequencePoint vc="0" uspid="12296" ordinal="21" offset="163" sl="3521" sc="13" el="3521" ec="25" bec="0" bev="0" fileid="39" />
                <SequencePoint vc="0" uspid="12297" ordinal="22" offset="167" sl="3522" sc="9" el="3522" ec="10" bec="0" bev="0" fileid="39" />
              </SequencePoints>
              <BranchPoints>
                <BranchPoint vc="0" uspid="12298" ordinal="0" offset="19" sl="3490" path="0" offsetend="21" fileid="39" />
                <BranchPoint vc="0" uspid="12299" ordinal="1" offset="19" sl="3490" path="1" offsetend="29" fileid="39" />
                <BranchPoint vc="0" uspid="12300" ordinal="2" offset="33" sl="3495" path="0" offsetend="35" fileid="39" />
                <BranchPoint vc="0" uspid="12301" ordinal="3" offset="33" sl="3495" path="1" offsetend="40" fileid="39" />
                <BranchPoint vc="0" uspid="12302" ordinal="4" offset="60" sl="3500" path="0" offsetend="62" fileid="39" />
                <BranchPoint vc="0" uspid="12303" ordinal="5" offset="60" sl="3500" path="1" offsetend="67" fileid="39" />
                <BranchPoint vc="0" uspid="12304" ordinal="6" offset="90" sl="3507" path="0" offsetend="92" fileid="39" />
                <BranchPoint vc="0" uspid="12305" ordinal="7" offset="90" sl="3507" path="1" offsetend="97" fileid="39" />
                <BranchPoint vc="0" uspid="12306" ordinal="8" offset="114" sl="3512" path="0" offsetend="116" fileid="39" />
                <BranchPoint vc="0" uspid="12307" ordinal="9" offset="114" sl="3512" path="1" offsetend="126" fileid="39" />
                <BranchPoint vc="0" uspid="12308" ordinal="10" offset="146" sl="3516" path="0" offsetend="148" fileid="39" />
                <BranchPoint vc="0" uspid="12309" ordinal="11" offset="146" sl="3516" path="1" offsetend="163" fileid="39" />
              </BranchPoints>
              <MethodPoint xsi:type="SequencePoint" vc="0" uspid="12275" ordinal="0" offset="0" sl="3486" sc="9" el="3486" ec="10" bec="0" bev="0" fileid="39" />
            </Method>
            <Method visited="false" cyclomaticComplexity="7" nPathComplexity="16" sequenceCoverage="0" branchCoverage="0" crapScore="56" isConstructor="false" isStatic="false" isGetter="false" isSetter="false">
              <Summary numSequencePoints="18" visitedSequencePoints="0" numBranchPoints="9" visitedBranchPoints="0" sequenceCoverage="0" branchCoverage="0" maxCyclomaticComplexity="7" minCyclomaticComplexity="7" maxCrapScore="56" minCrapScore="56" visitedClasses="0" numClasses="0" visitedMethods="0" numMethods="1" />
              <MetadataToken>100663842</MetadataToken>
              <Name>System.Boolean ExMat.Compiler.ExCompiler::FuncCreateProcessBody(ExMat.ExFuncType,ExMat.States.ExFState)</Name>
              <FileRef uid="39" />
              <SequencePoints>
                <SequencePoint vc="0" uspid="12310" ordinal="0" offset="0" sl="3525" sc="9" el="3525" ec="10" bec="0" bev="0" fileid="39" />
                <SequencePoint vc="0" uspid="12311" ordinal="1" offset="1" sl="3526" sc="13" el="3526" ec="25" bec="4" bev="0" fileid="39" />
                <SequencePoint vc="0" uspid="12312" ordinal="2" offset="25" sl="3529" sc="21" el="3529" ec="52" bec="0" bev="0" fileid="39" />
                <SequencePoint vc="0" uspid="12313" ordinal="3" offset="35" sl="3531" sc="21" el="3531" ec="22" bec="0" bev="0" fileid="39" />
                <SequencePoint vc="0" uspid="12314" ordinal="4" offset="36" sl="3532" sc="25" el="3532" ec="38" bec="2" bev="0" fileid="39" />
                <SequencePoint vc="0" uspid="12315" ordinal="5" offset="49" sl="3533" sc="25" el="3533" ec="26" bec="0" bev="0" fileid="39" />
                <SequencePoint vc="0" uspid="12316" ordinal="6" offset="50" sl="3534" sc="29" el="3534" ec="42" bec="0" bev="0" fileid="39" />
                <SequencePoint vc="0" uspid="12317" ordinal="7" offset="54" sl="3536" sc="25" el="3536" ec="102" bec="0" bev="0" fileid="39" />
                <SequencePoint vc="0" uspid="12318" ordinal="8" offset="78" sl="3537" sc="25" el="3537" ec="37" bec="0" bev="0" fileid="39" />
                <SequencePoint vc="0" uspid="12319" ordinal="9" offset="82" sl="3540" sc="21" el="3540" ec="22" bec="0" bev="0" fileid="39" />
                <SequencePoint vc="0" uspid="12320" ordinal="10" offset="83" sl="3541" sc="25" el="3541" ec="63" bec="0" bev="0" fileid="39" />
                <SequencePoint vc="0" uspid="12321" ordinal="11" offset="92" sl="3542" sc="25" el="3542" ec="37" bec="2" bev="0" fileid="39" />
                <SequencePoint vc="0" uspid="12322" ordinal="12" offset="103" sl="3543" sc="25" el="3543" ec="26" bec="0" bev="0" fileid="39" />
                <SequencePoint vc="0" uspid="12323" ordinal="13" offset="104" sl="3544" sc="29" el="3544" ec="42" bec="0" bev="0" fileid="39" />
                <SequencePoint vc="0" uspid="12324" ordinal="14" offset="108" sl="3546" sc="25" el="3546" ec="78" bec="0" bev="0" fileid="39" />
                <SequencePoint vc="0" uspid="12325" ordinal="15" offset="122" sl="3547" sc="25" el="3547" ec="37" bec="0" bev="0" fileid="39" />
                <SequencePoint vc="0" uspid="12326" ordinal="16" offset="126" sl="3550" sc="21" el="3550" ec="34" bec="0" bev="0" fileid="39" />
                <SequencePoint vc="0" uspid="12327" ordinal="17" offset="130" sl="3552" sc="9" el="3552" ec="10" bec="0" bev="0" fileid="39" />
              </SequencePoints>
              <BranchPoints>
                <BranchPoint vc="0" uspid="12328" ordinal="0" offset="6" sl="3526" path="0" offsetchain="23" offsetend="126" fileid="39" />
                <BranchPoint vc="0" uspid="12329" ordinal="1" offset="6" sl="3526" path="1" offsetend="25" fileid="39" />
                <BranchPoint vc="0" uspid="12330" ordinal="2" offset="6" sl="3526" path="2" offsetend="35" fileid="39" />
                <BranchPoint vc="0" uspid="12331" ordinal="3" offset="6" sl="3526" path="3" offsetend="82" fileid="39" />
                <BranchPoint vc="0" uspid="12332" ordinal="4" offset="47" sl="3532" path="0" offsetend="49" fileid="39" />
                <BranchPoint vc="0" uspid="12333" ordinal="5" offset="47" sl="3532" path="1" offsetend="54" fileid="39" />
                <BranchPoint vc="0" uspid="12334" ordinal="6" offset="101" sl="3542" path="0" offsetend="103" fileid="39" />
                <BranchPoint vc="0" uspid="12335" ordinal="7" offset="101" sl="3542" path="1" offsetend="108" fileid="39" />
              </BranchPoints>
              <MethodPoint xsi:type="SequencePoint" vc="0" uspid="12310" ordinal="0" offset="0" sl="3525" sc="9" el="3525" ec="10" bec="0" bev="0" fileid="39" />
            </Method>
            <Method visited="false" cyclomaticComplexity="9" nPathComplexity="32" sequenceCoverage="0" branchCoverage="0" crapScore="90" isConstructor="false" isStatic="false" isGetter="false" isSetter="false">
              <Summary numSequencePoints="38" visitedSequencePoints="0" numBranchPoints="11" visitedBranchPoints="0" sequenceCoverage="0" branchCoverage="0" maxCyclomaticComplexity="9" minCyclomaticComplexity="9" maxCrapScore="90" minCrapScore="90" visitedClasses="0" numClasses="0" visitedMethods="0" numMethods="1" />
              <MetadataToken>100663843</MetadataToken>
              <Name>System.Boolean ExMat.Compiler.ExCompiler::ExFuncCreate(ExMat.Objects.ExObject,ExMat.ExFuncType)</Name>
              <FileRef uid="39" />
              <SequencePoints>
                <SequencePoint vc="0" uspid="12336" ordinal="0" offset="0" sl="3556" sc="9" el="3556" ec="10" bec="0" bev="0" fileid="39" />
                <SequencePoint vc="0" uspid="12337" ordinal="1" offset="1" sl="3558" sc="13" el="3558" ec="77" bec="0" bev="0" fileid="39" />
                <SequencePoint vc="0" uspid="12338" ordinal="2" offset="24" sl="3559" sc="13" el="3559" ec="30" bec="0" bev="0" fileid="39" />
                <SequencePoint vc="0" uspid="12339" ordinal="3" offset="31" sl="3562" sc="13" el="3562" ec="74" bec="0" bev="0" fileid="39" />
                <SequencePoint vc="0" uspid="12340" ordinal="4" offset="54" sl="3563" sc="13" el="3563" ec="42" bec="0" bev="0" fileid="39" />
                <SequencePoint vc="0" uspid="12341" ordinal="5" offset="71" sl="3565" sc="13" el="3565" ec="31" bec="0" bev="0" fileid="39" />
                <SequencePoint vc="0" uspid="12342" ordinal="6" offset="75" sl="3568" sc="13" el="3568" ec="14" bec="0" bev="0" fileid="39" />
                <SequencePoint vc="0" uspid="12343" ordinal="7" offset="76" sl="3569" sc="17" el="3569" ec="76" bec="2" bev="0" fileid="39" />
                <SequencePoint vc="0" uspid="12344" ordinal="8" offset="96" sl="3570" sc="17" el="3570" ec="18" bec="0" bev="0" fileid="39" />
                <SequencePoint vc="0" uspid="12345" ordinal="9" offset="97" sl="3571" sc="21" el="3571" ec="34" bec="0" bev="0" fileid="39" />
                <SequencePoint vc="0" uspid="12346" ordinal="10" offset="105" sl="3574" sc="17" el="3574" ec="26" bec="2" bev="0" fileid="39" />
                <SequencePoint vc="0" uspid="12347" ordinal="11" offset="113" sl="3575" sc="17" el="3575" ec="18" bec="0" bev="0" fileid="39" />
                <SequencePoint vc="0" uspid="12348" ordinal="12" offset="114" sl="3576" sc="21" el="3576" ec="27" bec="0" bev="0" fileid="39" />
                <SequencePoint vc="0" uspid="12349" ordinal="13" offset="116" sl="3578" sc="13" el="3578" ec="14" bec="0" bev="0" fileid="39" />
                <SequencePoint vc="0" uspid="12350" ordinal="14" offset="117" sl="3567" sc="13" el="3567" ec="57" bec="0" bev="0" fileid="39" />
                <SequencePoint vc="0" uspid="12351" ordinal="15" offset="139" sl="3580" sc="13" el="3580" ec="54" bec="2" bev="0" fileid="39" />
                <SequencePoint vc="0" uspid="12352" ordinal="16" offset="159" sl="3581" sc="13" el="3581" ec="14" bec="0" bev="0" fileid="39" />
                <SequencePoint vc="0" uspid="12353" ordinal="17" offset="160" sl="3582" sc="17" el="3582" ec="30" bec="0" bev="0" fileid="39" />
                <SequencePoint vc="0" uspid="12354" ordinal="18" offset="168" sl="3585" sc="18" el="3585" ec="27" bec="0" bev="0" fileid="39" />
                <SequencePoint vc="0" uspid="12355" ordinal="19" offset="173" sl="3586" sc="13" el="3586" ec="14" bec="0" bev="0" fileid="39" />
                <SequencePoint vc="0" uspid="12356" ordinal="20" offset="174" sl="3587" sc="17" el="3587" ec="43" bec="0" bev="0" fileid="39" />
                <SequencePoint vc="0" uspid="12357" ordinal="21" offset="186" sl="3588" sc="13" el="3588" ec="14" bec="0" bev="0" fileid="39" />
                <SequencePoint vc="0" uspid="12358" ordinal="22" offset="187" sl="3585" sc="44" el="3585" ec="47" bec="0" bev="0" fileid="39" />
                <SequencePoint vc="0" uspid="12359" ordinal="23" offset="193" sl="3585" sc="29" el="3585" ec="42" bec="0" bev="0" fileid="39" />
                <SequencePoint vc="0" uspid="12360" ordinal="24" offset="204" sl="3590" sc="13" el="3590" ec="49" bec="0" bev="0" fileid="39" />
                <SequencePoint vc="0" uspid="12361" ordinal="25" offset="216" sl="3591" sc="13" el="3591" ec="37" bec="0" bev="0" fileid="39" />
                <SequencePoint vc="0" uspid="12362" ordinal="26" offset="223" sl="3593" sc="13" el="3593" ec="54" bec="2" bev="0" fileid="39" />
                <SequencePoint vc="0" uspid="12363" ordinal="27" offset="240" sl="3594" sc="13" el="3594" ec="14" bec="0" bev="0" fileid="39" />
                <SequencePoint vc="0" uspid="12364" ordinal="28" offset="241" sl="3595" sc="17" el="3595" ec="30" bec="0" bev="0" fileid="39" />
                <SequencePoint vc="0" uspid="12365" ordinal="29" offset="249" sl="3598" sc="13" el="3598" ec="135" bec="2" bev="0" fileid="39" />
                <SequencePoint vc="0" uspid="12366" ordinal="30" offset="305" sl="3600" sc="13" el="3600" ec="86" bec="0" bev="0" fileid="39" />
                <SequencePoint vc="0" uspid="12367" ordinal="31" offset="323" sl="3601" sc="13" el="3601" ec="42" bec="0" bev="0" fileid="39" />
                <SequencePoint vc="0" uspid="12368" ordinal="32" offset="331" sl="3602" sc="13" el="3602" ec="58" bec="0" bev="0" fileid="39" />
                <SequencePoint vc="0" uspid="12369" ordinal="33" offset="338" sl="3604" sc="13" el="3604" ec="33" bec="0" bev="0" fileid="39" />
                <SequencePoint vc="0" uspid="12370" ordinal="34" offset="345" sl="3605" sc="13" el="3605" ec="47" bec="0" bev="0" fileid="39" />
                <SequencePoint vc="0" uspid="12371" ordinal="35" offset="363" sl="3606" sc="13" el="3606" ec="43" bec="0" bev="0" fileid="39" />
                <SequencePoint vc="0" uspid="12372" ordinal="36" offset="375" sl="3607" sc="13" el="3607" ec="25" bec="0" bev="0" fileid="39" />
                <SequencePoint vc="0" uspid="12373" ordinal="37" offset="380" sl="3608" sc="9" el="3608" ec="10" bec="0" bev="0" fileid="39" />
              </SequencePoints>
              <BranchPoints>
                <BranchPoint vc="0" uspid="12374" ordinal="0" offset="94" sl="3569" path="0" offsetend="96" fileid="39" />
                <BranchPoint vc="0" uspid="12375" ordinal="1" offset="94" sl="3569" path="1" offsetend="105" fileid="39" />
                <BranchPoint vc="0" uspid="12376" ordinal="2" offset="111" sl="3574" path="0" offsetend="113" fileid="39" />
                <BranchPoint vc="0" uspid="12377" ordinal="3" offset="111" sl="3574" path="1" offsetend="116" fileid="39" />
                <BranchPoint vc="0" uspid="12378" ordinal="4" offset="157" sl="3580" path="0" offsetend="159" fileid="39" />
                <BranchPoint vc="0" uspid="12379" ordinal="5" offset="157" sl="3580" path="1" offsetend="168" fileid="39" />
                <BranchPoint vc="0" uspid="12380" ordinal="6" offset="238" sl="3593" path="0" offsetend="240" fileid="39" />
                <BranchPoint vc="0" uspid="12381" ordinal="7" offset="238" sl="3593" path="1" offsetend="249" fileid="39" />
                <BranchPoint vc="0" uspid="12382" ordinal="8" offset="266" sl="3598" path="0" offsetend="268" fileid="39" />
                <BranchPoint vc="0" uspid="12383" ordinal="9" offset="266" sl="3598" path="1" offsetend="281" fileid="39" />
              </BranchPoints>
              <MethodPoint xsi:type="SequencePoint" vc="0" uspid="12336" ordinal="0" offset="0" sl="3556" sc="9" el="3556" ec="10" bec="0" bev="0" fileid="39" />
            </Method>
            <Method visited="false" cyclomaticComplexity="2" nPathComplexity="2" sequenceCoverage="0" branchCoverage="0" crapScore="6" isConstructor="false" isStatic="false" isGetter="false" isSetter="false">
              <Summary numSequencePoints="8" visitedSequencePoints="0" numBranchPoints="3" visitedBranchPoints="0" sequenceCoverage="0" branchCoverage="0" maxCyclomaticComplexity="2" minCyclomaticComplexity="2" maxCrapScore="6" minCrapScore="6" visitedClasses="0" numClasses="0" visitedMethods="0" numMethods="1" />
              <MetadataToken>100663844</MetadataToken>
              <Name>System.Boolean ExMat.Compiler.ExCompiler::ExOpUnary(ExMat.OPs.ExOperationCode)</Name>
              <FileRef uid="39" />
              <SequencePoints>
                <SequencePoint vc="0" uspid="12384" ordinal="0" offset="0" sl="3611" sc="9" el="3611" ec="10" bec="0" bev="0" fileid="39" />
                <SequencePoint vc="0" uspid="12385" ordinal="1" offset="1" sl="3612" sc="13" el="3612" ec="31" bec="2" bev="0" fileid="39" />
                <SequencePoint vc="0" uspid="12386" ordinal="2" offset="14" sl="3613" sc="13" el="3613" ec="14" bec="0" bev="0" fileid="39" />
                <SequencePoint vc="0" uspid="12387" ordinal="3" offset="15" sl="3614" sc="17" el="3614" ec="30" bec="0" bev="0" fileid="39" />
                <SequencePoint vc="0" uspid="12388" ordinal="4" offset="19" sl="3616" sc="13" el="3616" ec="47" bec="0" bev="0" fileid="39" />
                <SequencePoint vc="0" uspid="12389" ordinal="5" offset="31" sl="3617" sc="13" el="3617" ec="77" bec="0" bev="0" fileid="39" />
                <SequencePoint vc="0" uspid="12390" ordinal="6" offset="60" sl="3619" sc="13" el="3619" ec="25" bec="0" bev="0" fileid="39" />
                <SequencePoint vc="0" uspid="12391" ordinal="7" offset="64" sl="3620" sc="9" el="3620" ec="10" bec="0" bev="0" fileid="39" />
              </SequencePoints>
              <BranchPoints>
                <BranchPoint vc="0" uspid="12392" ordinal="0" offset="12" sl="3612" path="0" offsetend="14" fileid="39" />
                <BranchPoint vc="0" uspid="12393" ordinal="1" offset="12" sl="3612" path="1" offsetend="19" fileid="39" />
              </BranchPoints>
              <MethodPoint xsi:type="SequencePoint" vc="0" uspid="12384" ordinal="0" offset="0" sl="3611" sc="9" el="3611" ec="10" bec="0" bev="0" fileid="39" />
            </Method>
            <Method visited="false" cyclomaticComplexity="1" nPathComplexity="0" sequenceCoverage="0" branchCoverage="0" crapScore="2" isConstructor="false" isStatic="false" isGetter="false" isSetter="false">
              <Summary numSequencePoints="4" visitedSequencePoints="0" numBranchPoints="1" visitedBranchPoints="0" sequenceCoverage="0" branchCoverage="0" maxCyclomaticComplexity="1" minCyclomaticComplexity="1" maxCrapScore="2" minCrapScore="2" visitedClasses="0" numClasses="0" visitedMethods="0" numMethods="1" />
              <MetadataToken>100663845</MetadataToken>
              <Name>System.Void ExMat.Compiler.ExCompiler::Dispose()</Name>
              <FileRef uid="39" />
              <SequencePoints>
                <SequencePoint vc="0" uspid="12394" ordinal="0" offset="0" sl="3623" sc="9" el="3623" ec="10" bec="0" bev="0" fileid="39" />
                <SequencePoint vc="0" uspid="12395" ordinal="1" offset="1" sl="3625" sc="13" el="3625" ec="38" bec="0" bev="0" fileid="39" />
                <SequencePoint vc="0" uspid="12396" ordinal="2" offset="9" sl="3626" sc="13" el="3626" ec="39" bec="0" bev="0" fileid="39" />
                <SequencePoint vc="0" uspid="12397" ordinal="3" offset="16" sl="3627" sc="9" el="3627" ec="10" bec="0" bev="0" fileid="39" />
              </SequencePoints>
              <BranchPoints />
              <MethodPoint xsi:type="SequencePoint" vc="0" uspid="12394" ordinal="0" offset="0" sl="3623" sc="9" el="3623" ec="10" bec="0" bev="0" fileid="39" />
            </Method>
          </Methods>
        </Class>
        <Class skippedDueTo="Delegate">
          <FullName>ExMat.Compiler.ExCompiler/CompilingFunctionRef</FullName>
          <Methods />
        </Class>
        <Class>
          <Summary numSequencePoints="3" visitedSequencePoints="0" numBranchPoints="1" visitedBranchPoints="0" sequenceCoverage="0" branchCoverage="0" maxCyclomaticComplexity="1" minCyclomaticComplexity="1" maxCrapScore="2" minCrapScore="2" visitedClasses="0" numClasses="1" visitedMethods="0" numMethods="1" />
          <FullName>ExMat.Compiler.ExScope</FullName>
          <Methods>
            <Method visited="false" cyclomaticComplexity="1" nPathComplexity="0" sequenceCoverage="0" branchCoverage="0" crapScore="2" isConstructor="false" isStatic="false" isGetter="false" isSetter="false">
              <Summary numSequencePoints="3" visitedSequencePoints="0" numBranchPoints="1" visitedBranchPoints="0" sequenceCoverage="0" branchCoverage="0" maxCyclomaticComplexity="1" minCyclomaticComplexity="1" maxCrapScore="2" minCrapScore="2" visitedClasses="0" numClasses="0" visitedMethods="0" numMethods="1" />
              <MetadataToken>100663846</MetadataToken>
              <Name>System.String ExMat.Compiler.ExScope::GetDebuggerDisplay()</Name>
              <FileRef uid="40" />
              <SequencePoints>
                <SequencePoint vc="0" uspid="12398" ordinal="0" offset="0" sl="17" sc="9" el="17" ec="10" bec="0" bev="0" fileid="40" />
                <SequencePoint vc="0" uspid="12399" ordinal="1" offset="1" sl="18" sc="13" el="18" ec="81" bec="0" bev="0" fileid="40" />
                <SequencePoint vc="0" uspid="12400" ordinal="2" offset="67" sl="19" sc="9" el="19" ec="10" bec="0" bev="0" fileid="40" />
              </SequencePoints>
              <BranchPoints />
              <MethodPoint xsi:type="SequencePoint" vc="0" uspid="12398" ordinal="0" offset="0" sl="17" sc="9" el="17" ec="10" bec="0" bev="0" fileid="40" />
            </Method>
            <Method visited="false" cyclomaticComplexity="1" nPathComplexity="0" sequenceCoverage="0" branchCoverage="0" crapScore="2" isConstructor="true" isStatic="false" isGetter="false" isSetter="false">
              <Summary numSequencePoints="0" visitedSequencePoints="0" numBranchPoints="0" visitedBranchPoints="0" sequenceCoverage="0" branchCoverage="0" maxCyclomaticComplexity="1" minCyclomaticComplexity="1" maxCrapScore="2" minCrapScore="2" visitedClasses="0" numClasses="0" visitedMethods="0" numMethods="0" />
              <MetadataToken>100663847</MetadataToken>
              <Name>System.Void ExMat.Compiler.ExScope::.ctor()</Name>
              <SequencePoints />
              <BranchPoints />
              <MethodPoint vc="0" uspid="12401" ordinal="0" offset="0" />
            </Method>
          </Methods>
        </Class>
        <Class>
          <Summary numSequencePoints="93" visitedSequencePoints="13" numBranchPoints="49" visitedBranchPoints="3" sequenceCoverage="13.98" branchCoverage="6.12" maxCyclomaticComplexity="25" minCyclomaticComplexity="1" maxCrapScore="650" minCrapScore="1" visitedClasses="1" numClasses="1" visitedMethods="2" numMethods="6" />
          <FullName>ExMat.Closure.ExClosure</FullName>
          <Methods>
            <Method visited="true" cyclomaticComplexity="2" nPathComplexity="2" sequenceCoverage="83.33" branchCoverage="66.67" crapScore="2.02" isConstructor="false" isStatic="false" isGetter="false" isSetter="false">
              <Summary numSequencePoints="12" visitedSequencePoints="10" numBranchPoints="3" visitedBranchPoints="2" sequenceCoverage="83.33" branchCoverage="66.67" maxCyclomaticComplexity="2" minCyclomaticComplexity="2" maxCrapScore="2.02" minCrapScore="2.02" visitedClasses="0" numClasses="0" visitedMethods="1" numMethods="1" />
              <MetadataToken>100663848</MetadataToken>
              <Name>System.Void ExMat.Closure.ExClosure::Dispose(System.Boolean)</Name>
              <FileRef uid="41" />
              <SequencePoints>
                <SequencePoint vc="2" uspid="12402" ordinal="0" offset="0" sl="38" sc="9" el="38" ec="10" bec="0" bev="0" fileid="41" />
                <SequencePoint vc="2" uspid="12403" ordinal="1" offset="1" sl="39" sc="13" el="39" ec="36" bec="2" bev="1" fileid="41" />
                <SequencePoint vc="0" uspid="12404" ordinal="2" offset="14" sl="40" sc="13" el="40" ec="14" bec="0" bev="0" fileid="41" />
                <SequencePoint vc="0" uspid="12405" ordinal="3" offset="15" sl="41" sc="17" el="41" ec="24" bec="0" bev="0" fileid="41" />
                <SequencePoint vc="2" uspid="12406" ordinal="4" offset="17" sl="43" sc="13" el="43" ec="37" bec="0" bev="0" fileid="41" />
                <SequencePoint vc="2" uspid="12407" ordinal="5" offset="25" sl="44" sc="13" el="44" ec="25" bec="0" bev="0" fileid="41" />
                <SequencePoint vc="2" uspid="12408" ordinal="6" offset="32" sl="46" sc="13" el="46" ec="34" bec="0" bev="0" fileid="41" />
                <SequencePoint vc="2" uspid="12409" ordinal="7" offset="39" sl="47" sc="13" el="47" ec="49" bec="0" bev="0" fileid="41" />
                <SequencePoint vc="2" uspid="12410" ordinal="8" offset="60" sl="48" sc="13" el="48" ec="52" bec="0" bev="0" fileid="41" />
                <SequencePoint vc="2" uspid="12411" ordinal="9" offset="72" sl="49" sc="13" el="49" ec="55" bec="0" bev="0" fileid="41" />
                <SequencePoint vc="2" uspid="12412" ordinal="10" offset="84" sl="50" sc="13" el="50" ec="32" bec="0" bev="0" fileid="41" />
                <SequencePoint vc="2" uspid="12413" ordinal="11" offset="91" sl="51" sc="9" el="51" ec="10" bec="0" bev="0" fileid="41" />
              </SequencePoints>
              <BranchPoints>
                <BranchPoint vc="0" uspid="12414" ordinal="0" offset="12" sl="39" path="0" offsetend="14" fileid="41" />
                <BranchPoint vc="2" uspid="12415" ordinal="1" offset="12" sl="39" path="1" offsetend="17" fileid="41" />
              </BranchPoints>
              <MethodPoint xsi:type="SequencePoint" vc="2" uspid="12402" ordinal="0" offset="0" sl="38" sc="9" el="38" ec="10" bec="0" bev="0" fileid="41" />
            </Method>
            <Method visited="false" cyclomaticComplexity="1" nPathComplexity="0" sequenceCoverage="0" branchCoverage="0" crapScore="2" isConstructor="false" isStatic="true" isGetter="false" isSetter="false">
              <Summary numSequencePoints="6" visitedSequencePoints="0" numBranchPoints="1" visitedBranchPoints="0" sequenceCoverage="0" branchCoverage="0" maxCyclomaticComplexity="1" minCyclomaticComplexity="1" maxCrapScore="2" minCrapScore="2" visitedClasses="0" numClasses="0" visitedMethods="0" numMethods="1" />
              <MetadataToken>100663849</MetadataToken>
              <Name>ExMat.Closure.ExClosure ExMat.Closure.ExClosure::Create(ExMat.States.ExSState,ExMat.FuncPrototype.ExPrototype)</Name>
              <FileRef uid="41" />
              <SequencePoints>
                <SequencePoint vc="0" uspid="12416" ordinal="0" offset="0" sl="60" sc="9" el="60" ec="10" bec="0" bev="0" fileid="41" />
                <SequencePoint vc="0" uspid="12417" ordinal="1" offset="1" sl="61" sc="13" el="61" ec="74" bec="0" bev="0" fileid="41" />
                <SequencePoint vc="0" uspid="12418" ordinal="2" offset="21" sl="62" sc="13" el="62" ec="64" bec="0" bev="0" fileid="41" />
                <SequencePoint vc="0" uspid="12419" ordinal="3" offset="39" sl="63" sc="13" el="63" ec="78" bec="0" bev="0" fileid="41" />
                <SequencePoint vc="0" uspid="12420" ordinal="4" offset="57" sl="64" sc="13" el="64" ec="24" bec="0" bev="0" fileid="41" />
                <SequencePoint vc="0" uspid="12421" ordinal="5" offset="61" sl="65" sc="9" el="65" ec="10" bec="0" bev="0" fileid="41" />
              </SequencePoints>
              <BranchPoints />
              <MethodPoint xsi:type="SequencePoint" vc="0" uspid="12416" ordinal="0" offset="0" sl="60" sc="9" el="60" ec="10" bec="0" bev="0" fileid="41" />
            </Method>
            <Method visited="true" cyclomaticComplexity="1" nPathComplexity="0" sequenceCoverage="100" branchCoverage="100" crapScore="1" isConstructor="true" isStatic="false" isGetter="false" isSetter="false">
              <Summary numSequencePoints="3" visitedSequencePoints="3" numBranchPoints="1" visitedBranchPoints="1" sequenceCoverage="100" branchCoverage="100" maxCyclomaticComplexity="1" minCyclomaticComplexity="1" maxCrapScore="1" minCrapScore="1" visitedClasses="0" numClasses="0" visitedMethods="1" numMethods="1" />
              <MetadataToken>100663850</MetadataToken>
              <Name>System.Void ExMat.Closure.ExClosure::.ctor()</Name>
              <FileRef uid="41" />
              <SequencePoints>
                <SequencePoint vc="10" uspid="12422" ordinal="0" offset="0" sl="70" sc="9" el="70" ec="27" bec="0" bev="0" fileid="41" />
                <SequencePoint vc="10" uspid="12423" ordinal="1" offset="7" sl="70" sc="28" el="70" ec="29" bec="0" bev="0" fileid="41" />
                <SequencePoint vc="10" uspid="12424" ordinal="2" offset="8" sl="70" sc="30" el="70" ec="31" bec="0" bev="0" fileid="41" />
              </SequencePoints>
              <BranchPoints />
              <MethodPoint xsi:type="SequencePoint" vc="10" uspid="12422" ordinal="0" offset="0" sl="70" sc="9" el="70" ec="27" bec="0" bev="0" fileid="41" />
            </Method>
            <Method visited="false" cyclomaticComplexity="25" nPathComplexity="4096" sequenceCoverage="0" branchCoverage="0" crapScore="650" isConstructor="false" isStatic="false" isGetter="false" isSetter="false">
              <Summary numSequencePoints="38" visitedSequencePoints="0" numBranchPoints="25" visitedBranchPoints="0" sequenceCoverage="0" branchCoverage="0" maxCyclomaticComplexity="25" minCyclomaticComplexity="25" maxCrapScore="650" minCrapScore="650" visitedClasses="0" numClasses="0" visitedMethods="0" numMethods="1" />
              <MetadataToken>100663851</MetadataToken>
              <Name>System.Object ExMat.Closure.ExClosure::GetAttribute(System.String)</Name>
              <FileRef uid="41" />
              <SequencePoints>
                <SequencePoint vc="0" uspid="12425" ordinal="0" offset="0" sl="87" sc="9" el="87" ec="10" bec="0" bev="0" fileid="41" />
                <SequencePoint vc="0" uspid="12426" ordinal="1" offset="1" sl="88" sc="13" el="88" ec="26" bec="8" bev="0" fileid="41" />
                <SequencePoint vc="0" uspid="12427" ordinal="2" offset="260" sl="91" sc="21" el="91" ec="22" bec="0" bev="0" fileid="41" />
                <SequencePoint vc="0" uspid="12428" ordinal="3" offset="261" sl="92" sc="25" el="92" ec="58" bec="0" bev="0" fileid="41" />
                <SequencePoint vc="0" uspid="12429" ordinal="4" offset="283" sl="95" sc="21" el="95" ec="22" bec="0" bev="0" fileid="41" />
                <SequencePoint vc="0" uspid="12430" ordinal="5" offset="284" sl="96" sc="25" el="96" ec="50" bec="0" bev="0" fileid="41" />
                <SequencePoint vc="0" uspid="12431" ordinal="6" offset="306" sl="99" sc="21" el="99" ec="22" bec="0" bev="0" fileid="41" />
                <SequencePoint vc="0" uspid="12432" ordinal="7" offset="307" sl="100" sc="25" el="100" ec="45" bec="0" bev="0" fileid="41" />
                <SequencePoint vc="0" uspid="12433" ordinal="8" offset="327" sl="103" sc="21" el="103" ec="22" bec="0" bev="0" fileid="41" />
                <SequencePoint vc="0" uspid="12434" ordinal="9" offset="328" sl="104" sc="25" el="104" ec="83" bec="2" bev="0" fileid="41" />
                <SequencePoint vc="0" uspid="12435" ordinal="10" offset="370" sl="107" sc="21" el="107" ec="22" bec="0" bev="0" fileid="41" />
                <SequencePoint vc="0" uspid="12436" ordinal="11" offset="371" sl="108" sc="25" el="108" ec="60" bec="0" bev="0" fileid="41" />
                <SequencePoint vc="0" uspid="12437" ordinal="12" offset="393" sl="111" sc="21" el="111" ec="22" bec="0" bev="0" fileid="41" />
                <SequencePoint vc="0" uspid="12438" ordinal="13" offset="394" sl="112" sc="25" el="112" ec="113" bec="2" bev="0" fileid="41" />
                <SequencePoint vc="0" uspid="12439" ordinal="14" offset="448" sl="115" sc="21" el="115" ec="22" bec="0" bev="0" fileid="41" />
                <SequencePoint vc="0" uspid="12440" ordinal="15" offset="449" sl="116" sc="25" el="116" ec="64" bec="0" bev="0" fileid="41" />
                <SequencePoint vc="0" uspid="12441" ordinal="16" offset="462" sl="117" sc="25" el="117" ec="57" bec="0" bev="0" fileid="41" />
                <SequencePoint vc="0" uspid="12442" ordinal="17" offset="477" sl="118" sc="25" el="118" ec="49" bec="0" bev="0" fileid="41" />
                <SequencePoint vc="0" uspid="12443" ordinal="18" offset="484" sl="119" sc="25" el="119" ec="67" bec="0" bev="0" fileid="41" />
                <SequencePoint vc="0" uspid="12444" ordinal="19" offset="491" sl="120" sc="25" el="120" ec="32" bec="0" bev="0" fileid="41" />
                <SequencePoint vc="0" uspid="12445" ordinal="20" offset="492" sl="120" sc="48" el="120" ec="61" bec="0" bev="0" fileid="41" />
                <SequencePoint vc="0" uspid="12446" ordinal="21" offset="507" sl="120" sc="34" el="120" ec="44" bec="0" bev="0" fileid="41" />
                <SequencePoint vc="0" uspid="12447" ordinal="22" offset="516" sl="121" sc="25" el="121" ec="26" bec="0" bev="0" fileid="41" />
                <SequencePoint vc="0" uspid="12448" ordinal="23" offset="517" sl="122" sc="29" el="122" ec="89" bec="0" bev="0" fileid="41" />
                <SequencePoint vc="0" uspid="12449" ordinal="24" offset="548" sl="123" sc="25" el="123" ec="26" bec="0" bev="0" fileid="41" />
                <SequencePoint vc="0" uspid="12450" ordinal="25" offset="549" sl="120" sc="45" el="120" ec="47" bec="0" bev="0" fileid="41" />
                <SequencePoint vc="0" uspid="12451" ordinal="26" offset="575" sl="124" sc="25" el="124" ec="37" bec="0" bev="0" fileid="41" />
                <SequencePoint vc="0" uspid="12452" ordinal="27" offset="583" sl="127" sc="21" el="127" ec="22" bec="0" bev="0" fileid="41" />
                <SequencePoint vc="0" uspid="12453" ordinal="28" offset="584" sl="128" sc="25" el="128" ec="42" bec="2" bev="0" fileid="41" />
                <SequencePoint vc="0" uspid="12454" ordinal="29" offset="602" sl="129" sc="25" el="129" ec="26" bec="0" bev="0" fileid="41" />
                <SequencePoint vc="0" uspid="12455" ordinal="30" offset="603" sl="130" sc="29" el="130" ec="68" bec="0" bev="0" fileid="41" />
                <SequencePoint vc="0" uspid="12456" ordinal="31" offset="621" sl="131" sc="29" el="131" ec="73" bec="0" bev="0" fileid="41" />
                <SequencePoint vc="0" uspid="12457" ordinal="32" offset="646" sl="133" sc="29" el="134" ec="95" bec="4" bev="0" fileid="41" />
                <SequencePoint vc="0" uspid="12458" ordinal="33" offset="719" sl="135" sc="29" el="135" ec="30" bec="0" bev="0" fileid="41" />
                <SequencePoint vc="0" uspid="12459" ordinal="34" offset="720" sl="136" sc="33" el="136" ec="87" bec="0" bev="0" fileid="41" />
                <SequencePoint vc="0" uspid="12460" ordinal="35" offset="757" sl="138" sc="25" el="138" ec="26" bec="0" bev="0" fileid="41" />
                <SequencePoint vc="0" uspid="12461" ordinal="36" offset="758" sl="140" sc="25" el="140" ec="37" bec="0" bev="0" fileid="41" />
                <SequencePoint vc="0" uspid="12462" ordinal="37" offset="762" sl="143" sc="9" el="143" ec="10" bec="0" bev="0" fileid="41" />
              </SequencePoints>
              <BranchPoints>
                <BranchPoint vc="0" uspid="12463" ordinal="0" offset="124" sl="88" path="0" offsetchain="129" offsetend="583" fileid="41" />
                <BranchPoint vc="0" uspid="12464" ordinal="1" offset="124" sl="88" path="1" offsetend="260" fileid="41" />
                <BranchPoint vc="0" uspid="12465" ordinal="2" offset="145" sl="88" path="0" offsetchain="150" offsetend="583" fileid="41" />
                <BranchPoint vc="0" uspid="12466" ordinal="3" offset="145" sl="88" path="1" offsetend="283" fileid="41" />
                <BranchPoint vc="0" uspid="12467" ordinal="4" offset="166" sl="88" path="0" offsetchain="171" offsetend="583" fileid="41" />
                <BranchPoint vc="0" uspid="12468" ordinal="5" offset="166" sl="88" path="1" offsetend="306" fileid="41" />
                <BranchPoint vc="0" uspid="12469" ordinal="6" offset="187" sl="88" path="0" offsetchain="192" offsetend="583" fileid="41" />
                <BranchPoint vc="0" uspid="12470" ordinal="7" offset="187" sl="88" path="1" offsetend="327" fileid="41" />
                <BranchPoint vc="0" uspid="12471" ordinal="8" offset="208" sl="88" path="0" offsetchain="213" offsetend="583" fileid="41" />
                <BranchPoint vc="0" uspid="12472" ordinal="9" offset="208" sl="88" path="1" offsetend="370" fileid="41" />
                <BranchPoint vc="0" uspid="12473" ordinal="10" offset="229" sl="88" path="0" offsetchain="234" offsetend="583" fileid="41" />
                <BranchPoint vc="0" uspid="12474" ordinal="11" offset="229" sl="88" path="1" offsetend="393" fileid="41" />
                <BranchPoint vc="0" uspid="12475" ordinal="12" offset="250" sl="88" path="0" offsetchain="255" offsetend="583" fileid="41" />
                <BranchPoint vc="0" uspid="12476" ordinal="13" offset="250" sl="88" path="1" offsetend="448" fileid="41" />
                <BranchPoint vc="0" uspid="12477" ordinal="14" offset="352" sl="104" path="0" offsetend="354" fileid="41" />
                <BranchPoint vc="0" uspid="12478" ordinal="15" offset="352" sl="104" path="1" offsetend="357" fileid="41" />
                <BranchPoint vc="0" uspid="12479" ordinal="16" offset="430" sl="112" path="0" offsetend="432" fileid="41" />
                <BranchPoint vc="0" uspid="12480" ordinal="17" offset="430" sl="112" path="1" offsetend="435" fileid="41" />
                <BranchPoint vc="0" uspid="12481" ordinal="18" offset="597" sl="128" path="0" offsetend="602" fileid="41" />
                <BranchPoint vc="0" uspid="12482" ordinal="19" offset="597" sl="128" path="1" offsetend="758" fileid="41" />
                <BranchPoint vc="0" uspid="12483" ordinal="20" offset="674" sl="133" path="0" offsetend="676" fileid="41" />
                <BranchPoint vc="0" uspid="12484" ordinal="21" offset="674" sl="133" path="1" offsetend="712" fileid="41" />
                <BranchPoint vc="0" uspid="12485" ordinal="22" offset="717" sl="133" path="0" offsetend="719" fileid="41" />
                <BranchPoint vc="0" uspid="12486" ordinal="23" offset="717" sl="133" path="1" offsetend="757" fileid="41" />
              </BranchPoints>
              <MethodPoint xsi:type="SequencePoint" vc="0" uspid="12425" ordinal="0" offset="0" sl="87" sc="9" el="87" ec="10" bec="0" bev="0" fileid="41" />
            </Method>
            <Method visited="false" cyclomaticComplexity="9" nPathComplexity="40" sequenceCoverage="0" branchCoverage="0" crapScore="90" isConstructor="false" isStatic="false" isGetter="false" isSetter="false">
              <Summary numSequencePoints="31" visitedSequencePoints="0" numBranchPoints="12" visitedBranchPoints="0" sequenceCoverage="0" branchCoverage="0" maxCyclomaticComplexity="9" minCyclomaticComplexity="9" maxCrapScore="90" minCrapScore="90" visitedClasses="0" numClasses="0" visitedMethods="0" numMethods="1" />
              <MetadataToken>100663852</MetadataToken>
              <Name>System.String ExMat.Closure.ExClosure::GetInfoString()</Name>
              <FileRef uid="41" />
              <SequencePoints>
                <SequencePoint vc="0" uspid="12487" ordinal="0" offset="0" sl="146" sc="9" el="146" ec="10" bec="0" bev="0" fileid="41" />
                <SequencePoint vc="0" uspid="12488" ordinal="1" offset="1" sl="147" sc="13" el="147" ec="37" bec="0" bev="0" fileid="41" />
                <SequencePoint vc="0" uspid="12489" ordinal="2" offset="7" sl="148" sc="13" el="148" ec="42" bec="5" bev="0" fileid="41" />
                <SequencePoint vc="0" uspid="12490" ordinal="3" offset="48" sl="151" sc="21" el="151" ec="22" bec="0" bev="0" fileid="41" />
                <SequencePoint vc="0" uspid="12491" ordinal="4" offset="49" sl="152" sc="25" el="152" ec="65" bec="0" bev="0" fileid="41" />
                <SequencePoint vc="0" uspid="12492" ordinal="5" offset="66" sl="153" sc="25" el="153" ec="101" bec="2" bev="0" fileid="41" />
                <SequencePoint vc="0" uspid="12493" ordinal="6" offset="98" sl="155" sc="25" el="155" ec="61" bec="2" bev="0" fileid="41" />
                <SequencePoint vc="0" uspid="12494" ordinal="7" offset="118" sl="156" sc="25" el="156" ec="26" bec="0" bev="0" fileid="41" />
                <SequencePoint vc="0" uspid="12495" ordinal="8" offset="119" sl="157" sc="29" el="157" ec="135" bec="0" bev="0" fileid="41" />
                <SequencePoint vc="0" uspid="12496" ordinal="9" offset="213" sl="158" sc="25" el="158" ec="26" bec="0" bev="0" fileid="41" />
                <SequencePoint vc="0" uspid="12497" ordinal="10" offset="216" sl="159" sc="30" el="159" ec="52" bec="2" bev="0" fileid="41" />
                <SequencePoint vc="0" uspid="12498" ordinal="11" offset="233" sl="160" sc="25" el="160" ec="26" bec="0" bev="0" fileid="41" />
                <SequencePoint vc="0" uspid="12499" ordinal="12" offset="234" sl="161" sc="29" el="161" ec="86" bec="0" bev="0" fileid="41" />
                <SequencePoint vc="0" uspid="12500" ordinal="13" offset="273" sl="162" sc="25" el="162" ec="26" bec="0" bev="0" fileid="41" />
                <SequencePoint vc="0" uspid="12501" ordinal="14" offset="276" sl="164" sc="25" el="164" ec="26" bec="0" bev="0" fileid="41" />
                <SequencePoint vc="0" uspid="12502" ordinal="15" offset="277" sl="165" sc="29" el="165" ec="68" bec="0" bev="0" fileid="41" />
                <SequencePoint vc="0" uspid="12503" ordinal="16" offset="311" sl="166" sc="25" el="166" ec="26" bec="0" bev="0" fileid="41" />
                <SequencePoint vc="0" uspid="12504" ordinal="17" offset="312" sl="167" sc="25" el="167" ec="31" bec="0" bev="0" fileid="41" />
                <SequencePoint vc="0" uspid="12505" ordinal="18" offset="317" sl="170" sc="21" el="170" ec="22" bec="0" bev="0" fileid="41" />
                <SequencePoint vc="0" uspid="12506" ordinal="19" offset="318" sl="171" sc="25" el="171" ec="72" bec="0" bev="0" fileid="41" />
                <SequencePoint vc="0" uspid="12507" ordinal="20" offset="350" sl="172" sc="25" el="172" ec="64" bec="0" bev="0" fileid="41" />
                <SequencePoint vc="0" uspid="12508" ordinal="21" offset="384" sl="173" sc="25" el="173" ec="31" bec="0" bev="0" fileid="41" />
                <SequencePoint vc="0" uspid="12509" ordinal="22" offset="386" sl="176" sc="21" el="176" ec="22" bec="0" bev="0" fileid="41" />
                <SequencePoint vc="0" uspid="12510" ordinal="23" offset="387" sl="177" sc="25" el="177" ec="75" bec="0" bev="0" fileid="41" />
                <SequencePoint vc="0" uspid="12511" ordinal="24" offset="419" sl="178" sc="25" el="178" ec="64" bec="0" bev="0" fileid="41" />
                <SequencePoint vc="0" uspid="12512" ordinal="25" offset="453" sl="179" sc="25" el="179" ec="31" bec="0" bev="0" fileid="41" />
                <SequencePoint vc="0" uspid="12513" ordinal="26" offset="455" sl="182" sc="21" el="182" ec="22" bec="0" bev="0" fileid="41" />
                <SequencePoint vc="0" uspid="12514" ordinal="27" offset="456" sl="183" sc="25" el="183" ec="85" bec="0" bev="0" fileid="41" />
                <SequencePoint vc="0" uspid="12515" ordinal="28" offset="488" sl="184" sc="25" el="184" ec="31" bec="0" bev="0" fileid="41" />
                <SequencePoint vc="0" uspid="12516" ordinal="29" offset="490" sl="187" sc="13" el="187" ec="22" bec="0" bev="0" fileid="41" />
                <SequencePoint vc="0" uspid="12517" ordinal="30" offset="495" sl="188" sc="9" el="188" ec="10" bec="0" bev="0" fileid="41" />
              </SequencePoints>
              <BranchPoints>
                <BranchPoint vc="0" uspid="12518" ordinal="0" offset="22" sl="148" path="0" offsetchain="43" offsetend="490" fileid="41" />
                <BranchPoint vc="0" uspid="12519" ordinal="1" offset="22" sl="148" path="1" offsetend="48" fileid="41" />
                <BranchPoint vc="0" uspid="12520" ordinal="2" offset="22" sl="148" path="2" offsetend="317" fileid="41" />
                <BranchPoint vc="0" uspid="12521" ordinal="3" offset="22" sl="148" path="3" offsetend="386" fileid="41" />
                <BranchPoint vc="0" uspid="12522" ordinal="4" offset="22" sl="148" path="4" offsetend="455" fileid="41" />
                <BranchPoint vc="0" uspid="12523" ordinal="5" offset="72" sl="153" path="0" offsetend="74" fileid="41" />
                <BranchPoint vc="0" uspid="12524" ordinal="6" offset="72" sl="153" path="1" offsetend="92" fileid="41" />
                <BranchPoint vc="0" uspid="12525" ordinal="7" offset="116" sl="155" path="0" offsetend="118" fileid="41" />
                <BranchPoint vc="0" uspid="12526" ordinal="8" offset="116" sl="155" path="1" offsetend="216" fileid="41" />
                <BranchPoint vc="0" uspid="12527" ordinal="9" offset="231" sl="159" path="0" offsetend="233" fileid="41" />
                <BranchPoint vc="0" uspid="12528" ordinal="10" offset="231" sl="159" path="1" offsetend="276" fileid="41" />
              </BranchPoints>
              <MethodPoint xsi:type="SequencePoint" vc="0" uspid="12487" ordinal="0" offset="0" sl="146" sc="9" el="146" ec="10" bec="0" bev="0" fileid="41" />
            </Method>
            <Method visited="false" cyclomaticComplexity="4" nPathComplexity="8" sequenceCoverage="0" branchCoverage="0" crapScore="20" isConstructor="false" isStatic="false" isGetter="false" isSetter="false">
              <Summary numSequencePoints="3" visitedSequencePoints="0" numBranchPoints="7" visitedBranchPoints="0" sequenceCoverage="0" branchCoverage="0" maxCyclomaticComplexity="4" minCyclomaticComplexity="4" maxCrapScore="20" minCrapScore="20" visitedClasses="0" numClasses="0" visitedMethods="0" numMethods="1" />
              <MetadataToken>100663853</MetadataToken>
              <Name>System.String ExMat.Closure.ExClosure::GetDebuggerDisplay()</Name>
              <FileRef uid="41" />
              <SequencePoints>
                <SequencePoint vc="0" uspid="12529" ordinal="0" offset="0" sl="192" sc="9" el="192" ec="10" bec="0" bev="0" fileid="41" />
                <SequencePoint vc="0" uspid="12530" ordinal="1" offset="1" sl="193" sc="13" el="195" ec="137" bec="5" bev="0" fileid="41" />
                <SequencePoint vc="0" uspid="12531" ordinal="2" offset="114" sl="196" sc="9" el="196" ec="10" bec="0" bev="0" fileid="41" />
              </SequencePoints>
              <BranchPoints>
                <BranchPoint vc="0" uspid="12532" ordinal="0" offset="12" sl="193" path="0" offsetend="14" fileid="41" />
                <BranchPoint vc="0" uspid="12533" ordinal="1" offset="12" sl="193" path="1" offsetend="106" fileid="41" />
                <BranchPoint vc="0" uspid="12534" ordinal="2" offset="30" sl="193" path="0" offsetend="32" fileid="41" />
                <BranchPoint vc="0" uspid="12535" ordinal="3" offset="30" sl="193" path="1" offsetend="106" fileid="41" />
                <BranchPoint vc="0" uspid="12536" ordinal="4" offset="38" sl="193" path="0" offsetend="40" fileid="41" />
                <BranchPoint vc="0" uspid="12537" ordinal="5" offset="38" sl="193" path="1" offsetend="73" fileid="41" />
              </BranchPoints>
              <MethodPoint xsi:type="SequencePoint" vc="0" uspid="12529" ordinal="0" offset="0" sl="192" sc="9" el="192" ec="10" bec="0" bev="0" fileid="41" />
            </Method>
          </Methods>
        </Class>
        <Class>
          <Summary numSequencePoints="104" visitedSequencePoints="9" numBranchPoints="71" visitedBranchPoints="1" sequenceCoverage="8.65" branchCoverage="1.41" maxCyclomaticComplexity="29" minCyclomaticComplexity="1" maxCrapScore="870" minCrapScore="1" visitedClasses="1" numClasses="1" visitedMethods="1" numMethods="7" />
          <FullName>ExMat.Closure.ExNativeClosure</FullName>
          <Methods>
            <Method visited="false" cyclomaticComplexity="2" nPathComplexity="2" sequenceCoverage="0" branchCoverage="0" crapScore="6" isConstructor="false" isStatic="false" isGetter="false" isSetter="false">
              <Summary numSequencePoints="16" visitedSequencePoints="0" numBranchPoints="3" visitedBranchPoints="0" sequenceCoverage="0" branchCoverage="0" maxCyclomaticComplexity="2" minCyclomaticComplexity="2" maxCrapScore="6" minCrapScore="6" visitedClasses="0" numClasses="0" visitedMethods="0" numMethods="1" />
              <MetadataToken>100663854</MetadataToken>
              <Name>System.Void ExMat.Closure.ExNativeClosure::Dispose(System.Boolean)</Name>
              <FileRef uid="42" />
              <SequencePoints>
                <SequencePoint vc="0" uspid="12538" ordinal="0" offset="0" sl="87" sc="9" el="87" ec="10" bec="0" bev="0" fileid="42" />
                <SequencePoint vc="0" uspid="12539" ordinal="1" offset="1" sl="88" sc="13" el="88" ec="36" bec="2" bev="0" fileid="42" />
                <SequencePoint vc="0" uspid="12540" ordinal="2" offset="14" sl="89" sc="13" el="89" ec="14" bec="0" bev="0" fileid="42" />
                <SequencePoint vc="0" uspid="12541" ordinal="3" offset="15" sl="90" sc="17" el="90" ec="24" bec="0" bev="0" fileid="42" />
                <SequencePoint vc="0" uspid="12542" ordinal="4" offset="17" sl="93" sc="13" el="93" ec="37" bec="0" bev="0" fileid="42" />
                <SequencePoint vc="0" uspid="12543" ordinal="5" offset="25" sl="95" sc="13" el="95" ec="28" bec="0" bev="0" fileid="42" />
                <SequencePoint vc="0" uspid="12544" ordinal="6" offset="32" sl="96" sc="13" el="96" ec="28" bec="0" bev="0" fileid="42" />
                <SequencePoint vc="0" uspid="12545" ordinal="7" offset="39" sl="97" sc="13" el="97" ec="34" bec="0" bev="0" fileid="42" />
                <SequencePoint vc="0" uspid="12546" ordinal="8" offset="46" sl="98" sc="13" el="98" ec="34" bec="0" bev="0" fileid="42" />
                <SequencePoint vc="0" uspid="12547" ordinal="9" offset="53" sl="99" sc="13" el="99" ec="30" bec="0" bev="0" fileid="42" />
                <SequencePoint vc="0" uspid="12548" ordinal="10" offset="60" sl="100" sc="13" el="100" ec="29" bec="0" bev="0" fileid="42" />
                <SequencePoint vc="0" uspid="12549" ordinal="11" offset="67" sl="101" sc="13" el="101" ec="32" bec="0" bev="0" fileid="42" />
                <SequencePoint vc="0" uspid="12550" ordinal="12" offset="74" sl="103" sc="13" el="103" ec="45" bec="0" bev="0" fileid="42" />
                <SequencePoint vc="0" uspid="12551" ordinal="13" offset="95" sl="104" sc="13" el="104" ec="52" bec="0" bev="0" fileid="42" />
                <SequencePoint vc="0" uspid="12552" ordinal="14" offset="107" sl="105" sc="13" el="105" ec="55" bec="0" bev="0" fileid="42" />
                <SequencePoint vc="0" uspid="12553" ordinal="15" offset="119" sl="106" sc="9" el="106" ec="10" bec="0" bev="0" fileid="42" />
              </SequencePoints>
              <BranchPoints>
                <BranchPoint vc="0" uspid="12554" ordinal="0" offset="12" sl="88" path="0" offsetend="14" fileid="42" />
                <BranchPoint vc="0" uspid="12555" ordinal="1" offset="12" sl="88" path="1" offsetend="17" fileid="42" />
              </BranchPoints>
              <MethodPoint xsi:type="SequencePoint" vc="0" uspid="12538" ordinal="0" offset="0" sl="87" sc="9" el="87" ec="10" bec="0" bev="0" fileid="42" />
            </Method>
            <Method visited="false" cyclomaticComplexity="29" nPathComplexity="16384" sequenceCoverage="0" branchCoverage="0" crapScore="870" isConstructor="false" isStatic="false" isGetter="false" isSetter="false">
              <Summary numSequencePoints="33" visitedSequencePoints="0" numBranchPoints="29" visitedBranchPoints="0" sequenceCoverage="0" branchCoverage="0" maxCyclomaticComplexity="29" minCyclomaticComplexity="29" maxCrapScore="870" minCrapScore="870" visitedClasses="0" numClasses="0" visitedMethods="0" numMethods="1" />
              <MetadataToken>100663855</MetadataToken>
              <Name>System.Object ExMat.Closure.ExNativeClosure::GetAttribute(System.String)</Name>
              <FileRef uid="42" />
              <SequencePoints>
                <SequencePoint vc="0" uspid="12556" ordinal="0" offset="0" sl="125" sc="9" el="125" ec="10" bec="0" bev="0" fileid="42" />
                <SequencePoint vc="0" uspid="12557" ordinal="1" offset="1" sl="126" sc="13" el="126" ec="26" bec="11" bev="0" fileid="42" />
                <SequencePoint vc="0" uspid="12558" ordinal="2" offset="379" sl="129" sc="21" el="129" ec="22" bec="0" bev="0" fileid="42" />
                <SequencePoint vc="0" uspid="12559" ordinal="3" offset="380" sl="130" sc="25" el="130" ec="49" bec="0" bev="0" fileid="42" />
                <SequencePoint vc="0" uspid="12560" ordinal="4" offset="397" sl="133" sc="21" el="133" ec="22" bec="0" bev="0" fileid="42" />
                <SequencePoint vc="0" uspid="12561" ordinal="5" offset="398" sl="134" sc="25" el="134" ec="46" bec="0" bev="0" fileid="42" />
                <SequencePoint vc="0" uspid="12562" ordinal="6" offset="410" sl="137" sc="21" el="137" ec="22" bec="0" bev="0" fileid="42" />
                <SequencePoint vc="0" uspid="12563" ordinal="7" offset="411" sl="138" sc="25" el="138" ec="40" bec="0" bev="0" fileid="42" />
                <SequencePoint vc="0" uspid="12564" ordinal="8" offset="423" sl="141" sc="21" el="141" ec="22" bec="0" bev="0" fileid="42" />
                <SequencePoint vc="0" uspid="12565" ordinal="9" offset="424" sl="142" sc="25" el="142" ec="40" bec="0" bev="0" fileid="42" />
                <SequencePoint vc="0" uspid="12566" ordinal="10" offset="436" sl="145" sc="21" el="145" ec="22" bec="0" bev="0" fileid="42" />
                <SequencePoint vc="0" uspid="12567" ordinal="11" offset="437" sl="146" sc="25" el="146" ec="53" bec="0" bev="0" fileid="42" />
                <SequencePoint vc="0" uspid="12568" ordinal="12" offset="462" sl="149" sc="21" el="149" ec="22" bec="0" bev="0" fileid="42" />
                <SequencePoint vc="0" uspid="12569" ordinal="13" offset="463" sl="150" sc="25" el="150" ec="51" bec="0" bev="0" fileid="42" />
                <SequencePoint vc="0" uspid="12570" ordinal="14" offset="480" sl="153" sc="21" el="153" ec="22" bec="0" bev="0" fileid="42" />
                <SequencePoint vc="0" uspid="12571" ordinal="15" offset="481" sl="154" sc="25" el="156" ec="119" bec="6" bev="0" fileid="42" />
                <SequencePoint vc="0" uspid="12572" ordinal="16" offset="582" sl="159" sc="21" el="159" ec="22" bec="0" bev="0" fileid="42" />
                <SequencePoint vc="0" uspid="12573" ordinal="17" offset="583" sl="160" sc="25" el="160" ec="52" bec="0" bev="0" fileid="42" />
                <SequencePoint vc="0" uspid="12574" ordinal="18" offset="605" sl="163" sc="21" el="163" ec="22" bec="0" bev="0" fileid="42" />
                <SequencePoint vc="0" uspid="12575" ordinal="19" offset="606" sl="164" sc="25" el="164" ec="104" bec="2" bev="0" fileid="42" />
                <SequencePoint vc="0" uspid="12576" ordinal="20" offset="642" sl="167" sc="21" el="167" ec="22" bec="0" bev="0" fileid="42" />
                <SequencePoint vc="0" uspid="12577" ordinal="21" offset="643" sl="168" sc="25" el="168" ec="67" bec="0" bev="0" fileid="42" />
                <SequencePoint vc="0" uspid="12578" ordinal="22" offset="650" sl="169" sc="25" el="169" ec="32" bec="0" bev="0" fileid="42" />
                <SequencePoint vc="0" uspid="12579" ordinal="23" offset="651" sl="169" sc="70" el="169" ec="83" bec="0" bev="0" fileid="42" />
                <SequencePoint vc="0" uspid="12580" ordinal="24" offset="666" sl="169" sc="34" el="169" ec="66" bec="0" bev="0" fileid="42" />
                <SequencePoint vc="0" uspid="12581" ordinal="25" offset="675" sl="170" sc="25" el="170" ec="26" bec="0" bev="0" fileid="42" />
                <SequencePoint vc="0" uspid="12582" ordinal="26" offset="676" sl="171" sc="29" el="171" ec="102" bec="0" bev="0" fileid="42" />
                <SequencePoint vc="0" uspid="12583" ordinal="27" offset="717" sl="172" sc="25" el="172" ec="26" bec="0" bev="0" fileid="42" />
                <SequencePoint vc="0" uspid="12584" ordinal="28" offset="718" sl="169" sc="67" el="169" ec="69" bec="0" bev="0" fileid="42" />
                <SequencePoint vc="0" uspid="12585" ordinal="29" offset="744" sl="173" sc="25" el="173" ec="37" bec="0" bev="0" fileid="42" />
                <SequencePoint vc="0" uspid="12586" ordinal="30" offset="749" sl="176" sc="21" el="176" ec="22" bec="0" bev="0" fileid="42" />
                <SequencePoint vc="0" uspid="12587" ordinal="31" offset="750" sl="177" sc="25" el="177" ec="37" bec="0" bev="0" fileid="42" />
                <SequencePoint vc="0" uspid="12588" ordinal="32" offset="754" sl="180" sc="9" el="180" ec="10" bec="0" bev="0" fileid="42" />
              </SequencePoints>
              <BranchPoints>
                <BranchPoint vc="0" uspid="12589" ordinal="0" offset="180" sl="126" path="0" offsetchain="185" offsetend="749" fileid="42" />
                <BranchPoint vc="0" uspid="12590" ordinal="1" offset="180" sl="126" path="1" offsetend="379" fileid="42" />
                <BranchPoint vc="0" uspid="12591" ordinal="2" offset="201" sl="126" path="0" offsetchain="206" offsetend="749" fileid="42" />
                <BranchPoint vc="0" uspid="12592" ordinal="3" offset="201" sl="126" path="1" offsetend="397" fileid="42" />
                <BranchPoint vc="0" uspid="12593" ordinal="4" offset="222" sl="126" path="0" offsetchain="227" offsetend="749" fileid="42" />
                <BranchPoint vc="0" uspid="12594" ordinal="5" offset="222" sl="126" path="1" offsetend="410" fileid="42" />
                <BranchPoint vc="0" uspid="12595" ordinal="6" offset="243" sl="126" path="0" offsetchain="248" offsetend="749" fileid="42" />
                <BranchPoint vc="0" uspid="12596" ordinal="7" offset="243" sl="126" path="1" offsetend="423" fileid="42" />
                <BranchPoint vc="0" uspid="12597" ordinal="8" offset="264" sl="126" path="0" offsetchain="269" offsetend="749" fileid="42" />
                <BranchPoint vc="0" uspid="12598" ordinal="9" offset="264" sl="126" path="1" offsetend="436" fileid="42" />
                <BranchPoint vc="0" uspid="12599" ordinal="10" offset="285" sl="126" path="0" offsetchain="290" offsetend="749" fileid="42" />
                <BranchPoint vc="0" uspid="12600" ordinal="11" offset="285" sl="126" path="1" offsetend="462" fileid="42" />
                <BranchPoint vc="0" uspid="12601" ordinal="12" offset="306" sl="126" path="0" offsetchain="311" offsetend="749" fileid="42" />
                <BranchPoint vc="0" uspid="12602" ordinal="13" offset="306" sl="126" path="1" offsetend="480" fileid="42" />
                <BranchPoint vc="0" uspid="12603" ordinal="14" offset="327" sl="126" path="0" offsetchain="332" offsetend="749" fileid="42" />
                <BranchPoint vc="0" uspid="12604" ordinal="15" offset="327" sl="126" path="1" offsetend="582" fileid="42" />
                <BranchPoint vc="0" uspid="12605" ordinal="16" offset="348" sl="126" path="0" offsetchain="353" offsetend="749" fileid="42" />
                <BranchPoint vc="0" uspid="12606" ordinal="17" offset="348" sl="126" path="1" offsetend="605" fileid="42" />
                <BranchPoint vc="0" uspid="12607" ordinal="18" offset="369" sl="126" path="0" offsetchain="374" offsetend="749" fileid="42" />
                <BranchPoint vc="0" uspid="12608" ordinal="19" offset="369" sl="126" path="1" offsetend="642" fileid="42" />
                <BranchPoint vc="0" uspid="12609" ordinal="20" offset="488" sl="154" path="0" offsetend="490" fileid="42" />
                <BranchPoint vc="0" uspid="12610" ordinal="21" offset="488" sl="154" path="1" offsetend="534" fileid="42" />
                <BranchPoint vc="0" uspid="12611" ordinal="22" offset="497" sl="154" path="0" offsetend="499" fileid="42" />
                <BranchPoint vc="0" uspid="12612" ordinal="23" offset="497" sl="154" path="1" offsetend="519" fileid="42" />
                <BranchPoint vc="0" uspid="12613" ordinal="24" offset="545" sl="154" path="0" offsetend="547" fileid="42" />
                <BranchPoint vc="0" uspid="12614" ordinal="25" offset="545" sl="154" path="1" offsetend="562" fileid="42" />
                <BranchPoint vc="0" uspid="12615" ordinal="26" offset="613" sl="164" path="0" offsetend="615" fileid="42" />
                <BranchPoint vc="0" uspid="12616" ordinal="27" offset="613" sl="164" path="1" offsetend="625" fileid="42" />
              </BranchPoints>
              <MethodPoint xsi:type="SequencePoint" vc="0" uspid="12556" ordinal="0" offset="0" sl="125" sc="9" el="125" ec="10" bec="0" bev="0" fileid="42" />
            </Method>
            <Method visited="true" cyclomaticComplexity="1" nPathComplexity="0" sequenceCoverage="100" branchCoverage="100" crapScore="1" isConstructor="true" isStatic="false" isGetter="false" isSetter="false">
              <Summary numSequencePoints="9" visitedSequencePoints="9" numBranchPoints="1" visitedBranchPoints="1" sequenceCoverage="100" branchCoverage="100" maxCyclomaticComplexity="1" minCyclomaticComplexity="1" maxCrapScore="1" minCrapScore="1" visitedClasses="0" numClasses="0" visitedMethods="1" numMethods="1" />
              <MetadataToken>100663856</MetadataToken>
              <Name>System.Void ExMat.Closure.ExNativeClosure::.ctor()</Name>
              <FileRef uid="42" />
              <SequencePoints>
                <SequencePoint vc="8" uspid="12617" ordinal="0" offset="0" sl="52" sc="9" el="52" ec="44" bec="0" bev="0" fileid="42" />
                <SequencePoint vc="8" uspid="12618" ordinal="1" offset="11" sl="64" sc="9" el="64" ec="64" bec="0" bev="0" fileid="42" />
                <SequencePoint vc="8" uspid="12619" ordinal="2" offset="22" sl="69" sc="9" el="69" ec="52" bec="0" bev="0" fileid="42" />
                <SequencePoint vc="8" uspid="12620" ordinal="3" offset="33" sl="74" sc="9" el="74" ec="46" bec="0" bev="0" fileid="42" />
                <SequencePoint vc="8" uspid="12621" ordinal="4" offset="44" sl="79" sc="9" el="79" ec="46" bec="0" bev="0" fileid="42" />
                <SequencePoint vc="8" uspid="12622" ordinal="5" offset="55" sl="84" sc="9" el="84" ec="43" bec="0" bev="0" fileid="42" />
                <SequencePoint vc="8" uspid="12623" ordinal="6" offset="66" sl="184" sc="9" el="184" ec="33" bec="0" bev="0" fileid="42" />
                <SequencePoint vc="8" uspid="12624" ordinal="7" offset="73" sl="184" sc="34" el="184" ec="35" bec="0" bev="0" fileid="42" />
                <SequencePoint vc="8" uspid="12625" ordinal="8" offset="74" sl="184" sc="36" el="184" ec="37" bec="0" bev="0" fileid="42" />
              </SequencePoints>
              <BranchPoints />
              <MethodPoint xsi:type="SequencePoint" vc="8" uspid="12617" ordinal="0" offset="0" sl="52" sc="9" el="52" ec="44" bec="0" bev="0" fileid="42" />
            </Method>
            <Method visited="false" cyclomaticComplexity="1" nPathComplexity="0" sequenceCoverage="0" branchCoverage="0" crapScore="2" isConstructor="false" isStatic="true" isGetter="false" isSetter="false">
              <Summary numSequencePoints="6" visitedSequencePoints="0" numBranchPoints="1" visitedBranchPoints="0" sequenceCoverage="0" branchCoverage="0" maxCyclomaticComplexity="1" minCyclomaticComplexity="1" maxCrapScore="2" minCrapScore="2" visitedClasses="0" numClasses="0" visitedMethods="0" numMethods="1" />
              <MetadataToken>100663857</MetadataToken>
              <Name>ExMat.Closure.ExNativeClosure ExMat.Closure.ExNativeClosure::Create(ExMat.States.ExSState,ExMat.ExMat/StdLibFunction,System.Int32)</Name>
              <FileRef uid="42" />
              <SequencePoints>
                <SequencePoint vc="0" uspid="12626" ordinal="0" offset="0" sl="194" sc="9" el="194" ec="10" bec="0" bev="0" fileid="42" />
                <SequencePoint vc="0" uspid="12627" ordinal="1" offset="1" sl="195" sc="13" el="195" ec="77" bec="0" bev="0" fileid="42" />
                <SequencePoint vc="0" uspid="12628" ordinal="2" offset="21" sl="196" sc="13" el="196" ec="56" bec="0" bev="0" fileid="42" />
                <SequencePoint vc="0" uspid="12629" ordinal="3" offset="34" sl="197" sc="13" el="197" ec="32" bec="0" bev="0" fileid="42" />
                <SequencePoint vc="0" uspid="12630" ordinal="4" offset="41" sl="198" sc="13" el="198" ec="24" bec="0" bev="0" fileid="42" />
                <SequencePoint vc="0" uspid="12631" ordinal="5" offset="45" sl="199" sc="9" el="199" ec="10" bec="0" bev="0" fileid="42" />
              </SequencePoints>
              <BranchPoints />
              <MethodPoint xsi:type="SequencePoint" vc="0" uspid="12626" ordinal="0" offset="0" sl="194" sc="9" el="194" ec="10" bec="0" bev="0" fileid="42" />
            </Method>
            <Method visited="false" cyclomaticComplexity="15" nPathComplexity="8192" sequenceCoverage="0" branchCoverage="0" crapScore="240" isConstructor="false" isStatic="false" isGetter="false" isSetter="false">
              <Summary numSequencePoints="24" visitedSequencePoints="0" numBranchPoints="27" visitedBranchPoints="0" sequenceCoverage="0" branchCoverage="0" maxCyclomaticComplexity="15" minCyclomaticComplexity="15" maxCrapScore="240" minCrapScore="240" visitedClasses="0" numClasses="0" visitedMethods="0" numMethods="1" />
              <MetadataToken>100663858</MetadataToken>
              <Name>System.String ExMat.Closure.ExNativeClosure::GetParameterInfoString()</Name>
              <FileRef uid="42" />
              <SequencePoints>
                <SequencePoint vc="0" uspid="12632" ordinal="0" offset="0" sl="202" sc="9" el="202" ec="10" bec="0" bev="0" fileid="42" />
                <SequencePoint vc="0" uspid="12633" ordinal="1" offset="1" sl="203" sc="13" el="203" ec="37" bec="0" bev="0" fileid="42" />
                <SequencePoint vc="0" uspid="12634" ordinal="2" offset="7" sl="204" sc="13" el="204" ec="40" bec="0" bev="0" fileid="42" />
                <SequencePoint vc="0" uspid="12635" ordinal="3" offset="13" sl="206" sc="13" el="207" ec="65" bec="6" bev="0" fileid="42" />
                <SequencePoint vc="0" uspid="12636" ordinal="4" offset="114" sl="208" sc="13" el="208" ec="14" bec="0" bev="0" fileid="42" />
                <SequencePoint vc="0" uspid="12637" ordinal="5" offset="115" sl="209" sc="17" el="209" ec="61" bec="2" bev="0" fileid="42" />
                <SequencePoint vc="0" uspid="12638" ordinal="6" offset="193" sl="210" sc="17" el="210" ec="70" bec="2" bev="0" fileid="42" />
                <SequencePoint vc="0" uspid="12639" ordinal="7" offset="272" sl="211" sc="17" el="211" ec="27" bec="0" bev="0" fileid="42" />
                <SequencePoint vc="0" uspid="12640" ordinal="8" offset="275" sl="213" sc="17" el="214" ec="42" bec="6" bev="0" fileid="42" />
                <SequencePoint vc="0" uspid="12641" ordinal="9" offset="371" sl="215" sc="17" el="215" ec="18" bec="0" bev="0" fileid="42" />
                <SequencePoint vc="0" uspid="12642" ordinal="10" offset="372" sl="216" sc="21" el="216" ec="39" bec="0" bev="0" fileid="42" />
                <SequencePoint vc="0" uspid="12643" ordinal="11" offset="380" sl="217" sc="17" el="217" ec="18" bec="0" bev="0" fileid="42" />
                <SequencePoint vc="0" uspid="12644" ordinal="12" offset="381" sl="219" sc="17" el="219" ec="69" bec="0" bev="0" fileid="42" />
                <SequencePoint vc="0" uspid="12645" ordinal="13" offset="406" sl="221" sc="17" el="221" ec="36" bec="2" bev="0" fileid="42" />
                <SequencePoint vc="0" uspid="12646" ordinal="14" offset="420" sl="222" sc="17" el="222" ec="18" bec="0" bev="0" fileid="42" />
                <SequencePoint vc="0" uspid="12647" ordinal="15" offset="421" sl="223" sc="21" el="223" ec="38" bec="2" bev="0" fileid="42" />
                <SequencePoint vc="0" uspid="12648" ordinal="16" offset="436" sl="224" sc="21" el="224" ec="22" bec="0" bev="0" fileid="42" />
                <SequencePoint vc="0" uspid="12649" ordinal="17" offset="437" sl="225" sc="25" el="225" ec="40" bec="0" bev="0" fileid="42" />
                <SequencePoint vc="0" uspid="12650" ordinal="18" offset="449" sl="226" sc="21" el="226" ec="22" bec="0" bev="0" fileid="42" />
                <SequencePoint vc="0" uspid="12651" ordinal="19" offset="450" sl="228" sc="21" el="231" ec="130" bec="2" bev="0" fileid="42" />
                <SequencePoint vc="0" uspid="12652" ordinal="20" offset="548" sl="232" sc="17" el="232" ec="18" bec="0" bev="0" fileid="42" />
                <SequencePoint vc="0" uspid="12653" ordinal="21" offset="549" sl="233" sc="13" el="233" ec="14" bec="0" bev="0" fileid="42" />
                <SequencePoint vc="0" uspid="12654" ordinal="22" offset="550" sl="235" sc="13" el="235" ec="128" bec="4" bev="0" fileid="42" />
                <SequencePoint vc="0" uspid="12655" ordinal="23" offset="600" sl="236" sc="9" el="236" ec="10" bec="0" bev="0" fileid="42" />
              </SequencePoints>
              <BranchPoints>
                <BranchPoint vc="0" uspid="12656" ordinal="0" offset="18" sl="206" path="0" offsetchain="20" offsetend="59" fileid="42" />
                <BranchPoint vc="0" uspid="12657" ordinal="1" offset="18" sl="206" path="1" offsetend="22" fileid="42" />
                <BranchPoint vc="0" uspid="12658" ordinal="2" offset="90" sl="206" path="0" offsetend="92" fileid="42" />
                <BranchPoint vc="0" uspid="12659" ordinal="3" offset="90" sl="206" path="1" offsetend="106" fileid="42" />
                <BranchPoint vc="0" uspid="12660" ordinal="4" offset="109" sl="206" path="0" offsetend="114" fileid="42" />
                <BranchPoint vc="0" uspid="12661" ordinal="5" offset="109" sl="206" path="1" offsetend="550" fileid="42" />
                <BranchPoint vc="0" uspid="12662" ordinal="6" offset="120" sl="209" path="0" offsetchain="122" offsetend="161" fileid="42" />
                <BranchPoint vc="0" uspid="12663" ordinal="7" offset="120" sl="209" path="1" offsetend="124" fileid="42" />
                <BranchPoint vc="0" uspid="12664" ordinal="8" offset="198" sl="210" path="0" offsetchain="200" offsetend="239" fileid="42" />
                <BranchPoint vc="0" uspid="12665" ordinal="9" offset="198" sl="210" path="1" offsetend="202" fileid="42" />
                <BranchPoint vc="0" uspid="12666" ordinal="10" offset="280" sl="213" path="0" offsetchain="282" offsetend="321" fileid="42" />
                <BranchPoint vc="0" uspid="12667" ordinal="11" offset="280" sl="213" path="1" offsetend="284" fileid="42" />
                <BranchPoint vc="0" uspid="12668" ordinal="12" offset="352" sl="213" path="0" offsetend="354" fileid="42" />
                <BranchPoint vc="0" uspid="12669" ordinal="13" offset="352" sl="213" path="1" offsetend="364" fileid="42" />
                <BranchPoint vc="0" uspid="12670" ordinal="14" offset="369" sl="213" path="0" offsetend="371" fileid="42" />
                <BranchPoint vc="0" uspid="12671" ordinal="15" offset="369" sl="213" path="1" offsetend="381" fileid="42" />
                <BranchPoint vc="0" uspid="12672" ordinal="16" offset="415" sl="221" path="0" offsetend="420" fileid="42" />
                <BranchPoint vc="0" uspid="12673" ordinal="17" offset="415" sl="221" path="1" offsetend="549" fileid="42" />
                <BranchPoint vc="0" uspid="12674" ordinal="18" offset="434" sl="223" path="0" offsetend="436" fileid="42" />
                <BranchPoint vc="0" uspid="12675" ordinal="19" offset="434" sl="223" path="1" offsetend="450" fileid="42" />
                <BranchPoint vc="0" uspid="12676" ordinal="20" offset="465" sl="228" path="0" offsetchain="467" offsetend="506" fileid="42" />
                <BranchPoint vc="0" uspid="12677" ordinal="21" offset="465" sl="228" path="1" offsetend="469" fileid="42" />
                <BranchPoint vc="0" uspid="12678" ordinal="22" offset="556" sl="235" path="0" offsetend="558" fileid="42" />
                <BranchPoint vc="0" uspid="12679" ordinal="23" offset="556" sl="235" path="1" offsetend="566" fileid="42" />
                <BranchPoint vc="0" uspid="12680" ordinal="24" offset="572" sl="235" path="0" offsetend="574" fileid="42" />
                <BranchPoint vc="0" uspid="12681" ordinal="25" offset="572" sl="235" path="1" offsetend="581" fileid="42" />
              </BranchPoints>
              <MethodPoint xsi:type="SequencePoint" vc="0" uspid="12632" ordinal="0" offset="0" sl="202" sc="9" el="202" ec="10" bec="0" bev="0" fileid="42" />
            </Method>
            <Method visited="false" cyclomaticComplexity="5" nPathComplexity="16" sequenceCoverage="0" branchCoverage="0" crapScore="30" isConstructor="false" isStatic="false" isGetter="false" isSetter="false">
              <Summary numSequencePoints="13" visitedSequencePoints="0" numBranchPoints="9" visitedBranchPoints="0" sequenceCoverage="0" branchCoverage="0" maxCyclomaticComplexity="5" minCyclomaticComplexity="5" maxCrapScore="30" minCrapScore="30" visitedClasses="0" numClasses="0" visitedMethods="0" numMethods="1" />
              <MetadataToken>100663859</MetadataToken>
              <Name>System.String ExMat.Closure.ExNativeClosure::GetInfoString()</Name>
              <FileRef uid="42" />
              <SequencePoints>
                <SequencePoint vc="0" uspid="12682" ordinal="0" offset="0" sl="239" sc="9" el="239" ec="10" bec="0" bev="0" fileid="42" />
                <SequencePoint vc="0" uspid="12683" ordinal="1" offset="1" sl="240" sc="13" el="240" ec="37" bec="0" bev="0" fileid="42" />
                <SequencePoint vc="0" uspid="12684" ordinal="2" offset="7" sl="242" sc="13" el="242" ec="53" bec="4" bev="0" fileid="42" />
                <SequencePoint vc="0" uspid="12685" ordinal="3" offset="91" sl="243" sc="13" el="243" ec="14" bec="0" bev="0" fileid="42" />
                <SequencePoint vc="0" uspid="12686" ordinal="4" offset="92" sl="244" sc="17" el="244" ec="30" bec="0" bev="0" fileid="42" />
                <SequencePoint vc="0" uspid="12687" ordinal="5" offset="104" sl="245" sc="17" el="245" ec="70" bec="2" bev="0" fileid="42" />
                <SequencePoint vc="0" uspid="12688" ordinal="6" offset="201" sl="246" sc="17" el="246" ec="72" bec="2" bev="0" fileid="42" />
                <SequencePoint vc="0" uspid="12689" ordinal="7" offset="298" sl="247" sc="13" el="247" ec="14" bec="0" bev="0" fileid="42" />
                <SequencePoint vc="0" uspid="12690" ordinal="8" offset="301" sl="249" sc="13" el="249" ec="14" bec="0" bev="0" fileid="42" />
                <SequencePoint vc="0" uspid="12691" ordinal="9" offset="302" sl="250" sc="17" el="250" ec="47" bec="0" bev="0" fileid="42" />
                <SequencePoint vc="0" uspid="12692" ordinal="10" offset="315" sl="251" sc="13" el="251" ec="14" bec="0" bev="0" fileid="42" />
                <SequencePoint vc="0" uspid="12693" ordinal="11" offset="316" sl="253" sc="13" el="253" ec="22" bec="0" bev="0" fileid="42" />
                <SequencePoint vc="0" uspid="12694" ordinal="12" offset="320" sl="254" sc="9" el="254" ec="10" bec="0" bev="0" fileid="42" />
              </SequencePoints>
              <BranchPoints>
                <BranchPoint vc="0" uspid="12695" ordinal="0" offset="12" sl="242" path="0" offsetchain="14" offsetend="53" fileid="42" />
                <BranchPoint vc="0" uspid="12696" ordinal="1" offset="12" sl="242" path="1" offsetend="16" fileid="42" />
                <BranchPoint vc="0" uspid="12697" ordinal="2" offset="86" sl="242" path="0" offsetend="91" fileid="42" />
                <BranchPoint vc="0" uspid="12698" ordinal="3" offset="86" sl="242" path="1" offsetend="301" fileid="42" />
                <BranchPoint vc="0" uspid="12699" ordinal="4" offset="115" sl="245" path="0" offsetchain="117" offsetend="156" fileid="42" />
                <BranchPoint vc="0" uspid="12700" ordinal="5" offset="115" sl="245" path="1" offsetend="119" fileid="42" />
                <BranchPoint vc="0" uspid="12701" ordinal="6" offset="212" sl="246" path="0" offsetchain="214" offsetend="253" fileid="42" />
                <BranchPoint vc="0" uspid="12702" ordinal="7" offset="212" sl="246" path="1" offsetend="216" fileid="42" />
              </BranchPoints>
              <MethodPoint xsi:type="SequencePoint" vc="0" uspid="12682" ordinal="0" offset="0" sl="239" sc="9" el="239" ec="10" bec="0" bev="0" fileid="42" />
            </Method>
            <Method visited="false" cyclomaticComplexity="1" nPathComplexity="0" sequenceCoverage="0" branchCoverage="0" crapScore="2" isConstructor="false" isStatic="false" isGetter="false" isSetter="false">
              <Summary numSequencePoints="3" visitedSequencePoints="0" numBranchPoints="1" visitedBranchPoints="0" sequenceCoverage="0" branchCoverage="0" maxCyclomaticComplexity="1" minCyclomaticComplexity="1" maxCrapScore="2" minCrapScore="2" visitedClasses="0" numClasses="0" visitedMethods="0" numMethods="1" />
              <MetadataToken>100663860</MetadataToken>
              <Name>System.String ExMat.Closure.ExNativeClosure::GetDebuggerDisplay()</Name>
              <FileRef uid="42" />
              <SequencePoints>
                <SequencePoint vc="0" uspid="12703" ordinal="0" offset="0" sl="258" sc="9" el="258" ec="10" bec="0" bev="0" fileid="42" />
                <SequencePoint vc="0" uspid="12704" ordinal="1" offset="1" sl="259" sc="13" el="259" ec="62" bec="0" bev="0" fileid="42" />
                <SequencePoint vc="0" uspid="12705" ordinal="2" offset="30" sl="260" sc="9" el="260" ec="10" bec="0" bev="0" fileid="42" />
              </SequencePoints>
              <BranchPoints />
              <MethodPoint xsi:type="SequencePoint" vc="0" uspid="12703" ordinal="0" offset="0" sl="258" sc="9" el="258" ec="10" bec="0" bev="0" fileid="42" />
            </Method>
          </Methods>
        </Class>
        <Class>
          <Summary numSequencePoints="0" visitedSequencePoints="0" numBranchPoints="0" visitedBranchPoints="0" sequenceCoverage="0" branchCoverage="0" maxCyclomaticComplexity="0" minCyclomaticComplexity="0" maxCrapScore="0" minCrapScore="0" visitedClasses="0" numClasses="0" visitedMethods="0" numMethods="0" />
          <FullName>ExMat.Closure.ExNativeClosure/&lt;&gt;o__17</FullName>
          <Methods />
        </Class>
        <Class>
          <Summary numSequencePoints="0" visitedSequencePoints="0" numBranchPoints="0" visitedBranchPoints="0" sequenceCoverage="0" branchCoverage="0" maxCyclomaticComplexity="0" minCyclomaticComplexity="0" maxCrapScore="0" minCrapScore="0" visitedClasses="0" numClasses="0" visitedMethods="0" numMethods="0" />
          <FullName>ExMat.Closure.ExNativeClosure/&lt;&gt;o__18</FullName>
          <Methods />
        </Class>
        <Class>
          <Summary numSequencePoints="180" visitedSequencePoints="13" numBranchPoints="59" visitedBranchPoints="1" sequenceCoverage="7.22" branchCoverage="1.69" maxCyclomaticComplexity="8" minCyclomaticComplexity="1" maxCrapScore="72" minCrapScore="1" visitedClasses="1" numClasses="1" visitedMethods="1" numMethods="15" />
          <FullName>ExMat.ExClass.ExClass</FullName>
          <Methods>
            <Method visited="false" cyclomaticComplexity="1" nPathComplexity="0" sequenceCoverage="0" branchCoverage="0" crapScore="2" isConstructor="false" isStatic="false" isGetter="true" isSetter="false">
              <Summary numSequencePoints="1" visitedSequencePoints="0" numBranchPoints="1" visitedBranchPoints="0" sequenceCoverage="0" branchCoverage="0" maxCyclomaticComplexity="1" minCyclomaticComplexity="1" maxCrapScore="2" minCrapScore="2" visitedClasses="0" numClasses="0" visitedMethods="0" numMethods="1" />
              <MetadataToken>100663861</MetadataToken>
              <Name>System.Boolean ExMat.ExClass.ExClass::get_HasInstances()</Name>
              <FileRef uid="43" />
              <SequencePoints>
                <SequencePoint vc="0" uspid="12706" ordinal="0" offset="0" sl="49" sc="37" el="49" ec="49" bec="0" bev="0" fileid="43" />
              </SequencePoints>
              <BranchPoints />
              <MethodPoint xsi:type="SequencePoint" vc="0" uspid="12706" ordinal="0" offset="0" sl="49" sc="37" el="49" ec="49" bec="0" bev="0" fileid="43" />
            </Method>
            <Method visited="false" cyclomaticComplexity="1" nPathComplexity="0" sequenceCoverage="0" branchCoverage="0" crapScore="2" isConstructor="false" isStatic="false" isGetter="true" isSetter="false">
              <Summary numSequencePoints="1" visitedSequencePoints="0" numBranchPoints="1" visitedBranchPoints="0" sequenceCoverage="0" branchCoverage="0" maxCyclomaticComplexity="1" minCyclomaticComplexity="1" maxCrapScore="2" minCrapScore="2" visitedClasses="0" numClasses="0" visitedMethods="0" numMethods="1" />
              <MetadataToken>100663862</MetadataToken>
              <Name>System.Int32 ExMat.ExClass.ExClass::get_ConstructorIndex()</Name>
              <FileRef uid="43" />
              <SequencePoints>
                <SequencePoint vc="0" uspid="12707" ordinal="0" offset="0" sl="56" sc="40" el="56" ec="53" bec="0" bev="0" fileid="43" />
              </SequencePoints>
              <BranchPoints />
              <MethodPoint xsi:type="SequencePoint" vc="0" uspid="12707" ordinal="0" offset="0" sl="56" sc="40" el="56" ec="53" bec="0" bev="0" fileid="43" />
            </Method>
            <Method visited="true" cyclomaticComplexity="1" nPathComplexity="0" sequenceCoverage="100" branchCoverage="100" crapScore="1" isConstructor="true" isStatic="false" isGetter="false" isSetter="false">
              <Summary numSequencePoints="13" visitedSequencePoints="13" numBranchPoints="1" visitedBranchPoints="1" sequenceCoverage="100" branchCoverage="100" maxCyclomaticComplexity="1" minCyclomaticComplexity="1" maxCrapScore="1" minCrapScore="1" visitedClasses="0" numClasses="0" visitedMethods="1" numMethods="1" />
              <MetadataToken>100663863</MetadataToken>
              <Name>System.Void ExMat.ExClass.ExClass::.ctor()</Name>
              <FileRef uid="43" />
              <SequencePoints>
                <SequencePoint vc="8" uspid="12708" ordinal="0" offset="0" sl="28" sc="9" el="28" ec="61" bec="0" bev="0" fileid="43" />
                <SequencePoint vc="8" uspid="12709" ordinal="1" offset="11" sl="32" sc="9" el="32" ec="49" bec="0" bev="0" fileid="43" />
                <SequencePoint vc="8" uspid="12710" ordinal="2" offset="22" sl="36" sc="9" el="36" ec="55" bec="0" bev="0" fileid="43" />
                <SequencePoint vc="8" uspid="12711" ordinal="3" offset="33" sl="40" sc="9" el="40" ec="49" bec="0" bev="0" fileid="43" />
                <SequencePoint vc="8" uspid="12712" ordinal="4" offset="44" sl="44" sc="9" el="44" ec="44" bec="0" bev="0" fileid="43" />
                <SequencePoint vc="8" uspid="12713" ordinal="5" offset="55" sl="72" sc="9" el="72" ec="25" bec="0" bev="0" fileid="43" />
                <SequencePoint vc="8" uspid="12714" ordinal="6" offset="62" sl="73" sc="9" el="73" ec="10" bec="0" bev="0" fileid="43" />
                <SequencePoint vc="8" uspid="12715" ordinal="7" offset="63" sl="74" sc="13" el="74" ec="40" bec="0" bev="0" fileid="43" />
                <SequencePoint vc="8" uspid="12716" ordinal="8" offset="69" sl="75" sc="13" el="75" ec="70" bec="0" bev="0" fileid="43" />
                <SequencePoint vc="8" uspid="12717" ordinal="9" offset="94" sl="77" sc="13" el="77" ec="34" bec="0" bev="0" fileid="43" />
                <SequencePoint vc="8" uspid="12718" ordinal="10" offset="101" sl="78" sc="13" el="78" ec="32" bec="0" bev="0" fileid="43" />
                <SequencePoint vc="8" uspid="12719" ordinal="11" offset="108" sl="80" sc="13" el="80" ec="89" bec="0" bev="0" fileid="43" />
                <SequencePoint vc="8" uspid="12720" ordinal="12" offset="137" sl="81" sc="9" el="81" ec="10" bec="0" bev="0" fileid="43" />
              </SequencePoints>
              <BranchPoints />
              <MethodPoint xsi:type="SequencePoint" vc="8" uspid="12708" ordinal="0" offset="0" sl="28" sc="9" el="28" ec="61" bec="0" bev="0" fileid="43" />
            </Method>
            <Method visited="false" cyclomaticComplexity="4" nPathComplexity="2" sequenceCoverage="0" branchCoverage="0" crapScore="20" isConstructor="true" isStatic="false" isGetter="false" isSetter="false">
              <Summary numSequencePoints="33" visitedSequencePoints="0" numBranchPoints="3" visitedBranchPoints="0" sequenceCoverage="0" branchCoverage="0" maxCyclomaticComplexity="4" minCyclomaticComplexity="4" maxCrapScore="20" minCrapScore="20" visitedClasses="0" numClasses="0" visitedMethods="0" numMethods="1" />
              <MetadataToken>100663864</MetadataToken>
              <Name>System.Void ExMat.ExClass.ExClass::.ctor(ExMat.States.ExSState,ExMat.ExClass.ExClass)</Name>
              <FileRef uid="43" />
              <SequencePoints>
                <SequencePoint vc="0" uspid="12721" ordinal="0" offset="0" sl="28" sc="9" el="28" ec="61" bec="0" bev="0" fileid="43" />
                <SequencePoint vc="0" uspid="12722" ordinal="1" offset="11" sl="32" sc="9" el="32" ec="49" bec="0" bev="0" fileid="43" />
                <SequencePoint vc="0" uspid="12723" ordinal="2" offset="22" sl="36" sc="9" el="36" ec="55" bec="0" bev="0" fileid="43" />
                <SequencePoint vc="0" uspid="12724" ordinal="3" offset="33" sl="40" sc="9" el="40" ec="49" bec="0" bev="0" fileid="43" />
                <SequencePoint vc="0" uspid="12725" ordinal="4" offset="44" sl="44" sc="9" el="44" ec="44" bec="0" bev="0" fileid="43" />
                <SequencePoint vc="0" uspid="12726" ordinal="5" offset="55" sl="88" sc="9" el="88" ec="48" bec="0" bev="0" fileid="43" />
                <SequencePoint vc="0" uspid="12727" ordinal="6" offset="62" sl="89" sc="9" el="89" ec="10" bec="0" bev="0" fileid="43" />
                <SequencePoint vc="0" uspid="12728" ordinal="7" offset="63" sl="90" sc="13" el="90" ec="40" bec="0" bev="0" fileid="43" />
                <SequencePoint vc="0" uspid="12729" ordinal="8" offset="69" sl="91" sc="13" el="91" ec="70" bec="0" bev="0" fileid="43" />
                <SequencePoint vc="0" uspid="12730" ordinal="9" offset="94" sl="93" sc="13" el="93" ec="31" bec="0" bev="0" fileid="43" />
                <SequencePoint vc="0" uspid="12731" ordinal="10" offset="101" sl="94" sc="13" el="94" ec="22" bec="0" bev="0" fileid="43" />
                <SequencePoint vc="0" uspid="12732" ordinal="11" offset="108" sl="96" sc="13" el="96" ec="34" bec="0" bev="0" fileid="43" />
                <SequencePoint vc="0" uspid="12733" ordinal="12" offset="115" sl="97" sc="13" el="97" ec="32" bec="0" bev="0" fileid="43" />
                <SequencePoint vc="0" uspid="12734" ordinal="13" offset="122" sl="98" sc="13" el="98" ec="89" bec="0" bev="0" fileid="43" />
                <SequencePoint vc="0" uspid="12735" ordinal="14" offset="151" sl="100" sc="13" el="100" ec="27" bec="2" bev="0" fileid="43" />
                <SequencePoint vc="0" uspid="12736" ordinal="15" offset="162" sl="101" sc="13" el="101" ec="14" bec="0" bev="0" fileid="43" />
                <SequencePoint vc="0" uspid="12737" ordinal="16" offset="163" sl="102" sc="17" el="102" ec="49" bec="0" bev="0" fileid="43" />
                <SequencePoint vc="0" uspid="12738" ordinal="17" offset="175" sl="103" sc="17" el="103" ec="60" bec="0" bev="0" fileid="43" />
                <SequencePoint vc="0" uspid="12739" ordinal="18" offset="197" sl="104" sc="22" el="104" ec="31" bec="0" bev="0" fileid="43" />
                <SequencePoint vc="0" uspid="12740" ordinal="19" offset="201" sl="105" sc="17" el="105" ec="18" bec="0" bev="0" fileid="43" />
                <SequencePoint vc="0" uspid="12741" ordinal="20" offset="202" sl="106" sc="21" el="106" ec="64" bec="0" bev="0" fileid="43" />
                <SequencePoint vc="0" uspid="12742" ordinal="21" offset="231" sl="107" sc="17" el="107" ec="18" bec="0" bev="0" fileid="43" />
                <SequencePoint vc="0" uspid="12743" ordinal="22" offset="232" sl="104" sc="60" el="104" ec="63" bec="0" bev="0" fileid="43" />
                <SequencePoint vc="0" uspid="12744" ordinal="23" offset="236" sl="104" sc="33" el="104" ec="58" bec="0" bev="0" fileid="43" />
                <SequencePoint vc="0" uspid="12745" ordinal="24" offset="254" sl="108" sc="17" el="108" ec="48" bec="0" bev="0" fileid="43" />
                <SequencePoint vc="0" uspid="12746" ordinal="25" offset="276" sl="109" sc="22" el="109" ec="31" bec="0" bev="0" fileid="43" />
                <SequencePoint vc="0" uspid="12747" ordinal="26" offset="281" sl="110" sc="17" el="110" ec="18" bec="0" bev="0" fileid="43" />
                <SequencePoint vc="0" uspid="12748" ordinal="27" offset="282" sl="111" sc="21" el="111" ec="52" bec="0" bev="0" fileid="43" />
                <SequencePoint vc="0" uspid="12749" ordinal="28" offset="312" sl="112" sc="17" el="112" ec="18" bec="0" bev="0" fileid="43" />
                <SequencePoint vc="0" uspid="12750" ordinal="29" offset="313" sl="109" sc="54" el="109" ec="57" bec="0" bev="0" fileid="43" />
                <SequencePoint vc="0" uspid="12751" ordinal="30" offset="319" sl="109" sc="33" el="109" ec="52" bec="0" bev="0" fileid="43" />
                <SequencePoint vc="0" uspid="12752" ordinal="31" offset="340" sl="113" sc="13" el="113" ec="14" bec="0" bev="0" fileid="43" />
                <SequencePoint vc="0" uspid="12753" ordinal="32" offset="341" sl="114" sc="9" el="114" ec="10" bec="0" bev="0" fileid="43" />
              </SequencePoints>
              <BranchPoints>
                <BranchPoint vc="0" uspid="12754" ordinal="0" offset="157" sl="100" path="0" offsetend="162" fileid="43" />
                <BranchPoint vc="0" uspid="12755" ordinal="1" offset="157" sl="100" path="1" offsetend="341" fileid="43" />
              </BranchPoints>
              <MethodPoint xsi:type="SequencePoint" vc="0" uspid="12721" ordinal="0" offset="0" sl="28" sc="9" el="28" ec="61" bec="0" bev="0" fileid="43" />
            </Method>
            <Method visited="false" cyclomaticComplexity="1" nPathComplexity="0" sequenceCoverage="0" branchCoverage="0" crapScore="2" isConstructor="false" isStatic="true" isGetter="false" isSetter="false">
              <Summary numSequencePoints="3" visitedSequencePoints="0" numBranchPoints="1" visitedBranchPoints="0" sequenceCoverage="0" branchCoverage="0" maxCyclomaticComplexity="1" minCyclomaticComplexity="1" maxCrapScore="2" minCrapScore="2" visitedClasses="0" numClasses="0" visitedMethods="0" numMethods="1" />
              <MetadataToken>100663865</MetadataToken>
              <Name>ExMat.ExClass.ExClass ExMat.ExClass.ExClass::Create(ExMat.States.ExSState,ExMat.ExClass.ExClass)</Name>
              <FileRef uid="43" />
              <SequencePoints>
                <SequencePoint vc="0" uspid="12756" ordinal="0" offset="0" sl="123" sc="9" el="123" ec="10" bec="0" bev="0" fileid="43" />
                <SequencePoint vc="0" uspid="12757" ordinal="1" offset="1" sl="124" sc="13" el="124" ec="32" bec="0" bev="0" fileid="43" />
                <SequencePoint vc="0" uspid="12758" ordinal="2" offset="11" sl="125" sc="9" el="125" ec="10" bec="0" bev="0" fileid="43" />
              </SequencePoints>
              <BranchPoints />
              <MethodPoint xsi:type="SequencePoint" vc="0" uspid="12756" ordinal="0" offset="0" sl="123" sc="9" el="123" ec="10" bec="0" bev="0" fileid="43" />
            </Method>
            <Method visited="false" cyclomaticComplexity="6" nPathComplexity="2" sequenceCoverage="0" branchCoverage="0" crapScore="42" isConstructor="false" isStatic="false" isGetter="false" isSetter="false">
              <Summary numSequencePoints="17" visitedSequencePoints="0" numBranchPoints="3" visitedBranchPoints="0" sequenceCoverage="0" branchCoverage="0" maxCyclomaticComplexity="6" minCyclomaticComplexity="6" maxCrapScore="42" minCrapScore="42" visitedClasses="0" numClasses="0" visitedMethods="0" numMethods="1" />
              <MetadataToken>100663866</MetadataToken>
              <Name>System.Void ExMat.ExClass.ExClass::Release()</Name>
              <FileRef uid="43" />
              <SequencePoints>
                <SequencePoint vc="0" uspid="12759" ordinal="0" offset="0" sl="128" sc="9" el="128" ec="10" bec="0" bev="0" fileid="43" />
                <SequencePoint vc="0" uspid="12760" ordinal="1" offset="1" sl="129" sc="13" el="129" ec="41" bec="2" bev="0" fileid="43" />
                <SequencePoint vc="0" uspid="12761" ordinal="2" offset="28" sl="130" sc="13" el="130" ec="14" bec="0" bev="0" fileid="43" />
                <SequencePoint vc="0" uspid="12762" ordinal="3" offset="29" sl="131" sc="17" el="131" ec="38" bec="0" bev="0" fileid="43" />
                <SequencePoint vc="0" uspid="12763" ordinal="4" offset="41" sl="132" sc="17" el="132" ec="65" bec="0" bev="0" fileid="43" />
                <SequencePoint vc="0" uspid="12764" ordinal="5" offset="84" sl="132" sc="66" el="132" ec="87" bec="0" bev="0" fileid="43" />
                <SequencePoint vc="0" uspid="12765" ordinal="6" offset="91" sl="133" sc="17" el="133" ec="59" bec="0" bev="0" fileid="43" />
                <SequencePoint vc="0" uspid="12766" ordinal="7" offset="134" sl="133" sc="60" el="133" ec="75" bec="0" bev="0" fileid="43" />
                <SequencePoint vc="0" uspid="12767" ordinal="8" offset="141" sl="134" sc="17" el="134" ec="59" bec="0" bev="0" fileid="43" />
                <SequencePoint vc="0" uspid="12768" ordinal="9" offset="184" sl="134" sc="60" el="134" ec="77" bec="0" bev="0" fileid="43" />
                <SequencePoint vc="0" uspid="12769" ordinal="10" offset="191" sl="135" sc="17" el="135" ec="32" bec="0" bev="0" fileid="43" />
                <SequencePoint vc="0" uspid="12770" ordinal="11" offset="198" sl="136" sc="17" el="136" ec="34" bec="0" bev="0" fileid="43" />
                <SequencePoint vc="0" uspid="12771" ordinal="12" offset="211" sl="137" sc="17" el="137" ec="18" bec="0" bev="0" fileid="43" />
                <SequencePoint vc="0" uspid="12772" ordinal="13" offset="212" sl="138" sc="21" el="138" ec="36" bec="0" bev="0" fileid="43" />
                <SequencePoint vc="0" uspid="12773" ordinal="14" offset="224" sl="139" sc="17" el="139" ec="18" bec="0" bev="0" fileid="43" />
                <SequencePoint vc="0" uspid="12774" ordinal="15" offset="225" sl="140" sc="13" el="140" ec="14" bec="0" bev="0" fileid="43" />
                <SequencePoint vc="0" uspid="12775" ordinal="16" offset="226" sl="141" sc="9" el="141" ec="10" bec="0" bev="0" fileid="43" />
              </SequencePoints>
              <BranchPoints>
                <BranchPoint vc="0" uspid="12776" ordinal="0" offset="23" sl="129" path="0" offsetend="28" fileid="43" />
                <BranchPoint vc="0" uspid="12777" ordinal="1" offset="23" sl="129" path="1" offsetend="226" fileid="43" />
              </BranchPoints>
              <MethodPoint xsi:type="SequencePoint" vc="0" uspid="12759" ordinal="0" offset="0" sl="128" sc="9" el="128" ec="10" bec="0" bev="0" fileid="43" />
            </Method>
            <Method visited="false" cyclomaticComplexity="2" nPathComplexity="2" sequenceCoverage="0" branchCoverage="0" crapScore="6" isConstructor="false" isStatic="false" isGetter="false" isSetter="false">
              <Summary numSequencePoints="7" visitedSequencePoints="0" numBranchPoints="3" visitedBranchPoints="0" sequenceCoverage="0" branchCoverage="0" maxCyclomaticComplexity="2" minCyclomaticComplexity="2" maxCrapScore="6" minCrapScore="6" visitedClasses="0" numClasses="0" visitedMethods="0" numMethods="1" />
              <MetadataToken>100663867</MetadataToken>
              <Name>System.Void ExMat.ExClass.ExClass::LockCls()</Name>
              <FileRef uid="43" />
              <SequencePoints>
                <SequencePoint vc="0" uspid="12778" ordinal="0" offset="0" sl="144" sc="9" el="144" ec="10" bec="0" bev="0" fileid="43" />
                <SequencePoint vc="0" uspid="12779" ordinal="1" offset="1" sl="145" sc="13" el="145" ec="33" bec="0" bev="0" fileid="43" />
                <SequencePoint vc="0" uspid="12780" ordinal="2" offset="8" sl="146" sc="13" el="146" ec="30" bec="2" bev="0" fileid="43" />
                <SequencePoint vc="0" uspid="12781" ordinal="3" offset="21" sl="147" sc="13" el="147" ec="14" bec="0" bev="0" fileid="43" />
                <SequencePoint vc="0" uspid="12782" ordinal="4" offset="22" sl="148" sc="17" el="148" ec="32" bec="0" bev="0" fileid="43" />
                <SequencePoint vc="0" uspid="12783" ordinal="5" offset="34" sl="149" sc="13" el="149" ec="14" bec="0" bev="0" fileid="43" />
                <SequencePoint vc="0" uspid="12784" ordinal="6" offset="35" sl="150" sc="9" el="150" ec="10" bec="0" bev="0" fileid="43" />
              </SequencePoints>
              <BranchPoints>
                <BranchPoint vc="0" uspid="12785" ordinal="0" offset="19" sl="146" path="0" offsetend="21" fileid="43" />
                <BranchPoint vc="0" uspid="12786" ordinal="1" offset="19" sl="146" path="1" offsetend="35" fileid="43" />
              </BranchPoints>
              <MethodPoint xsi:type="SequencePoint" vc="0" uspid="12778" ordinal="0" offset="0" sl="144" sc="9" el="144" ec="10" bec="0" bev="0" fileid="43" />
            </Method>
            <Method visited="false" cyclomaticComplexity="2" nPathComplexity="2" sequenceCoverage="0" branchCoverage="0" crapScore="6" isConstructor="false" isStatic="false" isGetter="false" isSetter="false">
              <Summary numSequencePoints="7" visitedSequencePoints="0" numBranchPoints="3" visitedBranchPoints="0" sequenceCoverage="0" branchCoverage="0" maxCyclomaticComplexity="2" minCyclomaticComplexity="2" maxCrapScore="6" minCrapScore="6" visitedClasses="0" numClasses="0" visitedMethods="0" numMethods="1" />
              <MetadataToken>100663868</MetadataToken>
              <Name>ExMat.ExClass.ExInstance ExMat.ExClass.ExClass::CreateInstance()</Name>
              <FileRef uid="43" />
              <SequencePoints>
                <SequencePoint vc="0" uspid="12787" ordinal="0" offset="0" sl="157" sc="9" el="157" ec="10" bec="0" bev="0" fileid="43" />
                <SequencePoint vc="0" uspid="12788" ordinal="1" offset="1" sl="158" sc="13" el="158" ec="31" bec="2" bev="0" fileid="43" />
                <SequencePoint vc="0" uspid="12789" ordinal="2" offset="14" sl="159" sc="13" el="159" ec="14" bec="0" bev="0" fileid="43" />
                <SequencePoint vc="0" uspid="12790" ordinal="3" offset="15" sl="160" sc="17" el="160" ec="27" bec="0" bev="0" fileid="43" />
                <SequencePoint vc="0" uspid="12791" ordinal="4" offset="22" sl="161" sc="13" el="161" ec="14" bec="0" bev="0" fileid="43" />
                <SequencePoint vc="0" uspid="12792" ordinal="5" offset="23" sl="162" sc="13" el="162" ec="57" bec="0" bev="0" fileid="43" />
                <SequencePoint vc="0" uspid="12793" ordinal="6" offset="38" sl="163" sc="9" el="163" ec="10" bec="0" bev="0" fileid="43" />
              </SequencePoints>
              <BranchPoints>
                <BranchPoint vc="0" uspid="12794" ordinal="0" offset="12" sl="158" path="0" offsetend="14" fileid="43" />
                <BranchPoint vc="0" uspid="12795" ordinal="1" offset="12" sl="158" path="1" offsetend="23" fileid="43" />
              </BranchPoints>
              <MethodPoint xsi:type="SequencePoint" vc="0" uspid="12787" ordinal="0" offset="0" sl="157" sc="9" el="157" ec="10" bec="0" bev="0" fileid="43" />
            </Method>
            <Method visited="false" cyclomaticComplexity="2" nPathComplexity="2" sequenceCoverage="0" branchCoverage="0" crapScore="6" isConstructor="false" isStatic="false" isGetter="false" isSetter="false">
              <Summary numSequencePoints="7" visitedSequencePoints="0" numBranchPoints="3" visitedBranchPoints="0" sequenceCoverage="0" branchCoverage="0" maxCyclomaticComplexity="2" minCyclomaticComplexity="2" maxCrapScore="6" minCrapScore="6" visitedClasses="0" numClasses="0" visitedMethods="0" numMethods="1" />
              <MetadataToken>100663869</MetadataToken>
              <Name>System.Boolean ExMat.ExClass.ExClass::GetConstructor(ExMat.Objects.ExObject&amp;)</Name>
              <FileRef uid="43" />
              <SequencePoints>
                <SequencePoint vc="0" uspid="12796" ordinal="0" offset="0" sl="171" sc="9" el="171" ec="10" bec="0" bev="0" fileid="43" />
                <SequencePoint vc="0" uspid="12797" ordinal="1" offset="1" sl="172" sc="13" el="172" ec="37" bec="2" bev="0" fileid="43" />
                <SequencePoint vc="0" uspid="12798" ordinal="2" offset="17" sl="173" sc="13" el="173" ec="14" bec="0" bev="0" fileid="43" />
                <SequencePoint vc="0" uspid="12799" ordinal="3" offset="18" sl="174" sc="17" el="174" ec="55" bec="0" bev="0" fileid="43" />
                <SequencePoint vc="0" uspid="12800" ordinal="4" offset="47" sl="175" sc="17" el="175" ec="29" bec="0" bev="0" fileid="43" />
                <SequencePoint vc="0" uspid="12801" ordinal="5" offset="51" sl="177" sc="13" el="177" ec="26" bec="0" bev="0" fileid="43" />
                <SequencePoint vc="0" uspid="12802" ordinal="6" offset="55" sl="178" sc="9" el="178" ec="10" bec="0" bev="0" fileid="43" />
              </SequencePoints>
              <BranchPoints>
                <BranchPoint vc="0" uspid="12803" ordinal="0" offset="15" sl="172" path="0" offsetend="17" fileid="43" />
                <BranchPoint vc="0" uspid="12804" ordinal="1" offset="15" sl="172" path="1" offsetend="51" fileid="43" />
              </BranchPoints>
              <MethodPoint xsi:type="SequencePoint" vc="0" uspid="12796" ordinal="0" offset="0" sl="171" sc="9" el="171" ec="10" bec="0" bev="0" fileid="43" />
            </Method>
            <Method visited="false" cyclomaticComplexity="3" nPathComplexity="4" sequenceCoverage="0" branchCoverage="0" crapScore="12" isConstructor="false" isStatic="false" isGetter="false" isSetter="false">
              <Summary numSequencePoints="14" visitedSequencePoints="0" numBranchPoints="5" visitedBranchPoints="0" sequenceCoverage="0" branchCoverage="0" maxCyclomaticComplexity="3" minCyclomaticComplexity="3" maxCrapScore="12" minCrapScore="12" visitedClasses="0" numClasses="0" visitedMethods="0" numMethods="1" />
              <MetadataToken>100663870</MetadataToken>
              <Name>System.Boolean ExMat.ExClass.ExClass::SetAttrs(ExMat.Objects.ExObject,ExMat.Objects.ExObject)</Name>
              <FileRef uid="43" />
              <SequencePoints>
                <SequencePoint vc="0" uspid="12805" ordinal="0" offset="0" sl="187" sc="9" el="187" ec="10" bec="0" bev="0" fileid="43" />
                <SequencePoint vc="0" uspid="12806" ordinal="1" offset="1" sl="188" sc="13" el="188" ec="54" bec="2" bev="0" fileid="43" />
                <SequencePoint vc="0" uspid="12807" ordinal="2" offset="22" sl="189" sc="13" el="189" ec="14" bec="0" bev="0" fileid="43" />
                <SequencePoint vc="0" uspid="12808" ordinal="3" offset="23" sl="190" sc="17" el="190" ec="55" bec="0" bev="0" fileid="43" />
                <SequencePoint vc="0" uspid="12809" ordinal="4" offset="41" sl="191" sc="17" el="191" ec="33" bec="2" bev="0" fileid="43" />
                <SequencePoint vc="0" uspid="12810" ordinal="5" offset="51" sl="192" sc="17" el="192" ec="18" bec="0" bev="0" fileid="43" />
                <SequencePoint vc="0" uspid="12811" ordinal="6" offset="52" sl="193" sc="21" el="193" ec="75" bec="0" bev="0" fileid="43" />
                <SequencePoint vc="0" uspid="12812" ordinal="7" offset="81" sl="194" sc="17" el="194" ec="18" bec="0" bev="0" fileid="43" />
                <SequencePoint vc="0" uspid="12813" ordinal="8" offset="84" sl="196" sc="17" el="196" ec="18" bec="0" bev="0" fileid="43" />
                <SequencePoint vc="0" uspid="12814" ordinal="9" offset="85" sl="197" sc="21" el="197" ec="69" bec="0" bev="0" fileid="43" />
                <SequencePoint vc="0" uspid="12815" ordinal="10" offset="114" sl="198" sc="17" el="198" ec="18" bec="0" bev="0" fileid="43" />
                <SequencePoint vc="0" uspid="12816" ordinal="11" offset="115" sl="199" sc="17" el="199" ec="29" bec="0" bev="0" fileid="43" />
                <SequencePoint vc="0" uspid="12817" ordinal="12" offset="119" sl="201" sc="13" el="201" ec="26" bec="0" bev="0" fileid="43" />
                <SequencePoint vc="0" uspid="12818" ordinal="13" offset="123" sl="202" sc="9" el="202" ec="10" bec="0" bev="0" fileid="43" />
              </SequencePoints>
              <BranchPoints>
                <BranchPoint vc="0" uspid="12819" ordinal="0" offset="20" sl="188" path="0" offsetend="22" fileid="43" />
                <BranchPoint vc="0" uspid="12820" ordinal="1" offset="20" sl="188" path="1" offsetend="119" fileid="43" />
                <BranchPoint vc="0" uspid="12821" ordinal="2" offset="49" sl="191" path="0" offsetend="51" fileid="43" />
                <BranchPoint vc="0" uspid="12822" ordinal="3" offset="49" sl="191" path="1" offsetend="84" fileid="43" />
              </BranchPoints>
              <MethodPoint xsi:type="SequencePoint" vc="0" uspid="12805" ordinal="0" offset="0" sl="187" sc="9" el="187" ec="10" bec="0" bev="0" fileid="43" />
            </Method>
            <Method visited="false" cyclomaticComplexity="8" nPathComplexity="128" sequenceCoverage="0" branchCoverage="0" crapScore="72" isConstructor="false" isStatic="false" isGetter="false" isSetter="false">
              <Summary numSequencePoints="35" visitedSequencePoints="0" numBranchPoints="15" visitedBranchPoints="0" sequenceCoverage="0" branchCoverage="0" maxCyclomaticComplexity="8" minCyclomaticComplexity="8" maxCrapScore="72" minCrapScore="72" visitedClasses="0" numClasses="0" visitedMethods="0" numMethods="1" />
              <MetadataToken>100663871</MetadataToken>
              <Name>System.Boolean ExMat.ExClass.ExClass::AddMethod(ExMat.States.ExSState,System.String,ExMat.Objects.ExObject,ExMat.Objects.ExObject)</Name>
              <FileRef uid="43" />
              <SequencePoints>
                <SequencePoint vc="0" uspid="12823" ordinal="0" offset="0" sl="205" sc="9" el="205" ec="10" bec="0" bev="0" fileid="43" />
                <SequencePoint vc="0" uspid="12824" ordinal="1" offset="1" sl="207" sc="13" el="208" ec="57" bec="5" bev="0" fileid="43" />
                <SequencePoint vc="0" uspid="12825" ordinal="2" offset="46" sl="209" sc="13" el="209" ec="14" bec="0" bev="0" fileid="43" />
                <SequencePoint vc="0" uspid="12826" ordinal="3" offset="47" sl="210" sc="17" el="210" ec="47" bec="0" bev="0" fileid="43" />
                <SequencePoint vc="0" uspid="12827" ordinal="4" offset="66" sl="211" sc="13" el="211" ec="14" bec="0" bev="0" fileid="43" />
                <SequencePoint vc="0" uspid="12828" ordinal="5" offset="72" sl="213" sc="13" el="213" ec="14" bec="0" bev="0" fileid="43" />
                <SequencePoint vc="0" uspid="12829" ordinal="6" offset="73" sl="214" sc="17" el="214" ec="37" bec="0" bev="0" fileid="43" />
                <SequencePoint vc="0" uspid="12830" ordinal="7" offset="75" sl="215" sc="17" el="215" ec="67" bec="4" bev="0" fileid="43" />
                <SequencePoint vc="0" uspid="12831" ordinal="8" offset="105" sl="216" sc="17" el="216" ec="18" bec="0" bev="0" fileid="43" />
                <SequencePoint vc="0" uspid="12832" ordinal="9" offset="106" sl="217" sc="21" el="217" ec="59" bec="0" bev="0" fileid="43" />
                <SequencePoint vc="0" uspid="12833" ordinal="10" offset="124" sl="218" sc="21" el="218" ec="51" bec="0" bev="0" fileid="43" />
                <SequencePoint vc="0" uspid="12834" ordinal="11" offset="141" sl="219" sc="21" el="219" ec="43" bec="0" bev="0" fileid="43" />
                <SequencePoint vc="0" uspid="12835" ordinal="12" offset="160" sl="220" sc="17" el="220" ec="18" bec="0" bev="0" fileid="43" />
                <SequencePoint vc="0" uspid="12836" ordinal="13" offset="163" sl="222" sc="17" el="222" ec="18" bec="0" bev="0" fileid="43" />
                <SequencePoint vc="0" uspid="12837" ordinal="14" offset="164" sl="223" sc="21" el="223" ec="51" bec="0" bev="0" fileid="43" />
                <SequencePoint vc="0" uspid="12838" ordinal="15" offset="176" sl="224" sc="21" el="224" ec="38" bec="0" bev="0" fileid="43" />
                <SequencePoint vc="0" uspid="12839" ordinal="16" offset="190" sl="225" sc="17" el="225" ec="18" bec="0" bev="0" fileid="43" />
                <SequencePoint vc="0" uspid="12840" ordinal="17" offset="191" sl="227" sc="17" el="227" ec="50" bec="2" bev="0" fileid="43" />
                <SequencePoint vc="0" uspid="12841" ordinal="18" offset="204" sl="228" sc="17" el="228" ec="18" bec="0" bev="0" fileid="43" />
                <SequencePoint vc="0" uspid="12842" ordinal="19" offset="205" sl="229" sc="21" el="229" ec="73" bec="0" bev="0" fileid="43" />
                <SequencePoint vc="0" uspid="12843" ordinal="20" offset="224" sl="231" sc="21" el="231" ec="33" bec="2" bev="0" fileid="43" />
                <SequencePoint vc="0" uspid="12844" ordinal="21" offset="232" sl="232" sc="21" el="232" ec="22" bec="0" bev="0" fileid="43" />
                <SequencePoint vc="0" uspid="12845" ordinal="22" offset="233" sl="233" sc="25" el="233" ec="55" bec="0" bev="0" fileid="43" />
                <SequencePoint vc="0" uspid="12846" ordinal="23" offset="250" sl="234" sc="21" el="234" ec="22" bec="0" bev="0" fileid="43" />
                <SequencePoint vc="0" uspid="12847" ordinal="24" offset="251" sl="236" sc="21" el="236" ec="43" bec="0" bev="0" fileid="43" />
                <SequencePoint vc="0" uspid="12848" ordinal="25" offset="258" sl="237" sc="21" el="237" ec="43" bec="0" bev="0" fileid="43" />
                <SequencePoint vc="0" uspid="12849" ordinal="26" offset="272" sl="238" sc="21" el="238" ec="85" bec="0" bev="0" fileid="43" />
                <SequencePoint vc="0" uspid="12850" ordinal="27" offset="308" sl="239" sc="21" el="239" ec="37" bec="0" bev="0" fileid="43" />
                <SequencePoint vc="0" uspid="12851" ordinal="28" offset="322" sl="240" sc="17" el="240" ec="18" bec="0" bev="0" fileid="43" />
                <SequencePoint vc="0" uspid="12852" ordinal="29" offset="325" sl="242" sc="17" el="242" ec="18" bec="0" bev="0" fileid="43" />
                <SequencePoint vc="0" uspid="12853" ordinal="30" offset="326" sl="243" sc="21" el="243" ec="72" bec="0" bev="0" fileid="43" />
                <SequencePoint vc="0" uspid="12854" ordinal="31" offset="356" sl="244" sc="17" el="244" ec="18" bec="0" bev="0" fileid="43" />
                <SequencePoint vc="0" uspid="12855" ordinal="32" offset="357" sl="245" sc="13" el="245" ec="14" bec="0" bev="0" fileid="43" />
                <SequencePoint vc="0" uspid="12856" ordinal="33" offset="358" sl="246" sc="13" el="246" ec="25" bec="0" bev="0" fileid="43" />
                <SequencePoint vc="0" uspid="12857" ordinal="34" offset="363" sl="247" sc="9" el="247" ec="10" bec="0" bev="0" fileid="43" />
              </SequencePoints>
              <BranchPoints>
                <BranchPoint vc="0" uspid="12858" ordinal="0" offset="14" sl="207" path="0" offsetend="16" fileid="43" />
                <BranchPoint vc="0" uspid="12859" ordinal="1" offset="14" sl="207" path="1" offsetend="24" fileid="43" />
                <BranchPoint vc="0" uspid="12860" ordinal="2" offset="22" sl="207" path="0" offsetend="24" fileid="43" />
                <BranchPoint vc="0" uspid="12861" ordinal="3" offset="22" sl="207" path="1" offsetend="41" fileid="43" />
                <BranchPoint vc="0" uspid="12862" ordinal="4" offset="44" sl="207" path="0" offsetend="46" fileid="43" />
                <BranchPoint vc="0" uspid="12863" ordinal="5" offset="44" sl="207" path="1" offsetend="72" fileid="43" />
                <BranchPoint vc="0" uspid="12864" ordinal="6" offset="81" sl="215" path="0" offsetend="83" fileid="43" />
                <BranchPoint vc="0" uspid="12865" ordinal="7" offset="81" sl="215" path="1" offsetend="98" fileid="43" />
                <BranchPoint vc="0" uspid="12866" ordinal="8" offset="103" sl="215" path="0" offsetend="105" fileid="43" />
                <BranchPoint vc="0" uspid="12867" ordinal="9" offset="103" sl="215" path="1" offsetend="163" fileid="43" />
                <BranchPoint vc="0" uspid="12868" ordinal="10" offset="202" sl="227" path="0" offsetend="204" fileid="43" />
                <BranchPoint vc="0" uspid="12869" ordinal="11" offset="202" sl="227" path="1" offsetend="325" fileid="43" />
                <BranchPoint vc="0" uspid="12870" ordinal="12" offset="230" sl="231" path="0" offsetend="232" fileid="43" />
                <BranchPoint vc="0" uspid="12871" ordinal="13" offset="230" sl="231" path="1" offsetend="251" fileid="43" />
              </BranchPoints>
              <MethodPoint xsi:type="SequencePoint" vc="0" uspid="12823" ordinal="0" offset="0" sl="205" sc="9" el="205" ec="10" bec="0" bev="0" fileid="43" />
            </Method>
            <Method visited="false" cyclomaticComplexity="1" nPathComplexity="0" sequenceCoverage="0" branchCoverage="0" crapScore="2" isConstructor="false" isStatic="false" isGetter="false" isSetter="false">
              <Summary numSequencePoints="7" visitedSequencePoints="0" numBranchPoints="1" visitedBranchPoints="0" sequenceCoverage="0" branchCoverage="0" maxCyclomaticComplexity="1" minCyclomaticComplexity="1" maxCrapScore="2" minCrapScore="2" visitedClasses="0" numClasses="0" visitedMethods="0" numMethods="1" />
              <MetadataToken>100663872</MetadataToken>
              <Name>System.Boolean ExMat.ExClass.ExClass::AddMember(System.String,ExMat.Objects.ExObject)</Name>
              <FileRef uid="43" />
              <SequencePoints>
                <SequencePoint vc="0" uspid="12872" ordinal="0" offset="0" sl="250" sc="9" el="250" ec="10" bec="0" bev="0" fileid="43" />
                <SequencePoint vc="0" uspid="12873" ordinal="1" offset="1" sl="251" sc="13" el="251" ec="37" bec="0" bev="0" fileid="43" />
                <SequencePoint vc="0" uspid="12874" ordinal="2" offset="7" sl="252" sc="13" el="252" ec="36" bec="0" bev="0" fileid="43" />
                <SequencePoint vc="0" uspid="12875" ordinal="3" offset="20" sl="253" sc="13" el="253" ec="80" bec="0" bev="0" fileid="43" />
                <SequencePoint vc="0" uspid="12876" ordinal="4" offset="56" sl="254" sc="13" el="254" ec="37" bec="0" bev="0" fileid="43" />
                <SequencePoint vc="0" uspid="12877" ordinal="5" offset="69" sl="255" sc="13" el="255" ec="25" bec="0" bev="0" fileid="43" />
                <SequencePoint vc="0" uspid="12878" ordinal="6" offset="73" sl="256" sc="9" el="256" ec="10" bec="0" bev="0" fileid="43" />
              </SequencePoints>
              <BranchPoints />
              <MethodPoint xsi:type="SequencePoint" vc="0" uspid="12872" ordinal="0" offset="0" sl="250" sc="9" el="250" ec="10" bec="0" bev="0" fileid="43" />
            </Method>
            <Method visited="false" cyclomaticComplexity="7" nPathComplexity="64" sequenceCoverage="0" branchCoverage="0" crapScore="56" isConstructor="false" isStatic="false" isGetter="false" isSetter="false">
              <Summary numSequencePoints="21" visitedSequencePoints="0" numBranchPoints="13" visitedBranchPoints="0" sequenceCoverage="0" branchCoverage="0" maxCyclomaticComplexity="7" minCyclomaticComplexity="7" maxCrapScore="56" minCrapScore="56" visitedClasses="0" numClasses="0" visitedMethods="0" numMethods="1" />
              <MetadataToken>100663873</MetadataToken>
              <Name>System.Boolean ExMat.ExClass.ExClass::NewSlot(ExMat.States.ExSState,ExMat.Objects.ExObject,ExMat.Objects.ExObject,System.Boolean)</Name>
              <FileRef uid="43" />
              <SequencePoints>
                <SequencePoint vc="0" uspid="12879" ordinal="0" offset="0" sl="259" sc="9" el="259" ec="10" bec="0" bev="0" fileid="43" />
                <SequencePoint vc="0" uspid="12880" ordinal="1" offset="1" sl="260" sc="13" el="260" ec="94" bec="2" bev="0" fileid="43" />
                <SequencePoint vc="0" uspid="12881" ordinal="2" offset="37" sl="261" sc="13" el="261" ec="40" bec="4" bev="0" fileid="43" />
                <SequencePoint vc="0" uspid="12882" ordinal="3" offset="58" sl="262" sc="13" el="262" ec="14" bec="0" bev="0" fileid="43" />
                <SequencePoint vc="0" uspid="12883" ordinal="4" offset="59" sl="263" sc="17" el="263" ec="30" bec="0" bev="0" fileid="43" />
                <SequencePoint vc="0" uspid="12884" ordinal="5" offset="67" sl="266" sc="13" el="266" ec="40" bec="0" bev="0" fileid="43" />
                <SequencePoint vc="0" uspid="12885" ordinal="6" offset="74" sl="269" sc="13" el="269" ec="40" bec="2" bev="0" fileid="43" />
                <SequencePoint vc="0" uspid="12886" ordinal="7" offset="92" sl="270" sc="13" el="270" ec="14" bec="0" bev="0" fileid="43" />
                <SequencePoint vc="0" uspid="12887" ordinal="8" offset="93" sl="271" sc="17" el="271" ec="42" bec="2" bev="0" fileid="43" />
                <SequencePoint vc="0" uspid="12888" ordinal="9" offset="116" sl="272" sc="17" el="272" ec="18" bec="0" bev="0" fileid="43" />
                <SequencePoint vc="0" uspid="12889" ordinal="10" offset="117" sl="273" sc="21" el="273" ec="79" bec="0" bev="0" fileid="43" />
                <SequencePoint vc="0" uspid="12890" ordinal="11" offset="157" sl="274" sc="21" el="274" ec="33" bec="0" bev="0" fileid="43" />
                <SequencePoint vc="0" uspid="12891" ordinal="12" offset="162" sl="277" sc="17" el="277" ec="18" bec="0" bev="0" fileid="43" />
                <SequencePoint vc="0" uspid="12892" ordinal="13" offset="163" sl="278" sc="21" el="278" ec="38" bec="0" bev="0" fileid="43" />
                <SequencePoint vc="0" uspid="12893" ordinal="14" offset="176" sl="279" sc="17" el="279" ec="18" bec="0" bev="0" fileid="43" />
                <SequencePoint vc="0" uspid="12894" ordinal="15" offset="177" sl="280" sc="13" el="280" ec="14" bec="0" bev="0" fileid="43" />
                <SequencePoint vc="0" uspid="12895" ordinal="16" offset="180" sl="282" sc="13" el="282" ec="14" bec="0" bev="0" fileid="43" />
                <SequencePoint vc="0" uspid="12896" ordinal="17" offset="181" sl="283" sc="17" el="283" ec="29" bec="0" bev="0" fileid="43" />
                <SequencePoint vc="0" uspid="12897" ordinal="18" offset="187" sl="284" sc="13" el="284" ec="14" bec="0" bev="0" fileid="43" />
                <SequencePoint vc="0" uspid="12898" ordinal="19" offset="188" sl="286" sc="13" el="286" ec="76" bec="2" bev="0" fileid="43" />
                <SequencePoint vc="0" uspid="12899" ordinal="20" offset="215" sl="287" sc="9" el="287" ec="10" bec="0" bev="0" fileid="43" />
              </SequencePoints>
              <BranchPoints>
                <BranchPoint vc="0" uspid="12900" ordinal="0" offset="14" sl="260" path="0" offsetend="16" fileid="43" />
                <BranchPoint vc="0" uspid="12901" ordinal="1" offset="14" sl="260" path="1" offsetend="29" fileid="43" />
                <BranchPoint vc="0" uspid="12902" ordinal="2" offset="43" sl="261" path="0" offsetend="45" fileid="43" />
                <BranchPoint vc="0" uspid="12903" ordinal="3" offset="43" sl="261" path="1" offsetend="51" fileid="43" />
                <BranchPoint vc="0" uspid="12904" ordinal="4" offset="56" sl="261" path="0" offsetend="58" fileid="43" />
                <BranchPoint vc="0" uspid="12905" ordinal="5" offset="56" sl="261" path="1" offsetend="67" fileid="43" />
                <BranchPoint vc="0" uspid="12906" ordinal="6" offset="90" sl="269" path="0" offsetend="92" fileid="43" />
                <BranchPoint vc="0" uspid="12907" ordinal="7" offset="90" sl="269" path="1" offsetend="180" fileid="43" />
                <BranchPoint vc="0" uspid="12908" ordinal="8" offset="114" sl="271" path="0" offsetend="116" fileid="43" />
                <BranchPoint vc="0" uspid="12909" ordinal="9" offset="114" sl="271" path="1" offsetend="162" fileid="43" />
                <BranchPoint vc="0" uspid="12910" ordinal="10" offset="189" sl="286" path="0" offsetend="191" fileid="43" />
                <BranchPoint vc="0" uspid="12911" ordinal="11" offset="189" sl="286" path="1" offsetend="201" fileid="43" />
              </BranchPoints>
              <MethodPoint xsi:type="SequencePoint" vc="0" uspid="12879" ordinal="0" offset="0" sl="259" sc="9" el="259" ec="10" bec="0" bev="0" fileid="43" />
            </Method>
            <Method visited="false" cyclomaticComplexity="2" nPathComplexity="2" sequenceCoverage="0" branchCoverage="0" crapScore="6" isConstructor="false" isStatic="false" isGetter="false" isSetter="false">
              <Summary numSequencePoints="3" visitedSequencePoints="0" numBranchPoints="3" visitedBranchPoints="0" sequenceCoverage="0" branchCoverage="0" maxCyclomaticComplexity="2" minCyclomaticComplexity="2" maxCrapScore="6" minCrapScore="6" visitedClasses="0" numClasses="0" visitedMethods="0" numMethods="1" />
              <MetadataToken>100663874</MetadataToken>
              <Name>System.String ExMat.ExClass.ExClass::GetDebuggerDisplay()</Name>
              <FileRef uid="43" />
              <SequencePoints>
                <SequencePoint vc="0" uspid="12912" ordinal="0" offset="0" sl="291" sc="9" el="291" ec="10" bec="0" bev="0" fileid="43" />
                <SequencePoint vc="0" uspid="12913" ordinal="1" offset="1" sl="292" sc="13" el="294" ec="87" bec="2" bev="0" fileid="43" />
                <SequencePoint vc="0" uspid="12914" ordinal="2" offset="178" sl="295" sc="9" el="295" ec="10" bec="0" bev="0" fileid="43" />
              </SequencePoints>
              <BranchPoints>
                <BranchPoint vc="0" uspid="12915" ordinal="0" offset="7" sl="292" path="0" offsetend="9" fileid="43" />
                <BranchPoint vc="0" uspid="12916" ordinal="1" offset="7" sl="292" path="1" offsetend="82" fileid="43" />
              </BranchPoints>
              <MethodPoint xsi:type="SequencePoint" vc="0" uspid="12912" ordinal="0" offset="0" sl="291" sc="9" el="291" ec="10" bec="0" bev="0" fileid="43" />
            </Method>
            <Method visited="false" cyclomaticComplexity="2" nPathComplexity="2" sequenceCoverage="0" branchCoverage="0" crapScore="6" isConstructor="false" isStatic="false" isGetter="false" isSetter="false">
              <Summary numSequencePoints="11" visitedSequencePoints="0" numBranchPoints="3" visitedBranchPoints="0" sequenceCoverage="0" branchCoverage="0" maxCyclomaticComplexity="2" minCyclomaticComplexity="2" maxCrapScore="6" minCrapScore="6" visitedClasses="0" numClasses="0" visitedMethods="0" numMethods="1" />
              <MetadataToken>100663875</MetadataToken>
              <Name>System.Void ExMat.ExClass.ExClass::Dispose(System.Boolean)</Name>
              <FileRef uid="43" />
              <SequencePoints>
                <SequencePoint vc="0" uspid="12917" ordinal="0" offset="0" sl="299" sc="9" el="299" ec="10" bec="0" bev="0" fileid="43" />
                <SequencePoint vc="0" uspid="12918" ordinal="1" offset="1" sl="300" sc="13" el="300" ec="36" bec="2" bev="0" fileid="43" />
                <SequencePoint vc="0" uspid="12919" ordinal="2" offset="14" sl="301" sc="13" el="301" ec="14" bec="0" bev="0" fileid="43" />
                <SequencePoint vc="0" uspid="12920" ordinal="3" offset="15" sl="302" sc="17" el="302" ec="24" bec="0" bev="0" fileid="43" />
                <SequencePoint vc="0" uspid="12921" ordinal="4" offset="17" sl="305" sc="13" el="305" ec="37" bec="0" bev="0" fileid="43" />
                <SequencePoint vc="0" uspid="12922" ordinal="5" offset="25" sl="307" sc="13" el="307" ec="45" bec="0" bev="0" fileid="43" />
                <SequencePoint vc="0" uspid="12923" ordinal="6" offset="46" sl="308" sc="13" el="308" ec="51" bec="0" bev="0" fileid="43" />
                <SequencePoint vc="0" uspid="12924" ordinal="7" offset="67" sl="310" sc="13" el="310" ec="49" bec="0" bev="0" fileid="43" />
                <SequencePoint vc="0" uspid="12925" ordinal="8" offset="79" sl="311" sc="13" el="311" ec="55" bec="0" bev="0" fileid="43" />
                <SequencePoint vc="0" uspid="12926" ordinal="9" offset="91" sl="312" sc="13" el="312" ec="51" bec="0" bev="0" fileid="43" />
                <SequencePoint vc="0" uspid="12927" ordinal="10" offset="103" sl="313" sc="9" el="313" ec="10" bec="0" bev="0" fileid="43" />
              </SequencePoints>
              <BranchPoints>
                <BranchPoint vc="0" uspid="12928" ordinal="0" offset="12" sl="300" path="0" offsetend="14" fileid="43" />
                <BranchPoint vc="0" uspid="12929" ordinal="1" offset="12" sl="300" path="1" offsetend="17" fileid="43" />
              </BranchPoints>
              <MethodPoint xsi:type="SequencePoint" vc="0" uspid="12917" ordinal="0" offset="0" sl="299" sc="9" el="299" ec="10" bec="0" bev="0" fileid="43" />
            </Method>
          </Methods>
        </Class>
        <Class>
          <Summary numSequencePoints="3" visitedSequencePoints="0" numBranchPoints="3" visitedBranchPoints="0" sequenceCoverage="0" branchCoverage="0" maxCyclomaticComplexity="1" minCyclomaticComplexity="1" maxCrapScore="2" minCrapScore="2" visitedClasses="0" numClasses="1" visitedMethods="0" numMethods="3" />
          <FullName>ExMat.ExClass.ExClass/&lt;&gt;c</FullName>
          <Methods>
            <Method visited="false" cyclomaticComplexity="1" nPathComplexity="0" sequenceCoverage="0" branchCoverage="0" crapScore="2" isConstructor="true" isStatic="true" isGetter="false" isSetter="false">
              <Summary numSequencePoints="0" visitedSequencePoints="0" numBranchPoints="0" visitedBranchPoints="0" sequenceCoverage="0" branchCoverage="0" maxCyclomaticComplexity="1" minCyclomaticComplexity="1" maxCrapScore="2" minCrapScore="2" visitedClasses="0" numClasses="0" visitedMethods="0" numMethods="0" />
              <MetadataToken>100664145</MetadataToken>
              <Name>System.Void ExMat.ExClass.ExClass/&lt;&gt;c::.cctor()</Name>
              <SequencePoints />
              <BranchPoints />
              <MethodPoint vc="0" uspid="12930" ordinal="0" offset="0" />
            </Method>
            <Method visited="false" cyclomaticComplexity="1" nPathComplexity="0" sequenceCoverage="0" branchCoverage="0" crapScore="2" isConstructor="true" isStatic="false" isGetter="false" isSetter="false">
              <Summary numSequencePoints="0" visitedSequencePoints="0" numBranchPoints="0" visitedBranchPoints="0" sequenceCoverage="0" branchCoverage="0" maxCyclomaticComplexity="1" minCyclomaticComplexity="1" maxCrapScore="2" minCrapScore="2" visitedClasses="0" numClasses="0" visitedMethods="0" numMethods="0" />
              <MetadataToken>100664146</MetadataToken>
              <Name>System.Void ExMat.ExClass.ExClass/&lt;&gt;c::.ctor()</Name>
              <SequencePoints />
              <BranchPoints />
              <MethodPoint vc="0" uspid="12931" ordinal="0" offset="0" />
            </Method>
            <Method visited="false" cyclomaticComplexity="1" nPathComplexity="0" sequenceCoverage="0" branchCoverage="0" crapScore="2" isConstructor="false" isStatic="false" isGetter="false" isSetter="false">
              <Summary numSequencePoints="1" visitedSequencePoints="0" numBranchPoints="1" visitedBranchPoints="0" sequenceCoverage="0" branchCoverage="0" maxCyclomaticComplexity="1" minCyclomaticComplexity="1" maxCrapScore="2" minCrapScore="2" visitedClasses="0" numClasses="0" visitedMethods="0" numMethods="1" />
              <MetadataToken>100664147</MetadataToken>
              <Name>System.Boolean ExMat.ExClass.ExClass/&lt;&gt;c::&lt;Release&gt;b__17_0(ExMat.ExClass.ExClassMem)</Name>
              <FileRef uid="43" />
              <SequencePoints>
                <SequencePoint vc="0" uspid="12932" ordinal="0" offset="0" sl="132" sc="59" el="132" ec="63" bec="0" bev="0" fileid="43" />
              </SequencePoints>
              <BranchPoints />
              <MethodPoint xsi:type="SequencePoint" vc="0" uspid="12932" ordinal="0" offset="0" sl="132" sc="59" el="132" ec="63" bec="0" bev="0" fileid="43" />
            </Method>
            <Method visited="false" cyclomaticComplexity="1" nPathComplexity="0" sequenceCoverage="0" branchCoverage="0" crapScore="2" isConstructor="false" isStatic="false" isGetter="false" isSetter="false">
              <Summary numSequencePoints="1" visitedSequencePoints="0" numBranchPoints="1" visitedBranchPoints="0" sequenceCoverage="0" branchCoverage="0" maxCyclomaticComplexity="1" minCyclomaticComplexity="1" maxCrapScore="2" minCrapScore="2" visitedClasses="0" numClasses="0" visitedMethods="0" numMethods="1" />
              <MetadataToken>100664148</MetadataToken>
              <Name>System.Boolean ExMat.ExClass.ExClass/&lt;&gt;c::&lt;Release&gt;b__17_1(ExMat.ExClass.ExClassMem)</Name>
              <FileRef uid="43" />
              <SequencePoints>
                <SequencePoint vc="0" uspid="12933" ordinal="0" offset="0" sl="133" sc="53" el="133" ec="57" bec="0" bev="0" fileid="43" />
              </SequencePoints>
              <BranchPoints />
              <MethodPoint xsi:type="SequencePoint" vc="0" uspid="12933" ordinal="0" offset="0" sl="133" sc="53" el="133" ec="57" bec="0" bev="0" fileid="43" />
            </Method>
            <Method visited="false" cyclomaticComplexity="1" nPathComplexity="0" sequenceCoverage="0" branchCoverage="0" crapScore="2" isConstructor="false" isStatic="false" isGetter="false" isSetter="false">
              <Summary numSequencePoints="1" visitedSequencePoints="0" numBranchPoints="1" visitedBranchPoints="0" sequenceCoverage="0" branchCoverage="0" maxCyclomaticComplexity="1" minCyclomaticComplexity="1" maxCrapScore="2" minCrapScore="2" visitedClasses="0" numClasses="0" visitedMethods="0" numMethods="1" />
              <MetadataToken>100664149</MetadataToken>
              <Name>System.Boolean ExMat.ExClass.ExClass/&lt;&gt;c::&lt;Release&gt;b__17_2(ExMat.Objects.ExObject)</Name>
              <FileRef uid="43" />
              <SequencePoints>
                <SequencePoint vc="0" uspid="12934" ordinal="0" offset="0" sl="134" sc="53" el="134" ec="57" bec="0" bev="0" fileid="43" />
              </SequencePoints>
              <BranchPoints />
              <MethodPoint xsi:type="SequencePoint" vc="0" uspid="12934" ordinal="0" offset="0" sl="134" sc="53" el="134" ec="57" bec="0" bev="0" fileid="43" />
            </Method>
          </Methods>
        </Class>
        <Class>
          <Summary numSequencePoints="31" visitedSequencePoints="0" numBranchPoints="9" visitedBranchPoints="0" sequenceCoverage="0" branchCoverage="0" maxCyclomaticComplexity="3" minCyclomaticComplexity="1" maxCrapScore="12" minCrapScore="2" visitedClasses="0" numClasses="1" visitedMethods="0" numMethods="5" />
          <FullName>ExMat.ExClass.ExClassMem</FullName>
          <Methods>
            <Method visited="false" cyclomaticComplexity="1" nPathComplexity="0" sequenceCoverage="0" branchCoverage="0" crapScore="2" isConstructor="true" isStatic="false" isGetter="false" isSetter="false">
              <Summary numSequencePoints="5" visitedSequencePoints="0" numBranchPoints="1" visitedBranchPoints="0" sequenceCoverage="0" branchCoverage="0" maxCyclomaticComplexity="1" minCyclomaticComplexity="1" maxCrapScore="2" minCrapScore="2" visitedClasses="0" numClasses="0" visitedMethods="0" numMethods="1" />
              <MetadataToken>100663876</MetadataToken>
              <Name>System.Void ExMat.ExClass.ExClassMem::.ctor()</Name>
              <FileRef uid="45" />
              <SequencePoints>
                <SequencePoint vc="0" uspid="12935" ordinal="0" offset="0" sl="20" sc="9" el="20" ec="39" bec="0" bev="0" fileid="45" />
                <SequencePoint vc="0" uspid="12936" ordinal="1" offset="11" sl="24" sc="9" el="24" ec="44" bec="0" bev="0" fileid="45" />
                <SequencePoint vc="0" uspid="12937" ordinal="2" offset="22" sl="30" sc="9" el="30" ec="28" bec="0" bev="0" fileid="45" />
                <SequencePoint vc="0" uspid="12938" ordinal="3" offset="29" sl="30" sc="29" el="30" ec="30" bec="0" bev="0" fileid="45" />
                <SequencePoint vc="0" uspid="12939" ordinal="4" offset="30" sl="30" sc="31" el="30" ec="32" bec="0" bev="0" fileid="45" />
              </SequencePoints>
              <BranchPoints />
              <MethodPoint xsi:type="SequencePoint" vc="0" uspid="12935" ordinal="0" offset="0" sl="20" sc="9" el="20" ec="39" bec="0" bev="0" fileid="45" />
            </Method>
            <Method visited="false" cyclomaticComplexity="1" nPathComplexity="0" sequenceCoverage="0" branchCoverage="0" crapScore="2" isConstructor="true" isStatic="false" isGetter="false" isSetter="false">
              <Summary numSequencePoints="7" visitedSequencePoints="0" numBranchPoints="1" visitedBranchPoints="0" sequenceCoverage="0" branchCoverage="0" maxCyclomaticComplexity="1" minCyclomaticComplexity="1" maxCrapScore="2" minCrapScore="2" visitedClasses="0" numClasses="0" visitedMethods="0" numMethods="1" />
              <MetadataToken>100663877</MetadataToken>
              <Name>System.Void ExMat.ExClass.ExClassMem::.ctor(ExMat.ExClass.ExClassMem)</Name>
              <FileRef uid="45" />
              <SequencePoints>
                <SequencePoint vc="0" uspid="12940" ordinal="0" offset="0" sl="20" sc="9" el="20" ec="39" bec="0" bev="0" fileid="45" />
                <SequencePoint vc="0" uspid="12941" ordinal="1" offset="11" sl="24" sc="9" el="24" ec="44" bec="0" bev="0" fileid="45" />
                <SequencePoint vc="0" uspid="12942" ordinal="2" offset="22" sl="35" sc="9" el="35" ec="42" bec="0" bev="0" fileid="45" />
                <SequencePoint vc="0" uspid="12943" ordinal="3" offset="29" sl="36" sc="9" el="36" ec="10" bec="0" bev="0" fileid="45" />
                <SequencePoint vc="0" uspid="12944" ordinal="4" offset="30" sl="37" sc="13" el="37" ec="36" bec="0" bev="0" fileid="45" />
                <SequencePoint vc="0" uspid="12945" ordinal="5" offset="47" sl="38" sc="13" el="38" ec="46" bec="0" bev="0" fileid="45" />
                <SequencePoint vc="0" uspid="12946" ordinal="6" offset="64" sl="39" sc="9" el="39" ec="10" bec="0" bev="0" fileid="45" />
              </SequencePoints>
              <BranchPoints />
              <MethodPoint xsi:type="SequencePoint" vc="0" uspid="12940" ordinal="0" offset="0" sl="20" sc="9" el="20" ec="39" bec="0" bev="0" fileid="45" />
            </Method>
            <Method visited="false" cyclomaticComplexity="1" nPathComplexity="0" sequenceCoverage="0" branchCoverage="0" crapScore="2" isConstructor="false" isStatic="false" isGetter="false" isSetter="false">
              <Summary numSequencePoints="3" visitedSequencePoints="0" numBranchPoints="1" visitedBranchPoints="0" sequenceCoverage="0" branchCoverage="0" maxCyclomaticComplexity="1" minCyclomaticComplexity="1" maxCrapScore="2" minCrapScore="2" visitedClasses="0" numClasses="0" visitedMethods="0" numMethods="1" />
              <MetadataToken>100663878</MetadataToken>
              <Name>System.String ExMat.ExClass.ExClassMem::GetDebuggerDisplay()</Name>
              <FileRef uid="45" />
              <SequencePoints>
                <SequencePoint vc="0" uspid="12947" ordinal="0" offset="0" sl="43" sc="9" el="43" ec="10" bec="0" bev="0" fileid="45" />
                <SequencePoint vc="0" uspid="12948" ordinal="1" offset="1" sl="44" sc="13" el="44" ec="63" bec="0" bev="0" fileid="45" />
                <SequencePoint vc="0" uspid="12949" ordinal="2" offset="30" sl="45" sc="9" el="45" ec="10" bec="0" bev="0" fileid="45" />
              </SequencePoints>
              <BranchPoints />
              <MethodPoint xsi:type="SequencePoint" vc="0" uspid="12947" ordinal="0" offset="0" sl="43" sc="9" el="43" ec="10" bec="0" bev="0" fileid="45" />
            </Method>
            <Method visited="false" cyclomaticComplexity="3" nPathComplexity="4" sequenceCoverage="0" branchCoverage="0" crapScore="12" isConstructor="false" isStatic="false" isGetter="false" isSetter="false">
              <Summary numSequencePoints="12" visitedSequencePoints="0" numBranchPoints="5" visitedBranchPoints="0" sequenceCoverage="0" branchCoverage="0" maxCyclomaticComplexity="3" minCyclomaticComplexity="3" maxCrapScore="12" minCrapScore="12" visitedClasses="0" numClasses="0" visitedMethods="0" numMethods="1" />
              <MetadataToken>100663879</MetadataToken>
              <Name>System.Void ExMat.ExClass.ExClassMem::Dispose(System.Boolean)</Name>
              <FileRef uid="45" />
              <SequencePoints>
                <SequencePoint vc="0" uspid="12950" ordinal="0" offset="0" sl="49" sc="9" el="49" ec="10" bec="0" bev="0" fileid="45" />
                <SequencePoint vc="0" uspid="12951" ordinal="1" offset="1" sl="50" sc="13" el="50" ec="32" bec="2" bev="0" fileid="45" />
                <SequencePoint vc="0" uspid="12952" ordinal="2" offset="14" sl="51" sc="13" el="51" ec="14" bec="0" bev="0" fileid="45" />
                <SequencePoint vc="0" uspid="12953" ordinal="3" offset="15" sl="52" sc="17" el="52" ec="31" bec="2" bev="0" fileid="45" />
                <SequencePoint vc="0" uspid="12954" ordinal="4" offset="20" sl="53" sc="17" el="53" ec="18" bec="0" bev="0" fileid="45" />
                <SequencePoint vc="0" uspid="12955" ordinal="5" offset="21" sl="54" sc="21" el="54" ec="66" bec="0" bev="0" fileid="45" />
                <SequencePoint vc="0" uspid="12956" ordinal="6" offset="51" sl="55" sc="21" el="55" ec="37" bec="0" bev="0" fileid="45" />
                <SequencePoint vc="0" uspid="12957" ordinal="7" offset="63" sl="56" sc="21" el="56" ec="42" bec="0" bev="0" fileid="45" />
                <SequencePoint vc="0" uspid="12958" ordinal="8" offset="75" sl="57" sc="17" el="57" ec="18" bec="0" bev="0" fileid="45" />
                <SequencePoint vc="0" uspid="12959" ordinal="9" offset="76" sl="61" sc="17" el="61" ec="38" bec="0" bev="0" fileid="45" />
                <SequencePoint vc="0" uspid="12960" ordinal="10" offset="83" sl="62" sc="13" el="62" ec="14" bec="0" bev="0" fileid="45" />
                <SequencePoint vc="0" uspid="12961" ordinal="11" offset="84" sl="63" sc="9" el="63" ec="10" bec="0" bev="0" fileid="45" />
              </SequencePoints>
              <BranchPoints>
                <BranchPoint vc="0" uspid="12962" ordinal="0" offset="12" sl="50" path="0" offsetend="14" fileid="45" />
                <BranchPoint vc="0" uspid="12963" ordinal="1" offset="12" sl="50" path="1" offsetend="84" fileid="45" />
                <BranchPoint vc="0" uspid="12964" ordinal="2" offset="18" sl="52" path="0" offsetend="20" fileid="45" />
                <BranchPoint vc="0" uspid="12965" ordinal="3" offset="18" sl="52" path="1" offsetend="76" fileid="45" />
              </BranchPoints>
              <MethodPoint xsi:type="SequencePoint" vc="0" uspid="12950" ordinal="0" offset="0" sl="49" sc="9" el="49" ec="10" bec="0" bev="0" fileid="45" />
            </Method>
            <Method visited="false" cyclomaticComplexity="1" nPathComplexity="0" sequenceCoverage="0" branchCoverage="0" crapScore="2" isConstructor="false" isStatic="false" isGetter="false" isSetter="false">
              <Summary numSequencePoints="4" visitedSequencePoints="0" numBranchPoints="1" visitedBranchPoints="0" sequenceCoverage="0" branchCoverage="0" maxCyclomaticComplexity="1" minCyclomaticComplexity="1" maxCrapScore="2" minCrapScore="2" visitedClasses="0" numClasses="0" visitedMethods="0" numMethods="1" />
              <MetadataToken>100663880</MetadataToken>
              <Name>System.Void ExMat.ExClass.ExClassMem::Dispose()</Name>
              <FileRef uid="45" />
              <SequencePoints>
                <SequencePoint vc="0" uspid="12966" ordinal="0" offset="0" sl="69" sc="9" el="69" ec="10" bec="0" bev="0" fileid="45" />
                <SequencePoint vc="0" uspid="12967" ordinal="1" offset="1" sl="71" sc="13" el="71" ec="38" bec="0" bev="0" fileid="45" />
                <SequencePoint vc="0" uspid="12968" ordinal="2" offset="9" sl="72" sc="13" el="72" ec="39" bec="0" bev="0" fileid="45" />
                <SequencePoint vc="0" uspid="12969" ordinal="3" offset="16" sl="73" sc="9" el="73" ec="10" bec="0" bev="0" fileid="45" />
              </SequencePoints>
              <BranchPoints />
              <MethodPoint xsi:type="SequencePoint" vc="0" uspid="12966" ordinal="0" offset="0" sl="69" sc="9" el="69" ec="10" bec="0" bev="0" fileid="45" />
            </Method>
          </Methods>
        </Class>
        <Class>
          <Summary numSequencePoints="66" visitedSequencePoints="6" numBranchPoints="21" visitedBranchPoints="1" sequenceCoverage="9.09" branchCoverage="4.76" maxCyclomaticComplexity="6" minCyclomaticComplexity="1" maxCrapScore="42" minCrapScore="1" visitedClasses="1" numClasses="1" visitedMethods="1" numMethods="7" />
          <FullName>ExMat.ExClass.ExInstance</FullName>
          <Methods>
            <Method visited="true" cyclomaticComplexity="1" nPathComplexity="0" sequenceCoverage="100" branchCoverage="100" crapScore="1" isConstructor="true" isStatic="false" isGetter="false" isSetter="false">
              <Summary numSequencePoints="6" visitedSequencePoints="6" numBranchPoints="1" visitedBranchPoints="1" sequenceCoverage="100" branchCoverage="100" maxCyclomaticComplexity="1" minCyclomaticComplexity="1" maxCrapScore="1" minCrapScore="1" visitedClasses="0" numClasses="0" visitedMethods="1" numMethods="1" />
              <MetadataToken>100663881</MetadataToken>
              <Name>System.Void ExMat.ExClass.ExInstance::.ctor()</Name>
              <FileRef uid="46" />
              <SequencePoints>
                <SequencePoint vc="8" uspid="12970" ordinal="0" offset="0" sl="42" sc="9" el="42" ec="28" bec="0" bev="0" fileid="46" />
                <SequencePoint vc="8" uspid="12971" ordinal="1" offset="7" sl="43" sc="9" el="43" ec="10" bec="0" bev="0" fileid="46" />
                <SequencePoint vc="8" uspid="12972" ordinal="2" offset="8" sl="44" sc="13" el="44" ec="34" bec="0" bev="0" fileid="46" />
                <SequencePoint vc="8" uspid="12973" ordinal="3" offset="19" sl="45" sc="13" el="45" ec="54" bec="0" bev="0" fileid="46" />
                <SequencePoint vc="8" uspid="12974" ordinal="4" offset="25" sl="46" sc="13" el="46" ec="70" bec="0" bev="0" fileid="46" />
                <SequencePoint vc="8" uspid="12975" ordinal="5" offset="50" sl="47" sc="9" el="47" ec="10" bec="0" bev="0" fileid="46" />
              </SequencePoints>
              <BranchPoints />
              <MethodPoint xsi:type="SequencePoint" vc="8" uspid="12970" ordinal="0" offset="0" sl="42" sc="9" el="42" ec="28" bec="0" bev="0" fileid="46" />
            </Method>
            <Method visited="false" cyclomaticComplexity="6" nPathComplexity="32" sequenceCoverage="0" branchCoverage="0" crapScore="42" isConstructor="false" isStatic="false" isGetter="false" isSetter="false">
              <Summary numSequencePoints="22" visitedSequencePoints="0" numBranchPoints="11" visitedBranchPoints="0" sequenceCoverage="0" branchCoverage="0" maxCyclomaticComplexity="6" minCyclomaticComplexity="6" maxCrapScore="42" minCrapScore="42" visitedClasses="0" numClasses="0" visitedMethods="0" numMethods="1" />
              <MetadataToken>100663882</MetadataToken>
              <Name>System.Boolean ExMat.ExClass.ExInstance::GetMetaM(ExMat.ExMetaMethod,ExMat.Objects.ExObject&amp;)</Name>
              <FileRef uid="46" />
              <SequencePoints>
                <SequencePoint vc="0" uspid="12976" ordinal="0" offset="0" sl="56" sc="9" el="56" ec="10" bec="0" bev="0" fileid="46" />
                <SequencePoint vc="0" uspid="12977" ordinal="1" offset="1" sl="57" sc="13" el="57" ec="34" bec="2" bev="0" fileid="46" />
                <SequencePoint vc="0" uspid="12978" ordinal="2" offset="17" sl="58" sc="13" el="58" ec="14" bec="0" bev="0" fileid="46" />
                <SequencePoint vc="0" uspid="12979" ordinal="3" offset="18" sl="59" sc="17" el="59" ec="53" bec="2" bev="0" fileid="46" />
                <SequencePoint vc="0" uspid="12980" ordinal="4" offset="40" sl="60" sc="17" el="60" ec="18" bec="0" bev="0" fileid="46" />
                <SequencePoint vc="0" uspid="12981" ordinal="5" offset="41" sl="61" sc="21" el="61" ec="76" bec="0" bev="0" fileid="46" />
                <SequencePoint vc="0" uspid="12982" ordinal="6" offset="64" sl="62" sc="21" el="62" ec="59" bec="2" bev="0" fileid="46" />
                <SequencePoint vc="0" uspid="12983" ordinal="7" offset="85" sl="63" sc="21" el="63" ec="22" bec="0" bev="0" fileid="46" />
                <SequencePoint vc="0" uspid="12984" ordinal="8" offset="86" sl="64" sc="25" el="64" ec="59" bec="0" bev="0" fileid="46" />
                <SequencePoint vc="0" uspid="12985" ordinal="9" offset="111" sl="65" sc="25" el="65" ec="37" bec="0" bev="0" fileid="46" />
                <SequencePoint vc="0" uspid="12986" ordinal="10" offset="119" sl="67" sc="17" el="67" ec="18" bec="0" bev="0" fileid="46" />
                <SequencePoint vc="0" uspid="12987" ordinal="11" offset="122" sl="68" sc="22" el="68" ec="59" bec="2" bev="0" fileid="46" />
                <SequencePoint vc="0" uspid="12988" ordinal="12" offset="146" sl="69" sc="17" el="69" ec="18" bec="0" bev="0" fileid="46" />
                <SequencePoint vc="0" uspid="12989" ordinal="13" offset="147" sl="70" sc="21" el="70" ec="97" bec="0" bev="0" fileid="46" />
                <SequencePoint vc="0" uspid="12990" ordinal="14" offset="182" sl="71" sc="21" el="71" ec="70" bec="2" bev="0" fileid="46" />
                <SequencePoint vc="0" uspid="12991" ordinal="15" offset="211" sl="72" sc="21" el="72" ec="22" bec="0" bev="0" fileid="46" />
                <SequencePoint vc="0" uspid="12992" ordinal="16" offset="212" sl="73" sc="25" el="73" ec="59" bec="0" bev="0" fileid="46" />
                <SequencePoint vc="0" uspid="12993" ordinal="17" offset="238" sl="74" sc="25" el="74" ec="37" bec="0" bev="0" fileid="46" />
                <SequencePoint vc="0" uspid="12994" ordinal="18" offset="243" sl="76" sc="17" el="76" ec="18" bec="0" bev="0" fileid="46" />
                <SequencePoint vc="0" uspid="12995" ordinal="19" offset="244" sl="77" sc="17" el="77" ec="30" bec="0" bev="0" fileid="46" />
                <SequencePoint vc="0" uspid="12996" ordinal="20" offset="249" sl="79" sc="13" el="79" ec="26" bec="0" bev="0" fileid="46" />
                <SequencePoint vc="0" uspid="12997" ordinal="21" offset="254" sl="80" sc="9" el="80" ec="10" bec="0" bev="0" fileid="46" />
              </SequencePoints>
              <BranchPoints>
                <BranchPoint vc="0" uspid="12998" ordinal="0" offset="12" sl="57" path="0" offsetend="17" fileid="46" />
                <BranchPoint vc="0" uspid="12999" ordinal="1" offset="12" sl="57" path="1" offsetend="249" fileid="46" />
                <BranchPoint vc="0" uspid="13000" ordinal="2" offset="38" sl="59" path="0" offsetend="40" fileid="46" />
                <BranchPoint vc="0" uspid="13001" ordinal="3" offset="38" sl="59" path="1" offsetend="122" fileid="46" />
                <BranchPoint vc="0" uspid="13002" ordinal="4" offset="83" sl="62" path="0" offsetend="85" fileid="46" />
                <BranchPoint vc="0" uspid="13003" ordinal="5" offset="83" sl="62" path="1" offsetend="119" fileid="46" />
                <BranchPoint vc="0" uspid="13004" ordinal="6" offset="144" sl="68" path="0" offsetend="146" fileid="46" />
                <BranchPoint vc="0" uspid="13005" ordinal="7" offset="144" sl="68" path="1" offsetend="244" fileid="46" />
                <BranchPoint vc="0" uspid="13006" ordinal="8" offset="209" sl="71" path="0" offsetend="211" fileid="46" />
                <BranchPoint vc="0" uspid="13007" ordinal="9" offset="209" sl="71" path="1" offsetend="243" fileid="46" />
              </BranchPoints>
              <MethodPoint xsi:type="SequencePoint" vc="0" uspid="12976" ordinal="0" offset="0" sl="56" sc="9" el="56" ec="10" bec="0" bev="0" fileid="46" />
            </Method>
            <Method visited="false" cyclomaticComplexity="1" nPathComplexity="0" sequenceCoverage="0" branchCoverage="0" crapScore="2" isConstructor="false" isStatic="false" isGetter="false" isSetter="false">
              <Summary numSequencePoints="5" visitedSequencePoints="0" numBranchPoints="1" visitedBranchPoints="0" sequenceCoverage="0" branchCoverage="0" maxCyclomaticComplexity="1" minCyclomaticComplexity="1" maxCrapScore="2" minCrapScore="2" visitedClasses="0" numClasses="0" visitedMethods="0" numMethods="1" />
              <MetadataToken>100663883</MetadataToken>
              <Name>System.Void ExMat.ExClass.ExInstance::Init(ExMat.States.ExSState)</Name>
              <FileRef uid="46" />
              <SequencePoints>
                <SequencePoint vc="0" uspid="13008" ordinal="0" offset="0" sl="87" sc="9" el="87" ec="10" bec="0" bev="0" fileid="46" />
                <SequencePoint vc="0" uspid="13009" ordinal="1" offset="1" sl="88" sc="13" el="88" ec="31" bec="0" bev="0" fileid="46" />
                <SequencePoint vc="0" uspid="13010" ordinal="2" offset="8" sl="89" sc="13" el="89" ec="54" bec="0" bev="0" fileid="46" />
                <SequencePoint vc="0" uspid="13011" ordinal="3" offset="30" sl="90" sc="13" el="90" ec="36" bec="0" bev="0" fileid="46" />
                <SequencePoint vc="0" uspid="13012" ordinal="4" offset="49" sl="91" sc="9" el="91" ec="10" bec="0" bev="0" fileid="46" />
              </SequencePoints>
              <BranchPoints />
              <MethodPoint xsi:type="SequencePoint" vc="0" uspid="13008" ordinal="0" offset="0" sl="87" sc="9" el="87" ec="10" bec="0" bev="0" fileid="46" />
            </Method>
            <Method visited="false" cyclomaticComplexity="2" nPathComplexity="0" sequenceCoverage="0" branchCoverage="0" crapScore="6" isConstructor="false" isStatic="true" isGetter="false" isSetter="false">
              <Summary numSequencePoints="11" visitedSequencePoints="0" numBranchPoints="1" visitedBranchPoints="0" sequenceCoverage="0" branchCoverage="0" maxCyclomaticComplexity="2" minCyclomaticComplexity="2" maxCrapScore="6" minCrapScore="6" visitedClasses="0" numClasses="0" visitedMethods="0" numMethods="1" />
              <MetadataToken>100663884</MetadataToken>
              <Name>ExMat.ExClass.ExInstance ExMat.ExClass.ExInstance::Create(ExMat.States.ExSState,ExMat.ExClass.ExClass)</Name>
              <FileRef uid="46" />
              <SequencePoints>
                <SequencePoint vc="0" uspid="13013" ordinal="0" offset="0" sl="100" sc="9" el="100" ec="10" bec="0" bev="0" fileid="46" />
                <SequencePoint vc="0" uspid="13014" ordinal="1" offset="1" sl="101" sc="13" el="101" ec="71" bec="0" bev="0" fileid="46" />
                <SequencePoint vc="0" uspid="13015" ordinal="2" offset="21" sl="102" sc="18" el="102" ec="27" bec="0" bev="0" fileid="46" />
                <SequencePoint vc="0" uspid="13016" ordinal="3" offset="25" sl="103" sc="13" el="103" ec="14" bec="0" bev="0" fileid="46" />
                <SequencePoint vc="0" uspid="13017" ordinal="4" offset="26" sl="104" sc="17" el="104" ec="80" bec="0" bev="0" fileid="46" />
                <SequencePoint vc="0" uspid="13018" ordinal="5" offset="60" sl="105" sc="13" el="105" ec="14" bec="0" bev="0" fileid="46" />
                <SequencePoint vc="0" uspid="13019" ordinal="6" offset="61" sl="102" sc="58" el="102" ec="61" bec="0" bev="0" fileid="46" />
                <SequencePoint vc="0" uspid="13020" ordinal="7" offset="65" sl="102" sc="29" el="102" ec="56" bec="0" bev="0" fileid="46" />
                <SequencePoint vc="0" uspid="13021" ordinal="8" offset="83" sl="106" sc="13" el="106" ec="27" bec="0" bev="0" fileid="46" />
                <SequencePoint vc="0" uspid="13022" ordinal="9" offset="91" sl="107" sc="13" el="107" ec="24" bec="0" bev="0" fileid="46" />
                <SequencePoint vc="0" uspid="13023" ordinal="10" offset="95" sl="108" sc="9" el="108" ec="10" bec="0" bev="0" fileid="46" />
              </SequencePoints>
              <BranchPoints />
              <MethodPoint xsi:type="SequencePoint" vc="0" uspid="13013" ordinal="0" offset="0" sl="100" sc="9" el="100" ec="10" bec="0" bev="0" fileid="46" />
            </Method>
            <Method visited="false" cyclomaticComplexity="3" nPathComplexity="2" sequenceCoverage="0" branchCoverage="0" crapScore="12" isConstructor="false" isStatic="false" isGetter="false" isSetter="false">
              <Summary numSequencePoints="11" visitedSequencePoints="0" numBranchPoints="3" visitedBranchPoints="0" sequenceCoverage="0" branchCoverage="0" maxCyclomaticComplexity="3" minCyclomaticComplexity="3" maxCrapScore="12" minCrapScore="12" visitedClasses="0" numClasses="0" visitedMethods="0" numMethods="1" />
              <MetadataToken>100663885</MetadataToken>
              <Name>System.Boolean ExMat.ExClass.ExInstance::IsInstanceOf(ExMat.ExClass.ExClass)</Name>
              <FileRef uid="46" />
              <SequencePoints>
                <SequencePoint vc="0" uspid="13024" ordinal="0" offset="0" sl="116" sc="9" el="116" ec="10" bec="0" bev="0" fileid="46" />
                <SequencePoint vc="0" uspid="13025" ordinal="1" offset="1" sl="117" sc="13" el="117" ec="31" bec="0" bev="0" fileid="46" />
                <SequencePoint vc="0" uspid="13026" ordinal="2" offset="10" sl="119" sc="13" el="119" ec="14" bec="0" bev="0" fileid="46" />
                <SequencePoint vc="0" uspid="13027" ordinal="3" offset="11" sl="120" sc="17" el="120" ec="30" bec="2" bev="0" fileid="46" />
                <SequencePoint vc="0" uspid="13028" ordinal="4" offset="19" sl="121" sc="17" el="121" ec="18" bec="0" bev="0" fileid="46" />
                <SequencePoint vc="0" uspid="13029" ordinal="5" offset="20" sl="122" sc="21" el="122" ec="33" bec="0" bev="0" fileid="46" />
                <SequencePoint vc="0" uspid="13030" ordinal="6" offset="24" sl="124" sc="17" el="124" ec="28" bec="0" bev="0" fileid="46" />
                <SequencePoint vc="0" uspid="13031" ordinal="7" offset="31" sl="125" sc="13" el="125" ec="14" bec="0" bev="0" fileid="46" />
                <SequencePoint vc="0" uspid="13032" ordinal="8" offset="32" sl="118" sc="13" el="118" ec="30" bec="0" bev="0" fileid="46" />
                <SequencePoint vc="0" uspid="13033" ordinal="9" offset="40" sl="126" sc="13" el="126" ec="26" bec="0" bev="0" fileid="46" />
                <SequencePoint vc="0" uspid="13034" ordinal="10" offset="44" sl="127" sc="9" el="127" ec="10" bec="0" bev="0" fileid="46" />
              </SequencePoints>
              <BranchPoints>
                <BranchPoint vc="0" uspid="13035" ordinal="0" offset="17" sl="120" path="0" offsetend="19" fileid="46" />
                <BranchPoint vc="0" uspid="13036" ordinal="1" offset="17" sl="120" path="1" offsetend="24" fileid="46" />
              </BranchPoints>
              <MethodPoint xsi:type="SequencePoint" vc="0" uspid="13024" ordinal="0" offset="0" sl="116" sc="9" el="116" ec="10" bec="0" bev="0" fileid="46" />
            </Method>
            <Method visited="false" cyclomaticComplexity="1" nPathComplexity="0" sequenceCoverage="0" branchCoverage="0" crapScore="2" isConstructor="false" isStatic="false" isGetter="false" isSetter="false">
              <Summary numSequencePoints="3" visitedSequencePoints="0" numBranchPoints="1" visitedBranchPoints="0" sequenceCoverage="0" branchCoverage="0" maxCyclomaticComplexity="1" minCyclomaticComplexity="1" maxCrapScore="2" minCrapScore="2" visitedClasses="0" numClasses="0" visitedMethods="0" numMethods="1" />
              <MetadataToken>100663886</MetadataToken>
              <Name>System.String ExMat.ExClass.ExInstance::GetDebuggerDisplay()</Name>
              <FileRef uid="46" />
              <SequencePoints>
                <SequencePoint vc="0" uspid="13037" ordinal="0" offset="0" sl="131" sc="9" el="131" ec="10" bec="0" bev="0" fileid="46" />
                <SequencePoint vc="0" uspid="13038" ordinal="1" offset="1" sl="132" sc="13" el="132" ec="67" bec="0" bev="0" fileid="46" />
                <SequencePoint vc="0" uspid="13039" ordinal="2" offset="38" sl="133" sc="9" el="133" ec="10" bec="0" bev="0" fileid="46" />
              </SequencePoints>
              <BranchPoints />
              <MethodPoint xsi:type="SequencePoint" vc="0" uspid="13037" ordinal="0" offset="0" sl="131" sc="9" el="131" ec="10" bec="0" bev="0" fileid="46" />
            </Method>
            <Method visited="false" cyclomaticComplexity="2" nPathComplexity="2" sequenceCoverage="0" branchCoverage="0" crapScore="6" isConstructor="false" isStatic="false" isGetter="false" isSetter="false">
              <Summary numSequencePoints="8" visitedSequencePoints="0" numBranchPoints="3" visitedBranchPoints="0" sequenceCoverage="0" branchCoverage="0" maxCyclomaticComplexity="2" minCyclomaticComplexity="2" maxCrapScore="6" minCrapScore="6" visitedClasses="0" numClasses="0" visitedMethods="0" numMethods="1" />
              <MetadataToken>100663887</MetadataToken>
              <Name>System.Void ExMat.ExClass.ExInstance::Dispose(System.Boolean)</Name>
              <FileRef uid="46" />
              <SequencePoints>
                <SequencePoint vc="0" uspid="13040" ordinal="0" offset="0" sl="137" sc="9" el="137" ec="10" bec="0" bev="0" fileid="46" />
                <SequencePoint vc="0" uspid="13041" ordinal="1" offset="1" sl="138" sc="13" el="138" ec="36" bec="2" bev="0" fileid="46" />
                <SequencePoint vc="0" uspid="13042" ordinal="2" offset="14" sl="139" sc="13" el="139" ec="14" bec="0" bev="0" fileid="46" />
                <SequencePoint vc="0" uspid="13043" ordinal="3" offset="15" sl="140" sc="17" el="140" ec="24" bec="0" bev="0" fileid="46" />
                <SequencePoint vc="0" uspid="13044" ordinal="4" offset="17" sl="142" sc="13" el="142" ec="37" bec="0" bev="0" fileid="46" />
                <SequencePoint vc="0" uspid="13045" ordinal="5" offset="25" sl="144" sc="13" el="144" ec="29" bec="0" bev="0" fileid="46" />
                <SequencePoint vc="0" uspid="13046" ordinal="6" offset="37" sl="146" sc="13" el="146" ec="54" bec="0" bev="0" fileid="46" />
                <SequencePoint vc="0" uspid="13047" ordinal="7" offset="49" sl="147" sc="9" el="147" ec="10" bec="0" bev="0" fileid="46" />
              </SequencePoints>
              <BranchPoints>
                <BranchPoint vc="0" uspid="13048" ordinal="0" offset="12" sl="138" path="0" offsetend="14" fileid="46" />
                <BranchPoint vc="0" uspid="13049" ordinal="1" offset="12" sl="138" path="1" offsetend="17" fileid="46" />
              </BranchPoints>
              <MethodPoint xsi:type="SequencePoint" vc="0" uspid="13040" ordinal="0" offset="0" sl="137" sc="9" el="137" ec="10" bec="0" bev="0" fileid="46" />
            </Method>
          </Methods>
        </Class>
        <Class>
          <Summary numSequencePoints="22" visitedSequencePoints="0" numBranchPoints="8" visitedBranchPoints="0" sequenceCoverage="0" branchCoverage="0" maxCyclomaticComplexity="1" minCyclomaticComplexity="1" maxCrapScore="2" minCrapScore="2" visitedClasses="0" numClasses="1" visitedMethods="0" numMethods="8" />
          <FullName>ExMat.Exceptions.ExCompilerException</FullName>
          <Methods>
            <Method visited="false" cyclomaticComplexity="1" nPathComplexity="0" sequenceCoverage="0" branchCoverage="0" crapScore="2" isConstructor="false" isStatic="false" isGetter="true" isSetter="false">
              <Summary numSequencePoints="1" visitedSequencePoints="0" numBranchPoints="1" visitedBranchPoints="0" sequenceCoverage="0" branchCoverage="0" maxCyclomaticComplexity="1" minCyclomaticComplexity="1" maxCrapScore="2" minCrapScore="2" visitedClasses="0" numClasses="0" visitedMethods="0" numMethods="1" />
              <MetadataToken>100663888</MetadataToken>
              <Name>ExMat.Exceptions.ExExceptionType ExMat.Exceptions.ExCompilerException::get_Type()</Name>
              <FileRef uid="47" />
              <SequencePoints>
                <SequencePoint vc="0" uspid="13050" ordinal="0" offset="0" sl="18" sc="49" el="18" ec="73" bec="0" bev="0" fileid="47" />
              </SequencePoints>
              <BranchPoints />
              <MethodPoint xsi:type="SequencePoint" vc="0" uspid="13050" ordinal="0" offset="0" sl="18" sc="49" el="18" ec="73" bec="0" bev="0" fileid="47" />
            </Method>
            <Method visited="false" cyclomaticComplexity="1" nPathComplexity="0" sequenceCoverage="0" branchCoverage="0" crapScore="2" isConstructor="true" isStatic="false" isGetter="false" isSetter="false">
              <Summary numSequencePoints="3" visitedSequencePoints="0" numBranchPoints="1" visitedBranchPoints="0" sequenceCoverage="0" branchCoverage="0" maxCyclomaticComplexity="1" minCyclomaticComplexity="1" maxCrapScore="2" minCrapScore="2" visitedClasses="0" numClasses="0" visitedMethods="0" numMethods="1" />
              <MetadataToken>100663889</MetadataToken>
              <Name>System.Void ExMat.Exceptions.ExCompilerException::.ctor()</Name>
              <FileRef uid="47" />
              <SequencePoints>
                <SequencePoint vc="0" uspid="13051" ordinal="0" offset="0" sl="20" sc="9" el="20" ec="37" bec="0" bev="0" fileid="47" />
                <SequencePoint vc="0" uspid="13052" ordinal="1" offset="7" sl="21" sc="9" el="21" ec="10" bec="0" bev="0" fileid="47" />
                <SequencePoint vc="0" uspid="13053" ordinal="2" offset="8" sl="22" sc="9" el="22" ec="10" bec="0" bev="0" fileid="47" />
              </SequencePoints>
              <BranchPoints />
              <MethodPoint xsi:type="SequencePoint" vc="0" uspid="13051" ordinal="0" offset="0" sl="20" sc="9" el="20" ec="37" bec="0" bev="0" fileid="47" />
            </Method>
            <Method visited="false" cyclomaticComplexity="1" nPathComplexity="0" sequenceCoverage="0" branchCoverage="0" crapScore="2" isConstructor="true" isStatic="false" isGetter="false" isSetter="false">
              <Summary numSequencePoints="3" visitedSequencePoints="0" numBranchPoints="1" visitedBranchPoints="0" sequenceCoverage="0" branchCoverage="0" maxCyclomaticComplexity="1" minCyclomaticComplexity="1" maxCrapScore="2" minCrapScore="2" visitedClasses="0" numClasses="0" visitedMethods="0" numMethods="1" />
              <MetadataToken>100663890</MetadataToken>
              <Name>System.Void ExMat.Exceptions.ExCompilerException::.ctor(System.String)</Name>
              <FileRef uid="47" />
              <SequencePoints>
                <SequencePoint vc="0" uspid="13054" ordinal="0" offset="0" sl="24" sc="54" el="24" ec="67" bec="0" bev="0" fileid="47" />
                <SequencePoint vc="0" uspid="13055" ordinal="1" offset="8" sl="25" sc="9" el="25" ec="10" bec="0" bev="0" fileid="47" />
                <SequencePoint vc="0" uspid="13056" ordinal="2" offset="9" sl="26" sc="9" el="26" ec="10" bec="0" bev="0" fileid="47" />
              </SequencePoints>
              <BranchPoints />
              <MethodPoint xsi:type="SequencePoint" vc="0" uspid="13054" ordinal="0" offset="0" sl="24" sc="54" el="24" ec="67" bec="0" bev="0" fileid="47" />
            </Method>
            <Method visited="false" cyclomaticComplexity="1" nPathComplexity="0" sequenceCoverage="0" branchCoverage="0" crapScore="2" isConstructor="true" isStatic="false" isGetter="false" isSetter="false">
              <Summary numSequencePoints="3" visitedSequencePoints="0" numBranchPoints="1" visitedBranchPoints="0" sequenceCoverage="0" branchCoverage="0" maxCyclomaticComplexity="1" minCyclomaticComplexity="1" maxCrapScore="2" minCrapScore="2" visitedClasses="0" numClasses="0" visitedMethods="0" numMethods="1" />
              <MetadataToken>100663891</MetadataToken>
              <Name>System.Void ExMat.Exceptions.ExCompilerException::.ctor(ExMat.VM.ExVM,System.String)</Name>
              <FileRef uid="47" />
              <SequencePoints>
                <SequencePoint vc="0" uspid="13057" ordinal="0" offset="0" sl="28" sc="63" el="28" ec="80" bec="0" bev="0" fileid="47" />
                <SequencePoint vc="0" uspid="13058" ordinal="1" offset="9" sl="29" sc="9" el="29" ec="10" bec="0" bev="0" fileid="47" />
                <SequencePoint vc="0" uspid="13059" ordinal="2" offset="10" sl="30" sc="9" el="30" ec="10" bec="0" bev="0" fileid="47" />
              </SequencePoints>
              <BranchPoints />
              <MethodPoint xsi:type="SequencePoint" vc="0" uspid="13057" ordinal="0" offset="0" sl="28" sc="63" el="28" ec="80" bec="0" bev="0" fileid="47" />
            </Method>
            <Method visited="false" cyclomaticComplexity="1" nPathComplexity="0" sequenceCoverage="0" branchCoverage="0" crapScore="2" isConstructor="true" isStatic="false" isGetter="false" isSetter="false">
              <Summary numSequencePoints="3" visitedSequencePoints="0" numBranchPoints="1" visitedBranchPoints="0" sequenceCoverage="0" branchCoverage="0" maxCyclomaticComplexity="1" minCyclomaticComplexity="1" maxCrapScore="2" minCrapScore="2" visitedClasses="0" numClasses="0" visitedMethods="0" numMethods="1" />
              <MetadataToken>100663892</MetadataToken>
              <Name>System.Void ExMat.Exceptions.ExCompilerException::.ctor(System.String,System.Exception)</Name>
              <FileRef uid="47" />
              <SequencePoints>
                <SequencePoint vc="0" uspid="13060" ordinal="0" offset="0" sl="32" sc="80" el="32" ec="109" bec="0" bev="0" fileid="47" />
                <SequencePoint vc="0" uspid="13061" ordinal="1" offset="9" sl="33" sc="9" el="33" ec="10" bec="0" bev="0" fileid="47" />
                <SequencePoint vc="0" uspid="13062" ordinal="2" offset="10" sl="34" sc="9" el="34" ec="10" bec="0" bev="0" fileid="47" />
              </SequencePoints>
              <BranchPoints />
              <MethodPoint xsi:type="SequencePoint" vc="0" uspid="13060" ordinal="0" offset="0" sl="32" sc="80" el="32" ec="109" bec="0" bev="0" fileid="47" />
            </Method>
            <Method visited="false" cyclomaticComplexity="1" nPathComplexity="0" sequenceCoverage="0" branchCoverage="0" crapScore="2" isConstructor="true" isStatic="false" isGetter="false" isSetter="false">
              <Summary numSequencePoints="3" visitedSequencePoints="0" numBranchPoints="1" visitedBranchPoints="0" sequenceCoverage="0" branchCoverage="0" maxCyclomaticComplexity="1" minCyclomaticComplexity="1" maxCrapScore="2" minCrapScore="2" visitedClasses="0" numClasses="0" visitedMethods="0" numMethods="1" />
              <MetadataToken>100663893</MetadataToken>
              <Name>System.Void ExMat.Exceptions.ExCompilerException::.ctor(ExMat.VM.ExVM,System.String,System.Exception)</Name>
              <FileRef uid="47" />
              <SequencePoints>
                <SequencePoint vc="0" uspid="13063" ordinal="0" offset="0" sl="36" sc="89" el="36" ec="122" bec="0" bev="0" fileid="47" />
                <SequencePoint vc="0" uspid="13064" ordinal="1" offset="10" sl="37" sc="9" el="37" ec="10" bec="0" bev="0" fileid="47" />
                <SequencePoint vc="0" uspid="13065" ordinal="2" offset="11" sl="38" sc="9" el="38" ec="10" bec="0" bev="0" fileid="47" />
              </SequencePoints>
              <BranchPoints />
              <MethodPoint xsi:type="SequencePoint" vc="0" uspid="13063" ordinal="0" offset="0" sl="36" sc="89" el="36" ec="122" bec="0" bev="0" fileid="47" />
            </Method>
            <Method visited="false" cyclomaticComplexity="1" nPathComplexity="0" sequenceCoverage="0" branchCoverage="0" crapScore="2" isConstructor="true" isStatic="false" isGetter="false" isSetter="false">
              <Summary numSequencePoints="3" visitedSequencePoints="0" numBranchPoints="1" visitedBranchPoints="0" sequenceCoverage="0" branchCoverage="0" maxCyclomaticComplexity="1" minCyclomaticComplexity="1" maxCrapScore="2" minCrapScore="2" visitedClasses="0" numClasses="0" visitedMethods="0" numMethods="1" />
              <MetadataToken>100663894</MetadataToken>
              <Name>System.Void ExMat.Exceptions.ExCompilerException::.ctor(System.Runtime.Serialization.SerializationInfo,System.Runtime.Serialization.StreamingContext)</Name>
              <FileRef uid="47" />
              <SequencePoints>
                <SequencePoint vc="0" uspid="13066" ordinal="0" offset="0" sl="40" sc="91" el="40" ec="110" bec="0" bev="0" fileid="47" />
                <SequencePoint vc="0" uspid="13067" ordinal="1" offset="9" sl="41" sc="9" el="41" ec="10" bec="0" bev="0" fileid="47" />
                <SequencePoint vc="0" uspid="13068" ordinal="2" offset="10" sl="42" sc="9" el="42" ec="10" bec="0" bev="0" fileid="47" />
              </SequencePoints>
              <BranchPoints />
              <MethodPoint xsi:type="SequencePoint" vc="0" uspid="13066" ordinal="0" offset="0" sl="40" sc="91" el="40" ec="110" bec="0" bev="0" fileid="47" />
            </Method>
            <Method visited="false" cyclomaticComplexity="1" nPathComplexity="0" sequenceCoverage="0" branchCoverage="0" crapScore="2" isConstructor="true" isStatic="false" isGetter="false" isSetter="false">
              <Summary numSequencePoints="3" visitedSequencePoints="0" numBranchPoints="1" visitedBranchPoints="0" sequenceCoverage="0" branchCoverage="0" maxCyclomaticComplexity="1" minCyclomaticComplexity="1" maxCrapScore="2" minCrapScore="2" visitedClasses="0" numClasses="0" visitedMethods="0" numMethods="1" />
              <MetadataToken>100663895</MetadataToken>
              <Name>System.Void ExMat.Exceptions.ExCompilerException::.ctor(ExMat.VM.ExVM,System.Runtime.Serialization.SerializationInfo,System.Runtime.Serialization.StreamingContext)</Name>
              <FileRef uid="47" />
              <SequencePoints>
                <SequencePoint vc="0" uspid="13069" ordinal="0" offset="0" sl="44" sc="100" el="44" ec="123" bec="0" bev="0" fileid="47" />
                <SequencePoint vc="0" uspid="13070" ordinal="1" offset="10" sl="45" sc="9" el="45" ec="10" bec="0" bev="0" fileid="47" />
                <SequencePoint vc="0" uspid="13071" ordinal="2" offset="11" sl="46" sc="9" el="46" ec="10" bec="0" bev="0" fileid="47" />
              </SequencePoints>
              <BranchPoints />
              <MethodPoint xsi:type="SequencePoint" vc="0" uspid="13069" ordinal="0" offset="0" sl="44" sc="100" el="44" ec="123" bec="0" bev="0" fileid="47" />
            </Method>
          </Methods>
        </Class>
        <Class>
          <Summary numSequencePoints="25" visitedSequencePoints="0" numBranchPoints="9" visitedBranchPoints="0" sequenceCoverage="0" branchCoverage="0" maxCyclomaticComplexity="1" minCyclomaticComplexity="1" maxCrapScore="2" minCrapScore="2" visitedClasses="0" numClasses="1" visitedMethods="0" numMethods="9" />
          <FullName>ExMat.Exceptions.ExException</FullName>
          <Methods>
            <Method visited="false" cyclomaticComplexity="1" nPathComplexity="0" sequenceCoverage="0" branchCoverage="0" crapScore="2" isConstructor="false" isStatic="false" isGetter="true" isSetter="false">
              <Summary numSequencePoints="1" visitedSequencePoints="0" numBranchPoints="1" visitedBranchPoints="0" sequenceCoverage="0" branchCoverage="0" maxCyclomaticComplexity="1" minCyclomaticComplexity="1" maxCrapScore="2" minCrapScore="2" visitedClasses="0" numClasses="0" visitedMethods="0" numMethods="1" />
              <MetadataToken>100663896</MetadataToken>
              <Name>ExMat.Exceptions.ExExceptionType ExMat.Exceptions.ExException::get_Type()</Name>
              <FileRef uid="48" />
              <SequencePoints>
                <SequencePoint vc="0" uspid="13072" ordinal="0" offset="0" sl="40" sc="48" el="40" ec="68" bec="0" bev="0" fileid="48" />
              </SequencePoints>
              <BranchPoints />
              <MethodPoint xsi:type="SequencePoint" vc="0" uspid="13072" ordinal="0" offset="0" sl="40" sc="48" el="40" ec="68" bec="0" bev="0" fileid="48" />
            </Method>
            <Method visited="false" cyclomaticComplexity="1" nPathComplexity="0" sequenceCoverage="0" branchCoverage="0" crapScore="2" isConstructor="true" isStatic="false" isGetter="false" isSetter="false">
              <Summary numSequencePoints="3" visitedSequencePoints="0" numBranchPoints="1" visitedBranchPoints="0" sequenceCoverage="0" branchCoverage="0" maxCyclomaticComplexity="1" minCyclomaticComplexity="1" maxCrapScore="2" minCrapScore="2" visitedClasses="0" numClasses="0" visitedMethods="0" numMethods="1" />
              <MetadataToken>100663897</MetadataToken>
              <Name>System.Void ExMat.Exceptions.ExException::.ctor()</Name>
              <FileRef uid="48" />
              <SequencePoints>
                <SequencePoint vc="0" uspid="13073" ordinal="0" offset="0" sl="44" sc="9" el="44" ec="29" bec="0" bev="0" fileid="48" />
                <SequencePoint vc="0" uspid="13074" ordinal="1" offset="7" sl="45" sc="9" el="45" ec="10" bec="0" bev="0" fileid="48" />
                <SequencePoint vc="0" uspid="13075" ordinal="2" offset="8" sl="46" sc="9" el="46" ec="10" bec="0" bev="0" fileid="48" />
              </SequencePoints>
              <BranchPoints />
              <MethodPoint xsi:type="SequencePoint" vc="0" uspid="13073" ordinal="0" offset="0" sl="44" sc="9" el="44" ec="29" bec="0" bev="0" fileid="48" />
            </Method>
            <Method visited="false" cyclomaticComplexity="1" nPathComplexity="0" sequenceCoverage="0" branchCoverage="0" crapScore="2" isConstructor="true" isStatic="false" isGetter="false" isSetter="false">
              <Summary numSequencePoints="3" visitedSequencePoints="0" numBranchPoints="1" visitedBranchPoints="0" sequenceCoverage="0" branchCoverage="0" maxCyclomaticComplexity="1" minCyclomaticComplexity="1" maxCrapScore="2" minCrapScore="2" visitedClasses="0" numClasses="0" visitedMethods="0" numMethods="1" />
              <MetadataToken>100663898</MetadataToken>
              <Name>System.Void ExMat.Exceptions.ExException::.ctor(System.String)</Name>
              <FileRef uid="48" />
              <SequencePoints>
                <SequencePoint vc="0" uspid="13076" ordinal="0" offset="0" sl="52" sc="15" el="52" ec="28" bec="0" bev="0" fileid="48" />
                <SequencePoint vc="0" uspid="13077" ordinal="1" offset="8" sl="53" sc="9" el="53" ec="10" bec="0" bev="0" fileid="48" />
                <SequencePoint vc="0" uspid="13078" ordinal="2" offset="9" sl="54" sc="9" el="54" ec="10" bec="0" bev="0" fileid="48" />
              </SequencePoints>
              <BranchPoints />
              <MethodPoint xsi:type="SequencePoint" vc="0" uspid="13076" ordinal="0" offset="0" sl="52" sc="15" el="52" ec="28" bec="0" bev="0" fileid="48" />
            </Method>
            <Method visited="false" cyclomaticComplexity="1" nPathComplexity="0" sequenceCoverage="0" branchCoverage="0" crapScore="2" isConstructor="true" isStatic="false" isGetter="false" isSetter="false">
              <Summary numSequencePoints="3" visitedSequencePoints="0" numBranchPoints="1" visitedBranchPoints="0" sequenceCoverage="0" branchCoverage="0" maxCyclomaticComplexity="1" minCyclomaticComplexity="1" maxCrapScore="2" minCrapScore="2" visitedClasses="0" numClasses="0" visitedMethods="0" numMethods="1" />
              <MetadataToken>100663899</MetadataToken>
              <Name>System.Void ExMat.Exceptions.ExException::.ctor(ExMat.VM.ExVM,System.String)</Name>
              <FileRef uid="48" />
              <SequencePoints>
                <SequencePoint vc="0" uspid="13079" ordinal="0" offset="0" sl="60" sc="15" el="60" ec="28" bec="0" bev="0" fileid="48" />
                <SequencePoint vc="0" uspid="13080" ordinal="1" offset="8" sl="61" sc="9" el="61" ec="10" bec="0" bev="0" fileid="48" />
                <SequencePoint vc="0" uspid="13081" ordinal="2" offset="9" sl="62" sc="9" el="62" ec="10" bec="0" bev="0" fileid="48" />
              </SequencePoints>
              <BranchPoints />
              <MethodPoint xsi:type="SequencePoint" vc="0" uspid="13079" ordinal="0" offset="0" sl="60" sc="15" el="60" ec="28" bec="0" bev="0" fileid="48" />
            </Method>
            <Method visited="false" cyclomaticComplexity="1" nPathComplexity="0" sequenceCoverage="0" branchCoverage="0" crapScore="2" isConstructor="true" isStatic="false" isGetter="false" isSetter="false">
              <Summary numSequencePoints="3" visitedSequencePoints="0" numBranchPoints="1" visitedBranchPoints="0" sequenceCoverage="0" branchCoverage="0" maxCyclomaticComplexity="1" minCyclomaticComplexity="1" maxCrapScore="2" minCrapScore="2" visitedClasses="0" numClasses="0" visitedMethods="0" numMethods="1" />
              <MetadataToken>100663900</MetadataToken>
              <Name>System.Void ExMat.Exceptions.ExException::.ctor(ExMat.VM.ExVM,System.String,System.Exception)</Name>
              <FileRef uid="48" />
              <SequencePoints>
                <SequencePoint vc="0" uspid="13082" ordinal="0" offset="0" sl="67" sc="81" el="67" ec="110" bec="0" bev="0" fileid="48" />
                <SequencePoint vc="0" uspid="13083" ordinal="1" offset="9" sl="68" sc="9" el="68" ec="10" bec="0" bev="0" fileid="48" />
                <SequencePoint vc="0" uspid="13084" ordinal="2" offset="10" sl="69" sc="9" el="69" ec="10" bec="0" bev="0" fileid="48" />
              </SequencePoints>
              <BranchPoints />
              <MethodPoint xsi:type="SequencePoint" vc="0" uspid="13082" ordinal="0" offset="0" sl="67" sc="81" el="67" ec="110" bec="0" bev="0" fileid="48" />
            </Method>
            <Method visited="false" cyclomaticComplexity="1" nPathComplexity="0" sequenceCoverage="0" branchCoverage="0" crapScore="2" isConstructor="true" isStatic="false" isGetter="false" isSetter="false">
              <Summary numSequencePoints="3" visitedSequencePoints="0" numBranchPoints="1" visitedBranchPoints="0" sequenceCoverage="0" branchCoverage="0" maxCyclomaticComplexity="1" minCyclomaticComplexity="1" maxCrapScore="2" minCrapScore="2" visitedClasses="0" numClasses="0" visitedMethods="0" numMethods="1" />
              <MetadataToken>100663901</MetadataToken>
              <Name>System.Void ExMat.Exceptions.ExException::.ctor(ExMat.VM.ExVM,System.Runtime.Serialization.SerializationInfo,System.Runtime.Serialization.StreamingContext)</Name>
              <FileRef uid="48" />
              <SequencePoints>
                <SequencePoint vc="0" uspid="13085" ordinal="0" offset="0" sl="74" sc="92" el="74" ec="111" bec="0" bev="0" fileid="48" />
                <SequencePoint vc="0" uspid="13086" ordinal="1" offset="9" sl="75" sc="9" el="75" ec="10" bec="0" bev="0" fileid="48" />
                <SequencePoint vc="0" uspid="13087" ordinal="2" offset="10" sl="76" sc="9" el="76" ec="10" bec="0" bev="0" fileid="48" />
              </SequencePoints>
              <BranchPoints />
              <MethodPoint xsi:type="SequencePoint" vc="0" uspid="13085" ordinal="0" offset="0" sl="74" sc="92" el="74" ec="111" bec="0" bev="0" fileid="48" />
            </Method>
            <Method visited="false" cyclomaticComplexity="1" nPathComplexity="0" sequenceCoverage="0" branchCoverage="0" crapScore="2" isConstructor="true" isStatic="false" isGetter="false" isSetter="false">
              <Summary numSequencePoints="3" visitedSequencePoints="0" numBranchPoints="1" visitedBranchPoints="0" sequenceCoverage="0" branchCoverage="0" maxCyclomaticComplexity="1" minCyclomaticComplexity="1" maxCrapScore="2" minCrapScore="2" visitedClasses="0" numClasses="0" visitedMethods="0" numMethods="1" />
              <MetadataToken>100663902</MetadataToken>
              <Name>System.Void ExMat.Exceptions.ExException::.ctor(System.Runtime.Serialization.SerializationInfo,System.Runtime.Serialization.StreamingContext)</Name>
              <FileRef uid="48" />
              <SequencePoints>
                <SequencePoint vc="0" uspid="13088" ordinal="0" offset="0" sl="81" sc="83" el="81" ec="102" bec="0" bev="0" fileid="48" />
                <SequencePoint vc="0" uspid="13089" ordinal="1" offset="9" sl="82" sc="9" el="82" ec="10" bec="0" bev="0" fileid="48" />
                <SequencePoint vc="0" uspid="13090" ordinal="2" offset="10" sl="83" sc="9" el="83" ec="10" bec="0" bev="0" fileid="48" />
              </SequencePoints>
              <BranchPoints />
              <MethodPoint xsi:type="SequencePoint" vc="0" uspid="13088" ordinal="0" offset="0" sl="81" sc="83" el="81" ec="102" bec="0" bev="0" fileid="48" />
            </Method>
            <Method visited="false" cyclomaticComplexity="1" nPathComplexity="0" sequenceCoverage="0" branchCoverage="0" crapScore="2" isConstructor="true" isStatic="false" isGetter="false" isSetter="false">
              <Summary numSequencePoints="3" visitedSequencePoints="0" numBranchPoints="1" visitedBranchPoints="0" sequenceCoverage="0" branchCoverage="0" maxCyclomaticComplexity="1" minCyclomaticComplexity="1" maxCrapScore="2" minCrapScore="2" visitedClasses="0" numClasses="0" visitedMethods="0" numMethods="1" />
              <MetadataToken>100663903</MetadataToken>
              <Name>System.Void ExMat.Exceptions.ExException::.ctor(System.String,System.Exception)</Name>
              <FileRef uid="48" />
              <SequencePoints>
                <SequencePoint vc="0" uspid="13091" ordinal="0" offset="0" sl="88" sc="72" el="88" ec="101" bec="0" bev="0" fileid="48" />
                <SequencePoint vc="0" uspid="13092" ordinal="1" offset="9" sl="89" sc="9" el="89" ec="10" bec="0" bev="0" fileid="48" />
                <SequencePoint vc="0" uspid="13093" ordinal="2" offset="10" sl="90" sc="9" el="90" ec="10" bec="0" bev="0" fileid="48" />
              </SequencePoints>
              <BranchPoints />
              <MethodPoint xsi:type="SequencePoint" vc="0" uspid="13091" ordinal="0" offset="0" sl="88" sc="72" el="88" ec="101" bec="0" bev="0" fileid="48" />
            </Method>
            <Method visited="false" cyclomaticComplexity="1" nPathComplexity="0" sequenceCoverage="0" branchCoverage="0" crapScore="2" isConstructor="false" isStatic="false" isGetter="false" isSetter="false">
              <Summary numSequencePoints="3" visitedSequencePoints="0" numBranchPoints="1" visitedBranchPoints="0" sequenceCoverage="0" branchCoverage="0" maxCyclomaticComplexity="1" minCyclomaticComplexity="1" maxCrapScore="2" minCrapScore="2" visitedClasses="0" numClasses="0" visitedMethods="0" numMethods="1" />
              <MetadataToken>100663904</MetadataToken>
              <Name>System.String ExMat.Exceptions.ExException::GetDebuggerDisplay()</Name>
              <FileRef uid="48" />
              <SequencePoints>
                <SequencePoint vc="0" uspid="13094" ordinal="0" offset="0" sl="94" sc="9" el="94" ec="10" bec="0" bev="0" fileid="48" />
                <SequencePoint vc="0" uspid="13095" ordinal="1" offset="1" sl="95" sc="13" el="95" ec="52" bec="0" bev="0" fileid="48" />
                <SequencePoint vc="0" uspid="13096" ordinal="2" offset="34" sl="96" sc="9" el="96" ec="10" bec="0" bev="0" fileid="48" />
              </SequencePoints>
              <BranchPoints />
              <MethodPoint xsi:type="SequencePoint" vc="0" uspid="13094" ordinal="0" offset="0" sl="94" sc="9" el="94" ec="10" bec="0" bev="0" fileid="48" />
            </Method>
          </Methods>
        </Class>
        <Class>
          <Summary numSequencePoints="22" visitedSequencePoints="0" numBranchPoints="8" visitedBranchPoints="0" sequenceCoverage="0" branchCoverage="0" maxCyclomaticComplexity="1" minCyclomaticComplexity="1" maxCrapScore="2" minCrapScore="2" visitedClasses="0" numClasses="1" visitedMethods="0" numMethods="8" />
          <FullName>ExMat.Exceptions.ExRuntimeException</FullName>
          <Methods>
            <Method visited="false" cyclomaticComplexity="1" nPathComplexity="0" sequenceCoverage="0" branchCoverage="0" crapScore="2" isConstructor="false" isStatic="false" isGetter="true" isSetter="false">
              <Summary numSequencePoints="1" visitedSequencePoints="0" numBranchPoints="1" visitedBranchPoints="0" sequenceCoverage="0" branchCoverage="0" maxCyclomaticComplexity="1" minCyclomaticComplexity="1" maxCrapScore="2" minCrapScore="2" visitedClasses="0" numClasses="0" visitedMethods="0" numMethods="1" />
              <MetadataToken>100663905</MetadataToken>
              <Name>ExMat.Exceptions.ExExceptionType ExMat.Exceptions.ExRuntimeException::get_Type()</Name>
              <FileRef uid="49" />
              <SequencePoints>
                <SequencePoint vc="0" uspid="13097" ordinal="0" offset="0" sl="21" sc="49" el="21" ec="72" bec="0" bev="0" fileid="49" />
              </SequencePoints>
              <BranchPoints />
              <MethodPoint xsi:type="SequencePoint" vc="0" uspid="13097" ordinal="0" offset="0" sl="21" sc="49" el="21" ec="72" bec="0" bev="0" fileid="49" />
            </Method>
            <Method visited="false" cyclomaticComplexity="1" nPathComplexity="0" sequenceCoverage="0" branchCoverage="0" crapScore="2" isConstructor="true" isStatic="false" isGetter="false" isSetter="false">
              <Summary numSequencePoints="3" visitedSequencePoints="0" numBranchPoints="1" visitedBranchPoints="0" sequenceCoverage="0" branchCoverage="0" maxCyclomaticComplexity="1" minCyclomaticComplexity="1" maxCrapScore="2" minCrapScore="2" visitedClasses="0" numClasses="0" visitedMethods="0" numMethods="1" />
              <MetadataToken>100663906</MetadataToken>
              <Name>System.Void ExMat.Exceptions.ExRuntimeException::.ctor()</Name>
              <FileRef uid="49" />
              <SequencePoints>
                <SequencePoint vc="0" uspid="13098" ordinal="0" offset="0" sl="26" sc="9" el="26" ec="36" bec="0" bev="0" fileid="49" />
                <SequencePoint vc="0" uspid="13099" ordinal="1" offset="7" sl="27" sc="9" el="27" ec="10" bec="0" bev="0" fileid="49" />
                <SequencePoint vc="0" uspid="13100" ordinal="2" offset="8" sl="28" sc="9" el="28" ec="10" bec="0" bev="0" fileid="49" />
              </SequencePoints>
              <BranchPoints />
              <MethodPoint xsi:type="SequencePoint" vc="0" uspid="13098" ordinal="0" offset="0" sl="26" sc="9" el="26" ec="36" bec="0" bev="0" fileid="49" />
            </Method>
            <Method visited="false" cyclomaticComplexity="1" nPathComplexity="0" sequenceCoverage="0" branchCoverage="0" crapScore="2" isConstructor="true" isStatic="false" isGetter="false" isSetter="false">
              <Summary numSequencePoints="3" visitedSequencePoints="0" numBranchPoints="1" visitedBranchPoints="0" sequenceCoverage="0" branchCoverage="0" maxCyclomaticComplexity="1" minCyclomaticComplexity="1" maxCrapScore="2" minCrapScore="2" visitedClasses="0" numClasses="0" visitedMethods="0" numMethods="1" />
              <MetadataToken>100663907</MetadataToken>
              <Name>System.Void ExMat.Exceptions.ExRuntimeException::.ctor(System.String)</Name>
              <FileRef uid="49" />
              <SequencePoints>
                <SequencePoint vc="0" uspid="13101" ordinal="0" offset="0" sl="33" sc="53" el="33" ec="66" bec="0" bev="0" fileid="49" />
                <SequencePoint vc="0" uspid="13102" ordinal="1" offset="8" sl="34" sc="9" el="34" ec="10" bec="0" bev="0" fileid="49" />
                <SequencePoint vc="0" uspid="13103" ordinal="2" offset="9" sl="35" sc="9" el="35" ec="10" bec="0" bev="0" fileid="49" />
              </SequencePoints>
              <BranchPoints />
              <MethodPoint xsi:type="SequencePoint" vc="0" uspid="13101" ordinal="0" offset="0" sl="33" sc="53" el="33" ec="66" bec="0" bev="0" fileid="49" />
            </Method>
            <Method visited="false" cyclomaticComplexity="1" nPathComplexity="0" sequenceCoverage="0" branchCoverage="0" crapScore="2" isConstructor="true" isStatic="false" isGetter="false" isSetter="false">
              <Summary numSequencePoints="3" visitedSequencePoints="0" numBranchPoints="1" visitedBranchPoints="0" sequenceCoverage="0" branchCoverage="0" maxCyclomaticComplexity="1" minCyclomaticComplexity="1" maxCrapScore="2" minCrapScore="2" visitedClasses="0" numClasses="0" visitedMethods="0" numMethods="1" />
              <MetadataToken>100663908</MetadataToken>
              <Name>System.Void ExMat.Exceptions.ExRuntimeException::.ctor(ExMat.VM.ExVM,System.String)</Name>
              <FileRef uid="49" />
              <SequencePoints>
                <SequencePoint vc="0" uspid="13104" ordinal="0" offset="0" sl="40" sc="62" el="40" ec="79" bec="0" bev="0" fileid="49" />
                <SequencePoint vc="0" uspid="13105" ordinal="1" offset="9" sl="41" sc="9" el="41" ec="10" bec="0" bev="0" fileid="49" />
                <SequencePoint vc="0" uspid="13106" ordinal="2" offset="10" sl="42" sc="9" el="42" ec="10" bec="0" bev="0" fileid="49" />
              </SequencePoints>
              <BranchPoints />
              <MethodPoint xsi:type="SequencePoint" vc="0" uspid="13104" ordinal="0" offset="0" sl="40" sc="62" el="40" ec="79" bec="0" bev="0" fileid="49" />
            </Method>
            <Method visited="false" cyclomaticComplexity="1" nPathComplexity="0" sequenceCoverage="0" branchCoverage="0" crapScore="2" isConstructor="true" isStatic="false" isGetter="false" isSetter="false">
              <Summary numSequencePoints="3" visitedSequencePoints="0" numBranchPoints="1" visitedBranchPoints="0" sequenceCoverage="0" branchCoverage="0" maxCyclomaticComplexity="1" minCyclomaticComplexity="1" maxCrapScore="2" minCrapScore="2" visitedClasses="0" numClasses="0" visitedMethods="0" numMethods="1" />
              <MetadataToken>100663909</MetadataToken>
              <Name>System.Void ExMat.Exceptions.ExRuntimeException::.ctor(System.String,System.Exception)</Name>
              <FileRef uid="49" />
              <SequencePoints>
                <SequencePoint vc="0" uspid="13107" ordinal="0" offset="0" sl="47" sc="79" el="47" ec="108" bec="0" bev="0" fileid="49" />
                <SequencePoint vc="0" uspid="13108" ordinal="1" offset="9" sl="48" sc="9" el="48" ec="10" bec="0" bev="0" fileid="49" />
                <SequencePoint vc="0" uspid="13109" ordinal="2" offset="10" sl="49" sc="9" el="49" ec="10" bec="0" bev="0" fileid="49" />
              </SequencePoints>
              <BranchPoints />
              <MethodPoint xsi:type="SequencePoint" vc="0" uspid="13107" ordinal="0" offset="0" sl="47" sc="79" el="47" ec="108" bec="0" bev="0" fileid="49" />
            </Method>
            <Method visited="false" cyclomaticComplexity="1" nPathComplexity="0" sequenceCoverage="0" branchCoverage="0" crapScore="2" isConstructor="true" isStatic="false" isGetter="false" isSetter="false">
              <Summary numSequencePoints="3" visitedSequencePoints="0" numBranchPoints="1" visitedBranchPoints="0" sequenceCoverage="0" branchCoverage="0" maxCyclomaticComplexity="1" minCyclomaticComplexity="1" maxCrapScore="2" minCrapScore="2" visitedClasses="0" numClasses="0" visitedMethods="0" numMethods="1" />
              <MetadataToken>100663910</MetadataToken>
              <Name>System.Void ExMat.Exceptions.ExRuntimeException::.ctor(ExMat.VM.ExVM,System.String,System.Exception)</Name>
              <FileRef uid="49" />
              <SequencePoints>
                <SequencePoint vc="0" uspid="13110" ordinal="0" offset="0" sl="54" sc="88" el="54" ec="121" bec="0" bev="0" fileid="49" />
                <SequencePoint vc="0" uspid="13111" ordinal="1" offset="10" sl="55" sc="9" el="55" ec="10" bec="0" bev="0" fileid="49" />
                <SequencePoint vc="0" uspid="13112" ordinal="2" offset="11" sl="56" sc="9" el="56" ec="10" bec="0" bev="0" fileid="49" />
              </SequencePoints>
              <BranchPoints />
              <MethodPoint xsi:type="SequencePoint" vc="0" uspid="13110" ordinal="0" offset="0" sl="54" sc="88" el="54" ec="121" bec="0" bev="0" fileid="49" />
            </Method>
            <Method visited="false" cyclomaticComplexity="1" nPathComplexity="0" sequenceCoverage="0" branchCoverage="0" crapScore="2" isConstructor="true" isStatic="false" isGetter="false" isSetter="false">
              <Summary numSequencePoints="3" visitedSequencePoints="0" numBranchPoints="1" visitedBranchPoints="0" sequenceCoverage="0" branchCoverage="0" maxCyclomaticComplexity="1" minCyclomaticComplexity="1" maxCrapScore="2" minCrapScore="2" visitedClasses="0" numClasses="0" visitedMethods="0" numMethods="1" />
              <MetadataToken>100663911</MetadataToken>
              <Name>System.Void ExMat.Exceptions.ExRuntimeException::.ctor(System.Runtime.Serialization.SerializationInfo,System.Runtime.Serialization.StreamingContext)</Name>
              <FileRef uid="49" />
              <SequencePoints>
                <SequencePoint vc="0" uspid="13113" ordinal="0" offset="0" sl="61" sc="90" el="61" ec="109" bec="0" bev="0" fileid="49" />
                <SequencePoint vc="0" uspid="13114" ordinal="1" offset="9" sl="62" sc="9" el="62" ec="10" bec="0" bev="0" fileid="49" />
                <SequencePoint vc="0" uspid="13115" ordinal="2" offset="10" sl="63" sc="9" el="63" ec="10" bec="0" bev="0" fileid="49" />
              </SequencePoints>
              <BranchPoints />
              <MethodPoint xsi:type="SequencePoint" vc="0" uspid="13113" ordinal="0" offset="0" sl="61" sc="90" el="61" ec="109" bec="0" bev="0" fileid="49" />
            </Method>
            <Method visited="false" cyclomaticComplexity="1" nPathComplexity="0" sequenceCoverage="0" branchCoverage="0" crapScore="2" isConstructor="true" isStatic="false" isGetter="false" isSetter="false">
              <Summary numSequencePoints="3" visitedSequencePoints="0" numBranchPoints="1" visitedBranchPoints="0" sequenceCoverage="0" branchCoverage="0" maxCyclomaticComplexity="1" minCyclomaticComplexity="1" maxCrapScore="2" minCrapScore="2" visitedClasses="0" numClasses="0" visitedMethods="0" numMethods="1" />
              <MetadataToken>100663912</MetadataToken>
              <Name>System.Void ExMat.Exceptions.ExRuntimeException::.ctor(ExMat.VM.ExVM,System.Runtime.Serialization.SerializationInfo,System.Runtime.Serialization.StreamingContext)</Name>
              <FileRef uid="49" />
              <SequencePoints>
                <SequencePoint vc="0" uspid="13116" ordinal="0" offset="0" sl="68" sc="99" el="68" ec="122" bec="0" bev="0" fileid="49" />
                <SequencePoint vc="0" uspid="13117" ordinal="1" offset="10" sl="69" sc="9" el="69" ec="10" bec="0" bev="0" fileid="49" />
                <SequencePoint vc="0" uspid="13118" ordinal="2" offset="11" sl="70" sc="9" el="70" ec="10" bec="0" bev="0" fileid="49" />
              </SequencePoints>
              <BranchPoints />
              <MethodPoint xsi:type="SequencePoint" vc="0" uspid="13116" ordinal="0" offset="0" sl="68" sc="99" el="68" ec="122" bec="0" bev="0" fileid="49" />
            </Method>
          </Methods>
        </Class>
        <Class>
          <Summary numSequencePoints="30" visitedSequencePoints="0" numBranchPoints="13" visitedBranchPoints="0" sequenceCoverage="0" branchCoverage="0" maxCyclomaticComplexity="4" minCyclomaticComplexity="1" maxCrapScore="20" minCrapScore="2" visitedClasses="0" numClasses="1" visitedMethods="0" numMethods="5" />
          <FullName>ExMat.InfoVar.ExCallInfo</FullName>
          <Methods>
            <Method visited="false" cyclomaticComplexity="1" nPathComplexity="0" sequenceCoverage="0" branchCoverage="0" crapScore="2" isConstructor="true" isStatic="false" isGetter="false" isSetter="false">
              <Summary numSequencePoints="3" visitedSequencePoints="0" numBranchPoints="1" visitedBranchPoints="0" sequenceCoverage="0" branchCoverage="0" maxCyclomaticComplexity="1" minCyclomaticComplexity="1" maxCrapScore="2" minCrapScore="2" visitedClasses="0" numClasses="0" visitedMethods="0" numMethods="1" />
              <MetadataToken>100663913</MetadataToken>
              <Name>System.Void ExMat.InfoVar.ExCallInfo::.ctor()</Name>
              <FileRef uid="50" />
              <SequencePoints>
                <SequencePoint vc="0" uspid="13119" ordinal="0" offset="0" sl="31" sc="9" el="31" ec="28" bec="0" bev="0" fileid="50" />
                <SequencePoint vc="0" uspid="13120" ordinal="1" offset="7" sl="31" sc="29" el="31" ec="30" bec="0" bev="0" fileid="50" />
                <SequencePoint vc="0" uspid="13121" ordinal="2" offset="8" sl="31" sc="31" el="31" ec="32" bec="0" bev="0" fileid="50" />
              </SequencePoints>
              <BranchPoints />
              <MethodPoint xsi:type="SequencePoint" vc="0" uspid="13119" ordinal="0" offset="0" sl="31" sc="9" el="31" ec="28" bec="0" bev="0" fileid="50" />
            </Method>
            <Method visited="false" cyclomaticComplexity="1" nPathComplexity="0" sequenceCoverage="0" branchCoverage="0" crapScore="2" isConstructor="false" isStatic="false" isGetter="false" isSetter="false">
              <Summary numSequencePoints="3" visitedSequencePoints="0" numBranchPoints="1" visitedBranchPoints="0" sequenceCoverage="0" branchCoverage="0" maxCyclomaticComplexity="1" minCyclomaticComplexity="1" maxCrapScore="2" minCrapScore="2" visitedClasses="0" numClasses="0" visitedMethods="0" numMethods="1" />
              <MetadataToken>100663914</MetadataToken>
              <Name>ExMat.InfoVar.ExCallInfo ExMat.InfoVar.ExCallInfo::ShallowCopy()</Name>
              <FileRef uid="50" />
              <SequencePoints>
                <SequencePoint vc="0" uspid="13122" ordinal="0" offset="0" sl="33" sc="9" el="33" ec="10" bec="0" bev="0" fileid="50" />
                <SequencePoint vc="0" uspid="13123" ordinal="1" offset="1" sl="34" sc="13" el="34" ec="168" bec="0" bev="0" fileid="50" />
                <SequencePoint vc="0" uspid="13124" ordinal="2" offset="93" sl="35" sc="9" el="35" ec="10" bec="0" bev="0" fileid="50" />
              </SequencePoints>
              <BranchPoints />
              <MethodPoint xsi:type="SequencePoint" vc="0" uspid="13122" ordinal="0" offset="0" sl="33" sc="9" el="33" ec="10" bec="0" bev="0" fileid="50" />
            </Method>
            <Method visited="false" cyclomaticComplexity="2" nPathComplexity="2" sequenceCoverage="0" branchCoverage="0" crapScore="6" isConstructor="false" isStatic="false" isGetter="false" isSetter="false">
              <Summary numSequencePoints="4" visitedSequencePoints="0" numBranchPoints="3" visitedBranchPoints="0" sequenceCoverage="0" branchCoverage="0" maxCyclomaticComplexity="2" minCyclomaticComplexity="2" maxCrapScore="6" minCrapScore="6" visitedClasses="0" numClasses="0" visitedMethods="0" numMethods="1" />
              <MetadataToken>100663915</MetadataToken>
              <Name>System.String ExMat.InfoVar.ExCallInfo::GetDebuggerDisplay()</Name>
              <FileRef uid="50" />
              <SequencePoints>
                <SequencePoint vc="0" uspid="13125" ordinal="0" offset="0" sl="38" sc="9" el="38" ec="10" bec="0" bev="0" fileid="50" />
                <SequencePoint vc="0" uspid="13126" ordinal="1" offset="1" sl="39" sc="13" el="39" ec="82" bec="2" bev="0" fileid="50" />
                <SequencePoint vc="0" uspid="13127" ordinal="2" offset="46" sl="40" sc="13" el="40" ec="85" bec="0" bev="0" fileid="50" />
                <SequencePoint vc="0" uspid="13128" ordinal="3" offset="102" sl="41" sc="9" el="41" ec="10" bec="0" bev="0" fileid="50" />
              </SequencePoints>
              <BranchPoints>
                <BranchPoint vc="0" uspid="13129" ordinal="0" offset="7" sl="39" path="0" offsetend="9" fileid="50" />
                <BranchPoint vc="0" uspid="13130" ordinal="1" offset="7" sl="39" path="1" offsetend="40" fileid="50" />
              </BranchPoints>
              <MethodPoint xsi:type="SequencePoint" vc="0" uspid="13125" ordinal="0" offset="0" sl="38" sc="9" el="38" ec="10" bec="0" bev="0" fileid="50" />
            </Method>
            <Method visited="false" cyclomaticComplexity="4" nPathComplexity="8" sequenceCoverage="0" branchCoverage="0" crapScore="20" isConstructor="false" isStatic="false" isGetter="false" isSetter="false">
              <Summary numSequencePoints="16" visitedSequencePoints="0" numBranchPoints="7" visitedBranchPoints="0" sequenceCoverage="0" branchCoverage="0" maxCyclomaticComplexity="4" minCyclomaticComplexity="4" maxCrapScore="20" minCrapScore="20" visitedClasses="0" numClasses="0" visitedMethods="0" numMethods="1" />
              <MetadataToken>100663916</MetadataToken>
              <Name>System.Void ExMat.InfoVar.ExCallInfo::Dispose(System.Boolean)</Name>
              <FileRef uid="50" />
              <SequencePoints>
                <SequencePoint vc="0" uspid="13131" ordinal="0" offset="0" sl="45" sc="9" el="45" ec="10" bec="0" bev="0" fileid="50" />
                <SequencePoint vc="0" uspid="13132" ordinal="1" offset="1" sl="46" sc="13" el="46" ec="32" bec="2" bev="0" fileid="50" />
                <SequencePoint vc="0" uspid="13133" ordinal="2" offset="14" sl="47" sc="13" el="47" ec="14" bec="0" bev="0" fileid="50" />
                <SequencePoint vc="0" uspid="13134" ordinal="3" offset="15" sl="48" sc="17" el="48" ec="31" bec="2" bev="0" fileid="50" />
                <SequencePoint vc="0" uspid="13135" ordinal="4" offset="20" sl="49" sc="17" el="49" ec="18" bec="0" bev="0" fileid="50" />
                <SequencePoint vc="0" uspid="13136" ordinal="5" offset="21" sl="50" sc="21" el="50" ec="58" bec="0" bev="0" fileid="50" />
                <SequencePoint vc="0" uspid="13137" ordinal="6" offset="33" sl="51" sc="21" el="51" ec="56" bec="0" bev="0" fileid="50" />
                <SequencePoint vc="0" uspid="13138" ordinal="7" offset="54" sl="53" sc="21" el="53" ec="46" bec="2" bev="0" fileid="50" />
                <SequencePoint vc="0" uspid="13139" ordinal="8" offset="67" sl="54" sc="21" el="54" ec="22" bec="0" bev="0" fileid="50" />
                <SequencePoint vc="0" uspid="13140" ordinal="9" offset="68" sl="55" sc="25" el="55" ec="46" bec="0" bev="0" fileid="50" />
                <SequencePoint vc="0" uspid="13141" ordinal="10" offset="80" sl="56" sc="25" el="56" ec="45" bec="0" bev="0" fileid="50" />
                <SequencePoint vc="0" uspid="13142" ordinal="11" offset="87" sl="57" sc="21" el="57" ec="22" bec="0" bev="0" fileid="50" />
                <SequencePoint vc="0" uspid="13143" ordinal="12" offset="88" sl="58" sc="17" el="58" ec="18" bec="0" bev="0" fileid="50" />
                <SequencePoint vc="0" uspid="13144" ordinal="13" offset="89" sl="62" sc="17" el="62" ec="38" bec="0" bev="0" fileid="50" />
                <SequencePoint vc="0" uspid="13145" ordinal="14" offset="96" sl="63" sc="13" el="63" ec="14" bec="0" bev="0" fileid="50" />
                <SequencePoint vc="0" uspid="13146" ordinal="15" offset="97" sl="64" sc="9" el="64" ec="10" bec="0" bev="0" fileid="50" />
              </SequencePoints>
              <BranchPoints>
                <BranchPoint vc="0" uspid="13147" ordinal="0" offset="12" sl="46" path="0" offsetend="14" fileid="50" />
                <BranchPoint vc="0" uspid="13148" ordinal="1" offset="12" sl="46" path="1" offsetend="97" fileid="50" />
                <BranchPoint vc="0" uspid="13149" ordinal="2" offset="18" sl="48" path="0" offsetend="20" fileid="50" />
                <BranchPoint vc="0" uspid="13150" ordinal="3" offset="18" sl="48" path="1" offsetend="89" fileid="50" />
                <BranchPoint vc="0" uspid="13151" ordinal="4" offset="65" sl="53" path="0" offsetend="67" fileid="50" />
                <BranchPoint vc="0" uspid="13152" ordinal="5" offset="65" sl="53" path="1" offsetend="88" fileid="50" />
              </BranchPoints>
              <MethodPoint xsi:type="SequencePoint" vc="0" uspid="13131" ordinal="0" offset="0" sl="45" sc="9" el="45" ec="10" bec="0" bev="0" fileid="50" />
            </Method>
            <Method visited="false" cyclomaticComplexity="1" nPathComplexity="0" sequenceCoverage="0" branchCoverage="0" crapScore="2" isConstructor="false" isStatic="false" isGetter="false" isSetter="false">
              <Summary numSequencePoints="4" visitedSequencePoints="0" numBranchPoints="1" visitedBranchPoints="0" sequenceCoverage="0" branchCoverage="0" maxCyclomaticComplexity="1" minCyclomaticComplexity="1" maxCrapScore="2" minCrapScore="2" visitedClasses="0" numClasses="0" visitedMethods="0" numMethods="1" />
              <MetadataToken>100663917</MetadataToken>
              <Name>System.Void ExMat.InfoVar.ExCallInfo::Dispose()</Name>
              <FileRef uid="50" />
              <SequencePoints>
                <SequencePoint vc="0" uspid="13153" ordinal="0" offset="0" sl="70" sc="9" el="70" ec="10" bec="0" bev="0" fileid="50" />
                <SequencePoint vc="0" uspid="13154" ordinal="1" offset="1" sl="72" sc="13" el="72" ec="38" bec="0" bev="0" fileid="50" />
                <SequencePoint vc="0" uspid="13155" ordinal="2" offset="9" sl="73" sc="13" el="73" ec="39" bec="0" bev="0" fileid="50" />
                <SequencePoint vc="0" uspid="13156" ordinal="3" offset="16" sl="74" sc="9" el="74" ec="10" bec="0" bev="0" fileid="50" />
              </SequencePoints>
              <BranchPoints />
              <MethodPoint xsi:type="SequencePoint" vc="0" uspid="13153" ordinal="0" offset="0" sl="70" sc="9" el="70" ec="10" bec="0" bev="0" fileid="50" />
            </Method>
          </Methods>
        </Class>
        <Class>
          <Summary numSequencePoints="6" visitedSequencePoints="0" numBranchPoints="2" visitedBranchPoints="0" sequenceCoverage="0" branchCoverage="0" maxCyclomaticComplexity="1" minCyclomaticComplexity="1" maxCrapScore="2" minCrapScore="2" visitedClasses="0" numClasses="1" visitedMethods="0" numMethods="2" />
          <FullName>ExMat.InfoVar.ExLineInfo</FullName>
          <Methods>
            <Method visited="false" cyclomaticComplexity="1" nPathComplexity="0" sequenceCoverage="0" branchCoverage="0" crapScore="2" isConstructor="true" isStatic="false" isGetter="false" isSetter="false">
              <Summary numSequencePoints="3" visitedSequencePoints="0" numBranchPoints="1" visitedBranchPoints="0" sequenceCoverage="0" branchCoverage="0" maxCyclomaticComplexity="1" minCyclomaticComplexity="1" maxCrapScore="2" minCrapScore="2" visitedClasses="0" numClasses="0" visitedMethods="0" numMethods="1" />
              <MetadataToken>100663918</MetadataToken>
              <Name>System.Void ExMat.InfoVar.ExLineInfo::.ctor()</Name>
              <FileRef uid="51" />
              <SequencePoints>
                <SequencePoint vc="0" uspid="13157" ordinal="0" offset="0" sl="15" sc="9" el="15" ec="28" bec="0" bev="0" fileid="51" />
                <SequencePoint vc="0" uspid="13158" ordinal="1" offset="7" sl="15" sc="29" el="15" ec="30" bec="0" bev="0" fileid="51" />
                <SequencePoint vc="0" uspid="13159" ordinal="2" offset="8" sl="15" sc="31" el="15" ec="32" bec="0" bev="0" fileid="51" />
              </SequencePoints>
              <BranchPoints />
              <MethodPoint xsi:type="SequencePoint" vc="0" uspid="13157" ordinal="0" offset="0" sl="15" sc="9" el="15" ec="28" bec="0" bev="0" fileid="51" />
            </Method>
            <Method visited="false" cyclomaticComplexity="1" nPathComplexity="0" sequenceCoverage="0" branchCoverage="0" crapScore="2" isConstructor="false" isStatic="false" isGetter="false" isSetter="false">
              <Summary numSequencePoints="3" visitedSequencePoints="0" numBranchPoints="1" visitedBranchPoints="0" sequenceCoverage="0" branchCoverage="0" maxCyclomaticComplexity="1" minCyclomaticComplexity="1" maxCrapScore="2" minCrapScore="2" visitedClasses="0" numClasses="0" visitedMethods="0" numMethods="1" />
              <MetadataToken>100663919</MetadataToken>
              <Name>System.String ExMat.InfoVar.ExLineInfo::GetDebuggerDisplay()</Name>
              <FileRef uid="51" />
              <SequencePoints>
                <SequencePoint vc="0" uspid="13160" ordinal="0" offset="0" sl="19" sc="9" el="19" ec="10" bec="0" bev="0" fileid="51" />
                <SequencePoint vc="0" uspid="13161" ordinal="1" offset="1" sl="20" sc="13" el="20" ec="62" bec="0" bev="0" fileid="51" />
                <SequencePoint vc="0" uspid="13162" ordinal="2" offset="67" sl="21" sc="9" el="21" ec="10" bec="0" bev="0" fileid="51" />
              </SequencePoints>
              <BranchPoints />
              <MethodPoint xsi:type="SequencePoint" vc="0" uspid="13160" ordinal="0" offset="0" sl="19" sc="9" el="19" ec="10" bec="0" bev="0" fileid="51" />
            </Method>
          </Methods>
        </Class>
        <Class>
          <Summary numSequencePoints="28" visitedSequencePoints="0" numBranchPoints="9" visitedBranchPoints="0" sequenceCoverage="0" branchCoverage="0" maxCyclomaticComplexity="3" minCyclomaticComplexity="1" maxCrapScore="12" minCrapScore="2" visitedClasses="0" numClasses="1" visitedMethods="0" numMethods="5" />
          <FullName>ExMat.InfoVar.ExLocalInfo</FullName>
          <Methods>
            <Method visited="false" cyclomaticComplexity="1" nPathComplexity="0" sequenceCoverage="0" branchCoverage="0" crapScore="2" isConstructor="true" isStatic="false" isGetter="false" isSetter="false">
              <Summary numSequencePoints="4" visitedSequencePoints="0" numBranchPoints="1" visitedBranchPoints="0" sequenceCoverage="0" branchCoverage="0" maxCyclomaticComplexity="1" minCyclomaticComplexity="1" maxCrapScore="2" minCrapScore="2" visitedClasses="0" numClasses="0" visitedMethods="0" numMethods="1" />
              <MetadataToken>100663920</MetadataToken>
              <Name>System.Void ExMat.InfoVar.ExLocalInfo::.ctor()</Name>
              <FileRef uid="52" />
              <SequencePoints>
                <SequencePoint vc="0" uspid="13163" ordinal="0" offset="0" sl="14" sc="9" el="14" ec="38" bec="0" bev="0" fileid="52" />
                <SequencePoint vc="0" uspid="13164" ordinal="1" offset="11" sl="21" sc="9" el="21" ec="29" bec="0" bev="0" fileid="52" />
                <SequencePoint vc="0" uspid="13165" ordinal="2" offset="18" sl="21" sc="30" el="21" ec="31" bec="0" bev="0" fileid="52" />
                <SequencePoint vc="0" uspid="13166" ordinal="3" offset="19" sl="21" sc="32" el="21" ec="33" bec="0" bev="0" fileid="52" />
              </SequencePoints>
              <BranchPoints />
              <MethodPoint xsi:type="SequencePoint" vc="0" uspid="13163" ordinal="0" offset="0" sl="14" sc="9" el="14" ec="38" bec="0" bev="0" fileid="52" />
            </Method>
            <Method visited="false" cyclomaticComplexity="1" nPathComplexity="0" sequenceCoverage="0" branchCoverage="0" crapScore="2" isConstructor="true" isStatic="false" isGetter="false" isSetter="false">
              <Summary numSequencePoints="7" visitedSequencePoints="0" numBranchPoints="1" visitedBranchPoints="0" sequenceCoverage="0" branchCoverage="0" maxCyclomaticComplexity="1" minCyclomaticComplexity="1" maxCrapScore="2" minCrapScore="2" visitedClasses="0" numClasses="0" visitedMethods="0" numMethods="1" />
              <MetadataToken>100663921</MetadataToken>
              <Name>System.Void ExMat.InfoVar.ExLocalInfo::.ctor(ExMat.InfoVar.ExLocalInfo)</Name>
              <FileRef uid="52" />
              <SequencePoints>
                <SequencePoint vc="0" uspid="13167" ordinal="0" offset="0" sl="14" sc="9" el="14" ec="38" bec="0" bev="0" fileid="52" />
                <SequencePoint vc="0" uspid="13168" ordinal="1" offset="11" sl="22" sc="9" el="22" ec="44" bec="0" bev="0" fileid="52" />
                <SequencePoint vc="0" uspid="13169" ordinal="2" offset="18" sl="23" sc="9" el="23" ec="10" bec="0" bev="0" fileid="52" />
                <SequencePoint vc="0" uspid="13170" ordinal="3" offset="19" sl="24" sc="13" el="24" ec="37" bec="0" bev="0" fileid="52" />
                <SequencePoint vc="0" uspid="13171" ordinal="4" offset="31" sl="25" sc="13" el="25" ec="33" bec="0" bev="0" fileid="52" />
                <SequencePoint vc="0" uspid="13172" ordinal="5" offset="43" sl="26" sc="13" el="26" ec="37" bec="0" bev="0" fileid="52" />
                <SequencePoint vc="0" uspid="13173" ordinal="6" offset="55" sl="27" sc="9" el="27" ec="10" bec="0" bev="0" fileid="52" />
              </SequencePoints>
              <BranchPoints />
              <MethodPoint xsi:type="SequencePoint" vc="0" uspid="13167" ordinal="0" offset="0" sl="14" sc="9" el="14" ec="38" bec="0" bev="0" fileid="52" />
            </Method>
            <Method visited="false" cyclomaticComplexity="1" nPathComplexity="0" sequenceCoverage="0" branchCoverage="0" crapScore="2" isConstructor="false" isStatic="false" isGetter="false" isSetter="false">
              <Summary numSequencePoints="3" visitedSequencePoints="0" numBranchPoints="1" visitedBranchPoints="0" sequenceCoverage="0" branchCoverage="0" maxCyclomaticComplexity="1" minCyclomaticComplexity="1" maxCrapScore="2" minCrapScore="2" visitedClasses="0" numClasses="0" visitedMethods="0" numMethods="1" />
              <MetadataToken>100663922</MetadataToken>
              <Name>System.String ExMat.InfoVar.ExLocalInfo::GetDebuggerDisplay()</Name>
              <FileRef uid="52" />
              <SequencePoints>
                <SequencePoint vc="0" uspid="13174" ordinal="0" offset="0" sl="30" sc="9" el="30" ec="10" bec="0" bev="0" fileid="52" />
                <SequencePoint vc="0" uspid="13175" ordinal="1" offset="1" sl="31" sc="13" el="31" ec="104" bec="0" bev="0" fileid="52" />
                <SequencePoint vc="0" uspid="13176" ordinal="2" offset="103" sl="32" sc="9" el="32" ec="10" bec="0" bev="0" fileid="52" />
              </SequencePoints>
              <BranchPoints />
              <MethodPoint xsi:type="SequencePoint" vc="0" uspid="13174" ordinal="0" offset="0" sl="30" sc="9" el="30" ec="10" bec="0" bev="0" fileid="52" />
            </Method>
            <Method visited="false" cyclomaticComplexity="3" nPathComplexity="4" sequenceCoverage="0" branchCoverage="0" crapScore="12" isConstructor="false" isStatic="false" isGetter="false" isSetter="false">
              <Summary numSequencePoints="10" visitedSequencePoints="0" numBranchPoints="5" visitedBranchPoints="0" sequenceCoverage="0" branchCoverage="0" maxCyclomaticComplexity="3" minCyclomaticComplexity="3" maxCrapScore="12" minCrapScore="12" visitedClasses="0" numClasses="0" visitedMethods="0" numMethods="1" />
              <MetadataToken>100663923</MetadataToken>
              <Name>System.Void ExMat.InfoVar.ExLocalInfo::Dispose(System.Boolean)</Name>
              <FileRef uid="52" />
              <SequencePoints>
                <SequencePoint vc="0" uspid="13177" ordinal="0" offset="0" sl="36" sc="9" el="36" ec="10" bec="0" bev="0" fileid="52" />
                <SequencePoint vc="0" uspid="13178" ordinal="1" offset="1" sl="37" sc="13" el="37" ec="32" bec="2" bev="0" fileid="52" />
                <SequencePoint vc="0" uspid="13179" ordinal="2" offset="14" sl="38" sc="13" el="38" ec="14" bec="0" bev="0" fileid="52" />
                <SequencePoint vc="0" uspid="13180" ordinal="3" offset="15" sl="39" sc="17" el="39" ec="31" bec="2" bev="0" fileid="52" />
                <SequencePoint vc="0" uspid="13181" ordinal="4" offset="20" sl="40" sc="17" el="40" ec="18" bec="0" bev="0" fileid="52" />
                <SequencePoint vc="0" uspid="13182" ordinal="5" offset="21" sl="41" sc="21" el="41" ec="36" bec="0" bev="0" fileid="52" />
                <SequencePoint vc="0" uspid="13183" ordinal="6" offset="33" sl="42" sc="17" el="42" ec="18" bec="0" bev="0" fileid="52" />
                <SequencePoint vc="0" uspid="13184" ordinal="7" offset="34" sl="46" sc="17" el="46" ec="38" bec="0" bev="0" fileid="52" />
                <SequencePoint vc="0" uspid="13185" ordinal="8" offset="41" sl="47" sc="13" el="47" ec="14" bec="0" bev="0" fileid="52" />
                <SequencePoint vc="0" uspid="13186" ordinal="9" offset="42" sl="48" sc="9" el="48" ec="10" bec="0" bev="0" fileid="52" />
              </SequencePoints>
              <BranchPoints>
                <BranchPoint vc="0" uspid="13187" ordinal="0" offset="12" sl="37" path="0" offsetend="14" fileid="52" />
                <BranchPoint vc="0" uspid="13188" ordinal="1" offset="12" sl="37" path="1" offsetend="42" fileid="52" />
                <BranchPoint vc="0" uspid="13189" ordinal="2" offset="18" sl="39" path="0" offsetend="20" fileid="52" />
                <BranchPoint vc="0" uspid="13190" ordinal="3" offset="18" sl="39" path="1" offsetend="34" fileid="52" />
              </BranchPoints>
              <MethodPoint xsi:type="SequencePoint" vc="0" uspid="13177" ordinal="0" offset="0" sl="36" sc="9" el="36" ec="10" bec="0" bev="0" fileid="52" />
            </Method>
            <Method visited="false" cyclomaticComplexity="1" nPathComplexity="0" sequenceCoverage="0" branchCoverage="0" crapScore="2" isConstructor="false" isStatic="false" isGetter="false" isSetter="false">
              <Summary numSequencePoints="4" visitedSequencePoints="0" numBranchPoints="1" visitedBranchPoints="0" sequenceCoverage="0" branchCoverage="0" maxCyclomaticComplexity="1" minCyclomaticComplexity="1" maxCrapScore="2" minCrapScore="2" visitedClasses="0" numClasses="0" visitedMethods="0" numMethods="1" />
              <MetadataToken>100663924</MetadataToken>
              <Name>System.Void ExMat.InfoVar.ExLocalInfo::Dispose()</Name>
              <FileRef uid="52" />
              <SequencePoints>
                <SequencePoint vc="0" uspid="13191" ordinal="0" offset="0" sl="51" sc="9" el="51" ec="10" bec="0" bev="0" fileid="52" />
                <SequencePoint vc="0" uspid="13192" ordinal="1" offset="1" sl="53" sc="13" el="53" ec="38" bec="0" bev="0" fileid="52" />
                <SequencePoint vc="0" uspid="13193" ordinal="2" offset="9" sl="54" sc="13" el="54" ec="39" bec="0" bev="0" fileid="52" />
                <SequencePoint vc="0" uspid="13194" ordinal="3" offset="16" sl="55" sc="9" el="55" ec="10" bec="0" bev="0" fileid="52" />
              </SequencePoints>
              <BranchPoints />
              <MethodPoint xsi:type="SequencePoint" vc="0" uspid="13191" ordinal="0" offset="0" sl="51" sc="9" el="51" ec="10" bec="0" bev="0" fileid="52" />
            </Method>
          </Methods>
        </Class>
        <Class>
          <Summary numSequencePoints="65" visitedSequencePoints="0" numBranchPoints="20" visitedBranchPoints="0" sequenceCoverage="0" branchCoverage="0" maxCyclomaticComplexity="5" minCyclomaticComplexity="1" maxCrapScore="30" minCrapScore="2" visitedClasses="0" numClasses="1" visitedMethods="0" numMethods="6" />
          <FullName>ExMat.InfoVar.ExNode`1</FullName>
          <Methods>
            <Method visited="false" cyclomaticComplexity="3" nPathComplexity="2" sequenceCoverage="0" branchCoverage="0" crapScore="12" isConstructor="false" isStatic="false" isGetter="true" isSetter="false">
              <Summary numSequencePoints="9" visitedSequencePoints="0" numBranchPoints="3" visitedBranchPoints="0" sequenceCoverage="0" branchCoverage="0" maxCyclomaticComplexity="3" minCyclomaticComplexity="3" maxCrapScore="12" minCrapScore="12" visitedClasses="0" numClasses="0" visitedMethods="0" numMethods="1" />
              <MetadataToken>100663927</MetadataToken>
              <Name>T ExMat.InfoVar.ExNode`1::get_Item(System.Int32)</Name>
              <FileRef uid="53" />
              <SequencePoints>
                <SequencePoint vc="0" uspid="13195" ordinal="0" offset="0" sl="42" sc="13" el="42" ec="14" bec="0" bev="0" fileid="53" />
                <SequencePoint vc="0" uspid="13196" ordinal="1" offset="1" sl="43" sc="17" el="43" ec="39" bec="0" bev="0" fileid="53" />
                <SequencePoint vc="0" uspid="13197" ordinal="2" offset="5" sl="45" sc="17" el="45" ec="18" bec="0" bev="0" fileid="53" />
                <SequencePoint vc="0" uspid="13198" ordinal="3" offset="6" sl="46" sc="21" el="46" ec="38" bec="0" bev="0" fileid="53" />
                <SequencePoint vc="0" uspid="13199" ordinal="4" offset="13" sl="47" sc="21" el="47" ec="25" bec="0" bev="0" fileid="53" />
                <SequencePoint vc="0" uspid="13200" ordinal="5" offset="18" sl="48" sc="17" el="48" ec="18" bec="0" bev="0" fileid="53" />
                <SequencePoint vc="0" uspid="13201" ordinal="6" offset="19" sl="44" sc="17" el="44" ec="51" bec="2" bev="0" fileid="53" />
                <SequencePoint vc="0" uspid="13202" ordinal="7" offset="39" sl="49" sc="17" el="49" ec="35" bec="0" bev="0" fileid="53" />
                <SequencePoint vc="0" uspid="13203" ordinal="8" offset="48" sl="50" sc="13" el="50" ec="14" bec="0" bev="0" fileid="53" />
              </SequencePoints>
              <BranchPoints>
                <BranchPoint vc="0" uspid="13204" ordinal="0" offset="21" sl="44" path="0" offsetend="23" fileid="53" />
                <BranchPoint vc="0" uspid="13205" ordinal="1" offset="21" sl="44" path="1" offsetend="34" fileid="53" />
              </BranchPoints>
              <MethodPoint xsi:type="SequencePoint" vc="0" uspid="13195" ordinal="0" offset="0" sl="42" sc="13" el="42" ec="14" bec="0" bev="0" fileid="53" />
            </Method>
            <Method visited="false" cyclomaticComplexity="3" nPathComplexity="2" sequenceCoverage="0" branchCoverage="0" crapScore="12" isConstructor="false" isStatic="false" isGetter="false" isSetter="true">
              <Summary numSequencePoints="9" visitedSequencePoints="0" numBranchPoints="3" visitedBranchPoints="0" sequenceCoverage="0" branchCoverage="0" maxCyclomaticComplexity="3" minCyclomaticComplexity="3" maxCrapScore="12" minCrapScore="12" visitedClasses="0" numClasses="0" visitedMethods="0" numMethods="1" />
              <MetadataToken>100663928</MetadataToken>
              <Name>System.Void ExMat.InfoVar.ExNode`1::set_Item(System.Int32,T)</Name>
              <FileRef uid="53" />
              <SequencePoints>
                <SequencePoint vc="0" uspid="13206" ordinal="0" offset="0" sl="52" sc="13" el="52" ec="14" bec="0" bev="0" fileid="53" />
                <SequencePoint vc="0" uspid="13207" ordinal="1" offset="1" sl="53" sc="17" el="53" ec="39" bec="0" bev="0" fileid="53" />
                <SequencePoint vc="0" uspid="13208" ordinal="2" offset="5" sl="55" sc="17" el="55" ec="18" bec="0" bev="0" fileid="53" />
                <SequencePoint vc="0" uspid="13209" ordinal="3" offset="6" sl="56" sc="21" el="56" ec="38" bec="0" bev="0" fileid="53" />
                <SequencePoint vc="0" uspid="13210" ordinal="4" offset="13" sl="57" sc="21" el="57" ec="25" bec="0" bev="0" fileid="53" />
                <SequencePoint vc="0" uspid="13211" ordinal="5" offset="18" sl="58" sc="17" el="58" ec="18" bec="0" bev="0" fileid="53" />
                <SequencePoint vc="0" uspid="13212" ordinal="6" offset="19" sl="54" sc="17" el="54" ec="51" bec="2" bev="0" fileid="53" />
                <SequencePoint vc="0" uspid="13213" ordinal="7" offset="39" sl="59" sc="17" el="59" ec="36" bec="0" bev="0" fileid="53" />
                <SequencePoint vc="0" uspid="13214" ordinal="8" offset="46" sl="60" sc="13" el="60" ec="14" bec="0" bev="0" fileid="53" />
              </SequencePoints>
              <BranchPoints>
                <BranchPoint vc="0" uspid="13215" ordinal="0" offset="21" sl="54" path="0" offsetend="23" fileid="53" />
                <BranchPoint vc="0" uspid="13216" ordinal="1" offset="21" sl="54" path="1" offsetend="34" fileid="53" />
              </BranchPoints>
              <MethodPoint xsi:type="SequencePoint" vc="0" uspid="13206" ordinal="0" offset="0" sl="52" sc="13" el="52" ec="14" bec="0" bev="0" fileid="53" />
            </Method>
            <Method visited="false" cyclomaticComplexity="1" nPathComplexity="0" sequenceCoverage="0" branchCoverage="0" crapScore="2" isConstructor="true" isStatic="false" isGetter="false" isSetter="false">
              <Summary numSequencePoints="3" visitedSequencePoints="0" numBranchPoints="1" visitedBranchPoints="0" sequenceCoverage="0" branchCoverage="0" maxCyclomaticComplexity="1" minCyclomaticComplexity="1" maxCrapScore="2" minCrapScore="2" visitedClasses="0" numClasses="0" visitedMethods="0" numMethods="1" />
              <MetadataToken>100663925</MetadataToken>
              <Name>System.Void ExMat.InfoVar.ExNode`1::.ctor()</Name>
              <FileRef uid="53" />
              <SequencePoints>
                <SequencePoint vc="0" uspid="13217" ordinal="0" offset="0" sl="14" sc="9" el="14" ec="24" bec="0" bev="0" fileid="53" />
                <SequencePoint vc="0" uspid="13218" ordinal="1" offset="7" sl="15" sc="9" el="15" ec="10" bec="0" bev="0" fileid="53" />
                <SequencePoint vc="0" uspid="13219" ordinal="2" offset="8" sl="17" sc="9" el="17" ec="10" bec="0" bev="0" fileid="53" />
              </SequencePoints>
              <BranchPoints />
              <MethodPoint xsi:type="SequencePoint" vc="0" uspid="13217" ordinal="0" offset="0" sl="14" sc="9" el="14" ec="24" bec="0" bev="0" fileid="53" />
            </Method>
            <Method visited="false" cyclomaticComplexity="4" nPathComplexity="2" sequenceCoverage="0" branchCoverage="0" crapScore="20" isConstructor="true" isStatic="false" isGetter="false" isSetter="false">
              <Summary numSequencePoints="20" visitedSequencePoints="0" numBranchPoints="3" visitedBranchPoints="0" sequenceCoverage="0" branchCoverage="0" maxCyclomaticComplexity="4" minCyclomaticComplexity="4" maxCrapScore="20" minCrapScore="20" visitedClasses="0" numClasses="0" visitedMethods="0" numMethods="1" />
              <MetadataToken>100663926</MetadataToken>
              <Name>System.Void ExMat.InfoVar.ExNode`1::.ctor(System.Collections.Generic.List`1&lt;T&gt;,System.Int32)</Name>
              <FileRef uid="53" />
              <SequencePoints>
                <SequencePoint vc="0" uspid="13220" ordinal="0" offset="0" sl="19" sc="9" el="19" ec="48" bec="0" bev="0" fileid="53" />
                <SequencePoint vc="0" uspid="13221" ordinal="1" offset="7" sl="20" sc="9" el="20" ec="10" bec="0" bev="0" fileid="53" />
                <SequencePoint vc="0" uspid="13222" ordinal="2" offset="8" sl="21" sc="13" el="21" ec="54" bec="0" bev="0" fileid="53" />
                <SequencePoint vc="0" uspid="13223" ordinal="3" offset="27" sl="22" sc="13" el="22" ec="29" bec="0" bev="0" fileid="53" />
                <SequencePoint vc="0" uspid="13224" ordinal="4" offset="34" sl="23" sc="18" el="23" ec="27" bec="0" bev="0" fileid="53" />
                <SequencePoint vc="0" uspid="13225" ordinal="5" offset="38" sl="24" sc="13" el="24" ec="14" bec="0" bev="0" fileid="53" />
                <SequencePoint vc="0" uspid="13226" ordinal="6" offset="39" sl="25" sc="17" el="25" ec="67" bec="0" bev="0" fileid="53" />
                <SequencePoint vc="0" uspid="13227" ordinal="7" offset="70" sl="26" sc="17" el="26" ec="36" bec="0" bev="0" fileid="53" />
                <SequencePoint vc="0" uspid="13228" ordinal="8" offset="77" sl="27" sc="13" el="27" ec="14" bec="0" bev="0" fileid="53" />
                <SequencePoint vc="0" uspid="13229" ordinal="9" offset="78" sl="23" sc="36" el="23" ec="39" bec="0" bev="0" fileid="53" />
                <SequencePoint vc="0" uspid="13230" ordinal="10" offset="82" sl="23" sc="29" el="23" ec="34" bec="0" bev="0" fileid="53" />
                <SequencePoint vc="0" uspid="13231" ordinal="11" offset="92" sl="30" sc="13" el="30" ec="14" bec="0" bev="0" fileid="53" />
                <SequencePoint vc="0" uspid="13232" ordinal="12" offset="93" sl="31" sc="17" el="31" ec="21" bec="0" bev="0" fileid="53" />
                <SequencePoint vc="0" uspid="13233" ordinal="13" offset="97" sl="32" sc="17" el="32" ec="36" bec="0" bev="0" fileid="53" />
                <SequencePoint vc="0" uspid="13234" ordinal="14" offset="104" sl="33" sc="13" el="33" ec="14" bec="0" bev="0" fileid="53" />
                <SequencePoint vc="0" uspid="13235" ordinal="15" offset="105" sl="29" sc="13" el="29" ec="56" bec="2" bev="0" fileid="53" />
                <SequencePoint vc="0" uspid="13236" ordinal="16" offset="129" sl="34" sc="13" el="34" ec="33" bec="0" bev="0" fileid="53" />
                <SequencePoint vc="0" uspid="13237" ordinal="17" offset="141" sl="35" sc="13" el="35" ec="31" bec="0" bev="0" fileid="53" />
                <SequencePoint vc="0" uspid="13238" ordinal="18" offset="153" sl="36" sc="13" el="36" ec="31" bec="0" bev="0" fileid="53" />
                <SequencePoint vc="0" uspid="13239" ordinal="19" offset="165" sl="37" sc="9" el="37" ec="10" bec="0" bev="0" fileid="53" />
              </SequencePoints>
              <BranchPoints>
                <BranchPoint vc="0" uspid="13240" ordinal="0" offset="109" sl="29" path="0" offsetend="111" fileid="53" />
                <BranchPoint vc="0" uspid="13241" ordinal="1" offset="109" sl="29" path="1" offsetend="122" fileid="53" />
              </BranchPoints>
              <MethodPoint xsi:type="SequencePoint" vc="0" uspid="13220" ordinal="0" offset="0" sl="19" sc="9" el="19" ec="48" bec="0" bev="0" fileid="53" />
            </Method>
            <Method visited="false" cyclomaticComplexity="5" nPathComplexity="16" sequenceCoverage="0" branchCoverage="0" crapScore="30" isConstructor="false" isStatic="false" isGetter="false" isSetter="false">
              <Summary numSequencePoints="20" visitedSequencePoints="0" numBranchPoints="9" visitedBranchPoints="0" sequenceCoverage="0" branchCoverage="0" maxCyclomaticComplexity="5" minCyclomaticComplexity="5" maxCrapScore="30" minCrapScore="30" visitedClasses="0" numClasses="0" visitedMethods="0" numMethods="1" />
              <MetadataToken>100663929</MetadataToken>
              <Name>System.Void ExMat.InfoVar.ExNode`1::Dispose(System.Boolean)</Name>
              <FileRef uid="53" />
              <SequencePoints>
                <SequencePoint vc="0" uspid="13242" ordinal="0" offset="0" sl="64" sc="9" el="64" ec="10" bec="0" bev="0" fileid="53" />
                <SequencePoint vc="0" uspid="13243" ordinal="1" offset="1" sl="65" sc="13" el="65" ec="32" bec="2" bev="0" fileid="53" />
                <SequencePoint vc="0" uspid="13244" ordinal="2" offset="14" sl="66" sc="13" el="66" ec="14" bec="0" bev="0" fileid="53" />
                <SequencePoint vc="0" uspid="13245" ordinal="3" offset="15" sl="67" sc="17" el="67" ec="31" bec="2" bev="0" fileid="53" />
                <SequencePoint vc="0" uspid="13246" ordinal="4" offset="20" sl="68" sc="17" el="68" ec="18" bec="0" bev="0" fileid="53" />
                <SequencePoint vc="0" uspid="13247" ordinal="5" offset="21" sl="69" sc="21" el="69" ec="38" bec="2" bev="0" fileid="53" />
                <SequencePoint vc="0" uspid="13248" ordinal="6" offset="34" sl="70" sc="21" el="70" ec="22" bec="0" bev="0" fileid="53" />
                <SequencePoint vc="0" uspid="13249" ordinal="7" offset="35" sl="71" sc="25" el="71" ec="42" bec="0" bev="0" fileid="53" />
                <SequencePoint vc="0" uspid="13250" ordinal="8" offset="52" sl="72" sc="21" el="72" ec="22" bec="0" bev="0" fileid="53" />
                <SequencePoint vc="0" uspid="13251" ordinal="9" offset="53" sl="74" sc="21" el="74" ec="38" bec="2" bev="0" fileid="53" />
                <SequencePoint vc="0" uspid="13252" ordinal="10" offset="66" sl="75" sc="21" el="75" ec="22" bec="0" bev="0" fileid="53" />
                <SequencePoint vc="0" uspid="13253" ordinal="11" offset="67" sl="76" sc="25" el="76" ec="42" bec="0" bev="0" fileid="53" />
                <SequencePoint vc="0" uspid="13254" ordinal="12" offset="84" sl="77" sc="21" el="77" ec="22" bec="0" bev="0" fileid="53" />
                <SequencePoint vc="0" uspid="13255" ordinal="13" offset="85" sl="79" sc="21" el="79" ec="33" bec="0" bev="0" fileid="53" />
                <SequencePoint vc="0" uspid="13256" ordinal="14" offset="92" sl="80" sc="21" el="80" ec="33" bec="0" bev="0" fileid="53" />
                <SequencePoint vc="0" uspid="13257" ordinal="15" offset="99" sl="81" sc="21" el="81" ec="34" bec="0" bev="0" fileid="53" />
                <SequencePoint vc="0" uspid="13258" ordinal="16" offset="111" sl="82" sc="17" el="82" ec="18" bec="0" bev="0" fileid="53" />
                <SequencePoint vc="0" uspid="13259" ordinal="17" offset="112" sl="86" sc="17" el="86" ec="38" bec="0" bev="0" fileid="53" />
                <SequencePoint vc="0" uspid="13260" ordinal="18" offset="119" sl="87" sc="13" el="87" ec="14" bec="0" bev="0" fileid="53" />
                <SequencePoint vc="0" uspid="13261" ordinal="19" offset="120" sl="88" sc="9" el="88" ec="10" bec="0" bev="0" fileid="53" />
              </SequencePoints>
              <BranchPoints>
                <BranchPoint vc="0" uspid="13262" ordinal="0" offset="12" sl="65" path="0" offsetend="14" fileid="53" />
                <BranchPoint vc="0" uspid="13263" ordinal="1" offset="12" sl="65" path="1" offsetend="120" fileid="53" />
                <BranchPoint vc="0" uspid="13264" ordinal="2" offset="18" sl="67" path="0" offsetend="20" fileid="53" />
                <BranchPoint vc="0" uspid="13265" ordinal="3" offset="18" sl="67" path="1" offsetend="112" fileid="53" />
                <BranchPoint vc="0" uspid="13266" ordinal="4" offset="32" sl="69" path="0" offsetend="34" fileid="53" />
                <BranchPoint vc="0" uspid="13267" ordinal="5" offset="32" sl="69" path="1" offsetend="53" fileid="53" />
                <BranchPoint vc="0" uspid="13268" ordinal="6" offset="64" sl="74" path="0" offsetend="66" fileid="53" />
                <BranchPoint vc="0" uspid="13269" ordinal="7" offset="64" sl="74" path="1" offsetend="85" fileid="53" />
              </BranchPoints>
              <MethodPoint xsi:type="SequencePoint" vc="0" uspid="13242" ordinal="0" offset="0" sl="64" sc="9" el="64" ec="10" bec="0" bev="0" fileid="53" />
            </Method>
            <Method visited="false" cyclomaticComplexity="1" nPathComplexity="0" sequenceCoverage="0" branchCoverage="0" crapScore="2" isConstructor="false" isStatic="false" isGetter="false" isSetter="false">
              <Summary numSequencePoints="4" visitedSequencePoints="0" numBranchPoints="1" visitedBranchPoints="0" sequenceCoverage="0" branchCoverage="0" maxCyclomaticComplexity="1" minCyclomaticComplexity="1" maxCrapScore="2" minCrapScore="2" visitedClasses="0" numClasses="0" visitedMethods="0" numMethods="1" />
              <MetadataToken>100663930</MetadataToken>
              <Name>System.Void ExMat.InfoVar.ExNode`1::Dispose()</Name>
              <FileRef uid="53" />
              <SequencePoints>
                <SequencePoint vc="0" uspid="13270" ordinal="0" offset="0" sl="91" sc="9" el="91" ec="10" bec="0" bev="0" fileid="53" />
                <SequencePoint vc="0" uspid="13271" ordinal="1" offset="1" sl="93" sc="13" el="93" ec="38" bec="0" bev="0" fileid="53" />
                <SequencePoint vc="0" uspid="13272" ordinal="2" offset="9" sl="94" sc="13" el="94" ec="39" bec="0" bev="0" fileid="53" />
                <SequencePoint vc="0" uspid="13273" ordinal="3" offset="16" sl="95" sc="9" el="95" ec="10" bec="0" bev="0" fileid="53" />
              </SequencePoints>
              <BranchPoints />
              <MethodPoint xsi:type="SequencePoint" vc="0" uspid="13270" ordinal="0" offset="0" sl="91" sc="9" el="91" ec="10" bec="0" bev="0" fileid="53" />
            </Method>
          </Methods>
        </Class>
        <Class>
          <Summary numSequencePoints="38" visitedSequencePoints="0" numBranchPoints="10" visitedBranchPoints="0" sequenceCoverage="0" branchCoverage="0" maxCyclomaticComplexity="3" minCyclomaticComplexity="1" maxCrapScore="12" minCrapScore="2" visitedClasses="0" numClasses="1" visitedMethods="0" numMethods="6" />
          <FullName>ExMat.InfoVar.ExOuterInfo</FullName>
          <Methods>
            <Method visited="false" cyclomaticComplexity="1" nPathComplexity="0" sequenceCoverage="0" branchCoverage="0" crapScore="2" isConstructor="true" isStatic="false" isGetter="false" isSetter="false">
              <Summary numSequencePoints="5" visitedSequencePoints="0" numBranchPoints="1" visitedBranchPoints="0" sequenceCoverage="0" branchCoverage="0" maxCyclomaticComplexity="1" minCyclomaticComplexity="1" maxCrapScore="2" minCrapScore="2" visitedClasses="0" numClasses="0" visitedMethods="0" numMethods="1" />
              <MetadataToken>100663931</MetadataToken>
              <Name>System.Void ExMat.InfoVar.ExOuterInfo::.ctor()</Name>
              <FileRef uid="54" />
              <SequencePoints>
                <SequencePoint vc="0" uspid="13274" ordinal="0" offset="0" sl="14" sc="9" el="14" ec="38" bec="0" bev="0" fileid="54" />
                <SequencePoint vc="0" uspid="13275" ordinal="1" offset="11" sl="15" sc="9" el="15" ec="39" bec="0" bev="0" fileid="54" />
                <SequencePoint vc="0" uspid="13276" ordinal="2" offset="22" sl="19" sc="9" el="19" ec="29" bec="0" bev="0" fileid="54" />
                <SequencePoint vc="0" uspid="13277" ordinal="3" offset="29" sl="19" sc="30" el="19" ec="31" bec="0" bev="0" fileid="54" />
                <SequencePoint vc="0" uspid="13278" ordinal="4" offset="30" sl="19" sc="32" el="19" ec="33" bec="0" bev="0" fileid="54" />
              </SequencePoints>
              <BranchPoints />
              <MethodPoint xsi:type="SequencePoint" vc="0" uspid="13274" ordinal="0" offset="0" sl="14" sc="9" el="14" ec="38" bec="0" bev="0" fileid="54" />
            </Method>
            <Method visited="false" cyclomaticComplexity="1" nPathComplexity="0" sequenceCoverage="0" branchCoverage="0" crapScore="2" isConstructor="true" isStatic="false" isGetter="false" isSetter="false">
              <Summary numSequencePoints="8" visitedSequencePoints="0" numBranchPoints="1" visitedBranchPoints="0" sequenceCoverage="0" branchCoverage="0" maxCyclomaticComplexity="1" minCyclomaticComplexity="1" maxCrapScore="2" minCrapScore="2" visitedClasses="0" numClasses="0" visitedMethods="0" numMethods="1" />
              <MetadataToken>100663932</MetadataToken>
              <Name>System.Void ExMat.InfoVar.ExOuterInfo::.ctor(ExMat.Objects.ExObject,ExMat.Objects.ExObject,ExMat.ExOuterType)</Name>
              <FileRef uid="54" />
              <SequencePoints>
                <SequencePoint vc="0" uspid="13279" ordinal="0" offset="0" sl="14" sc="9" el="14" ec="38" bec="0" bev="0" fileid="54" />
                <SequencePoint vc="0" uspid="13280" ordinal="1" offset="11" sl="15" sc="9" el="15" ec="39" bec="0" bev="0" fileid="54" />
                <SequencePoint vc="0" uspid="13281" ordinal="2" offset="22" sl="20" sc="9" el="20" ec="70" bec="0" bev="0" fileid="54" />
                <SequencePoint vc="0" uspid="13282" ordinal="3" offset="29" sl="21" sc="9" el="21" ec="10" bec="0" bev="0" fileid="54" />
                <SequencePoint vc="0" uspid="13283" ordinal="4" offset="30" sl="22" sc="13" el="22" ec="28" bec="0" bev="0" fileid="54" />
                <SequencePoint vc="0" uspid="13284" ordinal="5" offset="43" sl="23" sc="13" el="23" ec="31" bec="0" bev="0" fileid="54" />
                <SequencePoint vc="0" uspid="13285" ordinal="6" offset="56" sl="24" sc="13" el="24" ec="24" bec="0" bev="0" fileid="54" />
                <SequencePoint vc="0" uspid="13286" ordinal="7" offset="63" sl="25" sc="9" el="25" ec="10" bec="0" bev="0" fileid="54" />
              </SequencePoints>
              <BranchPoints />
              <MethodPoint xsi:type="SequencePoint" vc="0" uspid="13279" ordinal="0" offset="0" sl="14" sc="9" el="14" ec="38" bec="0" bev="0" fileid="54" />
            </Method>
            <Method visited="false" cyclomaticComplexity="1" nPathComplexity="0" sequenceCoverage="0" branchCoverage="0" crapScore="2" isConstructor="true" isStatic="false" isGetter="false" isSetter="false">
              <Summary numSequencePoints="8" visitedSequencePoints="0" numBranchPoints="1" visitedBranchPoints="0" sequenceCoverage="0" branchCoverage="0" maxCyclomaticComplexity="1" minCyclomaticComplexity="1" maxCrapScore="2" minCrapScore="2" visitedClasses="0" numClasses="0" visitedMethods="0" numMethods="1" />
              <MetadataToken>100663933</MetadataToken>
              <Name>System.Void ExMat.InfoVar.ExOuterInfo::.ctor(ExMat.InfoVar.ExOuterInfo)</Name>
              <FileRef uid="54" />
              <SequencePoints>
                <SequencePoint vc="0" uspid="13287" ordinal="0" offset="0" sl="14" sc="9" el="14" ec="38" bec="0" bev="0" fileid="54" />
                <SequencePoint vc="0" uspid="13288" ordinal="1" offset="11" sl="15" sc="9" el="15" ec="39" bec="0" bev="0" fileid="54" />
                <SequencePoint vc="0" uspid="13289" ordinal="2" offset="22" sl="26" sc="9" el="26" ec="42" bec="0" bev="0" fileid="54" />
                <SequencePoint vc="0" uspid="13290" ordinal="3" offset="29" sl="27" sc="9" el="27" ec="10" bec="0" bev="0" fileid="54" />
                <SequencePoint vc="0" uspid="13291" ordinal="4" offset="30" sl="28" sc="13" el="28" ec="33" bec="0" bev="0" fileid="54" />
                <SequencePoint vc="0" uspid="13292" ordinal="5" offset="48" sl="29" sc="13" el="29" ec="35" bec="0" bev="0" fileid="54" />
                <SequencePoint vc="0" uspid="13293" ordinal="6" offset="66" sl="30" sc="13" el="30" ec="27" bec="0" bev="0" fileid="54" />
                <SequencePoint vc="0" uspid="13294" ordinal="7" offset="78" sl="31" sc="9" el="31" ec="10" bec="0" bev="0" fileid="54" />
              </SequencePoints>
              <BranchPoints />
              <MethodPoint xsi:type="SequencePoint" vc="0" uspid="13287" ordinal="0" offset="0" sl="14" sc="9" el="14" ec="38" bec="0" bev="0" fileid="54" />
            </Method>
            <Method visited="false" cyclomaticComplexity="1" nPathComplexity="0" sequenceCoverage="0" branchCoverage="0" crapScore="2" isConstructor="false" isStatic="false" isGetter="false" isSetter="false">
              <Summary numSequencePoints="3" visitedSequencePoints="0" numBranchPoints="1" visitedBranchPoints="0" sequenceCoverage="0" branchCoverage="0" maxCyclomaticComplexity="1" minCyclomaticComplexity="1" maxCrapScore="2" minCrapScore="2" visitedClasses="0" numClasses="0" visitedMethods="0" numMethods="1" />
              <MetadataToken>100663934</MetadataToken>
              <Name>System.String ExMat.InfoVar.ExOuterInfo::GetDebuggerDisplay()</Name>
              <FileRef uid="54" />
              <SequencePoints>
                <SequencePoint vc="0" uspid="13295" ordinal="0" offset="0" sl="35" sc="9" el="35" ec="10" bec="0" bev="0" fileid="54" />
                <SequencePoint vc="0" uspid="13296" ordinal="1" offset="1" sl="36" sc="13" el="36" ec="78" bec="0" bev="0" fileid="54" />
                <SequencePoint vc="0" uspid="13297" ordinal="2" offset="47" sl="37" sc="9" el="37" ec="10" bec="0" bev="0" fileid="54" />
              </SequencePoints>
              <BranchPoints />
              <MethodPoint xsi:type="SequencePoint" vc="0" uspid="13295" ordinal="0" offset="0" sl="35" sc="9" el="35" ec="10" bec="0" bev="0" fileid="54" />
            </Method>
            <Method visited="false" cyclomaticComplexity="3" nPathComplexity="4" sequenceCoverage="0" branchCoverage="0" crapScore="12" isConstructor="false" isStatic="false" isGetter="false" isSetter="false">
              <Summary numSequencePoints="10" visitedSequencePoints="0" numBranchPoints="5" visitedBranchPoints="0" sequenceCoverage="0" branchCoverage="0" maxCyclomaticComplexity="3" minCyclomaticComplexity="3" maxCrapScore="12" minCrapScore="12" visitedClasses="0" numClasses="0" visitedMethods="0" numMethods="1" />
              <MetadataToken>100663935</MetadataToken>
              <Name>System.Void ExMat.InfoVar.ExOuterInfo::Dispose(System.Boolean)</Name>
              <FileRef uid="54" />
              <SequencePoints>
                <SequencePoint vc="0" uspid="13298" ordinal="0" offset="0" sl="41" sc="9" el="41" ec="10" bec="0" bev="0" fileid="54" />
                <SequencePoint vc="0" uspid="13299" ordinal="1" offset="1" sl="42" sc="13" el="42" ec="32" bec="2" bev="0" fileid="54" />
                <SequencePoint vc="0" uspid="13300" ordinal="2" offset="14" sl="43" sc="13" el="43" ec="14" bec="0" bev="0" fileid="54" />
                <SequencePoint vc="0" uspid="13301" ordinal="3" offset="15" sl="44" sc="17" el="44" ec="31" bec="2" bev="0" fileid="54" />
                <SequencePoint vc="0" uspid="13302" ordinal="4" offset="20" sl="45" sc="17" el="45" ec="18" bec="0" bev="0" fileid="54" />
                <SequencePoint vc="0" uspid="13303" ordinal="5" offset="21" sl="46" sc="21" el="46" ec="60" bec="0" bev="0" fileid="54" />
                <SequencePoint vc="0" uspid="13304" ordinal="6" offset="51" sl="47" sc="17" el="47" ec="18" bec="0" bev="0" fileid="54" />
                <SequencePoint vc="0" uspid="13305" ordinal="7" offset="52" sl="51" sc="17" el="51" ec="38" bec="0" bev="0" fileid="54" />
                <SequencePoint vc="0" uspid="13306" ordinal="8" offset="59" sl="52" sc="13" el="52" ec="14" bec="0" bev="0" fileid="54" />
                <SequencePoint vc="0" uspid="13307" ordinal="9" offset="60" sl="53" sc="9" el="53" ec="10" bec="0" bev="0" fileid="54" />
              </SequencePoints>
              <BranchPoints>
                <BranchPoint vc="0" uspid="13308" ordinal="0" offset="12" sl="42" path="0" offsetend="14" fileid="54" />
                <BranchPoint vc="0" uspid="13309" ordinal="1" offset="12" sl="42" path="1" offsetend="60" fileid="54" />
                <BranchPoint vc="0" uspid="13310" ordinal="2" offset="18" sl="44" path="0" offsetend="20" fileid="54" />
                <BranchPoint vc="0" uspid="13311" ordinal="3" offset="18" sl="44" path="1" offsetend="52" fileid="54" />
              </BranchPoints>
              <MethodPoint xsi:type="SequencePoint" vc="0" uspid="13298" ordinal="0" offset="0" sl="41" sc="9" el="41" ec="10" bec="0" bev="0" fileid="54" />
            </Method>
            <Method visited="false" cyclomaticComplexity="1" nPathComplexity="0" sequenceCoverage="0" branchCoverage="0" crapScore="2" isConstructor="false" isStatic="false" isGetter="false" isSetter="false">
              <Summary numSequencePoints="4" visitedSequencePoints="0" numBranchPoints="1" visitedBranchPoints="0" sequenceCoverage="0" branchCoverage="0" maxCyclomaticComplexity="1" minCyclomaticComplexity="1" maxCrapScore="2" minCrapScore="2" visitedClasses="0" numClasses="0" visitedMethods="0" numMethods="1" />
              <MetadataToken>100663936</MetadataToken>
              <Name>System.Void ExMat.InfoVar.ExOuterInfo::Dispose()</Name>
              <FileRef uid="54" />
              <SequencePoints>
                <SequencePoint vc="0" uspid="13312" ordinal="0" offset="0" sl="56" sc="9" el="56" ec="10" bec="0" bev="0" fileid="54" />
                <SequencePoint vc="0" uspid="13313" ordinal="1" offset="1" sl="58" sc="13" el="58" ec="38" bec="0" bev="0" fileid="54" />
                <SequencePoint vc="0" uspid="13314" ordinal="2" offset="9" sl="59" sc="13" el="59" ec="39" bec="0" bev="0" fileid="54" />
                <SequencePoint vc="0" uspid="13315" ordinal="3" offset="16" sl="60" sc="9" el="60" ec="10" bec="0" bev="0" fileid="54" />
              </SequencePoints>
              <BranchPoints />
              <MethodPoint xsi:type="SequencePoint" vc="0" uspid="13312" ordinal="0" offset="0" sl="56" sc="9" el="56" ec="10" bec="0" bev="0" fileid="54" />
            </Method>
          </Methods>
        </Class>
        <Class>
          <Summary numSequencePoints="1420" visitedSequencePoints="0" numBranchPoints="618" visitedBranchPoints="0" sequenceCoverage="0" branchCoverage="0" maxCyclomaticComplexity="44" minCyclomaticComplexity="1" maxCrapScore="1980" minCrapScore="2" visitedClasses="0" numClasses="1" visitedMethods="0" numMethods="124" />
          <FullName>ExMat.API.ExApi</FullName>
          <Methods>
            <Method visited="false" cyclomaticComplexity="1" nPathComplexity="0" sequenceCoverage="0" branchCoverage="0" crapScore="2" isConstructor="false" isStatic="true" isGetter="false" isSetter="false">
              <Summary numSequencePoints="3" visitedSequencePoints="0" numBranchPoints="1" visitedBranchPoints="0" sequenceCoverage="0" branchCoverage="0" maxCyclomaticComplexity="1" minCyclomaticComplexity="1" maxCrapScore="2" minCrapScore="2" visitedClasses="0" numClasses="0" visitedMethods="0" numMethods="1" />
              <MetadataToken>100663937</MetadataToken>
              <Name>System.Boolean ExMat.API.ExApi::IsValidStdLibFunction(System.Reflection.MethodInfo)</Name>
              <FileRef uid="55" />
              <SequencePoints>
                <SequencePoint vc="0" uspid="13316" ordinal="0" offset="0" sl="33" sc="9" el="33" ec="10" bec="0" bev="0" fileid="55" />
                <SequencePoint vc="0" uspid="13317" ordinal="1" offset="1" sl="34" sc="13" el="34" ec="68" bec="0" bev="0" fileid="55" />
                <SequencePoint vc="0" uspid="13318" ordinal="2" offset="20" sl="35" sc="9" el="35" ec="10" bec="0" bev="0" fileid="55" />
              </SequencePoints>
              <BranchPoints />
              <MethodPoint xsi:type="SequencePoint" vc="0" uspid="13316" ordinal="0" offset="0" sl="33" sc="9" el="33" ec="10" bec="0" bev="0" fileid="55" />
            </Method>
            <Method visited="false" cyclomaticComplexity="3" nPathComplexity="0" sequenceCoverage="0" branchCoverage="0" crapScore="12" isConstructor="false" isStatic="true" isGetter="false" isSetter="false">
              <Summary numSequencePoints="3" visitedSequencePoints="0" numBranchPoints="1" visitedBranchPoints="0" sequenceCoverage="0" branchCoverage="0" maxCyclomaticComplexity="3" minCyclomaticComplexity="3" maxCrapScore="12" minCrapScore="12" visitedClasses="0" numClasses="0" visitedMethods="0" numMethods="1" />
              <MetadataToken>100663938</MetadataToken>
              <Name>System.Collections.Generic.List`1&lt;ExMat.Objects.ExNativeFunc&gt; ExMat.API.ExApi::GetNonDelegateNativeFunctions(System.Type)</Name>
              <FileRef uid="55" />
              <SequencePoints>
                <SequencePoint vc="0" uspid="13319" ordinal="0" offset="0" sl="43" sc="9" el="43" ec="10" bec="0" bev="0" fileid="55" />
                <SequencePoint vc="0" uspid="13320" ordinal="1" offset="1" sl="44" sc="13" el="49" ec="137" bec="0" bev="0" fileid="55" />
                <SequencePoint vc="0" uspid="13321" ordinal="2" offset="87" sl="50" sc="9" el="50" ec="10" bec="0" bev="0" fileid="55" />
              </SequencePoints>
              <BranchPoints />
              <MethodPoint xsi:type="SequencePoint" vc="0" uspid="13319" ordinal="0" offset="0" sl="43" sc="9" el="43" ec="10" bec="0" bev="0" fileid="55" />
            </Method>
            <Method visited="false" cyclomaticComplexity="2" nPathComplexity="0" sequenceCoverage="0" branchCoverage="0" crapScore="6" isConstructor="false" isStatic="true" isGetter="false" isSetter="false">
              <Summary numSequencePoints="11" visitedSequencePoints="0" numBranchPoints="1" visitedBranchPoints="0" sequenceCoverage="0" branchCoverage="0" maxCyclomaticComplexity="2" minCyclomaticComplexity="2" maxCrapScore="6" minCrapScore="6" visitedClasses="0" numClasses="0" visitedMethods="0" numMethods="1" />
              <MetadataToken>100663939</MetadataToken>
              <Name>System.Collections.Generic.List`1&lt;ExMat.Objects.ExNativeFunc&gt; ExMat.API.ExApi::FindDelegateNativeFunctions()</Name>
              <FileRef uid="55" />
              <SequencePoints>
                <SequencePoint vc="0" uspid="13322" ordinal="0" offset="0" sl="57" sc="9" el="57" ec="10" bec="0" bev="0" fileid="55" />
                <SequencePoint vc="0" uspid="13323" ordinal="1" offset="1" sl="58" sc="13" el="58" ec="46" bec="0" bev="0" fileid="55" />
                <SequencePoint vc="0" uspid="13324" ordinal="2" offset="7" sl="59" sc="13" el="59" ec="20" bec="0" bev="0" fileid="55" />
                <SequencePoint vc="0" uspid="13325" ordinal="3" offset="8" sl="59" sc="34" el="59" ec="77" bec="0" bev="0" fileid="55" />
                <SequencePoint vc="0" uspid="13326" ordinal="4" offset="26" sl="59" sc="22" el="59" ec="30" bec="0" bev="0" fileid="55" />
                <SequencePoint vc="0" uspid="13327" ordinal="5" offset="34" sl="60" sc="13" el="60" ec="14" bec="0" bev="0" fileid="55" />
                <SequencePoint vc="0" uspid="13328" ordinal="6" offset="35" sl="61" sc="17" el="61" ec="65" bec="0" bev="0" fileid="55" />
                <SequencePoint vc="0" uspid="13329" ordinal="7" offset="48" sl="62" sc="13" el="62" ec="14" bec="0" bev="0" fileid="55" />
                <SequencePoint vc="0" uspid="13330" ordinal="8" offset="49" sl="59" sc="31" el="59" ec="33" bec="0" bev="0" fileid="55" />
                <SequencePoint vc="0" uspid="13331" ordinal="9" offset="75" sl="63" sc="13" el="63" ec="26" bec="0" bev="0" fileid="55" />
                <SequencePoint vc="0" uspid="13332" ordinal="10" offset="79" sl="64" sc="9" el="64" ec="10" bec="0" bev="0" fileid="55" />
              </SequencePoints>
              <BranchPoints />
              <MethodPoint xsi:type="SequencePoint" vc="0" uspid="13322" ordinal="0" offset="0" sl="57" sc="9" el="57" ec="10" bec="0" bev="0" fileid="55" />
            </Method>
            <Method visited="false" cyclomaticComplexity="5" nPathComplexity="0" sequenceCoverage="0" branchCoverage="0" crapScore="30" isConstructor="false" isStatic="true" isGetter="false" isSetter="false">
              <Summary numSequencePoints="18" visitedSequencePoints="0" numBranchPoints="1" visitedBranchPoints="0" sequenceCoverage="0" branchCoverage="0" maxCyclomaticComplexity="5" minCyclomaticComplexity="5" maxCrapScore="30" minCrapScore="30" visitedClasses="0" numClasses="0" visitedMethods="0" numMethods="1" />
              <MetadataToken>100663940</MetadataToken>
              <Name>System.Collections.Generic.List`1&lt;ExMat.Objects.ExNativeFunc&gt; ExMat.API.ExApi::GetDelegateNativeFunctions(System.Type)</Name>
              <FileRef uid="55" />
              <SequencePoints>
                <SequencePoint vc="0" uspid="13333" ordinal="0" offset="0" sl="72" sc="9" el="72" ec="10" bec="0" bev="0" fileid="55" />
                <SequencePoint vc="0" uspid="13334" ordinal="1" offset="1" sl="73" sc="13" el="73" ec="46" bec="0" bev="0" fileid="55" />
                <SequencePoint vc="0" uspid="13335" ordinal="2" offset="7" sl="74" sc="13" el="74" ec="20" bec="0" bev="0" fileid="55" />
                <SequencePoint vc="0" uspid="13336" ordinal="3" offset="8" sl="74" sc="38" el="77" ec="77" bec="0" bev="0" fileid="55" />
                <SequencePoint vc="0" uspid="13337" ordinal="4" offset="58" sl="74" sc="22" el="74" ec="34" bec="0" bev="0" fileid="55" />
                <SequencePoint vc="0" uspid="13338" ordinal="5" offset="65" sl="78" sc="13" el="78" ec="14" bec="0" bev="0" fileid="55" />
                <SequencePoint vc="0" uspid="13339" ordinal="6" offset="66" sl="79" sc="17" el="79" ec="136" bec="0" bev="0" fileid="55" />
                <SequencePoint vc="0" uspid="13340" ordinal="7" offset="89" sl="80" sc="17" el="80" ec="24" bec="0" bev="0" fileid="55" />
                <SequencePoint vc="0" uspid="13341" ordinal="8" offset="90" sl="80" sc="56" el="80" ec="66" bec="0" bev="0" fileid="55" />
                <SequencePoint vc="0" uspid="13342" ordinal="9" offset="98" sl="80" sc="26" el="80" ec="52" bec="0" bev="0" fileid="55" />
                <SequencePoint vc="0" uspid="13343" ordinal="10" offset="105" sl="81" sc="17" el="81" ec="18" bec="0" bev="0" fileid="55" />
                <SequencePoint vc="0" uspid="13344" ordinal="11" offset="106" sl="82" sc="21" el="82" ec="149" bec="0" bev="0" fileid="55" />
                <SequencePoint vc="0" uspid="13345" ordinal="12" offset="146" sl="83" sc="17" el="83" ec="18" bec="0" bev="0" fileid="55" />
                <SequencePoint vc="0" uspid="13346" ordinal="13" offset="153" sl="80" sc="53" el="80" ec="55" bec="0" bev="0" fileid="55" />
                <SequencePoint vc="0" uspid="13347" ordinal="14" offset="161" sl="84" sc="13" el="84" ec="14" bec="0" bev="0" fileid="55" />
                <SequencePoint vc="0" uspid="13348" ordinal="15" offset="162" sl="74" sc="35" el="74" ec="37" bec="0" bev="0" fileid="55" />
                <SequencePoint vc="0" uspid="13349" ordinal="16" offset="183" sl="86" sc="13" el="86" ec="26" bec="0" bev="0" fileid="55" />
                <SequencePoint vc="0" uspid="13350" ordinal="17" offset="188" sl="87" sc="9" el="87" ec="10" bec="0" bev="0" fileid="55" />
              </SequencePoints>
              <BranchPoints />
              <MethodPoint xsi:type="SequencePoint" vc="0" uspid="13333" ordinal="0" offset="0" sl="72" sc="9" el="72" ec="10" bec="0" bev="0" fileid="55" />
            </Method>
            <Method visited="false" cyclomaticComplexity="3" nPathComplexity="0" sequenceCoverage="0" branchCoverage="0" crapScore="12" isConstructor="false" isStatic="true" isGetter="false" isSetter="false">
              <Summary numSequencePoints="11" visitedSequencePoints="0" numBranchPoints="1" visitedBranchPoints="0" sequenceCoverage="0" branchCoverage="0" maxCyclomaticComplexity="3" minCyclomaticComplexity="3" maxCrapScore="12" minCrapScore="12" visitedClasses="0" numClasses="0" visitedMethods="0" numMethods="1" />
              <MetadataToken>100663941</MetadataToken>
              <Name>ExMat.ExBaseType ExMat.API.ExApi::GetBaseType(ExMat.ExObjType)</Name>
              <FileRef uid="55" />
              <SequencePoints>
                <SequencePoint vc="0" uspid="13351" ordinal="0" offset="0" sl="95" sc="9" el="95" ec="10" bec="0" bev="0" fileid="55" />
                <SequencePoint vc="0" uspid="13352" ordinal="1" offset="1" sl="96" sc="13" el="96" ec="33" bec="0" bev="0" fileid="55" />
                <SequencePoint vc="0" uspid="13353" ordinal="2" offset="3" sl="97" sc="13" el="97" ec="20" bec="0" bev="0" fileid="55" />
                <SequencePoint vc="0" uspid="13354" ordinal="3" offset="4" sl="97" sc="39" el="97" ec="72" bec="0" bev="0" fileid="55" />
                <SequencePoint vc="0" uspid="13355" ordinal="4" offset="27" sl="97" sc="22" el="97" ec="35" bec="0" bev="0" fileid="55" />
                <SequencePoint vc="0" uspid="13356" ordinal="5" offset="39" sl="98" sc="13" el="98" ec="14" bec="0" bev="0" fileid="55" />
                <SequencePoint vc="0" uspid="13357" ordinal="6" offset="40" sl="99" sc="17" el="99" ec="34" bec="0" bev="0" fileid="55" />
                <SequencePoint vc="0" uspid="13358" ordinal="7" offset="45" sl="100" sc="13" el="100" ec="14" bec="0" bev="0" fileid="55" />
                <SequencePoint vc="0" uspid="13359" ordinal="8" offset="46" sl="97" sc="36" el="97" ec="38" bec="0" bev="0" fileid="55" />
                <SequencePoint vc="0" uspid="13360" ordinal="9" offset="74" sl="101" sc="13" el="101" ec="36" bec="0" bev="0" fileid="55" />
                <SequencePoint vc="0" uspid="13361" ordinal="10" offset="79" sl="102" sc="9" el="102" ec="10" bec="0" bev="0" fileid="55" />
              </SequencePoints>
              <BranchPoints />
              <MethodPoint xsi:type="SequencePoint" vc="0" uspid="13351" ordinal="0" offset="0" sl="95" sc="9" el="95" ec="10" bec="0" bev="0" fileid="55" />
            </Method>
            <Method visited="false" cyclomaticComplexity="3" nPathComplexity="0" sequenceCoverage="0" branchCoverage="0" crapScore="12" isConstructor="false" isStatic="true" isGetter="false" isSetter="false">
              <Summary numSequencePoints="13" visitedSequencePoints="0" numBranchPoints="1" visitedBranchPoints="0" sequenceCoverage="0" branchCoverage="0" maxCyclomaticComplexity="3" minCyclomaticComplexity="3" maxCrapScore="12" minCrapScore="12" visitedClasses="0" numClasses="0" visitedMethods="0" numMethods="1" />
              <MetadataToken>100663942</MetadataToken>
              <Name>System.String ExMat.API.ExApi::RandomString(System.Int32)</Name>
              <FileRef uid="55" />
              <SequencePoints>
                <SequencePoint vc="0" uspid="13362" ordinal="0" offset="0" sl="110" sc="9" el="110" ec="10" bec="0" bev="0" fileid="55" />
                <SequencePoint vc="0" uspid="13363" ordinal="1" offset="1" sl="111" sc="13" el="111" ec="90" bec="0" bev="0" fileid="55" />
                <SequencePoint vc="0" uspid="13364" ordinal="2" offset="7" sl="112" sc="13" el="112" ec="44" bec="0" bev="0" fileid="55" />
                <SequencePoint vc="0" uspid="13365" ordinal="3" offset="14" sl="113" sc="13" el="113" ec="44" bec="0" bev="0" fileid="55" />
                <SequencePoint vc="0" uspid="13366" ordinal="4" offset="22" sl="116" sc="13" el="116" ec="45" bec="0" bev="0" fileid="55" />
                <SequencePoint vc="0" uspid="13367" ordinal="5" offset="29" sl="117" sc="18" el="117" ec="27" bec="0" bev="0" fileid="55" />
                <SequencePoint vc="0" uspid="13368" ordinal="6" offset="33" sl="118" sc="13" el="118" ec="14" bec="0" bev="0" fileid="55" />
                <SequencePoint vc="0" uspid="13369" ordinal="7" offset="34" sl="119" sc="17" el="119" ec="49" bec="0" bev="0" fileid="55" />
                <SequencePoint vc="0" uspid="13370" ordinal="8" offset="57" sl="120" sc="13" el="120" ec="14" bec="0" bev="0" fileid="55" />
                <SequencePoint vc="0" uspid="13371" ordinal="9" offset="58" sl="117" sc="41" el="117" ec="44" bec="0" bev="0" fileid="55" />
                <SequencePoint vc="0" uspid="13372" ordinal="10" offset="62" sl="117" sc="29" el="117" ec="39" bec="0" bev="0" fileid="55" />
                <SequencePoint vc="0" uspid="13373" ordinal="11" offset="72" sl="121" sc="13" el="121" ec="35" bec="0" bev="0" fileid="55" />
                <SequencePoint vc="0" uspid="13374" ordinal="12" offset="93" sl="122" sc="9" el="122" ec="10" bec="0" bev="0" fileid="55" />
              </SequencePoints>
              <BranchPoints />
              <MethodPoint xsi:type="SequencePoint" vc="0" uspid="13362" ordinal="0" offset="0" sl="110" sc="9" el="110" ec="10" bec="0" bev="0" fileid="55" />
            </Method>
            <Method visited="false" cyclomaticComplexity="2" nPathComplexity="0" sequenceCoverage="0" branchCoverage="0" crapScore="6" isConstructor="false" isStatic="true" isGetter="false" isSetter="false">
              <Summary numSequencePoints="11" visitedSequencePoints="0" numBranchPoints="1" visitedBranchPoints="0" sequenceCoverage="0" branchCoverage="0" maxCyclomaticComplexity="2" minCyclomaticComplexity="2" maxCrapScore="6" minCrapScore="6" visitedClasses="0" numClasses="0" visitedMethods="0" numMethods="1" />
              <MetadataToken>100663943</MetadataToken>
              <Name>System.Collections.Generic.List`1&lt;ExMat.Objects.ExObject&gt; ExMat.API.ExApi::ListObjFromStringArray(System.String[])</Name>
              <FileRef uid="55" />
              <SequencePoints>
                <SequencePoint vc="0" uspid="13375" ordinal="0" offset="0" sl="130" sc="9" el="130" ec="10" bec="0" bev="0" fileid="55" />
                <SequencePoint vc="0" uspid="13376" ordinal="1" offset="1" sl="131" sc="13" el="131" ec="50" bec="0" bev="0" fileid="55" />
                <SequencePoint vc="0" uspid="13377" ordinal="2" offset="10" sl="132" sc="13" el="132" ec="20" bec="0" bev="0" fileid="55" />
                <SequencePoint vc="0" uspid="13378" ordinal="3" offset="11" sl="132" sc="34" el="132" ec="37" bec="0" bev="0" fileid="55" />
                <SequencePoint vc="0" uspid="13379" ordinal="4" offset="17" sl="132" sc="22" el="132" ec="30" bec="0" bev="0" fileid="55" />
                <SequencePoint vc="0" uspid="13380" ordinal="5" offset="21" sl="133" sc="13" el="133" ec="14" bec="0" bev="0" fileid="55" />
                <SequencePoint vc="0" uspid="13381" ordinal="6" offset="22" sl="134" sc="17" el="134" ec="33" bec="0" bev="0" fileid="55" />
                <SequencePoint vc="0" uspid="13382" ordinal="7" offset="35" sl="135" sc="13" el="135" ec="14" bec="0" bev="0" fileid="55" />
                <SequencePoint vc="0" uspid="13383" ordinal="8" offset="40" sl="132" sc="31" el="132" ec="33" bec="0" bev="0" fileid="55" />
                <SequencePoint vc="0" uspid="13384" ordinal="9" offset="46" sl="136" sc="13" el="136" ec="24" bec="0" bev="0" fileid="55" />
                <SequencePoint vc="0" uspid="13385" ordinal="10" offset="51" sl="137" sc="9" el="137" ec="10" bec="0" bev="0" fileid="55" />
              </SequencePoints>
              <BranchPoints />
              <MethodPoint xsi:type="SequencePoint" vc="0" uspid="13375" ordinal="0" offset="0" sl="130" sc="9" el="130" ec="10" bec="0" bev="0" fileid="55" />
            </Method>
            <Method visited="false" cyclomaticComplexity="2" nPathComplexity="2" sequenceCoverage="0" branchCoverage="0" crapScore="6" isConstructor="false" isStatic="true" isGetter="false" isSetter="false">
              <Summary numSequencePoints="8" visitedSequencePoints="0" numBranchPoints="3" visitedBranchPoints="0" sequenceCoverage="0" branchCoverage="0" maxCyclomaticComplexity="2" minCyclomaticComplexity="2" maxCrapScore="6" minCrapScore="6" visitedClasses="0" numClasses="0" visitedMethods="0" numMethods="1" />
              <MetadataToken>100663944</MetadataToken>
              <Name>System.Boolean ExMat.API.ExApi::GetSafeObject(ExMat.VM.ExVM,System.Int32,ExMat.ExObjType,ExMat.Objects.ExObject&amp;)</Name>
              <FileRef uid="55" />
              <SequencePoints>
                <SequencePoint vc="0" uspid="13388" ordinal="0" offset="0" sl="149" sc="9" el="149" ec="10" bec="0" bev="0" fileid="55" />
                <SequencePoint vc="0" uspid="13389" ordinal="1" offset="1" sl="150" sc="13" el="150" ec="47" bec="0" bev="0" fileid="55" />
                <SequencePoint vc="0" uspid="13390" ordinal="2" offset="16" sl="151" sc="13" el="151" ec="34" bec="2" bev="0" fileid="55" />
                <SequencePoint vc="0" uspid="13391" ordinal="3" offset="33" sl="152" sc="13" el="152" ec="14" bec="0" bev="0" fileid="55" />
                <SequencePoint vc="0" uspid="13392" ordinal="4" offset="34" sl="153" sc="17" el="153" ec="122" bec="0" bev="0" fileid="55" />
                <SequencePoint vc="0" uspid="13393" ordinal="5" offset="87" sl="154" sc="17" el="154" ec="30" bec="0" bev="0" fileid="55" />
                <SequencePoint vc="0" uspid="13394" ordinal="6" offset="91" sl="156" sc="13" el="156" ec="25" bec="0" bev="0" fileid="55" />
                <SequencePoint vc="0" uspid="13395" ordinal="7" offset="95" sl="157" sc="9" el="157" ec="10" bec="0" bev="0" fileid="55" />
              </SequencePoints>
              <BranchPoints>
                <BranchPoint vc="0" uspid="13396" ordinal="0" offset="31" sl="151" path="0" offsetend="33" fileid="55" />
                <BranchPoint vc="0" uspid="13397" ordinal="1" offset="31" sl="151" path="1" offsetend="91" fileid="55" />
              </BranchPoints>
              <MethodPoint xsi:type="SequencePoint" vc="0" uspid="13388" ordinal="0" offset="0" sl="149" sc="9" el="149" ec="10" bec="0" bev="0" fileid="55" />
            </Method>
            <Method visited="false" cyclomaticComplexity="2" nPathComplexity="2" sequenceCoverage="0" branchCoverage="0" crapScore="6" isConstructor="false" isStatic="true" isGetter="false" isSetter="false">
              <Summary numSequencePoints="4" visitedSequencePoints="0" numBranchPoints="3" visitedBranchPoints="0" sequenceCoverage="0" branchCoverage="0" maxCyclomaticComplexity="2" minCyclomaticComplexity="2" maxCrapScore="6" minCrapScore="6" visitedClasses="0" numClasses="0" visitedMethods="0" numMethods="1" />
              <MetadataToken>100663945</MetadataToken>
              <Name>System.Boolean ExMat.API.ExApi::ConvertAndGetString(ExMat.VM.ExVM,System.Int32,System.Int32,System.String&amp;)</Name>
              <FileRef uid="55" />
              <SequencePoints>
                <SequencePoint vc="0" uspid="13398" ordinal="0" offset="0" sl="168" sc="9" el="168" ec="10" bec="0" bev="0" fileid="55" />
                <SequencePoint vc="0" uspid="13399" ordinal="1" offset="1" sl="169" sc="13" el="169" ec="35" bec="0" bev="0" fileid="55" />
                <SequencePoint vc="0" uspid="13400" ordinal="2" offset="8" sl="170" sc="13" el="170" ec="85" bec="2" bev="0" fileid="55" />
                <SequencePoint vc="0" uspid="13401" ordinal="3" offset="36" sl="171" sc="9" el="171" ec="10" bec="0" bev="0" fileid="55" />
              </SequencePoints>
              <BranchPoints>
                <BranchPoint vc="0" uspid="13402" ordinal="0" offset="20" sl="170" path="0" offsetend="22" fileid="55" />
                <BranchPoint vc="0" uspid="13403" ordinal="1" offset="20" sl="170" path="1" offsetend="32" fileid="55" />
              </BranchPoints>
              <MethodPoint xsi:type="SequencePoint" vc="0" uspid="13398" ordinal="0" offset="0" sl="168" sc="9" el="168" ec="10" bec="0" bev="0" fileid="55" />
            </Method>
            <Method visited="false" cyclomaticComplexity="2" nPathComplexity="2" sequenceCoverage="0" branchCoverage="0" crapScore="6" isConstructor="false" isStatic="true" isGetter="false" isSetter="false">
              <Summary numSequencePoints="3" visitedSequencePoints="0" numBranchPoints="3" visitedBranchPoints="0" sequenceCoverage="0" branchCoverage="0" maxCyclomaticComplexity="2" minCyclomaticComplexity="2" maxCrapScore="6" minCrapScore="6" visitedClasses="0" numClasses="0" visitedMethods="0" numMethods="1" />
              <MetadataToken>100663946</MetadataToken>
              <Name>System.Boolean ExMat.API.ExApi::CanBeep()</Name>
              <FileRef uid="55" />
              <SequencePoints>
                <SequencePoint vc="0" uspid="13404" ordinal="0" offset="0" sl="180" sc="9" el="180" ec="10" bec="0" bev="0" fileid="55" />
                <SequencePoint vc="0" uspid="13405" ordinal="1" offset="1" sl="181" sc="13" el="181" ec="54" bec="2" bev="0" fileid="55" />
                <SequencePoint vc="0" uspid="13406" ordinal="2" offset="27" sl="182" sc="9" el="182" ec="10" bec="0" bev="0" fileid="55" />
              </SequencePoints>
              <BranchPoints>
                <BranchPoint vc="0" uspid="13407" ordinal="0" offset="6" sl="181" path="0" offsetend="8" fileid="55" />
                <BranchPoint vc="0" uspid="13408" ordinal="1" offset="6" sl="181" path="1" offsetend="23" fileid="55" />
              </BranchPoints>
              <MethodPoint xsi:type="SequencePoint" vc="0" uspid="13404" ordinal="0" offset="0" sl="180" sc="9" el="180" ec="10" bec="0" bev="0" fileid="55" />
            </Method>
            <Method visited="false" cyclomaticComplexity="2" nPathComplexity="2" sequenceCoverage="0" branchCoverage="0" crapScore="6" isConstructor="false" isStatic="true" isGetter="false" isSetter="false">
              <Summary numSequencePoints="8" visitedSequencePoints="0" numBranchPoints="3" visitedBranchPoints="0" sequenceCoverage="0" branchCoverage="0" maxCyclomaticComplexity="2" minCyclomaticComplexity="2" maxCrapScore="6" minCrapScore="6" visitedClasses="0" numClasses="0" visitedMethods="0" numMethods="1" />
              <MetadataToken>100663947</MetadataToken>
              <Name>System.Boolean ExMat.API.ExApi::BeepAsync(System.Int32,System.Int32)</Name>
              <FileRef uid="55" />
              <SequencePoints>
                <SequencePoint vc="0" uspid="13409" ordinal="0" offset="20" sl="192" sc="9" el="192" ec="10" bec="0" bev="0" fileid="55" />
                <SequencePoint vc="0" uspid="13410" ordinal="1" offset="21" sl="193" sc="13" el="193" ec="28" bec="2" bev="0" fileid="55" />
                <SequencePoint vc="0" uspid="13411" ordinal="2" offset="33" sl="194" sc="13" el="194" ec="14" bec="0" bev="0" fileid="55" />
                <SequencePoint vc="0" uspid="13412" ordinal="3" offset="34" sl="195" sc="17" el="195" ec="30" bec="0" bev="0" fileid="55" />
                <SequencePoint vc="0" uspid="13413" ordinal="4" offset="38" sl="197" sc="13" el="201" ec="16" bec="0" bev="0" fileid="55" />
                <SequencePoint vc="0" uspid="13414" ordinal="5" offset="60" sl="203" sc="13" el="203" ec="28" bec="0" bev="0" fileid="55" />
                <SequencePoint vc="0" uspid="13415" ordinal="6" offset="71" sl="204" sc="13" el="204" ec="25" bec="0" bev="0" fileid="55" />
                <SequencePoint vc="0" uspid="13416" ordinal="7" offset="75" sl="205" sc="9" el="205" ec="10" bec="0" bev="0" fileid="55" />
              </SequencePoints>
              <BranchPoints>
                <BranchPoint vc="0" uspid="13417" ordinal="0" offset="31" sl="193" path="0" offsetend="33" fileid="55" />
                <BranchPoint vc="0" uspid="13418" ordinal="1" offset="31" sl="193" path="1" offsetend="38" fileid="55" />
              </BranchPoints>
              <MethodPoint vc="0" uspid="13419" ordinal="0" offset="0" />
            </Method>
            <Method visited="false" cyclomaticComplexity="2" nPathComplexity="0" sequenceCoverage="0" branchCoverage="0" crapScore="6" isConstructor="false" isStatic="true" isGetter="false" isSetter="false">
              <Summary numSequencePoints="5" visitedSequencePoints="0" numBranchPoints="1" visitedBranchPoints="0" sequenceCoverage="0" branchCoverage="0" maxCyclomaticComplexity="2" minCyclomaticComplexity="2" maxCrapScore="6" minCrapScore="6" visitedClasses="0" numClasses="0" visitedMethods="0" numMethods="1" />
              <MetadataToken>100663948</MetadataToken>
              <Name>System.Boolean ExMat.API.ExApi::BeepAsync()</Name>
              <FileRef uid="55" />
              <SequencePoints>
                <SequencePoint vc="0" uspid="13420" ordinal="0" offset="0" sl="212" sc="9" el="212" ec="10" bec="0" bev="0" fileid="55" />
                <SequencePoint vc="0" uspid="13421" ordinal="1" offset="1" sl="213" sc="13" el="216" ec="16" bec="0" bev="0" fileid="55" />
                <SequencePoint vc="0" uspid="13422" ordinal="2" offset="42" sl="218" sc="13" el="218" ec="28" bec="0" bev="0" fileid="55" />
                <SequencePoint vc="0" uspid="13423" ordinal="3" offset="53" sl="219" sc="13" el="219" ec="25" bec="0" bev="0" fileid="55" />
                <SequencePoint vc="0" uspid="13424" ordinal="4" offset="57" sl="220" sc="9" el="220" ec="10" bec="0" bev="0" fileid="55" />
              </SequencePoints>
              <BranchPoints />
              <MethodPoint xsi:type="SequencePoint" vc="0" uspid="13420" ordinal="0" offset="0" sl="212" sc="9" el="212" ec="10" bec="0" bev="0" fileid="55" />
            </Method>
            <Method visited="false" cyclomaticComplexity="1" nPathComplexity="0" sequenceCoverage="0" branchCoverage="0" crapScore="2" isConstructor="false" isStatic="true" isGetter="false" isSetter="false">
              <Summary numSequencePoints="4" visitedSequencePoints="0" numBranchPoints="1" visitedBranchPoints="0" sequenceCoverage="0" branchCoverage="0" maxCyclomaticComplexity="1" minCyclomaticComplexity="1" maxCrapScore="2" minCrapScore="2" visitedClasses="0" numClasses="0" visitedMethods="0" numMethods="1" />
              <MetadataToken>100663949</MetadataToken>
              <Name>System.Boolean ExMat.API.ExApi::Beep(System.Int32,System.Int32)</Name>
              <FileRef uid="55" />
              <SequencePoints>
                <SequencePoint vc="0" uspid="13425" ordinal="0" offset="0" sl="230" sc="9" el="230" ec="10" bec="0" bev="0" fileid="55" />
                <SequencePoint vc="0" uspid="13426" ordinal="1" offset="1" sl="231" sc="13" el="231" ec="37" bec="0" bev="0" fileid="55" />
                <SequencePoint vc="0" uspid="13427" ordinal="2" offset="9" sl="232" sc="13" el="232" ec="25" bec="0" bev="0" fileid="55" />
                <SequencePoint vc="0" uspid="13428" ordinal="3" offset="13" sl="233" sc="9" el="233" ec="10" bec="0" bev="0" fileid="55" />
              </SequencePoints>
              <BranchPoints />
              <MethodPoint xsi:type="SequencePoint" vc="0" uspid="13425" ordinal="0" offset="0" sl="230" sc="9" el="230" ec="10" bec="0" bev="0" fileid="55" />
            </Method>
            <Method visited="false" cyclomaticComplexity="1" nPathComplexity="0" sequenceCoverage="0" branchCoverage="0" crapScore="2" isConstructor="false" isStatic="true" isGetter="false" isSetter="false">
              <Summary numSequencePoints="4" visitedSequencePoints="0" numBranchPoints="1" visitedBranchPoints="0" sequenceCoverage="0" branchCoverage="0" maxCyclomaticComplexity="1" minCyclomaticComplexity="1" maxCrapScore="2" minCrapScore="2" visitedClasses="0" numClasses="0" visitedMethods="0" numMethods="1" />
              <MetadataToken>100663950</MetadataToken>
              <Name>System.Boolean ExMat.API.ExApi::Beep()</Name>
              <FileRef uid="55" />
              <SequencePoints>
                <SequencePoint vc="0" uspid="13429" ordinal="0" offset="0" sl="240" sc="9" el="240" ec="10" bec="0" bev="0" fileid="55" />
                <SequencePoint vc="0" uspid="13430" ordinal="1" offset="1" sl="241" sc="13" el="241" ec="28" bec="0" bev="0" fileid="55" />
                <SequencePoint vc="0" uspid="13431" ordinal="2" offset="7" sl="242" sc="13" el="242" ec="25" bec="0" bev="0" fileid="55" />
                <SequencePoint vc="0" uspid="13432" ordinal="3" offset="11" sl="243" sc="9" el="243" ec="10" bec="0" bev="0" fileid="55" />
              </SequencePoints>
              <BranchPoints />
              <MethodPoint xsi:type="SequencePoint" vc="0" uspid="13429" ordinal="0" offset="0" sl="240" sc="9" el="240" ec="10" bec="0" bev="0" fileid="55" />
            </Method>
            <Method visited="false" cyclomaticComplexity="2" nPathComplexity="2" sequenceCoverage="0" branchCoverage="0" crapScore="6" isConstructor="false" isStatic="true" isGetter="false" isSetter="false">
              <Summary numSequencePoints="9" visitedSequencePoints="0" numBranchPoints="3" visitedBranchPoints="0" sequenceCoverage="0" branchCoverage="0" maxCyclomaticComplexity="2" minCyclomaticComplexity="2" maxCrapScore="6" minCrapScore="6" visitedClasses="0" numClasses="0" visitedMethods="0" numMethods="1" />
              <MetadataToken>100663951</MetadataToken>
              <Name>System.Boolean ExMat.API.ExApi::ToString(ExMat.VM.ExVM,System.Int32,System.Int32,System.Int32,System.Boolean)</Name>
              <FileRef uid="55" />
              <SequencePoints>
                <SequencePoint vc="0" uspid="13433" ordinal="0" offset="0" sl="258" sc="9" el="258" ec="10" bec="0" bev="0" fileid="55" />
                <SequencePoint vc="0" uspid="13434" ordinal="1" offset="1" sl="259" sc="13" el="259" ec="48" bec="0" bev="0" fileid="55" />
                <SequencePoint vc="0" uspid="13435" ordinal="2" offset="9" sl="260" sc="13" el="260" ec="46" bec="0" bev="0" fileid="55" />
                <SequencePoint vc="0" uspid="13436" ordinal="3" offset="20" sl="261" sc="13" el="261" ec="68" bec="2" bev="0" fileid="55" />
                <SequencePoint vc="0" uspid="13437" ordinal="4" offset="46" sl="262" sc="13" el="262" ec="14" bec="0" bev="0" fileid="55" />
                <SequencePoint vc="0" uspid="13438" ordinal="5" offset="47" sl="263" sc="17" el="263" ec="30" bec="0" bev="0" fileid="55" />
                <SequencePoint vc="0" uspid="13439" ordinal="6" offset="51" sl="265" sc="13" el="265" ec="38" bec="0" bev="0" fileid="55" />
                <SequencePoint vc="0" uspid="13440" ordinal="7" offset="61" sl="266" sc="13" el="266" ec="25" bec="0" bev="0" fileid="55" />
                <SequencePoint vc="0" uspid="13441" ordinal="8" offset="65" sl="267" sc="9" el="267" ec="10" bec="0" bev="0" fileid="55" />
              </SequencePoints>
              <BranchPoints>
                <BranchPoint vc="0" uspid="13442" ordinal="0" offset="44" sl="261" path="0" offsetend="46" fileid="55" />
                <BranchPoint vc="0" uspid="13443" ordinal="1" offset="44" sl="261" path="1" offsetend="51" fileid="55" />
              </BranchPoints>
              <MethodPoint xsi:type="SequencePoint" vc="0" uspid="13433" ordinal="0" offset="0" sl="258" sc="9" el="258" ec="10" bec="0" bev="0" fileid="55" />
            </Method>
            <Method visited="false" cyclomaticComplexity="11" nPathComplexity="256" sequenceCoverage="0" branchCoverage="0" crapScore="132" isConstructor="false" isStatic="true" isGetter="false" isSetter="false">
              <Summary numSequencePoints="30" visitedSequencePoints="0" numBranchPoints="17" visitedBranchPoints="0" sequenceCoverage="0" branchCoverage="0" maxCyclomaticComplexity="11" minCyclomaticComplexity="11" maxCrapScore="132" minCrapScore="132" visitedClasses="0" numClasses="0" visitedMethods="0" numMethods="1" />
              <MetadataToken>100663952</MetadataToken>
              <Name>System.Boolean ExMat.API.ExApi::ToFloat(ExMat.VM.ExVM,ExMat.Objects.ExObject,ExMat.Objects.ExObject&amp;)</Name>
              <FileRef uid="55" />
              <SequencePoints>
                <SequencePoint vc="0" uspid="13444" ordinal="0" offset="0" sl="270" sc="9" el="270" ec="10" bec="0" bev="0" fileid="55" />
                <SequencePoint vc="0" uspid="13445" ordinal="1" offset="1" sl="271" sc="13" el="271" ec="30" bec="9" bev="0" fileid="55" />
                <SequencePoint vc="0" uspid="13446" ordinal="2" offset="80" sl="274" sc="21" el="274" ec="22" bec="0" bev="0" fileid="55" />
                <SequencePoint vc="0" uspid="13447" ordinal="3" offset="81" sl="275" sc="25" el="275" ec="63" bec="2" bev="0" fileid="55" />
                <SequencePoint vc="0" uspid="13448" ordinal="4" offset="113" sl="276" sc="25" el="276" ec="26" bec="0" bev="0" fileid="55" />
                <SequencePoint vc="0" uspid="13449" ordinal="5" offset="114" sl="277" sc="29" el="277" ec="113" bec="0" bev="0" fileid="55" />
                <SequencePoint vc="0" uspid="13450" ordinal="6" offset="126" sl="278" sc="29" el="278" ec="42" bec="0" bev="0" fileid="55" />
                <SequencePoint vc="0" uspid="13451" ordinal="7" offset="134" sl="280" sc="25" el="280" ec="58" bec="0" bev="0" fileid="55" />
                <SequencePoint vc="0" uspid="13452" ordinal="8" offset="155" sl="281" sc="25" el="281" ec="31" bec="0" bev="0" fileid="55" />
                <SequencePoint vc="0" uspid="13453" ordinal="9" offset="160" sl="284" sc="21" el="284" ec="22" bec="0" bev="0" fileid="55" />
                <SequencePoint vc="0" uspid="13454" ordinal="10" offset="161" sl="285" sc="25" el="285" ec="57" bec="0" bev="0" fileid="55" />
                <SequencePoint vc="0" uspid="13455" ordinal="11" offset="175" sl="286" sc="25" el="286" ec="31" bec="0" bev="0" fileid="55" />
                <SequencePoint vc="0" uspid="13456" ordinal="12" offset="180" sl="289" sc="21" el="289" ec="22" bec="0" bev="0" fileid="55" />
                <SequencePoint vc="0" uspid="13457" ordinal="13" offset="181" sl="290" sc="25" el="290" ec="51" bec="0" bev="0" fileid="55" />
                <SequencePoint vc="0" uspid="13458" ordinal="14" offset="194" sl="291" sc="25" el="291" ec="31" bec="0" bev="0" fileid="55" />
                <SequencePoint vc="0" uspid="13459" ordinal="15" offset="196" sl="294" sc="21" el="294" ec="22" bec="0" bev="0" fileid="55" />
                <SequencePoint vc="0" uspid="13460" ordinal="16" offset="197" sl="295" sc="25" el="295" ec="74" bec="2" bev="0" fileid="55" />
                <SequencePoint vc="0" uspid="13461" ordinal="17" offset="215" sl="296" sc="25" el="296" ec="26" bec="0" bev="0" fileid="55" />
                <SequencePoint vc="0" uspid="13462" ordinal="18" offset="216" sl="297" sc="29" el="297" ec="41" bec="0" bev="0" fileid="55" />
                <SequencePoint vc="0" uspid="13463" ordinal="19" offset="221" sl="300" sc="25" el="300" ec="26" bec="0" bev="0" fileid="55" />
                <SequencePoint vc="0" uspid="13464" ordinal="20" offset="222" sl="301" sc="29" el="301" ec="86" bec="0" bev="0" fileid="55" />
                <SequencePoint vc="0" uspid="13465" ordinal="21" offset="234" sl="302" sc="29" el="302" ec="42" bec="0" bev="0" fileid="55" />
                <SequencePoint vc="0" uspid="13466" ordinal="22" offset="239" sl="306" sc="21" el="306" ec="22" bec="0" bev="0" fileid="55" />
                <SequencePoint vc="0" uspid="13467" ordinal="23" offset="240" sl="307" sc="25" el="307" ec="62" bec="2" bev="0" fileid="55" />
                <SequencePoint vc="0" uspid="13468" ordinal="24" offset="275" sl="308" sc="25" el="308" ec="31" bec="0" bev="0" fileid="55" />
                <SequencePoint vc="0" uspid="13469" ordinal="25" offset="277" sl="311" sc="21" el="311" ec="22" bec="0" bev="0" fileid="55" />
                <SequencePoint vc="0" uspid="13470" ordinal="26" offset="278" sl="312" sc="25" el="312" ec="103" bec="0" bev="0" fileid="55" />
                <SequencePoint vc="0" uspid="13471" ordinal="27" offset="317" sl="313" sc="25" el="313" ec="38" bec="0" bev="0" fileid="55" />
                <SequencePoint vc="0" uspid="13472" ordinal="28" offset="322" sl="316" sc="13" el="316" ec="25" bec="0" bev="0" fileid="55" />
                <SequencePoint vc="0" uspid="13473" ordinal="29" offset="327" sl="317" sc="9" el="317" ec="10" bec="0" bev="0" fileid="55" />
              </SequencePoints>
              <BranchPoints>
                <BranchPoint vc="0" uspid="13474" ordinal="0" offset="24" sl="271" path="0" offsetchain="29" offsetend="31" fileid="55" />
                <BranchPoint vc="0" uspid="13475" ordinal="1" offset="24" sl="271" path="1" offsetend="239" fileid="55" />
                <BranchPoint vc="0" uspid="13476" ordinal="2" offset="37" sl="271" path="0" offsetchain="42" offsetend="277" fileid="55" />
                <BranchPoint vc="0" uspid="13477" ordinal="3" offset="37" sl="271" path="1" offsetend="196" fileid="55" />
                <BranchPoint vc="0" uspid="13478" ordinal="4" offset="53" sl="271" path="0" offsetchain="55" offsetend="57" fileid="55" />
                <BranchPoint vc="0" uspid="13479" ordinal="5" offset="53" sl="271" path="1" offsetend="160" fileid="55" />
                <BranchPoint vc="0" uspid="13480" ordinal="6" offset="63" sl="271" path="0" offsetchain="65" offsetend="67" fileid="55" />
                <BranchPoint vc="0" uspid="13481" ordinal="7" offset="63" sl="271" path="1" offsetend="180" fileid="55" />
                <BranchPoint vc="0" uspid="13482" ordinal="8" offset="73" sl="271" path="0" offsetchain="75" offsetend="277" fileid="55" />
                <BranchPoint vc="0" uspid="13483" ordinal="9" offset="73" sl="271" path="1" offsetend="80" fileid="55" />
                <BranchPoint vc="0" uspid="13484" ordinal="10" offset="111" sl="275" path="0" offsetend="113" fileid="55" />
                <BranchPoint vc="0" uspid="13485" ordinal="11" offset="111" sl="275" path="1" offsetend="134" fileid="55" />
                <BranchPoint vc="0" uspid="13486" ordinal="12" offset="213" sl="295" path="0" offsetend="215" fileid="55" />
                <BranchPoint vc="0" uspid="13487" ordinal="13" offset="213" sl="295" path="1" offsetend="221" fileid="55" />
                <BranchPoint vc="0" uspid="13488" ordinal="14" offset="247" sl="307" path="0" offsetend="249" fileid="55" />
                <BranchPoint vc="0" uspid="13489" ordinal="15" offset="247" sl="307" path="1" offsetend="260" fileid="55" />
              </BranchPoints>
              <MethodPoint xsi:type="SequencePoint" vc="0" uspid="13444" ordinal="0" offset="0" sl="270" sc="9" el="270" ec="10" bec="0" bev="0" fileid="55" />
            </Method>
            <Method visited="false" cyclomaticComplexity="11" nPathComplexity="256" sequenceCoverage="0" branchCoverage="0" crapScore="132" isConstructor="false" isStatic="true" isGetter="false" isSetter="false">
              <Summary numSequencePoints="30" visitedSequencePoints="0" numBranchPoints="17" visitedBranchPoints="0" sequenceCoverage="0" branchCoverage="0" maxCyclomaticComplexity="11" minCyclomaticComplexity="11" maxCrapScore="132" minCrapScore="132" visitedClasses="0" numClasses="0" visitedMethods="0" numMethods="1" />
              <MetadataToken>100663953</MetadataToken>
              <Name>System.Boolean ExMat.API.ExApi::ToInteger(ExMat.VM.ExVM,ExMat.Objects.ExObject,ExMat.Objects.ExObject&amp;)</Name>
              <FileRef uid="55" />
              <SequencePoints>
                <SequencePoint vc="0" uspid="13490" ordinal="0" offset="0" sl="327" sc="9" el="327" ec="10" bec="0" bev="0" fileid="55" />
                <SequencePoint vc="0" uspid="13491" ordinal="1" offset="1" sl="328" sc="13" el="328" ec="30" bec="9" bev="0" fileid="55" />
                <SequencePoint vc="0" uspid="13492" ordinal="2" offset="80" sl="331" sc="21" el="331" ec="22" bec="0" bev="0" fileid="55" />
                <SequencePoint vc="0" uspid="13493" ordinal="3" offset="81" sl="332" sc="25" el="332" ec="63" bec="2" bev="0" fileid="55" />
                <SequencePoint vc="0" uspid="13494" ordinal="4" offset="113" sl="333" sc="25" el="333" ec="26" bec="0" bev="0" fileid="55" />
                <SequencePoint vc="0" uspid="13495" ordinal="5" offset="114" sl="334" sc="29" el="334" ec="115" bec="0" bev="0" fileid="55" />
                <SequencePoint vc="0" uspid="13496" ordinal="6" offset="126" sl="335" sc="29" el="335" ec="42" bec="0" bev="0" fileid="55" />
                <SequencePoint vc="0" uspid="13497" ordinal="7" offset="134" sl="337" sc="25" el="337" ec="64" bec="0" bev="0" fileid="55" />
                <SequencePoint vc="0" uspid="13498" ordinal="8" offset="156" sl="338" sc="25" el="338" ec="31" bec="0" bev="0" fileid="55" />
                <SequencePoint vc="0" uspid="13499" ordinal="9" offset="161" sl="341" sc="21" el="341" ec="22" bec="0" bev="0" fileid="55" />
                <SequencePoint vc="0" uspid="13500" ordinal="10" offset="162" sl="342" sc="25" el="342" ec="49" bec="0" bev="0" fileid="55" />
                <SequencePoint vc="0" uspid="13501" ordinal="11" offset="175" sl="343" sc="25" el="343" ec="31" bec="0" bev="0" fileid="55" />
                <SequencePoint vc="0" uspid="13502" ordinal="12" offset="180" sl="346" sc="21" el="346" ec="22" bec="0" bev="0" fileid="55" />
                <SequencePoint vc="0" uspid="13503" ordinal="13" offset="181" sl="347" sc="25" el="347" ec="57" bec="0" bev="0" fileid="55" />
                <SequencePoint vc="0" uspid="13504" ordinal="14" offset="195" sl="348" sc="25" el="348" ec="31" bec="0" bev="0" fileid="55" />
                <SequencePoint vc="0" uspid="13505" ordinal="15" offset="197" sl="351" sc="21" el="351" ec="22" bec="0" bev="0" fileid="55" />
                <SequencePoint vc="0" uspid="13506" ordinal="16" offset="198" sl="352" sc="25" el="352" ec="76" bec="2" bev="0" fileid="55" />
                <SequencePoint vc="0" uspid="13507" ordinal="17" offset="216" sl="353" sc="25" el="353" ec="26" bec="0" bev="0" fileid="55" />
                <SequencePoint vc="0" uspid="13508" ordinal="18" offset="217" sl="354" sc="29" el="354" ec="41" bec="0" bev="0" fileid="55" />
                <SequencePoint vc="0" uspid="13509" ordinal="19" offset="222" sl="357" sc="25" el="357" ec="26" bec="0" bev="0" fileid="55" />
                <SequencePoint vc="0" uspid="13510" ordinal="20" offset="223" sl="358" sc="29" el="358" ec="87" bec="0" bev="0" fileid="55" />
                <SequencePoint vc="0" uspid="13511" ordinal="21" offset="235" sl="359" sc="29" el="359" ec="42" bec="0" bev="0" fileid="55" />
                <SequencePoint vc="0" uspid="13512" ordinal="22" offset="240" sl="363" sc="21" el="363" ec="22" bec="0" bev="0" fileid="55" />
                <SequencePoint vc="0" uspid="13513" ordinal="23" offset="241" sl="364" sc="25" el="364" ec="58" bec="2" bev="0" fileid="55" />
                <SequencePoint vc="0" uspid="13514" ordinal="24" offset="261" sl="365" sc="25" el="365" ec="31" bec="0" bev="0" fileid="55" />
                <SequencePoint vc="0" uspid="13515" ordinal="25" offset="263" sl="368" sc="21" el="368" ec="22" bec="0" bev="0" fileid="55" />
                <SequencePoint vc="0" uspid="13516" ordinal="26" offset="264" sl="369" sc="25" el="369" ec="104" bec="0" bev="0" fileid="55" />
                <SequencePoint vc="0" uspid="13517" ordinal="27" offset="303" sl="370" sc="25" el="370" ec="38" bec="0" bev="0" fileid="55" />
                <SequencePoint vc="0" uspid="13518" ordinal="28" offset="308" sl="373" sc="13" el="373" ec="25" bec="0" bev="0" fileid="55" />
                <SequencePoint vc="0" uspid="13519" ordinal="29" offset="313" sl="374" sc="9" el="374" ec="10" bec="0" bev="0" fileid="55" />
              </SequencePoints>
              <BranchPoints>
                <BranchPoint vc="0" uspid="13520" ordinal="0" offset="24" sl="328" path="0" offsetchain="29" offsetend="31" fileid="55" />
                <BranchPoint vc="0" uspid="13521" ordinal="1" offset="24" sl="328" path="1" offsetend="240" fileid="55" />
                <BranchPoint vc="0" uspid="13522" ordinal="2" offset="37" sl="328" path="0" offsetchain="42" offsetend="263" fileid="55" />
                <BranchPoint vc="0" uspid="13523" ordinal="3" offset="37" sl="328" path="1" offsetend="197" fileid="55" />
                <BranchPoint vc="0" uspid="13524" ordinal="4" offset="53" sl="328" path="0" offsetchain="55" offsetend="57" fileid="55" />
                <BranchPoint vc="0" uspid="13525" ordinal="5" offset="53" sl="328" path="1" offsetend="161" fileid="55" />
                <BranchPoint vc="0" uspid="13526" ordinal="6" offset="63" sl="328" path="0" offsetchain="65" offsetend="67" fileid="55" />
                <BranchPoint vc="0" uspid="13527" ordinal="7" offset="63" sl="328" path="1" offsetend="180" fileid="55" />
                <BranchPoint vc="0" uspid="13528" ordinal="8" offset="73" sl="328" path="0" offsetchain="75" offsetend="263" fileid="55" />
                <BranchPoint vc="0" uspid="13529" ordinal="9" offset="73" sl="328" path="1" offsetend="80" fileid="55" />
                <BranchPoint vc="0" uspid="13530" ordinal="10" offset="111" sl="332" path="0" offsetend="113" fileid="55" />
                <BranchPoint vc="0" uspid="13531" ordinal="11" offset="111" sl="332" path="1" offsetend="134" fileid="55" />
                <BranchPoint vc="0" uspid="13532" ordinal="12" offset="214" sl="352" path="0" offsetend="216" fileid="55" />
                <BranchPoint vc="0" uspid="13533" ordinal="13" offset="214" sl="352" path="1" offsetend="222" fileid="55" />
                <BranchPoint vc="0" uspid="13534" ordinal="14" offset="248" sl="364" path="0" offsetend="250" fileid="55" />
                <BranchPoint vc="0" uspid="13535" ordinal="15" offset="248" sl="364" path="1" offsetend="253" fileid="55" />
              </BranchPoints>
              <MethodPoint xsi:type="SequencePoint" vc="0" uspid="13490" ordinal="0" offset="0" sl="327" sc="9" el="327" ec="10" bec="0" bev="0" fileid="55" />
            </Method>
            <Method visited="false" cyclomaticComplexity="2" nPathComplexity="2" sequenceCoverage="0" branchCoverage="0" crapScore="6" isConstructor="false" isStatic="true" isGetter="false" isSetter="false">
              <Summary numSequencePoints="9" visitedSequencePoints="0" numBranchPoints="3" visitedBranchPoints="0" sequenceCoverage="0" branchCoverage="0" maxCyclomaticComplexity="2" minCyclomaticComplexity="2" maxCrapScore="6" minCrapScore="6" visitedClasses="0" numClasses="0" visitedMethods="0" numMethods="1" />
              <MetadataToken>100663954</MetadataToken>
              <Name>System.Boolean ExMat.API.ExApi::ToFloatFromStack(ExMat.VM.ExVM,System.Int32,System.Int32)</Name>
              <FileRef uid="55" />
              <SequencePoints>
                <SequencePoint vc="0" uspid="13536" ordinal="0" offset="0" sl="385" sc="9" el="385" ec="10" bec="0" bev="0" fileid="55" />
                <SequencePoint vc="0" uspid="13537" ordinal="1" offset="1" sl="386" sc="13" el="386" ec="48" bec="0" bev="0" fileid="55" />
                <SequencePoint vc="0" uspid="13538" ordinal="2" offset="9" sl="387" sc="13" el="387" ec="33" bec="0" bev="0" fileid="55" />
                <SequencePoint vc="0" uspid="13539" ordinal="3" offset="11" sl="388" sc="13" el="388" ec="42" bec="2" bev="0" fileid="55" />
                <SequencePoint vc="0" uspid="13540" ordinal="4" offset="27" sl="389" sc="13" el="389" ec="14" bec="0" bev="0" fileid="55" />
                <SequencePoint vc="0" uspid="13541" ordinal="5" offset="28" sl="390" sc="17" el="390" ec="30" bec="0" bev="0" fileid="55" />
                <SequencePoint vc="0" uspid="13542" ordinal="6" offset="32" sl="392" sc="13" el="392" ec="38" bec="0" bev="0" fileid="55" />
                <SequencePoint vc="0" uspid="13543" ordinal="7" offset="42" sl="393" sc="13" el="393" ec="25" bec="0" bev="0" fileid="55" />
                <SequencePoint vc="0" uspid="13544" ordinal="8" offset="46" sl="394" sc="9" el="394" ec="10" bec="0" bev="0" fileid="55" />
              </SequencePoints>
              <BranchPoints>
                <BranchPoint vc="0" uspid="13545" ordinal="0" offset="25" sl="388" path="0" offsetend="27" fileid="55" />
                <BranchPoint vc="0" uspid="13546" ordinal="1" offset="25" sl="388" path="1" offsetend="32" fileid="55" />
              </BranchPoints>
              <MethodPoint xsi:type="SequencePoint" vc="0" uspid="13536" ordinal="0" offset="0" sl="385" sc="9" el="385" ec="10" bec="0" bev="0" fileid="55" />
            </Method>
            <Method visited="false" cyclomaticComplexity="2" nPathComplexity="2" sequenceCoverage="0" branchCoverage="0" crapScore="6" isConstructor="false" isStatic="true" isGetter="false" isSetter="false">
              <Summary numSequencePoints="9" visitedSequencePoints="0" numBranchPoints="3" visitedBranchPoints="0" sequenceCoverage="0" branchCoverage="0" maxCyclomaticComplexity="2" minCyclomaticComplexity="2" maxCrapScore="6" minCrapScore="6" visitedClasses="0" numClasses="0" visitedMethods="0" numMethods="1" />
              <MetadataToken>100663955</MetadataToken>
              <Name>System.Boolean ExMat.API.ExApi::ToIntegerFromStack(ExMat.VM.ExVM,System.Int32,System.Int32)</Name>
              <FileRef uid="55" />
              <SequencePoints>
                <SequencePoint vc="0" uspid="13547" ordinal="0" offset="0" sl="405" sc="9" el="405" ec="10" bec="0" bev="0" fileid="55" />
                <SequencePoint vc="0" uspid="13548" ordinal="1" offset="1" sl="406" sc="13" el="406" ec="48" bec="0" bev="0" fileid="55" />
                <SequencePoint vc="0" uspid="13549" ordinal="2" offset="9" sl="407" sc="13" el="407" ec="33" bec="0" bev="0" fileid="55" />
                <SequencePoint vc="0" uspid="13550" ordinal="3" offset="11" sl="408" sc="13" el="408" ec="44" bec="2" bev="0" fileid="55" />
                <SequencePoint vc="0" uspid="13551" ordinal="4" offset="27" sl="409" sc="13" el="409" ec="14" bec="0" bev="0" fileid="55" />
                <SequencePoint vc="0" uspid="13552" ordinal="5" offset="28" sl="410" sc="17" el="410" ec="30" bec="0" bev="0" fileid="55" />
                <SequencePoint vc="0" uspid="13553" ordinal="6" offset="32" sl="412" sc="13" el="412" ec="38" bec="0" bev="0" fileid="55" />
                <SequencePoint vc="0" uspid="13554" ordinal="7" offset="42" sl="413" sc="13" el="413" ec="25" bec="0" bev="0" fileid="55" />
                <SequencePoint vc="0" uspid="13555" ordinal="8" offset="46" sl="414" sc="9" el="414" ec="10" bec="0" bev="0" fileid="55" />
              </SequencePoints>
              <BranchPoints>
                <BranchPoint vc="0" uspid="13556" ordinal="0" offset="25" sl="408" path="0" offsetend="27" fileid="55" />
                <BranchPoint vc="0" uspid="13557" ordinal="1" offset="25" sl="408" path="1" offsetend="32" fileid="55" />
              </BranchPoints>
              <MethodPoint xsi:type="SequencePoint" vc="0" uspid="13547" ordinal="0" offset="0" sl="405" sc="9" el="405" ec="10" bec="0" bev="0" fileid="55" />
            </Method>
            <Method visited="false" cyclomaticComplexity="5" nPathComplexity="16" sequenceCoverage="0" branchCoverage="0" crapScore="30" isConstructor="false" isStatic="true" isGetter="false" isSetter="false">
              <Summary numSequencePoints="4" visitedSequencePoints="0" numBranchPoints="9" visitedBranchPoints="0" sequenceCoverage="0" branchCoverage="0" maxCyclomaticComplexity="5" minCyclomaticComplexity="5" maxCrapScore="30" minCrapScore="30" visitedClasses="0" numClasses="0" visitedMethods="0" numMethods="1" />
              <MetadataToken>100663956</MetadataToken>
              <Name>System.String ExMat.API.ExApi::GetFloatString(ExMat.Objects.ExObject)</Name>
              <FileRef uid="55" />
              <SequencePoints>
                <SequencePoint vc="0" uspid="13558" ordinal="0" offset="0" sl="422" sc="9" el="422" ec="10" bec="0" bev="0" fileid="55" />
                <SequencePoint vc="0" uspid="13559" ordinal="1" offset="1" sl="423" sc="13" el="423" ec="39" bec="0" bev="0" fileid="55" />
                <SequencePoint vc="0" uspid="13560" ordinal="2" offset="8" sl="424" sc="13" el="428" ec="148" bec="8" bev="0" fileid="55" />
                <SequencePoint vc="0" uspid="13561" ordinal="3" offset="187" sl="429" sc="9" el="429" ec="10" bec="0" bev="0" fileid="55" />
              </SequencePoints>
              <BranchPoints>
                <BranchPoint vc="0" uspid="13562" ordinal="0" offset="28" sl="424" path="0" offsetend="30" fileid="55" />
                <BranchPoint vc="0" uspid="13563" ordinal="1" offset="28" sl="424" path="1" offsetend="127" fileid="55" />
                <BranchPoint vc="0" uspid="13564" ordinal="2" offset="40" sl="424" path="0" offsetend="42" fileid="55" />
                <BranchPoint vc="0" uspid="13565" ordinal="3" offset="40" sl="424" path="1" offsetend="101" fileid="55" />
                <BranchPoint vc="0" uspid="13566" ordinal="4" offset="52" sl="424" path="0" offsetend="54" fileid="55" />
                <BranchPoint vc="0" uspid="13567" ordinal="5" offset="52" sl="424" path="1" offsetend="80" fileid="55" />
                <BranchPoint vc="0" uspid="13568" ordinal="6" offset="137" sl="424" path="0" offsetend="139" fileid="55" />
                <BranchPoint vc="0" uspid="13569" ordinal="7" offset="137" sl="424" path="1" offsetend="165" fileid="55" />
              </BranchPoints>
              <MethodPoint xsi:type="SequencePoint" vc="0" uspid="13558" ordinal="0" offset="0" sl="422" sc="9" el="422" ec="10" bec="0" bev="0" fileid="55" />
            </Method>
            <Method visited="false" cyclomaticComplexity="2" nPathComplexity="2" sequenceCoverage="0" branchCoverage="0" crapScore="6" isConstructor="false" isStatic="true" isGetter="false" isSetter="false">
              <Summary numSequencePoints="3" visitedSequencePoints="0" numBranchPoints="3" visitedBranchPoints="0" sequenceCoverage="0" branchCoverage="0" maxCyclomaticComplexity="2" minCyclomaticComplexity="2" maxCrapScore="6" minCrapScore="6" visitedClasses="0" numClasses="0" visitedMethods="0" numMethods="1" />
              <MetadataToken>100663957</MetadataToken>
              <Name>System.Boolean ExMat.API.ExApi::CheckEqualFloat(System.Double,System.Double)</Name>
              <FileRef uid="55" />
              <SequencePoints>
                <SequencePoint vc="0" uspid="13570" ordinal="0" offset="0" sl="432" sc="9" el="432" ec="10" bec="0" bev="0" fileid="55" />
                <SequencePoint vc="0" uspid="13571" ordinal="1" offset="1" sl="433" sc="13" el="433" ec="63" bec="2" bev="0" fileid="55" />
                <SequencePoint vc="0" uspid="13572" ordinal="2" offset="24" sl="434" sc="9" el="434" ec="10" bec="0" bev="0" fileid="55" />
              </SequencePoints>
              <BranchPoints>
                <BranchPoint vc="0" uspid="13573" ordinal="0" offset="7" sl="433" path="0" offsetend="9" fileid="55" />
                <BranchPoint vc="0" uspid="13574" ordinal="1" offset="7" sl="433" path="1" offsetend="15" fileid="55" />
              </BranchPoints>
              <MethodPoint xsi:type="SequencePoint" vc="0" uspid="13570" ordinal="0" offset="0" sl="432" sc="9" el="432" ec="10" bec="0" bev="0" fileid="55" />
            </Method>
            <Method visited="false" cyclomaticComplexity="5" nPathComplexity="8" sequenceCoverage="0" branchCoverage="0" crapScore="30" isConstructor="false" isStatic="true" isGetter="false" isSetter="false">
              <Summary numSequencePoints="19" visitedSequencePoints="0" numBranchPoints="7" visitedBranchPoints="0" sequenceCoverage="0" branchCoverage="0" maxCyclomaticComplexity="5" minCyclomaticComplexity="5" maxCrapScore="30" minCrapScore="30" visitedClasses="0" numClasses="0" visitedMethods="0" numMethods="1" />
              <MetadataToken>100663958</MetadataToken>
              <Name>System.Boolean ExMat.API.ExApi::CheckEqualArray(System.Collections.Generic.List`1&lt;ExMat.Objects.ExObject&gt;,System.Collections.Generic.List`1&lt;ExMat.Objects.ExObject&gt;)</Name>
              <FileRef uid="55" />
              <SequencePoints>
                <SequencePoint vc="0" uspid="13575" ordinal="0" offset="0" sl="437" sc="9" el="437" ec="10" bec="0" bev="0" fileid="55" />
                <SequencePoint vc="0" uspid="13576" ordinal="1" offset="1" sl="438" sc="13" el="438" ec="36" bec="2" bev="0" fileid="55" />
                <SequencePoint vc="0" uspid="13577" ordinal="2" offset="22" sl="439" sc="13" el="439" ec="14" bec="0" bev="0" fileid="55" />
                <SequencePoint vc="0" uspid="13578" ordinal="3" offset="23" sl="440" sc="17" el="440" ec="30" bec="0" bev="0" fileid="55" />
                <SequencePoint vc="0" uspid="13579" ordinal="4" offset="27" sl="443" sc="13" el="443" ec="29" bec="0" bev="0" fileid="55" />
                <SequencePoint vc="0" uspid="13580" ordinal="5" offset="29" sl="444" sc="18" el="444" ec="27" bec="0" bev="0" fileid="55" />
                <SequencePoint vc="0" uspid="13581" ordinal="6" offset="33" sl="445" sc="13" el="445" ec="14" bec="0" bev="0" fileid="55" />
                <SequencePoint vc="0" uspid="13582" ordinal="7" offset="34" sl="446" sc="17" el="446" ec="35" bec="0" bev="0" fileid="55" />
                <SequencePoint vc="0" uspid="13583" ordinal="8" offset="43" sl="447" sc="17" el="447" ec="26" bec="2" bev="0" fileid="55" />
                <SequencePoint vc="0" uspid="13584" ordinal="9" offset="53" sl="448" sc="17" el="448" ec="18" bec="0" bev="0" fileid="55" />
                <SequencePoint vc="0" uspid="13585" ordinal="10" offset="54" sl="449" sc="21" el="449" ec="34" bec="0" bev="0" fileid="55" />
                <SequencePoint vc="0" uspid="13586" ordinal="11" offset="58" sl="451" sc="17" el="451" ec="51" bec="2" bev="0" fileid="55" />
                <SequencePoint vc="0" uspid="13587" ordinal="12" offset="83" sl="452" sc="17" el="452" ec="18" bec="0" bev="0" fileid="55" />
                <SequencePoint vc="0" uspid="13588" ordinal="13" offset="84" sl="453" sc="21" el="453" ec="34" bec="0" bev="0" fileid="55" />
                <SequencePoint vc="0" uspid="13589" ordinal="14" offset="88" sl="455" sc="13" el="455" ec="14" bec="0" bev="0" fileid="55" />
                <SequencePoint vc="0" uspid="13590" ordinal="15" offset="89" sl="444" sc="42" el="444" ec="45" bec="0" bev="0" fileid="55" />
                <SequencePoint vc="0" uspid="13591" ordinal="16" offset="93" sl="444" sc="29" el="444" ec="40" bec="0" bev="0" fileid="55" />
                <SequencePoint vc="0" uspid="13592" ordinal="17" offset="108" sl="457" sc="13" el="457" ec="25" bec="0" bev="0" fileid="55" />
                <SequencePoint vc="0" uspid="13593" ordinal="18" offset="112" sl="458" sc="9" el="458" ec="10" bec="0" bev="0" fileid="55" />
              </SequencePoints>
              <BranchPoints>
                <BranchPoint vc="0" uspid="13594" ordinal="0" offset="20" sl="438" path="0" offsetend="22" fileid="55" />
                <BranchPoint vc="0" uspid="13595" ordinal="1" offset="20" sl="438" path="1" offsetend="27" fileid="55" />
                <BranchPoint vc="0" uspid="13596" ordinal="2" offset="51" sl="447" path="0" offsetend="53" fileid="55" />
                <BranchPoint vc="0" uspid="13597" ordinal="3" offset="51" sl="447" path="1" offsetend="58" fileid="55" />
                <BranchPoint vc="0" uspid="13598" ordinal="4" offset="81" sl="451" path="0" offsetend="83" fileid="55" />
                <BranchPoint vc="0" uspid="13599" ordinal="5" offset="81" sl="451" path="1" offsetend="88" fileid="55" />
              </BranchPoints>
              <MethodPoint xsi:type="SequencePoint" vc="0" uspid="13575" ordinal="0" offset="0" sl="437" sc="9" el="437" ec="10" bec="0" bev="0" fileid="55" />
            </Method>
            <Method visited="false" cyclomaticComplexity="23" nPathComplexity="65536" sequenceCoverage="0" branchCoverage="0" crapScore="552" isConstructor="false" isStatic="true" isGetter="false" isSetter="false">
              <Summary numSequencePoints="33" visitedSequencePoints="0" numBranchPoints="33" visitedBranchPoints="0" sequenceCoverage="0" branchCoverage="0" maxCyclomaticComplexity="23" minCyclomaticComplexity="23" maxCrapScore="552" minCrapScore="552" visitedClasses="0" numClasses="0" visitedMethods="0" numMethods="1" />
              <MetadataToken>100663959</MetadataToken>
              <Name>System.Void ExMat.API.ExApi::CheckEqualForSameType(ExMat.Objects.ExObject,ExMat.Objects.ExObject,System.Boolean&amp;)</Name>
              <FileRef uid="55" />
              <SequencePoints>
                <SequencePoint vc="0" uspid="13600" ordinal="0" offset="0" sl="461" sc="9" el="461" ec="10" bec="0" bev="0" fileid="55" />
                <SequencePoint vc="0" uspid="13601" ordinal="1" offset="1" sl="462" sc="13" el="462" ec="28" bec="23" bev="0" fileid="55" />
                <SequencePoint vc="0" uspid="13602" ordinal="2" offset="274" sl="465" sc="21" el="465" ec="52" bec="0" bev="0" fileid="55" />
                <SequencePoint vc="0" uspid="13603" ordinal="3" offset="290" sl="466" sc="21" el="466" ec="27" bec="0" bev="0" fileid="55" />
                <SequencePoint vc="0" uspid="13604" ordinal="4" offset="295" sl="468" sc="21" el="468" ec="71" bec="0" bev="0" fileid="55" />
                <SequencePoint vc="0" uspid="13605" ordinal="5" offset="314" sl="469" sc="21" el="469" ec="27" bec="0" bev="0" fileid="55" />
                <SequencePoint vc="0" uspid="13606" ordinal="6" offset="319" sl="471" sc="21" el="471" ec="60" bec="0" bev="0" fileid="55" />
                <SequencePoint vc="0" uspid="13607" ordinal="7" offset="338" sl="472" sc="21" el="472" ec="27" bec="0" bev="0" fileid="55" />
                <SequencePoint vc="0" uspid="13608" ordinal="8" offset="343" sl="474" sc="21" el="474" ec="54" bec="0" bev="0" fileid="55" />
                <SequencePoint vc="0" uspid="13609" ordinal="9" offset="359" sl="475" sc="21" el="475" ec="27" bec="0" bev="0" fileid="55" />
                <SequencePoint vc="0" uspid="13610" ordinal="10" offset="364" sl="477" sc="21" el="477" ec="58" bec="0" bev="0" fileid="55" />
                <SequencePoint vc="0" uspid="13611" ordinal="11" offset="383" sl="478" sc="21" el="478" ec="27" bec="0" bev="0" fileid="55" />
                <SequencePoint vc="0" uspid="13612" ordinal="12" offset="388" sl="480" sc="21" el="480" ec="90" bec="0" bev="0" fileid="55" />
                <SequencePoint vc="0" uspid="13613" ordinal="13" offset="414" sl="481" sc="21" el="481" ec="27" bec="0" bev="0" fileid="55" />
                <SequencePoint vc="0" uspid="13614" ordinal="14" offset="419" sl="483" sc="21" el="483" ec="88" bec="0" bev="0" fileid="55" />
                <SequencePoint vc="0" uspid="13615" ordinal="15" offset="445" sl="484" sc="21" el="484" ec="27" bec="0" bev="0" fileid="55" />
                <SequencePoint vc="0" uspid="13616" ordinal="16" offset="450" sl="486" sc="21" el="486" ec="69" bec="0" bev="0" fileid="55" />
                <SequencePoint vc="0" uspid="13617" ordinal="17" offset="469" sl="487" sc="21" el="487" ec="27" bec="0" bev="0" fileid="55" />
                <SequencePoint vc="0" uspid="13618" ordinal="18" offset="474" sl="489" sc="21" el="489" ec="82" bec="0" bev="0" fileid="55" />
                <SequencePoint vc="0" uspid="13619" ordinal="19" offset="500" sl="490" sc="21" el="490" ec="27" bec="0" bev="0" fileid="55" />
                <SequencePoint vc="0" uspid="13620" ordinal="20" offset="505" sl="492" sc="21" el="492" ec="129" bec="0" bev="0" fileid="55" />
                <SequencePoint vc="0" uspid="13621" ordinal="21" offset="535" sl="493" sc="21" el="493" ec="27" bec="0" bev="0" fileid="55" />
                <SequencePoint vc="0" uspid="13622" ordinal="22" offset="540" sl="495" sc="21" el="495" ec="66" bec="0" bev="0" fileid="55" />
                <SequencePoint vc="0" uspid="13623" ordinal="23" offset="566" sl="496" sc="21" el="496" ec="27" bec="0" bev="0" fileid="55" />
                <SequencePoint vc="0" uspid="13624" ordinal="24" offset="568" sl="498" sc="21" el="498" ec="132" bec="2" bev="0" fileid="55" />
                <SequencePoint vc="0" uspid="13625" ordinal="25" offset="631" sl="499" sc="21" el="499" ec="27" bec="0" bev="0" fileid="55" />
                <SequencePoint vc="0" uspid="13626" ordinal="26" offset="633" sl="501" sc="21" el="501" ec="107" bec="0" bev="0" fileid="55" />
                <SequencePoint vc="0" uspid="13627" ordinal="27" offset="662" sl="502" sc="21" el="502" ec="27" bec="0" bev="0" fileid="55" />
                <SequencePoint vc="0" uspid="13628" ordinal="28" offset="664" sl="505" sc="21" el="505" ec="32" bec="0" bev="0" fileid="55" />
                <SequencePoint vc="0" uspid="13629" ordinal="29" offset="667" sl="506" sc="21" el="506" ec="27" bec="0" bev="0" fileid="55" />
                <SequencePoint vc="0" uspid="13630" ordinal="30" offset="669" sl="508" sc="21" el="508" ec="33" bec="0" bev="0" fileid="55" />
                <SequencePoint vc="0" uspid="13631" ordinal="31" offset="672" sl="509" sc="21" el="509" ec="27" bec="0" bev="0" fileid="55" />
                <SequencePoint vc="0" uspid="13632" ordinal="32" offset="674" sl="511" sc="9" el="511" ec="10" bec="0" bev="0" fileid="55" />
              </SequencePoints>
              <BranchPoints>
                <BranchPoint vc="0" uspid="13633" ordinal="0" offset="32" sl="462" path="0" offsetchain="37" offsetend="39" fileid="55" />
                <BranchPoint vc="0" uspid="13634" ordinal="1" offset="32" sl="462" path="1" offsetend="664" fileid="55" />
                <BranchPoint vc="0" uspid="13635" ordinal="2" offset="45" sl="462" path="0" offsetchain="50" offsetend="52" fileid="55" />
                <BranchPoint vc="0" uspid="13636" ordinal="3" offset="45" sl="462" path="1" offsetend="664" fileid="55" />
                <BranchPoint vc="0" uspid="13637" ordinal="4" offset="58" sl="462" path="0" offsetchain="63" offsetend="669" fileid="55" />
                <BranchPoint vc="0" uspid="13638" ordinal="5" offset="58" sl="462" path="1" offsetend="343" fileid="55" />
                <BranchPoint vc="0" uspid="13639" ordinal="6" offset="82" sl="462" path="0" offsetchain="87" offsetend="89" fileid="55" />
                <BranchPoint vc="0" uspid="13640" ordinal="7" offset="82" sl="462" path="1" offsetend="505" fileid="55" />
                <BranchPoint vc="0" uspid="13641" ordinal="8" offset="95" sl="462" path="0" offsetchain="100" offsetend="669" fileid="55" />
                <BranchPoint vc="0" uspid="13642" ordinal="9" offset="95" sl="462" path="1" offsetend="364" fileid="55" />
                <BranchPoint vc="0" uspid="13643" ordinal="10" offset="111" sl="462" path="0" offsetchain="116" offsetend="118" fileid="55" />
                <BranchPoint vc="0" uspid="13644" ordinal="11" offset="111" sl="462" path="1" offsetend="274" fileid="55" />
                <BranchPoint vc="0" uspid="13645" ordinal="12" offset="124" sl="462" path="0" offsetchain="129" offsetend="669" fileid="55" />
                <BranchPoint vc="0" uspid="13646" ordinal="13" offset="124" sl="462" path="1" offsetend="295" fileid="55" />
                <BranchPoint vc="0" uspid="13647" ordinal="14" offset="156" sl="462" path="0" offsetchain="161" offsetend="163" fileid="55" />
                <BranchPoint vc="0" uspid="13648" ordinal="15" offset="156" sl="462" path="1" offsetend="319" fileid="55" />
                <BranchPoint vc="0" uspid="13649" ordinal="16" offset="169" sl="462" path="0" offsetchain="174" offsetend="669" fileid="55" />
                <BranchPoint vc="0" uspid="13650" ordinal="17" offset="169" sl="462" path="1" offsetend="450" fileid="55" />
                <BranchPoint vc="0" uspid="13651" ordinal="18" offset="185" sl="462" path="0" offsetchain="190" offsetend="192" fileid="55" />
                <BranchPoint vc="0" uspid="13652" ordinal="19" offset="185" sl="462" path="1" offsetend="474" fileid="55" />
                <BranchPoint vc="0" uspid="13653" ordinal="20" offset="198" sl="462" path="0" offsetchain="203" offsetend="669" fileid="55" />
                <BranchPoint vc="0" uspid="13654" ordinal="21" offset="198" sl="462" path="1" offsetend="419" fileid="55" />
                <BranchPoint vc="0" uspid="13655" ordinal="22" offset="222" sl="462" path="0" offsetchain="227" offsetend="229" fileid="55" />
                <BranchPoint vc="0" uspid="13656" ordinal="23" offset="222" sl="462" path="1" offsetend="388" fileid="55" />
                <BranchPoint vc="0" uspid="13657" ordinal="24" offset="235" sl="462" path="0" offsetchain="240" offsetend="669" fileid="55" />
                <BranchPoint vc="0" uspid="13658" ordinal="25" offset="235" sl="462" path="1" offsetend="540" fileid="55" />
                <BranchPoint vc="0" uspid="13659" ordinal="26" offset="251" sl="462" path="0" offsetchain="256" offsetend="258" fileid="55" />
                <BranchPoint vc="0" uspid="13660" ordinal="27" offset="251" sl="462" path="1" offsetend="568" fileid="55" />
                <BranchPoint vc="0" uspid="13661" ordinal="28" offset="264" sl="462" path="0" offsetchain="269" offsetend="669" fileid="55" />
                <BranchPoint vc="0" uspid="13662" ordinal="29" offset="264" sl="462" path="1" offsetend="633" fileid="55" />
                <BranchPoint vc="0" uspid="13663" ordinal="30" offset="601" sl="498" path="0" offsetend="603" fileid="55" />
                <BranchPoint vc="0" uspid="13664" ordinal="31" offset="601" sl="498" path="1" offsetend="629" fileid="55" />
              </BranchPoints>
              <MethodPoint xsi:type="SequencePoint" vc="0" uspid="13600" ordinal="0" offset="0" sl="461" sc="9" el="461" ec="10" bec="0" bev="0" fileid="55" />
            </Method>
            <Method visited="false" cyclomaticComplexity="7" nPathComplexity="32" sequenceCoverage="0" branchCoverage="0" crapScore="56" isConstructor="false" isStatic="true" isGetter="false" isSetter="false">
              <Summary numSequencePoints="5" visitedSequencePoints="0" numBranchPoints="11" visitedBranchPoints="0" sequenceCoverage="0" branchCoverage="0" maxCyclomaticComplexity="7" minCyclomaticComplexity="7" maxCrapScore="56" minCrapScore="56" visitedClasses="0" numClasses="0" visitedMethods="0" numMethods="1" />
              <MetadataToken>100663960</MetadataToken>
              <Name>System.Void ExMat.API.ExApi::CheckEqualForDifferingTypes(ExMat.Objects.ExObject,ExMat.Objects.ExObject,System.Boolean&amp;)</Name>
              <FileRef uid="55" />
              <SequencePoints>
                <SequencePoint vc="0" uspid="13665" ordinal="0" offset="0" sl="514" sc="9" el="514" ec="10" bec="0" bev="0" fileid="55" />
                <SequencePoint vc="0" uspid="13666" ordinal="1" offset="1" sl="515" sc="13" el="515" ec="48" bec="0" bev="0" fileid="55" />
                <SequencePoint vc="0" uspid="13667" ordinal="2" offset="8" sl="516" sc="13" el="516" ec="48" bec="0" bev="0" fileid="55" />
                <SequencePoint vc="0" uspid="13668" ordinal="3" offset="15" sl="517" sc="13" el="521" ec="79" bec="8" bev="0" fileid="55" />
                <SequencePoint vc="0" uspid="13669" ordinal="4" offset="122" sl="522" sc="9" el="522" ec="10" bec="0" bev="0" fileid="55" />
              </SequencePoints>
              <BranchPoints>
                <BranchPoint vc="0" uspid="13670" ordinal="0" offset="17" sl="517" path="0" offsetend="19" fileid="55" />
                <BranchPoint vc="0" uspid="13671" ordinal="1" offset="17" sl="517" path="1" offsetend="32" fileid="55" />
                <BranchPoint vc="0" uspid="13672" ordinal="2" offset="30" sl="517" path="0" offsetend="32" fileid="55" />
                <BranchPoint vc="0" uspid="13673" ordinal="3" offset="30" sl="517" path="1" offsetend="99" fileid="55" />
                <BranchPoint vc="0" uspid="13674" ordinal="4" offset="33" sl="517" path="0" offsetend="35" fileid="55" />
                <BranchPoint vc="0" uspid="13675" ordinal="5" offset="33" sl="517" path="1" offsetend="48" fileid="55" />
                <BranchPoint vc="0" uspid="13676" ordinal="6" offset="46" sl="517" path="0" offsetend="48" fileid="55" />
                <BranchPoint vc="0" uspid="13677" ordinal="7" offset="46" sl="517" path="1" offsetend="75" fileid="55" />
                <BranchPoint vc="0" uspid="13678" ordinal="8" offset="51" sl="517" path="0" offsetend="53" fileid="55" />
                <BranchPoint vc="0" uspid="13679" ordinal="9" offset="51" sl="517" path="1" offsetend="72" fileid="55" />
              </BranchPoints>
              <MethodPoint xsi:type="SequencePoint" vc="0" uspid="13665" ordinal="0" offset="0" sl="514" sc="9" el="514" ec="10" bec="0" bev="0" fileid="55" />
            </Method>
            <Method visited="false" cyclomaticComplexity="2" nPathComplexity="2" sequenceCoverage="0" branchCoverage="0" crapScore="6" isConstructor="false" isStatic="true" isGetter="false" isSetter="false">
              <Summary numSequencePoints="10" visitedSequencePoints="0" numBranchPoints="3" visitedBranchPoints="0" sequenceCoverage="0" branchCoverage="0" maxCyclomaticComplexity="2" minCyclomaticComplexity="2" maxCrapScore="6" minCrapScore="6" visitedClasses="0" numClasses="0" visitedMethods="0" numMethods="1" />
              <MetadataToken>100663961</MetadataToken>
              <Name>System.Boolean ExMat.API.ExApi::CheckEqual(ExMat.Objects.ExObject,ExMat.Objects.ExObject,System.Boolean&amp;)</Name>
              <FileRef uid="55" />
              <SequencePoints>
                <SequencePoint vc="0" uspid="13680" ordinal="0" offset="0" sl="532" sc="9" el="532" ec="10" bec="0" bev="0" fileid="55" />
                <SequencePoint vc="0" uspid="13681" ordinal="1" offset="1" sl="533" sc="13" el="533" ec="34" bec="2" bev="0" fileid="55" />
                <SequencePoint vc="0" uspid="13682" ordinal="2" offset="19" sl="534" sc="13" el="534" ec="14" bec="0" bev="0" fileid="55" />
                <SequencePoint vc="0" uspid="13683" ordinal="3" offset="20" sl="535" sc="17" el="535" ec="54" bec="0" bev="0" fileid="55" />
                <SequencePoint vc="0" uspid="13684" ordinal="4" offset="29" sl="536" sc="13" el="536" ec="14" bec="0" bev="0" fileid="55" />
                <SequencePoint vc="0" uspid="13685" ordinal="5" offset="32" sl="538" sc="13" el="538" ec="14" bec="0" bev="0" fileid="55" />
                <SequencePoint vc="0" uspid="13686" ordinal="6" offset="33" sl="539" sc="17" el="539" ec="60" bec="0" bev="0" fileid="55" />
                <SequencePoint vc="0" uspid="13687" ordinal="7" offset="42" sl="540" sc="13" el="540" ec="14" bec="0" bev="0" fileid="55" />
                <SequencePoint vc="0" uspid="13688" ordinal="8" offset="43" sl="541" sc="13" el="541" ec="25" bec="0" bev="0" fileid="55" />
                <SequencePoint vc="0" uspid="13689" ordinal="9" offset="47" sl="542" sc="9" el="542" ec="10" bec="0" bev="0" fileid="55" />
              </SequencePoints>
              <BranchPoints>
                <BranchPoint vc="0" uspid="13690" ordinal="0" offset="17" sl="533" path="0" offsetend="19" fileid="55" />
                <BranchPoint vc="0" uspid="13691" ordinal="1" offset="17" sl="533" path="1" offsetend="32" fileid="55" />
              </BranchPoints>
              <MethodPoint xsi:type="SequencePoint" vc="0" uspid="13680" ordinal="0" offset="0" sl="532" sc="9" el="532" ec="10" bec="0" bev="0" fileid="55" />
            </Method>
            <Method visited="false" cyclomaticComplexity="2" nPathComplexity="2" sequenceCoverage="0" branchCoverage="0" crapScore="6" isConstructor="false" isStatic="true" isGetter="false" isSetter="false">
              <Summary numSequencePoints="11" visitedSequencePoints="0" numBranchPoints="3" visitedBranchPoints="0" sequenceCoverage="0" branchCoverage="0" maxCyclomaticComplexity="2" minCyclomaticComplexity="2" maxCrapScore="6" minCrapScore="6" visitedClasses="0" numClasses="0" visitedMethods="0" numMethods="1" />
              <MetadataToken>100663962</MetadataToken>
              <Name>System.Boolean ExMat.API.ExApi::CheckEqualReturnRes(ExMat.Objects.ExObject,ExMat.Objects.ExObject)</Name>
              <FileRef uid="55" />
              <SequencePoints>
                <SequencePoint vc="0" uspid="13692" ordinal="0" offset="0" sl="551" sc="9" el="551" ec="10" bec="0" bev="0" fileid="55" />
                <SequencePoint vc="0" uspid="13693" ordinal="1" offset="1" sl="552" sc="13" el="552" ec="30" bec="0" bev="0" fileid="55" />
                <SequencePoint vc="0" uspid="13694" ordinal="2" offset="3" sl="553" sc="13" el="553" ec="34" bec="2" bev="0" fileid="55" />
                <SequencePoint vc="0" uspid="13695" ordinal="3" offset="21" sl="554" sc="13" el="554" ec="14" bec="0" bev="0" fileid="55" />
                <SequencePoint vc="0" uspid="13696" ordinal="4" offset="22" sl="555" sc="17" el="555" ec="54" bec="0" bev="0" fileid="55" />
                <SequencePoint vc="0" uspid="13697" ordinal="5" offset="32" sl="556" sc="13" el="556" ec="14" bec="0" bev="0" fileid="55" />
                <SequencePoint vc="0" uspid="13698" ordinal="6" offset="35" sl="558" sc="13" el="558" ec="14" bec="0" bev="0" fileid="55" />
                <SequencePoint vc="0" uspid="13699" ordinal="7" offset="36" sl="559" sc="17" el="559" ec="60" bec="0" bev="0" fileid="55" />
                <SequencePoint vc="0" uspid="13700" ordinal="8" offset="46" sl="560" sc="13" el="560" ec="14" bec="0" bev="0" fileid="55" />
                <SequencePoint vc="0" uspid="13701" ordinal="9" offset="47" sl="561" sc="13" el="561" ec="24" bec="0" bev="0" fileid="55" />
                <SequencePoint vc="0" uspid="13702" ordinal="10" offset="51" sl="562" sc="9" el="562" ec="10" bec="0" bev="0" fileid="55" />
              </SequencePoints>
              <BranchPoints>
                <BranchPoint vc="0" uspid="13703" ordinal="0" offset="19" sl="553" path="0" offsetend="21" fileid="55" />
                <BranchPoint vc="0" uspid="13704" ordinal="1" offset="19" sl="553" path="1" offsetend="35" fileid="55" />
              </BranchPoints>
              <MethodPoint xsi:type="SequencePoint" vc="0" uspid="13692" ordinal="0" offset="0" sl="551" sc="9" el="551" ec="10" bec="0" bev="0" fileid="55" />
            </Method>
            <Method visited="false" cyclomaticComplexity="3" nPathComplexity="2" sequenceCoverage="0" branchCoverage="0" crapScore="12" isConstructor="false" isStatic="true" isGetter="false" isSetter="false">
              <Summary numSequencePoints="14" visitedSequencePoints="0" numBranchPoints="3" visitedBranchPoints="0" sequenceCoverage="0" branchCoverage="0" maxCyclomaticComplexity="3" minCyclomaticComplexity="3" maxCrapScore="12" minCrapScore="12" visitedClasses="0" numClasses="0" visitedMethods="0" numMethods="1" />
              <MetadataToken>100663963</MetadataToken>
              <Name>System.Boolean ExMat.API.ExApi::FindInArray(System.Collections.Generic.List`1&lt;ExMat.Objects.ExObject&gt;,ExMat.Objects.ExObject)</Name>
              <FileRef uid="55" />
              <SequencePoints>
                <SequencePoint vc="0" uspid="13705" ordinal="0" offset="0" sl="571" sc="9" el="571" ec="10" bec="0" bev="0" fileid="55" />
                <SequencePoint vc="0" uspid="13706" ordinal="1" offset="1" sl="572" sc="13" el="572" ec="32" bec="0" bev="0" fileid="55" />
                <SequencePoint vc="0" uspid="13707" ordinal="2" offset="3" sl="573" sc="13" el="573" ec="20" bec="0" bev="0" fileid="55" />
                <SequencePoint vc="0" uspid="13708" ordinal="3" offset="4" sl="573" sc="36" el="573" ec="39" bec="0" bev="0" fileid="55" />
                <SequencePoint vc="0" uspid="13709" ordinal="4" offset="13" sl="573" sc="22" el="573" ec="32" bec="0" bev="0" fileid="55" />
                <SequencePoint vc="0" uspid="13710" ordinal="5" offset="21" sl="574" sc="13" el="574" ec="14" bec="0" bev="0" fileid="55" />
                <SequencePoint vc="0" uspid="13711" ordinal="6" offset="22" sl="575" sc="17" el="575" ec="47" bec="0" bev="0" fileid="55" />
                <SequencePoint vc="0" uspid="13712" ordinal="7" offset="32" sl="576" sc="17" el="576" ec="27" bec="2" bev="0" fileid="55" />
                <SequencePoint vc="0" uspid="13713" ordinal="8" offset="37" sl="577" sc="17" el="577" ec="18" bec="0" bev="0" fileid="55" />
                <SequencePoint vc="0" uspid="13714" ordinal="9" offset="38" sl="578" sc="21" el="578" ec="33" bec="0" bev="0" fileid="55" />
                <SequencePoint vc="0" uspid="13715" ordinal="10" offset="43" sl="580" sc="13" el="580" ec="14" bec="0" bev="0" fileid="55" />
                <SequencePoint vc="0" uspid="13716" ordinal="11" offset="44" sl="573" sc="33" el="573" ec="35" bec="0" bev="0" fileid="55" />
                <SequencePoint vc="0" uspid="13717" ordinal="12" offset="70" sl="581" sc="13" el="581" ec="26" bec="0" bev="0" fileid="55" />
                <SequencePoint vc="0" uspid="13718" ordinal="13" offset="75" sl="582" sc="9" el="582" ec="10" bec="0" bev="0" fileid="55" />
              </SequencePoints>
              <BranchPoints>
                <BranchPoint vc="0" uspid="13719" ordinal="0" offset="35" sl="576" path="0" offsetend="37" fileid="55" />
                <BranchPoint vc="0" uspid="13720" ordinal="1" offset="35" sl="576" path="1" offsetend="43" fileid="55" />
              </BranchPoints>
              <MethodPoint xsi:type="SequencePoint" vc="0" uspid="13705" ordinal="0" offset="0" sl="571" sc="9" el="571" ec="10" bec="0" bev="0" fileid="55" />
            </Method>
            <Method visited="false" cyclomaticComplexity="44" nPathComplexity="262144" sequenceCoverage="0" branchCoverage="0" crapScore="1980" isConstructor="false" isStatic="true" isGetter="false" isSetter="false">
              <Summary numSequencePoints="37" visitedSequencePoints="0" numBranchPoints="37" visitedBranchPoints="0" sequenceCoverage="0" branchCoverage="0" maxCyclomaticComplexity="44" minCyclomaticComplexity="44" maxCrapScore="1980" minCrapScore="1980" visitedClasses="0" numClasses="0" visitedMethods="0" numMethods="1" />
              <MetadataToken>100663964</MetadataToken>
              <Name>System.ConsoleColor ExMat.API.ExApi::GetColorFromName(System.String,System.ConsoleColor)</Name>
              <FileRef uid="55" />
              <SequencePoints>
                <SequencePoint vc="0" uspid="13721" ordinal="0" offset="0" sl="591" sc="9" el="591" ec="10" bec="0" bev="0" fileid="55" />
                <SequencePoint vc="0" uspid="13722" ordinal="1" offset="1" sl="592" sc="13" el="592" ec="69" bec="17" bev="0" fileid="55" />
                <SequencePoint vc="0" uspid="13723" ordinal="2" offset="689" sl="595" sc="21" el="595" ec="22" bec="0" bev="0" fileid="55" />
                <SequencePoint vc="0" uspid="13724" ordinal="3" offset="690" sl="596" sc="25" el="596" ec="51" bec="0" bev="0" fileid="55" />
                <SequencePoint vc="0" uspid="13725" ordinal="4" offset="694" sl="599" sc="21" el="599" ec="22" bec="0" bev="0" fileid="55" />
                <SequencePoint vc="0" uspid="13726" ordinal="5" offset="695" sl="600" sc="25" el="600" ec="51" bec="0" bev="0" fileid="55" />
                <SequencePoint vc="0" uspid="13727" ordinal="6" offset="700" sl="603" sc="21" el="603" ec="22" bec="0" bev="0" fileid="55" />
                <SequencePoint vc="0" uspid="13728" ordinal="7" offset="701" sl="604" sc="25" el="604" ec="53" bec="0" bev="0" fileid="55" />
                <SequencePoint vc="0" uspid="13729" ordinal="8" offset="705" sl="607" sc="21" el="607" ec="22" bec="0" bev="0" fileid="55" />
                <SequencePoint vc="0" uspid="13730" ordinal="9" offset="706" sl="608" sc="25" el="608" ec="49" bec="0" bev="0" fileid="55" />
                <SequencePoint vc="0" uspid="13731" ordinal="10" offset="711" sl="611" sc="21" el="611" ec="22" bec="0" bev="0" fileid="55" />
                <SequencePoint vc="0" uspid="13732" ordinal="11" offset="712" sl="612" sc="25" el="612" ec="55" bec="0" bev="0" fileid="55" />
                <SequencePoint vc="0" uspid="13733" ordinal="12" offset="716" sl="615" sc="21" el="615" ec="22" bec="0" bev="0" fileid="55" />
                <SequencePoint vc="0" uspid="13734" ordinal="13" offset="717" sl="616" sc="25" el="616" ec="51" bec="0" bev="0" fileid="55" />
                <SequencePoint vc="0" uspid="13735" ordinal="14" offset="722" sl="619" sc="21" el="619" ec="22" bec="0" bev="0" fileid="55" />
                <SequencePoint vc="0" uspid="13736" ordinal="15" offset="723" sl="620" sc="25" el="620" ec="56" bec="0" bev="0" fileid="55" />
                <SequencePoint vc="0" uspid="13737" ordinal="16" offset="727" sl="623" sc="21" el="623" ec="22" bec="0" bev="0" fileid="55" />
                <SequencePoint vc="0" uspid="13738" ordinal="17" offset="728" sl="624" sc="25" el="624" ec="52" bec="0" bev="0" fileid="55" />
                <SequencePoint vc="0" uspid="13739" ordinal="18" offset="733" sl="628" sc="21" el="628" ec="22" bec="0" bev="0" fileid="55" />
                <SequencePoint vc="0" uspid="13740" ordinal="19" offset="734" sl="629" sc="25" el="629" ec="54" bec="0" bev="0" fileid="55" />
                <SequencePoint vc="0" uspid="13741" ordinal="20" offset="738" sl="633" sc="21" el="633" ec="22" bec="0" bev="0" fileid="55" />
                <SequencePoint vc="0" uspid="13742" ordinal="21" offset="739" sl="634" sc="25" el="634" ec="50" bec="0" bev="0" fileid="55" />
                <SequencePoint vc="0" uspid="13743" ordinal="22" offset="743" sl="637" sc="21" el="637" ec="22" bec="0" bev="0" fileid="55" />
                <SequencePoint vc="0" uspid="13744" ordinal="23" offset="744" sl="638" sc="25" el="638" ec="54" bec="0" bev="0" fileid="55" />
                <SequencePoint vc="0" uspid="13745" ordinal="24" offset="748" sl="641" sc="21" el="641" ec="22" bec="0" bev="0" fileid="55" />
                <SequencePoint vc="0" uspid="13746" ordinal="25" offset="749" sl="642" sc="25" el="642" ec="50" bec="0" bev="0" fileid="55" />
                <SequencePoint vc="0" uspid="13747" ordinal="26" offset="754" sl="645" sc="21" el="645" ec="22" bec="0" bev="0" fileid="55" />
                <SequencePoint vc="0" uspid="13748" ordinal="27" offset="755" sl="646" sc="25" el="646" ec="54" bec="0" bev="0" fileid="55" />
                <SequencePoint vc="0" uspid="13749" ordinal="28" offset="759" sl="649" sc="21" el="649" ec="22" bec="0" bev="0" fileid="55" />
                <SequencePoint vc="0" uspid="13750" ordinal="29" offset="760" sl="650" sc="25" el="650" ec="50" bec="0" bev="0" fileid="55" />
                <SequencePoint vc="0" uspid="13751" ordinal="30" offset="765" sl="653" sc="21" el="653" ec="22" bec="0" bev="0" fileid="55" />
                <SequencePoint vc="0" uspid="13752" ordinal="31" offset="766" sl="654" sc="25" el="654" ec="57" bec="0" bev="0" fileid="55" />
                <SequencePoint vc="0" uspid="13753" ordinal="32" offset="770" sl="657" sc="21" el="657" ec="22" bec="0" bev="0" fileid="55" />
                <SequencePoint vc="0" uspid="13754" ordinal="33" offset="771" sl="658" sc="25" el="658" ec="53" bec="0" bev="0" fileid="55" />
                <SequencePoint vc="0" uspid="13755" ordinal="34" offset="776" sl="661" sc="21" el="661" ec="22" bec="0" bev="0" fileid="55" />
                <SequencePoint vc="0" uspid="13756" ordinal="35" offset="777" sl="662" sc="25" el="662" ec="36" bec="0" bev="0" fileid="55" />
                <SequencePoint vc="0" uspid="13757" ordinal="36" offset="781" sl="665" sc="9" el="665" ec="10" bec="0" bev="0" fileid="55" />
              </SequencePoints>
              <BranchPoints>
                <BranchPoint vc="0" uspid="13758" ordinal="0" offset="346" sl="592" path="0" offsetchain="351" offsetend="776" fileid="55" />
                <BranchPoint vc="0" uspid="13759" ordinal="1" offset="346" sl="592" path="1" offsetend="689" fileid="55" />
                <BranchPoint vc="0" uspid="13760" ordinal="2" offset="367" sl="592" path="0" offsetchain="372" offsetend="776" fileid="55" />
                <BranchPoint vc="0" uspid="13761" ordinal="3" offset="367" sl="592" path="1" offsetend="694" fileid="55" />
                <BranchPoint vc="0" uspid="13762" ordinal="4" offset="388" sl="592" path="0" offsetchain="393" offsetend="776" fileid="55" />
                <BranchPoint vc="0" uspid="13763" ordinal="5" offset="388" sl="592" path="1" offsetend="700" fileid="55" />
                <BranchPoint vc="0" uspid="13764" ordinal="6" offset="409" sl="592" path="0" offsetchain="414" offsetend="776" fileid="55" />
                <BranchPoint vc="0" uspid="13765" ordinal="7" offset="409" sl="592" path="1" offsetend="705" fileid="55" />
                <BranchPoint vc="0" uspid="13766" ordinal="8" offset="430" sl="592" path="0" offsetchain="435" offsetend="776" fileid="55" />
                <BranchPoint vc="0" uspid="13767" ordinal="9" offset="430" sl="592" path="1" offsetend="711" fileid="55" />
                <BranchPoint vc="0" uspid="13768" ordinal="10" offset="451" sl="592" path="0" offsetchain="456" offsetend="776" fileid="55" />
                <BranchPoint vc="0" uspid="13769" ordinal="11" offset="451" sl="592" path="1" offsetend="716" fileid="55" />
                <BranchPoint vc="0" uspid="13770" ordinal="12" offset="472" sl="592" path="0" offsetchain="477" offsetend="776" fileid="55" />
                <BranchPoint vc="0" uspid="13771" ordinal="13" offset="472" sl="592" path="1" offsetend="722" fileid="55" />
                <BranchPoint vc="0" uspid="13772" ordinal="14" offset="493" sl="592" path="0" offsetchain="498" offsetend="776" fileid="55" />
                <BranchPoint vc="0" uspid="13773" ordinal="15" offset="493" sl="592" path="1" offsetend="727" fileid="55" />
                <BranchPoint vc="0" uspid="13774" ordinal="16" offset="514" sl="592" path="0" offsetchain="519" offsetend="776" fileid="55" />
                <BranchPoint vc="0" uspid="13775" ordinal="17" offset="514" sl="592" path="1" offsetend="733" fileid="55" />
                <BranchPoint vc="0" uspid="13776" ordinal="18" offset="535" sl="592" path="0" offsetchain="540" offsetend="776" fileid="55" />
                <BranchPoint vc="0" uspid="13777" ordinal="19" offset="535" sl="592" path="1" offsetend="733" fileid="55" />
                <BranchPoint vc="0" uspid="13778" ordinal="20" offset="556" sl="592" path="0" offsetchain="561" offsetend="776" fileid="55" />
                <BranchPoint vc="0" uspid="13779" ordinal="21" offset="556" sl="592" path="1" offsetend="738" fileid="55" />
                <BranchPoint vc="0" uspid="13780" ordinal="22" offset="577" sl="592" path="0" offsetchain="582" offsetend="776" fileid="55" />
                <BranchPoint vc="0" uspid="13781" ordinal="23" offset="577" sl="592" path="1" offsetend="738" fileid="55" />
                <BranchPoint vc="0" uspid="13782" ordinal="24" offset="598" sl="592" path="0" offsetchain="603" offsetend="776" fileid="55" />
                <BranchPoint vc="0" uspid="13783" ordinal="25" offset="598" sl="592" path="1" offsetend="743" fileid="55" />
                <BranchPoint vc="0" uspid="13784" ordinal="26" offset="619" sl="592" path="0" offsetchain="621" offsetend="776" fileid="55" />
                <BranchPoint vc="0" uspid="13785" ordinal="27" offset="619" sl="592" path="1" offsetend="748" fileid="55" />
                <BranchPoint vc="0" uspid="13786" ordinal="28" offset="637" sl="592" path="0" offsetchain="639" offsetend="776" fileid="55" />
                <BranchPoint vc="0" uspid="13787" ordinal="29" offset="637" sl="592" path="1" offsetend="754" fileid="55" />
                <BranchPoint vc="0" uspid="13788" ordinal="30" offset="655" sl="592" path="0" offsetchain="657" offsetend="776" fileid="55" />
                <BranchPoint vc="0" uspid="13789" ordinal="31" offset="655" sl="592" path="1" offsetend="759" fileid="55" />
                <BranchPoint vc="0" uspid="13790" ordinal="32" offset="670" sl="592" path="0" offsetchain="672" offsetend="776" fileid="55" />
                <BranchPoint vc="0" uspid="13791" ordinal="33" offset="670" sl="592" path="1" offsetend="765" fileid="55" />
                <BranchPoint vc="0" uspid="13792" ordinal="34" offset="685" sl="592" path="0" offsetchain="687" offsetend="776" fileid="55" />
                <BranchPoint vc="0" uspid="13793" ordinal="35" offset="685" sl="592" path="1" offsetend="770" fileid="55" />
              </BranchPoints>
              <MethodPoint xsi:type="SequencePoint" vc="0" uspid="13721" ordinal="0" offset="0" sl="591" sc="9" el="591" ec="10" bec="0" bev="0" fileid="55" />
            </Method>
            <Method visited="false" cyclomaticComplexity="23" nPathComplexity="1024" sequenceCoverage="0" branchCoverage="0" crapScore="552" isConstructor="false" isStatic="true" isGetter="false" isSetter="false">
              <Summary numSequencePoints="31" visitedSequencePoints="0" numBranchPoints="21" visitedBranchPoints="0" sequenceCoverage="0" branchCoverage="0" maxCyclomaticComplexity="23" minCyclomaticComplexity="23" maxCrapScore="552" minCrapScore="552" visitedClasses="0" numClasses="0" visitedMethods="0" numMethods="1" />
              <MetadataToken>100663965</MetadataToken>
              <Name>System.Text.Encoding ExMat.API.ExApi::DecideEncodingFromString(System.String)</Name>
              <FileRef uid="55" />
              <SequencePoints>
                <SequencePoint vc="0" uspid="13794" ordinal="0" offset="0" sl="673" sc="9" el="673" ec="10" bec="0" bev="0" fileid="55" />
                <SequencePoint vc="0" uspid="13795" ordinal="1" offset="1" sl="675" sc="13" el="675" ec="43" bec="2" bev="0" fileid="55" />
                <SequencePoint vc="0" uspid="13796" ordinal="2" offset="11" sl="676" sc="13" el="676" ec="14" bec="0" bev="0" fileid="55" />
                <SequencePoint vc="0" uspid="13797" ordinal="3" offset="12" sl="677" sc="17" el="677" ec="38" bec="0" bev="0" fileid="55" />
                <SequencePoint vc="0" uspid="13798" ordinal="4" offset="18" sl="678" sc="13" el="678" ec="14" bec="0" bev="0" fileid="55" />
                <SequencePoint vc="0" uspid="13799" ordinal="5" offset="24" sl="680" sc="13" el="680" ec="14" bec="0" bev="0" fileid="55" />
                <SequencePoint vc="0" uspid="13800" ordinal="6" offset="25" sl="681" sc="17" el="681" ec="65" bec="7" bev="0" fileid="55" />
                <SequencePoint vc="0" uspid="13801" ordinal="7" offset="347" sl="685" sc="25" el="685" ec="26" bec="0" bev="0" fileid="55" />
                <SequencePoint vc="0" uspid="13802" ordinal="8" offset="348" sl="686" sc="29" el="686" ec="47" bec="0" bev="0" fileid="55" />
                <SequencePoint vc="0" uspid="13803" ordinal="9" offset="354" sl="687" sc="29" el="687" ec="35" bec="0" bev="0" fileid="55" />
                <SequencePoint vc="0" uspid="13804" ordinal="10" offset="356" sl="691" sc="25" el="691" ec="26" bec="0" bev="0" fileid="55" />
                <SequencePoint vc="0" uspid="13805" ordinal="11" offset="357" sl="692" sc="29" el="692" ec="48" bec="0" bev="0" fileid="55" />
                <SequencePoint vc="0" uspid="13806" ordinal="12" offset="363" sl="693" sc="29" el="693" ec="35" bec="0" bev="0" fileid="55" />
                <SequencePoint vc="0" uspid="13807" ordinal="13" offset="365" sl="697" sc="25" el="697" ec="26" bec="0" bev="0" fileid="55" />
                <SequencePoint vc="0" uspid="13808" ordinal="14" offset="366" sl="698" sc="29" el="698" ec="49" bec="0" bev="0" fileid="55" />
                <SequencePoint vc="0" uspid="13809" ordinal="15" offset="372" sl="699" sc="29" el="699" ec="35" bec="0" bev="0" fileid="55" />
                <SequencePoint vc="0" uspid="13810" ordinal="16" offset="374" sl="702" sc="25" el="702" ec="26" bec="0" bev="0" fileid="55" />
                <SequencePoint vc="0" uspid="13811" ordinal="17" offset="375" sl="703" sc="29" el="703" ec="59" bec="0" bev="0" fileid="55" />
                <SequencePoint vc="0" uspid="13812" ordinal="18" offset="381" sl="704" sc="29" el="704" ec="35" bec="0" bev="0" fileid="55" />
                <SequencePoint vc="0" uspid="13813" ordinal="19" offset="383" sl="707" sc="25" el="707" ec="26" bec="0" bev="0" fileid="55" />
                <SequencePoint vc="0" uspid="13814" ordinal="20" offset="384" sl="708" sc="29" el="708" ec="50" bec="0" bev="0" fileid="55" />
                <SequencePoint vc="0" uspid="13815" ordinal="21" offset="390" sl="709" sc="29" el="709" ec="35" bec="0" bev="0" fileid="55" />
                <SequencePoint vc="0" uspid="13816" ordinal="22" offset="392" sl="712" sc="25" el="712" ec="26" bec="0" bev="0" fileid="55" />
                <SequencePoint vc="0" uspid="13817" ordinal="23" offset="393" sl="713" sc="29" el="713" ec="48" bec="0" bev="0" fileid="55" />
                <SequencePoint vc="0" uspid="13818" ordinal="24" offset="399" sl="714" sc="29" el="714" ec="35" bec="0" bev="0" fileid="55" />
                <SequencePoint vc="0" uspid="13819" ordinal="25" offset="401" sl="717" sc="25" el="717" ec="26" bec="0" bev="0" fileid="55" />
                <SequencePoint vc="0" uspid="13820" ordinal="26" offset="402" sl="718" sc="29" el="718" ec="50" bec="0" bev="0" fileid="55" />
                <SequencePoint vc="0" uspid="13821" ordinal="27" offset="408" sl="719" sc="29" el="719" ec="35" bec="0" bev="0" fileid="55" />
                <SequencePoint vc="0" uspid="13822" ordinal="28" offset="410" sl="722" sc="13" el="722" ec="14" bec="0" bev="0" fileid="55" />
                <SequencePoint vc="0" uspid="13823" ordinal="29" offset="411" sl="724" sc="13" el="724" ec="22" bec="0" bev="0" fileid="55" />
                <SequencePoint vc="0" uspid="13824" ordinal="30" offset="416" sl="725" sc="9" el="725" ec="10" bec="0" bev="0" fileid="55" />
              </SequencePoints>
              <BranchPoints>
                <BranchPoint vc="0" uspid="13825" ordinal="0" offset="9" sl="675" path="0" offsetend="11" fileid="55" />
                <BranchPoint vc="0" uspid="13826" ordinal="1" offset="9" sl="675" path="1" offsetend="24" fileid="55" />
                <BranchPoint vc="0" uspid="13827" ordinal="2" offset="208" sl="681" path="0" offsetchain="213" offsetend="401" fileid="55" />
                <BranchPoint vc="0" uspid="13828" ordinal="3" offset="208" sl="681" path="1" offsetend="347" fileid="55" />
                <BranchPoint vc="0" uspid="13829" ordinal="4" offset="229" sl="681" path="0" offsetchain="231" offsetend="401" fileid="55" />
                <BranchPoint vc="0" uspid="13830" ordinal="5" offset="229" sl="681" path="1" offsetend="347" fileid="55" />
                <BranchPoint vc="0" uspid="13831" ordinal="6" offset="247" sl="681" path="0" offsetchain="249" offsetend="401" fileid="55" />
                <BranchPoint vc="0" uspid="13832" ordinal="7" offset="247" sl="681" path="1" offsetend="356" fileid="55" />
                <BranchPoint vc="0" uspid="13833" ordinal="8" offset="265" sl="681" path="0" offsetchain="267" offsetend="401" fileid="55" />
                <BranchPoint vc="0" uspid="13834" ordinal="9" offset="265" sl="681" path="1" offsetend="356" fileid="55" />
                <BranchPoint vc="0" uspid="13835" ordinal="10" offset="283" sl="681" path="0" offsetchain="285" offsetend="401" fileid="55" />
                <BranchPoint vc="0" uspid="13836" ordinal="11" offset="283" sl="681" path="1" offsetend="365" fileid="55" />
                <BranchPoint vc="0" uspid="13837" ordinal="12" offset="298" sl="681" path="0" offsetchain="300" offsetend="401" fileid="55" />
                <BranchPoint vc="0" uspid="13838" ordinal="13" offset="298" sl="681" path="1" offsetend="365" fileid="55" />
                <BranchPoint vc="0" uspid="13839" ordinal="14" offset="313" sl="681" path="0" offsetchain="315" offsetend="401" fileid="55" />
                <BranchPoint vc="0" uspid="13840" ordinal="15" offset="313" sl="681" path="1" offsetend="374" fileid="55" />
                <BranchPoint vc="0" uspid="13841" ordinal="16" offset="328" sl="681" path="0" offsetchain="330" offsetend="401" fileid="55" />
                <BranchPoint vc="0" uspid="13842" ordinal="17" offset="328" sl="681" path="1" offsetend="383" fileid="55" />
                <BranchPoint vc="0" uspid="13843" ordinal="18" offset="343" sl="681" path="0" offsetchain="345" offsetend="401" fileid="55" />
                <BranchPoint vc="0" uspid="13844" ordinal="19" offset="343" sl="681" path="1" offsetend="392" fileid="55" />
              </BranchPoints>
              <MethodPoint xsi:type="SequencePoint" vc="0" uspid="13794" ordinal="0" offset="0" sl="673" sc="9" el="673" ec="10" bec="0" bev="0" fileid="55" />
            </Method>
            <Method visited="false" cyclomaticComplexity="4" nPathComplexity="2" sequenceCoverage="0" branchCoverage="0" crapScore="20" isConstructor="false" isStatic="true" isGetter="false" isSetter="false">
              <Summary numSequencePoints="7" visitedSequencePoints="0" numBranchPoints="3" visitedBranchPoints="0" sequenceCoverage="0" branchCoverage="0" maxCyclomaticComplexity="4" minCyclomaticComplexity="4" maxCrapScore="20" minCrapScore="20" visitedClasses="0" numClasses="0" visitedMethods="0" numMethods="1" />
              <MetadataToken>100663966</MetadataToken>
              <Name>System.Int32[] ExMat.API.ExApi::GetBits(System.Int64,System.Int32)</Name>
              <FileRef uid="55" />
              <SequencePoints>
                <SequencePoint vc="0" uspid="13845" ordinal="0" offset="0" sl="734" sc="9" el="734" ec="10" bec="0" bev="0" fileid="55" />
                <SequencePoint vc="0" uspid="13846" ordinal="1" offset="1" sl="735" sc="13" el="735" ec="28" bec="2" bev="0" fileid="55" />
                <SequencePoint vc="0" uspid="13847" ordinal="2" offset="10" sl="736" sc="13" el="736" ec="14" bec="0" bev="0" fileid="55" />
                <SequencePoint vc="0" uspid="13848" ordinal="3" offset="11" sl="737" sc="17" el="737" ec="56" bec="0" bev="0" fileid="55" />
                <SequencePoint vc="0" uspid="13849" ordinal="4" offset="20" sl="738" sc="17" el="738" ec="146" bec="0" bev="0" fileid="55" />
                <SequencePoint vc="0" uspid="13850" ordinal="5" offset="73" sl="740" sc="13" el="740" ec="163" bec="0" bev="0" fileid="55" />
                <SequencePoint vc="0" uspid="13851" ordinal="6" offset="132" sl="741" sc="9" el="741" ec="10" bec="0" bev="0" fileid="55" />
              </SequencePoints>
              <BranchPoints>
                <BranchPoint vc="0" uspid="13852" ordinal="0" offset="8" sl="735" path="0" offsetend="10" fileid="55" />
                <BranchPoint vc="0" uspid="13853" ordinal="1" offset="8" sl="735" path="1" offsetend="73" fileid="55" />
              </BranchPoints>
              <MethodPoint xsi:type="SequencePoint" vc="0" uspid="13845" ordinal="0" offset="0" sl="734" sc="9" el="734" ec="10" bec="0" bev="0" fileid="55" />
            </Method>
            <Method visited="false" cyclomaticComplexity="2" nPathComplexity="0" sequenceCoverage="0" branchCoverage="0" crapScore="6" isConstructor="false" isStatic="true" isGetter="false" isSetter="false">
              <Summary numSequencePoints="10" visitedSequencePoints="0" numBranchPoints="1" visitedBranchPoints="0" sequenceCoverage="0" branchCoverage="0" maxCyclomaticComplexity="2" minCyclomaticComplexity="2" maxCrapScore="6" minCrapScore="6" visitedClasses="0" numClasses="0" visitedMethods="0" numMethods="1" />
              <MetadataToken>100663967</MetadataToken>
              <Name>ExMat.Objects.ExObject[] ExMat.API.ExApi::GetNObjects(ExMat.VM.ExVM,System.Int32,System.Int32)</Name>
              <FileRef uid="55" />
              <SequencePoints>
                <SequencePoint vc="0" uspid="13854" ordinal="0" offset="0" sl="752" sc="9" el="752" ec="10" bec="0" bev="0" fileid="55" />
                <SequencePoint vc="0" uspid="13855" ordinal="1" offset="1" sl="753" sc="13" el="753" ec="46" bec="0" bev="0" fileid="55" />
                <SequencePoint vc="0" uspid="13856" ordinal="2" offset="8" sl="754" sc="13" el="754" ec="23" bec="0" bev="0" fileid="55" />
                <SequencePoint vc="0" uspid="13857" ordinal="3" offset="12" sl="756" sc="13" el="756" ec="14" bec="0" bev="0" fileid="55" />
                <SequencePoint vc="0" uspid="13858" ordinal="4" offset="13" sl="757" sc="17" el="757" ec="54" bec="0" bev="0" fileid="55" />
                <SequencePoint vc="0" uspid="13859" ordinal="5" offset="25" sl="758" sc="17" el="758" ec="21" bec="0" bev="0" fileid="55" />
                <SequencePoint vc="0" uspid="13860" ordinal="6" offset="29" sl="759" sc="13" el="759" ec="14" bec="0" bev="0" fileid="55" />
                <SequencePoint vc="0" uspid="13861" ordinal="7" offset="30" sl="755" sc="13" el="755" ec="26" bec="0" bev="0" fileid="55" />
                <SequencePoint vc="0" uspid="13862" ordinal="8" offset="38" sl="760" sc="13" el="760" ec="24" bec="0" bev="0" fileid="55" />
                <SequencePoint vc="0" uspid="13863" ordinal="9" offset="42" sl="761" sc="9" el="761" ec="10" bec="0" bev="0" fileid="55" />
              </SequencePoints>
              <BranchPoints />
              <MethodPoint xsi:type="SequencePoint" vc="0" uspid="13854" ordinal="0" offset="0" sl="752" sc="9" el="752" ec="10" bec="0" bev="0" fileid="55" />
            </Method>
            <Method visited="false" cyclomaticComplexity="2" nPathComplexity="2" sequenceCoverage="0" branchCoverage="0" crapScore="6" isConstructor="false" isStatic="true" isGetter="false" isSetter="false">
              <Summary numSequencePoints="8" visitedSequencePoints="0" numBranchPoints="3" visitedBranchPoints="0" sequenceCoverage="0" branchCoverage="0" maxCyclomaticComplexity="2" minCyclomaticComplexity="2" maxCrapScore="6" minCrapScore="6" visitedClasses="0" numClasses="0" visitedMethods="0" numMethods="1" />
              <MetadataToken>100663968</MetadataToken>
              <Name>System.Boolean ExMat.API.ExApi::GetString(ExMat.VM.ExVM,System.Int32,System.String&amp;)</Name>
              <FileRef uid="55" />
              <SequencePoints>
                <SequencePoint vc="0" uspid="13864" ordinal="0" offset="0" sl="772" sc="9" el="772" ec="10" bec="0" bev="0" fileid="55" />
                <SequencePoint vc="0" uspid="13865" ordinal="1" offset="1" sl="773" sc="13" el="773" ec="32" bec="0" bev="0" fileid="55" />
                <SequencePoint vc="0" uspid="13866" ordinal="2" offset="7" sl="774" sc="13" el="774" ec="66" bec="2" bev="0" fileid="55" />
                <SequencePoint vc="0" uspid="13867" ordinal="3" offset="28" sl="775" sc="13" el="775" ec="14" bec="0" bev="0" fileid="55" />
                <SequencePoint vc="0" uspid="13868" ordinal="4" offset="29" sl="776" sc="17" el="776" ec="30" bec="0" bev="0" fileid="55" />
                <SequencePoint vc="0" uspid="13869" ordinal="5" offset="33" sl="778" sc="13" el="778" ec="31" bec="0" bev="0" fileid="55" />
                <SequencePoint vc="0" uspid="13870" ordinal="6" offset="41" sl="779" sc="13" el="779" ec="25" bec="0" bev="0" fileid="55" />
                <SequencePoint vc="0" uspid="13871" ordinal="7" offset="45" sl="780" sc="9" el="780" ec="10" bec="0" bev="0" fileid="55" />
              </SequencePoints>
              <BranchPoints>
                <BranchPoint vc="0" uspid="13872" ordinal="0" offset="26" sl="774" path="0" offsetend="28" fileid="55" />
                <BranchPoint vc="0" uspid="13873" ordinal="1" offset="26" sl="774" path="1" offsetend="33" fileid="55" />
              </BranchPoints>
              <MethodPoint xsi:type="SequencePoint" vc="0" uspid="13864" ordinal="0" offset="0" sl="772" sc="9" el="772" ec="10" bec="0" bev="0" fileid="55" />
            </Method>
            <Method visited="false" cyclomaticComplexity="4" nPathComplexity="4" sequenceCoverage="0" branchCoverage="0" crapScore="20" isConstructor="false" isStatic="true" isGetter="false" isSetter="false">
              <Summary numSequencePoints="12" visitedSequencePoints="0" numBranchPoints="5" visitedBranchPoints="0" sequenceCoverage="0" branchCoverage="0" maxCyclomaticComplexity="4" minCyclomaticComplexity="4" maxCrapScore="20" minCrapScore="20" visitedClasses="0" numClasses="0" visitedMethods="0" numMethods="1" />
              <MetadataToken>100663969</MetadataToken>
              <Name>ExMat.Objects.ExNativeFunc ExMat.API.ExApi::FindNativeFunction(ExMat.VM.ExVM,System.Collections.Generic.List`1&lt;ExMat.Objects.ExNativeFunc&gt;,System.String)</Name>
              <FileRef uid="55" />
              <SequencePoints>
                <SequencePoint vc="0" uspid="13874" ordinal="0" offset="0" sl="791" sc="9" el="791" ec="10" bec="0" bev="0" fileid="55" />
                <SequencePoint vc="0" uspid="13875" ordinal="1" offset="1" sl="792" sc="13" el="792" ec="20" bec="0" bev="0" fileid="55" />
                <SequencePoint vc="0" uspid="13876" ordinal="2" offset="2" sl="792" sc="40" el="792" ec="42" bec="0" bev="0" fileid="55" />
                <SequencePoint vc="0" uspid="13877" ordinal="3" offset="11" sl="792" sc="22" el="792" ec="36" bec="0" bev="0" fileid="55" />
                <SequencePoint vc="0" uspid="13878" ordinal="4" offset="19" sl="793" sc="13" el="793" ec="14" bec="0" bev="0" fileid="55" />
                <SequencePoint vc="0" uspid="13879" ordinal="5" offset="20" sl="794" sc="17" el="794" ec="62" bec="4" bev="0" fileid="55" />
                <SequencePoint vc="0" uspid="13880" ordinal="6" offset="57" sl="795" sc="17" el="795" ec="18" bec="0" bev="0" fileid="55" />
                <SequencePoint vc="0" uspid="13881" ordinal="7" offset="58" sl="796" sc="21" el="796" ec="30" bec="0" bev="0" fileid="55" />
                <SequencePoint vc="0" uspid="13882" ordinal="8" offset="62" sl="798" sc="13" el="798" ec="14" bec="0" bev="0" fileid="55" />
                <SequencePoint vc="0" uspid="13883" ordinal="9" offset="63" sl="792" sc="37" el="792" ec="39" bec="0" bev="0" fileid="55" />
                <SequencePoint vc="0" uspid="13884" ordinal="10" offset="89" sl="799" sc="13" el="799" ec="25" bec="0" bev="0" fileid="55" />
                <SequencePoint vc="0" uspid="13885" ordinal="11" offset="93" sl="800" sc="9" el="800" ec="10" bec="0" bev="0" fileid="55" />
              </SequencePoints>
              <BranchPoints>
                <BranchPoint vc="0" uspid="13886" ordinal="0" offset="32" sl="794" path="0" offsetend="34" fileid="55" />
                <BranchPoint vc="0" uspid="13887" ordinal="1" offset="32" sl="794" path="1" offsetend="52" fileid="55" />
                <BranchPoint vc="0" uspid="13888" ordinal="2" offset="55" sl="794" path="0" offsetend="57" fileid="55" />
                <BranchPoint vc="0" uspid="13889" ordinal="3" offset="55" sl="794" path="1" offsetend="62" fileid="55" />
              </BranchPoints>
              <MethodPoint xsi:type="SequencePoint" vc="0" uspid="13874" ordinal="0" offset="0" sl="791" sc="9" el="791" ec="10" bec="0" bev="0" fileid="55" />
            </Method>
            <Method visited="false" cyclomaticComplexity="4" nPathComplexity="8" sequenceCoverage="0" branchCoverage="0" crapScore="20" isConstructor="false" isStatic="true" isGetter="false" isSetter="false">
              <Summary numSequencePoints="17" visitedSequencePoints="0" numBranchPoints="7" visitedBranchPoints="0" sequenceCoverage="0" branchCoverage="0" maxCyclomaticComplexity="4" minCyclomaticComplexity="4" maxCrapScore="20" minCrapScore="20" visitedClasses="0" numClasses="0" visitedMethods="0" numMethods="1" />
              <MetadataToken>100663970</MetadataToken>
              <Name>System.Boolean ExMat.API.ExApi::ReloadNativeFunction(ExMat.VM.ExVM,System.Type,System.String,System.Boolean)</Name>
              <FileRef uid="55" />
              <SequencePoints>
                <SequencePoint vc="0" uspid="13890" ordinal="0" offset="0" sl="812" sc="9" el="812" ec="10" bec="0" bev="0" fileid="55" />
                <SequencePoint vc="0" uspid="13891" ordinal="1" offset="1" sl="813" sc="13" el="813" ec="72" bec="0" bev="0" fileid="55" />
                <SequencePoint vc="0" uspid="13892" ordinal="2" offset="8" sl="815" sc="13" el="815" ec="68" bec="0" bev="0" fileid="55" />
                <SequencePoint vc="0" uspid="13893" ordinal="3" offset="15" sl="818" sc="13" el="818" ec="64" bec="2" bev="0" fileid="55" />
                <SequencePoint vc="0" uspid="13894" ordinal="4" offset="32" sl="819" sc="13" el="819" ec="14" bec="0" bev="0" fileid="55" />
                <SequencePoint vc="0" uspid="13895" ordinal="5" offset="33" sl="820" sc="17" el="820" ec="56" bec="0" bev="0" fileid="55" />
                <SequencePoint vc="0" uspid="13896" ordinal="6" offset="42" sl="821" sc="17" el="821" ec="25" bec="2" bev="0" fileid="55" />
                <SequencePoint vc="0" uspid="13897" ordinal="7" offset="49" sl="822" sc="17" el="822" ec="18" bec="0" bev="0" fileid="55" />
                <SequencePoint vc="0" uspid="13898" ordinal="8" offset="50" sl="823" sc="21" el="823" ec="30" bec="0" bev="0" fileid="55" />
                <SequencePoint vc="0" uspid="13899" ordinal="9" offset="57" sl="824" sc="17" el="824" ec="18" bec="0" bev="0" fileid="55" />
                <SequencePoint vc="0" uspid="13900" ordinal="10" offset="58" sl="825" sc="17" el="825" ec="29" bec="0" bev="0" fileid="55" />
                <SequencePoint vc="0" uspid="13901" ordinal="11" offset="63" sl="827" sc="13" el="827" ec="21" bec="2" bev="0" fileid="55" />
                <SequencePoint vc="0" uspid="13902" ordinal="12" offset="70" sl="828" sc="13" el="828" ec="14" bec="0" bev="0" fileid="55" />
                <SequencePoint vc="0" uspid="13903" ordinal="13" offset="71" sl="829" sc="17" el="829" ec="26" bec="0" bev="0" fileid="55" />
                <SequencePoint vc="0" uspid="13904" ordinal="14" offset="78" sl="830" sc="13" el="830" ec="14" bec="0" bev="0" fileid="55" />
                <SequencePoint vc="0" uspid="13905" ordinal="15" offset="79" sl="831" sc="13" el="831" ec="26" bec="0" bev="0" fileid="55" />
                <SequencePoint vc="0" uspid="13906" ordinal="16" offset="84" sl="832" sc="9" el="832" ec="10" bec="0" bev="0" fileid="55" />
              </SequencePoints>
              <BranchPoints>
                <BranchPoint vc="0" uspid="13907" ordinal="0" offset="30" sl="818" path="0" offsetend="32" fileid="55" />
                <BranchPoint vc="0" uspid="13908" ordinal="1" offset="30" sl="818" path="1" offsetend="63" fileid="55" />
                <BranchPoint vc="0" uspid="13909" ordinal="2" offset="47" sl="821" path="0" offsetend="49" fileid="55" />
                <BranchPoint vc="0" uspid="13910" ordinal="3" offset="47" sl="821" path="1" offsetend="58" fileid="55" />
                <BranchPoint vc="0" uspid="13911" ordinal="4" offset="68" sl="827" path="0" offsetend="70" fileid="55" />
                <BranchPoint vc="0" uspid="13912" ordinal="5" offset="68" sl="827" path="1" offsetend="79" fileid="55" />
              </BranchPoints>
              <MethodPoint xsi:type="SequencePoint" vc="0" uspid="13890" ordinal="0" offset="0" sl="812" sc="9" el="812" ec="10" bec="0" bev="0" fileid="55" />
            </Method>
            <Method visited="false" cyclomaticComplexity="1" nPathComplexity="0" sequenceCoverage="0" branchCoverage="0" crapScore="2" isConstructor="false" isStatic="true" isGetter="false" isSetter="false">
              <Summary numSequencePoints="10" visitedSequencePoints="0" numBranchPoints="1" visitedBranchPoints="0" sequenceCoverage="0" branchCoverage="0" maxCyclomaticComplexity="1" minCyclomaticComplexity="1" maxCrapScore="2" minCrapScore="2" visitedClasses="0" numClasses="0" visitedMethods="0" numMethods="1" />
              <MetadataToken>100663971</MetadataToken>
              <Name>System.Void ExMat.API.ExApi::RegisterNativeFunction(ExMat.VM.ExVM,ExMat.Objects.ExNativeFunc,ExMat.ExStdLibType)</Name>
              <FileRef uid="55" />
              <SequencePoints>
                <SequencePoint vc="0" uspid="13913" ordinal="0" offset="0" sl="841" sc="9" el="841" ec="10" bec="0" bev="0" fileid="55" />
                <SequencePoint vc="0" uspid="13914" ordinal="1" offset="1" sl="842" sc="13" el="842" ec="33" bec="0" bev="0" fileid="55" />
                <SequencePoint vc="0" uspid="13915" ordinal="2" offset="8" sl="844" sc="13" el="844" ec="43" bec="0" bev="0" fileid="55" />
                <SequencePoint vc="0" uspid="13916" ordinal="3" offset="22" sl="845" sc="13" el="845" ec="46" bec="0" bev="0" fileid="55" />
                <SequencePoint vc="0" uspid="13917" ordinal="4" offset="35" sl="846" sc="13" el="846" ec="53" bec="0" bev="0" fileid="55" />
                <SequencePoint vc="0" uspid="13918" ordinal="5" offset="49" sl="847" sc="13" el="847" ec="76" bec="0" bev="0" fileid="55" />
                <SequencePoint vc="0" uspid="13919" ordinal="6" offset="68" sl="848" sc="13" el="848" ec="51" bec="0" bev="0" fileid="55" />
                <SequencePoint vc="0" uspid="13920" ordinal="7" offset="81" sl="849" sc="13" el="849" ec="40" bec="0" bev="0" fileid="55" />
                <SequencePoint vc="0" uspid="13921" ordinal="8" offset="89" sl="850" sc="13" el="850" ec="35" bec="0" bev="0" fileid="55" />
                <SequencePoint vc="0" uspid="13922" ordinal="9" offset="104" sl="851" sc="9" el="851" ec="10" bec="0" bev="0" fileid="55" />
              </SequencePoints>
              <BranchPoints />
              <MethodPoint xsi:type="SequencePoint" vc="0" uspid="13913" ordinal="0" offset="0" sl="841" sc="9" el="841" ec="10" bec="0" bev="0" fileid="55" />
            </Method>
            <Method visited="false" cyclomaticComplexity="4" nPathComplexity="8" sequenceCoverage="0" branchCoverage="0" crapScore="20" isConstructor="false" isStatic="true" isGetter="false" isSetter="false">
              <Summary numSequencePoints="15" visitedSequencePoints="0" numBranchPoints="7" visitedBranchPoints="0" sequenceCoverage="0" branchCoverage="0" maxCyclomaticComplexity="4" minCyclomaticComplexity="4" maxCrapScore="20" minCrapScore="20" visitedClasses="0" numClasses="0" visitedMethods="0" numMethods="1" />
              <MetadataToken>100663972</MetadataToken>
              <Name>ExMat.ExFunctionStatus ExMat.API.ExApi::InvokeRegisterOnStdLib(ExMat.VM.ExVM,System.Type)</Name>
              <FileRef uid="55" />
              <SequencePoints>
                <SequencePoint vc="0" uspid="13923" ordinal="0" offset="0" sl="860" sc="9" el="860" ec="10" bec="0" bev="0" fileid="55" />
                <SequencePoint vc="0" uspid="13924" ordinal="1" offset="1" sl="861" sc="13" el="861" ec="70" bec="2" bev="0" fileid="55" />
                <SequencePoint vc="0" uspid="13925" ordinal="2" offset="24" sl="862" sc="13" el="862" ec="14" bec="0" bev="0" fileid="55" />
                <SequencePoint vc="0" uspid="13926" ordinal="3" offset="25" sl="863" sc="17" el="863" ec="175" bec="0" bev="0" fileid="55" />
                <SequencePoint vc="0" uspid="13927" ordinal="4" offset="74" sl="866" sc="13" el="866" ec="82" bec="0" bev="0" fileid="55" />
                <SequencePoint vc="0" uspid="13928" ordinal="5" offset="81" sl="867" sc="13" el="867" ec="35" bec="2" bev="0" fileid="55" />
                <SequencePoint vc="0" uspid="13929" ordinal="6" offset="89" sl="868" sc="13" el="868" ec="14" bec="0" bev="0" fileid="55" />
                <SequencePoint vc="0" uspid="13930" ordinal="7" offset="90" sl="869" sc="17" el="869" ec="267" bec="0" bev="0" fileid="55" />
                <SequencePoint vc="0" uspid="13931" ordinal="8" offset="148" sl="872" sc="13" el="872" ec="14" bec="0" bev="0" fileid="55" />
                <SequencePoint vc="0" uspid="13932" ordinal="9" offset="149" sl="873" sc="17" el="873" ec="35" bec="2" bev="0" fileid="55" />
                <SequencePoint vc="0" uspid="13933" ordinal="10" offset="162" sl="874" sc="17" el="874" ec="18" bec="0" bev="0" fileid="55" />
                <SequencePoint vc="0" uspid="13934" ordinal="11" offset="163" sl="875" sc="21" el="875" ec="55" bec="0" bev="0" fileid="55" />
                <SequencePoint vc="0" uspid="13935" ordinal="12" offset="171" sl="877" sc="21" el="877" ec="53" bec="0" bev="0" fileid="55" />
                <SequencePoint vc="0" uspid="13936" ordinal="13" offset="175" sl="879" sc="17" el="879" ec="72" bec="0" bev="0" fileid="55" />
                <SequencePoint vc="0" uspid="13937" ordinal="14" offset="189" sl="881" sc="9" el="881" ec="10" bec="0" bev="0" fileid="55" />
              </SequencePoints>
              <BranchPoints>
                <BranchPoint vc="0" uspid="13938" ordinal="0" offset="22" sl="861" path="0" offsetend="24" fileid="55" />
                <BranchPoint vc="0" uspid="13939" ordinal="1" offset="22" sl="861" path="1" offsetend="74" fileid="55" />
                <BranchPoint vc="0" uspid="13940" ordinal="2" offset="87" sl="867" path="0" offsetend="89" fileid="55" />
                <BranchPoint vc="0" uspid="13941" ordinal="3" offset="87" sl="867" path="1" offsetend="148" fileid="55" />
                <BranchPoint vc="0" uspid="13942" ordinal="4" offset="160" sl="873" path="0" offsetend="162" fileid="55" />
                <BranchPoint vc="0" uspid="13943" ordinal="5" offset="160" sl="873" path="1" offsetend="175" fileid="55" />
              </BranchPoints>
              <MethodPoint xsi:type="SequencePoint" vc="0" uspid="13923" ordinal="0" offset="0" sl="860" sc="9" el="860" ec="10" bec="0" bev="0" fileid="55" />
            </Method>
            <Method visited="false" cyclomaticComplexity="3" nPathComplexity="0" sequenceCoverage="0" branchCoverage="0" crapScore="12" isConstructor="false" isStatic="true" isGetter="false" isSetter="false">
              <Summary numSequencePoints="3" visitedSequencePoints="0" numBranchPoints="1" visitedBranchPoints="0" sequenceCoverage="0" branchCoverage="0" maxCyclomaticComplexity="3" minCyclomaticComplexity="3" maxCrapScore="12" minCrapScore="12" visitedClasses="0" numClasses="0" visitedMethods="0" numMethods="1" />
              <MetadataToken>100663973</MetadataToken>
              <Name>System.Reflection.Assembly[] ExMat.API.ExApi::GetAllAssemblies()</Name>
              <FileRef uid="55" />
              <SequencePoints>
                <SequencePoint vc="0" uspid="13944" ordinal="0" offset="0" sl="888" sc="9" el="888" ec="10" bec="0" bev="0" fileid="55" />
                <SequencePoint vc="0" uspid="13945" ordinal="1" offset="1" sl="889" sc="13" el="892" ec="28" bec="0" bev="0" fileid="55" />
                <SequencePoint vc="0" uspid="13946" ordinal="2" offset="86" sl="893" sc="9" el="893" ec="10" bec="0" bev="0" fileid="55" />
              </SequencePoints>
              <BranchPoints />
              <MethodPoint xsi:type="SequencePoint" vc="0" uspid="13944" ordinal="0" offset="0" sl="888" sc="9" el="888" ec="10" bec="0" bev="0" fileid="55" />
            </Method>
            <Method visited="false" cyclomaticComplexity="1" nPathComplexity="0" sequenceCoverage="0" branchCoverage="0" crapScore="2" isConstructor="false" isStatic="true" isGetter="false" isSetter="false">
              <Summary numSequencePoints="7" visitedSequencePoints="0" numBranchPoints="1" visitedBranchPoints="0" sequenceCoverage="0" branchCoverage="0" maxCyclomaticComplexity="1" minCyclomaticComplexity="1" maxCrapScore="2" minCrapScore="2" visitedClasses="0" numClasses="0" visitedMethods="0" numMethods="1" />
              <MetadataToken>100663974</MetadataToken>
              <Name>System.Reflection.Assembly ExMat.API.ExApi::TryLoadingPlugin(System.String)</Name>
              <FileRef uid="55" />
              <SequencePoints>
                <SequencePoint vc="0" uspid="13947" ordinal="0" offset="0" sl="896" sc="9" el="896" ec="10" bec="0" bev="0" fileid="55" />
                <SequencePoint vc="0" uspid="13948" ordinal="1" offset="1" sl="898" sc="13" el="898" ec="14" bec="0" bev="0" fileid="55" />
                <SequencePoint vc="0" uspid="13949" ordinal="2" offset="2" sl="899" sc="17" el="899" ec="48" bec="0" bev="0" fileid="55" />
                <SequencePoint vc="0" uspid="13950" ordinal="3" offset="11" sl="901" sc="13" el="901" ec="18" bec="0" bev="0" fileid="55" />
                <SequencePoint vc="0" uspid="13951" ordinal="4" offset="12" sl="902" sc="13" el="902" ec="14" bec="0" bev="0" fileid="55" />
                <SequencePoint vc="0" uspid="13952" ordinal="5" offset="13" sl="903" sc="17" el="903" ec="29" bec="0" bev="0" fileid="55" />
                <SequencePoint vc="0" uspid="13953" ordinal="6" offset="17" sl="905" sc="9" el="905" ec="10" bec="0" bev="0" fileid="55" />
              </SequencePoints>
              <BranchPoints />
              <MethodPoint xsi:type="SequencePoint" vc="0" uspid="13947" ordinal="0" offset="0" sl="896" sc="9" el="896" ec="10" bec="0" bev="0" fileid="55" />
            </Method>
            <Method visited="false" cyclomaticComplexity="2" nPathComplexity="2" sequenceCoverage="0" branchCoverage="0" crapScore="6" isConstructor="false" isStatic="true" isGetter="false" isSetter="false">
              <Summary numSequencePoints="7" visitedSequencePoints="0" numBranchPoints="3" visitedBranchPoints="0" sequenceCoverage="0" branchCoverage="0" maxCyclomaticComplexity="2" minCyclomaticComplexity="2" maxCrapScore="6" minCrapScore="6" visitedClasses="0" numClasses="0" visitedMethods="0" numMethods="1" />
              <MetadataToken>100663975</MetadataToken>
              <Name>System.Boolean ExMat.API.ExApi::SetFlagFromArgument(System.String,System.Int32&amp;)</Name>
              <FileRef uid="55" />
              <SequencePoints>
                <SequencePoint vc="0" uspid="13954" ordinal="0" offset="0" sl="908" sc="9" el="908" ec="10" bec="0" bev="0" fileid="55" />
                <SequencePoint vc="0" uspid="13955" ordinal="1" offset="1" sl="909" sc="13" el="909" ec="53" bec="2" bev="0" fileid="55" />
                <SequencePoint vc="0" uspid="13956" ordinal="2" offset="16" sl="910" sc="13" el="910" ec="14" bec="0" bev="0" fileid="55" />
                <SequencePoint vc="0" uspid="13957" ordinal="3" offset="17" sl="911" sc="17" el="911" ec="55" bec="0" bev="0" fileid="55" />
                <SequencePoint vc="0" uspid="13958" ordinal="4" offset="33" sl="912" sc="17" el="912" ec="29" bec="0" bev="0" fileid="55" />
                <SequencePoint vc="0" uspid="13959" ordinal="5" offset="37" sl="914" sc="13" el="914" ec="26" bec="0" bev="0" fileid="55" />
                <SequencePoint vc="0" uspid="13960" ordinal="6" offset="41" sl="915" sc="9" el="915" ec="10" bec="0" bev="0" fileid="55" />
              </SequencePoints>
              <BranchPoints>
                <BranchPoint vc="0" uspid="13961" ordinal="0" offset="14" sl="909" path="0" offsetend="16" fileid="55" />
                <BranchPoint vc="0" uspid="13962" ordinal="1" offset="14" sl="909" path="1" offsetend="37" fileid="55" />
              </BranchPoints>
              <MethodPoint xsi:type="SequencePoint" vc="0" uspid="13954" ordinal="0" offset="0" sl="908" sc="9" el="908" ec="10" bec="0" bev="0" fileid="55" />
            </Method>
            <Method visited="false" cyclomaticComplexity="4" nPathComplexity="4" sequenceCoverage="0" branchCoverage="0" crapScore="20" isConstructor="false" isStatic="true" isGetter="false" isSetter="false">
              <Summary numSequencePoints="14" visitedSequencePoints="0" numBranchPoints="5" visitedBranchPoints="0" sequenceCoverage="0" branchCoverage="0" maxCyclomaticComplexity="4" minCyclomaticComplexity="4" maxCrapScore="20" minCrapScore="20" visitedClasses="0" numClasses="0" visitedMethods="0" numMethods="1" />
              <MetadataToken>100663976</MetadataToken>
              <Name>System.Void ExMat.API.ExApi::SetOptionsFromArguments(System.String[]&amp;,System.Int32&amp;)</Name>
              <FileRef uid="55" />
              <SequencePoints>
                <SequencePoint vc="0" uspid="13963" ordinal="0" offset="0" sl="923" sc="9" el="923" ec="10" bec="0" bev="0" fileid="55" />
                <SequencePoint vc="0" uspid="13964" ordinal="1" offset="1" sl="924" sc="13" el="924" ec="38" bec="0" bev="0" fileid="55" />
                <SequencePoint vc="0" uspid="13965" ordinal="2" offset="7" sl="925" sc="13" el="925" ec="20" bec="0" bev="0" fileid="55" />
                <SequencePoint vc="0" uspid="13966" ordinal="3" offset="8" sl="925" sc="36" el="925" ec="40" bec="0" bev="0" fileid="55" />
                <SequencePoint vc="0" uspid="13967" ordinal="4" offset="15" sl="925" sc="22" el="925" ec="32" bec="0" bev="0" fileid="55" />
                <SequencePoint vc="0" uspid="13968" ordinal="5" offset="19" sl="926" sc="13" el="926" ec="14" bec="0" bev="0" fileid="55" />
                <SequencePoint vc="0" uspid="13969" ordinal="6" offset="20" sl="927" sc="17" el="927" ec="89" bec="4" bev="0" fileid="55" />
                <SequencePoint vc="0" uspid="13970" ordinal="7" offset="47" sl="928" sc="17" el="928" ec="18" bec="0" bev="0" fileid="55" />
                <SequencePoint vc="0" uspid="13971" ordinal="8" offset="48" sl="929" sc="21" el="929" ec="34" bec="0" bev="0" fileid="55" />
                <SequencePoint vc="0" uspid="13972" ordinal="9" offset="56" sl="930" sc="17" el="930" ec="18" bec="0" bev="0" fileid="55" />
                <SequencePoint vc="0" uspid="13973" ordinal="10" offset="57" sl="931" sc="13" el="931" ec="14" bec="0" bev="0" fileid="55" />
                <SequencePoint vc="0" uspid="13974" ordinal="11" offset="62" sl="925" sc="33" el="925" ec="35" bec="0" bev="0" fileid="55" />
                <SequencePoint vc="0" uspid="13975" ordinal="12" offset="68" sl="932" sc="13" el="932" ec="34" bec="0" bev="0" fileid="55" />
                <SequencePoint vc="0" uspid="13976" ordinal="13" offset="76" sl="933" sc="9" el="933" ec="10" bec="0" bev="0" fileid="55" />
              </SequencePoints>
              <BranchPoints>
                <BranchPoint vc="0" uspid="13977" ordinal="0" offset="27" sl="927" path="0" offsetend="29" fileid="55" />
                <BranchPoint vc="0" uspid="13978" ordinal="1" offset="27" sl="927" path="1" offsetend="40" fileid="55" />
                <BranchPoint vc="0" uspid="13979" ordinal="2" offset="45" sl="927" path="0" offsetend="47" fileid="55" />
                <BranchPoint vc="0" uspid="13980" ordinal="3" offset="45" sl="927" path="1" offsetend="57" fileid="55" />
              </BranchPoints>
              <MethodPoint xsi:type="SequencePoint" vc="0" uspid="13963" ordinal="0" offset="0" sl="923" sc="9" el="923" ec="10" bec="0" bev="0" fileid="55" />
            </Method>
            <Method visited="false" cyclomaticComplexity="3" nPathComplexity="2" sequenceCoverage="0" branchCoverage="0" crapScore="12" isConstructor="false" isStatic="true" isGetter="false" isSetter="false">
              <Summary numSequencePoints="14" visitedSequencePoints="0" numBranchPoints="3" visitedBranchPoints="0" sequenceCoverage="0" branchCoverage="0" maxCyclomaticComplexity="3" minCyclomaticComplexity="3" maxCrapScore="12" minCrapScore="12" visitedClasses="0" numClasses="0" visitedMethods="0" numMethods="1" />
              <MetadataToken>100663977</MetadataToken>
              <Name>System.Boolean ExMat.API.ExApi::SetOptionFromArgument(System.String)</Name>
              <FileRef uid="55" />
              <SequencePoints>
                <SequencePoint vc="0" uspid="13983" ordinal="0" offset="0" sl="936" sc="9" el="936" ec="10" bec="0" bev="0" fileid="55" />
                <SequencePoint vc="0" uspid="13984" ordinal="1" offset="1" sl="937" sc="13" el="937" ec="20" bec="0" bev="0" fileid="55" />
                <SequencePoint vc="0" uspid="13985" ordinal="2" offset="2" sl="937" sc="71" el="937" ec="94" bec="0" bev="0" fileid="55" />
                <SequencePoint vc="0" uspid="13986" ordinal="3" offset="15" sl="937" sc="22" el="937" ec="67" bec="0" bev="0" fileid="55" />
                <SequencePoint vc="0" uspid="13987" ordinal="4" offset="23" sl="938" sc="13" el="938" ec="14" bec="0" bev="0" fileid="55" />
                <SequencePoint vc="0" uspid="13988" ordinal="5" offset="24" sl="939" sc="17" el="939" ec="87" bec="0" bev="0" fileid="55" />
                <SequencePoint vc="0" uspid="13989" ordinal="6" offset="47" sl="940" sc="17" el="940" ec="71" bec="0" bev="0" fileid="55" />
                <SequencePoint vc="0" uspid="13990" ordinal="7" offset="55" sl="942" sc="17" el="942" ec="32" bec="2" bev="0" fileid="55" />
                <SequencePoint vc="0" uspid="13991" ordinal="8" offset="70" sl="943" sc="17" el="943" ec="18" bec="0" bev="0" fileid="55" />
                <SequencePoint vc="0" uspid="13992" ordinal="9" offset="71" sl="944" sc="21" el="944" ec="30" bec="0" bev="0" fileid="55" />
                <SequencePoint vc="0" uspid="13993" ordinal="10" offset="73" sl="947" sc="17" el="947" ec="101" bec="0" bev="0" fileid="55" />
                <SequencePoint vc="0" uspid="13994" ordinal="11" offset="135" sl="937" sc="68" el="937" ec="70" bec="0" bev="0" fileid="55" />
                <SequencePoint vc="0" uspid="13995" ordinal="12" offset="164" sl="949" sc="13" el="949" ec="26" bec="0" bev="0" fileid="55" />
                <SequencePoint vc="0" uspid="13996" ordinal="13" offset="169" sl="950" sc="9" el="950" ec="10" bec="0" bev="0" fileid="55" />
              </SequencePoints>
              <BranchPoints>
                <BranchPoint vc="0" uspid="13997" ordinal="0" offset="68" sl="942" path="0" offsetend="70" fileid="55" />
                <BranchPoint vc="0" uspid="13998" ordinal="1" offset="68" sl="942" path="1" offsetend="73" fileid="55" />
              </BranchPoints>
              <MethodPoint xsi:type="SequencePoint" vc="0" uspid="13983" ordinal="0" offset="0" sl="936" sc="9" el="936" ec="10" bec="0" bev="0" fileid="55" />
            </Method>
            <Method visited="false" cyclomaticComplexity="1" nPathComplexity="0" sequenceCoverage="0" branchCoverage="0" crapScore="2" isConstructor="false" isStatic="true" isGetter="false" isSetter="false">
              <Summary numSequencePoints="3" visitedSequencePoints="0" numBranchPoints="1" visitedBranchPoints="0" sequenceCoverage="0" branchCoverage="0" maxCyclomaticComplexity="1" minCyclomaticComplexity="1" maxCrapScore="2" minCrapScore="2" visitedClasses="0" numClasses="0" visitedMethods="0" numMethods="1" />
              <MetadataToken>100663978</MetadataToken>
              <Name>System.String[] ExMat.API.ExApi::GetConsoleFlagHelperValues()</Name>
              <FileRef uid="55" />
              <SequencePoints>
                <SequencePoint vc="0" uspid="14001" ordinal="0" offset="0" sl="957" sc="9" el="957" ec="10" bec="0" bev="0" fileid="55" />
                <SequencePoint vc="0" uspid="14002" ordinal="1" offset="1" sl="958" sc="13" el="958" ec="96" bec="0" bev="0" fileid="55" />
                <SequencePoint vc="0" uspid="14003" ordinal="2" offset="24" sl="959" sc="9" el="959" ec="10" bec="0" bev="0" fileid="55" />
              </SequencePoints>
              <BranchPoints />
              <MethodPoint xsi:type="SequencePoint" vc="0" uspid="14001" ordinal="0" offset="0" sl="957" sc="9" el="957" ec="10" bec="0" bev="0" fileid="55" />
            </Method>
            <Method visited="false" cyclomaticComplexity="2" nPathComplexity="0" sequenceCoverage="0" branchCoverage="0" crapScore="6" isConstructor="false" isStatic="true" isGetter="false" isSetter="false">
              <Summary numSequencePoints="3" visitedSequencePoints="0" numBranchPoints="1" visitedBranchPoints="0" sequenceCoverage="0" branchCoverage="0" maxCyclomaticComplexity="2" minCyclomaticComplexity="2" maxCrapScore="6" minCrapScore="6" visitedClasses="0" numClasses="0" visitedMethods="0" numMethods="1" />
              <MetadataToken>100663979</MetadataToken>
              <Name>System.String[] ExMat.API.ExApi::GetConsoleParameterHelperValues()</Name>
              <FileRef uid="55" />
              <SequencePoints>
                <SequencePoint vc="0" uspid="14004" ordinal="0" offset="0" sl="966" sc="9" el="966" ec="10" bec="0" bev="0" fileid="55" />
                <SequencePoint vc="0" uspid="14005" ordinal="1" offset="1" sl="967" sc="13" el="967" ec="132" bec="0" bev="0" fileid="55" />
                <SequencePoint vc="0" uspid="14006" ordinal="2" offset="60" sl="968" sc="9" el="968" ec="10" bec="0" bev="0" fileid="55" />
              </SequencePoints>
              <BranchPoints />
              <MethodPoint xsi:type="SequencePoint" vc="0" uspid="14004" ordinal="0" offset="0" sl="966" sc="9" el="966" ec="10" bec="0" bev="0" fileid="55" />
            </Method>
            <Method visited="false" cyclomaticComplexity="3" nPathComplexity="4" sequenceCoverage="0" branchCoverage="0" crapScore="12" isConstructor="false" isStatic="true" isGetter="false" isSetter="false">
              <Summary numSequencePoints="9" visitedSequencePoints="0" numBranchPoints="5" visitedBranchPoints="0" sequenceCoverage="0" branchCoverage="0" maxCyclomaticComplexity="3" minCyclomaticComplexity="3" maxCrapScore="12" minCrapScore="12" visitedClasses="0" numClasses="0" visitedMethods="0" numMethods="1" />
              <MetadataToken>100663980</MetadataToken>
              <Name>System.String[] ExMat.API.ExApi::GetConsoleHelperValues(System.String,System.Collections.Generic.IEnumerable`1&lt;System.String&gt;)</Name>
              <FileRef uid="55" />
              <SequencePoints>
                <SequencePoint vc="0" uspid="14007" ordinal="0" offset="13" sl="971" sc="9" el="971" ec="10" bec="0" bev="0" fileid="55" />
                <SequencePoint vc="0" uspid="14008" ordinal="1" offset="14" sl="972" sc="13" el="972" ec="159" bec="0" bev="0" fileid="55" />
                <SequencePoint vc="0" uspid="14009" ordinal="2" offset="47" sl="973" sc="13" el="973" ec="81" bec="4" bev="0" fileid="55" />
                <SequencePoint vc="0" uspid="14010" ordinal="3" offset="82" sl="974" sc="13" el="974" ec="14" bec="0" bev="0" fileid="55" />
                <SequencePoint vc="0" uspid="14011" ordinal="4" offset="83" sl="975" sc="17" el="975" ec="46" bec="0" bev="0" fileid="55" />
                <SequencePoint vc="0" uspid="14012" ordinal="5" offset="91" sl="978" sc="13" el="978" ec="98" bec="0" bev="0" fileid="55" />
                <SequencePoint vc="0" uspid="14013" ordinal="6" offset="119" sl="979" sc="13" el="979" ec="38" bec="0" bev="0" fileid="55" />
                <SequencePoint vc="0" uspid="14014" ordinal="7" offset="126" sl="980" sc="13" el="980" ec="176" bec="0" bev="0" fileid="55" />
                <SequencePoint vc="0" uspid="14015" ordinal="8" offset="152" sl="981" sc="9" el="981" ec="10" bec="0" bev="0" fileid="55" />
              </SequencePoints>
              <BranchPoints>
                <BranchPoint vc="0" uspid="14016" ordinal="0" offset="54" sl="973" path="0" offsetend="56" fileid="55" />
                <BranchPoint vc="0" uspid="14017" ordinal="1" offset="54" sl="973" path="1" offsetend="77" fileid="55" />
                <BranchPoint vc="0" uspid="14018" ordinal="2" offset="80" sl="973" path="0" offsetend="82" fileid="55" />
                <BranchPoint vc="0" uspid="14019" ordinal="3" offset="80" sl="973" path="1" offsetend="91" fileid="55" />
              </BranchPoints>
              <MethodPoint vc="0" uspid="14020" ordinal="0" offset="0" />
            </Method>
            <Method visited="false" cyclomaticComplexity="4" nPathComplexity="8" sequenceCoverage="0" branchCoverage="0" crapScore="20" isConstructor="false" isStatic="true" isGetter="false" isSetter="false">
              <Summary numSequencePoints="16" visitedSequencePoints="0" numBranchPoints="7" visitedBranchPoints="0" sequenceCoverage="0" branchCoverage="0" maxCyclomaticComplexity="4" minCyclomaticComplexity="4" maxCrapScore="20" minCrapScore="20" visitedClasses="0" numClasses="0" visitedMethods="0" numMethods="1" />
              <MetadataToken>100663981</MetadataToken>
              <Name>System.Boolean ExMat.API.ExApi::RegisterStdLibrary(ExMat.VM.ExVM,System.Type)</Name>
              <FileRef uid="55" />
              <SequencePoints>
                <SequencePoint vc="0" uspid="14021" ordinal="0" offset="0" sl="990" sc="9" el="990" ec="10" bec="0" bev="0" fileid="55" />
                <SequencePoint vc="0" uspid="14022" ordinal="1" offset="1" sl="991" sc="13" el="991" ec="29" bec="2" bev="0" fileid="55" />
                <SequencePoint vc="0" uspid="14023" ordinal="2" offset="12" sl="992" sc="13" el="992" ec="14" bec="0" bev="0" fileid="55" />
                <SequencePoint vc="0" uspid="14024" ordinal="3" offset="13" sl="993" sc="17" el="993" ec="57" bec="0" bev="0" fileid="55" />
                <SequencePoint vc="0" uspid="14025" ordinal="4" offset="25" sl="994" sc="17" el="994" ec="30" bec="0" bev="0" fileid="55" />
                <SequencePoint vc="0" uspid="14026" ordinal="5" offset="29" sl="996" sc="13" el="996" ec="71" bec="0" bev="0" fileid="55" />
                <SequencePoint vc="0" uspid="14027" ordinal="6" offset="37" sl="998" sc="13" el="998" ec="50" bec="2" bev="0" fileid="55" />
                <SequencePoint vc="0" uspid="14028" ordinal="7" offset="47" sl="999" sc="13" el="999" ec="14" bec="0" bev="0" fileid="55" />
                <SequencePoint vc="0" uspid="14029" ordinal="8" offset="48" sl="1000" sc="17" el="1000" ec="30" bec="0" bev="0" fileid="55" />
                <SequencePoint vc="0" uspid="14030" ordinal="9" offset="52" sl="1003" sc="13" el="1003" ec="80" bec="0" bev="0" fileid="55" />
                <SequencePoint vc="0" uspid="14031" ordinal="10" offset="59" sl="1004" sc="13" el="1004" ec="32" bec="2" bev="0" fileid="55" />
                <SequencePoint vc="0" uspid="14032" ordinal="11" offset="69" sl="1005" sc="13" el="1005" ec="14" bec="0" bev="0" fileid="55" />
                <SequencePoint vc="0" uspid="14033" ordinal="12" offset="70" sl="1006" sc="17" el="1006" ec="55" bec="0" bev="0" fileid="55" />
                <SequencePoint vc="0" uspid="14034" ordinal="13" offset="78" sl="1007" sc="13" el="1007" ec="14" bec="0" bev="0" fileid="55" />
                <SequencePoint vc="0" uspid="14035" ordinal="14" offset="79" sl="1008" sc="13" el="1008" ec="25" bec="0" bev="0" fileid="55" />
                <SequencePoint vc="0" uspid="14036" ordinal="15" offset="83" sl="1009" sc="9" el="1009" ec="10" bec="0" bev="0" fileid="55" />
              </SequencePoints>
              <BranchPoints>
                <BranchPoint vc="0" uspid="14037" ordinal="0" offset="10" sl="991" path="0" offsetend="12" fileid="55" />
                <BranchPoint vc="0" uspid="14038" ordinal="1" offset="10" sl="991" path="1" offsetend="29" fileid="55" />
                <BranchPoint vc="0" uspid="14039" ordinal="2" offset="45" sl="998" path="0" offsetend="47" fileid="55" />
                <BranchPoint vc="0" uspid="14040" ordinal="3" offset="45" sl="998" path="1" offsetend="52" fileid="55" />
                <BranchPoint vc="0" uspid="14041" ordinal="4" offset="67" sl="1004" path="0" offsetend="69" fileid="55" />
                <BranchPoint vc="0" uspid="14042" ordinal="5" offset="67" sl="1004" path="1" offsetend="79" fileid="55" />
              </BranchPoints>
              <MethodPoint xsi:type="SequencePoint" vc="0" uspid="14021" ordinal="0" offset="0" sl="990" sc="9" el="990" ec="10" bec="0" bev="0" fileid="55" />
            </Method>
            <Method visited="false" cyclomaticComplexity="3" nPathComplexity="2" sequenceCoverage="0" branchCoverage="0" crapScore="12" isConstructor="false" isStatic="true" isGetter="false" isSetter="false">
              <Summary numSequencePoints="17" visitedSequencePoints="0" numBranchPoints="3" visitedBranchPoints="0" sequenceCoverage="0" branchCoverage="0" maxCyclomaticComplexity="3" minCyclomaticComplexity="3" maxCrapScore="12" minCrapScore="12" visitedClasses="0" numClasses="0" visitedMethods="0" numMethods="1" />
              <MetadataToken>100663982</MetadataToken>
              <Name>System.Boolean ExMat.API.ExApi::RegisterStdLibraries(ExMat.VM.ExVM)</Name>
              <FileRef uid="55" />
              <SequencePoints>
                <SequencePoint vc="0" uspid="14043" ordinal="0" offset="0" sl="1017" sc="9" el="1017" ec="10" bec="0" bev="0" fileid="55" />
                <SequencePoint vc="0" uspid="14044" ordinal="1" offset="1" sl="1019" sc="13" el="1019" ec="14" bec="0" bev="0" fileid="55" />
                <SequencePoint vc="0" uspid="14045" ordinal="2" offset="2" sl="1020" sc="17" el="1020" ec="24" bec="0" bev="0" fileid="55" />
                <SequencePoint vc="0" uspid="14046" ordinal="3" offset="3" sl="1020" sc="38" el="1020" ec="81" bec="0" bev="0" fileid="55" />
                <SequencePoint vc="0" uspid="14047" ordinal="4" offset="21" sl="1020" sc="26" el="1020" ec="34" bec="0" bev="0" fileid="55" />
                <SequencePoint vc="0" uspid="14048" ordinal="5" offset="29" sl="1021" sc="17" el="1021" ec="18" bec="0" bev="0" fileid="55" />
                <SequencePoint vc="0" uspid="14049" ordinal="6" offset="30" sl="1022" sc="21" el="1022" ec="54" bec="2" bev="0" fileid="55" />
                <SequencePoint vc="0" uspid="14050" ordinal="7" offset="44" sl="1023" sc="21" el="1023" ec="22" bec="0" bev="0" fileid="55" />
                <SequencePoint vc="0" uspid="14051" ordinal="8" offset="45" sl="1024" sc="25" el="1024" ec="38" bec="0" bev="0" fileid="55" />
                <SequencePoint vc="0" uspid="14052" ordinal="9" offset="49" sl="1026" sc="17" el="1026" ec="18" bec="0" bev="0" fileid="55" />
                <SequencePoint vc="0" uspid="14053" ordinal="10" offset="50" sl="1020" sc="35" el="1020" ec="37" bec="0" bev="0" fileid="55" />
                <SequencePoint vc="0" uspid="14054" ordinal="11" offset="76" sl="1027" sc="17" el="1027" ec="29" bec="0" bev="0" fileid="55" />
                <SequencePoint vc="0" uspid="14055" ordinal="12" offset="80" sl="1029" sc="13" el="1029" ec="34" bec="0" bev="0" fileid="55" />
                <SequencePoint vc="0" uspid="14056" ordinal="13" offset="82" sl="1030" sc="13" el="1030" ec="14" bec="0" bev="0" fileid="55" />
                <SequencePoint vc="0" uspid="14057" ordinal="14" offset="83" sl="1031" sc="17" el="1031" ec="85" bec="0" bev="0" fileid="55" />
                <SequencePoint vc="0" uspid="14058" ordinal="15" offset="111" sl="1032" sc="17" el="1032" ec="30" bec="0" bev="0" fileid="55" />
                <SequencePoint vc="0" uspid="14059" ordinal="16" offset="115" sl="1034" sc="9" el="1034" ec="10" bec="0" bev="0" fileid="55" />
              </SequencePoints>
              <BranchPoints>
                <BranchPoint vc="0" uspid="14060" ordinal="0" offset="42" sl="1022" path="0" offsetend="44" fileid="55" />
                <BranchPoint vc="0" uspid="14061" ordinal="1" offset="42" sl="1022" path="1" offsetend="49" fileid="55" />
              </BranchPoints>
              <MethodPoint xsi:type="SequencePoint" vc="0" uspid="14043" ordinal="0" offset="0" sl="1017" sc="9" el="1017" ec="10" bec="0" bev="0" fileid="55" />
            </Method>
            <Method visited="false" cyclomaticComplexity="9" nPathComplexity="64" sequenceCoverage="0" branchCoverage="0" crapScore="90" isConstructor="false" isStatic="true" isGetter="false" isSetter="false">
              <Summary numSequencePoints="25" visitedSequencePoints="0" numBranchPoints="13" visitedBranchPoints="0" sequenceCoverage="0" branchCoverage="0" maxCyclomaticComplexity="9" minCyclomaticComplexity="9" maxCrapScore="90" minCrapScore="90" visitedClasses="0" numClasses="0" visitedMethods="0" numMethods="1" />
              <MetadataToken>100663983</MetadataToken>
              <Name>System.Boolean ExMat.API.ExApi::RegisterConstantsFromDict(System.Collections.Generic.Dictionary`2&lt;System.String,ExMat.Objects.ExObject&gt;,ExMat.VM.ExVM)</Name>
              <FileRef uid="55" />
              <SequencePoints>
                <SequencePoint vc="0" uspid="14062" ordinal="0" offset="0" sl="1037" sc="9" el="1037" ec="10" bec="0" bev="0" fileid="55" />
                <SequencePoint vc="0" uspid="14063" ordinal="1" offset="1" sl="1038" sc="13" el="1038" ec="35" bec="0" bev="0" fileid="55" />
                <SequencePoint vc="0" uspid="14064" ordinal="2" offset="8" sl="1040" sc="13" el="1040" ec="20" bec="0" bev="0" fileid="55" />
                <SequencePoint vc="0" uspid="14065" ordinal="3" offset="9" sl="1040" sc="61" el="1040" ec="67" bec="0" bev="0" fileid="55" />
                <SequencePoint vc="0" uspid="14066" ordinal="4" offset="21" sl="1040" sc="22" el="1040" ec="57" bec="0" bev="0" fileid="55" />
                <SequencePoint vc="0" uspid="14067" ordinal="5" offset="29" sl="1041" sc="13" el="1041" ec="14" bec="0" bev="0" fileid="55" />
                <SequencePoint vc="0" uspid="14068" ordinal="6" offset="30" sl="1042" sc="17" el="1042" ec="41" bec="11" bev="0" fileid="55" />
                <SequencePoint vc="0" uspid="14069" ordinal="7" offset="122" sl="1044" sc="45" el="1044" ec="100" bec="0" bev="0" fileid="55" />
                <SequencePoint vc="0" uspid="14070" ordinal="8" offset="148" sl="1044" sc="101" el="1044" ec="107" bec="0" bev="0" fileid="55" />
                <SequencePoint vc="0" uspid="14071" ordinal="9" offset="153" sl="1045" sc="43" el="1045" ec="102" bec="0" bev="0" fileid="55" />
                <SequencePoint vc="0" uspid="14072" ordinal="10" offset="179" sl="1045" sc="103" el="1045" ec="109" bec="0" bev="0" fileid="55" />
                <SequencePoint vc="0" uspid="14073" ordinal="11" offset="181" sl="1046" sc="44" el="1046" ec="105" bec="0" bev="0" fileid="55" />
                <SequencePoint vc="0" uspid="14074" ordinal="12" offset="207" sl="1046" sc="106" el="1046" ec="112" bec="0" bev="0" fileid="55" />
                <SequencePoint vc="0" uspid="14075" ordinal="13" offset="209" sl="1047" sc="43" el="1047" ec="100" bec="0" bev="0" fileid="55" />
                <SequencePoint vc="0" uspid="14076" ordinal="14" offset="235" sl="1047" sc="101" el="1047" ec="107" bec="0" bev="0" fileid="55" />
                <SequencePoint vc="0" uspid="14077" ordinal="15" offset="237" sl="1048" sc="42" el="1048" ec="99" bec="0" bev="0" fileid="55" />
                <SequencePoint vc="0" uspid="14078" ordinal="16" offset="263" sl="1048" sc="100" el="1048" ec="106" bec="0" bev="0" fileid="55" />
                <SequencePoint vc="0" uspid="14079" ordinal="17" offset="265" sl="1049" sc="43" el="1049" ec="102" bec="0" bev="0" fileid="55" />
                <SequencePoint vc="0" uspid="14080" ordinal="18" offset="291" sl="1049" sc="103" el="1049" ec="109" bec="0" bev="0" fileid="55" />
                <SequencePoint vc="0" uspid="14081" ordinal="19" offset="293" sl="1050" sc="30" el="1050" ec="36" bec="0" bev="0" fileid="55" />
                <SequencePoint vc="0" uspid="14082" ordinal="20" offset="295" sl="1052" sc="13" el="1052" ec="14" bec="0" bev="0" fileid="55" />
                <SequencePoint vc="0" uspid="14083" ordinal="21" offset="296" sl="1040" sc="58" el="1040" ec="60" bec="0" bev="0" fileid="55" />
                <SequencePoint vc="0" uspid="14084" ordinal="22" offset="325" sl="1054" sc="13" el="1054" ec="24" bec="0" bev="0" fileid="55" />
                <SequencePoint vc="0" uspid="14085" ordinal="23" offset="332" sl="1055" sc="13" el="1055" ec="25" bec="0" bev="0" fileid="55" />
                <SequencePoint vc="0" uspid="14086" ordinal="24" offset="337" sl="1056" sc="9" el="1056" ec="10" bec="0" bev="0" fileid="55" />
              </SequencePoints>
              <BranchPoints>
                <BranchPoint vc="0" uspid="14087" ordinal="0" offset="59" sl="1042" path="0" offsetchain="64" offsetend="66" fileid="55" />
                <BranchPoint vc="0" uspid="14088" ordinal="1" offset="59" sl="1042" path="1" offsetend="265" fileid="55" />
                <BranchPoint vc="0" uspid="14089" ordinal="2" offset="72" sl="1042" path="0" offsetchain="74" offsetend="76" fileid="55" />
                <BranchPoint vc="0" uspid="14090" ordinal="3" offset="72" sl="1042" path="1" offsetend="181" fileid="55" />
                <BranchPoint vc="0" uspid="14091" ordinal="4" offset="82" sl="1042" path="0" offsetchain="84 293" offsetend="295" fileid="55" />
                <BranchPoint vc="0" uspid="14092" ordinal="5" offset="82" sl="1042" path="1" offsetend="122" fileid="55" />
                <BranchPoint vc="0" uspid="14093" ordinal="6" offset="95" sl="1042" path="0" offsetchain="97" offsetend="99" fileid="55" />
                <BranchPoint vc="0" uspid="14094" ordinal="7" offset="95" sl="1042" path="1" offsetend="153" fileid="55" />
                <BranchPoint vc="0" uspid="14095" ordinal="8" offset="105" sl="1042" path="0" offsetchain="107" offsetend="109" fileid="55" />
                <BranchPoint vc="0" uspid="14096" ordinal="9" offset="105" sl="1042" path="1" offsetend="209" fileid="55" />
                <BranchPoint vc="0" uspid="14097" ordinal="10" offset="115" sl="1042" path="0" offsetchain="117 293" offsetend="295" fileid="55" />
                <BranchPoint vc="0" uspid="14098" ordinal="11" offset="115" sl="1042" path="1" offsetend="237" fileid="55" />
              </BranchPoints>
              <MethodPoint xsi:type="SequencePoint" vc="0" uspid="14062" ordinal="0" offset="0" sl="1037" sc="9" el="1037" ec="10" bec="0" bev="0" fileid="55" />
            </Method>
            <Method visited="false" cyclomaticComplexity="1" nPathComplexity="0" sequenceCoverage="0" branchCoverage="0" crapScore="2" isConstructor="false" isStatic="true" isGetter="false" isSetter="false">
              <Summary numSequencePoints="3" visitedSequencePoints="0" numBranchPoints="1" visitedBranchPoints="0" sequenceCoverage="0" branchCoverage="0" maxCyclomaticComplexity="1" minCyclomaticComplexity="1" maxCrapScore="2" minCrapScore="2" visitedClasses="0" numClasses="0" visitedMethods="0" numMethods="1" />
              <MetadataToken>100663984</MetadataToken>
              <Name>System.Collections.Generic.List`1&lt;System.Type&gt; ExMat.API.ExApi::GetTypesFromAssemblies()</Name>
              <FileRef uid="55" />
              <SequencePoints>
                <SequencePoint vc="0" uspid="14101" ordinal="0" offset="0" sl="1063" sc="9" el="1063" ec="10" bec="0" bev="0" fileid="55" />
                <SequencePoint vc="0" uspid="14102" ordinal="1" offset="1" sl="1064" sc="13" el="1064" ec="68" bec="0" bev="0" fileid="55" />
                <SequencePoint vc="0" uspid="14103" ordinal="2" offset="19" sl="1065" sc="9" el="1065" ec="10" bec="0" bev="0" fileid="55" />
              </SequencePoints>
              <BranchPoints />
              <MethodPoint xsi:type="SequencePoint" vc="0" uspid="14101" ordinal="0" offset="0" sl="1063" sc="9" el="1063" ec="10" bec="0" bev="0" fileid="55" />
            </Method>
            <Method visited="false" cyclomaticComplexity="1" nPathComplexity="0" sequenceCoverage="0" branchCoverage="0" crapScore="2" isConstructor="false" isStatic="true" isGetter="false" isSetter="false">
              <Summary numSequencePoints="3" visitedSequencePoints="0" numBranchPoints="1" visitedBranchPoints="0" sequenceCoverage="0" branchCoverage="0" maxCyclomaticComplexity="1" minCyclomaticComplexity="1" maxCrapScore="2" minCrapScore="2" visitedClasses="0" numClasses="0" visitedMethods="0" numMethods="1" />
              <MetadataToken>100663985</MetadataToken>
              <Name>System.Collections.Generic.List`1&lt;System.Type&gt; ExMat.API.ExApi::GetStandardLibraryTypes()</Name>
              <FileRef uid="55" />
              <SequencePoints>
                <SequencePoint vc="0" uspid="14104" ordinal="0" offset="0" sl="1072" sc="9" el="1072" ec="10" bec="0" bev="0" fileid="55" />
                <SequencePoint vc="0" uspid="14105" ordinal="1" offset="1" sl="1073" sc="13" el="1073" ec="64" bec="0" bev="0" fileid="55" />
                <SequencePoint vc="0" uspid="14106" ordinal="2" offset="14" sl="1074" sc="9" el="1074" ec="10" bec="0" bev="0" fileid="55" />
              </SequencePoints>
              <BranchPoints />
              <MethodPoint xsi:type="SequencePoint" vc="0" uspid="14104" ordinal="0" offset="0" sl="1072" sc="9" el="1072" ec="10" bec="0" bev="0" fileid="55" />
            </Method>
            <Method visited="false" cyclomaticComplexity="1" nPathComplexity="0" sequenceCoverage="0" branchCoverage="0" crapScore="2" isConstructor="false" isStatic="true" isGetter="false" isSetter="false">
              <Summary numSequencePoints="3" visitedSequencePoints="0" numBranchPoints="1" visitedBranchPoints="0" sequenceCoverage="0" branchCoverage="0" maxCyclomaticComplexity="1" minCyclomaticComplexity="1" maxCrapScore="2" minCrapScore="2" visitedClasses="0" numClasses="0" visitedMethods="0" numMethods="1" />
              <MetadataToken>100663986</MetadataToken>
              <Name>System.Type ExMat.API.ExApi::GetStandardLibraryFromName(System.String)</Name>
              <FileRef uid="55" />
              <SequencePoints>
                <SequencePoint vc="0" uspid="14107" ordinal="0" offset="13" sl="1077" sc="9" el="1077" ec="10" bec="0" bev="0" fileid="55" />
                <SequencePoint vc="0" uspid="14108" ordinal="1" offset="14" sl="1078" sc="13" el="1078" ec="123" bec="0" bev="0" fileid="55" />
                <SequencePoint vc="0" uspid="14109" ordinal="2" offset="44" sl="1079" sc="9" el="1079" ec="10" bec="0" bev="0" fileid="55" />
              </SequencePoints>
              <BranchPoints />
              <MethodPoint vc="0" uspid="14110" ordinal="0" offset="0" />
            </Method>
            <Method visited="false" cyclomaticComplexity="4" nPathComplexity="2" sequenceCoverage="0" branchCoverage="0" crapScore="20" isConstructor="false" isStatic="true" isGetter="false" isSetter="false">
              <Summary numSequencePoints="14" visitedSequencePoints="0" numBranchPoints="3" visitedBranchPoints="0" sequenceCoverage="0" branchCoverage="0" maxCyclomaticComplexity="4" minCyclomaticComplexity="4" maxCrapScore="20" minCrapScore="20" visitedClasses="0" numClasses="0" visitedMethods="0" numMethods="1" />
              <MetadataToken>100663987</MetadataToken>
              <Name>System.Collections.Generic.List`1&lt;System.Type&gt; ExMat.API.ExApi::GetStandardLibraryTypes(System.Reflection.Assembly[])</Name>
              <FileRef uid="55" />
              <SequencePoints>
                <SequencePoint vc="0" uspid="14111" ordinal="0" offset="0" sl="1087" sc="9" el="1087" ec="10" bec="0" bev="0" fileid="55" />
                <SequencePoint vc="0" uspid="14112" ordinal="1" offset="1" sl="1088" sc="13" el="1088" ec="57" bec="0" bev="0" fileid="55" />
                <SequencePoint vc="0" uspid="14113" ordinal="2" offset="7" sl="1089" sc="13" el="1089" ec="29" bec="2" bev="0" fileid="55" />
                <SequencePoint vc="0" uspid="14114" ordinal="3" offset="15" sl="1090" sc="13" el="1090" ec="14" bec="0" bev="0" fileid="55" />
                <SequencePoint vc="0" uspid="14115" ordinal="4" offset="16" sl="1091" sc="17" el="1091" ec="24" bec="0" bev="0" fileid="55" />
                <SequencePoint vc="0" uspid="14116" ordinal="5" offset="17" sl="1091" sc="40" el="1091" ec="43" bec="0" bev="0" fileid="55" />
                <SequencePoint vc="0" uspid="14117" ordinal="6" offset="23" sl="1091" sc="26" el="1091" ec="36" bec="0" bev="0" fileid="55" />
                <SequencePoint vc="0" uspid="14118" ordinal="7" offset="28" sl="1092" sc="17" el="1092" ec="18" bec="0" bev="0" fileid="55" />
                <SequencePoint vc="0" uspid="14119" ordinal="8" offset="29" sl="1093" sc="21" el="1093" ec="50" bec="0" bev="0" fileid="55" />
                <SequencePoint vc="0" uspid="14120" ordinal="9" offset="43" sl="1094" sc="17" el="1094" ec="18" bec="0" bev="0" fileid="55" />
                <SequencePoint vc="0" uspid="14121" ordinal="10" offset="48" sl="1091" sc="37" el="1091" ec="39" bec="0" bev="0" fileid="55" />
                <SequencePoint vc="0" uspid="14122" ordinal="11" offset="54" sl="1095" sc="13" el="1095" ec="14" bec="0" bev="0" fileid="55" />
                <SequencePoint vc="0" uspid="14123" ordinal="12" offset="55" sl="1097" sc="13" el="1097" ec="160" bec="0" bev="0" fileid="55" />
                <SequencePoint vc="0" uspid="14124" ordinal="13" offset="101" sl="1098" sc="9" el="1098" ec="10" bec="0" bev="0" fileid="55" />
              </SequencePoints>
              <BranchPoints>
                <BranchPoint vc="0" uspid="14125" ordinal="0" offset="13" sl="1089" path="0" offsetend="15" fileid="55" />
                <BranchPoint vc="0" uspid="14126" ordinal="1" offset="13" sl="1089" path="1" offsetend="55" fileid="55" />
              </BranchPoints>
              <MethodPoint xsi:type="SequencePoint" vc="0" uspid="14111" ordinal="0" offset="0" sl="1087" sc="9" el="1087" ec="10" bec="0" bev="0" fileid="55" />
            </Method>
            <Method visited="false" cyclomaticComplexity="4" nPathComplexity="2" sequenceCoverage="0" branchCoverage="0" crapScore="20" isConstructor="false" isStatic="true" isGetter="false" isSetter="false">
              <Summary numSequencePoints="3" visitedSequencePoints="0" numBranchPoints="3" visitedBranchPoints="0" sequenceCoverage="0" branchCoverage="0" maxCyclomaticComplexity="4" minCyclomaticComplexity="4" maxCrapScore="20" minCrapScore="20" visitedClasses="0" numClasses="0" visitedMethods="0" numMethods="1" />
              <MetadataToken>100663988</MetadataToken>
              <Name>ExMat.ExStdLibType ExMat.API.ExApi::GetLibraryTypeFromStdClass(System.Type)</Name>
              <FileRef uid="55" />
              <SequencePoints>
                <SequencePoint vc="0" uspid="14129" ordinal="0" offset="0" sl="1106" sc="9" el="1106" ec="10" bec="0" bev="0" fileid="55" />
                <SequencePoint vc="0" uspid="14130" ordinal="1" offset="1" sl="1107" sc="13" el="1109" ec="21" bec="2" bev="0" fileid="55" />
                <SequencePoint vc="0" uspid="14131" ordinal="2" offset="67" sl="1110" sc="9" el="1110" ec="10" bec="0" bev="0" fileid="55" />
              </SequencePoints>
              <BranchPoints>
                <BranchPoint vc="0" uspid="14132" ordinal="0" offset="7" sl="1107" path="0" offsetend="9" fileid="55" />
                <BranchPoint vc="0" uspid="14133" ordinal="1" offset="7" sl="1107" path="1" offsetend="12" fileid="55" />
              </BranchPoints>
              <MethodPoint xsi:type="SequencePoint" vc="0" uspid="14129" ordinal="0" offset="0" sl="1106" sc="9" el="1106" ec="10" bec="0" bev="0" fileid="55" />
            </Method>
            <Method visited="false" cyclomaticComplexity="2" nPathComplexity="2" sequenceCoverage="0" branchCoverage="0" crapScore="6" isConstructor="false" isStatic="true" isGetter="false" isSetter="false">
              <Summary numSequencePoints="4" visitedSequencePoints="0" numBranchPoints="3" visitedBranchPoints="0" sequenceCoverage="0" branchCoverage="0" maxCyclomaticComplexity="2" minCyclomaticComplexity="2" maxCrapScore="6" minCrapScore="6" visitedClasses="0" numClasses="0" visitedMethods="0" numMethods="1" />
              <MetadataToken>100663989</MetadataToken>
              <Name>ExMat.ExStdLibType ExMat.API.ExApi::GetLibraryTypeFromName(System.String)</Name>
              <FileRef uid="55" />
              <SequencePoints>
                <SequencePoint vc="0" uspid="14134" ordinal="0" offset="0" sl="1113" sc="9" el="1113" ec="10" bec="0" bev="0" fileid="55" />
                <SequencePoint vc="0" uspid="14135" ordinal="1" offset="1" sl="1114" sc="13" el="1114" ec="55" bec="0" bev="0" fileid="55" />
                <SequencePoint vc="0" uspid="14136" ordinal="2" offset="8" sl="1115" sc="13" el="1115" ec="85" bec="2" bev="0" fileid="55" />
                <SequencePoint vc="0" uspid="14137" ordinal="3" offset="29" sl="1116" sc="9" el="1116" ec="10" bec="0" bev="0" fileid="55" />
              </SequencePoints>
              <BranchPoints>
                <BranchPoint vc="0" uspid="14138" ordinal="0" offset="15" sl="1115" path="0" offsetend="17" fileid="55" />
                <BranchPoint vc="0" uspid="14139" ordinal="1" offset="15" sl="1115" path="1" offsetend="25" fileid="55" />
              </BranchPoints>
              <MethodPoint xsi:type="SequencePoint" vc="0" uspid="14134" ordinal="0" offset="0" sl="1113" sc="9" el="1113" ec="10" bec="0" bev="0" fileid="55" />
            </Method>
            <Method visited="false" cyclomaticComplexity="1" nPathComplexity="0" sequenceCoverage="0" branchCoverage="0" crapScore="2" isConstructor="false" isStatic="true" isGetter="false" isSetter="false">
              <Summary numSequencePoints="3" visitedSequencePoints="0" numBranchPoints="1" visitedBranchPoints="0" sequenceCoverage="0" branchCoverage="0" maxCyclomaticComplexity="1" minCyclomaticComplexity="1" maxCrapScore="2" minCrapScore="2" visitedClasses="0" numClasses="0" visitedMethods="0" numMethods="1" />
              <MetadataToken>100663990</MetadataToken>
              <Name>System.Boolean ExMat.API.ExApi::ReloadLibrary(ExMat.VM.ExVM,System.String)</Name>
              <FileRef uid="55" />
              <SequencePoints>
                <SequencePoint vc="0" uspid="14140" ordinal="0" offset="13" sl="1119" sc="9" el="1119" ec="10" bec="0" bev="0" fileid="55" />
                <SequencePoint vc="0" uspid="14141" ordinal="1" offset="14" sl="1120" sc="13" el="1120" ec="150" bec="0" bev="0" fileid="55" />
                <SequencePoint vc="0" uspid="14142" ordinal="2" offset="50" sl="1121" sc="9" el="1121" ec="10" bec="0" bev="0" fileid="55" />
              </SequencePoints>
              <BranchPoints />
              <MethodPoint vc="0" uspid="14143" ordinal="0" offset="0" />
            </Method>
            <Method visited="false" cyclomaticComplexity="4" nPathComplexity="2" sequenceCoverage="0" branchCoverage="0" crapScore="20" isConstructor="false" isStatic="true" isGetter="false" isSetter="false">
              <Summary numSequencePoints="3" visitedSequencePoints="0" numBranchPoints="3" visitedBranchPoints="0" sequenceCoverage="0" branchCoverage="0" maxCyclomaticComplexity="4" minCyclomaticComplexity="4" maxCrapScore="20" minCrapScore="20" visitedClasses="0" numClasses="0" visitedMethods="0" numMethods="1" />
              <MetadataToken>100663991</MetadataToken>
              <Name>System.String ExMat.API.ExApi::GetLibraryNameFromStdClass(System.Type)</Name>
              <FileRef uid="55" />
              <SequencePoints>
                <SequencePoint vc="0" uspid="14144" ordinal="0" offset="0" sl="1129" sc="9" el="1129" ec="10" bec="0" bev="0" fileid="55" />
                <SequencePoint vc="0" uspid="14145" ordinal="1" offset="1" sl="1130" sc="13" el="1132" ec="32" bec="2" bev="0" fileid="55" />
                <SequencePoint vc="0" uspid="14146" ordinal="2" offset="71" sl="1133" sc="9" el="1133" ec="10" bec="0" bev="0" fileid="55" />
              </SequencePoints>
              <BranchPoints>
                <BranchPoint vc="0" uspid="14147" ordinal="0" offset="7" sl="1130" path="0" offsetend="9" fileid="55" />
                <BranchPoint vc="0" uspid="14148" ordinal="1" offset="7" sl="1130" path="1" offsetend="16" fileid="55" />
              </BranchPoints>
              <MethodPoint xsi:type="SequencePoint" vc="0" uspid="14144" ordinal="0" offset="0" sl="1129" sc="9" el="1129" ec="10" bec="0" bev="0" fileid="55" />
            </Method>
            <Method visited="false" cyclomaticComplexity="3" nPathComplexity="2" sequenceCoverage="0" branchCoverage="0" crapScore="12" isConstructor="false" isStatic="true" isGetter="false" isSetter="false">
              <Summary numSequencePoints="16" visitedSequencePoints="0" numBranchPoints="3" visitedBranchPoints="0" sequenceCoverage="0" branchCoverage="0" maxCyclomaticComplexity="3" minCyclomaticComplexity="3" maxCrapScore="12" minCrapScore="12" visitedClasses="0" numClasses="0" visitedMethods="0" numMethods="1" />
              <MetadataToken>100663992</MetadataToken>
              <Name>ExMat.ExMat/StdLibRegistery ExMat.API.ExApi::GetStdLibraryRegisteryMethod(System.Type)</Name>
              <FileRef uid="55" />
              <SequencePoints>
                <SequencePoint vc="0" uspid="14149" ordinal="0" offset="0" sl="1141" sc="9" el="1141" ec="10" bec="0" bev="0" fileid="55" />
                <SequencePoint vc="0" uspid="14150" ordinal="1" offset="1" sl="1142" sc="13" el="1142" ec="67" bec="0" bev="0" fileid="55" />
                <SequencePoint vc="0" uspid="14151" ordinal="2" offset="8" sl="1144" sc="13" el="1144" ec="52" bec="2" bev="0" fileid="55" />
                <SequencePoint vc="0" uspid="14152" ordinal="3" offset="18" sl="1145" sc="13" el="1145" ec="14" bec="0" bev="0" fileid="55" />
                <SequencePoint vc="0" uspid="14153" ordinal="4" offset="19" sl="1146" sc="17" el="1146" ec="29" bec="0" bev="0" fileid="55" />
                <SequencePoint vc="0" uspid="14154" ordinal="5" offset="23" sl="1149" sc="13" el="1149" ec="14" bec="0" bev="0" fileid="55" />
                <SequencePoint vc="0" uspid="14155" ordinal="6" offset="24" sl="1150" sc="17" el="1150" ec="65" bec="0" bev="0" fileid="55" />
                <SequencePoint vc="0" uspid="14156" ordinal="7" offset="32" sl="1151" sc="17" el="1151" ec="32" bec="0" bev="0" fileid="55" />
                <SequencePoint vc="0" uspid="14157" ordinal="8" offset="45" sl="1152" sc="17" el="1152" ec="18" bec="0" bev="0" fileid="55" />
                <SequencePoint vc="0" uspid="14158" ordinal="9" offset="46" sl="1153" sc="21" el="1153" ec="33" bec="0" bev="0" fileid="55" />
                <SequencePoint vc="0" uspid="14159" ordinal="10" offset="51" sl="1157" sc="17" el="1157" ec="18" bec="0" bev="0" fileid="55" />
                <SequencePoint vc="0" uspid="14160" ordinal="11" offset="52" sl="1158" sc="21" el="1158" ec="67" bec="0" bev="0" fileid="55" />
                <SequencePoint vc="0" uspid="14161" ordinal="12" offset="67" sl="1160" sc="17" el="1160" ec="22" bec="0" bev="0" fileid="55" />
                <SequencePoint vc="0" uspid="14162" ordinal="13" offset="68" sl="1161" sc="17" el="1161" ec="18" bec="0" bev="0" fileid="55" />
                <SequencePoint vc="0" uspid="14163" ordinal="14" offset="69" sl="1162" sc="21" el="1162" ec="33" bec="0" bev="0" fileid="55" />
                <SequencePoint vc="0" uspid="14164" ordinal="15" offset="73" sl="1165" sc="9" el="1165" ec="10" bec="0" bev="0" fileid="55" />
              </SequencePoints>
              <BranchPoints>
                <BranchPoint vc="0" uspid="14165" ordinal="0" offset="16" sl="1144" path="0" offsetend="18" fileid="55" />
                <BranchPoint vc="0" uspid="14166" ordinal="1" offset="16" sl="1144" path="1" offsetend="23" fileid="55" />
              </BranchPoints>
              <MethodPoint xsi:type="SequencePoint" vc="0" uspid="14149" ordinal="0" offset="0" sl="1141" sc="9" el="1141" ec="10" bec="0" bev="0" fileid="55" />
            </Method>
            <Method visited="false" cyclomaticComplexity="3" nPathComplexity="2" sequenceCoverage="0" branchCoverage="0" crapScore="12" isConstructor="false" isStatic="true" isGetter="false" isSetter="false">
              <Summary numSequencePoints="16" visitedSequencePoints="0" numBranchPoints="3" visitedBranchPoints="0" sequenceCoverage="0" branchCoverage="0" maxCyclomaticComplexity="3" minCyclomaticComplexity="3" maxCrapScore="12" minCrapScore="12" visitedClasses="0" numClasses="0" visitedMethods="0" numMethods="1" />
              <MetadataToken>100663993</MetadataToken>
              <Name>System.Collections.Generic.Dictionary`2&lt;System.String,ExMat.Objects.ExObject&gt; ExMat.API.ExApi::GetStdLibraryConstsDict(System.Type)</Name>
              <FileRef uid="55" />
              <SequencePoints>
                <SequencePoint vc="0" uspid="14167" ordinal="0" offset="0" sl="1173" sc="9" el="1173" ec="10" bec="0" bev="0" fileid="55" />
                <SequencePoint vc="0" uspid="14168" ordinal="1" offset="1" sl="1174" sc="13" el="1174" ec="62" bec="0" bev="0" fileid="55" />
                <SequencePoint vc="0" uspid="14169" ordinal="2" offset="8" sl="1176" sc="13" el="1176" ec="50" bec="2" bev="0" fileid="55" />
                <SequencePoint vc="0" uspid="14170" ordinal="3" offset="18" sl="1177" sc="13" el="1177" ec="14" bec="0" bev="0" fileid="55" />
                <SequencePoint vc="0" uspid="14171" ordinal="4" offset="19" sl="1178" sc="17" el="1178" ec="29" bec="0" bev="0" fileid="55" />
                <SequencePoint vc="0" uspid="14172" ordinal="5" offset="23" sl="1181" sc="13" el="1181" ec="14" bec="0" bev="0" fileid="55" />
                <SequencePoint vc="0" uspid="14173" ordinal="6" offset="24" sl="1182" sc="17" el="1182" ec="63" bec="0" bev="0" fileid="55" />
                <SequencePoint vc="0" uspid="14174" ordinal="7" offset="32" sl="1183" sc="17" el="1183" ec="32" bec="0" bev="0" fileid="55" />
                <SequencePoint vc="0" uspid="14175" ordinal="8" offset="45" sl="1184" sc="17" el="1184" ec="18" bec="0" bev="0" fileid="55" />
                <SequencePoint vc="0" uspid="14176" ordinal="9" offset="46" sl="1185" sc="21" el="1185" ec="33" bec="0" bev="0" fileid="55" />
                <SequencePoint vc="0" uspid="14177" ordinal="10" offset="51" sl="1189" sc="17" el="1189" ec="18" bec="0" bev="0" fileid="55" />
                <SequencePoint vc="0" uspid="14178" ordinal="11" offset="52" sl="1190" sc="21" el="1190" ec="74" bec="0" bev="0" fileid="55" />
                <SequencePoint vc="0" uspid="14179" ordinal="12" offset="67" sl="1192" sc="17" el="1192" ec="22" bec="0" bev="0" fileid="55" />
                <SequencePoint vc="0" uspid="14180" ordinal="13" offset="68" sl="1193" sc="17" el="1193" ec="18" bec="0" bev="0" fileid="55" />
                <SequencePoint vc="0" uspid="14181" ordinal="14" offset="69" sl="1194" sc="21" el="1194" ec="33" bec="0" bev="0" fileid="55" />
                <SequencePoint vc="0" uspid="14182" ordinal="15" offset="73" sl="1197" sc="9" el="1197" ec="10" bec="0" bev="0" fileid="55" />
              </SequencePoints>
              <BranchPoints>
                <BranchPoint vc="0" uspid="14183" ordinal="0" offset="16" sl="1176" path="0" offsetend="18" fileid="55" />
                <BranchPoint vc="0" uspid="14184" ordinal="1" offset="16" sl="1176" path="1" offsetend="23" fileid="55" />
              </BranchPoints>
              <MethodPoint xsi:type="SequencePoint" vc="0" uspid="14167" ordinal="0" offset="0" sl="1173" sc="9" el="1173" ec="10" bec="0" bev="0" fileid="55" />
            </Method>
            <Method visited="false" cyclomaticComplexity="5" nPathComplexity="4" sequenceCoverage="0" branchCoverage="0" crapScore="30" isConstructor="false" isStatic="true" isGetter="false" isSetter="false">
              <Summary numSequencePoints="3" visitedSequencePoints="0" numBranchPoints="5" visitedBranchPoints="0" sequenceCoverage="0" branchCoverage="0" maxCyclomaticComplexity="5" minCyclomaticComplexity="5" maxCrapScore="30" minCrapScore="30" visitedClasses="0" numClasses="0" visitedMethods="0" numMethods="1" />
              <MetadataToken>100663994</MetadataToken>
              <Name>System.String ExMat.API.ExApi::GetStdLibraryRegisteryName(System.Type)</Name>
              <FileRef uid="55" />
              <SequencePoints>
                <SequencePoint vc="0" uspid="14185" ordinal="0" offset="0" sl="1205" sc="9" el="1205" ec="10" bec="0" bev="0" fileid="55" />
                <SequencePoint vc="0" uspid="14186" ordinal="1" offset="1" sl="1206" sc="13" el="1208" ec="32" bec="3" bev="0" fileid="55" />
                <SequencePoint vc="0" uspid="14187" ordinal="2" offset="89" sl="1209" sc="9" el="1209" ec="10" bec="0" bev="0" fileid="55" />
              </SequencePoints>
              <BranchPoints>
                <BranchPoint vc="0" uspid="14188" ordinal="0" offset="7" sl="1206" path="0" offsetend="9" fileid="55" />
                <BranchPoint vc="0" uspid="14189" ordinal="1" offset="7" sl="1206" path="1" offsetend="27" fileid="55" />
                <BranchPoint vc="0" uspid="14190" ordinal="2" offset="25" sl="1206" path="0" offsetend="27" fileid="55" />
                <BranchPoint vc="0" uspid="14191" ordinal="3" offset="25" sl="1206" path="1" offsetend="34" fileid="55" />
              </BranchPoints>
              <MethodPoint xsi:type="SequencePoint" vc="0" uspid="14185" ordinal="0" offset="0" sl="1205" sc="9" el="1205" ec="10" bec="0" bev="0" fileid="55" />
            </Method>
            <Method visited="false" cyclomaticComplexity="5" nPathComplexity="4" sequenceCoverage="0" branchCoverage="0" crapScore="30" isConstructor="false" isStatic="true" isGetter="false" isSetter="false">
              <Summary numSequencePoints="3" visitedSequencePoints="0" numBranchPoints="5" visitedBranchPoints="0" sequenceCoverage="0" branchCoverage="0" maxCyclomaticComplexity="5" minCyclomaticComplexity="5" maxCrapScore="30" minCrapScore="30" visitedClasses="0" numClasses="0" visitedMethods="0" numMethods="1" />
              <MetadataToken>100663995</MetadataToken>
              <Name>System.String ExMat.API.ExApi::GetStdLibraryConstsName(System.Type)</Name>
              <FileRef uid="55" />
              <SequencePoints>
                <SequencePoint vc="0" uspid="14192" ordinal="0" offset="0" sl="1217" sc="9" el="1217" ec="10" bec="0" bev="0" fileid="55" />
                <SequencePoint vc="0" uspid="14193" ordinal="1" offset="1" sl="1218" sc="13" el="1220" ec="32" bec="3" bev="0" fileid="55" />
                <SequencePoint vc="0" uspid="14194" ordinal="2" offset="89" sl="1221" sc="9" el="1221" ec="10" bec="0" bev="0" fileid="55" />
              </SequencePoints>
              <BranchPoints>
                <BranchPoint vc="0" uspid="14195" ordinal="0" offset="7" sl="1218" path="0" offsetend="9" fileid="55" />
                <BranchPoint vc="0" uspid="14196" ordinal="1" offset="7" sl="1218" path="1" offsetend="27" fileid="55" />
                <BranchPoint vc="0" uspid="14197" ordinal="2" offset="25" sl="1218" path="0" offsetend="27" fileid="55" />
                <BranchPoint vc="0" uspid="14198" ordinal="3" offset="25" sl="1218" path="1" offsetend="34" fileid="55" />
              </BranchPoints>
              <MethodPoint xsi:type="SequencePoint" vc="0" uspid="14192" ordinal="0" offset="0" sl="1217" sc="9" el="1217" ec="10" bec="0" bev="0" fileid="55" />
            </Method>
            <Method visited="false" cyclomaticComplexity="1" nPathComplexity="0" sequenceCoverage="0" branchCoverage="0" crapScore="2" isConstructor="false" isStatic="true" isGetter="false" isSetter="false">
              <Summary numSequencePoints="3" visitedSequencePoints="0" numBranchPoints="1" visitedBranchPoints="0" sequenceCoverage="0" branchCoverage="0" maxCyclomaticComplexity="1" minCyclomaticComplexity="1" maxCrapScore="2" minCrapScore="2" visitedClasses="0" numClasses="0" visitedMethods="0" numMethods="1" />
              <MetadataToken>100663996</MetadataToken>
              <Name>System.Boolean ExMat.API.ExApi::IsStdLib(System.Type)</Name>
              <FileRef uid="55" />
              <SequencePoints>
                <SequencePoint vc="0" uspid="14199" ordinal="0" offset="0" sl="1229" sc="9" el="1229" ec="10" bec="0" bev="0" fileid="55" />
                <SequencePoint vc="0" uspid="14200" ordinal="1" offset="1" sl="1230" sc="13" el="1230" ec="72" bec="0" bev="0" fileid="55" />
                <SequencePoint vc="0" uspid="14201" ordinal="2" offset="20" sl="1231" sc="9" el="1231" ec="10" bec="0" bev="0" fileid="55" />
              </SequencePoints>
              <BranchPoints />
              <MethodPoint xsi:type="SequencePoint" vc="0" uspid="14199" ordinal="0" offset="0" sl="1229" sc="9" el="1229" ec="10" bec="0" bev="0" fileid="55" />
            </Method>
            <Method visited="false" cyclomaticComplexity="2" nPathComplexity="0" sequenceCoverage="0" branchCoverage="0" crapScore="6" isConstructor="false" isStatic="true" isGetter="false" isSetter="false">
              <Summary numSequencePoints="13" visitedSequencePoints="0" numBranchPoints="1" visitedBranchPoints="0" sequenceCoverage="0" branchCoverage="0" maxCyclomaticComplexity="2" minCyclomaticComplexity="2" maxCrapScore="6" minCrapScore="6" visitedClasses="0" numClasses="0" visitedMethods="0" numMethods="1" />
              <MetadataToken>100663997</MetadataToken>
              <Name>System.Void ExMat.API.ExApi::RegisterNativeFunctions(ExMat.VM.ExVM,System.Type)</Name>
              <FileRef uid="55" />
              <SequencePoints>
                <SequencePoint vc="0" uspid="14202" ordinal="0" offset="0" sl="1239" sc="9" el="1239" ec="10" bec="0" bev="0" fileid="55" />
                <SequencePoint vc="0" uspid="14203" ordinal="1" offset="1" sl="1240" sc="13" el="1240" ec="75" bec="0" bev="0" fileid="55" />
                <SequencePoint vc="0" uspid="14204" ordinal="2" offset="8" sl="1242" sc="13" el="1242" ec="68" bec="0" bev="0" fileid="55" />
                <SequencePoint vc="0" uspid="14205" ordinal="3" offset="15" sl="1244" sc="13" el="1244" ec="31" bec="0" bev="0" fileid="55" />
                <SequencePoint vc="0" uspid="14206" ordinal="4" offset="22" sl="1245" sc="13" el="1245" ec="20" bec="0" bev="0" fileid="55" />
                <SequencePoint vc="0" uspid="14207" ordinal="5" offset="23" sl="1245" sc="43" el="1245" ec="48" bec="0" bev="0" fileid="55" />
                <SequencePoint vc="0" uspid="14208" ordinal="6" offset="32" sl="1245" sc="22" el="1245" ec="39" bec="0" bev="0" fileid="55" />
                <SequencePoint vc="0" uspid="14209" ordinal="7" offset="40" sl="1246" sc="13" el="1246" ec="14" bec="0" bev="0" fileid="55" />
                <SequencePoint vc="0" uspid="14210" ordinal="8" offset="41" sl="1247" sc="17" el="1247" ec="59" bec="0" bev="0" fileid="55" />
                <SequencePoint vc="0" uspid="14211" ordinal="9" offset="50" sl="1248" sc="13" el="1248" ec="14" bec="0" bev="0" fileid="55" />
                <SequencePoint vc="0" uspid="14212" ordinal="10" offset="51" sl="1245" sc="40" el="1245" ec="42" bec="0" bev="0" fileid="55" />
                <SequencePoint vc="0" uspid="14213" ordinal="11" offset="77" sl="1249" sc="13" el="1249" ec="22" bec="0" bev="0" fileid="55" />
                <SequencePoint vc="0" uspid="14214" ordinal="12" offset="84" sl="1250" sc="9" el="1250" ec="10" bec="0" bev="0" fileid="55" />
              </SequencePoints>
              <BranchPoints />
              <MethodPoint xsi:type="SequencePoint" vc="0" uspid="14202" ordinal="0" offset="0" sl="1239" sc="9" el="1239" ec="10" bec="0" bev="0" fileid="55" />
            </Method>
            <Method visited="false" cyclomaticComplexity="1" nPathComplexity="0" sequenceCoverage="0" branchCoverage="0" crapScore="2" isConstructor="false" isStatic="true" isGetter="false" isSetter="false">
              <Summary numSequencePoints="3" visitedSequencePoints="0" numBranchPoints="1" visitedBranchPoints="0" sequenceCoverage="0" branchCoverage="0" maxCyclomaticComplexity="1" minCyclomaticComplexity="1" maxCrapScore="2" minCrapScore="2" visitedClasses="0" numClasses="0" visitedMethods="0" numMethods="1" />
              <MetadataToken>100663998</MetadataToken>
              <Name>System.Void ExMat.API.ExApi::CreateNewSlotConst(ExMat.VM.ExVM,System.String)</Name>
              <FileRef uid="55" />
              <SequencePoints>
                <SequencePoint vc="0" uspid="14215" ordinal="0" offset="0" sl="1253" sc="9" el="1253" ec="10" bec="0" bev="0" fileid="55" />
                <SequencePoint vc="0" uspid="14216" ordinal="1" offset="1" sl="1254" sc="13" el="1254" ec="47" bec="0" bev="0" fileid="55" />
                <SequencePoint vc="0" uspid="14217" ordinal="2" offset="12" sl="1255" sc="9" el="1255" ec="10" bec="0" bev="0" fileid="55" />
              </SequencePoints>
              <BranchPoints />
              <MethodPoint xsi:type="SequencePoint" vc="0" uspid="14215" ordinal="0" offset="0" sl="1253" sc="9" el="1253" ec="10" bec="0" bev="0" fileid="55" />
            </Method>
            <Method visited="false" cyclomaticComplexity="1" nPathComplexity="0" sequenceCoverage="0" branchCoverage="0" crapScore="2" isConstructor="false" isStatic="true" isGetter="false" isSetter="false">
              <Summary numSequencePoints="5" visitedSequencePoints="0" numBranchPoints="1" visitedBranchPoints="0" sequenceCoverage="0" branchCoverage="0" maxCyclomaticComplexity="1" minCyclomaticComplexity="1" maxCrapScore="2" minCrapScore="2" visitedClasses="0" numClasses="0" visitedMethods="0" numMethods="1" />
              <MetadataToken>100663999</MetadataToken>
              <Name>System.Void ExMat.API.ExApi::CreateConstantInt(ExMat.VM.ExVM,System.String,System.Int64)</Name>
              <FileRef uid="55" />
              <SequencePoints>
                <SequencePoint vc="0" uspid="14218" ordinal="0" offset="0" sl="1264" sc="9" el="1264" ec="10" bec="0" bev="0" fileid="55" />
                <SequencePoint vc="0" uspid="14219" ordinal="1" offset="1" sl="1265" sc="13" el="1265" ec="38" bec="0" bev="0" fileid="55" />
                <SequencePoint vc="0" uspid="14220" ordinal="2" offset="10" sl="1266" sc="13" el="1266" ec="26" bec="0" bev="0" fileid="55" />
                <SequencePoint vc="0" uspid="14221" ordinal="3" offset="18" sl="1267" sc="13" el="1267" ec="42" bec="0" bev="0" fileid="55" />
                <SequencePoint vc="0" uspid="14222" ordinal="4" offset="26" sl="1268" sc="9" el="1268" ec="10" bec="0" bev="0" fileid="55" />
              </SequencePoints>
              <BranchPoints />
              <MethodPoint xsi:type="SequencePoint" vc="0" uspid="14218" ordinal="0" offset="0" sl="1264" sc="9" el="1264" ec="10" bec="0" bev="0" fileid="55" />
            </Method>
            <Method visited="false" cyclomaticComplexity="1" nPathComplexity="0" sequenceCoverage="0" branchCoverage="0" crapScore="2" isConstructor="false" isStatic="true" isGetter="false" isSetter="false">
              <Summary numSequencePoints="5" visitedSequencePoints="0" numBranchPoints="1" visitedBranchPoints="0" sequenceCoverage="0" branchCoverage="0" maxCyclomaticComplexity="1" minCyclomaticComplexity="1" maxCrapScore="2" minCrapScore="2" visitedClasses="0" numClasses="0" visitedMethods="0" numMethods="1" />
              <MetadataToken>100664000</MetadataToken>
              <Name>System.Void ExMat.API.ExApi::CreateConstantFloat(ExMat.VM.ExVM,System.String,System.Double)</Name>
              <FileRef uid="55" />
              <SequencePoints>
                <SequencePoint vc="0" uspid="14223" ordinal="0" offset="0" sl="1277" sc="9" el="1277" ec="10" bec="0" bev="0" fileid="55" />
                <SequencePoint vc="0" uspid="14224" ordinal="1" offset="1" sl="1278" sc="13" el="1278" ec="38" bec="0" bev="0" fileid="55" />
                <SequencePoint vc="0" uspid="14225" ordinal="2" offset="10" sl="1279" sc="13" el="1279" ec="26" bec="0" bev="0" fileid="55" />
                <SequencePoint vc="0" uspid="14226" ordinal="3" offset="18" sl="1280" sc="13" el="1280" ec="42" bec="0" bev="0" fileid="55" />
                <SequencePoint vc="0" uspid="14227" ordinal="4" offset="26" sl="1281" sc="9" el="1281" ec="10" bec="0" bev="0" fileid="55" />
              </SequencePoints>
              <BranchPoints />
              <MethodPoint xsi:type="SequencePoint" vc="0" uspid="14223" ordinal="0" offset="0" sl="1277" sc="9" el="1277" ec="10" bec="0" bev="0" fileid="55" />
            </Method>
            <Method visited="false" cyclomaticComplexity="1" nPathComplexity="0" sequenceCoverage="0" branchCoverage="0" crapScore="2" isConstructor="false" isStatic="true" isGetter="false" isSetter="false">
              <Summary numSequencePoints="5" visitedSequencePoints="0" numBranchPoints="1" visitedBranchPoints="0" sequenceCoverage="0" branchCoverage="0" maxCyclomaticComplexity="1" minCyclomaticComplexity="1" maxCrapScore="2" minCrapScore="2" visitedClasses="0" numClasses="0" visitedMethods="0" numMethods="1" />
              <MetadataToken>100664001</MetadataToken>
              <Name>System.Void ExMat.API.ExApi::CreateConstantString(ExMat.VM.ExVM,System.String,System.String)</Name>
              <FileRef uid="55" />
              <SequencePoints>
                <SequencePoint vc="0" uspid="14228" ordinal="0" offset="0" sl="1290" sc="9" el="1290" ec="10" bec="0" bev="0" fileid="55" />
                <SequencePoint vc="0" uspid="14229" ordinal="1" offset="1" sl="1291" sc="13" el="1291" ec="38" bec="0" bev="0" fileid="55" />
                <SequencePoint vc="0" uspid="14230" ordinal="2" offset="10" sl="1292" sc="13" el="1292" ec="37" bec="0" bev="0" fileid="55" />
                <SequencePoint vc="0" uspid="14231" ordinal="3" offset="19" sl="1293" sc="13" el="1293" ec="42" bec="0" bev="0" fileid="55" />
                <SequencePoint vc="0" uspid="14232" ordinal="4" offset="27" sl="1294" sc="9" el="1294" ec="10" bec="0" bev="0" fileid="55" />
              </SequencePoints>
              <BranchPoints />
              <MethodPoint xsi:type="SequencePoint" vc="0" uspid="14228" ordinal="0" offset="0" sl="1290" sc="9" el="1290" ec="10" bec="0" bev="0" fileid="55" />
            </Method>
            <Method visited="false" cyclomaticComplexity="1" nPathComplexity="0" sequenceCoverage="0" branchCoverage="0" crapScore="2" isConstructor="false" isStatic="true" isGetter="false" isSetter="false">
              <Summary numSequencePoints="5" visitedSequencePoints="0" numBranchPoints="1" visitedBranchPoints="0" sequenceCoverage="0" branchCoverage="0" maxCyclomaticComplexity="1" minCyclomaticComplexity="1" maxCrapScore="2" minCrapScore="2" visitedClasses="0" numClasses="0" visitedMethods="0" numMethods="1" />
              <MetadataToken>100664002</MetadataToken>
              <Name>System.Void ExMat.API.ExApi::CreateConstantSpace(ExMat.VM.ExVM,System.String,ExMat.Objects.ExSpace)</Name>
              <FileRef uid="55" />
              <SequencePoints>
                <SequencePoint vc="0" uspid="14233" ordinal="0" offset="0" sl="1303" sc="9" el="1303" ec="10" bec="0" bev="0" fileid="55" />
                <SequencePoint vc="0" uspid="14234" ordinal="1" offset="1" sl="1304" sc="13" el="1304" ec="38" bec="0" bev="0" fileid="55" />
                <SequencePoint vc="0" uspid="14235" ordinal="2" offset="10" sl="1305" sc="13" el="1305" ec="40" bec="0" bev="0" fileid="55" />
                <SequencePoint vc="0" uspid="14236" ordinal="3" offset="23" sl="1306" sc="13" el="1306" ec="42" bec="0" bev="0" fileid="55" />
                <SequencePoint vc="0" uspid="14237" ordinal="4" offset="31" sl="1307" sc="9" el="1307" ec="10" bec="0" bev="0" fileid="55" />
              </SequencePoints>
              <BranchPoints />
              <MethodPoint xsi:type="SequencePoint" vc="0" uspid="14233" ordinal="0" offset="0" sl="1303" sc="9" el="1303" ec="10" bec="0" bev="0" fileid="55" />
            </Method>
            <Method visited="false" cyclomaticComplexity="1" nPathComplexity="0" sequenceCoverage="0" branchCoverage="0" crapScore="2" isConstructor="false" isStatic="true" isGetter="false" isSetter="false">
              <Summary numSequencePoints="5" visitedSequencePoints="0" numBranchPoints="1" visitedBranchPoints="0" sequenceCoverage="0" branchCoverage="0" maxCyclomaticComplexity="1" minCyclomaticComplexity="1" maxCrapScore="2" minCrapScore="2" visitedClasses="0" numClasses="0" visitedMethods="0" numMethods="1" />
              <MetadataToken>100664003</MetadataToken>
              <Name>System.Void ExMat.API.ExApi::CreateConstantDict(ExMat.VM.ExVM,System.String,System.Collections.Generic.Dictionary`2&lt;System.String,ExMat.Objects.ExObject&gt;)</Name>
              <FileRef uid="55" />
              <SequencePoints>
                <SequencePoint vc="0" uspid="14238" ordinal="0" offset="0" sl="1316" sc="9" el="1316" ec="10" bec="0" bev="0" fileid="55" />
                <SequencePoint vc="0" uspid="14239" ordinal="1" offset="1" sl="1317" sc="13" el="1317" ec="38" bec="0" bev="0" fileid="55" />
                <SequencePoint vc="0" uspid="14240" ordinal="2" offset="10" sl="1318" sc="13" el="1318" ec="41" bec="0" bev="0" fileid="55" />
                <SequencePoint vc="0" uspid="14241" ordinal="3" offset="23" sl="1319" sc="13" el="1319" ec="42" bec="0" bev="0" fileid="55" />
                <SequencePoint vc="0" uspid="14242" ordinal="4" offset="31" sl="1320" sc="9" el="1320" ec="10" bec="0" bev="0" fileid="55" />
              </SequencePoints>
              <BranchPoints />
              <MethodPoint xsi:type="SequencePoint" vc="0" uspid="14238" ordinal="0" offset="0" sl="1316" sc="9" el="1316" ec="10" bec="0" bev="0" fileid="55" />
            </Method>
            <Method visited="false" cyclomaticComplexity="1" nPathComplexity="0" sequenceCoverage="0" branchCoverage="0" crapScore="2" isConstructor="false" isStatic="true" isGetter="false" isSetter="false">
              <Summary numSequencePoints="5" visitedSequencePoints="0" numBranchPoints="1" visitedBranchPoints="0" sequenceCoverage="0" branchCoverage="0" maxCyclomaticComplexity="1" minCyclomaticComplexity="1" maxCrapScore="2" minCrapScore="2" visitedClasses="0" numClasses="0" visitedMethods="0" numMethods="1" />
              <MetadataToken>100664004</MetadataToken>
              <Name>System.Void ExMat.API.ExApi::CreateConstantList(ExMat.VM.ExVM,System.String,System.Collections.Generic.List`1&lt;ExMat.Objects.ExObject&gt;)</Name>
              <FileRef uid="55" />
              <SequencePoints>
                <SequencePoint vc="0" uspid="14243" ordinal="0" offset="0" sl="1329" sc="9" el="1329" ec="10" bec="0" bev="0" fileid="55" />
                <SequencePoint vc="0" uspid="14244" ordinal="1" offset="1" sl="1330" sc="13" el="1330" ec="38" bec="0" bev="0" fileid="55" />
                <SequencePoint vc="0" uspid="14245" ordinal="2" offset="10" sl="1331" sc="13" el="1331" ec="40" bec="0" bev="0" fileid="55" />
                <SequencePoint vc="0" uspid="14246" ordinal="3" offset="23" sl="1332" sc="13" el="1332" ec="42" bec="0" bev="0" fileid="55" />
                <SequencePoint vc="0" uspid="14247" ordinal="4" offset="31" sl="1333" sc="9" el="1333" ec="10" bec="0" bev="0" fileid="55" />
              </SequencePoints>
              <BranchPoints />
              <MethodPoint xsi:type="SequencePoint" vc="0" uspid="14243" ordinal="0" offset="0" sl="1329" sc="9" el="1329" ec="10" bec="0" bev="0" fileid="55" />
            </Method>
            <Method visited="false" cyclomaticComplexity="4" nPathComplexity="8" sequenceCoverage="0" branchCoverage="0" crapScore="20" isConstructor="false" isStatic="true" isGetter="false" isSetter="false">
              <Summary numSequencePoints="20" visitedSequencePoints="0" numBranchPoints="7" visitedBranchPoints="0" sequenceCoverage="0" branchCoverage="0" maxCyclomaticComplexity="4" minCyclomaticComplexity="4" maxCrapScore="20" minCrapScore="20" visitedClasses="0" numClasses="0" visitedMethods="0" numMethods="1" />
              <MetadataToken>100664005</MetadataToken>
              <Name>System.Void ExMat.API.ExApi::PushString(ExMat.VM.ExVM,System.String,System.Int32)</Name>
              <FileRef uid="55" />
              <SequencePoints>
                <SequencePoint vc="0" uspid="14248" ordinal="0" offset="0" sl="1342" sc="9" el="1342" ec="10" bec="0" bev="0" fileid="55" />
                <SequencePoint vc="0" uspid="14249" ordinal="1" offset="1" sl="1343" sc="13" el="1343" ec="43" bec="2" bev="0" fileid="55" />
                <SequencePoint vc="0" uspid="14250" ordinal="2" offset="11" sl="1344" sc="13" el="1344" ec="14" bec="0" bev="0" fileid="55" />
                <SequencePoint vc="0" uspid="14251" ordinal="3" offset="12" sl="1345" sc="17" el="1345" ec="31" bec="0" bev="0" fileid="55" />
                <SequencePoint vc="0" uspid="14252" ordinal="4" offset="19" sl="1346" sc="13" el="1346" ec="14" bec="0" bev="0" fileid="55" />
                <SequencePoint vc="0" uspid="14253" ordinal="5" offset="25" sl="1348" sc="13" el="1348" ec="14" bec="0" bev="0" fileid="55" />
                <SequencePoint vc="0" uspid="14254" ordinal="6" offset="26" sl="1350" sc="17" el="1350" ec="29" bec="2" bev="0" fileid="55" />
                <SequencePoint vc="0" uspid="14255" ordinal="7" offset="34" sl="1351" sc="17" el="1351" ec="18" bec="0" bev="0" fileid="55" />
                <SequencePoint vc="0" uspid="14256" ordinal="8" offset="35" sl="1352" sc="21" el="1352" ec="50" bec="0" bev="0" fileid="55" />
                <SequencePoint vc="0" uspid="14257" ordinal="9" offset="114" sl="1353" sc="17" el="1353" ec="18" bec="0" bev="0" fileid="55" />
                <SequencePoint vc="0" uspid="14258" ordinal="10" offset="115" sl="1354" sc="17" el="1354" ec="62" bec="2" bev="0" fileid="55" />
                <SequencePoint vc="0" uspid="14259" ordinal="11" offset="141" sl="1355" sc="17" el="1355" ec="18" bec="0" bev="0" fileid="55" />
                <SequencePoint vc="0" uspid="14260" ordinal="12" offset="142" sl="1356" sc="21" el="1356" ec="63" bec="0" bev="0" fileid="55" />
                <SequencePoint vc="0" uspid="14261" ordinal="13" offset="166" sl="1357" sc="17" el="1357" ec="18" bec="0" bev="0" fileid="55" />
                <SequencePoint vc="0" uspid="14262" ordinal="14" offset="169" sl="1359" sc="17" el="1359" ec="18" bec="0" bev="0" fileid="55" />
                <SequencePoint vc="0" uspid="14263" ordinal="15" offset="170" sl="1360" sc="21" el="1360" ec="60" bec="0" bev="0" fileid="55" />
                <SequencePoint vc="0" uspid="14264" ordinal="16" offset="194" sl="1361" sc="17" el="1361" ec="18" bec="0" bev="0" fileid="55" />
                <SequencePoint vc="0" uspid="14265" ordinal="17" offset="195" sl="1362" sc="17" el="1362" ec="30" bec="0" bev="0" fileid="55" />
                <SequencePoint vc="0" uspid="14266" ordinal="18" offset="203" sl="1363" sc="13" el="1363" ec="14" bec="0" bev="0" fileid="55" />
                <SequencePoint vc="0" uspid="14267" ordinal="19" offset="204" sl="1364" sc="9" el="1364" ec="10" bec="0" bev="0" fileid="55" />
              </SequencePoints>
              <BranchPoints>
                <BranchPoint vc="0" uspid="14268" ordinal="0" offset="9" sl="1343" path="0" offsetend="11" fileid="55" />
                <BranchPoint vc="0" uspid="14269" ordinal="1" offset="9" sl="1343" path="1" offsetend="25" fileid="55" />
                <BranchPoint vc="0" uspid="14270" ordinal="2" offset="32" sl="1350" path="0" offsetend="34" fileid="55" />
                <BranchPoint vc="0" uspid="14271" ordinal="3" offset="32" sl="1350" path="1" offsetend="115" fileid="55" />
                <BranchPoint vc="0" uspid="14272" ordinal="4" offset="139" sl="1354" path="0" offsetend="141" fileid="55" />
                <BranchPoint vc="0" uspid="14273" ordinal="5" offset="139" sl="1354" path="1" offsetend="169" fileid="55" />
              </BranchPoints>
              <MethodPoint xsi:type="SequencePoint" vc="0" uspid="14248" ordinal="0" offset="0" sl="1342" sc="9" el="1342" ec="10" bec="0" bev="0" fileid="55" />
            </Method>
            <Method visited="false" cyclomaticComplexity="1" nPathComplexity="0" sequenceCoverage="0" branchCoverage="0" crapScore="2" isConstructor="false" isStatic="true" isGetter="false" isSetter="false">
              <Summary numSequencePoints="3" visitedSequencePoints="0" numBranchPoints="1" visitedBranchPoints="0" sequenceCoverage="0" branchCoverage="0" maxCyclomaticComplexity="1" minCyclomaticComplexity="1" maxCrapScore="2" minCrapScore="2" visitedClasses="0" numClasses="0" visitedMethods="0" numMethods="1" />
              <MetadataToken>100664006</MetadataToken>
              <Name>System.Void ExMat.API.ExApi::CreateClosure(ExMat.VM.ExVM,ExMat.ExMat/StdLibFunction)</Name>
              <FileRef uid="55" />
              <SequencePoints>
                <SequencePoint vc="0" uspid="14274" ordinal="0" offset="0" sl="1372" sc="9" el="1372" ec="10" bec="0" bev="0" fileid="55" />
                <SequencePoint vc="0" uspid="14275" ordinal="1" offset="1" sl="1373" sc="13" el="1373" ec="67" bec="0" bev="0" fileid="55" />
                <SequencePoint vc="0" uspid="14276" ordinal="2" offset="21" sl="1374" sc="9" el="1374" ec="10" bec="0" bev="0" fileid="55" />
              </SequencePoints>
              <BranchPoints />
              <MethodPoint xsi:type="SequencePoint" vc="0" uspid="14274" ordinal="0" offset="0" sl="1372" sc="9" el="1372" ec="10" bec="0" bev="0" fileid="55" />
            </Method>
            <Method visited="false" cyclomaticComplexity="2" nPathComplexity="2" sequenceCoverage="0" branchCoverage="0" crapScore="6" isConstructor="false" isStatic="true" isGetter="false" isSetter="false">
              <Summary numSequencePoints="7" visitedSequencePoints="0" numBranchPoints="3" visitedBranchPoints="0" sequenceCoverage="0" branchCoverage="0" maxCyclomaticComplexity="2" minCyclomaticComplexity="2" maxCrapScore="6" minCrapScore="6" visitedClasses="0" numClasses="0" visitedMethods="0" numMethods="1" />
              <MetadataToken>100664007</MetadataToken>
              <Name>System.Void ExMat.API.ExApi::SetNativeClosureName(ExMat.VM.ExVM,System.Int32,System.String)</Name>
              <FileRef uid="55" />
              <SequencePoints>
                <SequencePoint vc="0" uspid="14277" ordinal="0" offset="0" sl="1383" sc="9" el="1383" ec="10" bec="0" bev="0" fileid="55" />
                <SequencePoint vc="0" uspid="14278" ordinal="1" offset="1" sl="1384" sc="13" el="1384" ec="47" bec="0" bev="0" fileid="55" />
                <SequencePoint vc="0" uspid="14279" ordinal="2" offset="9" sl="1385" sc="13" el="1385" ec="51" bec="2" bev="0" fileid="55" />
                <SequencePoint vc="0" uspid="14280" ordinal="3" offset="26" sl="1386" sc="13" el="1386" ec="14" bec="0" bev="0" fileid="55" />
                <SequencePoint vc="0" uspid="14281" ordinal="4" offset="27" sl="1387" sc="17" el="1387" ec="50" bec="0" bev="0" fileid="55" />
                <SequencePoint vc="0" uspid="14282" ordinal="5" offset="44" sl="1388" sc="13" el="1388" ec="14" bec="0" bev="0" fileid="55" />
                <SequencePoint vc="0" uspid="14283" ordinal="6" offset="45" sl="1389" sc="9" el="1389" ec="10" bec="0" bev="0" fileid="55" />
              </SequencePoints>
              <BranchPoints>
                <BranchPoint vc="0" uspid="14284" ordinal="0" offset="24" sl="1385" path="0" offsetend="26" fileid="55" />
                <BranchPoint vc="0" uspid="14285" ordinal="1" offset="24" sl="1385" path="1" offsetend="45" fileid="55" />
              </BranchPoints>
              <MethodPoint xsi:type="SequencePoint" vc="0" uspid="14277" ordinal="0" offset="0" sl="1383" sc="9" el="1383" ec="10" bec="0" bev="0" fileid="55" />
            </Method>
            <Method visited="false" cyclomaticComplexity="3" nPathComplexity="2" sequenceCoverage="0" branchCoverage="0" crapScore="12" isConstructor="false" isStatic="true" isGetter="false" isSetter="false">
              <Summary numSequencePoints="13" visitedSequencePoints="0" numBranchPoints="3" visitedBranchPoints="0" sequenceCoverage="0" branchCoverage="0" maxCyclomaticComplexity="3" minCyclomaticComplexity="3" maxCrapScore="12" minCrapScore="12" visitedClasses="0" numClasses="0" visitedMethods="0" numMethods="1" />
              <MetadataToken>100664008</MetadataToken>
              <Name>System.String ExMat.API.ExApi::GetExpectedTypes(System.Int32)</Name>
              <FileRef uid="55" />
              <SequencePoints>
                <SequencePoint vc="0" uspid="14286" ordinal="0" offset="0" sl="1397" sc="9" el="1397" ec="10" bec="0" bev="0" fileid="55" />
                <SequencePoint vc="0" uspid="14287" ordinal="1" offset="1" sl="1398" sc="13" el="1398" ec="40" bec="0" bev="0" fileid="55" />
                <SequencePoint vc="0" uspid="14288" ordinal="2" offset="7" sl="1399" sc="18" el="1399" ec="27" bec="0" bev="0" fileid="55" />
                <SequencePoint vc="0" uspid="14289" ordinal="3" offset="11" sl="1400" sc="13" el="1400" ec="14" bec="0" bev="0" fileid="55" />
                <SequencePoint vc="0" uspid="14290" ordinal="4" offset="12" sl="1401" sc="17" el="1401" ec="44" bec="2" bev="0" fileid="55" />
                <SequencePoint vc="0" uspid="14291" ordinal="5" offset="27" sl="1402" sc="17" el="1402" ec="18" bec="0" bev="0" fileid="55" />
                <SequencePoint vc="0" uspid="14292" ordinal="6" offset="28" sl="1403" sc="21" el="1403" ec="66" bec="0" bev="0" fileid="55" />
                <SequencePoint vc="0" uspid="14293" ordinal="7" offset="55" sl="1404" sc="17" el="1404" ec="18" bec="0" bev="0" fileid="55" />
                <SequencePoint vc="0" uspid="14294" ordinal="8" offset="56" sl="1405" sc="13" el="1405" ec="14" bec="0" bev="0" fileid="55" />
                <SequencePoint vc="0" uspid="14295" ordinal="9" offset="57" sl="1399" sc="37" el="1399" ec="40" bec="0" bev="0" fileid="55" />
                <SequencePoint vc="0" uspid="14296" ordinal="10" offset="61" sl="1399" sc="29" el="1399" ec="35" bec="0" bev="0" fileid="55" />
                <SequencePoint vc="0" uspid="14297" ordinal="11" offset="72" sl="1407" sc="13" el="1407" ec="57" bec="0" bev="0" fileid="55" />
                <SequencePoint vc="0" uspid="14298" ordinal="12" offset="102" sl="1408" sc="9" el="1408" ec="10" bec="0" bev="0" fileid="55" />
              </SequencePoints>
              <BranchPoints>
                <BranchPoint vc="0" uspid="14299" ordinal="0" offset="25" sl="1401" path="0" offsetend="27" fileid="55" />
                <BranchPoint vc="0" uspid="14300" ordinal="1" offset="25" sl="1401" path="1" offsetend="56" fileid="55" />
              </BranchPoints>
              <MethodPoint xsi:type="SequencePoint" vc="0" uspid="14286" ordinal="0" offset="0" sl="1397" sc="9" el="1397" ec="10" bec="0" bev="0" fileid="55" />
            </Method>
            <Method visited="false" cyclomaticComplexity="4" nPathComplexity="4" sequenceCoverage="0" branchCoverage="0" crapScore="20" isConstructor="false" isStatic="true" isGetter="false" isSetter="false">
              <Summary numSequencePoints="15" visitedSequencePoints="0" numBranchPoints="5" visitedBranchPoints="0" sequenceCoverage="0" branchCoverage="0" maxCyclomaticComplexity="4" minCyclomaticComplexity="4" maxCrapScore="20" minCrapScore="20" visitedClasses="0" numClasses="0" visitedMethods="0" numMethods="1" />
              <MetadataToken>100664009</MetadataToken>
              <Name>System.Int32 ExMat.API.ExApi::CompileTypeChar(System.Char)</Name>
              <FileRef uid="55" />
              <SequencePoints>
                <SequencePoint vc="0" uspid="14301" ordinal="0" offset="0" sl="1417" sc="9" el="1417" ec="10" bec="0" bev="0" fileid="55" />
                <SequencePoint vc="0" uspid="14302" ordinal="1" offset="1" sl="1418" sc="13" el="1418" ec="50" bec="2" bev="0" fileid="55" />
                <SequencePoint vc="0" uspid="14303" ordinal="2" offset="16" sl="1419" sc="13" el="1419" ec="14" bec="0" bev="0" fileid="55" />
                <SequencePoint vc="0" uspid="14304" ordinal="3" offset="17" sl="1420" sc="17" el="1420" ec="24" bec="0" bev="0" fileid="55" />
                <SequencePoint vc="0" uspid="14305" ordinal="4" offset="18" sl="1420" sc="58" el="1420" ec="73" bec="0" bev="0" fileid="55" />
                <SequencePoint vc="0" uspid="14306" ordinal="5" offset="31" sl="1420" sc="26" el="1420" ec="54" bec="0" bev="0" fileid="55" />
                <SequencePoint vc="0" uspid="14307" ordinal="6" offset="39" sl="1421" sc="17" el="1421" ec="18" bec="0" bev="0" fileid="55" />
                <SequencePoint vc="0" uspid="14308" ordinal="7" offset="40" sl="1422" sc="21" el="1422" ec="41" bec="2" bev="0" fileid="55" />
                <SequencePoint vc="0" uspid="14309" ordinal="8" offset="54" sl="1423" sc="21" el="1423" ec="22" bec="0" bev="0" fileid="55" />
                <SequencePoint vc="0" uspid="14310" ordinal="9" offset="55" sl="1424" sc="25" el="1424" ec="41" bec="0" bev="0" fileid="55" />
                <SequencePoint vc="0" uspid="14311" ordinal="10" offset="66" sl="1426" sc="17" el="1426" ec="18" bec="0" bev="0" fileid="55" />
                <SequencePoint vc="0" uspid="14312" ordinal="11" offset="67" sl="1420" sc="55" el="1420" ec="57" bec="0" bev="0" fileid="55" />
                <SequencePoint vc="0" uspid="14313" ordinal="12" offset="93" sl="1427" sc="17" el="1427" ec="26" bec="0" bev="0" fileid="55" />
                <SequencePoint vc="0" uspid="14314" ordinal="13" offset="98" sl="1429" sc="13" el="1429" ec="33" bec="0" bev="0" fileid="55" />
                <SequencePoint vc="0" uspid="14315" ordinal="14" offset="107" sl="1430" sc="9" el="1430" ec="10" bec="0" bev="0" fileid="55" />
              </SequencePoints>
              <BranchPoints>
                <BranchPoint vc="0" uspid="14316" ordinal="0" offset="14" sl="1418" path="0" offsetend="16" fileid="55" />
                <BranchPoint vc="0" uspid="14317" ordinal="1" offset="14" sl="1418" path="1" offsetend="98" fileid="55" />
                <BranchPoint vc="0" uspid="14318" ordinal="2" offset="52" sl="1422" path="0" offsetend="54" fileid="55" />
                <BranchPoint vc="0" uspid="14319" ordinal="3" offset="52" sl="1422" path="1" offsetend="66" fileid="55" />
              </BranchPoints>
              <MethodPoint xsi:type="SequencePoint" vc="0" uspid="14301" ordinal="0" offset="0" sl="1417" sc="9" el="1417" ec="10" bec="0" bev="0" fileid="55" />
            </Method>
            <Method visited="false" cyclomaticComplexity="1" nPathComplexity="0" sequenceCoverage="0" branchCoverage="0" crapScore="2" isConstructor="false" isStatic="true" isGetter="false" isSetter="false">
              <Summary numSequencePoints="3" visitedSequencePoints="0" numBranchPoints="1" visitedBranchPoints="0" sequenceCoverage="0" branchCoverage="0" maxCyclomaticComplexity="1" minCyclomaticComplexity="1" maxCrapScore="2" minCrapScore="2" visitedClasses="0" numClasses="0" visitedMethods="0" numMethods="1" />
              <MetadataToken>100664010</MetadataToken>
              <Name>System.String ExMat.API.ExApi::DecompileTypeMaskChar(ExMat.ExBaseType)</Name>
              <FileRef uid="55" />
              <SequencePoints>
                <SequencePoint vc="0" uspid="14320" ordinal="0" offset="0" sl="1438" sc="9" el="1438" ec="10" bec="0" bev="0" fileid="55" />
                <SequencePoint vc="0" uspid="14321" ordinal="1" offset="1" sl="1439" sc="13" el="1439" ec="53" bec="0" bev="0" fileid="55" />
                <SequencePoint vc="0" uspid="14322" ordinal="2" offset="10" sl="1440" sc="9" el="1440" ec="10" bec="0" bev="0" fileid="55" />
              </SequencePoints>
              <BranchPoints />
              <MethodPoint xsi:type="SequencePoint" vc="0" uspid="14320" ordinal="0" offset="0" sl="1438" sc="9" el="1438" ec="10" bec="0" bev="0" fileid="55" />
            </Method>
            <Method visited="false" cyclomaticComplexity="5" nPathComplexity="8" sequenceCoverage="0" branchCoverage="0" crapScore="30" isConstructor="false" isStatic="true" isGetter="false" isSetter="false">
              <Summary numSequencePoints="18" visitedSequencePoints="0" numBranchPoints="7" visitedBranchPoints="0" sequenceCoverage="0" branchCoverage="0" maxCyclomaticComplexity="5" minCyclomaticComplexity="5" maxCrapScore="30" minCrapScore="30" visitedClasses="0" numClasses="0" visitedMethods="0" numMethods="1" />
              <MetadataToken>100664011</MetadataToken>
              <Name>System.String ExMat.API.ExApi::DecompileTypeMaskChar(System.Int32)</Name>
              <FileRef uid="55" />
              <SequencePoints>
                <SequencePoint vc="0" uspid="14323" ordinal="0" offset="0" sl="1448" sc="9" el="1448" ec="10" bec="0" bev="0" fileid="55" />
                <SequencePoint vc="0" uspid="14324" ordinal="1" offset="1" sl="1449" sc="13" el="1449" ec="48" bec="2" bev="0" fileid="55" />
                <SequencePoint vc="0" uspid="14325" ordinal="2" offset="16" sl="1450" sc="13" el="1450" ec="14" bec="0" bev="0" fileid="55" />
                <SequencePoint vc="0" uspid="14326" ordinal="3" offset="17" sl="1451" sc="17" el="1451" ec="80" bec="0" bev="0" fileid="55" />
                <SequencePoint vc="0" uspid="14327" ordinal="4" offset="44" sl="1454" sc="13" el="1454" ec="14" bec="0" bev="0" fileid="55" />
                <SequencePoint vc="0" uspid="14328" ordinal="5" offset="45" sl="1455" sc="17" el="1455" ec="66" bec="0" bev="0" fileid="55" />
                <SequencePoint vc="0" uspid="14329" ordinal="6" offset="63" sl="1456" sc="17" el="1456" ec="41" bec="0" bev="0" fileid="55" />
                <SequencePoint vc="0" uspid="14330" ordinal="7" offset="70" sl="1458" sc="22" el="1458" ec="31" bec="0" bev="0" fileid="55" />
                <SequencePoint vc="0" uspid="14331" ordinal="8" offset="75" sl="1459" sc="17" el="1459" ec="18" bec="0" bev="0" fileid="55" />
                <SequencePoint vc="0" uspid="14332" ordinal="9" offset="76" sl="1460" sc="21" el="1460" ec="78" bec="4" bev="0" fileid="55" />
                <SequencePoint vc="0" uspid="14333" ordinal="10" offset="109" sl="1461" sc="21" el="1461" ec="22" bec="0" bev="0" fileid="55" />
                <SequencePoint vc="0" uspid="14334" ordinal="11" offset="110" sl="1462" sc="25" el="1462" ec="54" bec="0" bev="0" fileid="55" />
                <SequencePoint vc="0" uspid="14335" ordinal="12" offset="130" sl="1463" sc="21" el="1463" ec="22" bec="0" bev="0" fileid="55" />
                <SequencePoint vc="0" uspid="14336" ordinal="13" offset="131" sl="1464" sc="17" el="1464" ec="18" bec="0" bev="0" fileid="55" />
                <SequencePoint vc="0" uspid="14337" ordinal="14" offset="132" sl="1458" sc="40" el="1458" ec="43" bec="0" bev="0" fileid="55" />
                <SequencePoint vc="0" uspid="14338" ordinal="15" offset="138" sl="1458" sc="33" el="1458" ec="38" bec="0" bev="0" fileid="55" />
                <SequencePoint vc="0" uspid="14339" ordinal="16" offset="149" sl="1465" sc="17" el="1465" ec="47" bec="0" bev="0" fileid="55" />
                <SequencePoint vc="0" uspid="14340" ordinal="17" offset="164" sl="1467" sc="9" el="1467" ec="10" bec="0" bev="0" fileid="55" />
              </SequencePoints>
              <BranchPoints>
                <BranchPoint vc="0" uspid="14341" ordinal="0" offset="14" sl="1449" path="0" offsetend="16" fileid="55" />
                <BranchPoint vc="0" uspid="14342" ordinal="1" offset="14" sl="1449" path="1" offsetend="44" fileid="55" />
                <BranchPoint vc="0" uspid="14343" ordinal="2" offset="86" sl="1460" path="0" offsetend="88" fileid="55" />
                <BranchPoint vc="0" uspid="14344" ordinal="3" offset="86" sl="1460" path="1" offsetend="102" fileid="55" />
                <BranchPoint vc="0" uspid="14345" ordinal="4" offset="107" sl="1460" path="0" offsetend="109" fileid="55" />
                <BranchPoint vc="0" uspid="14346" ordinal="5" offset="107" sl="1460" path="1" offsetend="131" fileid="55" />
              </BranchPoints>
              <MethodPoint xsi:type="SequencePoint" vc="0" uspid="14323" ordinal="0" offset="0" sl="1448" sc="9" el="1448" ec="10" bec="0" bev="0" fileid="55" />
            </Method>
            <Method visited="false" cyclomaticComplexity="7" nPathComplexity="64" sequenceCoverage="0" branchCoverage="0" crapScore="56" isConstructor="false" isStatic="true" isGetter="false" isSetter="false">
              <Summary numSequencePoints="32" visitedSequencePoints="0" numBranchPoints="13" visitedBranchPoints="0" sequenceCoverage="0" branchCoverage="0" maxCyclomaticComplexity="7" minCyclomaticComplexity="7" maxCrapScore="56" minCrapScore="56" visitedClasses="0" numClasses="0" visitedMethods="0" numMethods="1" />
              <MetadataToken>100664012</MetadataToken>
              <Name>System.Boolean ExMat.API.ExApi::CompileTypeMask(System.String,System.Collections.Generic.List`1&lt;System.Int32&gt;)</Name>
              <FileRef uid="55" />
              <SequencePoints>
                <SequencePoint vc="0" uspid="14347" ordinal="0" offset="0" sl="1476" sc="9" el="1476" ec="10" bec="0" bev="0" fileid="55" />
                <SequencePoint vc="0" uspid="14348" ordinal="1" offset="1" sl="1477" sc="13" el="1477" ec="22" bec="0" bev="0" fileid="55" />
                <SequencePoint vc="0" uspid="14349" ordinal="2" offset="3" sl="1477" sc="24" el="1477" ec="29" bec="0" bev="0" fileid="55" />
                <SequencePoint vc="0" uspid="14350" ordinal="3" offset="5" sl="1477" sc="31" el="1477" ec="46" bec="0" bev="0" fileid="55" />
                <SequencePoint vc="0" uspid="14351" ordinal="4" offset="17" sl="1480" sc="13" el="1480" ec="14" bec="0" bev="0" fileid="55" />
                <SequencePoint vc="0" uspid="14352" ordinal="5" offset="18" sl="1481" sc="17" el="1481" ec="54" bec="0" bev="0" fileid="55" />
                <SequencePoint vc="0" uspid="14353" ordinal="6" offset="31" sl="1482" sc="17" el="1482" ec="43" bec="2" bev="0" fileid="55" />
                <SequencePoint vc="0" uspid="14354" ordinal="7" offset="45" sl="1483" sc="17" el="1483" ec="18" bec="0" bev="0" fileid="55" />
                <SequencePoint vc="0" uspid="14355" ordinal="8" offset="46" sl="1484" sc="21" el="1484" ec="34" bec="0" bev="0" fileid="55" />
                <SequencePoint vc="0" uspid="14356" ordinal="9" offset="51" sl="1486" sc="22" el="1486" ec="37" bec="2" bev="0" fileid="55" />
                <SequencePoint vc="0" uspid="14357" ordinal="10" offset="61" sl="1487" sc="17" el="1487" ec="18" bec="0" bev="0" fileid="55" />
                <SequencePoint vc="0" uspid="14358" ordinal="11" offset="62" sl="1488" sc="21" el="1488" ec="37" bec="0" bev="0" fileid="55" />
                <SequencePoint vc="0" uspid="14359" ordinal="12" offset="70" sl="1489" sc="21" el="1489" ec="25" bec="0" bev="0" fileid="55" />
                <SequencePoint vc="0" uspid="14360" ordinal="13" offset="74" sl="1490" sc="21" el="1490" ec="27" bec="0" bev="0" fileid="55" />
                <SequencePoint vc="0" uspid="14361" ordinal="14" offset="76" sl="1491" sc="21" el="1491" ec="30" bec="0" bev="0" fileid="55" />
                <SequencePoint vc="0" uspid="14362" ordinal="15" offset="78" sl="1494" sc="17" el="1494" ec="18" bec="0" bev="0" fileid="55" />
                <SequencePoint vc="0" uspid="14363" ordinal="16" offset="79" sl="1495" sc="21" el="1495" ec="32" bec="0" bev="0" fileid="55" />
                <SequencePoint vc="0" uspid="14364" ordinal="17" offset="83" sl="1496" sc="17" el="1496" ec="18" bec="0" bev="0" fileid="55" />
                <SequencePoint vc="0" uspid="14365" ordinal="18" offset="84" sl="1498" sc="17" el="1498" ec="21" bec="0" bev="0" fileid="55" />
                <SequencePoint vc="0" uspid="14366" ordinal="19" offset="88" sl="1499" sc="17" el="1499" ec="45" bec="4" bev="0" fileid="55" />
                <SequencePoint vc="0" uspid="14367" ordinal="20" offset="112" sl="1500" sc="17" el="1500" ec="18" bec="0" bev="0" fileid="55" />
                <SequencePoint vc="0" uspid="14368" ordinal="21" offset="113" sl="1501" sc="21" el="1501" ec="25" bec="0" bev="0" fileid="55" />
                <SequencePoint vc="0" uspid="14369" ordinal="22" offset="117" sl="1502" sc="21" el="1502" ec="32" bec="2" bev="0" fileid="55" />
                <SequencePoint vc="0" uspid="14370" ordinal="23" offset="127" sl="1503" sc="21" el="1503" ec="22" bec="0" bev="0" fileid="55" />
                <SequencePoint vc="0" uspid="14371" ordinal="24" offset="128" sl="1504" sc="25" el="1504" ec="38" bec="0" bev="0" fileid="55" />
                <SequencePoint vc="0" uspid="14372" ordinal="25" offset="133" sl="1506" sc="21" el="1506" ec="30" bec="0" bev="0" fileid="55" />
                <SequencePoint vc="0" uspid="14373" ordinal="26" offset="135" sl="1508" sc="17" el="1508" ec="32" bec="0" bev="0" fileid="55" />
                <SequencePoint vc="0" uspid="14374" ordinal="27" offset="143" sl="1509" sc="17" el="1509" ec="23" bec="0" bev="0" fileid="55" />
                <SequencePoint vc="0" uspid="14375" ordinal="28" offset="145" sl="1510" sc="13" el="1510" ec="14" bec="0" bev="0" fileid="55" />
                <SequencePoint vc="0" uspid="14376" ordinal="29" offset="146" sl="1479" sc="13" el="1479" ec="26" bec="2" bev="0" fileid="55" />
                <SequencePoint vc="0" uspid="14377" ordinal="30" offset="159" sl="1511" sc="13" el="1511" ec="25" bec="0" bev="0" fileid="55" />
                <SequencePoint vc="0" uspid="14378" ordinal="31" offset="164" sl="1512" sc="9" el="1512" ec="10" bec="0" bev="0" fileid="55" />
              </SequencePoints>
              <BranchPoints>
                <BranchPoint vc="0" uspid="14379" ordinal="0" offset="43" sl="1482" path="0" offsetend="45" fileid="55" />
                <BranchPoint vc="0" uspid="14380" ordinal="1" offset="43" sl="1482" path="1" offsetend="51" fileid="55" />
                <BranchPoint vc="0" uspid="14381" ordinal="2" offset="59" sl="1486" path="0" offsetend="61" fileid="55" />
                <BranchPoint vc="0" uspid="14382" ordinal="3" offset="59" sl="1486" path="1" offsetend="78" fileid="55" />
                <BranchPoint vc="0" uspid="14383" ordinal="4" offset="90" sl="1499" path="0" offsetend="92" fileid="55" />
                <BranchPoint vc="0" uspid="14384" ordinal="5" offset="90" sl="1499" path="1" offsetend="105" fileid="55" />
                <BranchPoint vc="0" uspid="14385" ordinal="6" offset="110" sl="1499" path="0" offsetend="112" fileid="55" />
                <BranchPoint vc="0" uspid="14386" ordinal="7" offset="110" sl="1499" path="1" offsetend="135" fileid="55" />
                <BranchPoint vc="0" uspid="14387" ordinal="8" offset="125" sl="1502" path="0" offsetend="127" fileid="55" />
                <BranchPoint vc="0" uspid="14388" ordinal="9" offset="125" sl="1502" path="1" offsetchain="133" offsetend="146" fileid="55" />
                <BranchPoint vc="0" uspid="14389" ordinal="10" offset="154" sl="1479" path="0" offsetend="159" fileid="55" />
                <BranchPoint vc="0" uspid="14390" ordinal="11" offset="154" sl="1479" path="1" offsetend="17" fileid="55" />
              </BranchPoints>
              <MethodPoint xsi:type="SequencePoint" vc="0" uspid="14347" ordinal="0" offset="0" sl="1476" sc="9" el="1476" ec="10" bec="0" bev="0" fileid="55" />
            </Method>
            <Method visited="false" cyclomaticComplexity="4" nPathComplexity="8" sequenceCoverage="0" branchCoverage="0" crapScore="20" isConstructor="false" isStatic="true" isGetter="false" isSetter="false">
              <Summary numSequencePoints="18" visitedSequencePoints="0" numBranchPoints="7" visitedBranchPoints="0" sequenceCoverage="0" branchCoverage="0" maxCyclomaticComplexity="4" minCyclomaticComplexity="4" maxCrapScore="20" minCrapScore="20" visitedClasses="0" numClasses="0" visitedMethods="0" numMethods="1" />
              <MetadataToken>100664013</MetadataToken>
              <Name>System.String ExMat.API.ExApi::GetNClosureDefaultParamInfo(System.Int32,System.Int32,System.Collections.Generic.List`1&lt;System.String&gt;,System.Collections.Generic.Dictionary`2&lt;System.String,ExMat.Objects.ExObject&gt;)</Name>
              <FileRef uid="55" />
              <SequencePoints>
                <SequencePoint vc="0" uspid="14391" ordinal="0" offset="0" sl="1515" sc="9" el="1515" ec="10" bec="0" bev="0" fileid="55" />
                <SequencePoint vc="0" uspid="14392" ordinal="1" offset="1" sl="1516" sc="13" el="1516" ec="37" bec="0" bev="0" fileid="55" />
                <SequencePoint vc="0" uspid="14393" ordinal="2" offset="12" sl="1518" sc="13" el="1518" ec="14" bec="0" bev="0" fileid="55" />
                <SequencePoint vc="0" uspid="14394" ordinal="3" offset="13" sl="1519" sc="17" el="1519" ec="78" bec="0" bev="0" fileid="55" />
                <SequencePoint vc="0" uspid="14395" ordinal="4" offset="37" sl="1521" sc="17" el="1521" ec="84" bec="2" bev="0" fileid="55" />
                <SequencePoint vc="0" uspid="14396" ordinal="5" offset="63" sl="1522" sc="17" el="1522" ec="18" bec="0" bev="0" fileid="55" />
                <SequencePoint vc="0" uspid="14397" ordinal="6" offset="64" sl="1523" sc="21" el="1523" ec="143" bec="0" bev="0" fileid="55" />
                <SequencePoint vc="0" uspid="14398" ordinal="7" offset="108" sl="1524" sc="17" el="1524" ec="18" bec="0" bev="0" fileid="55" />
                <SequencePoint vc="0" uspid="14399" ordinal="8" offset="109" sl="1526" sc="17" el="1526" ec="31" bec="0" bev="0" fileid="55" />
                <SequencePoint vc="0" uspid="14400" ordinal="9" offset="118" sl="1528" sc="17" el="1528" ec="41" bec="2" bev="0" fileid="55" />
                <SequencePoint vc="0" uspid="14401" ordinal="10" offset="131" sl="1529" sc="17" el="1529" ec="18" bec="0" bev="0" fileid="55" />
                <SequencePoint vc="0" uspid="14402" ordinal="11" offset="132" sl="1530" sc="21" el="1530" ec="35" bec="0" bev="0" fileid="55" />
                <SequencePoint vc="0" uspid="14403" ordinal="12" offset="141" sl="1531" sc="17" el="1531" ec="18" bec="0" bev="0" fileid="55" />
                <SequencePoint vc="0" uspid="14404" ordinal="13" offset="142" sl="1532" sc="13" el="1532" ec="14" bec="0" bev="0" fileid="55" />
                <SequencePoint vc="0" uspid="14405" ordinal="14" offset="143" sl="1517" sc="36" el="1517" ec="39" bec="0" bev="0" fileid="55" />
                <SequencePoint vc="0" uspid="14406" ordinal="15" offset="148" sl="1517" sc="20" el="1517" ec="34" bec="2" bev="0" fileid="55" />
                <SequencePoint vc="0" uspid="14407" ordinal="16" offset="161" sl="1533" sc="13" el="1533" ec="33" bec="0" bev="0" fileid="55" />
                <SequencePoint vc="0" uspid="14408" ordinal="17" offset="171" sl="1534" sc="9" el="1534" ec="10" bec="0" bev="0" fileid="55" />
              </SequencePoints>
              <BranchPoints>
                <BranchPoint vc="0" uspid="14409" ordinal="0" offset="61" sl="1521" path="0" offsetend="63" fileid="55" />
                <BranchPoint vc="0" uspid="14410" ordinal="1" offset="61" sl="1521" path="1" offsetend="109" fileid="55" />
                <BranchPoint vc="0" uspid="14411" ordinal="2" offset="129" sl="1528" path="0" offsetend="131" fileid="55" />
                <BranchPoint vc="0" uspid="14412" ordinal="3" offset="129" sl="1528" path="1" offsetend="142" fileid="55" />
                <BranchPoint vc="0" uspid="14413" ordinal="4" offset="156" sl="1517" path="0" offsetend="161" fileid="55" />
                <BranchPoint vc="0" uspid="14414" ordinal="5" offset="156" sl="1517" path="1" offsetend="12" fileid="55" />
              </BranchPoints>
              <MethodPoint xsi:type="SequencePoint" vc="0" uspid="14391" ordinal="0" offset="0" sl="1515" sc="9" el="1515" ec="10" bec="0" bev="0" fileid="55" />
            </Method>
            <Method visited="false" cyclomaticComplexity="18" nPathComplexity="8192" sequenceCoverage="0" branchCoverage="0" crapScore="342" isConstructor="false" isStatic="true" isGetter="false" isSetter="false">
              <Summary numSequencePoints="25" visitedSequencePoints="0" numBranchPoints="27" visitedBranchPoints="0" sequenceCoverage="0" branchCoverage="0" maxCyclomaticComplexity="18" minCyclomaticComplexity="18" maxCrapScore="342" minCrapScore="342" visitedClasses="0" numClasses="0" visitedMethods="0" numMethods="1" />
              <MetadataToken>100664014</MetadataToken>
              <Name>System.String ExMat.API.ExApi::GetSimpleString(ExMat.Objects.ExObject)</Name>
              <FileRef uid="55" />
              <SequencePoints>
                <SequencePoint vc="0" uspid="14415" ordinal="0" offset="0" sl="1541" sc="9" el="1541" ec="10" bec="0" bev="0" fileid="55" />
                <SequencePoint vc="0" uspid="14416" ordinal="1" offset="1" sl="1542" sc="13" el="1542" ec="30" bec="18" bev="0" fileid="55" />
                <SequencePoint vc="0" uspid="14417" ordinal="2" offset="180" sl="1546" sc="21" el="1546" ec="22" bec="0" bev="0" fileid="55" />
                <SequencePoint vc="0" uspid="14418" ordinal="3" offset="181" sl="1547" sc="25" el="1547" ec="55" bec="0" bev="0" fileid="55" />
                <SequencePoint vc="0" uspid="14419" ordinal="4" offset="193" sl="1550" sc="21" el="1550" ec="22" bec="0" bev="0" fileid="55" />
                <SequencePoint vc="0" uspid="14420" ordinal="5" offset="194" sl="1551" sc="25" el="1551" ec="82" bec="0" bev="0" fileid="55" />
                <SequencePoint vc="0" uspid="14421" ordinal="6" offset="216" sl="1554" sc="21" el="1554" ec="22" bec="0" bev="0" fileid="55" />
                <SequencePoint vc="0" uspid="14422" ordinal="7" offset="217" sl="1555" sc="25" el="1555" ec="52" bec="0" bev="0" fileid="55" />
                <SequencePoint vc="0" uspid="14423" ordinal="8" offset="226" sl="1558" sc="21" el="1558" ec="22" bec="0" bev="0" fileid="55" />
                <SequencePoint vc="0" uspid="14424" ordinal="9" offset="227" sl="1559" sc="25" el="1559" ec="48" bec="0" bev="0" fileid="55" />
                <SequencePoint vc="0" uspid="14425" ordinal="10" offset="236" sl="1562" sc="21" el="1562" ec="22" bec="0" bev="0" fileid="55" />
                <SequencePoint vc="0" uspid="14426" ordinal="11" offset="237" sl="1563" sc="25" el="1563" ec="68" bec="2" bev="0" fileid="55" />
                <SequencePoint vc="0" uspid="14427" ordinal="12" offset="265" sl="1566" sc="21" el="1566" ec="22" bec="0" bev="0" fileid="55" />
                <SequencePoint vc="0" uspid="14428" ordinal="13" offset="266" sl="1567" sc="25" el="1567" ec="67" bec="2" bev="0" fileid="55" />
                <SequencePoint vc="0" uspid="14429" ordinal="14" offset="289" sl="1570" sc="21" el="1570" ec="22" bec="0" bev="0" fileid="55" />
                <SequencePoint vc="0" uspid="14430" ordinal="15" offset="290" sl="1571" sc="25" el="1571" ec="40" bec="0" bev="0" fileid="55" />
                <SequencePoint vc="0" uspid="14431" ordinal="16" offset="298" sl="1574" sc="21" el="1574" ec="22" bec="0" bev="0" fileid="55" />
                <SequencePoint vc="0" uspid="14432" ordinal="17" offset="299" sl="1575" sc="25" el="1575" ec="45" bec="0" bev="0" fileid="55" />
                <SequencePoint vc="0" uspid="14433" ordinal="18" offset="307" sl="1579" sc="21" el="1579" ec="22" bec="0" bev="0" fileid="55" />
                <SequencePoint vc="0" uspid="14434" ordinal="19" offset="308" sl="1580" sc="25" el="1580" ec="43" bec="0" bev="0" fileid="55" />
                <SequencePoint vc="0" uspid="14435" ordinal="20" offset="316" sl="1583" sc="21" el="1583" ec="22" bec="0" bev="0" fileid="55" />
                <SequencePoint vc="0" uspid="14436" ordinal="21" offset="317" sl="1584" sc="25" el="1584" ec="64" bec="0" bev="0" fileid="55" />
                <SequencePoint vc="0" uspid="14437" ordinal="22" offset="331" sl="1587" sc="21" el="1587" ec="22" bec="0" bev="0" fileid="55" />
                <SequencePoint vc="0" uspid="14438" ordinal="23" offset="332" sl="1588" sc="25" el="1588" ec="45" bec="0" bev="0" fileid="55" />
                <SequencePoint vc="0" uspid="14439" ordinal="24" offset="340" sl="1591" sc="9" el="1591" ec="10" bec="0" bev="0" fileid="55" />
              </SequencePoints>
              <BranchPoints>
                <BranchPoint vc="0" uspid="14440" ordinal="0" offset="32" sl="1542" path="0" offsetchain="37" offsetend="39" fileid="55" />
                <BranchPoint vc="0" uspid="14441" ordinal="1" offset="32" sl="1542" path="1" offsetend="265" fileid="55" />
                <BranchPoint vc="0" uspid="14442" ordinal="2" offset="45" sl="1542" path="0" offsetchain="50" offsetend="331" fileid="55" />
                <BranchPoint vc="0" uspid="14443" ordinal="3" offset="45" sl="1542" path="1" offsetend="236" fileid="55" />
                <BranchPoint vc="0" uspid="14444" ordinal="4" offset="61" sl="1542" path="0" offsetchain="66" offsetend="68" fileid="55" />
                <BranchPoint vc="0" uspid="14445" ordinal="5" offset="61" sl="1542" path="1" offsetend="316" fileid="55" />
                <BranchPoint vc="0" uspid="14446" ordinal="6" offset="74" sl="1542" path="0" offsetchain="79" offsetend="81" fileid="55" />
                <BranchPoint vc="0" uspid="14447" ordinal="7" offset="74" sl="1542" path="1" offsetend="226" fileid="55" />
                <BranchPoint vc="0" uspid="14448" ordinal="8" offset="87" sl="1542" path="0" offsetchain="89" offsetend="331" fileid="55" />
                <BranchPoint vc="0" uspid="14449" ordinal="9" offset="87" sl="1542" path="1" offsetend="193" fileid="55" />
                <BranchPoint vc="0" uspid="14450" ordinal="10" offset="108" sl="1542" path="0" offsetchain="110" offsetend="112" fileid="55" />
                <BranchPoint vc="0" uspid="14451" ordinal="11" offset="108" sl="1542" path="1" offsetend="216" fileid="55" />
                <BranchPoint vc="0" uspid="14452" ordinal="12" offset="118" sl="1542" path="0" offsetchain="120" offsetend="122" fileid="55" />
                <BranchPoint vc="0" uspid="14453" ordinal="13" offset="118" sl="1542" path="1" offsetend="180" fileid="55" />
                <BranchPoint vc="0" uspid="14454" ordinal="14" offset="128" sl="1542" path="0" offsetchain="133" offsetend="331" fileid="55" />
                <BranchPoint vc="0" uspid="14455" ordinal="15" offset="128" sl="1542" path="1" offsetend="289" fileid="55" />
                <BranchPoint vc="0" uspid="14456" ordinal="16" offset="144" sl="1542" path="0" offsetchain="149" offsetend="151" fileid="55" />
                <BranchPoint vc="0" uspid="14457" ordinal="17" offset="144" sl="1542" path="1" offsetend="298" fileid="55" />
                <BranchPoint vc="0" uspid="14458" ordinal="18" offset="157" sl="1542" path="0" offsetchain="162" offsetend="164" fileid="55" />
                <BranchPoint vc="0" uspid="14459" ordinal="19" offset="157" sl="1542" path="1" offsetend="307" fileid="55" />
                <BranchPoint vc="0" uspid="14460" ordinal="20" offset="170" sl="1542" path="0" offsetchain="175" offsetend="331" fileid="55" />
                <BranchPoint vc="0" uspid="14461" ordinal="21" offset="170" sl="1542" path="1" offsetend="307" fileid="55" />
                <BranchPoint vc="0" uspid="14462" ordinal="22" offset="248" sl="1563" path="0" offsetend="250" fileid="55" />
                <BranchPoint vc="0" uspid="14463" ordinal="23" offset="248" sl="1563" path="1" offsetend="257" fileid="55" />
                <BranchPoint vc="0" uspid="14464" ordinal="24" offset="278" sl="1567" path="0" offsetend="280" fileid="55" />
                <BranchPoint vc="0" uspid="14465" ordinal="25" offset="278" sl="1567" path="1" offsetend="286" fileid="55" />
              </BranchPoints>
              <MethodPoint xsi:type="SequencePoint" vc="0" uspid="14415" ordinal="0" offset="0" sl="1541" sc="9" el="1541" ec="10" bec="0" bev="0" fileid="55" />
            </Method>
            <Method visited="false" cyclomaticComplexity="5" nPathComplexity="8" sequenceCoverage="0" branchCoverage="0" crapScore="30" isConstructor="false" isStatic="true" isGetter="false" isSetter="false">
              <Summary numSequencePoints="26" visitedSequencePoints="0" numBranchPoints="7" visitedBranchPoints="0" sequenceCoverage="0" branchCoverage="0" maxCyclomaticComplexity="5" minCyclomaticComplexity="5" maxCrapScore="30" minCrapScore="30" visitedClasses="0" numClasses="0" visitedMethods="0" numMethods="1" />
              <MetadataToken>100664015</MetadataToken>
              <Name>System.Collections.Generic.Dictionary`2&lt;ExMat.Objects.ExObject,System.Int32&gt; ExMat.API.ExApi::GetRepeatCounts(System.Collections.Generic.List`1&lt;ExMat.Objects.ExObject&gt;)</Name>
              <FileRef uid="55" />
              <SequencePoints>
                <SequencePoint vc="0" uspid="14466" ordinal="0" offset="0" sl="1599" sc="9" el="1599" ec="10" bec="0" bev="0" fileid="55" />
                <SequencePoint vc="0" uspid="14467" ordinal="1" offset="1" sl="1600" sc="13" el="1600" ec="54" bec="0" bev="0" fileid="55" />
                <SequencePoint vc="0" uspid="14468" ordinal="2" offset="7" sl="1602" sc="13" el="1602" ec="29" bec="2" bev="0" fileid="55" />
                <SequencePoint vc="0" uspid="14469" ordinal="3" offset="15" sl="1603" sc="13" el="1603" ec="14" bec="0" bev="0" fileid="55" />
                <SequencePoint vc="0" uspid="14470" ordinal="4" offset="16" sl="1604" sc="17" el="1604" ec="31" bec="0" bev="0" fileid="55" />
                <SequencePoint vc="0" uspid="14471" ordinal="5" offset="23" sl="1607" sc="18" el="1607" ec="27" bec="0" bev="0" fileid="55" />
                <SequencePoint vc="0" uspid="14472" ordinal="6" offset="37" sl="1608" sc="13" el="1608" ec="14" bec="0" bev="0" fileid="55" />
                <SequencePoint vc="0" uspid="14473" ordinal="7" offset="38" sl="1609" sc="17" el="1609" ec="37" bec="0" bev="0" fileid="55" />
                <SequencePoint vc="0" uspid="14474" ordinal="8" offset="52" sl="1611" sc="17" el="1611" ec="27" bec="0" bev="0" fileid="55" />
                <SequencePoint vc="0" uspid="14475" ordinal="9" offset="60" sl="1612" sc="17" el="1612" ec="37" bec="0" bev="0" fileid="55" />
                <SequencePoint vc="0" uspid="14476" ordinal="10" offset="68" sl="1614" sc="17" el="1614" ec="62" bec="0" bev="0" fileid="55" />
                <SequencePoint vc="0" uspid="14477" ordinal="11" offset="81" sl="1615" sc="17" el="1615" ec="45" bec="0" bev="0" fileid="55" />
                <SequencePoint vc="0" uspid="14478" ordinal="12" offset="96" sl="1616" sc="17" el="1616" ec="134" bec="0" bev="0" fileid="55" />
                <SequencePoint vc="0" uspid="14479" ordinal="13" offset="117" sl="1617" sc="17" el="1617" ec="38" bec="2" bev="0" fileid="55" />
                <SequencePoint vc="0" uspid="14480" ordinal="14" offset="133" sl="1618" sc="17" el="1618" ec="18" bec="0" bev="0" fileid="55" />
                <SequencePoint vc="0" uspid="14481" ordinal="15" offset="134" sl="1619" sc="21" el="1619" ec="46" bec="0" bev="0" fileid="55" />
                <SequencePoint vc="0" uspid="14482" ordinal="16" offset="172" sl="1620" sc="17" el="1620" ec="18" bec="0" bev="0" fileid="55" />
                <SequencePoint vc="0" uspid="14483" ordinal="17" offset="173" sl="1621" sc="17" el="1621" ec="29" bec="2" bev="0" fileid="55" />
                <SequencePoint vc="0" uspid="14484" ordinal="18" offset="189" sl="1622" sc="17" el="1622" ec="18" bec="0" bev="0" fileid="55" />
                <SequencePoint vc="0" uspid="14485" ordinal="19" offset="190" sl="1623" sc="21" el="1623" ec="38" bec="0" bev="0" fileid="55" />
                <SequencePoint vc="0" uspid="14486" ordinal="20" offset="205" sl="1624" sc="17" el="1624" ec="18" bec="0" bev="0" fileid="55" />
                <SequencePoint vc="0" uspid="14487" ordinal="21" offset="206" sl="1625" sc="13" el="1625" ec="14" bec="0" bev="0" fileid="55" />
                <SequencePoint vc="0" uspid="14488" ordinal="22" offset="207" sl="1607" sc="44" el="1607" ec="47" bec="0" bev="0" fileid="55" />
                <SequencePoint vc="0" uspid="14489" ordinal="23" offset="211" sl="1607" sc="29" el="1607" ec="42" bec="0" bev="0" fileid="55" />
                <SequencePoint vc="0" uspid="14490" ordinal="24" offset="229" sl="1626" sc="13" el="1626" ec="27" bec="0" bev="0" fileid="55" />
                <SequencePoint vc="0" uspid="14491" ordinal="25" offset="233" sl="1627" sc="9" el="1627" ec="10" bec="0" bev="0" fileid="55" />
              </SequencePoints>
              <BranchPoints>
                <BranchPoint vc="0" uspid="14492" ordinal="0" offset="13" sl="1602" path="0" offsetend="15" fileid="55" />
                <BranchPoint vc="0" uspid="14493" ordinal="1" offset="13" sl="1602" path="1" offsetend="23" fileid="55" />
                <BranchPoint vc="0" uspid="14494" ordinal="2" offset="131" sl="1617" path="0" offsetend="133" fileid="55" />
                <BranchPoint vc="0" uspid="14495" ordinal="3" offset="131" sl="1617" path="1" offsetend="173" fileid="55" />
                <BranchPoint vc="0" uspid="14496" ordinal="4" offset="187" sl="1621" path="0" offsetend="189" fileid="55" />
                <BranchPoint vc="0" uspid="14497" ordinal="5" offset="187" sl="1621" path="1" offsetend="206" fileid="55" />
              </BranchPoints>
              <MethodPoint xsi:type="SequencePoint" vc="0" uspid="14466" ordinal="0" offset="0" sl="1599" sc="9" el="1599" ec="10" bec="0" bev="0" fileid="55" />
            </Method>
            <Method visited="false" cyclomaticComplexity="4" nPathComplexity="4" sequenceCoverage="0" branchCoverage="0" crapScore="20" isConstructor="false" isStatic="true" isGetter="false" isSetter="false">
              <Summary numSequencePoints="18" visitedSequencePoints="0" numBranchPoints="5" visitedBranchPoints="0" sequenceCoverage="0" branchCoverage="0" maxCyclomaticComplexity="4" minCyclomaticComplexity="4" maxCrapScore="20" minCrapScore="20" visitedClasses="0" numClasses="0" visitedMethods="0" numMethods="1" />
              <MetadataToken>100664016</MetadataToken>
              <Name>System.String ExMat.API.ExApi::GetTypeMaskInfo(System.Int32)</Name>
              <FileRef uid="55" />
              <SequencePoints>
                <SequencePoint vc="0" uspid="14498" ordinal="0" offset="0" sl="1630" sc="9" el="1630" ec="10" bec="0" bev="0" fileid="55" />
                <SequencePoint vc="0" uspid="14499" ordinal="1" offset="1" sl="1631" sc="13" el="1631" ec="26" bec="2" bev="0" fileid="55" />
                <SequencePoint vc="0" uspid="14500" ordinal="2" offset="13" sl="1635" sc="21" el="1635" ec="22" bec="0" bev="0" fileid="55" />
                <SequencePoint vc="0" uspid="14501" ordinal="3" offset="14" sl="1636" sc="25" el="1636" ec="38" bec="0" bev="0" fileid="55" />
                <SequencePoint vc="0" uspid="14502" ordinal="4" offset="22" sl="1639" sc="21" el="1639" ec="22" bec="0" bev="0" fileid="55" />
                <SequencePoint vc="0" uspid="14503" ordinal="5" offset="23" sl="1640" sc="25" el="1640" ec="74" bec="0" bev="0" fileid="55" />
                <SequencePoint vc="0" uspid="14504" ordinal="6" offset="41" sl="1641" sc="25" el="1641" ec="51" bec="0" bev="0" fileid="55" />
                <SequencePoint vc="0" uspid="14505" ordinal="7" offset="48" sl="1643" sc="30" el="1643" ec="39" bec="0" bev="0" fileid="55" />
                <SequencePoint vc="0" uspid="14506" ordinal="8" offset="53" sl="1644" sc="25" el="1644" ec="26" bec="0" bev="0" fileid="55" />
                <SequencePoint vc="0" uspid="14507" ordinal="9" offset="54" sl="1645" sc="29" el="1645" ec="55" bec="2" bev="0" fileid="55" />
                <SequencePoint vc="0" uspid="14508" ordinal="10" offset="72" sl="1646" sc="29" el="1646" ec="30" bec="0" bev="0" fileid="55" />
                <SequencePoint vc="0" uspid="14509" ordinal="11" offset="73" sl="1647" sc="33" el="1647" ec="77" bec="0" bev="0" fileid="55" />
                <SequencePoint vc="0" uspid="14510" ordinal="12" offset="103" sl="1648" sc="29" el="1648" ec="30" bec="0" bev="0" fileid="55" />
                <SequencePoint vc="0" uspid="14511" ordinal="13" offset="104" sl="1649" sc="25" el="1649" ec="26" bec="0" bev="0" fileid="55" />
                <SequencePoint vc="0" uspid="14512" ordinal="14" offset="105" sl="1643" sc="48" el="1643" ec="51" bec="0" bev="0" fileid="55" />
                <SequencePoint vc="0" uspid="14513" ordinal="15" offset="111" sl="1643" sc="41" el="1643" ec="46" bec="0" bev="0" fileid="55" />
                <SequencePoint vc="0" uspid="14514" ordinal="16" offset="122" sl="1650" sc="25" el="1650" ec="55" bec="0" bev="0" fileid="55" />
                <SequencePoint vc="0" uspid="14515" ordinal="17" offset="137" sl="1653" sc="9" el="1653" ec="10" bec="0" bev="0" fileid="55" />
              </SequencePoints>
              <BranchPoints>
                <BranchPoint vc="0" uspid="14516" ordinal="0" offset="9" sl="1631" path="0" offsetchain="11" offsetend="22" fileid="55" />
                <BranchPoint vc="0" uspid="14517" ordinal="1" offset="9" sl="1631" path="1" offsetend="13" fileid="55" />
                <BranchPoint vc="0" uspid="14518" ordinal="2" offset="70" sl="1645" path="0" offsetend="72" fileid="55" />
                <BranchPoint vc="0" uspid="14519" ordinal="3" offset="70" sl="1645" path="1" offsetend="104" fileid="55" />
              </BranchPoints>
              <MethodPoint xsi:type="SequencePoint" vc="0" uspid="14498" ordinal="0" offset="0" sl="1630" sc="9" el="1630" ec="10" bec="0" bev="0" fileid="55" />
            </Method>
            <Method visited="false" cyclomaticComplexity="4" nPathComplexity="4" sequenceCoverage="0" branchCoverage="0" crapScore="20" isConstructor="false" isStatic="true" isGetter="false" isSetter="false">
              <Summary numSequencePoints="13" visitedSequencePoints="0" numBranchPoints="5" visitedBranchPoints="0" sequenceCoverage="0" branchCoverage="0" maxCyclomaticComplexity="4" minCyclomaticComplexity="4" maxCrapScore="20" minCrapScore="20" visitedClasses="0" numClasses="0" visitedMethods="0" numMethods="1" />
              <MetadataToken>100664017</MetadataToken>
              <Name>System.Boolean ExMat.API.ExApi::GetTypeMaskInfos(System.Collections.Generic.List`1&lt;System.Int32&gt;,System.Collections.Generic.List`1&lt;System.String&gt;)</Name>
              <FileRef uid="55" />
              <SequencePoints>
                <SequencePoint vc="0" uspid="14520" ordinal="0" offset="0" sl="1656" sc="9" el="1656" ec="10" bec="0" bev="0" fileid="55" />
                <SequencePoint vc="0" uspid="14521" ordinal="1" offset="1" sl="1657" sc="13" el="1657" ec="47" bec="4" bev="0" fileid="55" />
                <SequencePoint vc="0" uspid="14522" ordinal="2" offset="15" sl="1658" sc="13" el="1658" ec="14" bec="0" bev="0" fileid="55" />
                <SequencePoint vc="0" uspid="14523" ordinal="3" offset="16" sl="1659" sc="17" el="1659" ec="30" bec="0" bev="0" fileid="55" />
                <SequencePoint vc="0" uspid="14524" ordinal="4" offset="20" sl="1662" sc="13" el="1662" ec="20" bec="0" bev="0" fileid="55" />
                <SequencePoint vc="0" uspid="14525" ordinal="5" offset="21" sl="1662" sc="34" el="1662" ec="39" bec="0" bev="0" fileid="55" />
                <SequencePoint vc="0" uspid="14526" ordinal="6" offset="30" sl="1662" sc="22" el="1662" ec="30" bec="0" bev="0" fileid="55" />
                <SequencePoint vc="0" uspid="14527" ordinal="7" offset="38" sl="1663" sc="13" el="1663" ec="14" bec="0" bev="0" fileid="55" />
                <SequencePoint vc="0" uspid="14528" ordinal="8" offset="39" sl="1664" sc="17" el="1664" ec="49" bec="0" bev="0" fileid="55" />
                <SequencePoint vc="0" uspid="14529" ordinal="9" offset="52" sl="1665" sc="13" el="1665" ec="14" bec="0" bev="0" fileid="55" />
                <SequencePoint vc="0" uspid="14530" ordinal="10" offset="53" sl="1662" sc="31" el="1662" ec="33" bec="0" bev="0" fileid="55" />
                <SequencePoint vc="0" uspid="14531" ordinal="11" offset="79" sl="1666" sc="13" el="1666" ec="25" bec="0" bev="0" fileid="55" />
                <SequencePoint vc="0" uspid="14532" ordinal="12" offset="83" sl="1667" sc="9" el="1667" ec="10" bec="0" bev="0" fileid="55" />
              </SequencePoints>
              <BranchPoints>
                <BranchPoint vc="0" uspid="14533" ordinal="0" offset="2" sl="1657" path="0" offsetend="4" fileid="55" />
                <BranchPoint vc="0" uspid="14534" ordinal="1" offset="2" sl="1657" path="1" offsetend="10" fileid="55" />
                <BranchPoint vc="0" uspid="14535" ordinal="2" offset="13" sl="1657" path="0" offsetend="15" fileid="55" />
                <BranchPoint vc="0" uspid="14536" ordinal="3" offset="13" sl="1657" path="1" offsetend="20" fileid="55" />
              </BranchPoints>
              <MethodPoint xsi:type="SequencePoint" vc="0" uspid="14520" ordinal="0" offset="0" sl="1656" sc="9" el="1656" ec="10" bec="0" bev="0" fileid="55" />
            </Method>
            <Method visited="false" cyclomaticComplexity="1" nPathComplexity="0" sequenceCoverage="0" branchCoverage="0" crapScore="2" isConstructor="false" isStatic="true" isGetter="false" isSetter="false">
              <Summary numSequencePoints="3" visitedSequencePoints="0" numBranchPoints="1" visitedBranchPoints="0" sequenceCoverage="0" branchCoverage="0" maxCyclomaticComplexity="1" minCyclomaticComplexity="1" maxCrapScore="2" minCrapScore="2" visitedClasses="0" numClasses="0" visitedMethods="0" numMethods="1" />
              <MetadataToken>100664018</MetadataToken>
              <Name>ExMat.Attributes.ExNativeFuncBase ExMat.API.ExApi::GetNativeFunc(System.Reflection.MethodBase)</Name>
              <FileRef uid="55" />
              <SequencePoints>
                <SequencePoint vc="0" uspid="14537" ordinal="0" offset="0" sl="1670" sc="9" el="1670" ec="10" bec="0" bev="0" fileid="55" />
                <SequencePoint vc="0" uspid="14538" ordinal="1" offset="1" sl="1671" sc="13" el="1671" ec="114" bec="0" bev="0" fileid="55" />
                <SequencePoint vc="0" uspid="14539" ordinal="2" offset="31" sl="1672" sc="9" el="1672" ec="10" bec="0" bev="0" fileid="55" />
              </SequencePoints>
              <BranchPoints />
              <MethodPoint xsi:type="SequencePoint" vc="0" uspid="14537" ordinal="0" offset="0" sl="1670" sc="9" el="1670" ec="10" bec="0" bev="0" fileid="55" />
            </Method>
            <Method visited="false" cyclomaticComplexity="1" nPathComplexity="0" sequenceCoverage="0" branchCoverage="0" crapScore="2" isConstructor="false" isStatic="true" isGetter="false" isSetter="false">
              <Summary numSequencePoints="3" visitedSequencePoints="0" numBranchPoints="1" visitedBranchPoints="0" sequenceCoverage="0" branchCoverage="0" maxCyclomaticComplexity="1" minCyclomaticComplexity="1" maxCrapScore="2" minCrapScore="2" visitedClasses="0" numClasses="0" visitedMethods="0" numMethods="1" />
              <MetadataToken>100664019</MetadataToken>
              <Name>ExMat.Attributes.ExNativeParamBase ExMat.API.ExApi::GetNativeParam(System.Reflection.MethodBase,System.Int32)</Name>
              <FileRef uid="55" />
              <SequencePoints>
                <SequencePoint vc="0" uspid="14540" ordinal="0" offset="13" sl="1675" sc="9" el="1675" ec="10" bec="0" bev="0" fileid="55" />
                <SequencePoint vc="0" uspid="14541" ordinal="1" offset="14" sl="1676" sc="13" el="1676" ec="165" bec="0" bev="0" fileid="55" />
                <SequencePoint vc="0" uspid="14542" ordinal="2" offset="56" sl="1677" sc="9" el="1677" ec="10" bec="0" bev="0" fileid="55" />
              </SequencePoints>
              <BranchPoints />
              <MethodPoint vc="0" uspid="14543" ordinal="0" offset="0" />
            </Method>
            <Method visited="false" cyclomaticComplexity="1" nPathComplexity="0" sequenceCoverage="0" branchCoverage="0" crapScore="2" isConstructor="false" isStatic="true" isGetter="false" isSetter="false">
              <Summary numSequencePoints="3" visitedSequencePoints="0" numBranchPoints="1" visitedBranchPoints="0" sequenceCoverage="0" branchCoverage="0" maxCyclomaticComplexity="1" minCyclomaticComplexity="1" maxCrapScore="2" minCrapScore="2" visitedClasses="0" numClasses="0" visitedMethods="0" numMethods="1" />
              <MetadataToken>100664020</MetadataToken>
              <Name>ExMat.Objects.ExObject ExMat.API.ExApi::GetNativeParamDefault(System.Reflection.MethodBase,System.Int32)</Name>
              <FileRef uid="55" />
              <SequencePoints>
                <SequencePoint vc="0" uspid="14544" ordinal="0" offset="13" sl="1680" sc="9" el="1680" ec="10" bec="0" bev="0" fileid="55" />
                <SequencePoint vc="0" uspid="14545" ordinal="1" offset="14" sl="1681" sc="13" el="1681" ec="180" bec="0" bev="0" fileid="55" />
                <SequencePoint vc="0" uspid="14546" ordinal="2" offset="61" sl="1682" sc="9" el="1682" ec="10" bec="0" bev="0" fileid="55" />
              </SequencePoints>
              <BranchPoints />
              <MethodPoint vc="0" uspid="14547" ordinal="0" offset="0" />
            </Method>
            <Method visited="false" cyclomaticComplexity="4" nPathComplexity="8" sequenceCoverage="0" branchCoverage="0" crapScore="20" isConstructor="false" isStatic="true" isGetter="false" isSetter="false">
              <Summary numSequencePoints="14" visitedSequencePoints="0" numBranchPoints="7" visitedBranchPoints="0" sequenceCoverage="0" branchCoverage="0" maxCyclomaticComplexity="4" minCyclomaticComplexity="4" maxCrapScore="20" minCrapScore="20" visitedClasses="0" numClasses="0" visitedMethods="0" numMethods="1" />
              <MetadataToken>100664021</MetadataToken>
              <Name>System.Void ExMat.API.ExApi::SetParamCheck(ExMat.VM.ExVM,System.Int32,System.String)</Name>
              <FileRef uid="55" />
              <SequencePoints>
                <SequencePoint vc="0" uspid="14548" ordinal="0" offset="0" sl="1693" sc="9" el="1693" ec="10" bec="0" bev="0" fileid="55" />
                <SequencePoint vc="0" uspid="14549" ordinal="1" offset="1" sl="1694" sc="13" el="1694" ec="47" bec="0" bev="0" fileid="55" />
                <SequencePoint vc="0" uspid="14550" ordinal="2" offset="9" sl="1696" sc="13" el="1696" ec="51" bec="2" bev="0" fileid="55" />
                <SequencePoint vc="0" uspid="14551" ordinal="3" offset="26" sl="1697" sc="13" el="1697" ec="14" bec="0" bev="0" fileid="55" />
                <SequencePoint vc="0" uspid="14552" ordinal="4" offset="27" sl="1698" sc="17" el="1698" ec="54" bec="0" bev="0" fileid="55" />
                <SequencePoint vc="0" uspid="14553" ordinal="5" offset="34" sl="1699" sc="17" el="1699" ec="41" bec="0" bev="0" fileid="55" />
                <SequencePoint vc="0" uspid="14554" ordinal="6" offset="41" sl="1701" sc="17" el="1701" ec="37" bec="0" bev="0" fileid="55" />
                <SequencePoint vc="0" uspid="14555" ordinal="7" offset="47" sl="1702" sc="17" el="1703" ec="50" bec="4" bev="0" fileid="55" />
                <SequencePoint vc="0" uspid="14556" ordinal="8" offset="74" sl="1704" sc="17" el="1704" ec="18" bec="0" bev="0" fileid="55" />
                <SequencePoint vc="0" uspid="14557" ordinal="9" offset="75" sl="1705" sc="21" el="1705" ec="62" bec="0" bev="0" fileid="55" />
                <SequencePoint vc="0" uspid="14558" ordinal="10" offset="88" sl="1706" sc="17" el="1706" ec="18" bec="0" bev="0" fileid="55" />
                <SequencePoint vc="0" uspid="14559" ordinal="11" offset="89" sl="1707" sc="17" el="1707" ec="34" bec="0" bev="0" fileid="55" />
                <SequencePoint vc="0" uspid="14560" ordinal="12" offset="96" sl="1708" sc="13" el="1708" ec="14" bec="0" bev="0" fileid="55" />
                <SequencePoint vc="0" uspid="14561" ordinal="13" offset="97" sl="1709" sc="9" el="1709" ec="10" bec="0" bev="0" fileid="55" />
              </SequencePoints>
              <BranchPoints>
                <BranchPoint vc="0" uspid="14562" ordinal="0" offset="24" sl="1696" path="0" offsetend="26" fileid="55" />
                <BranchPoint vc="0" uspid="14563" ordinal="1" offset="24" sl="1696" path="1" offsetend="97" fileid="55" />
                <BranchPoint vc="0" uspid="14564" ordinal="2" offset="53" sl="1702" path="0" offsetend="55" fileid="55" />
                <BranchPoint vc="0" uspid="14565" ordinal="3" offset="53" sl="1702" path="1" offsetend="67" fileid="55" />
                <BranchPoint vc="0" uspid="14566" ordinal="4" offset="72" sl="1702" path="0" offsetend="74" fileid="55" />
                <BranchPoint vc="0" uspid="14567" ordinal="5" offset="72" sl="1702" path="1" offsetend="89" fileid="55" />
              </BranchPoints>
              <MethodPoint xsi:type="SequencePoint" vc="0" uspid="14548" ordinal="0" offset="0" sl="1693" sc="9" el="1693" ec="10" bec="0" bev="0" fileid="55" />
            </Method>
            <Method visited="false" cyclomaticComplexity="4" nPathComplexity="4" sequenceCoverage="0" branchCoverage="0" crapScore="20" isConstructor="false" isStatic="true" isGetter="false" isSetter="false">
              <Summary numSequencePoints="16" visitedSequencePoints="0" numBranchPoints="5" visitedBranchPoints="0" sequenceCoverage="0" branchCoverage="0" maxCyclomaticComplexity="4" minCyclomaticComplexity="4" maxCrapScore="20" minCrapScore="20" visitedClasses="0" numClasses="0" visitedMethods="0" numMethods="1" />
              <MetadataToken>100664022</MetadataToken>
              <Name>System.Collections.Generic.Dictionary`2&lt;System.Int32,ExMat.Objects.ExObject&gt; ExMat.API.ExApi::GetDefaultValuesFromParameters(System.Collections.Generic.List`1&lt;ExMat.Objects.ExNativeParam&gt;)</Name>
              <FileRef uid="55" />
              <SequencePoints>
                <SequencePoint vc="0" uspid="14568" ordinal="0" offset="0" sl="1717" sc="9" el="1717" ec="10" bec="0" bev="0" fileid="55" />
                <SequencePoint vc="0" uspid="14569" ordinal="1" offset="1" sl="1718" sc="13" el="1718" ec="49" bec="0" bev="0" fileid="55" />
                <SequencePoint vc="0" uspid="14570" ordinal="2" offset="7" sl="1719" sc="13" el="1719" ec="28" bec="2" bev="0" fileid="55" />
                <SequencePoint vc="0" uspid="14571" ordinal="3" offset="15" sl="1720" sc="13" el="1720" ec="14" bec="0" bev="0" fileid="55" />
                <SequencePoint vc="0" uspid="14572" ordinal="4" offset="16" sl="1721" sc="17" el="1721" ec="26" bec="0" bev="0" fileid="55" />
                <SequencePoint vc="0" uspid="14573" ordinal="5" offset="20" sl="1724" sc="18" el="1724" ec="27" bec="0" bev="0" fileid="55" />
                <SequencePoint vc="0" uspid="14574" ordinal="6" offset="24" sl="1725" sc="13" el="1725" ec="14" bec="0" bev="0" fileid="55" />
                <SequencePoint vc="0" uspid="14575" ordinal="7" offset="25" sl="1726" sc="17" el="1726" ec="43" bec="2" bev="0" fileid="55" />
                <SequencePoint vc="0" uspid="14576" ordinal="8" offset="43" sl="1727" sc="17" el="1727" ec="18" bec="0" bev="0" fileid="55" />
                <SequencePoint vc="0" uspid="14577" ordinal="9" offset="44" sl="1728" sc="21" el="1728" ec="59" bec="0" bev="0" fileid="55" />
                <SequencePoint vc="0" uspid="14578" ordinal="10" offset="71" sl="1729" sc="17" el="1729" ec="18" bec="0" bev="0" fileid="55" />
                <SequencePoint vc="0" uspid="14579" ordinal="11" offset="72" sl="1730" sc="13" el="1730" ec="14" bec="0" bev="0" fileid="55" />
                <SequencePoint vc="0" uspid="14580" ordinal="12" offset="73" sl="1724" sc="43" el="1724" ec="46" bec="0" bev="0" fileid="55" />
                <SequencePoint vc="0" uspid="14581" ordinal="13" offset="77" sl="1724" sc="29" el="1724" ec="41" bec="0" bev="0" fileid="55" />
                <SequencePoint vc="0" uspid="14582" ordinal="14" offset="92" sl="1731" sc="13" el="1731" ec="22" bec="0" bev="0" fileid="55" />
                <SequencePoint vc="0" uspid="14583" ordinal="15" offset="96" sl="1732" sc="9" el="1732" ec="10" bec="0" bev="0" fileid="55" />
              </SequencePoints>
              <BranchPoints>
                <BranchPoint vc="0" uspid="14584" ordinal="0" offset="13" sl="1719" path="0" offsetend="15" fileid="55" />
                <BranchPoint vc="0" uspid="14585" ordinal="1" offset="13" sl="1719" path="1" offsetend="20" fileid="55" />
                <BranchPoint vc="0" uspid="14586" ordinal="2" offset="41" sl="1726" path="0" offsetend="43" fileid="55" />
                <BranchPoint vc="0" uspid="14587" ordinal="3" offset="41" sl="1726" path="1" offsetend="72" fileid="55" />
              </BranchPoints>
              <MethodPoint xsi:type="SequencePoint" vc="0" uspid="14568" ordinal="0" offset="0" sl="1717" sc="9" el="1717" ec="10" bec="0" bev="0" fileid="55" />
            </Method>
            <Method visited="false" cyclomaticComplexity="2" nPathComplexity="2" sequenceCoverage="0" branchCoverage="0" crapScore="6" isConstructor="false" isStatic="true" isGetter="false" isSetter="false">
              <Summary numSequencePoints="7" visitedSequencePoints="0" numBranchPoints="3" visitedBranchPoints="0" sequenceCoverage="0" branchCoverage="0" maxCyclomaticComplexity="2" minCyclomaticComplexity="2" maxCrapScore="6" minCrapScore="6" visitedClasses="0" numClasses="0" visitedMethods="0" numMethods="1" />
              <MetadataToken>100664023</MetadataToken>
              <Name>System.Void ExMat.API.ExApi::SetDefaultValues(ExMat.VM.ExVM,System.Collections.Generic.List`1&lt;ExMat.Objects.ExNativeParam&gt;)</Name>
              <FileRef uid="55" />
              <SequencePoints>
                <SequencePoint vc="0" uspid="14588" ordinal="0" offset="0" sl="1740" sc="9" el="1740" ec="10" bec="0" bev="0" fileid="55" />
                <SequencePoint vc="0" uspid="14589" ordinal="1" offset="1" sl="1741" sc="13" el="1741" ec="47" bec="0" bev="0" fileid="55" />
                <SequencePoint vc="0" uspid="14590" ordinal="2" offset="9" sl="1742" sc="13" el="1742" ec="51" bec="2" bev="0" fileid="55" />
                <SequencePoint vc="0" uspid="14591" ordinal="3" offset="26" sl="1743" sc="13" el="1743" ec="14" bec="0" bev="0" fileid="55" />
                <SequencePoint vc="0" uspid="14592" ordinal="4" offset="27" sl="1744" sc="17" el="1744" ec="84" bec="0" bev="0" fileid="55" />
                <SequencePoint vc="0" uspid="14593" ordinal="5" offset="44" sl="1745" sc="13" el="1745" ec="14" bec="0" bev="0" fileid="55" />
                <SequencePoint vc="0" uspid="14594" ordinal="6" offset="45" sl="1746" sc="9" el="1746" ec="10" bec="0" bev="0" fileid="55" />
              </SequencePoints>
              <BranchPoints>
                <BranchPoint vc="0" uspid="14595" ordinal="0" offset="24" sl="1742" path="0" offsetend="26" fileid="55" />
                <BranchPoint vc="0" uspid="14596" ordinal="1" offset="24" sl="1742" path="1" offsetend="45" fileid="55" />
              </BranchPoints>
              <MethodPoint xsi:type="SequencePoint" vc="0" uspid="14588" ordinal="0" offset="0" sl="1740" sc="9" el="1740" ec="10" bec="0" bev="0" fileid="55" />
            </Method>
            <Method visited="false" cyclomaticComplexity="2" nPathComplexity="2" sequenceCoverage="0" branchCoverage="0" crapScore="6" isConstructor="false" isStatic="true" isGetter="false" isSetter="false">
              <Summary numSequencePoints="10" visitedSequencePoints="0" numBranchPoints="3" visitedBranchPoints="0" sequenceCoverage="0" branchCoverage="0" maxCyclomaticComplexity="2" minCyclomaticComplexity="2" maxCrapScore="6" minCrapScore="6" visitedClasses="0" numClasses="0" visitedMethods="0" numMethods="1" />
              <MetadataToken>100664024</MetadataToken>
              <Name>System.Void ExMat.API.ExApi::SetDocumentation(ExMat.VM.ExVM,ExMat.Objects.ExNativeFunc)</Name>
              <FileRef uid="55" />
              <SequencePoints>
                <SequencePoint vc="0" uspid="14597" ordinal="0" offset="0" sl="1749" sc="9" el="1749" ec="10" bec="0" bev="0" fileid="55" />
                <SequencePoint vc="0" uspid="14598" ordinal="1" offset="1" sl="1750" sc="13" el="1750" ec="47" bec="0" bev="0" fileid="55" />
                <SequencePoint vc="0" uspid="14599" ordinal="2" offset="9" sl="1751" sc="13" el="1751" ec="51" bec="2" bev="0" fileid="55" />
                <SequencePoint vc="0" uspid="14600" ordinal="3" offset="26" sl="1752" sc="13" el="1752" ec="14" bec="0" bev="0" fileid="55" />
                <SequencePoint vc="0" uspid="14601" ordinal="4" offset="27" sl="1753" sc="17" el="1753" ec="119" bec="0" bev="0" fileid="55" />
                <SequencePoint vc="0" uspid="14602" ordinal="5" offset="63" sl="1754" sc="17" el="1754" ec="59" bec="0" bev="0" fileid="55" />
                <SequencePoint vc="0" uspid="14603" ordinal="6" offset="80" sl="1755" sc="17" el="1755" ec="59" bec="0" bev="0" fileid="55" />
                <SequencePoint vc="0" uspid="14604" ordinal="7" offset="97" sl="1756" sc="17" el="1756" ec="81" bec="0" bev="0" fileid="55" />
                <SequencePoint vc="0" uspid="14605" ordinal="8" offset="119" sl="1757" sc="13" el="1757" ec="14" bec="0" bev="0" fileid="55" />
                <SequencePoint vc="0" uspid="14606" ordinal="9" offset="120" sl="1758" sc="9" el="1758" ec="10" bec="0" bev="0" fileid="55" />
              </SequencePoints>
              <BranchPoints>
                <BranchPoint vc="0" uspid="14607" ordinal="0" offset="24" sl="1751" path="0" offsetend="26" fileid="55" />
                <BranchPoint vc="0" uspid="14608" ordinal="1" offset="24" sl="1751" path="1" offsetend="120" fileid="55" />
              </BranchPoints>
              <MethodPoint xsi:type="SequencePoint" vc="0" uspid="14597" ordinal="0" offset="0" sl="1749" sc="9" el="1749" ec="10" bec="0" bev="0" fileid="55" />
            </Method>
            <Method visited="false" cyclomaticComplexity="2" nPathComplexity="2" sequenceCoverage="0" branchCoverage="0" crapScore="6" isConstructor="false" isStatic="true" isGetter="false" isSetter="false">
              <Summary numSequencePoints="4" visitedSequencePoints="0" numBranchPoints="3" visitedBranchPoints="0" sequenceCoverage="0" branchCoverage="0" maxCyclomaticComplexity="2" minCyclomaticComplexity="2" maxCrapScore="6" minCrapScore="6" visitedClasses="0" numClasses="0" visitedMethods="0" numMethods="1" />
              <MetadataToken>100664025</MetadataToken>
              <Name>ExMat.ExStdLibType ExMat.API.ExApi::GetStdLibTypeFromSimpleLibName(System.String)</Name>
              <FileRef uid="55" />
              <SequencePoints>
                <SequencePoint vc="0" uspid="14609" ordinal="0" offset="13" sl="1761" sc="9" el="1761" ec="10" bec="0" bev="0" fileid="55" />
                <SequencePoint vc="0" uspid="14610" ordinal="1" offset="14" sl="1762" sc="13" el="1762" ec="149" bec="0" bev="0" fileid="55" />
                <SequencePoint vc="0" uspid="14611" ordinal="2" offset="47" sl="1763" sc="13" el="1763" ec="102" bec="2" bev="0" fileid="55" />
                <SequencePoint vc="0" uspid="14612" ordinal="3" offset="67" sl="1764" sc="9" el="1764" ec="10" bec="0" bev="0" fileid="55" />
              </SequencePoints>
              <BranchPoints>
                <BranchPoint vc="0" uspid="14613" ordinal="0" offset="53" sl="1763" path="0" offsetend="55" fileid="55" />
                <BranchPoint vc="0" uspid="14614" ordinal="1" offset="53" sl="1763" path="1" offsetend="63" fileid="55" />
              </BranchPoints>
              <MethodPoint vc="0" uspid="14615" ordinal="0" offset="0" />
            </Method>
            <Method visited="false" cyclomaticComplexity="1" nPathComplexity="0" sequenceCoverage="0" branchCoverage="0" crapScore="2" isConstructor="false" isStatic="true" isGetter="false" isSetter="false">
              <Summary numSequencePoints="3" visitedSequencePoints="0" numBranchPoints="1" visitedBranchPoints="0" sequenceCoverage="0" branchCoverage="0" maxCyclomaticComplexity="1" minCyclomaticComplexity="1" maxCrapScore="2" minCrapScore="2" visitedClasses="0" numClasses="0" visitedMethods="0" numMethods="1" />
              <MetadataToken>100664026</MetadataToken>
              <Name>System.String ExMat.API.ExApi::GetSimpleLibNameFromStdLibType(ExMat.ExStdLibType)</Name>
              <FileRef uid="55" />
              <SequencePoints>
                <SequencePoint vc="0" uspid="14616" ordinal="0" offset="0" sl="1767" sc="9" el="1767" ec="10" bec="0" bev="0" fileid="55" />
                <SequencePoint vc="0" uspid="14617" ordinal="1" offset="1" sl="1768" sc="13" el="1768" ec="72" bec="0" bev="0" fileid="55" />
                <SequencePoint vc="0" uspid="14618" ordinal="2" offset="27" sl="1769" sc="9" el="1769" ec="10" bec="0" bev="0" fileid="55" />
              </SequencePoints>
              <BranchPoints />
              <MethodPoint xsi:type="SequencePoint" vc="0" uspid="14616" ordinal="0" offset="0" sl="1767" sc="9" el="1767" ec="10" bec="0" bev="0" fileid="55" />
            </Method>
            <Method visited="false" cyclomaticComplexity="3" nPathComplexity="4" sequenceCoverage="0" branchCoverage="0" crapScore="12" isConstructor="false" isStatic="true" isGetter="false" isSetter="false">
              <Summary numSequencePoints="3" visitedSequencePoints="0" numBranchPoints="5" visitedBranchPoints="0" sequenceCoverage="0" branchCoverage="0" maxCyclomaticComplexity="3" minCyclomaticComplexity="3" maxCrapScore="12" minCrapScore="12" visitedClasses="0" numClasses="0" visitedMethods="0" numMethods="1" />
              <MetadataToken>100664027</MetadataToken>
              <Name>System.String ExMat.API.ExApi::GetParameterInfoString(ExMat.Objects.ExNativeParam,System.Int32)</Name>
              <FileRef uid="55" />
              <SequencePoints>
                <SequencePoint vc="0" uspid="14619" ordinal="0" offset="0" sl="1772" sc="9" el="1772" ec="10" bec="0" bev="0" fileid="55" />
                <SequencePoint vc="0" uspid="14620" ordinal="1" offset="1" sl="1773" sc="13" el="1782" ec="154" bec="4" bev="0" fileid="55" />
                <SequencePoint vc="0" uspid="14621" ordinal="2" offset="189" sl="1783" sc="9" el="1783" ec="10" bec="0" bev="0" fileid="55" />
              </SequencePoints>
              <BranchPoints>
                <BranchPoint vc="0" uspid="14622" ordinal="0" offset="7" sl="1773" path="0" offsetend="9" fileid="55" />
                <BranchPoint vc="0" uspid="14623" ordinal="1" offset="7" sl="1773" path="1" offsetend="73" fileid="55" />
                <BranchPoint vc="0" uspid="14624" ordinal="2" offset="139" sl="1773" path="0" offsetend="141" fileid="55" />
                <BranchPoint vc="0" uspid="14625" ordinal="3" offset="139" sl="1773" path="1" offsetend="154" fileid="55" />
              </BranchPoints>
              <MethodPoint xsi:type="SequencePoint" vc="0" uspid="14619" ordinal="0" offset="0" sl="1772" sc="9" el="1772" ec="10" bec="0" bev="0" fileid="55" />
            </Method>
            <Method visited="false" cyclomaticComplexity="9" nPathComplexity="32" sequenceCoverage="0" branchCoverage="0" crapScore="90" isConstructor="false" isStatic="true" isGetter="false" isSetter="false">
              <Summary numSequencePoints="35" visitedSequencePoints="0" numBranchPoints="11" visitedBranchPoints="0" sequenceCoverage="0" branchCoverage="0" maxCyclomaticComplexity="9" minCyclomaticComplexity="9" maxCrapScore="90" minCrapScore="90" visitedClasses="0" numClasses="0" visitedMethods="0" numMethods="1" />
              <MetadataToken>100664028</MetadataToken>
              <Name>System.String ExMat.API.ExApi::CreateDocStringFromRegFunc(ExMat.Objects.ExNativeFunc,System.Boolean)</Name>
              <FileRef uid="55" />
              <SequencePoints>
                <SequencePoint vc="0" uspid="14626" ordinal="0" offset="0" sl="1786" sc="9" el="1786" ec="10" bec="0" bev="0" fileid="55" />
                <SequencePoint vc="0" uspid="14627" ordinal="1" offset="1" sl="1787" sc="13" el="1787" ec="37" bec="0" bev="0" fileid="55" />
                <SequencePoint vc="0" uspid="14628" ordinal="2" offset="7" sl="1789" sc="13" el="1789" ec="40" bec="2" bev="0" fileid="55" />
                <SequencePoint vc="0" uspid="14629" ordinal="3" offset="17" sl="1790" sc="13" el="1790" ec="14" bec="0" bev="0" fileid="55" />
                <SequencePoint vc="0" uspid="14630" ordinal="4" offset="18" sl="1791" sc="17" el="1791" ec="133" bec="0" bev="0" fileid="55" />
                <SequencePoint vc="0" uspid="14631" ordinal="5" offset="61" sl="1792" sc="13" el="1792" ec="14" bec="0" bev="0" fileid="55" />
                <SequencePoint vc="0" uspid="14632" ordinal="6" offset="64" sl="1794" sc="13" el="1794" ec="14" bec="0" bev="0" fileid="55" />
                <SequencePoint vc="0" uspid="14633" ordinal="7" offset="65" sl="1795" sc="17" el="1795" ec="133" bec="0" bev="0" fileid="55" />
                <SequencePoint vc="0" uspid="14634" ordinal="8" offset="109" sl="1796" sc="13" el="1796" ec="14" bec="0" bev="0" fileid="55" />
                <SequencePoint vc="0" uspid="14635" ordinal="9" offset="110" sl="1798" sc="13" el="1798" ec="108" bec="0" bev="0" fileid="55" />
                <SequencePoint vc="0" uspid="14636" ordinal="10" offset="139" sl="1800" sc="13" el="1800" ec="22" bec="0" bev="0" fileid="55" />
                <SequencePoint vc="0" uspid="14637" ordinal="11" offset="141" sl="1800" sc="24" el="1800" ec="29" bec="0" bev="0" fileid="55" />
                <SequencePoint vc="0" uspid="14638" ordinal="12" offset="143" sl="1802" sc="13" el="1802" ec="39" bec="0" bev="0" fileid="55" />
                <SequencePoint vc="0" uspid="14639" ordinal="13" offset="155" sl="1804" sc="13" el="1804" ec="58" bec="2" bev="0" fileid="55" />
                <SequencePoint vc="0" uspid="14640" ordinal="14" offset="179" sl="1805" sc="13" el="1805" ec="14" bec="0" bev="0" fileid="55" />
                <SequencePoint vc="0" uspid="14641" ordinal="15" offset="182" sl="1807" sc="17" el="1807" ec="18" bec="0" bev="0" fileid="55" />
                <SequencePoint vc="0" uspid="14642" ordinal="16" offset="183" sl="1808" sc="21" el="1808" ec="95" bec="0" bev="0" fileid="55" />
                <SequencePoint vc="0" uspid="14643" ordinal="17" offset="210" sl="1809" sc="17" el="1809" ec="18" bec="0" bev="0" fileid="55" />
                <SequencePoint vc="0" uspid="14644" ordinal="18" offset="211" sl="1806" sc="17" el="1806" ec="56" bec="0" bev="0" fileid="55" />
                <SequencePoint vc="0" uspid="14645" ordinal="19" offset="229" sl="1810" sc="13" el="1810" ec="14" bec="0" bev="0" fileid="55" />
                <SequencePoint vc="0" uspid="14646" ordinal="20" offset="232" sl="1814" sc="13" el="1814" ec="14" bec="0" bev="0" fileid="55" />
                <SequencePoint vc="0" uspid="14647" ordinal="21" offset="233" sl="1815" sc="17" el="1815" ec="78" bec="0" bev="0" fileid="55" />
                <SequencePoint vc="0" uspid="14648" ordinal="22" offset="264" sl="1816" sc="13" el="1816" ec="14" bec="0" bev="0" fileid="55" />
                <SequencePoint vc="0" uspid="14649" ordinal="23" offset="265" sl="1812" sc="13" el="1813" ec="45" bec="2" bev="0" fileid="55" />
                <SequencePoint vc="0" uspid="14650" ordinal="24" offset="296" sl="1818" sc="13" el="1818" ec="26" bec="2" bev="0" fileid="55" />
                <SequencePoint vc="0" uspid="14651" ordinal="25" offset="303" sl="1819" sc="13" el="1819" ec="14" bec="0" bev="0" fileid="55" />
                <SequencePoint vc="0" uspid="14652" ordinal="26" offset="304" sl="1820" sc="17" el="1820" ec="95" bec="0" bev="0" fileid="55" />
                <SequencePoint vc="0" uspid="14653" ordinal="27" offset="331" sl="1821" sc="13" el="1821" ec="14" bec="0" bev="0" fileid="55" />
                <SequencePoint vc="0" uspid="14654" ordinal="28" offset="334" sl="1822" sc="18" el="1822" ec="33" bec="2" bev="0" fileid="55" />
                <SequencePoint vc="0" uspid="14655" ordinal="29" offset="346" sl="1823" sc="13" el="1823" ec="14" bec="0" bev="0" fileid="55" />
                <SequencePoint vc="0" uspid="14656" ordinal="30" offset="347" sl="1824" sc="17" el="1824" ec="44" bec="0" bev="0" fileid="55" />
                <SequencePoint vc="0" uspid="14657" ordinal="31" offset="359" sl="1825" sc="13" el="1825" ec="14" bec="0" bev="0" fileid="55" />
                <SequencePoint vc="0" uspid="14658" ordinal="32" offset="360" sl="1827" sc="13" el="1827" ec="91" bec="0" bev="0" fileid="55" />
                <SequencePoint vc="0" uspid="14659" ordinal="33" offset="383" sl="1829" sc="13" el="1829" ec="33" bec="0" bev="0" fileid="55" />
                <SequencePoint vc="0" uspid="14660" ordinal="34" offset="393" sl="1830" sc="9" el="1830" ec="10" bec="0" bev="0" fileid="55" />
              </SequencePoints>
              <BranchPoints>
                <BranchPoint vc="0" uspid="14661" ordinal="0" offset="15" sl="1789" path="0" offsetend="17" fileid="55" />
                <BranchPoint vc="0" uspid="14662" ordinal="1" offset="15" sl="1789" path="1" offsetend="64" fileid="55" />
                <BranchPoint vc="0" uspid="14663" ordinal="2" offset="156" sl="1804" path="0" offsetend="158" fileid="55" />
                <BranchPoint vc="0" uspid="14664" ordinal="3" offset="156" sl="1804" path="1" offsetend="172" fileid="55" />
                <BranchPoint vc="0" uspid="14665" ordinal="4" offset="271" sl="1812" path="0" offsetend="273" fileid="55" />
                <BranchPoint vc="0" uspid="14666" ordinal="5" offset="271" sl="1812" path="1" offsetend="289" fileid="55" />
                <BranchPoint vc="0" uspid="14667" ordinal="6" offset="301" sl="1818" path="0" offsetend="303" fileid="55" />
                <BranchPoint vc="0" uspid="14668" ordinal="7" offset="301" sl="1818" path="1" offsetend="334" fileid="55" />
                <BranchPoint vc="0" uspid="14669" ordinal="8" offset="344" sl="1822" path="0" offsetend="346" fileid="55" />
                <BranchPoint vc="0" uspid="14670" ordinal="9" offset="344" sl="1822" path="1" offsetend="360" fileid="55" />
              </BranchPoints>
              <MethodPoint xsi:type="SequencePoint" vc="0" uspid="14626" ordinal="0" offset="0" sl="1786" sc="9" el="1786" ec="10" bec="0" bev="0" fileid="55" />
            </Method>
            <Method visited="false" cyclomaticComplexity="5" nPathComplexity="4" sequenceCoverage="0" branchCoverage="0" crapScore="30" isConstructor="false" isStatic="true" isGetter="false" isSetter="false">
              <Summary numSequencePoints="6" visitedSequencePoints="0" numBranchPoints="5" visitedBranchPoints="0" sequenceCoverage="0" branchCoverage="0" maxCyclomaticComplexity="5" minCyclomaticComplexity="5" maxCrapScore="30" minCrapScore="30" visitedClasses="0" numClasses="0" visitedMethods="0" numMethods="1" />
              <MetadataToken>100664029</MetadataToken>
              <Name>System.Void ExMat.API.ExApi::Throw(System.String,ExMat.VM.ExVM,ExMat.Exceptions.ExExceptionType)</Name>
              <FileRef uid="55" />
              <SequencePoints>
                <SequencePoint vc="0" uspid="14671" ordinal="0" offset="0" sl="1833" sc="9" el="1833" ec="10" bec="0" bev="0" fileid="55" />
                <SequencePoint vc="0" uspid="14672" ordinal="1" offset="1" sl="1834" sc="13" el="1834" ec="26" bec="4" bev="0" fileid="55" />
                <SequencePoint vc="0" uspid="14673" ordinal="2" offset="25" sl="1837" sc="21" el="1837" ec="52" bec="0" bev="0" fileid="55" />
                <SequencePoint vc="0" uspid="14674" ordinal="3" offset="33" sl="1839" sc="21" el="1839" ec="60" bec="0" bev="0" fileid="55" />
                <SequencePoint vc="0" uspid="14675" ordinal="4" offset="41" sl="1841" sc="21" el="1841" ec="59" bec="0" bev="0" fileid="55" />
                <SequencePoint vc="0" uspid="14676" ordinal="5" offset="49" sl="1843" sc="21" el="1843" ec="46" bec="0" bev="0" fileid="55" />
              </SequencePoints>
              <BranchPoints>
                <BranchPoint vc="0" uspid="14677" ordinal="0" offset="6" sl="1834" path="0" offsetchain="23" offsetend="49" fileid="55" />
                <BranchPoint vc="0" uspid="14678" ordinal="1" offset="6" sl="1834" path="1" offsetend="25" fileid="55" />
                <BranchPoint vc="0" uspid="14679" ordinal="2" offset="6" sl="1834" path="2" offsetend="33" fileid="55" />
                <BranchPoint vc="0" uspid="14680" ordinal="3" offset="6" sl="1834" path="3" offsetend="41" fileid="55" />
              </BranchPoints>
              <MethodPoint xsi:type="SequencePoint" vc="0" uspid="14671" ordinal="0" offset="0" sl="1833" sc="9" el="1833" ec="10" bec="0" bev="0" fileid="55" />
            </Method>
            <Method visited="false" cyclomaticComplexity="7" nPathComplexity="64" sequenceCoverage="0" branchCoverage="0" crapScore="56" isConstructor="false" isStatic="true" isGetter="false" isSetter="false">
              <Summary numSequencePoints="28" visitedSequencePoints="0" numBranchPoints="13" visitedBranchPoints="0" sequenceCoverage="0" branchCoverage="0" maxCyclomaticComplexity="7" minCyclomaticComplexity="7" maxCrapScore="56" minCrapScore="56" visitedClasses="0" numClasses="0" visitedMethods="0" numMethods="1" />
              <MetadataToken>100664030</MetadataToken>
              <Name>System.Void ExMat.API.ExApi::CreateNewSlot(ExMat.VM.ExVM,System.Int32,System.Boolean,System.String)</Name>
              <FileRef uid="55" />
              <SequencePoints>
                <SequencePoint vc="0" uspid="14681" ordinal="0" offset="0" sl="1856" sc="9" el="1856" ec="10" bec="0" bev="0" fileid="55" />
                <SequencePoint vc="0" uspid="14682" ordinal="1" offset="1" sl="1857" sc="13" el="1857" ec="39" bec="2" bev="0" fileid="55" />
                <SequencePoint vc="0" uspid="14683" ordinal="2" offset="14" sl="1858" sc="13" el="1858" ec="14" bec="0" bev="0" fileid="55" />
                <SequencePoint vc="0" uspid="14684" ordinal="3" offset="15" sl="1859" sc="17" el="1859" ec="61" bec="0" bev="0" fileid="55" />
                <SequencePoint vc="0" uspid="14685" ordinal="4" offset="28" sl="1860" sc="13" el="1860" ec="14" bec="0" bev="0" fileid="55" />
                <SequencePoint vc="0" uspid="14686" ordinal="5" offset="29" sl="1861" sc="13" el="1861" ec="51" bec="0" bev="0" fileid="55" />
                <SequencePoint vc="0" uspid="14687" ordinal="6" offset="37" sl="1862" sc="13" el="1862" ec="64" bec="4" bev="0" fileid="55" />
                <SequencePoint vc="0" uspid="14688" ordinal="7" offset="76" sl="1863" sc="13" el="1863" ec="14" bec="0" bev="0" fileid="55" />
                <SequencePoint vc="0" uspid="14689" ordinal="8" offset="77" sl="1864" sc="17" el="1864" ec="36" bec="0" bev="0" fileid="55" />
                <SequencePoint vc="0" uspid="14690" ordinal="9" offset="84" sl="1865" sc="17" el="1865" ec="43" bec="0" bev="0" fileid="55" />
                <SequencePoint vc="0" uspid="14691" ordinal="10" offset="100" sl="1866" sc="17" el="1866" ec="43" bec="2" bev="0" fileid="55" />
                <SequencePoint vc="0" uspid="14692" ordinal="11" offset="113" sl="1867" sc="17" el="1867" ec="18" bec="0" bev="0" fileid="55" />
                <SequencePoint vc="0" uspid="14693" ordinal="12" offset="114" sl="1868" sc="21" el="1868" ec="60" bec="0" bev="0" fileid="55" />
                <SequencePoint vc="0" uspid="14694" ordinal="13" offset="127" sl="1869" sc="17" el="1869" ec="18" bec="0" bev="0" fileid="55" />
                <SequencePoint vc="0" uspid="14695" ordinal="14" offset="128" sl="1870" sc="17" el="1870" ec="61" bec="0" bev="0" fileid="55" />
                <SequencePoint vc="0" uspid="14696" ordinal="15" offset="146" sl="1872" sc="17" el="1872" ec="29" bec="2" bev="0" fileid="55" />
                <SequencePoint vc="0" uspid="14697" ordinal="16" offset="153" sl="1873" sc="17" el="1873" ec="18" bec="0" bev="0" fileid="55" />
                <SequencePoint vc="0" uspid="14698" ordinal="17" offset="154" sl="1874" sc="21" el="1874" ec="66" bec="2" bev="0" fileid="55" />
                <SequencePoint vc="0" uspid="14699" ordinal="18" offset="180" sl="1875" sc="21" el="1875" ec="22" bec="0" bev="0" fileid="55" />
                <SequencePoint vc="0" uspid="14700" ordinal="19" offset="181" sl="1876" sc="25" el="1876" ec="79" bec="0" bev="0" fileid="55" />
                <SequencePoint vc="0" uspid="14701" ordinal="20" offset="211" sl="1877" sc="21" el="1877" ec="22" bec="0" bev="0" fileid="55" />
                <SequencePoint vc="0" uspid="14702" ordinal="21" offset="214" sl="1879" sc="21" el="1879" ec="22" bec="0" bev="0" fileid="55" />
                <SequencePoint vc="0" uspid="14703" ordinal="22" offset="215" sl="1880" sc="25" el="1880" ec="76" bec="0" bev="0" fileid="55" />
                <SequencePoint vc="0" uspid="14704" ordinal="23" offset="245" sl="1881" sc="21" el="1881" ec="22" bec="0" bev="0" fileid="55" />
                <SequencePoint vc="0" uspid="14705" ordinal="24" offset="246" sl="1882" sc="17" el="1882" ec="18" bec="0" bev="0" fileid="55" />
                <SequencePoint vc="0" uspid="14706" ordinal="25" offset="247" sl="1883" sc="17" el="1883" ec="27" bec="0" bev="0" fileid="55" />
                <SequencePoint vc="0" uspid="14707" ordinal="26" offset="255" sl="1884" sc="13" el="1884" ec="14" bec="0" bev="0" fileid="55" />
                <SequencePoint vc="0" uspid="14708" ordinal="27" offset="256" sl="1885" sc="9" el="1885" ec="10" bec="0" bev="0" fileid="55" />
              </SequencePoints>
              <BranchPoints>
                <BranchPoint vc="0" uspid="14709" ordinal="0" offset="12" sl="1857" path="0" offsetend="14" fileid="55" />
                <BranchPoint vc="0" uspid="14710" ordinal="1" offset="12" sl="1857" path="1" offsetend="29" fileid="55" />
                <BranchPoint vc="0" uspid="14711" ordinal="2" offset="50" sl="1862" path="0" offsetend="52" fileid="55" />
                <BranchPoint vc="0" uspid="14712" ordinal="3" offset="50" sl="1862" path="1" offsetend="65" fileid="55" />
                <BranchPoint vc="0" uspid="14713" ordinal="4" offset="71" sl="1862" path="0" offsetend="76" fileid="55" />
                <BranchPoint vc="0" uspid="14714" ordinal="5" offset="71" sl="1862" path="1" offsetend="256" fileid="55" />
                <BranchPoint vc="0" uspid="14715" ordinal="6" offset="111" sl="1866" path="0" offsetend="113" fileid="55" />
                <BranchPoint vc="0" uspid="14716" ordinal="7" offset="111" sl="1866" path="1" offsetend="128" fileid="55" />
                <BranchPoint vc="0" uspid="14717" ordinal="8" offset="151" sl="1872" path="0" offsetend="153" fileid="55" />
                <BranchPoint vc="0" uspid="14718" ordinal="9" offset="151" sl="1872" path="1" offsetend="247" fileid="55" />
                <BranchPoint vc="0" uspid="14719" ordinal="10" offset="178" sl="1874" path="0" offsetend="180" fileid="55" />
                <BranchPoint vc="0" uspid="14720" ordinal="11" offset="178" sl="1874" path="1" offsetend="214" fileid="55" />
              </BranchPoints>
              <MethodPoint xsi:type="SequencePoint" vc="0" uspid="14681" ordinal="0" offset="0" sl="1856" sc="9" el="1856" ec="10" bec="0" bev="0" fileid="55" />
            </Method>
            <Method visited="false" cyclomaticComplexity="3" nPathComplexity="2" sequenceCoverage="0" branchCoverage="0" crapScore="12" isConstructor="false" isStatic="true" isGetter="false" isSetter="false">
              <Summary numSequencePoints="15" visitedSequencePoints="0" numBranchPoints="3" visitedBranchPoints="0" sequenceCoverage="0" branchCoverage="0" maxCyclomaticComplexity="3" minCyclomaticComplexity="3" maxCrapScore="12" minCrapScore="12" visitedClasses="0" numClasses="0" visitedMethods="0" numMethods="1" />
              <MetadataToken>100664031</MetadataToken>
              <Name>System.Int32 ExMat.API.ExApi::CountValueEqualsInArray(System.Collections.Generic.List`1&lt;ExMat.Objects.ExObject&gt;,ExMat.Objects.ExObject)</Name>
              <FileRef uid="55" />
              <SequencePoints>
                <SequencePoint vc="0" uspid="14721" ordinal="0" offset="0" sl="1894" sc="9" el="1894" ec="10" bec="0" bev="0" fileid="55" />
                <SequencePoint vc="0" uspid="14722" ordinal="1" offset="1" sl="1895" sc="13" el="1895" ec="23" bec="0" bev="0" fileid="55" />
                <SequencePoint vc="0" uspid="14723" ordinal="2" offset="3" sl="1896" sc="13" el="1896" ec="28" bec="0" bev="0" fileid="55" />
                <SequencePoint vc="0" uspid="14724" ordinal="3" offset="5" sl="1897" sc="13" el="1897" ec="27" bec="0" bev="0" fileid="55" />
                <SequencePoint vc="0" uspid="14725" ordinal="4" offset="9" sl="1899" sc="13" el="1899" ec="14" bec="0" bev="0" fileid="55" />
                <SequencePoint vc="0" uspid="14726" ordinal="5" offset="10" sl="1900" sc="17" el="1900" ec="48" bec="0" bev="0" fileid="55" />
                <SequencePoint vc="0" uspid="14727" ordinal="6" offset="26" sl="1901" sc="17" el="1901" ec="23" bec="2" bev="0" fileid="55" />
                <SequencePoint vc="0" uspid="14728" ordinal="7" offset="31" sl="1902" sc="17" el="1902" ec="18" bec="0" bev="0" fileid="55" />
                <SequencePoint vc="0" uspid="14729" ordinal="8" offset="32" sl="1903" sc="21" el="1903" ec="29" bec="0" bev="0" fileid="55" />
                <SequencePoint vc="0" uspid="14730" ordinal="9" offset="36" sl="1904" sc="17" el="1904" ec="18" bec="0" bev="0" fileid="55" />
                <SequencePoint vc="0" uspid="14731" ordinal="10" offset="37" sl="1905" sc="13" el="1905" ec="14" bec="0" bev="0" fileid="55" />
                <SequencePoint vc="0" uspid="14732" ordinal="11" offset="38" sl="1898" sc="35" el="1898" ec="38" bec="0" bev="0" fileid="55" />
                <SequencePoint vc="0" uspid="14733" ordinal="12" offset="42" sl="1898" sc="20" el="1898" ec="33" bec="0" bev="0" fileid="55" />
                <SequencePoint vc="0" uspid="14734" ordinal="13" offset="57" sl="1906" sc="13" el="1906" ec="26" bec="0" bev="0" fileid="55" />
                <SequencePoint vc="0" uspid="14735" ordinal="14" offset="62" sl="1907" sc="9" el="1907" ec="10" bec="0" bev="0" fileid="55" />
              </SequencePoints>
              <BranchPoints>
                <BranchPoint vc="0" uspid="14736" ordinal="0" offset="29" sl="1901" path="0" offsetend="31" fileid="55" />
                <BranchPoint vc="0" uspid="14737" ordinal="1" offset="29" sl="1901" path="1" offsetend="37" fileid="55" />
              </BranchPoints>
              <MethodPoint xsi:type="SequencePoint" vc="0" uspid="14721" ordinal="0" offset="0" sl="1894" sc="9" el="1894" ec="10" bec="0" bev="0" fileid="55" />
            </Method>
            <Method visited="false" cyclomaticComplexity="3" nPathComplexity="2" sequenceCoverage="0" branchCoverage="0" crapScore="12" isConstructor="false" isStatic="true" isGetter="false" isSetter="false">
              <Summary numSequencePoints="13" visitedSequencePoints="0" numBranchPoints="3" visitedBranchPoints="0" sequenceCoverage="0" branchCoverage="0" maxCyclomaticComplexity="3" minCyclomaticComplexity="3" maxCrapScore="12" minCrapScore="12" visitedClasses="0" numClasses="0" visitedMethods="0" numMethods="1" />
              <MetadataToken>100664032</MetadataToken>
              <Name>System.Int32 ExMat.API.ExApi::GetValueIndexFromArray(System.Collections.Generic.List`1&lt;ExMat.Objects.ExObject&gt;,ExMat.Objects.ExObject)</Name>
              <FileRef uid="55" />
              <SequencePoints>
                <SequencePoint vc="0" uspid="14738" ordinal="0" offset="0" sl="1916" sc="9" el="1916" ec="10" bec="0" bev="0" fileid="55" />
                <SequencePoint vc="0" uspid="14739" ordinal="1" offset="1" sl="1917" sc="18" el="1917" ec="27" bec="0" bev="0" fileid="55" />
                <SequencePoint vc="0" uspid="14740" ordinal="2" offset="5" sl="1918" sc="13" el="1918" ec="14" bec="0" bev="0" fileid="55" />
                <SequencePoint vc="0" uspid="14741" ordinal="3" offset="6" sl="1919" sc="17" el="1919" ec="32" bec="0" bev="0" fileid="55" />
                <SequencePoint vc="0" uspid="14742" ordinal="4" offset="8" sl="1920" sc="17" el="1920" ec="48" bec="0" bev="0" fileid="55" />
                <SequencePoint vc="0" uspid="14743" ordinal="5" offset="24" sl="1921" sc="17" el="1921" ec="23" bec="2" bev="0" fileid="55" />
                <SequencePoint vc="0" uspid="14744" ordinal="6" offset="29" sl="1922" sc="17" el="1922" ec="18" bec="0" bev="0" fileid="55" />
                <SequencePoint vc="0" uspid="14745" ordinal="7" offset="30" sl="1923" sc="21" el="1923" ec="30" bec="0" bev="0" fileid="55" />
                <SequencePoint vc="0" uspid="14746" ordinal="8" offset="34" sl="1925" sc="13" el="1925" ec="14" bec="0" bev="0" fileid="55" />
                <SequencePoint vc="0" uspid="14747" ordinal="9" offset="35" sl="1917" sc="44" el="1917" ec="47" bec="0" bev="0" fileid="55" />
                <SequencePoint vc="0" uspid="14748" ordinal="10" offset="39" sl="1917" sc="29" el="1917" ec="42" bec="0" bev="0" fileid="55" />
                <SequencePoint vc="0" uspid="14749" ordinal="11" offset="54" sl="1926" sc="13" el="1926" ec="23" bec="0" bev="0" fileid="55" />
                <SequencePoint vc="0" uspid="14750" ordinal="12" offset="58" sl="1927" sc="9" el="1927" ec="10" bec="0" bev="0" fileid="55" />
              </SequencePoints>
              <BranchPoints>
                <BranchPoint vc="0" uspid="14751" ordinal="0" offset="27" sl="1921" path="0" offsetend="29" fileid="55" />
                <BranchPoint vc="0" uspid="14752" ordinal="1" offset="27" sl="1921" path="1" offsetend="34" fileid="55" />
              </BranchPoints>
              <MethodPoint xsi:type="SequencePoint" vc="0" uspid="14738" ordinal="0" offset="0" sl="1916" sc="9" el="1916" ec="10" bec="0" bev="0" fileid="55" />
            </Method>
            <Method visited="false" cyclomaticComplexity="30" nPathComplexity="65536" sequenceCoverage="0" branchCoverage="0" crapScore="930" isConstructor="false" isStatic="true" isGetter="false" isSetter="false">
              <Summary numSequencePoints="22" visitedSequencePoints="0" numBranchPoints="33" visitedBranchPoints="0" sequenceCoverage="0" branchCoverage="0" maxCyclomaticComplexity="30" minCyclomaticComplexity="30" maxCrapScore="930" minCrapScore="930" visitedClasses="0" numClasses="0" visitedMethods="0" numMethods="1" />
              <MetadataToken>100664033</MetadataToken>
              <Name>ExMat.ExGetterStatus ExMat.API.ExApi::GetFunctionAttribute(ExMat.Interfaces.IExClosure,System.String,ExMat.Objects.ExObject&amp;)</Name>
              <FileRef uid="55" />
              <SequencePoints>
                <SequencePoint vc="0" uspid="14753" ordinal="0" offset="0" sl="1937" sc="9" el="1937" ec="10" bec="0" bev="0" fileid="55" />
                <SequencePoint vc="0" uspid="14754" ordinal="1" offset="1" sl="1938" sc="13" el="1938" ec="26" bec="5" bev="0" fileid="55" />
                <SequencePoint vc="0" uspid="14755" ordinal="2" offset="373" sl="1944" sc="21" el="1944" ec="22" bec="0" bev="0" fileid="55" />
                <SequencePoint vc="0" uspid="14756" ordinal="3" offset="374" sl="1945" sc="25" el="1945" ec="69" bec="2" bev="0" fileid="55" />
                <SequencePoint vc="0" uspid="14757" ordinal="4" offset="454" sl="1946" sc="25" el="1946" ec="53" bec="0" bev="0" fileid="55" />
                <SequencePoint vc="0" uspid="14758" ordinal="5" offset="461" sl="1950" sc="21" el="1950" ec="22" bec="0" bev="0" fileid="55" />
                <SequencePoint vc="0" uspid="14759" ordinal="6" offset="462" sl="1951" sc="25" el="1951" ec="67" bec="2" bev="0" fileid="55" />
                <SequencePoint vc="0" uspid="14760" ordinal="7" offset="542" sl="1952" sc="25" el="1952" ec="53" bec="0" bev="0" fileid="55" />
                <SequencePoint vc="0" uspid="14761" ordinal="8" offset="549" sl="1957" sc="21" el="1957" ec="22" bec="0" bev="0" fileid="55" />
                <SequencePoint vc="0" uspid="14762" ordinal="9" offset="550" sl="1958" sc="25" el="1958" ec="66" bec="2" bev="0" fileid="55" />
                <SequencePoint vc="0" uspid="14763" ordinal="10" offset="631" sl="1959" sc="25" el="1959" ec="53" bec="0" bev="0" fileid="55" />
                <SequencePoint vc="0" uspid="14764" ordinal="11" offset="638" sl="1962" sc="21" el="1962" ec="22" bec="0" bev="0" fileid="55" />
                <SequencePoint vc="0" uspid="14765" ordinal="12" offset="639" sl="1963" sc="25" el="1963" ec="91" bec="2" bev="0" fileid="55" />
                <SequencePoint vc="0" uspid="14766" ordinal="13" offset="719" sl="1964" sc="25" el="1964" ec="53" bec="0" bev="0" fileid="55" />
                <SequencePoint vc="0" uspid="14767" ordinal="14" offset="723" sl="1967" sc="21" el="1967" ec="22" bec="0" bev="0" fileid="55" />
                <SequencePoint vc="0" uspid="14768" ordinal="15" offset="724" sl="1968" sc="25" el="1968" ec="63" bec="0" bev="0" fileid="55" />
                <SequencePoint vc="0" uspid="14769" ordinal="16" offset="733" sl="1969" sc="25" el="1969" ec="41" bec="2" bev="0" fileid="55" />
                <SequencePoint vc="0" uspid="14770" ordinal="17" offset="744" sl="1970" sc="25" el="1970" ec="26" bec="0" bev="0" fileid="55" />
                <SequencePoint vc="0" uspid="14771" ordinal="18" offset="745" sl="1971" sc="29" el="1971" ec="57" bec="0" bev="0" fileid="55" />
                <SequencePoint vc="0" uspid="14772" ordinal="19" offset="749" sl="1973" sc="25" el="1973" ec="51" bec="2" bev="0" fileid="55" />
                <SequencePoint vc="0" uspid="14773" ordinal="20" offset="824" sl="1974" sc="25" el="1974" ec="53" bec="0" bev="0" fileid="55" />
                <SequencePoint vc="0" uspid="14774" ordinal="21" offset="828" sl="1977" sc="9" el="1977" ec="10" bec="0" bev="0" fileid="55" />
              </SequencePoints>
              <BranchPoints>
                <BranchPoint vc="0" uspid="14775" ordinal="0" offset="174" sl="1938" path="0" offsetchain="179" offsetend="723" fileid="55" />
                <BranchPoint vc="0" uspid="14776" ordinal="1" offset="174" sl="1938" path="1" offsetend="373" fileid="55" />
                <BranchPoint vc="0" uspid="14777" ordinal="2" offset="195" sl="1938" path="0" offsetchain="200" offsetend="723" fileid="55" />
                <BranchPoint vc="0" uspid="14778" ordinal="3" offset="195" sl="1938" path="1" offsetend="373" fileid="55" />
                <BranchPoint vc="0" uspid="14779" ordinal="4" offset="216" sl="1938" path="0" offsetchain="221" offsetend="723" fileid="55" />
                <BranchPoint vc="0" uspid="14780" ordinal="5" offset="216" sl="1938" path="1" offsetend="373" fileid="55" />
                <BranchPoint vc="0" uspid="14781" ordinal="6" offset="237" sl="1938" path="0" offsetchain="242" offsetend="723" fileid="55" />
                <BranchPoint vc="0" uspid="14782" ordinal="7" offset="237" sl="1938" path="1" offsetend="373" fileid="55" />
                <BranchPoint vc="0" uspid="14783" ordinal="8" offset="258" sl="1938" path="0" offsetchain="263" offsetend="723" fileid="55" />
                <BranchPoint vc="0" uspid="14784" ordinal="9" offset="258" sl="1938" path="1" offsetend="461" fileid="55" />
                <BranchPoint vc="0" uspid="14785" ordinal="10" offset="279" sl="1938" path="0" offsetchain="284" offsetend="723" fileid="55" />
                <BranchPoint vc="0" uspid="14786" ordinal="11" offset="279" sl="1938" path="1" offsetend="461" fileid="55" />
                <BranchPoint vc="0" uspid="14787" ordinal="12" offset="300" sl="1938" path="0" offsetchain="305" offsetend="723" fileid="55" />
                <BranchPoint vc="0" uspid="14788" ordinal="13" offset="300" sl="1938" path="1" offsetend="549" fileid="55" />
                <BranchPoint vc="0" uspid="14789" ordinal="14" offset="321" sl="1938" path="0" offsetchain="326" offsetend="723" fileid="55" />
                <BranchPoint vc="0" uspid="14790" ordinal="15" offset="321" sl="1938" path="1" offsetend="549" fileid="55" />
                <BranchPoint vc="0" uspid="14791" ordinal="16" offset="342" sl="1938" path="0" offsetchain="347" offsetend="723" fileid="55" />
                <BranchPoint vc="0" uspid="14792" ordinal="17" offset="342" sl="1938" path="1" offsetend="549" fileid="55" />
                <BranchPoint vc="0" uspid="14793" ordinal="18" offset="363" sl="1938" path="0" offsetchain="368" offsetend="723" fileid="55" />
                <BranchPoint vc="0" uspid="14794" ordinal="19" offset="363" sl="1938" path="1" offsetend="638" fileid="55" />
                <BranchPoint vc="0" uspid="14795" ordinal="20" offset="380" sl="1945" path="0" offsetchain="382" offsetend="421" fileid="55" />
                <BranchPoint vc="0" uspid="14796" ordinal="21" offset="380" sl="1945" path="1" offsetend="384" fileid="55" />
                <BranchPoint vc="0" uspid="14797" ordinal="22" offset="468" sl="1951" path="0" offsetchain="470" offsetend="509" fileid="55" />
                <BranchPoint vc="0" uspid="14798" ordinal="23" offset="468" sl="1951" path="1" offsetend="472" fileid="55" />
                <BranchPoint vc="0" uspid="14799" ordinal="24" offset="556" sl="1958" path="0" offsetchain="558" offsetend="597" fileid="55" />
                <BranchPoint vc="0" uspid="14800" ordinal="25" offset="556" sl="1958" path="1" offsetend="560" fileid="55" />
                <BranchPoint vc="0" uspid="14801" ordinal="26" offset="645" sl="1963" path="0" offsetchain="647" offsetend="686" fileid="55" />
                <BranchPoint vc="0" uspid="14802" ordinal="27" offset="645" sl="1963" path="1" offsetend="649" fileid="55" />
                <BranchPoint vc="0" uspid="14803" ordinal="28" offset="742" sl="1969" path="0" offsetend="744" fileid="55" />
                <BranchPoint vc="0" uspid="14804" ordinal="29" offset="742" sl="1969" path="1" offsetend="749" fileid="55" />
                <BranchPoint vc="0" uspid="14805" ordinal="30" offset="755" sl="1973" path="0" offsetchain="757" offsetend="796" fileid="55" />
                <BranchPoint vc="0" uspid="14806" ordinal="31" offset="755" sl="1973" path="1" offsetend="759" fileid="55" />
              </BranchPoints>
              <MethodPoint xsi:type="SequencePoint" vc="0" uspid="14753" ordinal="0" offset="0" sl="1937" sc="9" el="1937" ec="10" bec="0" bev="0" fileid="55" />
            </Method>
            <Method visited="false" cyclomaticComplexity="9" nPathComplexity="256" sequenceCoverage="0" branchCoverage="0" crapScore="90" isConstructor="false" isStatic="true" isGetter="false" isSetter="false">
              <Summary numSequencePoints="34" visitedSequencePoints="0" numBranchPoints="17" visitedBranchPoints="0" sequenceCoverage="0" branchCoverage="0" maxCyclomaticComplexity="9" minCyclomaticComplexity="9" maxCrapScore="90" minCrapScore="90" visitedClasses="0" numClasses="0" visitedMethods="0" numMethods="1" />
              <MetadataToken>100664034</MetadataToken>
              <Name>System.Boolean ExMat.API.ExApi::ParseStringToInteger(System.String,ExMat.Objects.ExObject&amp;)</Name>
              <FileRef uid="55" />
              <SequencePoints>
                <SequencePoint vc="0" uspid="14807" ordinal="0" offset="0" sl="1986" sc="9" el="1986" ec="10" bec="0" bev="0" fileid="55" />
                <SequencePoint vc="0" uspid="14808" ordinal="1" offset="1" sl="1987" sc="13" el="1987" ec="46" bec="2" bev="0" fileid="55" />
                <SequencePoint vc="0" uspid="14809" ordinal="2" offset="13" sl="1988" sc="13" el="1988" ec="14" bec="0" bev="0" fileid="55" />
                <SequencePoint vc="0" uspid="14810" ordinal="3" offset="14" sl="1989" sc="17" el="1989" ec="30" bec="0" bev="0" fileid="55" />
                <SequencePoint vc="0" uspid="14811" ordinal="4" offset="22" sl="1990" sc="13" el="1990" ec="14" bec="0" bev="0" fileid="55" />
                <SequencePoint vc="0" uspid="14812" ordinal="5" offset="28" sl="1991" sc="18" el="1991" ec="67" bec="2" bev="0" fileid="55" />
                <SequencePoint vc="0" uspid="14813" ordinal="6" offset="44" sl="1992" sc="13" el="1992" ec="14" bec="0" bev="0" fileid="55" />
                <SequencePoint vc="0" uspid="14814" ordinal="7" offset="45" sl="1993" sc="17" el="1994" ec="89" bec="4" bev="0" fileid="55" />
                <SequencePoint vc="0" uspid="14815" ordinal="8" offset="101" sl="1995" sc="17" el="1995" ec="18" bec="0" bev="0" fileid="55" />
                <SequencePoint vc="0" uspid="14816" ordinal="9" offset="102" sl="1996" sc="21" el="1996" ec="35" bec="0" bev="0" fileid="55" />
                <SequencePoint vc="0" uspid="14817" ordinal="10" offset="110" sl="1997" sc="17" el="1997" ec="18" bec="0" bev="0" fileid="55" />
                <SequencePoint vc="0" uspid="14818" ordinal="11" offset="111" sl="1998" sc="13" el="1998" ec="14" bec="0" bev="0" fileid="55" />
                <SequencePoint vc="0" uspid="14819" ordinal="12" offset="117" sl="1999" sc="18" el="2000" ec="39" bec="4" bev="0" fileid="55" />
                <SequencePoint vc="0" uspid="14820" ordinal="13" offset="153" sl="2001" sc="13" el="2001" ec="14" bec="0" bev="0" fileid="55" />
                <SequencePoint vc="0" uspid="14821" ordinal="14" offset="154" sl="2003" sc="17" el="2003" ec="18" bec="0" bev="0" fileid="55" />
                <SequencePoint vc="0" uspid="14822" ordinal="15" offset="155" sl="2004" sc="21" el="2004" ec="59" bec="0" bev="0" fileid="55" />
                <SequencePoint vc="0" uspid="14823" ordinal="16" offset="193" sl="2005" sc="17" el="2005" ec="18" bec="0" bev="0" fileid="55" />
                <SequencePoint vc="0" uspid="14824" ordinal="17" offset="196" sl="2006" sc="17" el="2006" ec="34" bec="0" bev="0" fileid="55" />
                <SequencePoint vc="0" uspid="14825" ordinal="18" offset="197" sl="2007" sc="17" el="2007" ec="18" bec="0" bev="0" fileid="55" />
                <SequencePoint vc="0" uspid="14826" ordinal="19" offset="198" sl="2008" sc="21" el="2008" ec="34" bec="0" bev="0" fileid="55" />
                <SequencePoint vc="0" uspid="14827" ordinal="20" offset="203" sl="2010" sc="13" el="2010" ec="14" bec="0" bev="0" fileid="55" />
                <SequencePoint vc="0" uspid="14828" ordinal="21" offset="206" sl="2011" sc="18" el="2012" ec="39" bec="4" bev="0" fileid="55" />
                <SequencePoint vc="0" uspid="14829" ordinal="22" offset="242" sl="2013" sc="13" el="2013" ec="14" bec="0" bev="0" fileid="55" />
                <SequencePoint vc="0" uspid="14830" ordinal="23" offset="243" sl="2015" sc="17" el="2015" ec="18" bec="0" bev="0" fileid="55" />
                <SequencePoint vc="0" uspid="14831" ordinal="24" offset="244" sl="2016" sc="21" el="2016" ec="59" bec="0" bev="0" fileid="55" />
                <SequencePoint vc="0" uspid="14832" ordinal="25" offset="281" sl="2017" sc="17" el="2017" ec="18" bec="0" bev="0" fileid="55" />
                <SequencePoint vc="0" uspid="14833" ordinal="26" offset="284" sl="2018" sc="17" el="2018" ec="34" bec="0" bev="0" fileid="55" />
                <SequencePoint vc="0" uspid="14834" ordinal="27" offset="285" sl="2019" sc="17" el="2019" ec="18" bec="0" bev="0" fileid="55" />
                <SequencePoint vc="0" uspid="14835" ordinal="28" offset="286" sl="2020" sc="21" el="2020" ec="34" bec="0" bev="0" fileid="55" />
                <SequencePoint vc="0" uspid="14836" ordinal="29" offset="291" sl="2022" sc="13" el="2022" ec="14" bec="0" bev="0" fileid="55" />
                <SequencePoint vc="0" uspid="14837" ordinal="30" offset="294" sl="2024" sc="13" el="2024" ec="14" bec="0" bev="0" fileid="55" />
                <SequencePoint vc="0" uspid="14838" ordinal="31" offset="295" sl="2025" sc="17" el="2025" ec="30" bec="0" bev="0" fileid="55" />
                <SequencePoint vc="0" uspid="14839" ordinal="32" offset="300" sl="2028" sc="13" el="2028" ec="25" bec="0" bev="0" fileid="55" />
                <SequencePoint vc="0" uspid="14840" ordinal="33" offset="305" sl="2029" sc="9" el="2029" ec="10" bec="0" bev="0" fileid="55" />
              </SequencePoints>
              <BranchPoints>
                <BranchPoint vc="0" uspid="14841" ordinal="0" offset="11" sl="1987" path="0" offsetend="13" fileid="55" />
                <BranchPoint vc="0" uspid="14842" ordinal="1" offset="11" sl="1987" path="1" offsetend="28" fileid="55" />
                <BranchPoint vc="0" uspid="14843" ordinal="2" offset="42" sl="1991" path="0" offsetend="44" fileid="55" />
                <BranchPoint vc="0" uspid="14844" ordinal="3" offset="42" sl="1991" path="1" offsetend="117" fileid="55" />
                <BranchPoint vc="0" uspid="14845" ordinal="4" offset="53" sl="1993" path="0" offsetend="55" fileid="55" />
                <BranchPoint vc="0" uspid="14846" ordinal="5" offset="53" sl="1993" path="1" offsetend="94" fileid="55" />
                <BranchPoint vc="0" uspid="14847" ordinal="6" offset="99" sl="1993" path="0" offsetend="101" fileid="55" />
                <BranchPoint vc="0" uspid="14848" ordinal="7" offset="99" sl="1993" path="1" offsetend="111" fileid="55" />
                <BranchPoint vc="0" uspid="14849" ordinal="8" offset="129" sl="1999" path="0" offsetend="131" fileid="55" />
                <BranchPoint vc="0" uspid="14850" ordinal="9" offset="129" sl="1999" path="1" offsetend="146" fileid="55" />
                <BranchPoint vc="0" uspid="14851" ordinal="10" offset="151" sl="1999" path="0" offsetend="153" fileid="55" />
                <BranchPoint vc="0" uspid="14852" ordinal="11" offset="151" sl="1999" path="1" offsetend="206" fileid="55" />
                <BranchPoint vc="0" uspid="14853" ordinal="12" offset="218" sl="2011" path="0" offsetend="220" fileid="55" />
                <BranchPoint vc="0" uspid="14854" ordinal="13" offset="218" sl="2011" path="1" offsetend="235" fileid="55" />
                <BranchPoint vc="0" uspid="14855" ordinal="14" offset="240" sl="2011" path="0" offsetend="242" fileid="55" />
                <BranchPoint vc="0" uspid="14856" ordinal="15" offset="240" sl="2011" path="1" offsetend="294" fileid="55" />
              </BranchPoints>
              <MethodPoint xsi:type="SequencePoint" vc="0" uspid="14807" ordinal="0" offset="0" sl="1986" sc="9" el="1986" ec="10" bec="0" bev="0" fileid="55" />
            </Method>
            <Method visited="false" cyclomaticComplexity="7" nPathComplexity="64" sequenceCoverage="0" branchCoverage="0" crapScore="56" isConstructor="false" isStatic="true" isGetter="false" isSetter="false">
              <Summary numSequencePoints="25" visitedSequencePoints="0" numBranchPoints="13" visitedBranchPoints="0" sequenceCoverage="0" branchCoverage="0" maxCyclomaticComplexity="7" minCyclomaticComplexity="7" maxCrapScore="56" minCrapScore="56" visitedClasses="0" numClasses="0" visitedMethods="0" numMethods="1" />
              <MetadataToken>100664035</MetadataToken>
              <Name>System.Boolean ExMat.API.ExApi::ParseStringToFloat(System.String,ExMat.Objects.ExObject&amp;)</Name>
              <FileRef uid="55" />
              <SequencePoints>
                <SequencePoint vc="0" uspid="14857" ordinal="0" offset="0" sl="2038" sc="9" el="2038" ec="10" bec="0" bev="0" fileid="55" />
                <SequencePoint vc="0" uspid="14858" ordinal="1" offset="1" sl="2039" sc="13" el="2039" ec="50" bec="2" bev="0" fileid="55" />
                <SequencePoint vc="0" uspid="14859" ordinal="2" offset="13" sl="2040" sc="13" el="2040" ec="14" bec="0" bev="0" fileid="55" />
                <SequencePoint vc="0" uspid="14860" ordinal="3" offset="14" sl="2041" sc="17" el="2041" ec="30" bec="0" bev="0" fileid="55" />
                <SequencePoint vc="0" uspid="14861" ordinal="4" offset="22" sl="2042" sc="13" el="2042" ec="14" bec="0" bev="0" fileid="55" />
                <SequencePoint vc="0" uspid="14862" ordinal="5" offset="28" sl="2043" sc="18" el="2043" ec="67" bec="2" bev="0" fileid="55" />
                <SequencePoint vc="0" uspid="14863" ordinal="6" offset="44" sl="2044" sc="13" el="2044" ec="14" bec="0" bev="0" fileid="55" />
                <SequencePoint vc="0" uspid="14864" ordinal="7" offset="45" sl="2045" sc="17" el="2046" ec="89" bec="4" bev="0" fileid="55" />
                <SequencePoint vc="0" uspid="14865" ordinal="8" offset="101" sl="2047" sc="17" el="2047" ec="18" bec="0" bev="0" fileid="55" />
                <SequencePoint vc="0" uspid="14866" ordinal="9" offset="102" sl="2048" sc="21" el="2048" ec="62" bec="0" bev="0" fileid="55" />
                <SequencePoint vc="0" uspid="14867" ordinal="10" offset="132" sl="2049" sc="17" el="2049" ec="18" bec="0" bev="0" fileid="55" />
                <SequencePoint vc="0" uspid="14868" ordinal="11" offset="133" sl="2050" sc="13" el="2050" ec="14" bec="0" bev="0" fileid="55" />
                <SequencePoint vc="0" uspid="14869" ordinal="12" offset="136" sl="2051" sc="18" el="2052" ec="39" bec="4" bev="0" fileid="55" />
                <SequencePoint vc="0" uspid="14870" ordinal="13" offset="172" sl="2053" sc="13" el="2053" ec="14" bec="0" bev="0" fileid="55" />
                <SequencePoint vc="0" uspid="14871" ordinal="14" offset="173" sl="2055" sc="17" el="2055" ec="18" bec="0" bev="0" fileid="55" />
                <SequencePoint vc="0" uspid="14872" ordinal="15" offset="174" sl="2056" sc="21" el="2056" ec="86" bec="0" bev="0" fileid="55" />
                <SequencePoint vc="0" uspid="14873" ordinal="16" offset="233" sl="2057" sc="17" el="2057" ec="18" bec="0" bev="0" fileid="55" />
                <SequencePoint vc="0" uspid="14874" ordinal="17" offset="236" sl="2058" sc="17" el="2058" ec="34" bec="0" bev="0" fileid="55" />
                <SequencePoint vc="0" uspid="14875" ordinal="18" offset="237" sl="2059" sc="17" el="2059" ec="18" bec="0" bev="0" fileid="55" />
                <SequencePoint vc="0" uspid="14876" ordinal="19" offset="238" sl="2060" sc="21" el="2060" ec="34" bec="0" bev="0" fileid="55" />
                <SequencePoint vc="0" uspid="14877" ordinal="20" offset="243" sl="2062" sc="13" el="2062" ec="14" bec="0" bev="0" fileid="55" />
                <SequencePoint vc="0" uspid="14878" ordinal="21" offset="246" sl="2064" sc="13" el="2064" ec="14" bec="0" bev="0" fileid="55" />
                <SequencePoint vc="0" uspid="14879" ordinal="22" offset="247" sl="2065" sc="17" el="2065" ec="30" bec="0" bev="0" fileid="55" />
                <SequencePoint vc="0" uspid="14880" ordinal="23" offset="252" sl="2068" sc="13" el="2068" ec="25" bec="0" bev="0" fileid="55" />
                <SequencePoint vc="0" uspid="14881" ordinal="24" offset="257" sl="2069" sc="9" el="2069" ec="10" bec="0" bev="0" fileid="55" />
              </SequencePoints>
              <BranchPoints>
                <BranchPoint vc="0" uspid="14882" ordinal="0" offset="11" sl="2039" path="0" offsetend="13" fileid="55" />
                <BranchPoint vc="0" uspid="14883" ordinal="1" offset="11" sl="2039" path="1" offsetend="28" fileid="55" />
                <BranchPoint vc="0" uspid="14884" ordinal="2" offset="42" sl="2043" path="0" offsetend="44" fileid="55" />
                <BranchPoint vc="0" uspid="14885" ordinal="3" offset="42" sl="2043" path="1" offsetend="136" fileid="55" />
                <BranchPoint vc="0" uspid="14886" ordinal="4" offset="53" sl="2045" path="0" offsetend="55" fileid="55" />
                <BranchPoint vc="0" uspid="14887" ordinal="5" offset="53" sl="2045" path="1" offsetend="94" fileid="55" />
                <BranchPoint vc="0" uspid="14888" ordinal="6" offset="99" sl="2045" path="0" offsetend="101" fileid="55" />
                <BranchPoint vc="0" uspid="14889" ordinal="7" offset="99" sl="2045" path="1" offsetend="133" fileid="55" />
                <BranchPoint vc="0" uspid="14890" ordinal="8" offset="148" sl="2051" path="0" offsetend="150" fileid="55" />
                <BranchPoint vc="0" uspid="14891" ordinal="9" offset="148" sl="2051" path="1" offsetend="165" fileid="55" />
                <BranchPoint vc="0" uspid="14892" ordinal="10" offset="170" sl="2051" path="0" offsetend="172" fileid="55" />
                <BranchPoint vc="0" uspid="14893" ordinal="11" offset="170" sl="2051" path="1" offsetend="246" fileid="55" />
              </BranchPoints>
              <MethodPoint xsi:type="SequencePoint" vc="0" uspid="14857" ordinal="0" offset="0" sl="2038" sc="9" el="2038" ec="10" bec="0" bev="0" fileid="55" />
            </Method>
            <Method visited="false" cyclomaticComplexity="2" nPathComplexity="2" sequenceCoverage="0" branchCoverage="0" crapScore="6" isConstructor="false" isStatic="true" isGetter="false" isSetter="false">
              <Summary numSequencePoints="10" visitedSequencePoints="0" numBranchPoints="3" visitedBranchPoints="0" sequenceCoverage="0" branchCoverage="0" maxCyclomaticComplexity="2" minCyclomaticComplexity="2" maxCrapScore="6" minCrapScore="6" visitedClasses="0" numClasses="0" visitedMethods="0" numMethods="1" />
              <MetadataToken>100664036</MetadataToken>
              <Name>System.Boolean ExMat.API.ExApi::CompileSource(ExMat.VM.ExVM,System.String)</Name>
              <FileRef uid="55" />
              <SequencePoints>
                <SequencePoint vc="0" uspid="14894" ordinal="0" offset="0" sl="2079" sc="9" el="2079" ec="10" bec="0" bev="0" fileid="55" />
                <SequencePoint vc="0" uspid="14895" ordinal="1" offset="1" sl="2080" sc="13" el="2080" ec="38" bec="0" bev="0" fileid="55" />
                <SequencePoint vc="0" uspid="14896" ordinal="2" offset="8" sl="2081" sc="13" el="2081" ec="35" bec="0" bev="0" fileid="55" />
                <SequencePoint vc="0" uspid="14897" ordinal="3" offset="14" sl="2083" sc="13" el="2083" ec="60" bec="2" bev="0" fileid="55" />
                <SequencePoint vc="0" uspid="14898" ordinal="4" offset="28" sl="2084" sc="13" el="2084" ec="14" bec="0" bev="0" fileid="55" />
                <SequencePoint vc="0" uspid="14899" ordinal="5" offset="29" sl="2086" sc="17" el="2086" ec="86" bec="0" bev="0" fileid="55" />
                <SequencePoint vc="0" uspid="14900" ordinal="6" offset="58" sl="2087" sc="17" el="2087" ec="29" bec="0" bev="0" fileid="55" />
                <SequencePoint vc="0" uspid="14901" ordinal="7" offset="62" sl="2089" sc="13" el="2089" ec="44" bec="0" bev="0" fileid="55" />
                <SequencePoint vc="0" uspid="14902" ordinal="8" offset="74" sl="2090" sc="13" el="2090" ec="26" bec="0" bev="0" fileid="55" />
                <SequencePoint vc="0" uspid="14903" ordinal="9" offset="78" sl="2091" sc="9" el="2091" ec="10" bec="0" bev="0" fileid="55" />
              </SequencePoints>
              <BranchPoints>
                <BranchPoint vc="0" uspid="14904" ordinal="0" offset="26" sl="2083" path="0" offsetend="28" fileid="55" />
                <BranchPoint vc="0" uspid="14905" ordinal="1" offset="26" sl="2083" path="1" offsetend="62" fileid="55" />
              </BranchPoints>
              <MethodPoint xsi:type="SequencePoint" vc="0" uspid="14894" ordinal="0" offset="0" sl="2079" sc="9" el="2079" ec="10" bec="0" bev="0" fileid="55" />
            </Method>
            <Method visited="false" cyclomaticComplexity="1" nPathComplexity="0" sequenceCoverage="0" branchCoverage="0" crapScore="2" isConstructor="false" isStatic="true" isGetter="false" isSetter="false">
              <Summary numSequencePoints="4" visitedSequencePoints="0" numBranchPoints="1" visitedBranchPoints="0" sequenceCoverage="0" branchCoverage="0" maxCyclomaticComplexity="1" minCyclomaticComplexity="1" maxCrapScore="2" minCrapScore="2" visitedClasses="0" numClasses="0" visitedMethods="0" numMethods="1" />
              <MetadataToken>100664037</MetadataToken>
              <Name>System.Boolean ExMat.API.ExApi::PushRootTable(ExMat.VM.ExVM)</Name>
              <FileRef uid="55" />
              <SequencePoints>
                <SequencePoint vc="0" uspid="14906" ordinal="0" offset="0" sl="2099" sc="9" el="2099" ec="10" bec="0" bev="0" fileid="55" />
                <SequencePoint vc="0" uspid="14907" ordinal="1" offset="1" sl="2100" sc="13" el="2100" ec="40" bec="0" bev="0" fileid="55" />
                <SequencePoint vc="0" uspid="14908" ordinal="2" offset="14" sl="2101" sc="13" el="2101" ec="25" bec="0" bev="0" fileid="55" />
                <SequencePoint vc="0" uspid="14909" ordinal="3" offset="18" sl="2102" sc="9" el="2102" ec="10" bec="0" bev="0" fileid="55" />
              </SequencePoints>
              <BranchPoints />
              <MethodPoint xsi:type="SequencePoint" vc="0" uspid="14906" ordinal="0" offset="0" sl="2099" sc="9" el="2099" ec="10" bec="0" bev="0" fileid="55" />
            </Method>
            <Method visited="false" cyclomaticComplexity="1" nPathComplexity="0" sequenceCoverage="0" branchCoverage="0" crapScore="2" isConstructor="false" isStatic="true" isGetter="false" isSetter="false">
              <Summary numSequencePoints="4" visitedSequencePoints="0" numBranchPoints="1" visitedBranchPoints="0" sequenceCoverage="0" branchCoverage="0" maxCyclomaticComplexity="1" minCyclomaticComplexity="1" maxCrapScore="2" minCrapScore="2" visitedClasses="0" numClasses="0" visitedMethods="0" numMethods="1" />
              <MetadataToken>100664038</MetadataToken>
              <Name>System.Boolean ExMat.API.ExApi::PushConstsTable(ExMat.VM.ExVM)</Name>
              <FileRef uid="55" />
              <SequencePoints>
                <SequencePoint vc="0" uspid="14910" ordinal="0" offset="0" sl="2110" sc="9" el="2110" ec="10" bec="0" bev="0" fileid="55" />
                <SequencePoint vc="0" uspid="14911" ordinal="1" offset="1" sl="2111" sc="13" el="2111" ec="44" bec="0" bev="0" fileid="55" />
                <SequencePoint vc="0" uspid="14912" ordinal="2" offset="19" sl="2112" sc="13" el="2112" ec="25" bec="0" bev="0" fileid="55" />
                <SequencePoint vc="0" uspid="14913" ordinal="3" offset="23" sl="2113" sc="9" el="2113" ec="10" bec="0" bev="0" fileid="55" />
              </SequencePoints>
              <BranchPoints />
              <MethodPoint xsi:type="SequencePoint" vc="0" uspid="14910" ordinal="0" offset="0" sl="2110" sc="9" el="2110" ec="10" bec="0" bev="0" fileid="55" />
            </Method>
            <Method visited="false" cyclomaticComplexity="2" nPathComplexity="2" sequenceCoverage="0" branchCoverage="0" crapScore="6" isConstructor="false" isStatic="true" isGetter="false" isSetter="false">
              <Summary numSequencePoints="3" visitedSequencePoints="0" numBranchPoints="3" visitedBranchPoints="0" sequenceCoverage="0" branchCoverage="0" maxCyclomaticComplexity="2" minCyclomaticComplexity="2" maxCrapScore="6" minCrapScore="6" visitedClasses="0" numClasses="0" visitedMethods="0" numMethods="1" />
              <MetadataToken>100664039</MetadataToken>
              <Name>ExMat.Objects.ExObject ExMat.API.ExApi::GetFromStack(ExMat.VM.ExVM,System.Int32)</Name>
              <FileRef uid="55" />
              <SequencePoints>
                <SequencePoint vc="0" uspid="14914" ordinal="0" offset="0" sl="2124" sc="9" el="2124" ec="10" bec="0" bev="0" fileid="55" />
                <SequencePoint vc="0" uspid="14915" ordinal="1" offset="1" sl="2125" sc="13" el="2125" ec="83" bec="2" bev="0" fileid="55" />
                <SequencePoint vc="0" uspid="14916" ordinal="2" offset="33" sl="2126" sc="9" el="2126" ec="10" bec="0" bev="0" fileid="55" />
              </SequencePoints>
              <BranchPoints>
                <BranchPoint vc="0" uspid="14917" ordinal="0" offset="3" sl="2125" path="0" offsetend="5" fileid="55" />
                <BranchPoint vc="0" uspid="14918" ordinal="1" offset="3" sl="2125" path="1" offsetend="14" fileid="55" />
              </BranchPoints>
              <MethodPoint xsi:type="SequencePoint" vc="0" uspid="14914" ordinal="0" offset="0" sl="2124" sc="9" el="2124" ec="10" bec="0" bev="0" fileid="55" />
            </Method>
            <Method visited="false" cyclomaticComplexity="1" nPathComplexity="0" sequenceCoverage="0" branchCoverage="0" crapScore="2" isConstructor="false" isStatic="true" isGetter="false" isSetter="false">
              <Summary numSequencePoints="3" visitedSequencePoints="0" numBranchPoints="1" visitedBranchPoints="0" sequenceCoverage="0" branchCoverage="0" maxCyclomaticComplexity="1" minCyclomaticComplexity="1" maxCrapScore="2" minCrapScore="2" visitedClasses="0" numClasses="0" visitedMethods="0" numMethods="1" />
              <MetadataToken>100664040</MetadataToken>
              <Name>System.Int32 ExMat.API.ExApi::GetTopOfStack(ExMat.VM.ExVM)</Name>
              <FileRef uid="55" />
              <SequencePoints>
                <SequencePoint vc="0" uspid="14919" ordinal="0" offset="0" sl="2133" sc="9" el="2133" ec="10" bec="0" bev="0" fileid="55" />
                <SequencePoint vc="0" uspid="14920" ordinal="1" offset="1" sl="2134" sc="13" el="2134" ec="47" bec="0" bev="0" fileid="55" />
                <SequencePoint vc="0" uspid="14921" ordinal="2" offset="17" sl="2135" sc="9" el="2135" ec="10" bec="0" bev="0" fileid="55" />
              </SequencePoints>
              <BranchPoints />
              <MethodPoint xsi:type="SequencePoint" vc="0" uspid="14919" ordinal="0" offset="0" sl="2133" sc="9" el="2133" ec="10" bec="0" bev="0" fileid="55" />
            </Method>
            <Method visited="false" cyclomaticComplexity="3" nPathComplexity="4" sequenceCoverage="0" branchCoverage="0" crapScore="12" isConstructor="false" isStatic="true" isGetter="false" isSetter="false">
              <Summary numSequencePoints="13" visitedSequencePoints="0" numBranchPoints="5" visitedBranchPoints="0" sequenceCoverage="0" branchCoverage="0" maxCyclomaticComplexity="3" minCyclomaticComplexity="3" maxCrapScore="12" minCrapScore="12" visitedClasses="0" numClasses="0" visitedMethods="0" numMethods="1" />
              <MetadataToken>100664041</MetadataToken>
              <Name>System.Boolean ExMat.API.ExApi::Call(ExMat.VM.ExVM,System.Int32,System.Boolean,System.Boolean)</Name>
              <FileRef uid="55" />
              <SequencePoints>
                <SequencePoint vc="0" uspid="14922" ordinal="0" offset="0" sl="2148" sc="9" el="2148" ec="10" bec="0" bev="0" fileid="55" />
                <SequencePoint vc="0" uspid="14923" ordinal="1" offset="1" sl="2149" sc="13" el="2149" ec="37" bec="0" bev="0" fileid="55" />
                <SequencePoint vc="0" uspid="14924" ordinal="2" offset="7" sl="2150" sc="13" el="2150" ec="60" bec="0" bev="0" fileid="55" />
                <SequencePoint vc="0" uspid="14925" ordinal="3" offset="18" sl="2151" sc="13" el="2151" ec="98" bec="2" bev="0" fileid="55" />
                <SequencePoint vc="0" uspid="14926" ordinal="4" offset="42" sl="2152" sc="13" el="2152" ec="14" bec="0" bev="0" fileid="55" />
                <SequencePoint vc="0" uspid="14927" ordinal="5" offset="43" sl="2153" sc="17" el="2153" ec="36" bec="0" bev="0" fileid="55" />
                <SequencePoint vc="0" uspid="14928" ordinal="6" offset="51" sl="2154" sc="17" el="2154" ec="31" bec="2" bev="0" fileid="55" />
                <SequencePoint vc="0" uspid="14929" ordinal="7" offset="56" sl="2155" sc="17" el="2155" ec="18" bec="0" bev="0" fileid="55" />
                <SequencePoint vc="0" uspid="14930" ordinal="8" offset="57" sl="2156" sc="21" el="2156" ec="37" bec="0" bev="0" fileid="55" />
                <SequencePoint vc="0" uspid="14931" ordinal="9" offset="65" sl="2157" sc="17" el="2157" ec="18" bec="0" bev="0" fileid="55" />
                <SequencePoint vc="0" uspid="14932" ordinal="10" offset="66" sl="2158" sc="17" el="2158" ec="29" bec="0" bev="0" fileid="55" />
                <SequencePoint vc="0" uspid="14933" ordinal="11" offset="71" sl="2160" sc="13" el="2160" ec="26" bec="0" bev="0" fileid="55" />
                <SequencePoint vc="0" uspid="14934" ordinal="12" offset="76" sl="2161" sc="9" el="2161" ec="10" bec="0" bev="0" fileid="55" />
              </SequencePoints>
              <BranchPoints>
                <BranchPoint vc="0" uspid="14935" ordinal="0" offset="40" sl="2151" path="0" offsetend="42" fileid="55" />
                <BranchPoint vc="0" uspid="14936" ordinal="1" offset="40" sl="2151" path="1" offsetend="71" fileid="55" />
                <BranchPoint vc="0" uspid="14937" ordinal="2" offset="54" sl="2154" path="0" offsetend="56" fileid="55" />
                <BranchPoint vc="0" uspid="14938" ordinal="3" offset="54" sl="2154" path="1" offsetend="66" fileid="55" />
              </BranchPoints>
              <MethodPoint xsi:type="SequencePoint" vc="0" uspid="14922" ordinal="0" offset="0" sl="2148" sc="9" el="2148" ec="10" bec="0" bev="0" fileid="55" />
            </Method>
            <Method visited="false" cyclomaticComplexity="3" nPathComplexity="0" sequenceCoverage="0" branchCoverage="0" crapScore="12" isConstructor="false" isStatic="true" isGetter="false" isSetter="false">
              <Summary numSequencePoints="16" visitedSequencePoints="0" numBranchPoints="1" visitedBranchPoints="0" sequenceCoverage="0" branchCoverage="0" maxCyclomaticComplexity="3" minCyclomaticComplexity="3" maxCrapScore="12" minCrapScore="12" visitedClasses="0" numClasses="0" visitedMethods="0" numMethods="1" />
              <MetadataToken>100664042</MetadataToken>
              <Name>System.Collections.Generic.List`1&lt;ExMat.Objects.ExObject&gt; ExMat.API.ExApi::TransposeMatrix(System.Int32,System.Int32,System.Collections.Generic.List`1&lt;ExMat.Objects.ExObject&gt;)</Name>
              <FileRef uid="55" />
              <SequencePoints>
                <SequencePoint vc="0" uspid="14939" ordinal="0" offset="0" sl="2171" sc="9" el="2171" ec="10" bec="0" bev="0" fileid="55" />
                <SequencePoint vc="0" uspid="14940" ordinal="1" offset="1" sl="2172" sc="13" el="2172" ec="44" bec="0" bev="0" fileid="55" />
                <SequencePoint vc="0" uspid="14941" ordinal="2" offset="8" sl="2173" sc="18" el="2173" ec="27" bec="0" bev="0" fileid="55" />
                <SequencePoint vc="0" uspid="14942" ordinal="3" offset="12" sl="2174" sc="13" el="2174" ec="14" bec="0" bev="0" fileid="55" />
                <SequencePoint vc="0" uspid="14943" ordinal="4" offset="13" sl="2175" sc="17" el="2175" ec="65" bec="0" bev="0" fileid="55" />
                <SequencePoint vc="0" uspid="14944" ordinal="5" offset="31" sl="2176" sc="22" el="2176" ec="31" bec="0" bev="0" fileid="55" />
                <SequencePoint vc="0" uspid="14945" ordinal="6" offset="35" sl="2177" sc="17" el="2177" ec="18" bec="0" bev="0" fileid="55" />
                <SequencePoint vc="0" uspid="14946" ordinal="7" offset="36" sl="2178" sc="21" el="2178" ec="73" bec="0" bev="0" fileid="55" />
                <SequencePoint vc="0" uspid="14947" ordinal="8" offset="77" sl="2179" sc="17" el="2179" ec="18" bec="0" bev="0" fileid="55" />
                <SequencePoint vc="0" uspid="14948" ordinal="9" offset="78" sl="2176" sc="43" el="2176" ec="46" bec="0" bev="0" fileid="55" />
                <SequencePoint vc="0" uspid="14949" ordinal="10" offset="82" sl="2176" sc="33" el="2176" ec="41" bec="0" bev="0" fileid="55" />
                <SequencePoint vc="0" uspid="14950" ordinal="11" offset="90" sl="2180" sc="13" el="2180" ec="14" bec="0" bev="0" fileid="55" />
                <SequencePoint vc="0" uspid="14951" ordinal="12" offset="91" sl="2173" sc="39" el="2173" ec="42" bec="0" bev="0" fileid="55" />
                <SequencePoint vc="0" uspid="14952" ordinal="13" offset="95" sl="2173" sc="29" el="2173" ec="37" bec="0" bev="0" fileid="55" />
                <SequencePoint vc="0" uspid="14953" ordinal="14" offset="105" sl="2181" sc="13" el="2181" ec="24" bec="0" bev="0" fileid="55" />
                <SequencePoint vc="0" uspid="14954" ordinal="15" offset="110" sl="2182" sc="9" el="2182" ec="10" bec="0" bev="0" fileid="55" />
              </SequencePoints>
              <BranchPoints />
              <MethodPoint xsi:type="SequencePoint" vc="0" uspid="14939" ordinal="0" offset="0" sl="2171" sc="9" el="2171" ec="10" bec="0" bev="0" fileid="55" />
            </Method>
            <Method visited="false" cyclomaticComplexity="7" nPathComplexity="32" sequenceCoverage="0" branchCoverage="0" crapScore="56" isConstructor="false" isStatic="true" isGetter="false" isSetter="false">
              <Summary numSequencePoints="30" visitedSequencePoints="0" numBranchPoints="11" visitedBranchPoints="0" sequenceCoverage="0" branchCoverage="0" maxCyclomaticComplexity="7" minCyclomaticComplexity="7" maxCrapScore="56" minCrapScore="56" visitedClasses="0" numClasses="0" visitedMethods="0" numMethods="1" />
              <MetadataToken>100664043</MetadataToken>
              <Name>System.Boolean ExMat.API.ExApi::DoMatrixTransposeChecks(ExMat.VM.ExVM,System.Collections.Generic.List`1&lt;ExMat.Objects.ExObject&gt;,System.Int32&amp;)</Name>
              <FileRef uid="55" />
              <SequencePoints>
                <SequencePoint vc="0" uspid="14955" ordinal="0" offset="0" sl="2193" sc="9" el="2193" ec="10" bec="0" bev="0" fileid="55" />
                <SequencePoint vc="0" uspid="14956" ordinal="1" offset="1" sl="2194" sc="13" el="2194" ec="20" bec="0" bev="0" fileid="55" />
                <SequencePoint vc="0" uspid="14957" ordinal="2" offset="2" sl="2194" sc="38" el="2194" ec="42" bec="0" bev="0" fileid="55" />
                <SequencePoint vc="0" uspid="14958" ordinal="3" offset="14" sl="2194" sc="22" el="2194" ec="34" bec="0" bev="0" fileid="55" />
                <SequencePoint vc="0" uspid="14959" ordinal="4" offset="22" sl="2195" sc="13" el="2195" ec="14" bec="0" bev="0" fileid="55" />
                <SequencePoint vc="0" uspid="14960" ordinal="5" offset="23" sl="2196" sc="17" el="2196" ec="49" bec="2" bev="0" fileid="55" />
                <SequencePoint vc="0" uspid="14961" ordinal="6" offset="43" sl="2197" sc="17" el="2197" ec="18" bec="0" bev="0" fileid="55" />
                <SequencePoint vc="0" uspid="14962" ordinal="7" offset="44" sl="2198" sc="21" el="2198" ec="78" bec="0" bev="0" fileid="55" />
                <SequencePoint vc="0" uspid="14963" ordinal="8" offset="56" sl="2199" sc="21" el="2199" ec="34" bec="0" bev="0" fileid="55" />
                <SequencePoint vc="0" uspid="14964" ordinal="9" offset="63" sl="2202" sc="17" el="2202" ec="18" bec="0" bev="0" fileid="55" />
                <SequencePoint vc="0" uspid="14965" ordinal="10" offset="64" sl="2203" sc="21" el="2203" ec="58" bec="2" bev="0" fileid="55" />
                <SequencePoint vc="0" uspid="14966" ordinal="11" offset="79" sl="2204" sc="21" el="2204" ec="22" bec="0" bev="0" fileid="55" />
                <SequencePoint vc="0" uspid="14967" ordinal="12" offset="80" sl="2205" sc="25" el="2205" ec="100" bec="0" bev="0" fileid="55" />
                <SequencePoint vc="0" uspid="14968" ordinal="13" offset="92" sl="2206" sc="25" el="2206" ec="38" bec="0" bev="0" fileid="55" />
                <SequencePoint vc="0" uspid="14969" ordinal="14" offset="96" sl="2209" sc="21" el="2209" ec="66" bec="4" bev="0" fileid="55" />
                <SequencePoint vc="0" uspid="14970" ordinal="15" offset="127" sl="2210" sc="21" el="2210" ec="22" bec="0" bev="0" fileid="55" />
                <SequencePoint vc="0" uspid="14971" ordinal="16" offset="128" sl="2211" sc="25" el="2211" ec="89" bec="0" bev="0" fileid="55" />
                <SequencePoint vc="0" uspid="14972" ordinal="17" offset="140" sl="2212" sc="25" el="2212" ec="38" bec="0" bev="0" fileid="55" />
                <SequencePoint vc="0" uspid="14973" ordinal="18" offset="144" sl="2215" sc="21" el="2215" ec="22" bec="0" bev="0" fileid="55" />
                <SequencePoint vc="0" uspid="14974" ordinal="19" offset="145" sl="2216" sc="25" el="2216" ec="52" bec="0" bev="0" fileid="55" />
                <SequencePoint vc="0" uspid="14975" ordinal="20" offset="158" sl="2217" sc="21" el="2217" ec="22" bec="0" bev="0" fileid="55" />
                <SequencePoint vc="0" uspid="14976" ordinal="21" offset="159" sl="2218" sc="17" el="2218" ec="18" bec="0" bev="0" fileid="55" />
                <SequencePoint vc="0" uspid="14977" ordinal="22" offset="160" sl="2219" sc="13" el="2219" ec="14" bec="0" bev="0" fileid="55" />
                <SequencePoint vc="0" uspid="14978" ordinal="23" offset="161" sl="2194" sc="35" el="2194" ec="37" bec="0" bev="0" fileid="55" />
                <SequencePoint vc="0" uspid="14979" ordinal="24" offset="190" sl="2221" sc="13" el="2221" ec="27" bec="2" bev="0" fileid="55" />
                <SequencePoint vc="0" uspid="14980" ordinal="25" offset="201" sl="2222" sc="13" el="2222" ec="14" bec="0" bev="0" fileid="55" />
                <SequencePoint vc="0" uspid="14981" ordinal="26" offset="202" sl="2223" sc="17" el="2223" ec="82" bec="0" bev="0" fileid="55" />
                <SequencePoint vc="0" uspid="14982" ordinal="27" offset="214" sl="2224" sc="17" el="2224" ec="30" bec="0" bev="0" fileid="55" />
                <SequencePoint vc="0" uspid="14983" ordinal="28" offset="218" sl="2226" sc="13" el="2226" ec="25" bec="0" bev="0" fileid="55" />
                <SequencePoint vc="0" uspid="14984" ordinal="29" offset="222" sl="2227" sc="9" el="2227" ec="10" bec="0" bev="0" fileid="55" />
              </SequencePoints>
              <BranchPoints>
                <BranchPoint vc="0" uspid="14985" ordinal="0" offset="41" sl="2196" path="0" offsetend="43" fileid="55" />
                <BranchPoint vc="0" uspid="14986" ordinal="1" offset="41" sl="2196" path="1" offsetend="63" fileid="55" />
                <BranchPoint vc="0" uspid="14987" ordinal="2" offset="77" sl="2203" path="0" offsetend="79" fileid="55" />
                <BranchPoint vc="0" uspid="14988" ordinal="3" offset="77" sl="2203" path="1" offsetend="96" fileid="55" />
                <BranchPoint vc="0" uspid="14989" ordinal="4" offset="98" sl="2209" path="0" offsetend="100" fileid="55" />
                <BranchPoint vc="0" uspid="14990" ordinal="5" offset="98" sl="2209" path="1" offsetend="120" fileid="55" />
                <BranchPoint vc="0" uspid="14991" ordinal="6" offset="125" sl="2209" path="0" offsetend="127" fileid="55" />
                <BranchPoint vc="0" uspid="14992" ordinal="7" offset="125" sl="2209" path="1" offsetend="144" fileid="55" />
                <BranchPoint vc="0" uspid="14995" ordinal="10" offset="199" sl="2221" path="0" offsetend="201" fileid="55" />
                <BranchPoint vc="0" uspid="14996" ordinal="11" offset="199" sl="2221" path="1" offsetend="218" fileid="55" />
              </BranchPoints>
              <MethodPoint xsi:type="SequencePoint" vc="0" uspid="14955" ordinal="0" offset="0" sl="2193" sc="9" el="2193" ec="10" bec="0" bev="0" fileid="55" />
            </Method>
            <Method visited="false" cyclomaticComplexity="6" nPathComplexity="16" sequenceCoverage="0" branchCoverage="0" crapScore="42" isConstructor="false" isStatic="true" isGetter="false" isSetter="false">
              <Summary numSequencePoints="20" visitedSequencePoints="0" numBranchPoints="9" visitedBranchPoints="0" sequenceCoverage="0" branchCoverage="0" maxCyclomaticComplexity="6" minCyclomaticComplexity="6" maxCrapScore="42" minCrapScore="42" visitedClasses="0" numClasses="0" visitedMethods="0" numMethods="1" />
              <MetadataToken>100664044</MetadataToken>
              <Name>System.Boolean ExMat.API.ExApi::ConvertIntegerStringArrayToString(System.Collections.Generic.List`1&lt;ExMat.Objects.ExObject&gt;,System.Text.StringBuilder&amp;)</Name>
              <FileRef uid="55" />
              <SequencePoints>
                <SequencePoint vc="0" uspid="14997" ordinal="0" offset="0" sl="2236" sc="9" el="2236" ec="10" bec="0" bev="0" fileid="55" />
                <SequencePoint vc="0" uspid="14998" ordinal="1" offset="1" sl="2237" sc="13" el="2237" ec="34" bec="0" bev="0" fileid="55" />
                <SequencePoint vc="0" uspid="14999" ordinal="2" offset="14" sl="2239" sc="13" el="2239" ec="20" bec="0" bev="0" fileid="55" />
                <SequencePoint vc="0" uspid="15000" ordinal="3" offset="15" sl="2239" sc="36" el="2239" ec="39" bec="0" bev="0" fileid="55" />
                <SequencePoint vc="0" uspid="15001" ordinal="4" offset="24" sl="2239" sc="22" el="2239" ec="32" bec="0" bev="0" fileid="55" />
                <SequencePoint vc="0" uspid="15002" ordinal="5" offset="32" sl="2240" sc="13" el="2240" ec="14" bec="0" bev="0" fileid="55" />
                <SequencePoint vc="0" uspid="15003" ordinal="6" offset="33" sl="2241" sc="17" el="2241" ec="48" bec="2" bev="0" fileid="55" />
                <SequencePoint vc="0" uspid="15004" ordinal="7" offset="50" sl="2242" sc="17" el="2242" ec="18" bec="0" bev="0" fileid="55" />
                <SequencePoint vc="0" uspid="15005" ordinal="8" offset="51" sl="2243" sc="21" el="2243" ec="47" bec="0" bev="0" fileid="55" />
                <SequencePoint vc="0" uspid="15006" ordinal="9" offset="65" sl="2244" sc="17" el="2244" ec="18" bec="0" bev="0" fileid="55" />
                <SequencePoint vc="0" uspid="15007" ordinal="10" offset="68" sl="2245" sc="22" el="2245" ec="104" bec="5" bev="0" fileid="55" />
                <SequencePoint vc="0" uspid="15008" ordinal="11" offset="115" sl="2246" sc="17" el="2246" ec="18" bec="0" bev="0" fileid="55" />
                <SequencePoint vc="0" uspid="15009" ordinal="12" offset="116" sl="2247" sc="21" el="2247" ec="50" bec="0" bev="0" fileid="55" />
                <SequencePoint vc="0" uspid="15010" ordinal="13" offset="131" sl="2248" sc="17" el="2248" ec="18" bec="0" bev="0" fileid="55" />
                <SequencePoint vc="0" uspid="15011" ordinal="14" offset="134" sl="2250" sc="17" el="2250" ec="18" bec="0" bev="0" fileid="55" />
                <SequencePoint vc="0" uspid="15012" ordinal="15" offset="135" sl="2251" sc="21" el="2251" ec="34" bec="0" bev="0" fileid="55" />
                <SequencePoint vc="0" uspid="15013" ordinal="16" offset="140" sl="2253" sc="13" el="2253" ec="14" bec="0" bev="0" fileid="55" />
                <SequencePoint vc="0" uspid="15014" ordinal="17" offset="141" sl="2239" sc="33" el="2239" ec="35" bec="0" bev="0" fileid="55" />
                <SequencePoint vc="0" uspid="15015" ordinal="18" offset="167" sl="2254" sc="13" el="2254" ec="25" bec="0" bev="0" fileid="55" />
                <SequencePoint vc="0" uspid="15016" ordinal="19" offset="172" sl="2255" sc="9" el="2255" ec="10" bec="0" bev="0" fileid="55" />
              </SequencePoints>
              <BranchPoints>
                <BranchPoint vc="0" uspid="15017" ordinal="0" offset="48" sl="2241" path="0" offsetend="50" fileid="55" />
                <BranchPoint vc="0" uspid="15018" ordinal="1" offset="48" sl="2241" path="1" offsetend="68" fileid="55" />
                <BranchPoint vc="0" uspid="15019" ordinal="2" offset="79" sl="2245" path="0" offsetend="81" fileid="55" />
                <BranchPoint vc="0" uspid="15020" ordinal="3" offset="79" sl="2245" path="1" offsetend="110" fileid="55" />
                <BranchPoint vc="0" uspid="15021" ordinal="4" offset="89" sl="2245" path="0" offsetend="91" fileid="55" />
                <BranchPoint vc="0" uspid="15022" ordinal="5" offset="89" sl="2245" path="1" offsetend="110" fileid="55" />
                <BranchPoint vc="0" uspid="15023" ordinal="6" offset="113" sl="2245" path="0" offsetend="115" fileid="55" />
                <BranchPoint vc="0" uspid="15024" ordinal="7" offset="113" sl="2245" path="1" offsetend="134" fileid="55" />
              </BranchPoints>
              <MethodPoint xsi:type="SequencePoint" vc="0" uspid="14997" ordinal="0" offset="0" sl="2236" sc="9" el="2236" ec="10" bec="0" bev="0" fileid="55" />
            </Method>
            <Method visited="false" cyclomaticComplexity="1" nPathComplexity="0" sequenceCoverage="0" branchCoverage="0" crapScore="2" isConstructor="false" isStatic="true" isGetter="false" isSetter="false">
              <Summary numSequencePoints="3" visitedSequencePoints="0" numBranchPoints="1" visitedBranchPoints="0" sequenceCoverage="0" branchCoverage="0" maxCyclomaticComplexity="1" minCyclomaticComplexity="1" maxCrapScore="2" minCrapScore="2" visitedClasses="0" numClasses="0" visitedMethods="0" numMethods="1" />
              <MetadataToken>100664045</MetadataToken>
              <Name>System.String ExMat.API.ExApi::Escape(System.String)</Name>
              <FileRef uid="55" />
              <SequencePoints>
                <SequencePoint vc="0" uspid="15025" ordinal="0" offset="0" sl="2263" sc="9" el="2263" ec="10" bec="0" bev="0" fileid="55" />
                <SequencePoint vc="0" uspid="15026" ordinal="1" offset="1" sl="2264" sc="13" el="2264" ec="60" bec="0" bev="0" fileid="55" />
                <SequencePoint vc="0" uspid="15027" ordinal="2" offset="11" sl="2265" sc="9" el="2265" ec="10" bec="0" bev="0" fileid="55" />
              </SequencePoints>
              <BranchPoints />
              <MethodPoint xsi:type="SequencePoint" vc="0" uspid="15025" ordinal="0" offset="0" sl="2263" sc="9" el="2263" ec="10" bec="0" bev="0" fileid="55" />
            </Method>
            <Method visited="false" cyclomaticComplexity="2" nPathComplexity="2" sequenceCoverage="0" branchCoverage="0" crapScore="6" isConstructor="false" isStatic="true" isGetter="false" isSetter="false">
              <Summary numSequencePoints="3" visitedSequencePoints="0" numBranchPoints="3" visitedBranchPoints="0" sequenceCoverage="0" branchCoverage="0" maxCyclomaticComplexity="2" minCyclomaticComplexity="2" maxCrapScore="6" minCrapScore="6" visitedClasses="0" numClasses="0" visitedMethods="0" numMethods="1" />
              <MetadataToken>100664046</MetadataToken>
              <Name>System.Boolean ExMat.API.ExApi::ShouldPrintTop(ExMat.VM.ExVM)</Name>
              <FileRef uid="55" />
              <SequencePoints>
                <SequencePoint vc="0" uspid="15028" ordinal="0" offset="0" sl="2268" sc="9" el="2268" ec="10" bec="0" bev="0" fileid="55" />
                <SequencePoint vc="0" uspid="15029" ordinal="1" offset="1" sl="2269" sc="13" el="2270" ec="63" bec="2" bev="0" fileid="55" />
                <SequencePoint vc="0" uspid="15030" ordinal="2" offset="27" sl="2271" sc="9" el="2271" ec="10" bec="0" bev="0" fileid="55" />
              </SequencePoints>
              <BranchPoints>
                <BranchPoint vc="0" uspid="15031" ordinal="0" offset="7" sl="2269" path="0" offsetend="9" fileid="55" />
                <BranchPoint vc="0" uspid="15032" ordinal="1" offset="7" sl="2269" path="1" offsetend="23" fileid="55" />
              </BranchPoints>
              <MethodPoint xsi:type="SequencePoint" vc="0" uspid="15028" ordinal="0" offset="0" sl="2268" sc="9" el="2268" ec="10" bec="0" bev="0" fileid="55" />
            </Method>
            <Method visited="false" cyclomaticComplexity="3" nPathComplexity="2" sequenceCoverage="0" branchCoverage="0" crapScore="12" isConstructor="false" isStatic="true" isGetter="false" isSetter="false">
              <Summary numSequencePoints="4" visitedSequencePoints="0" numBranchPoints="3" visitedBranchPoints="0" sequenceCoverage="0" branchCoverage="0" maxCyclomaticComplexity="3" minCyclomaticComplexity="3" maxCrapScore="12" minCrapScore="12" visitedClasses="0" numClasses="0" visitedMethods="0" numMethods="1" />
              <MetadataToken>100664047</MetadataToken>
              <Name>System.String ExMat.API.ExApi::FitConsoleString(System.Int32,System.String)</Name>
              <FileRef uid="55" />
              <SequencePoints>
                <SequencePoint vc="0" uspid="15033" ordinal="0" offset="0" sl="2274" sc="9" el="2274" ec="10" bec="0" bev="0" fileid="55" />
                <SequencePoint vc="0" uspid="15034" ordinal="1" offset="1" sl="2275" sc="13" el="2275" ec="38" bec="0" bev="0" fileid="55" />
                <SequencePoint vc="0" uspid="15035" ordinal="2" offset="8" sl="2276" sc="13" el="2276" ec="145" bec="2" bev="0" fileid="55" />
                <SequencePoint vc="0" uspid="15036" ordinal="3" offset="83" sl="2277" sc="9" el="2277" ec="10" bec="0" bev="0" fileid="55" />
              </SequencePoints>
              <BranchPoints>
                <BranchPoint vc="0" uspid="15037" ordinal="0" offset="54" sl="2276" path="0" offsetend="56" fileid="55" />
                <BranchPoint vc="0" uspid="15038" ordinal="1" offset="54" sl="2276" path="1" offsetend="59" fileid="55" />
              </BranchPoints>
              <MethodPoint xsi:type="SequencePoint" vc="0" uspid="15033" ordinal="0" offset="0" sl="2274" sc="9" el="2274" ec="10" bec="0" bev="0" fileid="55" />
            </Method>
            <Method visited="false" cyclomaticComplexity="3" nPathComplexity="2" sequenceCoverage="0" branchCoverage="0" crapScore="12" isConstructor="false" isStatic="true" isGetter="false" isSetter="false">
              <Summary numSequencePoints="3" visitedSequencePoints="0" numBranchPoints="3" visitedBranchPoints="0" sequenceCoverage="0" branchCoverage="0" maxCyclomaticComplexity="3" minCyclomaticComplexity="3" maxCrapScore="12" minCrapScore="12" visitedClasses="0" numClasses="0" visitedMethods="0" numMethods="1" />
              <MetadataToken>100664048</MetadataToken>
              <Name>System.Void ExMat.API.ExApi::ApplyPreferredConsoleTitle(System.String)</Name>
              <FileRef uid="55" />
              <SequencePoints>
                <SequencePoint vc="0" uspid="15039" ordinal="0" offset="0" sl="2284" sc="9" el="2284" ec="10" bec="0" bev="0" fileid="55" />
                <SequencePoint vc="0" uspid="15040" ordinal="1" offset="1" sl="2285" sc="13" el="2285" ec="100" bec="2" bev="0" fileid="55" />
                <SequencePoint vc="0" uspid="15041" ordinal="2" offset="23" sl="2286" sc="9" el="2286" ec="10" bec="0" bev="0" fileid="55" />
              </SequencePoints>
              <BranchPoints>
                <BranchPoint vc="0" uspid="15042" ordinal="0" offset="7" sl="2285" path="0" offsetend="9" fileid="55" />
                <BranchPoint vc="0" uspid="15043" ordinal="1" offset="7" sl="2285" path="1" offsetend="12" fileid="55" />
              </BranchPoints>
              <MethodPoint xsi:type="SequencePoint" vc="0" uspid="15039" ordinal="0" offset="0" sl="2284" sc="9" el="2284" ec="10" bec="0" bev="0" fileid="55" />
            </Method>
            <Method visited="false" cyclomaticComplexity="4" nPathComplexity="2" sequenceCoverage="0" branchCoverage="0" crapScore="20" isConstructor="false" isStatic="true" isGetter="false" isSetter="false">
              <Summary numSequencePoints="19" visitedSequencePoints="0" numBranchPoints="3" visitedBranchPoints="0" sequenceCoverage="0" branchCoverage="0" maxCyclomaticComplexity="4" minCyclomaticComplexity="4" maxCrapScore="20" minCrapScore="20" visitedClasses="0" numClasses="0" visitedMethods="0" numMethods="1" />
              <MetadataToken>100664049</MetadataToken>
              <Name>System.Void ExMat.API.ExApi::WriteInfoString(ExMat.VM.ExVM)</Name>
              <FileRef uid="55" />
              <SequencePoints>
                <SequencePoint vc="0" uspid="15044" ordinal="0" offset="0" sl="2293" sc="9" el="2293" ec="10" bec="0" bev="0" fileid="55" />
                <SequencePoint vc="0" uspid="15045" ordinal="1" offset="1" sl="2294" sc="13" el="2296" ec="39" bec="2" bev="0" fileid="55" />
                <SequencePoint vc="0" uspid="15046" ordinal="2" offset="58" sl="2298" sc="13" el="2298" ec="99" bec="0" bev="0" fileid="55" />
                <SequencePoint vc="0" uspid="15047" ordinal="3" offset="95" sl="2300" sc="13" el="2300" ec="29" bec="0" bev="0" fileid="55" />
                <SequencePoint vc="0" uspid="15048" ordinal="4" offset="98" sl="2302" sc="13" el="2302" ec="61" bec="0" bev="0" fileid="55" />
                <SequencePoint vc="0" uspid="15049" ordinal="5" offset="105" sl="2303" sc="13" el="2303" ec="58" bec="0" bev="0" fileid="55" />
                <SequencePoint vc="0" uspid="15050" ordinal="6" offset="113" sl="2305" sc="13" el="2305" ec="59" bec="0" bev="0" fileid="55" />
                <SequencePoint vc="0" uspid="15051" ordinal="7" offset="145" sl="2307" sc="13" el="2307" ec="58" bec="0" bev="0" fileid="55" />
                <SequencePoint vc="0" uspid="15052" ordinal="8" offset="164" sl="2308" sc="13" el="2308" ec="55" bec="0" bev="0" fileid="55" />
                <SequencePoint vc="0" uspid="15053" ordinal="9" offset="183" sl="2310" sc="13" el="2310" ec="20" bec="0" bev="0" fileid="55" />
                <SequencePoint vc="0" uspid="15054" ordinal="10" offset="184" sl="2310" sc="37" el="2310" ec="57" bec="0" bev="0" fileid="55" />
                <SequencePoint vc="0" uspid="15055" ordinal="11" offset="196" sl="2310" sc="22" el="2310" ec="33" bec="0" bev="0" fileid="55" />
                <SequencePoint vc="0" uspid="15056" ordinal="12" offset="203" sl="2311" sc="13" el="2311" ec="14" bec="0" bev="0" fileid="55" />
                <SequencePoint vc="0" uspid="15057" ordinal="13" offset="204" sl="2312" sc="17" el="2312" ec="59" bec="0" bev="0" fileid="55" />
                <SequencePoint vc="0" uspid="15058" ordinal="14" offset="224" sl="2313" sc="13" el="2313" ec="14" bec="0" bev="0" fileid="55" />
                <SequencePoint vc="0" uspid="15059" ordinal="15" offset="231" sl="2310" sc="34" el="2310" ec="36" bec="0" bev="0" fileid="55" />
                <SequencePoint vc="0" uspid="15060" ordinal="16" offset="239" sl="2315" sc="13" el="2315" ec="59" bec="0" bev="0" fileid="55" />
                <SequencePoint vc="0" uspid="15061" ordinal="17" offset="271" sl="2317" sc="13" el="2317" ec="34" bec="0" bev="0" fileid="55" />
                <SequencePoint vc="0" uspid="15062" ordinal="18" offset="277" sl="2318" sc="9" el="2318" ec="10" bec="0" bev="0" fileid="55" />
              </SequencePoints>
              <BranchPoints>
                <BranchPoint vc="0" uspid="15063" ordinal="0" offset="22" sl="2294" path="0" offsetend="24" fileid="55" />
                <BranchPoint vc="0" uspid="15064" ordinal="1" offset="22" sl="2294" path="1" offsetend="31" fileid="55" />
              </BranchPoints>
              <MethodPoint xsi:type="SequencePoint" vc="0" uspid="15044" ordinal="0" offset="0" sl="2293" sc="9" el="2293" ec="10" bec="0" bev="0" fileid="55" />
            </Method>
            <Method visited="false" cyclomaticComplexity="3" nPathComplexity="4" sequenceCoverage="0" branchCoverage="0" crapScore="12" isConstructor="false" isStatic="true" isGetter="false" isSetter="false">
              <Summary numSequencePoints="12" visitedSequencePoints="0" numBranchPoints="5" visitedBranchPoints="0" sequenceCoverage="0" branchCoverage="0" maxCyclomaticComplexity="3" minCyclomaticComplexity="3" maxCrapScore="12" minCrapScore="12" visitedClasses="0" numClasses="0" visitedMethods="0" numMethods="1" />
              <MetadataToken>100664050</MetadataToken>
              <Name>System.Void ExMat.API.ExApi::WriteOut(ExMat.VM.ExVM)</Name>
              <FileRef uid="55" />
              <SequencePoints>
                <SequencePoint vc="0" uspid="15067" ordinal="0" offset="0" sl="2325" sc="9" el="2325" ec="10" bec="0" bev="0" fileid="55" />
                <SequencePoint vc="0" uspid="15068" ordinal="1" offset="1" sl="2326" sc="13" el="2326" ec="91" bec="4" bev="0" fileid="55" />
                <SequencePoint vc="0" uspid="15069" ordinal="2" offset="27" sl="2327" sc="13" el="2327" ec="14" bec="0" bev="0" fileid="55" />
                <SequencePoint vc="0" uspid="15070" ordinal="3" offset="28" sl="2328" sc="17" el="2328" ec="60" bec="0" bev="0" fileid="55" />
                <SequencePoint vc="0" uspid="15071" ordinal="4" offset="36" sl="2329" sc="17" el="2329" ec="34" bec="0" bev="0" fileid="55" />
                <SequencePoint vc="0" uspid="15072" ordinal="5" offset="48" sl="2330" sc="17" el="2330" ec="62" bec="0" bev="0" fileid="55" />
                <SequencePoint vc="0" uspid="15073" ordinal="6" offset="56" sl="2331" sc="17" el="2331" ec="80" bec="0" bev="0" fileid="55" />
                <SequencePoint vc="0" uspid="15074" ordinal="7" offset="91" sl="2332" sc="17" el="2332" ec="60" bec="0" bev="0" fileid="55" />
                <SequencePoint vc="0" uspid="15075" ordinal="8" offset="99" sl="2333" sc="17" el="2333" ec="33" bec="0" bev="0" fileid="55" />
                <SequencePoint vc="0" uspid="15076" ordinal="9" offset="111" sl="2334" sc="17" el="2334" ec="38" bec="0" bev="0" fileid="55" />
                <SequencePoint vc="0" uspid="15077" ordinal="10" offset="117" sl="2335" sc="13" el="2335" ec="14" bec="0" bev="0" fileid="55" />
                <SequencePoint vc="0" uspid="15078" ordinal="11" offset="118" sl="2336" sc="9" el="2336" ec="10" bec="0" bev="0" fileid="55" />
              </SequencePoints>
              <BranchPoints>
                <BranchPoint vc="0" uspid="15079" ordinal="0" offset="7" sl="2326" path="0" offsetend="9" fileid="55" />
                <BranchPoint vc="0" uspid="15080" ordinal="1" offset="7" sl="2326" path="1" offsetend="22" fileid="55" />
                <BranchPoint vc="0" uspid="15081" ordinal="2" offset="25" sl="2326" path="0" offsetend="27" fileid="55" />
                <BranchPoint vc="0" uspid="15082" ordinal="3" offset="25" sl="2326" path="1" offsetend="118" fileid="55" />
              </BranchPoints>
              <MethodPoint xsi:type="SequencePoint" vc="0" uspid="15067" ordinal="0" offset="0" sl="2325" sc="9" el="2325" ec="10" bec="0" bev="0" fileid="55" />
            </Method>
            <Method visited="false" cyclomaticComplexity="2" nPathComplexity="2" sequenceCoverage="0" branchCoverage="0" crapScore="6" isConstructor="false" isStatic="true" isGetter="false" isSetter="false">
              <Summary numSequencePoints="13" visitedSequencePoints="0" numBranchPoints="3" visitedBranchPoints="0" sequenceCoverage="0" branchCoverage="0" maxCyclomaticComplexity="2" minCyclomaticComplexity="2" maxCrapScore="6" minCrapScore="6" visitedClasses="0" numClasses="0" visitedMethods="0" numMethods="1" />
              <MetadataToken>100664051</MetadataToken>
              <Name>System.Void ExMat.API.ExApi::WriteIn(ExMat.VM.ExVM)</Name>
              <FileRef uid="55" />
              <SequencePoints>
                <SequencePoint vc="0" uspid="15083" ordinal="0" offset="0" sl="2343" sc="9" el="2343" ec="10" bec="0" bev="0" fileid="55" />
                <SequencePoint vc="0" uspid="15084" ordinal="1" offset="1" sl="2344" sc="13" el="2344" ec="58" bec="0" bev="0" fileid="55" />
                <SequencePoint vc="0" uspid="15085" ordinal="2" offset="9" sl="2345" sc="13" el="2345" ec="35" bec="2" bev="0" fileid="55" />
                <SequencePoint vc="0" uspid="15086" ordinal="3" offset="22" sl="2346" sc="13" el="2346" ec="14" bec="0" bev="0" fileid="55" />
                <SequencePoint vc="0" uspid="15087" ordinal="4" offset="23" sl="2347" sc="17" el="2347" ec="34" bec="0" bev="0" fileid="55" />
                <SequencePoint vc="0" uspid="15088" ordinal="5" offset="40" sl="2348" sc="13" el="2348" ec="14" bec="0" bev="0" fileid="55" />
                <SequencePoint vc="0" uspid="15089" ordinal="6" offset="41" sl="2350" sc="13" el="2350" ec="34" bec="0" bev="0" fileid="55" />
                <SequencePoint vc="0" uspid="15090" ordinal="7" offset="58" sl="2351" sc="13" el="2351" ec="58" bec="0" bev="0" fileid="55" />
                <SequencePoint vc="0" uspid="15091" ordinal="8" offset="66" sl="2352" sc="13" el="2352" ec="76" bec="0" bev="0" fileid="55" />
                <SequencePoint vc="0" uspid="15092" ordinal="9" offset="94" sl="2353" sc="13" el="2353" ec="58" bec="0" bev="0" fileid="55" />
                <SequencePoint vc="0" uspid="15093" ordinal="10" offset="102" sl="2354" sc="13" el="2354" ec="31" bec="0" bev="0" fileid="55" />
                <SequencePoint vc="0" uspid="15094" ordinal="11" offset="119" sl="2356" sc="13" el="2356" ec="34" bec="0" bev="0" fileid="55" />
                <SequencePoint vc="0" uspid="15095" ordinal="12" offset="125" sl="2357" sc="9" el="2357" ec="10" bec="0" bev="0" fileid="55" />
              </SequencePoints>
              <BranchPoints>
                <BranchPoint vc="0" uspid="15096" ordinal="0" offset="20" sl="2345" path="0" offsetend="22" fileid="55" />
                <BranchPoint vc="0" uspid="15097" ordinal="1" offset="20" sl="2345" path="1" offsetend="41" fileid="55" />
              </BranchPoints>
              <MethodPoint xsi:type="SequencePoint" vc="0" uspid="15083" ordinal="0" offset="0" sl="2343" sc="9" el="2343" ec="10" bec="0" bev="0" fileid="55" />
            </Method>
            <Method visited="false" cyclomaticComplexity="1" nPathComplexity="0" sequenceCoverage="0" branchCoverage="0" crapScore="2" isConstructor="false" isStatic="true" isGetter="false" isSetter="false">
              <Summary numSequencePoints="5" visitedSequencePoints="0" numBranchPoints="1" visitedBranchPoints="0" sequenceCoverage="0" branchCoverage="0" maxCyclomaticComplexity="1" minCyclomaticComplexity="1" maxCrapScore="2" minCrapScore="2" visitedClasses="0" numClasses="0" visitedMethods="0" numMethods="1" />
              <MetadataToken>100664052</MetadataToken>
              <Name>System.Void ExMat.API.ExApi::SleepVM(ExMat.VM.ExVM,System.Int32)</Name>
              <FileRef uid="55" />
              <SequencePoints>
                <SequencePoint vc="0" uspid="15098" ordinal="0" offset="0" sl="2365" sc="9" el="2365" ec="10" bec="0" bev="0" fileid="55" />
                <SequencePoint vc="0" uspid="15099" ordinal="1" offset="1" sl="2366" sc="13" el="2366" ec="34" bec="0" bev="0" fileid="55" />
                <SequencePoint vc="0" uspid="15100" ordinal="2" offset="8" sl="2367" sc="13" el="2367" ec="32" bec="0" bev="0" fileid="55" />
                <SequencePoint vc="0" uspid="15101" ordinal="3" offset="15" sl="2368" sc="13" el="2368" ec="35" bec="0" bev="0" fileid="55" />
                <SequencePoint vc="0" uspid="15102" ordinal="4" offset="22" sl="2369" sc="9" el="2369" ec="10" bec="0" bev="0" fileid="55" />
              </SequencePoints>
              <BranchPoints />
              <MethodPoint xsi:type="SequencePoint" vc="0" uspid="15098" ordinal="0" offset="0" sl="2365" sc="9" el="2365" ec="10" bec="0" bev="0" fileid="55" />
            </Method>
            <Method visited="false" cyclomaticComplexity="3" nPathComplexity="2" sequenceCoverage="0" branchCoverage="0" crapScore="12" isConstructor="false" isStatic="true" isGetter="false" isSetter="false">
              <Summary numSequencePoints="3" visitedSequencePoints="0" numBranchPoints="3" visitedBranchPoints="0" sequenceCoverage="0" branchCoverage="0" maxCyclomaticComplexity="3" minCyclomaticComplexity="3" maxCrapScore="12" minCrapScore="12" visitedClasses="0" numClasses="0" visitedMethods="0" numMethods="1" />
              <MetadataToken>100664053</MetadataToken>
              <Name>System.String ExMat.API.ExApi::GetEscapedFormattedString(System.String,System.Boolean)</Name>
              <FileRef uid="55" />
              <SequencePoints>
                <SequencePoint vc="0" uspid="15103" ordinal="0" offset="0" sl="2372" sc="9" el="2372" ec="10" bec="0" bev="0" fileid="55" />
                <SequencePoint vc="0" uspid="15104" ordinal="1" offset="1" sl="2373" sc="13" el="2373" ec="103" bec="2" bev="0" fileid="55" />
                <SequencePoint vc="0" uspid="15105" ordinal="2" offset="31" sl="2374" sc="9" el="2374" ec="10" bec="0" bev="0" fileid="55" />
              </SequencePoints>
              <BranchPoints>
                <BranchPoint vc="0" uspid="15106" ordinal="0" offset="2" sl="2373" path="0" offsetend="4" fileid="55" />
                <BranchPoint vc="0" uspid="15107" ordinal="1" offset="2" sl="2373" path="1" offsetend="7" fileid="55" />
              </BranchPoints>
              <MethodPoint xsi:type="SequencePoint" vc="0" uspid="15103" ordinal="0" offset="0" sl="2372" sc="9" el="2372" ec="10" bec="0" bev="0" fileid="55" />
            </Method>
            <Method visited="false" cyclomaticComplexity="3" nPathComplexity="2" sequenceCoverage="0" branchCoverage="0" crapScore="12" isConstructor="false" isStatic="true" isGetter="false" isSetter="false">
              <Summary numSequencePoints="18" visitedSequencePoints="0" numBranchPoints="3" visitedBranchPoints="0" sequenceCoverage="0" branchCoverage="0" maxCyclomaticComplexity="3" minCyclomaticComplexity="3" maxCrapScore="12" minCrapScore="12" visitedClasses="0" numClasses="0" visitedMethods="0" numMethods="1" />
              <MetadataToken>100664054</MetadataToken>
              <Name>ExMat.ExFunctionStatus ExMat.API.ExApi::GetFormatStringAndObjects(ExMat.VM.ExVM,System.Int32,System.String&amp;,System.Object[]&amp;)</Name>
              <FileRef uid="55" />
              <SequencePoints>
                <SequencePoint vc="0" uspid="15108" ordinal="0" offset="0" sl="2385" sc="9" el="2385" ec="10" bec="0" bev="0" fileid="55" />
                <SequencePoint vc="0" uspid="15109" ordinal="1" offset="1" sl="2386" sc="13" el="2386" ec="52" bec="0" bev="0" fileid="55" />
                <SequencePoint vc="0" uspid="15110" ordinal="2" offset="15" sl="2387" sc="13" el="2387" ec="40" bec="0" bev="0" fileid="55" />
                <SequencePoint vc="0" uspid="15111" ordinal="3" offset="25" sl="2388" sc="13" el="2388" ec="61" bec="0" bev="0" fileid="55" />
                <SequencePoint vc="0" uspid="15112" ordinal="4" offset="36" sl="2389" sc="18" el="2389" ec="27" bec="0" bev="0" fileid="55" />
                <SequencePoint vc="0" uspid="15113" ordinal="5" offset="40" sl="2390" sc="13" el="2390" ec="14" bec="0" bev="0" fileid="55" />
                <SequencePoint vc="0" uspid="15114" ordinal="6" offset="41" sl="2391" sc="17" el="2391" ec="37" bec="0" bev="0" fileid="55" />
                <SequencePoint vc="0" uspid="15115" ordinal="7" offset="47" sl="2392" sc="17" el="2392" ec="50" bec="2" bev="0" fileid="55" />
                <SequencePoint vc="0" uspid="15116" ordinal="8" offset="71" sl="2393" sc="17" el="2393" ec="18" bec="0" bev="0" fileid="55" />
                <SequencePoint vc="0" uspid="15117" ordinal="9" offset="72" sl="2394" sc="21" el="2394" ec="44" bec="0" bev="0" fileid="55" />
                <SequencePoint vc="0" uspid="15118" ordinal="10" offset="82" sl="2395" sc="17" el="2395" ec="18" bec="0" bev="0" fileid="55" />
                <SequencePoint vc="0" uspid="15119" ordinal="11" offset="85" sl="2397" sc="17" el="2397" ec="18" bec="0" bev="0" fileid="55" />
                <SequencePoint vc="0" uspid="15120" ordinal="12" offset="86" sl="2398" sc="21" el="2398" ec="119" bec="0" bev="0" fileid="55" />
                <SequencePoint vc="0" uspid="15121" ordinal="13" offset="129" sl="2400" sc="13" el="2400" ec="14" bec="0" bev="0" fileid="55" />
                <SequencePoint vc="0" uspid="15122" ordinal="14" offset="130" sl="2389" sc="44" el="2389" ec="47" bec="0" bev="0" fileid="55" />
                <SequencePoint vc="0" uspid="15123" ordinal="15" offset="134" sl="2389" sc="29" el="2389" ec="42" bec="0" bev="0" fileid="55" />
                <SequencePoint vc="0" uspid="15124" ordinal="16" offset="146" sl="2401" sc="13" el="2401" ec="45" bec="0" bev="0" fileid="55" />
                <SequencePoint vc="0" uspid="15125" ordinal="17" offset="151" sl="2402" sc="9" el="2402" ec="10" bec="0" bev="0" fileid="55" />
              </SequencePoints>
              <BranchPoints>
                <BranchPoint vc="0" uspid="15126" ordinal="0" offset="69" sl="2392" path="0" offsetend="71" fileid="55" />
                <BranchPoint vc="0" uspid="15127" ordinal="1" offset="69" sl="2392" path="1" offsetend="85" fileid="55" />
              </BranchPoints>
              <MethodPoint xsi:type="SequencePoint" vc="0" uspid="15108" ordinal="0" offset="0" sl="2385" sc="9" el="2385" ec="10" bec="0" bev="0" fileid="55" />
            </Method>
            <Method visited="false" cyclomaticComplexity="7" nPathComplexity="64" sequenceCoverage="0" branchCoverage="0" crapScore="56" isConstructor="false" isStatic="true" isGetter="false" isSetter="false">
              <Summary numSequencePoints="24" visitedSequencePoints="0" numBranchPoints="13" visitedBranchPoints="0" sequenceCoverage="0" branchCoverage="0" maxCyclomaticComplexity="7" minCyclomaticComplexity="7" maxCrapScore="56" minCrapScore="56" visitedClasses="0" numClasses="0" visitedMethods="0" numMethods="1" />
              <MetadataToken>100664055</MetadataToken>
              <Name>System.Int32 ExMat.API.ExApi::CallTop(ExMat.VM.ExVM)</Name>
              <FileRef uid="55" />
              <SequencePoints>
                <SequencePoint vc="0" uspid="15128" ordinal="0" offset="0" sl="2412" sc="9" el="2412" ec="10" bec="0" bev="0" fileid="55" />
                <SequencePoint vc="0" uspid="15129" ordinal="1" offset="1" sl="2413" sc="13" el="2413" ec="31" bec="0" bev="0" fileid="55" />
                <SequencePoint vc="0" uspid="15130" ordinal="2" offset="8" sl="2414" sc="13" el="2414" ec="41" bec="2" bev="0" fileid="55" />
                <SequencePoint vc="0" uspid="15131" ordinal="3" offset="24" sl="2415" sc="13" el="2415" ec="14" bec="0" bev="0" fileid="55" />
                <SequencePoint vc="0" uspid="15132" ordinal="4" offset="25" sl="2417" sc="17" el="2417" ec="36" bec="2" bev="0" fileid="55" />
                <SequencePoint vc="0" uspid="15133" ordinal="5" offset="38" sl="2418" sc="17" el="2418" ec="18" bec="0" bev="0" fileid="55" />
                <SequencePoint vc="0" uspid="15134" ordinal="6" offset="39" sl="2419" sc="21" el="2419" ec="47" bec="0" bev="0" fileid="55" />
                <SequencePoint vc="0" uspid="15135" ordinal="7" offset="53" sl="2420" sc="21" el="2420" ec="30" bec="0" bev="0" fileid="55" />
                <SequencePoint vc="0" uspid="15136" ordinal="8" offset="60" sl="2423" sc="17" el="2423" ec="74" bec="0" bev="0" fileid="55" />
                <SequencePoint vc="0" uspid="15137" ordinal="9" offset="80" sl="2425" sc="17" el="2426" ec="44" bec="4" bev="0" fileid="55" />
                <SequencePoint vc="0" uspid="15138" ordinal="10" offset="107" sl="2427" sc="17" el="2427" ec="18" bec="0" bev="0" fileid="55" />
                <SequencePoint vc="0" uspid="15139" ordinal="11" offset="108" sl="2428" sc="21" el="2428" ec="34" bec="0" bev="0" fileid="55" />
                <SequencePoint vc="0" uspid="15140" ordinal="12" offset="115" sl="2429" sc="21" el="2429" ec="96" bec="0" bev="0" fileid="55" />
                <SequencePoint vc="0" uspid="15141" ordinal="13" offset="140" sl="2430" sc="17" el="2430" ec="18" bec="0" bev="0" fileid="55" />
                <SequencePoint vc="0" uspid="15142" ordinal="14" offset="141" sl="2432" sc="17" el="2432" ec="77" bec="2" bev="0" fileid="55" />
                <SequencePoint vc="0" uspid="15143" ordinal="15" offset="155" sl="2433" sc="17" el="2433" ec="18" bec="0" bev="0" fileid="55" />
                <SequencePoint vc="0" uspid="15144" ordinal="16" offset="156" sl="2434" sc="21" el="2434" ec="36" bec="0" bev="0" fileid="55" />
                <SequencePoint vc="0" uspid="15145" ordinal="17" offset="168" sl="2435" sc="17" el="2435" ec="18" bec="0" bev="0" fileid="55" />
                <SequencePoint vc="0" uspid="15146" ordinal="18" offset="169" sl="2437" sc="17" el="2437" ec="43" bec="0" bev="0" fileid="55" />
                <SequencePoint vc="0" uspid="15147" ordinal="19" offset="183" sl="2438" sc="13" el="2438" ec="14" bec="0" bev="0" fileid="55" />
                <SequencePoint vc="0" uspid="15148" ordinal="20" offset="186" sl="2440" sc="13" el="2440" ec="14" bec="0" bev="0" fileid="55" />
                <SequencePoint vc="0" uspid="15149" ordinal="21" offset="187" sl="2441" sc="17" el="2441" ec="98" bec="2" bev="0" fileid="55" />
                <SequencePoint vc="0" uspid="15150" ordinal="22" offset="213" sl="2444" sc="13" el="2444" ec="22" bec="0" bev="0" fileid="55" />
                <SequencePoint vc="0" uspid="15151" ordinal="23" offset="217" sl="2445" sc="9" el="2445" ec="10" bec="0" bev="0" fileid="55" />
              </SequencePoints>
              <BranchPoints>
                <BranchPoint vc="0" uspid="15152" ordinal="0" offset="19" sl="2414" path="0" offsetend="24" fileid="55" />
                <BranchPoint vc="0" uspid="15153" ordinal="1" offset="19" sl="2414" path="1" offsetend="186" fileid="55" />
                <BranchPoint vc="0" uspid="15154" ordinal="2" offset="36" sl="2417" path="0" offsetend="38" fileid="55" />
                <BranchPoint vc="0" uspid="15155" ordinal="3" offset="36" sl="2417" path="1" offsetend="60" fileid="55" />
                <BranchPoint vc="0" uspid="15156" ordinal="4" offset="86" sl="2425" path="0" offsetend="88" fileid="55" />
                <BranchPoint vc="0" uspid="15157" ordinal="5" offset="86" sl="2425" path="1" offsetend="100" fileid="55" />
                <BranchPoint vc="0" uspid="15158" ordinal="6" offset="105" sl="2425" path="0" offsetend="107" fileid="55" />
                <BranchPoint vc="0" uspid="15159" ordinal="7" offset="105" sl="2425" path="1" offsetend="141" fileid="55" />
                <BranchPoint vc="0" uspid="15160" ordinal="8" offset="153" sl="2432" path="0" offsetend="155" fileid="55" />
                <BranchPoint vc="0" uspid="15161" ordinal="9" offset="153" sl="2432" path="1" offsetend="169" fileid="55" />
                <BranchPoint vc="0" uspid="15162" ordinal="10" offset="193" sl="2441" path="0" offsetend="195" fileid="55" />
                <BranchPoint vc="0" uspid="15163" ordinal="11" offset="193" sl="2441" path="1" offsetend="204" fileid="55" />
              </BranchPoints>
              <MethodPoint xsi:type="SequencePoint" vc="0" uspid="15128" ordinal="0" offset="0" sl="2412" sc="9" el="2412" ec="10" bec="0" bev="0" fileid="55" />
            </Method>
            <Method visited="false" cyclomaticComplexity="4" nPathComplexity="4" sequenceCoverage="0" branchCoverage="0" crapScore="20" isConstructor="false" isStatic="true" isGetter="false" isSetter="false">
              <Summary numSequencePoints="7" visitedSequencePoints="0" numBranchPoints="5" visitedBranchPoints="0" sequenceCoverage="0" branchCoverage="0" maxCyclomaticComplexity="4" minCyclomaticComplexity="4" maxCrapScore="20" minCrapScore="20" visitedClasses="0" numClasses="0" visitedMethods="0" numMethods="1" />
              <MetadataToken>100664056</MetadataToken>
              <Name>System.Void ExMat.API.ExApi::CollectGarbage()</Name>
              <FileRef uid="55" />
              <SequencePoints>
                <SequencePoint vc="0" uspid="15164" ordinal="0" offset="0" sl="2452" sc="9" el="2452" ec="10" bec="0" bev="0" fileid="55" />
                <SequencePoint vc="0" uspid="15165" ordinal="1" offset="1" sl="2453" sc="13" el="2453" ec="70" bec="4" bev="0" fileid="55" />
                <SequencePoint vc="0" uspid="15166" ordinal="2" offset="25" sl="2454" sc="13" el="2454" ec="14" bec="0" bev="0" fileid="55" />
                <SequencePoint vc="0" uspid="15167" ordinal="3" offset="26" sl="2455" sc="17" el="2455" ec="24" bec="0" bev="0" fileid="55" />
                <SequencePoint vc="0" uspid="15168" ordinal="4" offset="28" sl="2458" sc="13" el="2471" ec="16" bec="0" bev="0" fileid="55" />
                <SequencePoint vc="0" uspid="15169" ordinal="5" offset="69" sl="2473" sc="13" el="2473" ec="38" bec="0" bev="0" fileid="55" />
                <SequencePoint vc="0" uspid="15170" ordinal="6" offset="80" sl="2477" sc="9" el="2477" ec="10" bec="0" bev="0" fileid="55" />
              </SequencePoints>
              <BranchPoints>
                <BranchPoint vc="0" uspid="15171" ordinal="0" offset="6" sl="2453" path="0" offsetend="8" fileid="55" />
                <BranchPoint vc="0" uspid="15172" ordinal="1" offset="6" sl="2453" path="1" offsetend="20" fileid="55" />
                <BranchPoint vc="0" uspid="15173" ordinal="2" offset="23" sl="2453" path="0" offsetend="25" fileid="55" />
                <BranchPoint vc="0" uspid="15174" ordinal="3" offset="23" sl="2453" path="1" offsetend="28" fileid="55" />
              </BranchPoints>
              <MethodPoint xsi:type="SequencePoint" vc="0" uspid="15164" ordinal="0" offset="0" sl="2452" sc="9" el="2452" ec="10" bec="0" bev="0" fileid="55" />
            </Method>
            <Method visited="false" cyclomaticComplexity="1" nPathComplexity="0" sequenceCoverage="0" branchCoverage="0" crapScore="2" isConstructor="false" isStatic="true" isGetter="false" isSetter="false">
              <Summary numSequencePoints="10" visitedSequencePoints="0" numBranchPoints="1" visitedBranchPoints="0" sequenceCoverage="0" branchCoverage="0" maxCyclomaticComplexity="1" minCyclomaticComplexity="1" maxCrapScore="2" minCrapScore="2" visitedClasses="0" numClasses="0" visitedMethods="0" numMethods="1" />
              <MetadataToken>100664057</MetadataToken>
              <Name>ExMat.VM.ExVM ExMat.API.ExApi::Start(System.Boolean)</Name>
              <FileRef uid="55" />
              <SequencePoints>
                <SequencePoint vc="0" uspid="15175" ordinal="0" offset="0" sl="2485" sc="9" el="2485" ec="10" bec="0" bev="0" fileid="55" />
                <SequencePoint vc="0" uspid="15176" ordinal="1" offset="1" sl="2486" sc="13" el="2486" ec="34" bec="0" bev="0" fileid="55" />
                <SequencePoint vc="0" uspid="15177" ordinal="2" offset="7" sl="2487" sc="13" el="2487" ec="30" bec="0" bev="0" fileid="55" />
                <SequencePoint vc="0" uspid="15178" ordinal="3" offset="14" sl="2488" sc="13" el="2488" ec="51" bec="0" bev="0" fileid="55" />
                <SequencePoint vc="0" uspid="15179" ordinal="4" offset="27" sl="2490" sc="13" el="2490" ec="27" bec="0" bev="0" fileid="55" />
                <SequencePoint vc="0" uspid="15180" ordinal="5" offset="34" sl="2492" sc="13" el="2492" ec="53" bec="0" bev="0" fileid="55" />
                <SequencePoint vc="0" uspid="15181" ordinal="6" offset="46" sl="2493" sc="13" el="2493" ec="43" bec="0" bev="0" fileid="55" />
                <SequencePoint vc="0" uspid="15182" ordinal="7" offset="53" sl="2494" sc="13" el="2494" ec="31" bec="0" bev="0" fileid="55" />
                <SequencePoint vc="0" uspid="15183" ordinal="8" offset="60" sl="2495" sc="13" el="2495" ec="23" bec="0" bev="0" fileid="55" />
                <SequencePoint vc="0" uspid="15184" ordinal="9" offset="64" sl="2496" sc="9" el="2496" ec="10" bec="0" bev="0" fileid="55" />
              </SequencePoints>
              <BranchPoints />
              <MethodPoint xsi:type="SequencePoint" vc="0" uspid="15175" ordinal="0" offset="0" sl="2485" sc="9" el="2485" ec="10" bec="0" bev="0" fileid="55" />
            </Method>
            <Method visited="false" cyclomaticComplexity="1" nPathComplexity="0" sequenceCoverage="0" branchCoverage="0" crapScore="2" isConstructor="false" isStatic="true" isGetter="false" isSetter="false">
              <Summary numSequencePoints="3" visitedSequencePoints="0" numBranchPoints="1" visitedBranchPoints="0" sequenceCoverage="0" branchCoverage="0" maxCyclomaticComplexity="1" minCyclomaticComplexity="1" maxCrapScore="2" minCrapScore="2" visitedClasses="0" numClasses="0" visitedMethods="0" numMethods="1" />
              <MetadataToken>100664058</MetadataToken>
              <Name>System.Void ExMat.API.ExApi::ClearErrorMessages(ExMat.VM.ExVM)</Name>
              <FileRef uid="55" />
              <SequencePoints>
                <SequencePoint vc="0" uspid="15185" ordinal="0" offset="0" sl="2503" sc="9" el="2503" ec="10" bec="0" bev="0" fileid="55" />
                <SequencePoint vc="0" uspid="15186" ordinal="1" offset="1" sl="2504" sc="13" el="2504" ec="43" bec="0" bev="0" fileid="55" />
                <SequencePoint vc="0" uspid="15187" ordinal="2" offset="12" sl="2505" sc="9" el="2505" ec="10" bec="0" bev="0" fileid="55" />
              </SequencePoints>
              <BranchPoints />
              <MethodPoint xsi:type="SequencePoint" vc="0" uspid="15185" ordinal="0" offset="0" sl="2503" sc="9" el="2503" ec="10" bec="0" bev="0" fileid="55" />
            </Method>
            <Method visited="false" cyclomaticComplexity="2" nPathComplexity="0" sequenceCoverage="0" branchCoverage="0" crapScore="6" isConstructor="false" isStatic="true" isGetter="false" isSetter="false">
              <Summary numSequencePoints="9" visitedSequencePoints="0" numBranchPoints="1" visitedBranchPoints="0" sequenceCoverage="0" branchCoverage="0" maxCyclomaticComplexity="2" minCyclomaticComplexity="2" maxCrapScore="6" minCrapScore="6" visitedClasses="0" numClasses="0" visitedMethods="0" numMethods="1" />
              <MetadataToken>100664059</MetadataToken>
              <Name>System.Void ExMat.API.ExApi::WriteErrorTraces(ExMat.VM.ExVM)</Name>
              <FileRef uid="55" />
              <SequencePoints>
                <SequencePoint vc="0" uspid="15188" ordinal="0" offset="0" sl="2512" sc="9" el="2512" ec="10" bec="0" bev="0" fileid="55" />
                <SequencePoint vc="0" uspid="15189" ordinal="1" offset="1" sl="2513" sc="13" el="2513" ec="20" bec="0" bev="0" fileid="55" />
                <SequencePoint vc="0" uspid="15190" ordinal="2" offset="2" sl="2513" sc="40" el="2513" ec="53" bec="0" bev="0" fileid="55" />
                <SequencePoint vc="0" uspid="15191" ordinal="3" offset="16" sl="2513" sc="22" el="2513" ec="36" bec="0" bev="0" fileid="55" />
                <SequencePoint vc="0" uspid="15192" ordinal="4" offset="24" sl="2514" sc="13" el="2514" ec="14" bec="0" bev="0" fileid="55" />
                <SequencePoint vc="0" uspid="15193" ordinal="5" offset="25" sl="2515" sc="17" el="2515" ec="99" bec="0" bev="0" fileid="55" />
                <SequencePoint vc="0" uspid="15194" ordinal="6" offset="103" sl="2516" sc="13" el="2516" ec="14" bec="0" bev="0" fileid="55" />
                <SequencePoint vc="0" uspid="15195" ordinal="7" offset="104" sl="2513" sc="37" el="2513" ec="39" bec="0" bev="0" fileid="55" />
                <SequencePoint vc="0" uspid="15196" ordinal="8" offset="130" sl="2517" sc="9" el="2517" ec="10" bec="0" bev="0" fileid="55" />
              </SequencePoints>
              <BranchPoints />
              <MethodPoint xsi:type="SequencePoint" vc="0" uspid="15188" ordinal="0" offset="0" sl="2512" sc="9" el="2512" ec="10" bec="0" bev="0" fileid="55" />
            </Method>
            <Method visited="false" cyclomaticComplexity="7" nPathComplexity="12" sequenceCoverage="0" branchCoverage="0" crapScore="56" isConstructor="false" isStatic="true" isGetter="false" isSetter="false">
              <Summary numSequencePoints="46" visitedSequencePoints="0" numBranchPoints="9" visitedBranchPoints="0" sequenceCoverage="0" branchCoverage="0" maxCyclomaticComplexity="7" minCyclomaticComplexity="7" maxCrapScore="56" minCrapScore="56" visitedClasses="0" numClasses="0" visitedMethods="0" numMethods="1" />
              <MetadataToken>100664060</MetadataToken>
              <Name>System.Int32 ExMat.API.ExApi::WriteErrorMessages(ExMat.VM.ExVM,ExMat.ExErrorType)</Name>
              <FileRef uid="55" />
              <SequencePoints>
                <SequencePoint vc="0" uspid="15197" ordinal="0" offset="0" sl="2526" sc="9" el="2526" ec="10" bec="0" bev="0" fileid="55" />
                <SequencePoint vc="0" uspid="15198" ordinal="1" offset="1" sl="2527" sc="13" el="2527" ec="60" bec="0" bev="0" fileid="55" />
                <SequencePoint vc="0" uspid="15199" ordinal="2" offset="8" sl="2528" sc="13" el="2528" ec="65" bec="0" bev="0" fileid="55" />
                <SequencePoint vc="0" uspid="15200" ordinal="3" offset="20" sl="2529" sc="13" el="2529" ec="57" bec="2" bev="0" fileid="55" />
                <SequencePoint vc="0" uspid="15201" ordinal="4" offset="33" sl="2530" sc="13" el="2530" ec="14" bec="0" bev="0" fileid="55" />
                <SequencePoint vc="0" uspid="15202" ordinal="5" offset="34" sl="2531" sc="17" el="2531" ec="40" bec="0" bev="0" fileid="55" />
                <SequencePoint vc="0" uspid="15203" ordinal="6" offset="42" sl="2532" sc="17" el="2532" ec="56" bec="0" bev="0" fileid="55" />
                <SequencePoint vc="0" uspid="15204" ordinal="7" offset="49" sl="2533" sc="13" el="2533" ec="14" bec="0" bev="0" fileid="55" />
                <SequencePoint vc="0" uspid="15205" ordinal="8" offset="50" sl="2535" sc="13" el="2535" ec="25" bec="6" bev="0" fileid="55" />
                <SequencePoint vc="0" uspid="15206" ordinal="9" offset="87" sl="2538" sc="21" el="2538" ec="22" bec="0" bev="0" fileid="55" />
                <SequencePoint vc="0" uspid="15207" ordinal="10" offset="88" sl="2539" sc="25" el="2539" ec="69" bec="0" bev="0" fileid="55" />
                <SequencePoint vc="0" uspid="15208" ordinal="11" offset="96" sl="2540" sc="25" el="2540" ec="56" bec="0" bev="0" fileid="55" />
                <SequencePoint vc="0" uspid="15209" ordinal="12" offset="108" sl="2541" sc="25" el="2541" ec="70" bec="0" bev="0" fileid="55" />
                <SequencePoint vc="0" uspid="15210" ordinal="13" offset="116" sl="2542" sc="25" el="2542" ec="54" bec="0" bev="0" fileid="55" />
                <SequencePoint vc="0" uspid="15211" ordinal="14" offset="129" sl="2543" sc="25" el="2543" ec="31" bec="0" bev="0" fileid="55" />
                <SequencePoint vc="0" uspid="15212" ordinal="15" offset="134" sl="2546" sc="21" el="2546" ec="22" bec="0" bev="0" fileid="55" />
                <SequencePoint vc="0" uspid="15213" ordinal="16" offset="135" sl="2547" sc="25" el="2547" ec="69" bec="0" bev="0" fileid="55" />
                <SequencePoint vc="0" uspid="15214" ordinal="17" offset="143" sl="2548" sc="25" el="2548" ec="55" bec="0" bev="0" fileid="55" />
                <SequencePoint vc="0" uspid="15215" ordinal="18" offset="155" sl="2549" sc="25" el="2549" ec="70" bec="0" bev="0" fileid="55" />
                <SequencePoint vc="0" uspid="15216" ordinal="19" offset="163" sl="2550" sc="25" el="2550" ec="46" bec="0" bev="0" fileid="55" />
                <SequencePoint vc="0" uspid="15217" ordinal="20" offset="170" sl="2551" sc="25" el="2551" ec="54" bec="0" bev="0" fileid="55" />
                <SequencePoint vc="0" uspid="15218" ordinal="21" offset="183" sl="2552" sc="25" el="2552" ec="31" bec="0" bev="0" fileid="55" />
                <SequencePoint vc="0" uspid="15219" ordinal="22" offset="188" sl="2555" sc="21" el="2555" ec="22" bec="0" bev="0" fileid="55" />
                <SequencePoint vc="0" uspid="15220" ordinal="23" offset="189" sl="2556" sc="25" el="2556" ec="71" bec="0" bev="0" fileid="55" />
                <SequencePoint vc="0" uspid="15221" ordinal="24" offset="197" sl="2557" sc="25" el="2557" ec="53" bec="0" bev="0" fileid="55" />
                <SequencePoint vc="0" uspid="15222" ordinal="25" offset="209" sl="2558" sc="25" el="2558" ec="70" bec="0" bev="0" fileid="55" />
                <SequencePoint vc="0" uspid="15223" ordinal="26" offset="217" sl="2559" sc="25" el="2559" ec="54" bec="0" bev="0" fileid="55" />
                <SequencePoint vc="0" uspid="15224" ordinal="27" offset="230" sl="2560" sc="25" el="2560" ec="31" bec="0" bev="0" fileid="55" />
                <SequencePoint vc="0" uspid="15225" ordinal="28" offset="232" sl="2563" sc="21" el="2563" ec="22" bec="0" bev="0" fileid="55" />
                <SequencePoint vc="0" uspid="15226" ordinal="29" offset="233" sl="2564" sc="25" el="2564" ec="72" bec="0" bev="0" fileid="55" />
                <SequencePoint vc="0" uspid="15227" ordinal="30" offset="241" sl="2565" sc="25" el="2565" ec="60" bec="0" bev="0" fileid="55" />
                <SequencePoint vc="0" uspid="15228" ordinal="31" offset="253" sl="2566" sc="25" el="2566" ec="70" bec="0" bev="0" fileid="55" />
                <SequencePoint vc="0" uspid="15229" ordinal="32" offset="261" sl="2567" sc="25" el="2567" ec="54" bec="0" bev="0" fileid="55" />
                <SequencePoint vc="0" uspid="15230" ordinal="33" offset="274" sl="2568" sc="25" el="2568" ec="31" bec="0" bev="0" fileid="55" />
                <SequencePoint vc="0" uspid="15231" ordinal="34" offset="276" sl="2571" sc="21" el="2571" ec="22" bec="0" bev="0" fileid="55" />
                <SequencePoint vc="0" uspid="15232" ordinal="35" offset="277" sl="2572" sc="25" el="2572" ec="68" bec="0" bev="0" fileid="55" />
                <SequencePoint vc="0" uspid="15233" ordinal="36" offset="285" sl="2573" sc="25" el="2573" ec="56" bec="0" bev="0" fileid="55" />
                <SequencePoint vc="0" uspid="15234" ordinal="37" offset="297" sl="2574" sc="25" el="2574" ec="70" bec="0" bev="0" fileid="55" />
                <SequencePoint vc="0" uspid="15235" ordinal="38" offset="305" sl="2575" sc="25" el="2575" ec="54" bec="0" bev="0" fileid="55" />
                <SequencePoint vc="0" uspid="15236" ordinal="39" offset="318" sl="2576" sc="25" el="2576" ec="31" bec="0" bev="0" fileid="55" />
                <SequencePoint vc="0" uspid="15237" ordinal="40" offset="320" sl="2580" sc="13" el="2580" ec="60" bec="0" bev="0" fileid="55" />
                <SequencePoint vc="0" uspid="15238" ordinal="41" offset="327" sl="2581" sc="13" el="2581" ec="61" bec="0" bev="0" fileid="55" />
                <SequencePoint vc="0" uspid="15239" ordinal="42" offset="339" sl="2582" sc="13" el="2582" ec="34" bec="0" bev="0" fileid="55" />
                <SequencePoint vc="0" uspid="15240" ordinal="43" offset="345" sl="2584" sc="13" el="2584" ec="43" bec="0" bev="0" fileid="55" />
                <SequencePoint vc="0" uspid="15241" ordinal="44" offset="356" sl="2586" sc="13" el="2586" ec="23" bec="0" bev="0" fileid="55" />
                <SequencePoint vc="0" uspid="15242" ordinal="45" offset="360" sl="2587" sc="9" el="2587" ec="10" bec="0" bev="0" fileid="55" />
              </SequencePoints>
              <BranchPoints>
                <BranchPoint vc="0" uspid="15243" ordinal="0" offset="31" sl="2529" path="0" offsetend="33" fileid="55" />
                <BranchPoint vc="0" uspid="15244" ordinal="1" offset="31" sl="2529" path="1" offsetend="50" fileid="55" />
                <BranchPoint vc="0" uspid="15245" ordinal="2" offset="57" sl="2535" path="0" offsetchain="82" offsetend="320" fileid="55" />
                <BranchPoint vc="0" uspid="15246" ordinal="3" offset="57" sl="2535" path="1" offsetend="276" fileid="55" />
                <BranchPoint vc="0" uspid="15247" ordinal="4" offset="57" sl="2535" path="2" offsetend="87" fileid="55" />
                <BranchPoint vc="0" uspid="15248" ordinal="5" offset="57" sl="2535" path="3" offsetend="134" fileid="55" />
                <BranchPoint vc="0" uspid="15249" ordinal="6" offset="57" sl="2535" path="4" offsetend="188" fileid="55" />
                <BranchPoint vc="0" uspid="15250" ordinal="7" offset="57" sl="2535" path="5" offsetend="232" fileid="55" />
              </BranchPoints>
              <MethodPoint xsi:type="SequencePoint" vc="0" uspid="15197" ordinal="0" offset="0" sl="2526" sc="9" el="2526" ec="10" bec="0" bev="0" fileid="55" />
            </Method>
          </Methods>
        </Class>
        <Class>
          <Summary numSequencePoints="31" visitedSequencePoints="0" numBranchPoints="29" visitedBranchPoints="0" sequenceCoverage="0" branchCoverage="0" maxCyclomaticComplexity="3" minCyclomaticComplexity="1" maxCrapScore="12" minCrapScore="2" visitedClasses="0" numClasses="1" visitedMethods="0" numMethods="15" />
          <FullName>ExMat.API.ExApi/&lt;&gt;c</FullName>
          <Methods>
            <Method visited="false" cyclomaticComplexity="1" nPathComplexity="0" sequenceCoverage="0" branchCoverage="0" crapScore="2" isConstructor="true" isStatic="true" isGetter="false" isSetter="false">
              <Summary numSequencePoints="0" visitedSequencePoints="0" numBranchPoints="0" visitedBranchPoints="0" sequenceCoverage="0" branchCoverage="0" maxCyclomaticComplexity="1" minCyclomaticComplexity="1" maxCrapScore="2" minCrapScore="2" visitedClasses="0" numClasses="0" visitedMethods="0" numMethods="0" />
              <MetadataToken>100664150</MetadataToken>
              <Name>System.Void ExMat.API.ExApi/&lt;&gt;c::.cctor()</Name>
              <SequencePoints />
              <BranchPoints />
              <MethodPoint vc="0" uspid="15251" ordinal="0" offset="0" />
            </Method>
            <Method visited="false" cyclomaticComplexity="1" nPathComplexity="0" sequenceCoverage="0" branchCoverage="0" crapScore="2" isConstructor="true" isStatic="false" isGetter="false" isSetter="false">
              <Summary numSequencePoints="0" visitedSequencePoints="0" numBranchPoints="0" visitedBranchPoints="0" sequenceCoverage="0" branchCoverage="0" maxCyclomaticComplexity="1" minCyclomaticComplexity="1" maxCrapScore="2" minCrapScore="2" visitedClasses="0" numClasses="0" visitedMethods="0" numMethods="0" />
              <MetadataToken>100664151</MetadataToken>
              <Name>System.Void ExMat.API.ExApi/&lt;&gt;c::.ctor()</Name>
              <SequencePoints />
              <BranchPoints />
              <MethodPoint vc="0" uspid="15252" ordinal="0" offset="0" />
            </Method>
            <Method visited="false" cyclomaticComplexity="3" nPathComplexity="4" sequenceCoverage="0" branchCoverage="0" crapScore="12" isConstructor="false" isStatic="false" isGetter="false" isSetter="false">
              <Summary numSequencePoints="1" visitedSequencePoints="0" numBranchPoints="5" visitedBranchPoints="0" sequenceCoverage="0" branchCoverage="0" maxCyclomaticComplexity="3" minCyclomaticComplexity="3" maxCrapScore="12" minCrapScore="12" visitedClasses="0" numClasses="0" visitedMethods="0" numMethods="1" />
              <MetadataToken>100664152</MetadataToken>
              <Name>System.Boolean ExMat.API.ExApi/&lt;&gt;c::&lt;GetNonDelegateNativeFunctions&gt;b__1_0(System.Reflection.MethodInfo)</Name>
              <FileRef uid="55" />
              <SequencePoints>
                <SequencePoint vc="0" uspid="15253" ordinal="0" offset="0" sl="46" sc="37" el="48" ec="64" bec="3" bev="0" fileid="55" />
              </SequencePoints>
              <BranchPoints>
                <BranchPoint vc="0" uspid="15254" ordinal="0" offset="16" sl="46" path="0" offsetend="18" fileid="55" />
                <BranchPoint vc="0" uspid="15255" ordinal="1" offset="16" sl="46" path="1" offsetend="44" fileid="55" />
                <BranchPoint vc="0" uspid="15256" ordinal="2" offset="34" sl="46" path="0" offsetend="36" fileid="55" />
                <BranchPoint vc="0" uspid="15257" ordinal="3" offset="34" sl="46" path="1" offsetend="44" fileid="55" />
              </BranchPoints>
              <MethodPoint xsi:type="SequencePoint" vc="0" uspid="15253" ordinal="0" offset="0" sl="46" sc="37" el="48" ec="64" bec="3" bev="0" fileid="55" />
            </Method>
            <Method visited="false" cyclomaticComplexity="1" nPathComplexity="0" sequenceCoverage="0" branchCoverage="0" crapScore="2" isConstructor="false" isStatic="false" isGetter="false" isSetter="false">
              <Summary numSequencePoints="1" visitedSequencePoints="0" numBranchPoints="1" visitedBranchPoints="0" sequenceCoverage="0" branchCoverage="0" maxCyclomaticComplexity="1" minCyclomaticComplexity="1" maxCrapScore="2" minCrapScore="2" visitedClasses="0" numClasses="0" visitedMethods="0" numMethods="1" />
              <MetadataToken>100664153</MetadataToken>
              <Name>ExMat.Objects.ExNativeFunc ExMat.API.ExApi/&lt;&gt;c::&lt;GetNonDelegateNativeFunctions&gt;b__1_1(System.Reflection.MethodInfo)</Name>
              <FileRef uid="55" />
              <SequencePoints>
                <SequencePoint vc="0" uspid="15258" ordinal="0" offset="0" sl="49" sc="38" el="49" ec="134" bec="0" bev="0" fileid="55" />
              </SequencePoints>
              <BranchPoints />
              <MethodPoint xsi:type="SequencePoint" vc="0" uspid="15258" ordinal="0" offset="0" sl="49" sc="38" el="49" ec="134" bec="0" bev="0" fileid="55" />
            </Method>
            <Method visited="false" cyclomaticComplexity="2" nPathComplexity="2" sequenceCoverage="0" branchCoverage="0" crapScore="6" isConstructor="false" isStatic="false" isGetter="false" isSetter="false">
              <Summary numSequencePoints="1" visitedSequencePoints="0" numBranchPoints="3" visitedBranchPoints="0" sequenceCoverage="0" branchCoverage="0" maxCyclomaticComplexity="2" minCyclomaticComplexity="2" maxCrapScore="6" minCrapScore="6" visitedClasses="0" numClasses="0" visitedMethods="0" numMethods="1" />
              <MetadataToken>100664154</MetadataToken>
              <Name>System.Boolean ExMat.API.ExApi/&lt;&gt;c::&lt;GetDelegateNativeFunctions&gt;b__3_0(System.Reflection.MethodInfo)</Name>
              <FileRef uid="55" />
              <SequencePoints>
                <SequencePoint vc="0" uspid="15259" ordinal="0" offset="0" sl="76" sc="49" el="77" ec="76" bec="2" bev="0" fileid="55" />
              </SequencePoints>
              <BranchPoints>
                <BranchPoint vc="0" uspid="15260" ordinal="0" offset="16" sl="76" path="0" offsetend="18" fileid="55" />
                <BranchPoint vc="0" uspid="15261" ordinal="1" offset="16" sl="76" path="1" offsetend="26" fileid="55" />
              </BranchPoints>
              <MethodPoint xsi:type="SequencePoint" vc="0" uspid="15259" ordinal="0" offset="0" sl="76" sc="49" el="77" ec="76" bec="2" bev="0" fileid="55" />
            </Method>
            <Method visited="false" cyclomaticComplexity="1" nPathComplexity="0" sequenceCoverage="0" branchCoverage="0" crapScore="2" isConstructor="false" isStatic="false" isGetter="false" isSetter="false">
              <Summary numSequencePoints="3" visitedSequencePoints="0" numBranchPoints="1" visitedBranchPoints="0" sequenceCoverage="0" branchCoverage="0" maxCyclomaticComplexity="1" minCyclomaticComplexity="1" maxCrapScore="2" minCrapScore="2" visitedClasses="0" numClasses="0" visitedMethods="0" numMethods="1" />
              <MetadataToken>100664155</MetadataToken>
              <Name>System.Void ExMat.API.ExApi/&lt;&gt;c::&lt;BeepAsync&gt;b__12_0()</Name>
              <FileRef uid="55" />
              <SequencePoints>
                <SequencePoint vc="0" uspid="15262" ordinal="0" offset="0" sl="214" sc="13" el="214" ec="14" bec="0" bev="0" fileid="55" />
                <SequencePoint vc="0" uspid="15263" ordinal="1" offset="1" sl="215" sc="17" el="215" ec="32" bec="0" bev="0" fileid="55" />
                <SequencePoint vc="0" uspid="15264" ordinal="2" offset="7" sl="216" sc="13" el="216" ec="14" bec="0" bev="0" fileid="55" />
              </SequencePoints>
              <BranchPoints />
              <MethodPoint xsi:type="SequencePoint" vc="0" uspid="15262" ordinal="0" offset="0" sl="214" sc="13" el="214" ec="14" bec="0" bev="0" fileid="55" />
            </Method>
            <Method visited="false" cyclomaticComplexity="1" nPathComplexity="0" sequenceCoverage="0" branchCoverage="0" crapScore="2" isConstructor="false" isStatic="false" isGetter="false" isSetter="false">
              <Summary numSequencePoints="1" visitedSequencePoints="0" numBranchPoints="1" visitedBranchPoints="0" sequenceCoverage="0" branchCoverage="0" maxCyclomaticComplexity="1" minCyclomaticComplexity="1" maxCrapScore="2" minCrapScore="2" visitedClasses="0" numClasses="0" visitedMethods="0" numMethods="1" />
              <MetadataToken>100664156</MetadataToken>
              <Name>System.Int32 ExMat.API.ExApi/&lt;&gt;c::&lt;GetBits&gt;b__30_1(System.Char)</Name>
              <FileRef uid="55" />
              <SequencePoints>
                <SequencePoint vc="0" uspid="15265" ordinal="0" offset="0" sl="738" sc="57" el="738" ec="134" bec="0" bev="0" fileid="55" />
              </SequencePoints>
              <BranchPoints />
              <MethodPoint xsi:type="SequencePoint" vc="0" uspid="15265" ordinal="0" offset="0" sl="738" sc="57" el="738" ec="134" bec="0" bev="0" fileid="55" />
            </Method>
            <Method visited="false" cyclomaticComplexity="1" nPathComplexity="0" sequenceCoverage="0" branchCoverage="0" crapScore="2" isConstructor="false" isStatic="false" isGetter="false" isSetter="false">
              <Summary numSequencePoints="1" visitedSequencePoints="0" numBranchPoints="1" visitedBranchPoints="0" sequenceCoverage="0" branchCoverage="0" maxCyclomaticComplexity="1" minCyclomaticComplexity="1" maxCrapScore="2" minCrapScore="2" visitedClasses="0" numClasses="0" visitedMethods="0" numMethods="1" />
              <MetadataToken>100664157</MetadataToken>
              <Name>System.Int32 ExMat.API.ExApi/&lt;&gt;c::&lt;GetBits&gt;b__30_0(System.Char)</Name>
              <FileRef uid="55" />
              <SequencePoints>
                <SequencePoint vc="0" uspid="15266" ordinal="0" offset="0" sl="740" sc="74" el="740" ec="151" bec="0" bev="0" fileid="55" />
              </SequencePoints>
              <BranchPoints />
              <MethodPoint xsi:type="SequencePoint" vc="0" uspid="15266" ordinal="0" offset="0" sl="740" sc="74" el="740" ec="151" bec="0" bev="0" fileid="55" />
            </Method>
            <Method visited="false" cyclomaticComplexity="2" nPathComplexity="2" sequenceCoverage="0" branchCoverage="0" crapScore="6" isConstructor="false" isStatic="false" isGetter="false" isSetter="false">
              <Summary numSequencePoints="1" visitedSequencePoints="0" numBranchPoints="3" visitedBranchPoints="0" sequenceCoverage="0" branchCoverage="0" maxCyclomaticComplexity="2" minCyclomaticComplexity="2" maxCrapScore="6" minCrapScore="6" visitedClasses="0" numClasses="0" visitedMethods="0" numMethods="1" />
              <MetadataToken>100664158</MetadataToken>
              <Name>System.Reflection.Assembly ExMat.API.ExApi/&lt;&gt;c::&lt;GetAllAssemblies&gt;b__37_0(System.Collections.Generic.KeyValuePair`2&lt;System.String,ExMat.ExMat/ExAssemblyType&gt;)</Name>
              <FileRef uid="55" />
              <SequencePoints>
                <SequencePoint vc="0" uspid="15267" ordinal="0" offset="0" sl="890" sc="30" el="890" ec="117" bec="2" bev="0" fileid="55" />
              </SequencePoints>
              <BranchPoints>
                <BranchPoint vc="0" uspid="15268" ordinal="0" offset="7" sl="890" path="0" offsetend="9" fileid="55" />
                <BranchPoint vc="0" uspid="15269" ordinal="1" offset="7" sl="890" path="1" offsetend="23" fileid="55" />
              </BranchPoints>
              <MethodPoint xsi:type="SequencePoint" vc="0" uspid="15267" ordinal="0" offset="0" sl="890" sc="30" el="890" ec="117" bec="2" bev="0" fileid="55" />
            </Method>
            <Method visited="false" cyclomaticComplexity="1" nPathComplexity="0" sequenceCoverage="0" branchCoverage="0" crapScore="2" isConstructor="false" isStatic="false" isGetter="false" isSetter="false">
              <Summary numSequencePoints="1" visitedSequencePoints="0" numBranchPoints="1" visitedBranchPoints="0" sequenceCoverage="0" branchCoverage="0" maxCyclomaticComplexity="1" minCyclomaticComplexity="1" maxCrapScore="2" minCrapScore="2" visitedClasses="0" numClasses="0" visitedMethods="0" numMethods="1" />
              <MetadataToken>100664159</MetadataToken>
              <Name>System.Boolean ExMat.API.ExApi/&lt;&gt;c::&lt;GetAllAssemblies&gt;b__37_1(System.Reflection.Assembly)</Name>
              <FileRef uid="55" />
              <SequencePoints>
                <SequencePoint vc="0" uspid="15270" ordinal="0" offset="0" sl="891" sc="29" el="891" ec="38" bec="0" bev="0" fileid="55" />
              </SequencePoints>
              <BranchPoints />
              <MethodPoint xsi:type="SequencePoint" vc="0" uspid="15270" ordinal="0" offset="0" sl="891" sc="29" el="891" ec="38" bec="0" bev="0" fileid="55" />
            </Method>
            <Method visited="false" cyclomaticComplexity="1" nPathComplexity="0" sequenceCoverage="0" branchCoverage="0" crapScore="2" isConstructor="false" isStatic="false" isGetter="false" isSetter="false">
              <Summary numSequencePoints="1" visitedSequencePoints="0" numBranchPoints="1" visitedBranchPoints="0" sequenceCoverage="0" branchCoverage="0" maxCyclomaticComplexity="1" minCyclomaticComplexity="1" maxCrapScore="2" minCrapScore="2" visitedClasses="0" numClasses="0" visitedMethods="0" numMethods="1" />
              <MetadataToken>100664160</MetadataToken>
              <Name>System.String ExMat.API.ExApi/&lt;&gt;c::&lt;GetConsoleParameterHelperValues&gt;b__43_0(System.String)</Name>
              <FileRef uid="55" />
              <SequencePoints>
                <SequencePoint vc="0" uspid="15271" ordinal="0" offset="0" sl="967" sc="117" el="967" ec="129" bec="0" bev="0" fileid="55" />
              </SequencePoints>
              <BranchPoints />
              <MethodPoint xsi:type="SequencePoint" vc="0" uspid="15271" ordinal="0" offset="0" sl="967" sc="117" el="967" ec="129" bec="0" bev="0" fileid="55" />
            </Method>
            <Method visited="false" cyclomaticComplexity="3" nPathComplexity="4" sequenceCoverage="0" branchCoverage="0" crapScore="12" isConstructor="false" isStatic="false" isGetter="false" isSetter="false">
              <Summary numSequencePoints="1" visitedSequencePoints="0" numBranchPoints="5" visitedBranchPoints="0" sequenceCoverage="0" branchCoverage="0" maxCyclomaticComplexity="3" minCyclomaticComplexity="3" maxCrapScore="12" minCrapScore="12" visitedClasses="0" numClasses="0" visitedMethods="0" numMethods="1" />
              <MetadataToken>100664161</MetadataToken>
              <Name>System.Boolean ExMat.API.ExApi/&lt;&gt;c::&lt;GetStandardLibraryTypes&gt;b__51_0(System.Type)</Name>
              <FileRef uid="55" />
              <SequencePoints>
                <SequencePoint vc="0" uspid="15272" ordinal="0" offset="0" sl="1097" sc="37" el="1097" ec="149" bec="3" bev="0" fileid="55" />
              </SequencePoints>
              <BranchPoints>
                <BranchPoint vc="0" uspid="15273" ordinal="0" offset="6" sl="1097" path="0" offsetend="8" fileid="55" />
                <BranchPoint vc="0" uspid="15274" ordinal="1" offset="6" sl="1097" path="1" offsetend="35" fileid="55" />
                <BranchPoint vc="0" uspid="15275" ordinal="2" offset="25" sl="1097" path="0" offsetend="27" fileid="55" />
                <BranchPoint vc="0" uspid="15276" ordinal="3" offset="25" sl="1097" path="1" offsetend="35" fileid="55" />
              </BranchPoints>
              <MethodPoint xsi:type="SequencePoint" vc="0" uspid="15272" ordinal="0" offset="0" sl="1097" sc="37" el="1097" ec="149" bec="3" bev="0" fileid="55" />
            </Method>
            <Method visited="false" cyclomaticComplexity="1" nPathComplexity="0" sequenceCoverage="0" branchCoverage="0" crapScore="2" isConstructor="false" isStatic="false" isGetter="false" isSetter="false">
              <Summary numSequencePoints="1" visitedSequencePoints="0" numBranchPoints="1" visitedBranchPoints="0" sequenceCoverage="0" branchCoverage="0" maxCyclomaticComplexity="1" minCyclomaticComplexity="1" maxCrapScore="2" minCrapScore="2" visitedClasses="0" numClasses="0" visitedMethods="0" numMethods="1" />
              <MetadataToken>100664162</MetadataToken>
              <Name>System.Boolean ExMat.API.ExApi/&lt;&gt;c::&lt;GetLibraryTypeFromStdClass&gt;b__52_0(System.Attribute)</Name>
              <FileRef uid="55" />
              <SequencePoints>
                <SequencePoint vc="0" uspid="15277" ordinal="0" offset="0" sl="1108" sc="94" el="1108" ec="111" bec="0" bev="0" fileid="55" />
              </SequencePoints>
              <BranchPoints />
              <MethodPoint xsi:type="SequencePoint" vc="0" uspid="15277" ordinal="0" offset="0" sl="1108" sc="94" el="1108" ec="111" bec="0" bev="0" fileid="55" />
            </Method>
            <Method visited="false" cyclomaticComplexity="1" nPathComplexity="0" sequenceCoverage="0" branchCoverage="0" crapScore="2" isConstructor="false" isStatic="false" isGetter="false" isSetter="false">
              <Summary numSequencePoints="1" visitedSequencePoints="0" numBranchPoints="1" visitedBranchPoints="0" sequenceCoverage="0" branchCoverage="0" maxCyclomaticComplexity="1" minCyclomaticComplexity="1" maxCrapScore="2" minCrapScore="2" visitedClasses="0" numClasses="0" visitedMethods="0" numMethods="1" />
              <MetadataToken>100664163</MetadataToken>
              <Name>System.Boolean ExMat.API.ExApi/&lt;&gt;c::&lt;GetLibraryNameFromStdClass&gt;b__55_0(System.Attribute)</Name>
              <FileRef uid="55" />
              <SequencePoints>
                <SequencePoint vc="0" uspid="15278" ordinal="0" offset="0" sl="1131" sc="94" el="1131" ec="111" bec="0" bev="0" fileid="55" />
              </SequencePoints>
              <BranchPoints />
              <MethodPoint xsi:type="SequencePoint" vc="0" uspid="15278" ordinal="0" offset="0" sl="1131" sc="94" el="1131" ec="111" bec="0" bev="0" fileid="55" />
            </Method>
            <Method visited="false" cyclomaticComplexity="1" nPathComplexity="0" sequenceCoverage="0" branchCoverage="0" crapScore="2" isConstructor="false" isStatic="false" isGetter="false" isSetter="false">
              <Summary numSequencePoints="1" visitedSequencePoints="0" numBranchPoints="1" visitedBranchPoints="0" sequenceCoverage="0" branchCoverage="0" maxCyclomaticComplexity="1" minCyclomaticComplexity="1" maxCrapScore="2" minCrapScore="2" visitedClasses="0" numClasses="0" visitedMethods="0" numMethods="1" />
              <MetadataToken>100664164</MetadataToken>
              <Name>System.Boolean ExMat.API.ExApi/&lt;&gt;c::&lt;GetStdLibraryRegisteryName&gt;b__58_0(System.Attribute)</Name>
              <FileRef uid="55" />
              <SequencePoints>
                <SequencePoint vc="0" uspid="15279" ordinal="0" offset="0" sl="1207" sc="98" el="1207" ec="119" bec="0" bev="0" fileid="55" />
              </SequencePoints>
              <BranchPoints />
              <MethodPoint xsi:type="SequencePoint" vc="0" uspid="15279" ordinal="0" offset="0" sl="1207" sc="98" el="1207" ec="119" bec="0" bev="0" fileid="55" />
            </Method>
            <Method visited="false" cyclomaticComplexity="1" nPathComplexity="0" sequenceCoverage="0" branchCoverage="0" crapScore="2" isConstructor="false" isStatic="false" isGetter="false" isSetter="false">
              <Summary numSequencePoints="1" visitedSequencePoints="0" numBranchPoints="1" visitedBranchPoints="0" sequenceCoverage="0" branchCoverage="0" maxCyclomaticComplexity="1" minCyclomaticComplexity="1" maxCrapScore="2" minCrapScore="2" visitedClasses="0" numClasses="0" visitedMethods="0" numMethods="1" />
              <MetadataToken>100664165</MetadataToken>
              <Name>System.Boolean ExMat.API.ExApi/&lt;&gt;c::&lt;GetStdLibraryConstsName&gt;b__59_0(System.Attribute)</Name>
              <FileRef uid="55" />
              <SequencePoints>
                <SequencePoint vc="0" uspid="15280" ordinal="0" offset="0" sl="1219" sc="99" el="1219" ec="121" bec="0" bev="0" fileid="55" />
              </SequencePoints>
              <BranchPoints />
              <MethodPoint xsi:type="SequencePoint" vc="0" uspid="15280" ordinal="0" offset="0" sl="1219" sc="99" el="1219" ec="121" bec="0" bev="0" fileid="55" />
            </Method>
            <Method visited="false" cyclomaticComplexity="3" nPathComplexity="2" sequenceCoverage="0" branchCoverage="0" crapScore="12" isConstructor="false" isStatic="false" isGetter="false" isSetter="false">
              <Summary numSequencePoints="15" visitedSequencePoints="0" numBranchPoints="3" visitedBranchPoints="0" sequenceCoverage="0" branchCoverage="0" maxCyclomaticComplexity="3" minCyclomaticComplexity="3" maxCrapScore="12" minCrapScore="12" visitedClasses="0" numClasses="0" visitedMethods="0" numMethods="1" />
              <MetadataToken>100664166</MetadataToken>
              <Name>System.Void ExMat.API.ExApi/&lt;&gt;c::&lt;CollectGarbage&gt;b__121_0()</Name>
              <FileRef uid="55" />
              <SequencePoints>
                <SequencePoint vc="0" uspid="15281" ordinal="0" offset="0" sl="2459" sc="13" el="2459" ec="14" bec="0" bev="0" fileid="55" />
                <SequencePoint vc="0" uspid="15282" ordinal="1" offset="1" sl="2460" sc="22" el="2460" ec="31" bec="0" bev="0" fileid="55" />
                <SequencePoint vc="0" uspid="15283" ordinal="2" offset="5" sl="2461" sc="17" el="2461" ec="18" bec="0" bev="0" fileid="55" />
                <SequencePoint vc="0" uspid="15284" ordinal="3" offset="6" sl="2462" sc="21" el="2462" ec="34" bec="0" bev="0" fileid="55" />
                <SequencePoint vc="0" uspid="15285" ordinal="4" offset="12" sl="2463" sc="21" el="2463" ec="51" bec="0" bev="0" fileid="55" />
                <SequencePoint vc="0" uspid="15286" ordinal="5" offset="18" sl="2464" sc="21" el="2464" ec="34" bec="0" bev="0" fileid="55" />
                <SequencePoint vc="0" uspid="15287" ordinal="6" offset="24" sl="2465" sc="21" el="2465" ec="55" bec="2" bev="0" fileid="55" />
                <SequencePoint vc="0" uspid="15288" ordinal="7" offset="35" sl="2466" sc="21" el="2466" ec="22" bec="0" bev="0" fileid="55" />
                <SequencePoint vc="0" uspid="15289" ordinal="8" offset="36" sl="2467" sc="25" el="2467" ec="55" bec="0" bev="0" fileid="55" />
                <SequencePoint vc="0" uspid="15290" ordinal="9" offset="42" sl="2468" sc="25" el="2468" ec="43" bec="0" bev="0" fileid="55" />
                <SequencePoint vc="0" uspid="15291" ordinal="10" offset="53" sl="2469" sc="21" el="2469" ec="22" bec="0" bev="0" fileid="55" />
                <SequencePoint vc="0" uspid="15292" ordinal="11" offset="54" sl="2470" sc="17" el="2470" ec="18" bec="0" bev="0" fileid="55" />
                <SequencePoint vc="0" uspid="15293" ordinal="12" offset="55" sl="2460" sc="59" el="2460" ec="62" bec="0" bev="0" fileid="55" />
                <SequencePoint vc="0" uspid="15294" ordinal="13" offset="59" sl="2460" sc="33" el="2460" ec="57" bec="0" bev="0" fileid="55" />
                <SequencePoint vc="0" uspid="15295" ordinal="14" offset="67" sl="2471" sc="13" el="2471" ec="14" bec="0" bev="0" fileid="55" />
              </SequencePoints>
              <BranchPoints>
                <BranchPoint vc="0" uspid="15296" ordinal="0" offset="33" sl="2465" path="0" offsetend="35" fileid="55" />
                <BranchPoint vc="0" uspid="15297" ordinal="1" offset="33" sl="2465" path="1" offsetend="54" fileid="55" />
              </BranchPoints>
              <MethodPoint xsi:type="SequencePoint" vc="0" uspid="15281" ordinal="0" offset="0" sl="2459" sc="13" el="2459" ec="14" bec="0" bev="0" fileid="55" />
            </Method>
          </Methods>
        </Class>
        <Class>
          <Summary numSequencePoints="4" visitedSequencePoints="0" numBranchPoints="1" visitedBranchPoints="0" sequenceCoverage="0" branchCoverage="0" maxCyclomaticComplexity="1" minCyclomaticComplexity="1" maxCrapScore="2" minCrapScore="2" visitedClasses="0" numClasses="1" visitedMethods="0" numMethods="1" />
          <FullName>ExMat.API.ExApi/&lt;&gt;c__DisplayClass11_0</FullName>
          <Methods>
            <Method visited="false" cyclomaticComplexity="1" nPathComplexity="0" sequenceCoverage="0" branchCoverage="0" crapScore="2" isConstructor="true" isStatic="false" isGetter="false" isSetter="false">
              <Summary numSequencePoints="0" visitedSequencePoints="0" numBranchPoints="0" visitedBranchPoints="0" sequenceCoverage="0" branchCoverage="0" maxCyclomaticComplexity="1" minCyclomaticComplexity="1" maxCrapScore="2" minCrapScore="2" visitedClasses="0" numClasses="0" visitedMethods="0" numMethods="0" />
              <MetadataToken>100664167</MetadataToken>
              <Name>System.Void ExMat.API.ExApi/&lt;&gt;c__DisplayClass11_0::.ctor()</Name>
              <SequencePoints />
              <BranchPoints />
              <MethodPoint vc="0" uspid="15298" ordinal="0" offset="0" />
            </Method>
            <Method visited="false" cyclomaticComplexity="1" nPathComplexity="0" sequenceCoverage="0" branchCoverage="0" crapScore="2" isConstructor="false" isStatic="false" isGetter="false" isSetter="false">
              <Summary numSequencePoints="4" visitedSequencePoints="0" numBranchPoints="1" visitedBranchPoints="0" sequenceCoverage="0" branchCoverage="0" maxCyclomaticComplexity="1" minCyclomaticComplexity="1" maxCrapScore="2" minCrapScore="2" visitedClasses="0" numClasses="0" visitedMethods="0" numMethods="1" />
              <MetadataToken>100664168</MetadataToken>
              <Name>System.Void ExMat.API.ExApi/&lt;&gt;c__DisplayClass11_0::&lt;BeepAsync&gt;b__0()</Name>
              <FileRef uid="55" />
              <SequencePoints>
                <SequencePoint vc="0" uspid="15299" ordinal="0" offset="0" sl="198" sc="13" el="198" ec="14" bec="0" bev="0" fileid="55" />
                <SequencePoint vc="0" uspid="15300" ordinal="1" offset="1" sl="199" sc="17" el="199" ec="41" bec="0" bev="0" fileid="55" />
                <SequencePoint vc="0" uspid="15301" ordinal="2" offset="19" sl="200" sc="17" el="200" ec="48" bec="0" bev="0" fileid="55" />
                <SequencePoint vc="0" uspid="15302" ordinal="3" offset="43" sl="201" sc="13" el="201" ec="14" bec="0" bev="0" fileid="55" />
              </SequencePoints>
              <BranchPoints />
              <MethodPoint xsi:type="SequencePoint" vc="0" uspid="15299" ordinal="0" offset="0" sl="198" sc="13" el="198" ec="14" bec="0" bev="0" fileid="55" />
            </Method>
          </Methods>
        </Class>
        <Class>
          <Summary numSequencePoints="2" visitedSequencePoints="0" numBranchPoints="8" visitedBranchPoints="0" sequenceCoverage="0" branchCoverage="0" maxCyclomaticComplexity="3" minCyclomaticComplexity="1" maxCrapScore="12" minCrapScore="2" visitedClasses="0" numClasses="1" visitedMethods="0" numMethods="2" />
          <FullName>ExMat.API.ExApi/&lt;&gt;c__DisplayClass44_0</FullName>
          <Methods>
            <Method visited="false" cyclomaticComplexity="1" nPathComplexity="0" sequenceCoverage="0" branchCoverage="0" crapScore="2" isConstructor="true" isStatic="false" isGetter="false" isSetter="false">
              <Summary numSequencePoints="0" visitedSequencePoints="0" numBranchPoints="0" visitedBranchPoints="0" sequenceCoverage="0" branchCoverage="0" maxCyclomaticComplexity="1" minCyclomaticComplexity="1" maxCrapScore="2" minCrapScore="2" visitedClasses="0" numClasses="0" visitedMethods="0" numMethods="0" />
              <MetadataToken>100664169</MetadataToken>
              <Name>System.Void ExMat.API.ExApi/&lt;&gt;c__DisplayClass44_0::.ctor()</Name>
              <SequencePoints />
              <BranchPoints />
              <MethodPoint vc="0" uspid="15303" ordinal="0" offset="0" />
            </Method>
            <Method visited="false" cyclomaticComplexity="3" nPathComplexity="4" sequenceCoverage="0" branchCoverage="0" crapScore="12" isConstructor="false" isStatic="false" isGetter="false" isSetter="false">
              <Summary numSequencePoints="1" visitedSequencePoints="0" numBranchPoints="5" visitedBranchPoints="0" sequenceCoverage="0" branchCoverage="0" maxCyclomaticComplexity="3" minCyclomaticComplexity="3" maxCrapScore="12" minCrapScore="12" visitedClasses="0" numClasses="0" visitedMethods="0" numMethods="1" />
              <MetadataToken>100664170</MetadataToken>
              <Name>System.Boolean ExMat.API.ExApi/&lt;&gt;c__DisplayClass44_0::&lt;GetConsoleHelperValues&gt;b__0(System.Reflection.MemberInfo)</Name>
              <FileRef uid="55" />
              <SequencePoints>
                <SequencePoint vc="0" uspid="15304" ordinal="0" offset="0" sl="972" sc="76" el="972" ec="157" bec="4" bev="0" fileid="55" />
              </SequencePoints>
              <BranchPoints>
                <BranchPoint vc="0" uspid="15305" ordinal="0" offset="17" sl="972" path="0" offsetend="19" fileid="55" />
                <BranchPoint vc="0" uspid="15306" ordinal="1" offset="17" sl="972" path="1" offsetend="46" fileid="55" />
                <BranchPoint vc="0" uspid="15307" ordinal="2" offset="29" sl="972" path="0" offsetend="31" fileid="55" />
                <BranchPoint vc="0" uspid="15308" ordinal="3" offset="29" sl="972" path="1" offsetend="40" fileid="55" />
              </BranchPoints>
              <MethodPoint xsi:type="SequencePoint" vc="0" uspid="15304" ordinal="0" offset="0" sl="972" sc="76" el="972" ec="157" bec="4" bev="0" fileid="55" />
            </Method>
            <Method visited="false" cyclomaticComplexity="3" nPathComplexity="2" sequenceCoverage="0" branchCoverage="0" crapScore="12" isConstructor="false" isStatic="false" isGetter="false" isSetter="false">
              <Summary numSequencePoints="1" visitedSequencePoints="0" numBranchPoints="3" visitedBranchPoints="0" sequenceCoverage="0" branchCoverage="0" maxCyclomaticComplexity="3" minCyclomaticComplexity="3" maxCrapScore="12" minCrapScore="12" visitedClasses="0" numClasses="0" visitedMethods="0" numMethods="1" />
              <MetadataToken>100664171</MetadataToken>
              <Name>System.String ExMat.API.ExApi/&lt;&gt;c__DisplayClass44_0::&lt;GetConsoleHelperValues&gt;b__1(System.String)</Name>
              <FileRef uid="55" />
              <SequencePoints>
                <SequencePoint vc="0" uspid="15309" ordinal="0" offset="13" sl="980" sc="34" el="980" ec="164" bec="2" bev="0" fileid="55" />
              </SequencePoints>
              <BranchPoints>
                <BranchPoint vc="0" uspid="15310" ordinal="0" offset="61" sl="980" path="0" offsetend="63" fileid="55" />
                <BranchPoint vc="0" uspid="15311" ordinal="1" offset="61" sl="980" path="1" offsetend="76" fileid="55" />
              </BranchPoints>
              <MethodPoint vc="0" uspid="15312" ordinal="0" offset="0" />
            </Method>
          </Methods>
        </Class>
        <Class>
          <Summary numSequencePoints="1" visitedSequencePoints="0" numBranchPoints="1" visitedBranchPoints="0" sequenceCoverage="0" branchCoverage="0" maxCyclomaticComplexity="1" minCyclomaticComplexity="1" maxCrapScore="2" minCrapScore="2" visitedClasses="0" numClasses="1" visitedMethods="0" numMethods="1" />
          <FullName>ExMat.API.ExApi/&lt;&gt;c__DisplayClass44_1</FullName>
          <Methods>
            <Method visited="false" cyclomaticComplexity="1" nPathComplexity="0" sequenceCoverage="0" branchCoverage="0" crapScore="2" isConstructor="true" isStatic="false" isGetter="false" isSetter="false">
              <Summary numSequencePoints="0" visitedSequencePoints="0" numBranchPoints="0" visitedBranchPoints="0" sequenceCoverage="0" branchCoverage="0" maxCyclomaticComplexity="1" minCyclomaticComplexity="1" maxCrapScore="2" minCrapScore="2" visitedClasses="0" numClasses="0" visitedMethods="0" numMethods="0" />
              <MetadataToken>100664172</MetadataToken>
              <Name>System.Void ExMat.API.ExApi/&lt;&gt;c__DisplayClass44_1::.ctor()</Name>
              <SequencePoints />
              <BranchPoints />
              <MethodPoint vc="0" uspid="15313" ordinal="0" offset="0" />
            </Method>
            <Method visited="false" cyclomaticComplexity="1" nPathComplexity="0" sequenceCoverage="0" branchCoverage="0" crapScore="2" isConstructor="false" isStatic="false" isGetter="false" isSetter="false">
              <Summary numSequencePoints="1" visitedSequencePoints="0" numBranchPoints="1" visitedBranchPoints="0" sequenceCoverage="0" branchCoverage="0" maxCyclomaticComplexity="1" minCyclomaticComplexity="1" maxCrapScore="2" minCrapScore="2" visitedClasses="0" numClasses="0" visitedMethods="0" numMethods="1" />
              <MetadataToken>100664173</MetadataToken>
              <Name>System.Boolean ExMat.API.ExApi/&lt;&gt;c__DisplayClass44_1::&lt;GetConsoleHelperValues&gt;b__2(System.Object)</Name>
              <FileRef uid="55" />
              <SequencePoints>
                <SequencePoint vc="0" uspid="15314" ordinal="0" offset="0" sl="980" sc="95" el="980" ec="127" bec="0" bev="0" fileid="55" />
              </SequencePoints>
              <BranchPoints />
              <MethodPoint xsi:type="SequencePoint" vc="0" uspid="15314" ordinal="0" offset="0" sl="980" sc="95" el="980" ec="127" bec="0" bev="0" fileid="55" />
            </Method>
          </Methods>
        </Class>
        <Class>
          <Summary numSequencePoints="1" visitedSequencePoints="0" numBranchPoints="1" visitedBranchPoints="0" sequenceCoverage="0" branchCoverage="0" maxCyclomaticComplexity="1" minCyclomaticComplexity="1" maxCrapScore="2" minCrapScore="2" visitedClasses="0" numClasses="1" visitedMethods="0" numMethods="1" />
          <FullName>ExMat.API.ExApi/&lt;&gt;c__DisplayClass50_0</FullName>
          <Methods>
            <Method visited="false" cyclomaticComplexity="1" nPathComplexity="0" sequenceCoverage="0" branchCoverage="0" crapScore="2" isConstructor="true" isStatic="false" isGetter="false" isSetter="false">
              <Summary numSequencePoints="0" visitedSequencePoints="0" numBranchPoints="0" visitedBranchPoints="0" sequenceCoverage="0" branchCoverage="0" maxCyclomaticComplexity="1" minCyclomaticComplexity="1" maxCrapScore="2" minCrapScore="2" visitedClasses="0" numClasses="0" visitedMethods="0" numMethods="0" />
              <MetadataToken>100664174</MetadataToken>
              <Name>System.Void ExMat.API.ExApi/&lt;&gt;c__DisplayClass50_0::.ctor()</Name>
              <SequencePoints />
              <BranchPoints />
              <MethodPoint vc="0" uspid="15315" ordinal="0" offset="0" />
            </Method>
            <Method visited="false" cyclomaticComplexity="1" nPathComplexity="0" sequenceCoverage="0" branchCoverage="0" crapScore="2" isConstructor="false" isStatic="false" isGetter="false" isSetter="false">
              <Summary numSequencePoints="1" visitedSequencePoints="0" numBranchPoints="1" visitedBranchPoints="0" sequenceCoverage="0" branchCoverage="0" maxCyclomaticComplexity="1" minCyclomaticComplexity="1" maxCrapScore="2" minCrapScore="2" visitedClasses="0" numClasses="0" visitedMethods="0" numMethods="1" />
              <MetadataToken>100664175</MetadataToken>
              <Name>System.Boolean ExMat.API.ExApi/&lt;&gt;c__DisplayClass50_0::&lt;GetStandardLibraryFromName&gt;b__0(System.Type)</Name>
              <FileRef uid="55" />
              <SequencePoints>
                <SequencePoint vc="0" uspid="15316" ordinal="0" offset="0" sl="1078" sc="84" el="1078" ec="121" bec="0" bev="0" fileid="55" />
              </SequencePoints>
              <BranchPoints />
              <MethodPoint xsi:type="SequencePoint" vc="0" uspid="15316" ordinal="0" offset="0" sl="1078" sc="84" el="1078" ec="121" bec="0" bev="0" fileid="55" />
            </Method>
          </Methods>
        </Class>
        <Class>
          <Summary numSequencePoints="1" visitedSequencePoints="0" numBranchPoints="1" visitedBranchPoints="0" sequenceCoverage="0" branchCoverage="0" maxCyclomaticComplexity="1" minCyclomaticComplexity="1" maxCrapScore="2" minCrapScore="2" visitedClasses="0" numClasses="1" visitedMethods="0" numMethods="1" />
          <FullName>ExMat.API.ExApi/&lt;&gt;c__DisplayClass54_0</FullName>
          <Methods>
            <Method visited="false" cyclomaticComplexity="1" nPathComplexity="0" sequenceCoverage="0" branchCoverage="0" crapScore="2" isConstructor="true" isStatic="false" isGetter="false" isSetter="false">
              <Summary numSequencePoints="0" visitedSequencePoints="0" numBranchPoints="0" visitedBranchPoints="0" sequenceCoverage="0" branchCoverage="0" maxCyclomaticComplexity="1" minCyclomaticComplexity="1" maxCrapScore="2" minCrapScore="2" visitedClasses="0" numClasses="0" visitedMethods="0" numMethods="0" />
              <MetadataToken>100664176</MetadataToken>
              <Name>System.Void ExMat.API.ExApi/&lt;&gt;c__DisplayClass54_0::.ctor()</Name>
              <SequencePoints />
              <BranchPoints />
              <MethodPoint vc="0" uspid="15317" ordinal="0" offset="0" />
            </Method>
            <Method visited="false" cyclomaticComplexity="1" nPathComplexity="0" sequenceCoverage="0" branchCoverage="0" crapScore="2" isConstructor="false" isStatic="false" isGetter="false" isSetter="false">
              <Summary numSequencePoints="1" visitedSequencePoints="0" numBranchPoints="1" visitedBranchPoints="0" sequenceCoverage="0" branchCoverage="0" maxCyclomaticComplexity="1" minCyclomaticComplexity="1" maxCrapScore="2" minCrapScore="2" visitedClasses="0" numClasses="0" visitedMethods="0" numMethods="1" />
              <MetadataToken>100664177</MetadataToken>
              <Name>System.Boolean ExMat.API.ExApi/&lt;&gt;c__DisplayClass54_0::&lt;ReloadLibrary&gt;b__0(System.Type)</Name>
              <FileRef uid="55" />
              <SequencePoints>
                <SequencePoint vc="0" uspid="15318" ordinal="0" offset="0" sl="1120" sc="107" el="1120" ec="147" bec="0" bev="0" fileid="55" />
              </SequencePoints>
              <BranchPoints />
              <MethodPoint xsi:type="SequencePoint" vc="0" uspid="15318" ordinal="0" offset="0" sl="1120" sc="107" el="1120" ec="147" bec="0" bev="0" fileid="55" />
            </Method>
          </Methods>
        </Class>
        <Class>
          <Summary numSequencePoints="1" visitedSequencePoints="0" numBranchPoints="3" visitedBranchPoints="0" sequenceCoverage="0" branchCoverage="0" maxCyclomaticComplexity="2" minCyclomaticComplexity="1" maxCrapScore="6" minCrapScore="2" visitedClasses="0" numClasses="1" visitedMethods="0" numMethods="1" />
          <FullName>ExMat.API.ExApi/&lt;&gt;c__DisplayClass79_0</FullName>
          <Methods>
            <Method visited="false" cyclomaticComplexity="1" nPathComplexity="0" sequenceCoverage="0" branchCoverage="0" crapScore="2" isConstructor="true" isStatic="false" isGetter="false" isSetter="false">
              <Summary numSequencePoints="0" visitedSequencePoints="0" numBranchPoints="0" visitedBranchPoints="0" sequenceCoverage="0" branchCoverage="0" maxCyclomaticComplexity="1" minCyclomaticComplexity="1" maxCrapScore="2" minCrapScore="2" visitedClasses="0" numClasses="0" visitedMethods="0" numMethods="0" />
              <MetadataToken>100664178</MetadataToken>
              <Name>System.Void ExMat.API.ExApi/&lt;&gt;c__DisplayClass79_0::.ctor()</Name>
              <SequencePoints />
              <BranchPoints />
              <MethodPoint vc="0" uspid="15319" ordinal="0" offset="0" />
            </Method>
            <Method visited="false" cyclomaticComplexity="2" nPathComplexity="2" sequenceCoverage="0" branchCoverage="0" crapScore="6" isConstructor="false" isStatic="false" isGetter="false" isSetter="false">
              <Summary numSequencePoints="1" visitedSequencePoints="0" numBranchPoints="3" visitedBranchPoints="0" sequenceCoverage="0" branchCoverage="0" maxCyclomaticComplexity="2" minCyclomaticComplexity="2" maxCrapScore="6" minCrapScore="6" visitedClasses="0" numClasses="0" visitedMethods="0" numMethods="1" />
              <MetadataToken>100664179</MetadataToken>
              <Name>System.Boolean ExMat.API.ExApi/&lt;&gt;c__DisplayClass79_0::&lt;GetRepeatCounts&gt;b__0(System.Collections.Generic.KeyValuePair`2&lt;ExMat.Objects.ExObject,System.Int32&gt;)</Name>
              <FileRef uid="55" />
              <SequencePoints>
                <SequencePoint vc="0" uspid="15320" ordinal="0" offset="0" sl="1616" sc="79" el="1616" ec="132" bec="2" bev="0" fileid="55" />
              </SequencePoints>
              <BranchPoints>
                <BranchPoint vc="0" uspid="15321" ordinal="0" offset="18" sl="1616" path="0" offsetend="20" fileid="55" />
                <BranchPoint vc="0" uspid="15322" ordinal="1" offset="18" sl="1616" path="1" offsetend="46" fileid="55" />
              </BranchPoints>
              <MethodPoint xsi:type="SequencePoint" vc="0" uspid="15320" ordinal="0" offset="0" sl="1616" sc="79" el="1616" ec="132" bec="2" bev="0" fileid="55" />
            </Method>
          </Methods>
        </Class>
        <Class>
          <Summary numSequencePoints="1" visitedSequencePoints="0" numBranchPoints="3" visitedBranchPoints="0" sequenceCoverage="0" branchCoverage="0" maxCyclomaticComplexity="2" minCyclomaticComplexity="1" maxCrapScore="6" minCrapScore="2" visitedClasses="0" numClasses="1" visitedMethods="0" numMethods="1" />
          <FullName>ExMat.API.ExApi/&lt;&gt;c__DisplayClass83_0</FullName>
          <Methods>
            <Method visited="false" cyclomaticComplexity="1" nPathComplexity="0" sequenceCoverage="0" branchCoverage="0" crapScore="2" isConstructor="true" isStatic="false" isGetter="false" isSetter="false">
              <Summary numSequencePoints="0" visitedSequencePoints="0" numBranchPoints="0" visitedBranchPoints="0" sequenceCoverage="0" branchCoverage="0" maxCyclomaticComplexity="1" minCyclomaticComplexity="1" maxCrapScore="2" minCrapScore="2" visitedClasses="0" numClasses="0" visitedMethods="0" numMethods="0" />
              <MetadataToken>100664180</MetadataToken>
              <Name>System.Void ExMat.API.ExApi/&lt;&gt;c__DisplayClass83_0::.ctor()</Name>
              <SequencePoints />
              <BranchPoints />
              <MethodPoint vc="0" uspid="15323" ordinal="0" offset="0" />
            </Method>
            <Method visited="false" cyclomaticComplexity="2" nPathComplexity="2" sequenceCoverage="0" branchCoverage="0" crapScore="6" isConstructor="false" isStatic="false" isGetter="false" isSetter="false">
              <Summary numSequencePoints="1" visitedSequencePoints="0" numBranchPoints="3" visitedBranchPoints="0" sequenceCoverage="0" branchCoverage="0" maxCyclomaticComplexity="2" minCyclomaticComplexity="2" maxCrapScore="6" minCrapScore="6" visitedClasses="0" numClasses="0" visitedMethods="0" numMethods="1" />
              <MetadataToken>100664181</MetadataToken>
              <Name>System.Boolean ExMat.API.ExApi/&lt;&gt;c__DisplayClass83_0::&lt;GetNativeParam&gt;b__0(System.Object)</Name>
              <FileRef uid="55" />
              <SequencePoints>
                <SequencePoint vc="0" uspid="15324" ordinal="0" offset="0" sl="1676" sc="119" el="1676" ec="163" bec="2" bev="0" fileid="55" />
              </SequencePoints>
              <BranchPoints>
                <BranchPoint vc="0" uspid="15325" ordinal="0" offset="8" sl="1676" path="0" offsetend="10" fileid="55" />
                <BranchPoint vc="0" uspid="15326" ordinal="1" offset="8" sl="1676" path="1" offsetend="26" fileid="55" />
              </BranchPoints>
              <MethodPoint xsi:type="SequencePoint" vc="0" uspid="15324" ordinal="0" offset="0" sl="1676" sc="119" el="1676" ec="163" bec="2" bev="0" fileid="55" />
            </Method>
          </Methods>
        </Class>
        <Class>
          <Summary numSequencePoints="1" visitedSequencePoints="0" numBranchPoints="3" visitedBranchPoints="0" sequenceCoverage="0" branchCoverage="0" maxCyclomaticComplexity="2" minCyclomaticComplexity="1" maxCrapScore="6" minCrapScore="2" visitedClasses="0" numClasses="1" visitedMethods="0" numMethods="1" />
          <FullName>ExMat.API.ExApi/&lt;&gt;c__DisplayClass84_0</FullName>
          <Methods>
            <Method visited="false" cyclomaticComplexity="1" nPathComplexity="0" sequenceCoverage="0" branchCoverage="0" crapScore="2" isConstructor="true" isStatic="false" isGetter="false" isSetter="false">
              <Summary numSequencePoints="0" visitedSequencePoints="0" numBranchPoints="0" visitedBranchPoints="0" sequenceCoverage="0" branchCoverage="0" maxCyclomaticComplexity="1" minCyclomaticComplexity="1" maxCrapScore="2" minCrapScore="2" visitedClasses="0" numClasses="0" visitedMethods="0" numMethods="0" />
              <MetadataToken>100664182</MetadataToken>
              <Name>System.Void ExMat.API.ExApi/&lt;&gt;c__DisplayClass84_0::.ctor()</Name>
              <SequencePoints />
              <BranchPoints />
              <MethodPoint vc="0" uspid="15327" ordinal="0" offset="0" />
            </Method>
            <Method visited="false" cyclomaticComplexity="2" nPathComplexity="2" sequenceCoverage="0" branchCoverage="0" crapScore="6" isConstructor="false" isStatic="false" isGetter="false" isSetter="false">
              <Summary numSequencePoints="1" visitedSequencePoints="0" numBranchPoints="3" visitedBranchPoints="0" sequenceCoverage="0" branchCoverage="0" maxCyclomaticComplexity="2" minCyclomaticComplexity="2" maxCrapScore="6" minCrapScore="6" visitedClasses="0" numClasses="0" visitedMethods="0" numMethods="1" />
              <MetadataToken>100664183</MetadataToken>
              <Name>System.Boolean ExMat.API.ExApi/&lt;&gt;c__DisplayClass84_0::&lt;GetNativeParamDefault&gt;b__0(System.Object)</Name>
              <FileRef uid="55" />
              <SequencePoints>
                <SequencePoint vc="0" uspid="15328" ordinal="0" offset="0" sl="1681" sc="120" el="1681" ec="164" bec="2" bev="0" fileid="55" />
              </SequencePoints>
              <BranchPoints>
                <BranchPoint vc="0" uspid="15329" ordinal="0" offset="8" sl="1681" path="0" offsetend="10" fileid="55" />
                <BranchPoint vc="0" uspid="15330" ordinal="1" offset="8" sl="1681" path="1" offsetend="26" fileid="55" />
              </BranchPoints>
              <MethodPoint xsi:type="SequencePoint" vc="0" uspid="15328" ordinal="0" offset="0" sl="1681" sc="120" el="1681" ec="164" bec="2" bev="0" fileid="55" />
            </Method>
          </Methods>
        </Class>
        <Class>
          <Summary numSequencePoints="1" visitedSequencePoints="0" numBranchPoints="1" visitedBranchPoints="0" sequenceCoverage="0" branchCoverage="0" maxCyclomaticComplexity="1" minCyclomaticComplexity="1" maxCrapScore="2" minCrapScore="2" visitedClasses="0" numClasses="1" visitedMethods="0" numMethods="1" />
          <FullName>ExMat.API.ExApi/&lt;&gt;c__DisplayClass89_0</FullName>
          <Methods>
            <Method visited="false" cyclomaticComplexity="1" nPathComplexity="0" sequenceCoverage="0" branchCoverage="0" crapScore="2" isConstructor="true" isStatic="false" isGetter="false" isSetter="false">
              <Summary numSequencePoints="0" visitedSequencePoints="0" numBranchPoints="0" visitedBranchPoints="0" sequenceCoverage="0" branchCoverage="0" maxCyclomaticComplexity="1" minCyclomaticComplexity="1" maxCrapScore="2" minCrapScore="2" visitedClasses="0" numClasses="0" visitedMethods="0" numMethods="0" />
              <MetadataToken>100664184</MetadataToken>
              <Name>System.Void ExMat.API.ExApi/&lt;&gt;c__DisplayClass89_0::.ctor()</Name>
              <SequencePoints />
              <BranchPoints />
              <MethodPoint vc="0" uspid="15331" ordinal="0" offset="0" />
            </Method>
            <Method visited="false" cyclomaticComplexity="1" nPathComplexity="0" sequenceCoverage="0" branchCoverage="0" crapScore="2" isConstructor="false" isStatic="false" isGetter="false" isSetter="false">
              <Summary numSequencePoints="1" visitedSequencePoints="0" numBranchPoints="1" visitedBranchPoints="0" sequenceCoverage="0" branchCoverage="0" maxCyclomaticComplexity="1" minCyclomaticComplexity="1" maxCrapScore="2" minCrapScore="2" visitedClasses="0" numClasses="0" visitedMethods="0" numMethods="1" />
              <MetadataToken>100664185</MetadataToken>
              <Name>System.Boolean ExMat.API.ExApi/&lt;&gt;c__DisplayClass89_0::&lt;GetStdLibTypeFromSimpleLibName&gt;b__0(System.String)</Name>
              <FileRef uid="55" />
              <SequencePoints>
                <SequencePoint vc="0" uspid="15332" ordinal="0" offset="0" sl="1762" sc="80" el="1762" ec="147" bec="0" bev="0" fileid="55" />
              </SequencePoints>
              <BranchPoints />
              <MethodPoint xsi:type="SequencePoint" vc="0" uspid="15332" ordinal="0" offset="0" sl="1762" sc="80" el="1762" ec="147" bec="0" bev="0" fileid="55" />
            </Method>
          </Methods>
        </Class>
        <Class>
          <Summary numSequencePoints="0" visitedSequencePoints="0" numBranchPoints="0" visitedBranchPoints="0" sequenceCoverage="0" branchCoverage="0" maxCyclomaticComplexity="0" minCyclomaticComplexity="0" maxCrapScore="0" minCrapScore="0" visitedClasses="0" numClasses="0" visitedMethods="0" numMethods="0" />
          <FullName>ExMat.API.ExApi/&lt;&gt;o__97</FullName>
          <Methods />
        </Class>
        <Class>
          <Summary numSequencePoints="7" visitedSequencePoints="0" numBranchPoints="1" visitedBranchPoints="0" sequenceCoverage="0" branchCoverage="0" maxCyclomaticComplexity="1" minCyclomaticComplexity="1" maxCrapScore="2" minCrapScore="2" visitedClasses="0" numClasses="1" visitedMethods="0" numMethods="1" />
          <FullName>ExMat.Attributes.ExConsoleHelper</FullName>
          <Methods>
            <Method visited="false" cyclomaticComplexity="1" nPathComplexity="0" sequenceCoverage="0" branchCoverage="0" crapScore="2" isConstructor="true" isStatic="false" isGetter="false" isSetter="false">
              <Summary numSequencePoints="7" visitedSequencePoints="0" numBranchPoints="1" visitedBranchPoints="0" sequenceCoverage="0" branchCoverage="0" maxCyclomaticComplexity="1" minCyclomaticComplexity="1" maxCrapScore="2" minCrapScore="2" visitedClasses="0" numClasses="0" visitedMethods="0" numMethods="1" />
              <MetadataToken>100664061</MetadataToken>
              <Name>System.Void ExMat.Attributes.ExConsoleHelper::.ctor(System.String,System.String)</Name>
              <FileRef uid="66" />
              <SequencePoints>
                <SequencePoint vc="0" uspid="15333" ordinal="0" offset="0" sl="8" sc="9" el="8" ec="45" bec="0" bev="0" fileid="66" />
                <SequencePoint vc="0" uspid="15334" ordinal="1" offset="11" sl="9" sc="9" el="9" ec="43" bec="0" bev="0" fileid="66" />
                <SequencePoint vc="0" uspid="15335" ordinal="2" offset="22" sl="11" sc="9" el="11" ec="57" bec="0" bev="0" fileid="66" />
                <SequencePoint vc="0" uspid="15336" ordinal="3" offset="29" sl="12" sc="9" el="12" ec="10" bec="0" bev="0" fileid="66" />
                <SequencePoint vc="0" uspid="15337" ordinal="4" offset="30" sl="13" sc="13" el="13" ec="27" bec="0" bev="0" fileid="66" />
                <SequencePoint vc="0" uspid="15338" ordinal="5" offset="37" sl="14" sc="13" el="14" ec="25" bec="0" bev="0" fileid="66" />
                <SequencePoint vc="0" uspid="15339" ordinal="6" offset="44" sl="15" sc="9" el="15" ec="10" bec="0" bev="0" fileid="66" />
              </SequencePoints>
              <BranchPoints />
              <MethodPoint xsi:type="SequencePoint" vc="0" uspid="15333" ordinal="0" offset="0" sl="8" sc="9" el="8" ec="45" bec="0" bev="0" fileid="66" />
            </Method>
          </Methods>
        </Class>
        <Class>
          <Summary numSequencePoints="37" visitedSequencePoints="0" numBranchPoints="4" visitedBranchPoints="0" sequenceCoverage="0" branchCoverage="0" maxCyclomaticComplexity="1" minCyclomaticComplexity="1" maxCrapScore="2" minCrapScore="2" visitedClasses="0" numClasses="1" visitedMethods="0" numMethods="4" />
          <FullName>ExMat.Attributes.ExNativeFuncBase</FullName>
          <Methods>
            <Method visited="false" cyclomaticComplexity="1" nPathComplexity="0" sequenceCoverage="0" branchCoverage="0" crapScore="2" isConstructor="true" isStatic="false" isGetter="false" isSetter="false">
              <Summary numSequencePoints="6" visitedSequencePoints="0" numBranchPoints="1" visitedBranchPoints="0" sequenceCoverage="0" branchCoverage="0" maxCyclomaticComplexity="1" minCyclomaticComplexity="1" maxCrapScore="2" minCrapScore="2" visitedClasses="0" numClasses="0" visitedMethods="0" numMethods="1" />
              <MetadataToken>100664062</MetadataToken>
              <Name>System.Void ExMat.Attributes.ExNativeFuncBase::.ctor()</Name>
              <FileRef uid="67" />
              <SequencePoints>
                <SequencePoint vc="0" uspid="15340" ordinal="0" offset="0" sl="24" sc="9" el="24" ec="54" bec="0" bev="0" fileid="67" />
                <SequencePoint vc="0" uspid="15341" ordinal="1" offset="11" sl="34" sc="9" el="34" ec="40" bec="0" bev="0" fileid="67" />
                <SequencePoint vc="0" uspid="15342" ordinal="2" offset="19" sl="39" sc="9" el="39" ec="53" bec="0" bev="0" fileid="67" />
                <SequencePoint vc="0" uspid="15343" ordinal="3" offset="26" sl="49" sc="9" el="49" ec="34" bec="0" bev="0" fileid="67" />
                <SequencePoint vc="0" uspid="15344" ordinal="4" offset="33" sl="49" sc="35" el="49" ec="36" bec="0" bev="0" fileid="67" />
                <SequencePoint vc="0" uspid="15345" ordinal="5" offset="34" sl="49" sc="37" el="49" ec="38" bec="0" bev="0" fileid="67" />
              </SequencePoints>
              <BranchPoints />
              <MethodPoint xsi:type="SequencePoint" vc="0" uspid="15340" ordinal="0" offset="0" sl="24" sc="9" el="24" ec="54" bec="0" bev="0" fileid="67" />
            </Method>
            <Method visited="false" cyclomaticComplexity="1" nPathComplexity="0" sequenceCoverage="0" branchCoverage="0" crapScore="2" isConstructor="true" isStatic="false" isGetter="false" isSetter="false">
              <Summary numSequencePoints="10" visitedSequencePoints="0" numBranchPoints="1" visitedBranchPoints="0" sequenceCoverage="0" branchCoverage="0" maxCyclomaticComplexity="1" minCyclomaticComplexity="1" maxCrapScore="2" minCrapScore="2" visitedClasses="0" numClasses="0" visitedMethods="0" numMethods="1" />
              <MetadataToken>100664063</MetadataToken>
              <Name>System.Void ExMat.Attributes.ExNativeFuncBase::.ctor(System.String,ExMat.ExBaseType,System.String)</Name>
              <FileRef uid="67" />
              <SequencePoints>
                <SequencePoint vc="0" uspid="15346" ordinal="0" offset="0" sl="24" sc="9" el="24" ec="54" bec="0" bev="0" fileid="67" />
                <SequencePoint vc="0" uspid="15347" ordinal="1" offset="11" sl="34" sc="9" el="34" ec="40" bec="0" bev="0" fileid="67" />
                <SequencePoint vc="0" uspid="15348" ordinal="2" offset="19" sl="39" sc="9" el="39" ec="53" bec="0" bev="0" fileid="67" />
                <SequencePoint vc="0" uspid="15349" ordinal="3" offset="26" sl="57" sc="9" el="57" ec="101" bec="0" bev="0" fileid="67" />
                <SequencePoint vc="0" uspid="15350" ordinal="4" offset="33" sl="58" sc="9" el="58" ec="10" bec="0" bev="0" fileid="67" />
                <SequencePoint vc="0" uspid="15351" ordinal="5" offset="34" sl="59" sc="13" el="59" ec="25" bec="0" bev="0" fileid="67" />
                <SequencePoint vc="0" uspid="15352" ordinal="6" offset="41" sl="60" sc="13" el="60" ec="32" bec="0" bev="0" fileid="67" />
                <SequencePoint vc="0" uspid="15353" ordinal="7" offset="48" sl="61" sc="13" el="61" ec="31" bec="0" bev="0" fileid="67" />
                <SequencePoint vc="0" uspid="15354" ordinal="8" offset="55" sl="62" sc="13" el="62" ec="32" bec="0" bev="0" fileid="67" />
                <SequencePoint vc="0" uspid="15355" ordinal="9" offset="63" sl="63" sc="9" el="63" ec="10" bec="0" bev="0" fileid="67" />
              </SequencePoints>
              <BranchPoints />
              <MethodPoint xsi:type="SequencePoint" vc="0" uspid="15346" ordinal="0" offset="0" sl="24" sc="9" el="24" ec="54" bec="0" bev="0" fileid="67" />
            </Method>
            <Method visited="false" cyclomaticComplexity="1" nPathComplexity="0" sequenceCoverage="0" branchCoverage="0" crapScore="2" isConstructor="true" isStatic="false" isGetter="false" isSetter="false">
              <Summary numSequencePoints="10" visitedSequencePoints="0" numBranchPoints="1" visitedBranchPoints="0" sequenceCoverage="0" branchCoverage="0" maxCyclomaticComplexity="1" minCyclomaticComplexity="1" maxCrapScore="2" minCrapScore="2" visitedClasses="0" numClasses="0" visitedMethods="0" numMethods="1" />
              <MetadataToken>100664064</MetadataToken>
              <Name>System.Void ExMat.Attributes.ExNativeFuncBase::.ctor(System.String,System.String)</Name>
              <FileRef uid="67" />
              <SequencePoints>
                <SequencePoint vc="0" uspid="15356" ordinal="0" offset="0" sl="24" sc="9" el="24" ec="54" bec="0" bev="0" fileid="67" />
                <SequencePoint vc="0" uspid="15357" ordinal="1" offset="11" sl="34" sc="9" el="34" ec="40" bec="0" bev="0" fileid="67" />
                <SequencePoint vc="0" uspid="15358" ordinal="2" offset="19" sl="39" sc="9" el="39" ec="53" bec="0" bev="0" fileid="67" />
                <SequencePoint vc="0" uspid="15359" ordinal="3" offset="26" sl="70" sc="9" el="70" ec="63" bec="0" bev="0" fileid="67" />
                <SequencePoint vc="0" uspid="15360" ordinal="4" offset="33" sl="71" sc="9" el="71" ec="10" bec="0" bev="0" fileid="67" />
                <SequencePoint vc="0" uspid="15361" ordinal="5" offset="34" sl="72" sc="13" el="72" ec="25" bec="0" bev="0" fileid="67" />
                <SequencePoint vc="0" uspid="15362" ordinal="6" offset="41" sl="73" sc="13" el="73" ec="32" bec="0" bev="0" fileid="67" />
                <SequencePoint vc="0" uspid="15363" ordinal="7" offset="48" sl="74" sc="13" el="74" ec="39" bec="0" bev="0" fileid="67" />
                <SequencePoint vc="0" uspid="15364" ordinal="8" offset="55" sl="75" sc="13" el="75" ec="32" bec="0" bev="0" fileid="67" />
                <SequencePoint vc="0" uspid="15365" ordinal="9" offset="63" sl="76" sc="9" el="76" ec="10" bec="0" bev="0" fileid="67" />
              </SequencePoints>
              <BranchPoints />
              <MethodPoint xsi:type="SequencePoint" vc="0" uspid="15356" ordinal="0" offset="0" sl="24" sc="9" el="24" ec="54" bec="0" bev="0" fileid="67" />
            </Method>
            <Method visited="false" cyclomaticComplexity="1" nPathComplexity="0" sequenceCoverage="0" branchCoverage="0" crapScore="2" isConstructor="true" isStatic="false" isGetter="false" isSetter="false">
              <Summary numSequencePoints="11" visitedSequencePoints="0" numBranchPoints="1" visitedBranchPoints="0" sequenceCoverage="0" branchCoverage="0" maxCyclomaticComplexity="1" minCyclomaticComplexity="1" maxCrapScore="2" minCrapScore="2" visitedClasses="0" numClasses="0" visitedMethods="0" numMethods="1" />
              <MetadataToken>100664065</MetadataToken>
              <Name>System.Void ExMat.Attributes.ExNativeFuncBase::.ctor(System.String,ExMat.ExBaseType,System.String,System.Int32)</Name>
              <FileRef uid="67" />
              <SequencePoints>
                <SequencePoint vc="0" uspid="15366" ordinal="0" offset="0" sl="24" sc="9" el="24" ec="54" bec="0" bev="0" fileid="67" />
                <SequencePoint vc="0" uspid="15367" ordinal="1" offset="11" sl="34" sc="9" el="34" ec="40" bec="0" bev="0" fileid="67" />
                <SequencePoint vc="0" uspid="15368" ordinal="2" offset="19" sl="39" sc="9" el="39" ec="53" bec="0" bev="0" fileid="67" />
                <SequencePoint vc="0" uspid="15369" ordinal="3" offset="26" sl="85" sc="9" el="85" ec="103" bec="0" bev="0" fileid="67" />
                <SequencePoint vc="0" uspid="15370" ordinal="4" offset="33" sl="86" sc="9" el="86" ec="10" bec="0" bev="0" fileid="67" />
                <SequencePoint vc="0" uspid="15371" ordinal="5" offset="34" sl="87" sc="13" el="87" ec="25" bec="0" bev="0" fileid="67" />
                <SequencePoint vc="0" uspid="15372" ordinal="6" offset="41" sl="88" sc="13" el="88" ec="54" bec="0" bev="0" fileid="67" />
                <SequencePoint vc="0" uspid="15373" ordinal="7" offset="49" sl="89" sc="13" el="89" ec="32" bec="0" bev="0" fileid="67" />
                <SequencePoint vc="0" uspid="15374" ordinal="8" offset="56" sl="90" sc="13" el="90" ec="31" bec="0" bev="0" fileid="67" />
                <SequencePoint vc="0" uspid="15375" ordinal="9" offset="63" sl="91" sc="13" el="91" ec="32" bec="0" bev="0" fileid="67" />
                <SequencePoint vc="0" uspid="15376" ordinal="10" offset="71" sl="92" sc="9" el="92" ec="10" bec="0" bev="0" fileid="67" />
              </SequencePoints>
              <BranchPoints />
              <MethodPoint xsi:type="SequencePoint" vc="0" uspid="15366" ordinal="0" offset="0" sl="24" sc="9" el="24" ec="54" bec="0" bev="0" fileid="67" />
            </Method>
          </Methods>
        </Class>
        <Class>
          <Summary numSequencePoints="38" visitedSequencePoints="0" numBranchPoints="11" visitedBranchPoints="0" sequenceCoverage="0" branchCoverage="0" maxCyclomaticComplexity="3" minCyclomaticComplexity="1" maxCrapScore="12" minCrapScore="2" visitedClasses="0" numClasses="1" visitedMethods="0" numMethods="5" />
          <FullName>ExMat.Attributes.ExNativeFuncDelegate</FullName>
          <Methods>
            <Method visited="false" cyclomaticComplexity="1" nPathComplexity="0" sequenceCoverage="0" branchCoverage="0" crapScore="2" isConstructor="true" isStatic="false" isGetter="false" isSetter="false">
              <Summary numSequencePoints="4" visitedSequencePoints="0" numBranchPoints="1" visitedBranchPoints="0" sequenceCoverage="0" branchCoverage="0" maxCyclomaticComplexity="1" minCyclomaticComplexity="1" maxCrapScore="2" minCrapScore="2" visitedClasses="0" numClasses="0" visitedMethods="0" numMethods="1" />
              <MetadataToken>100664066</MetadataToken>
              <Name>System.Void ExMat.Attributes.ExNativeFuncDelegate::.ctor()</Name>
              <FileRef uid="68" />
              <SequencePoints>
                <SequencePoint vc="0" uspid="15377" ordinal="0" offset="0" sl="30" sc="9" el="30" ec="38" bec="0" bev="0" fileid="68" />
                <SequencePoint vc="0" uspid="15378" ordinal="1" offset="7" sl="31" sc="9" el="31" ec="10" bec="0" bev="0" fileid="68" />
                <SequencePoint vc="0" uspid="15379" ordinal="2" offset="8" sl="32" sc="13" el="32" ec="39" bec="0" bev="0" fileid="68" />
                <SequencePoint vc="0" uspid="15380" ordinal="3" offset="15" sl="33" sc="9" el="33" ec="10" bec="0" bev="0" fileid="68" />
              </SequencePoints>
              <BranchPoints />
              <MethodPoint xsi:type="SequencePoint" vc="0" uspid="15377" ordinal="0" offset="0" sl="30" sc="9" el="30" ec="38" bec="0" bev="0" fileid="68" />
            </Method>
            <Method visited="false" cyclomaticComplexity="1" nPathComplexity="0" sequenceCoverage="0" branchCoverage="0" crapScore="2" isConstructor="true" isStatic="false" isGetter="false" isSetter="false">
              <Summary numSequencePoints="8" visitedSequencePoints="0" numBranchPoints="1" visitedBranchPoints="0" sequenceCoverage="0" branchCoverage="0" maxCyclomaticComplexity="1" minCyclomaticComplexity="1" maxCrapScore="2" minCrapScore="2" visitedClasses="0" numClasses="0" visitedMethods="0" numMethods="1" />
              <MetadataToken>100664067</MetadataToken>
              <Name>System.Void ExMat.Attributes.ExNativeFuncDelegate::.ctor(System.String,ExMat.ExBaseType,System.String,System.Char)</Name>
              <FileRef uid="68" />
              <SequencePoints>
                <SequencePoint vc="0" uspid="15381" ordinal="0" offset="0" sl="42" sc="9" el="42" ec="97" bec="0" bev="0" fileid="68" />
                <SequencePoint vc="0" uspid="15382" ordinal="1" offset="7" sl="43" sc="9" el="43" ec="10" bec="0" bev="0" fileid="68" />
                <SequencePoint vc="0" uspid="15383" ordinal="2" offset="8" sl="44" sc="13" el="44" ec="25" bec="0" bev="0" fileid="68" />
                <SequencePoint vc="0" uspid="15384" ordinal="3" offset="15" sl="45" sc="13" el="45" ec="32" bec="0" bev="0" fileid="68" />
                <SequencePoint vc="0" uspid="15385" ordinal="4" offset="22" sl="46" sc="13" el="46" ec="31" bec="0" bev="0" fileid="68" />
                <SequencePoint vc="0" uspid="15386" ordinal="5" offset="29" sl="47" sc="13" el="47" ec="37" bec="0" bev="0" fileid="68" />
                <SequencePoint vc="0" uspid="15387" ordinal="6" offset="37" sl="48" sc="13" el="48" ec="39" bec="0" bev="0" fileid="68" />
                <SequencePoint vc="0" uspid="15388" ordinal="7" offset="44" sl="49" sc="9" el="49" ec="10" bec="0" bev="0" fileid="68" />
              </SequencePoints>
              <BranchPoints />
              <MethodPoint xsi:type="SequencePoint" vc="0" uspid="15381" ordinal="0" offset="0" sl="42" sc="9" el="42" ec="97" bec="0" bev="0" fileid="68" />
            </Method>
            <Method visited="false" cyclomaticComplexity="1" nPathComplexity="0" sequenceCoverage="0" branchCoverage="0" crapScore="2" isConstructor="true" isStatic="false" isGetter="false" isSetter="false">
              <Summary numSequencePoints="6" visitedSequencePoints="0" numBranchPoints="1" visitedBranchPoints="0" sequenceCoverage="0" branchCoverage="0" maxCyclomaticComplexity="1" minCyclomaticComplexity="1" maxCrapScore="2" minCrapScore="2" visitedClasses="0" numClasses="0" visitedMethods="0" numMethods="1" />
              <MetadataToken>100664068</MetadataToken>
              <Name>System.Void ExMat.Attributes.ExNativeFuncDelegate::.ctor(ExMat.Attributes.ExCommonDelegateType,System.Char)</Name>
              <FileRef uid="68" />
              <SequencePoints>
                <SequencePoint vc="0" uspid="15389" ordinal="0" offset="0" sl="56" sc="9" el="56" ec="92" bec="0" bev="0" fileid="68" />
                <SequencePoint vc="0" uspid="15390" ordinal="1" offset="7" sl="57" sc="9" el="57" ec="10" bec="0" bev="0" fileid="68" />
                <SequencePoint vc="0" uspid="15391" ordinal="2" offset="8" sl="58" sc="13" el="58" ec="39" bec="0" bev="0" fileid="68" />
                <SequencePoint vc="0" uspid="15392" ordinal="3" offset="15" sl="59" sc="13" el="59" ec="37" bec="0" bev="0" fileid="68" />
                <SequencePoint vc="0" uspid="15393" ordinal="4" offset="22" sl="60" sc="13" el="60" ec="44" bec="0" bev="0" fileid="68" />
                <SequencePoint vc="0" uspid="15394" ordinal="5" offset="30" sl="61" sc="9" el="61" ec="10" bec="0" bev="0" fileid="68" />
              </SequencePoints>
              <BranchPoints />
              <MethodPoint xsi:type="SequencePoint" vc="0" uspid="15389" ordinal="0" offset="0" sl="56" sc="9" el="56" ec="92" bec="0" bev="0" fileid="68" />
            </Method>
            <Method visited="false" cyclomaticComplexity="2" nPathComplexity="2" sequenceCoverage="0" branchCoverage="0" crapScore="6" isConstructor="true" isStatic="false" isGetter="false" isSetter="false">
              <Summary numSequencePoints="7" visitedSequencePoints="0" numBranchPoints="3" visitedBranchPoints="0" sequenceCoverage="0" branchCoverage="0" maxCyclomaticComplexity="2" minCyclomaticComplexity="2" maxCrapScore="6" minCrapScore="6" visitedClasses="0" numClasses="0" visitedMethods="0" numMethods="1" />
              <MetadataToken>100664069</MetadataToken>
              <Name>System.Void ExMat.Attributes.ExNativeFuncDelegate::.ctor(ExMat.Attributes.ExCommonDelegateType,ExMat.ExBaseType)</Name>
              <FileRef uid="68" />
              <SequencePoints>
                <SequencePoint vc="0" uspid="15395" ordinal="0" offset="0" sl="68" sc="9" el="68" ec="98" bec="0" bev="0" fileid="68" />
                <SequencePoint vc="0" uspid="15396" ordinal="1" offset="7" sl="69" sc="9" el="69" ec="10" bec="0" bev="0" fileid="68" />
                <SequencePoint vc="0" uspid="15397" ordinal="2" offset="8" sl="70" sc="13" el="70" ec="69" bec="0" bev="0" fileid="68" />
                <SequencePoint vc="0" uspid="15398" ordinal="3" offset="15" sl="71" sc="13" el="71" ec="76" bec="2" bev="0" fileid="68" />
                <SequencePoint vc="0" uspid="15399" ordinal="4" offset="40" sl="73" sc="13" el="73" ec="39" bec="0" bev="0" fileid="68" />
                <SequencePoint vc="0" uspid="15400" ordinal="5" offset="47" sl="75" sc="13" el="75" ec="44" bec="0" bev="0" fileid="68" />
                <SequencePoint vc="0" uspid="15401" ordinal="6" offset="55" sl="76" sc="9" el="76" ec="10" bec="0" bev="0" fileid="68" />
              </SequencePoints>
              <BranchPoints>
                <BranchPoint vc="0" uspid="15402" ordinal="0" offset="22" sl="71" path="0" offsetend="24" fileid="68" />
                <BranchPoint vc="0" uspid="15403" ordinal="1" offset="22" sl="71" path="1" offsetend="33" fileid="68" />
              </BranchPoints>
              <MethodPoint xsi:type="SequencePoint" vc="0" uspid="15395" ordinal="0" offset="0" sl="68" sc="9" el="68" ec="98" bec="0" bev="0" fileid="68" />
            </Method>
            <Method visited="false" cyclomaticComplexity="3" nPathComplexity="4" sequenceCoverage="0" branchCoverage="0" crapScore="12" isConstructor="false" isStatic="true" isGetter="false" isSetter="false">
              <Summary numSequencePoints="13" visitedSequencePoints="0" numBranchPoints="5" visitedBranchPoints="0" sequenceCoverage="0" branchCoverage="0" maxCyclomaticComplexity="3" minCyclomaticComplexity="3" maxCrapScore="12" minCrapScore="12" visitedClasses="0" numClasses="0" visitedMethods="0" numMethods="1" />
              <MetadataToken>100664070</MetadataToken>
              <Name>System.Void ExMat.Attributes.ExNativeFuncDelegate::Init(ExMat.Attributes.ExNativeFuncDelegate,ExMat.Attributes.ExCommonDelegateType)</Name>
              <FileRef uid="68" />
              <SequencePoints>
                <SequencePoint vc="0" uspid="15404" ordinal="0" offset="0" sl="79" sc="9" el="79" ec="10" bec="0" bev="0" fileid="68" />
                <SequencePoint vc="0" uspid="15405" ordinal="1" offset="1" sl="80" sc="13" el="80" ec="40" bec="4" bev="0" fileid="68" />
                <SequencePoint vc="0" uspid="15406" ordinal="2" offset="16" sl="83" sc="21" el="83" ec="22" bec="0" bev="0" fileid="68" />
                <SequencePoint vc="0" uspid="15407" ordinal="3" offset="17" sl="84" sc="25" el="84" ec="43" bec="0" bev="0" fileid="68" />
                <SequencePoint vc="0" uspid="15408" ordinal="4" offset="28" sl="85" sc="25" el="85" ec="59" bec="0" bev="0" fileid="68" />
                <SequencePoint vc="0" uspid="15409" ordinal="5" offset="35" sl="86" sc="25" el="86" ec="81" bec="0" bev="0" fileid="68" />
                <SequencePoint vc="0" uspid="15410" ordinal="6" offset="46" sl="87" sc="25" el="87" ec="31" bec="0" bev="0" fileid="68" />
                <SequencePoint vc="0" uspid="15411" ordinal="7" offset="48" sl="90" sc="21" el="90" ec="22" bec="0" bev="0" fileid="68" />
                <SequencePoint vc="0" uspid="15412" ordinal="8" offset="49" sl="91" sc="25" el="91" ec="47" bec="0" bev="0" fileid="68" />
                <SequencePoint vc="0" uspid="15413" ordinal="9" offset="60" sl="92" sc="25" el="92" ec="59" bec="0" bev="0" fileid="68" />
                <SequencePoint vc="0" uspid="15414" ordinal="10" offset="71" sl="93" sc="25" el="93" ec="85" bec="0" bev="0" fileid="68" />
                <SequencePoint vc="0" uspid="15415" ordinal="11" offset="82" sl="94" sc="25" el="94" ec="31" bec="0" bev="0" fileid="68" />
                <SequencePoint vc="0" uspid="15416" ordinal="12" offset="84" sl="97" sc="9" el="97" ec="10" bec="0" bev="0" fileid="68" />
              </SequencePoints>
              <BranchPoints>
                <BranchPoint vc="0" uspid="15417" ordinal="0" offset="6" sl="80" path="0" offsetchain="8" offsetend="10" fileid="68" />
                <BranchPoint vc="0" uspid="15418" ordinal="1" offset="6" sl="80" path="1" offsetend="48" fileid="68" />
                <BranchPoint vc="0" uspid="15419" ordinal="2" offset="12" sl="80" path="0" offsetchain="14" offsetend="84" fileid="68" />
                <BranchPoint vc="0" uspid="15420" ordinal="3" offset="12" sl="80" path="1" offsetend="16" fileid="68" />
              </BranchPoints>
              <MethodPoint xsi:type="SequencePoint" vc="0" uspid="15404" ordinal="0" offset="0" sl="79" sc="9" el="79" ec="10" bec="0" bev="0" fileid="68" />
            </Method>
          </Methods>
        </Class>
        <Class>
          <Summary numSequencePoints="100" visitedSequencePoints="0" numBranchPoints="18" visitedBranchPoints="0" sequenceCoverage="0" branchCoverage="0" maxCyclomaticComplexity="2" minCyclomaticComplexity="1" maxCrapScore="6" minCrapScore="2" visitedClasses="0" numClasses="1" visitedMethods="0" numMethods="14" />
          <FullName>ExMat.Attributes.ExNativeParamBase</FullName>
          <Methods>
            <Method visited="false" cyclomaticComplexity="1" nPathComplexity="0" sequenceCoverage="0" branchCoverage="0" crapScore="2" isConstructor="true" isStatic="false" isGetter="false" isSetter="false">
              <Summary numSequencePoints="3" visitedSequencePoints="0" numBranchPoints="1" visitedBranchPoints="0" sequenceCoverage="0" branchCoverage="0" maxCyclomaticComplexity="1" minCyclomaticComplexity="1" maxCrapScore="2" minCrapScore="2" visitedClasses="0" numClasses="0" visitedMethods="0" numMethods="1" />
              <MetadataToken>100664071</MetadataToken>
              <Name>System.Void ExMat.Attributes.ExNativeParamBase::.ctor()</Name>
              <FileRef uid="69" />
              <SequencePoints>
                <SequencePoint vc="0" uspid="15421" ordinal="0" offset="0" sl="46" sc="9" el="46" ec="35" bec="0" bev="0" fileid="69" />
                <SequencePoint vc="0" uspid="15422" ordinal="1" offset="7" sl="46" sc="36" el="46" ec="37" bec="0" bev="0" fileid="69" />
                <SequencePoint vc="0" uspid="15423" ordinal="2" offset="8" sl="46" sc="38" el="46" ec="39" bec="0" bev="0" fileid="69" />
              </SequencePoints>
              <BranchPoints />
              <MethodPoint xsi:type="SequencePoint" vc="0" uspid="15421" ordinal="0" offset="0" sl="46" sc="9" el="46" ec="35" bec="0" bev="0" fileid="69" />
            </Method>
            <Method visited="false" cyclomaticComplexity="1" nPathComplexity="0" sequenceCoverage="0" branchCoverage="0" crapScore="2" isConstructor="true" isStatic="false" isGetter="false" isSetter="false">
              <Summary numSequencePoints="7" visitedSequencePoints="0" numBranchPoints="1" visitedBranchPoints="0" sequenceCoverage="0" branchCoverage="0" maxCyclomaticComplexity="1" minCyclomaticComplexity="1" maxCrapScore="2" minCrapScore="2" visitedClasses="0" numClasses="0" visitedMethods="0" numMethods="1" />
              <MetadataToken>100664072</MetadataToken>
              <Name>System.Void ExMat.Attributes.ExNativeParamBase::.ctor(System.Int32,System.String,System.String,System.String)</Name>
              <FileRef uid="69" />
              <SequencePoints>
                <SequencePoint vc="0" uspid="15424" ordinal="0" offset="0" sl="55" sc="9" el="55" ec="92" bec="0" bev="0" fileid="69" />
                <SequencePoint vc="0" uspid="15425" ordinal="1" offset="7" sl="56" sc="9" el="56" ec="10" bec="0" bev="0" fileid="69" />
                <SequencePoint vc="0" uspid="15426" ordinal="2" offset="8" sl="57" sc="13" el="57" ec="25" bec="0" bev="0" fileid="69" />
                <SequencePoint vc="0" uspid="15427" ordinal="3" offset="15" sl="58" sc="13" el="58" ec="25" bec="0" bev="0" fileid="69" />
                <SequencePoint vc="0" uspid="15428" ordinal="4" offset="22" sl="59" sc="13" el="59" ec="33" bec="0" bev="0" fileid="69" />
                <SequencePoint vc="0" uspid="15429" ordinal="5" offset="29" sl="60" sc="13" el="60" ec="39" bec="0" bev="0" fileid="69" />
                <SequencePoint vc="0" uspid="15430" ordinal="6" offset="37" sl="61" sc="9" el="61" ec="10" bec="0" bev="0" fileid="69" />
              </SequencePoints>
              <BranchPoints />
              <MethodPoint xsi:type="SequencePoint" vc="0" uspid="15424" ordinal="0" offset="0" sl="55" sc="9" el="55" ec="92" bec="0" bev="0" fileid="69" />
            </Method>
            <Method visited="false" cyclomaticComplexity="1" nPathComplexity="0" sequenceCoverage="0" branchCoverage="0" crapScore="2" isConstructor="true" isStatic="false" isGetter="false" isSetter="false">
              <Summary numSequencePoints="8" visitedSequencePoints="0" numBranchPoints="1" visitedBranchPoints="0" sequenceCoverage="0" branchCoverage="0" maxCyclomaticComplexity="1" minCyclomaticComplexity="1" maxCrapScore="2" minCrapScore="2" visitedClasses="0" numClasses="0" visitedMethods="0" numMethods="1" />
              <MetadataToken>100664073</MetadataToken>
              <Name>System.Void ExMat.Attributes.ExNativeParamBase::.ctor(System.Int32,System.String,System.String,System.String,System.Char)</Name>
              <FileRef uid="69" />
              <SequencePoints>
                <SequencePoint vc="0" uspid="15431" ordinal="0" offset="0" sl="72" sc="9" el="72" ec="110" bec="0" bev="0" fileid="69" />
                <SequencePoint vc="0" uspid="15432" ordinal="1" offset="7" sl="73" sc="9" el="73" ec="10" bec="0" bev="0" fileid="69" />
                <SequencePoint vc="0" uspid="15433" ordinal="2" offset="8" sl="74" sc="13" el="74" ec="25" bec="0" bev="0" fileid="69" />
                <SequencePoint vc="0" uspid="15434" ordinal="3" offset="15" sl="75" sc="13" el="75" ec="25" bec="0" bev="0" fileid="69" />
                <SequencePoint vc="0" uspid="15435" ordinal="4" offset="22" sl="76" sc="13" el="76" ec="33" bec="0" bev="0" fileid="69" />
                <SequencePoint vc="0" uspid="15436" ordinal="5" offset="29" sl="77" sc="13" el="77" ec="39" bec="0" bev="0" fileid="69" />
                <SequencePoint vc="0" uspid="15437" ordinal="6" offset="37" sl="78" sc="13" el="78" ec="34" bec="0" bev="0" fileid="69" />
                <SequencePoint vc="0" uspid="15438" ordinal="7" offset="48" sl="79" sc="9" el="79" ec="10" bec="0" bev="0" fileid="69" />
              </SequencePoints>
              <BranchPoints />
              <MethodPoint xsi:type="SequencePoint" vc="0" uspid="15431" ordinal="0" offset="0" sl="72" sc="9" el="72" ec="110" bec="0" bev="0" fileid="69" />
            </Method>
            <Method visited="false" cyclomaticComplexity="2" nPathComplexity="2" sequenceCoverage="0" branchCoverage="0" crapScore="6" isConstructor="true" isStatic="false" isGetter="false" isSetter="false">
              <Summary numSequencePoints="8" visitedSequencePoints="0" numBranchPoints="3" visitedBranchPoints="0" sequenceCoverage="0" branchCoverage="0" maxCyclomaticComplexity="2" minCyclomaticComplexity="2" maxCrapScore="6" minCrapScore="6" visitedClasses="0" numClasses="0" visitedMethods="0" numMethods="1" />
              <MetadataToken>100664074</MetadataToken>
              <Name>System.Void ExMat.Attributes.ExNativeParamBase::.ctor(System.Int32,System.String,System.String,System.String,System.String)</Name>
              <FileRef uid="69" />
              <SequencePoints>
                <SequencePoint vc="0" uspid="15439" ordinal="0" offset="0" sl="89" sc="9" el="89" ec="104" bec="0" bev="0" fileid="69" />
                <SequencePoint vc="0" uspid="15440" ordinal="1" offset="7" sl="90" sc="9" el="90" ec="10" bec="0" bev="0" fileid="69" />
                <SequencePoint vc="0" uspid="15441" ordinal="2" offset="8" sl="91" sc="13" el="91" ec="25" bec="0" bev="0" fileid="69" />
                <SequencePoint vc="0" uspid="15442" ordinal="3" offset="15" sl="92" sc="13" el="92" ec="25" bec="0" bev="0" fileid="69" />
                <SequencePoint vc="0" uspid="15443" ordinal="4" offset="22" sl="93" sc="13" el="93" ec="33" bec="0" bev="0" fileid="69" />
                <SequencePoint vc="0" uspid="15444" ordinal="5" offset="29" sl="94" sc="13" el="94" ec="39" bec="0" bev="0" fileid="69" />
                <SequencePoint vc="0" uspid="15445" ordinal="6" offset="37" sl="95" sc="13" el="95" ec="63" bec="2" bev="0" fileid="69" />
                <SequencePoint vc="0" uspid="15446" ordinal="7" offset="61" sl="96" sc="9" el="96" ec="10" bec="0" bev="0" fileid="69" />
              </SequencePoints>
              <BranchPoints>
                <BranchPoint vc="0" uspid="15447" ordinal="0" offset="40" sl="95" path="0" offsetend="42" fileid="69" />
                <BranchPoint vc="0" uspid="15448" ordinal="1" offset="40" sl="95" path="1" offsetend="51" fileid="69" />
              </BranchPoints>
              <MethodPoint xsi:type="SequencePoint" vc="0" uspid="15439" ordinal="0" offset="0" sl="89" sc="9" el="89" ec="104" bec="0" bev="0" fileid="69" />
            </Method>
            <Method visited="false" cyclomaticComplexity="1" nPathComplexity="0" sequenceCoverage="0" branchCoverage="0" crapScore="2" isConstructor="true" isStatic="false" isGetter="false" isSetter="false">
              <Summary numSequencePoints="8" visitedSequencePoints="0" numBranchPoints="1" visitedBranchPoints="0" sequenceCoverage="0" branchCoverage="0" maxCyclomaticComplexity="1" minCyclomaticComplexity="1" maxCrapScore="2" minCrapScore="2" visitedClasses="0" numClasses="0" visitedMethods="0" numMethods="1" />
              <MetadataToken>100664075</MetadataToken>
              <Name>System.Void ExMat.Attributes.ExNativeParamBase::.ctor(System.Int32,System.String,System.String,System.String,System.Int64)</Name>
              <FileRef uid="69" />
              <SequencePoints>
                <SequencePoint vc="0" uspid="15449" ordinal="0" offset="0" sl="106" sc="9" el="106" ec="102" bec="0" bev="0" fileid="69" />
                <SequencePoint vc="0" uspid="15450" ordinal="1" offset="7" sl="107" sc="9" el="107" ec="10" bec="0" bev="0" fileid="69" />
                <SequencePoint vc="0" uspid="15451" ordinal="2" offset="8" sl="108" sc="13" el="108" ec="25" bec="0" bev="0" fileid="69" />
                <SequencePoint vc="0" uspid="15452" ordinal="3" offset="15" sl="109" sc="13" el="109" ec="25" bec="0" bev="0" fileid="69" />
                <SequencePoint vc="0" uspid="15453" ordinal="4" offset="22" sl="110" sc="13" el="110" ec="33" bec="0" bev="0" fileid="69" />
                <SequencePoint vc="0" uspid="15454" ordinal="5" offset="29" sl="111" sc="13" el="111" ec="39" bec="0" bev="0" fileid="69" />
                <SequencePoint vc="0" uspid="15455" ordinal="6" offset="37" sl="112" sc="13" el="112" ec="37" bec="0" bev="0" fileid="69" />
                <SequencePoint vc="0" uspid="15456" ordinal="7" offset="50" sl="113" sc="9" el="113" ec="10" bec="0" bev="0" fileid="69" />
              </SequencePoints>
              <BranchPoints />
              <MethodPoint xsi:type="SequencePoint" vc="0" uspid="15449" ordinal="0" offset="0" sl="106" sc="9" el="106" ec="102" bec="0" bev="0" fileid="69" />
            </Method>
            <Method visited="false" cyclomaticComplexity="1" nPathComplexity="0" sequenceCoverage="0" branchCoverage="0" crapScore="2" isConstructor="true" isStatic="false" isGetter="false" isSetter="false">
              <Summary numSequencePoints="8" visitedSequencePoints="0" numBranchPoints="1" visitedBranchPoints="0" sequenceCoverage="0" branchCoverage="0" maxCyclomaticComplexity="1" minCyclomaticComplexity="1" maxCrapScore="2" minCrapScore="2" visitedClasses="0" numClasses="0" visitedMethods="0" numMethods="1" />
              <MetadataToken>100664076</MetadataToken>
              <Name>System.Void ExMat.Attributes.ExNativeParamBase::.ctor(System.Int32,System.String,System.String,System.String,System.Double)</Name>
              <FileRef uid="69" />
              <SequencePoints>
                <SequencePoint vc="0" uspid="15457" ordinal="0" offset="0" sl="123" sc="9" el="123" ec="104" bec="0" bev="0" fileid="69" />
                <SequencePoint vc="0" uspid="15458" ordinal="1" offset="7" sl="124" sc="9" el="124" ec="10" bec="0" bev="0" fileid="69" />
                <SequencePoint vc="0" uspid="15459" ordinal="2" offset="8" sl="125" sc="13" el="125" ec="25" bec="0" bev="0" fileid="69" />
                <SequencePoint vc="0" uspid="15460" ordinal="3" offset="15" sl="126" sc="13" el="126" ec="25" bec="0" bev="0" fileid="69" />
                <SequencePoint vc="0" uspid="15461" ordinal="4" offset="22" sl="127" sc="13" el="127" ec="33" bec="0" bev="0" fileid="69" />
                <SequencePoint vc="0" uspid="15462" ordinal="5" offset="29" sl="128" sc="13" el="128" ec="39" bec="0" bev="0" fileid="69" />
                <SequencePoint vc="0" uspid="15463" ordinal="6" offset="37" sl="129" sc="13" el="129" ec="37" bec="0" bev="0" fileid="69" />
                <SequencePoint vc="0" uspid="15464" ordinal="7" offset="50" sl="130" sc="9" el="130" ec="10" bec="0" bev="0" fileid="69" />
              </SequencePoints>
              <BranchPoints />
              <MethodPoint xsi:type="SequencePoint" vc="0" uspid="15457" ordinal="0" offset="0" sl="123" sc="9" el="123" ec="104" bec="0" bev="0" fileid="69" />
            </Method>
            <Method visited="false" cyclomaticComplexity="1" nPathComplexity="0" sequenceCoverage="0" branchCoverage="0" crapScore="2" isConstructor="true" isStatic="false" isGetter="false" isSetter="false">
              <Summary numSequencePoints="8" visitedSequencePoints="0" numBranchPoints="1" visitedBranchPoints="0" sequenceCoverage="0" branchCoverage="0" maxCyclomaticComplexity="1" minCyclomaticComplexity="1" maxCrapScore="2" minCrapScore="2" visitedClasses="0" numClasses="0" visitedMethods="0" numMethods="1" />
              <MetadataToken>100664077</MetadataToken>
              <Name>System.Void ExMat.Attributes.ExNativeParamBase::.ctor(System.Int32,System.String,System.String,System.String,System.Boolean)</Name>
              <FileRef uid="69" />
              <SequencePoints>
                <SequencePoint vc="0" uspid="15465" ordinal="0" offset="0" sl="140" sc="9" el="140" ec="102" bec="0" bev="0" fileid="69" />
                <SequencePoint vc="0" uspid="15466" ordinal="1" offset="7" sl="141" sc="9" el="141" ec="10" bec="0" bev="0" fileid="69" />
                <SequencePoint vc="0" uspid="15467" ordinal="2" offset="8" sl="142" sc="13" el="142" ec="25" bec="0" bev="0" fileid="69" />
                <SequencePoint vc="0" uspid="15468" ordinal="3" offset="15" sl="143" sc="13" el="143" ec="25" bec="0" bev="0" fileid="69" />
                <SequencePoint vc="0" uspid="15469" ordinal="4" offset="22" sl="144" sc="13" el="144" ec="33" bec="0" bev="0" fileid="69" />
                <SequencePoint vc="0" uspid="15470" ordinal="5" offset="29" sl="145" sc="13" el="145" ec="39" bec="0" bev="0" fileid="69" />
                <SequencePoint vc="0" uspid="15471" ordinal="6" offset="37" sl="146" sc="13" el="146" ec="37" bec="0" bev="0" fileid="69" />
                <SequencePoint vc="0" uspid="15472" ordinal="7" offset="50" sl="147" sc="9" el="147" ec="10" bec="0" bev="0" fileid="69" />
              </SequencePoints>
              <BranchPoints />
              <MethodPoint xsi:type="SequencePoint" vc="0" uspid="15465" ordinal="0" offset="0" sl="140" sc="9" el="140" ec="102" bec="0" bev="0" fileid="69" />
            </Method>
            <Method visited="false" cyclomaticComplexity="1" nPathComplexity="0" sequenceCoverage="0" branchCoverage="0" crapScore="2" isConstructor="true" isStatic="false" isGetter="false" isSetter="false">
              <Summary numSequencePoints="7" visitedSequencePoints="0" numBranchPoints="1" visitedBranchPoints="0" sequenceCoverage="0" branchCoverage="0" maxCyclomaticComplexity="1" minCyclomaticComplexity="1" maxCrapScore="2" minCrapScore="2" visitedClasses="0" numClasses="0" visitedMethods="0" numMethods="1" />
              <MetadataToken>100664078</MetadataToken>
              <Name>System.Void ExMat.Attributes.ExNativeParamBase::.ctor(System.Int32,System.String,ExMat.ExBaseType,System.String)</Name>
              <FileRef uid="69" />
              <SequencePoints>
                <SequencePoint vc="0" uspid="15473" ordinal="0" offset="0" sl="156" sc="9" el="156" ec="96" bec="0" bev="0" fileid="69" />
                <SequencePoint vc="0" uspid="15474" ordinal="1" offset="7" sl="157" sc="9" el="157" ec="10" bec="0" bev="0" fileid="69" />
                <SequencePoint vc="0" uspid="15475" ordinal="2" offset="8" sl="158" sc="13" el="158" ec="25" bec="0" bev="0" fileid="69" />
                <SequencePoint vc="0" uspid="15476" ordinal="3" offset="15" sl="159" sc="13" el="159" ec="25" bec="0" bev="0" fileid="69" />
                <SequencePoint vc="0" uspid="15477" ordinal="4" offset="22" sl="160" sc="13" el="160" ec="66" bec="0" bev="0" fileid="69" />
                <SequencePoint vc="0" uspid="15478" ordinal="5" offset="34" sl="161" sc="13" el="161" ec="39" bec="0" bev="0" fileid="69" />
                <SequencePoint vc="0" uspid="15479" ordinal="6" offset="42" sl="162" sc="9" el="162" ec="10" bec="0" bev="0" fileid="69" />
              </SequencePoints>
              <BranchPoints />
              <MethodPoint xsi:type="SequencePoint" vc="0" uspid="15473" ordinal="0" offset="0" sl="156" sc="9" el="156" ec="96" bec="0" bev="0" fileid="69" />
            </Method>
            <Method visited="false" cyclomaticComplexity="1" nPathComplexity="0" sequenceCoverage="0" branchCoverage="0" crapScore="2" isConstructor="true" isStatic="false" isGetter="false" isSetter="false">
              <Summary numSequencePoints="8" visitedSequencePoints="0" numBranchPoints="1" visitedBranchPoints="0" sequenceCoverage="0" branchCoverage="0" maxCyclomaticComplexity="1" minCyclomaticComplexity="1" maxCrapScore="2" minCrapScore="2" visitedClasses="0" numClasses="0" visitedMethods="0" numMethods="1" />
              <MetadataToken>100664079</MetadataToken>
              <Name>System.Void ExMat.Attributes.ExNativeParamBase::.ctor(System.Int32,System.String,ExMat.ExBaseType,System.String,System.Char)</Name>
              <FileRef uid="69" />
              <SequencePoints>
                <SequencePoint vc="0" uspid="15480" ordinal="0" offset="0" sl="173" sc="9" el="173" ec="114" bec="0" bev="0" fileid="69" />
                <SequencePoint vc="0" uspid="15481" ordinal="1" offset="7" sl="174" sc="9" el="174" ec="10" bec="0" bev="0" fileid="69" />
                <SequencePoint vc="0" uspid="15482" ordinal="2" offset="8" sl="175" sc="13" el="175" ec="25" bec="0" bev="0" fileid="69" />
                <SequencePoint vc="0" uspid="15483" ordinal="3" offset="15" sl="176" sc="13" el="176" ec="25" bec="0" bev="0" fileid="69" />
                <SequencePoint vc="0" uspid="15484" ordinal="4" offset="22" sl="177" sc="13" el="177" ec="66" bec="0" bev="0" fileid="69" />
                <SequencePoint vc="0" uspid="15485" ordinal="5" offset="34" sl="178" sc="13" el="178" ec="39" bec="0" bev="0" fileid="69" />
                <SequencePoint vc="0" uspid="15486" ordinal="6" offset="42" sl="179" sc="13" el="179" ec="34" bec="0" bev="0" fileid="69" />
                <SequencePoint vc="0" uspid="15487" ordinal="7" offset="53" sl="180" sc="9" el="180" ec="10" bec="0" bev="0" fileid="69" />
              </SequencePoints>
              <BranchPoints />
              <MethodPoint xsi:type="SequencePoint" vc="0" uspid="15480" ordinal="0" offset="0" sl="173" sc="9" el="173" ec="114" bec="0" bev="0" fileid="69" />
            </Method>
            <Method visited="false" cyclomaticComplexity="2" nPathComplexity="2" sequenceCoverage="0" branchCoverage="0" crapScore="6" isConstructor="true" isStatic="false" isGetter="false" isSetter="false">
              <Summary numSequencePoints="8" visitedSequencePoints="0" numBranchPoints="3" visitedBranchPoints="0" sequenceCoverage="0" branchCoverage="0" maxCyclomaticComplexity="2" minCyclomaticComplexity="2" maxCrapScore="6" minCrapScore="6" visitedClasses="0" numClasses="0" visitedMethods="0" numMethods="1" />
              <MetadataToken>100664080</MetadataToken>
              <Name>System.Void ExMat.Attributes.ExNativeParamBase::.ctor(System.Int32,System.String,ExMat.ExBaseType,System.String,System.String)</Name>
              <FileRef uid="69" />
              <SequencePoints>
                <SequencePoint vc="0" uspid="15488" ordinal="0" offset="0" sl="190" sc="9" el="190" ec="108" bec="0" bev="0" fileid="69" />
                <SequencePoint vc="0" uspid="15489" ordinal="1" offset="7" sl="191" sc="9" el="191" ec="10" bec="0" bev="0" fileid="69" />
                <SequencePoint vc="0" uspid="15490" ordinal="2" offset="8" sl="192" sc="13" el="192" ec="25" bec="0" bev="0" fileid="69" />
                <SequencePoint vc="0" uspid="15491" ordinal="3" offset="15" sl="193" sc="13" el="193" ec="25" bec="0" bev="0" fileid="69" />
                <SequencePoint vc="0" uspid="15492" ordinal="4" offset="22" sl="194" sc="13" el="194" ec="66" bec="0" bev="0" fileid="69" />
                <SequencePoint vc="0" uspid="15493" ordinal="5" offset="34" sl="195" sc="13" el="195" ec="39" bec="0" bev="0" fileid="69" />
                <SequencePoint vc="0" uspid="15494" ordinal="6" offset="42" sl="196" sc="13" el="196" ec="63" bec="2" bev="0" fileid="69" />
                <SequencePoint vc="0" uspid="15495" ordinal="7" offset="66" sl="197" sc="9" el="197" ec="10" bec="0" bev="0" fileid="69" />
              </SequencePoints>
              <BranchPoints>
                <BranchPoint vc="0" uspid="15496" ordinal="0" offset="45" sl="196" path="0" offsetend="47" fileid="69" />
                <BranchPoint vc="0" uspid="15497" ordinal="1" offset="45" sl="196" path="1" offsetend="56" fileid="69" />
              </BranchPoints>
              <MethodPoint xsi:type="SequencePoint" vc="0" uspid="15488" ordinal="0" offset="0" sl="190" sc="9" el="190" ec="108" bec="0" bev="0" fileid="69" />
            </Method>
            <Method visited="false" cyclomaticComplexity="1" nPathComplexity="0" sequenceCoverage="0" branchCoverage="0" crapScore="2" isConstructor="true" isStatic="false" isGetter="false" isSetter="false">
              <Summary numSequencePoints="8" visitedSequencePoints="0" numBranchPoints="1" visitedBranchPoints="0" sequenceCoverage="0" branchCoverage="0" maxCyclomaticComplexity="1" minCyclomaticComplexity="1" maxCrapScore="2" minCrapScore="2" visitedClasses="0" numClasses="0" visitedMethods="0" numMethods="1" />
              <MetadataToken>100664081</MetadataToken>
              <Name>System.Void ExMat.Attributes.ExNativeParamBase::.ctor(System.Int32,System.String,ExMat.ExBaseType,System.String,System.Int64)</Name>
              <FileRef uid="69" />
              <SequencePoints>
                <SequencePoint vc="0" uspid="15498" ordinal="0" offset="0" sl="207" sc="9" el="207" ec="106" bec="0" bev="0" fileid="69" />
                <SequencePoint vc="0" uspid="15499" ordinal="1" offset="7" sl="208" sc="9" el="208" ec="10" bec="0" bev="0" fileid="69" />
                <SequencePoint vc="0" uspid="15500" ordinal="2" offset="8" sl="209" sc="13" el="209" ec="25" bec="0" bev="0" fileid="69" />
                <SequencePoint vc="0" uspid="15501" ordinal="3" offset="15" sl="210" sc="13" el="210" ec="25" bec="0" bev="0" fileid="69" />
                <SequencePoint vc="0" uspid="15502" ordinal="4" offset="22" sl="211" sc="13" el="211" ec="66" bec="0" bev="0" fileid="69" />
                <SequencePoint vc="0" uspid="15503" ordinal="5" offset="34" sl="212" sc="13" el="212" ec="39" bec="0" bev="0" fileid="69" />
                <SequencePoint vc="0" uspid="15504" ordinal="6" offset="42" sl="213" sc="13" el="213" ec="37" bec="0" bev="0" fileid="69" />
                <SequencePoint vc="0" uspid="15505" ordinal="7" offset="55" sl="214" sc="9" el="214" ec="10" bec="0" bev="0" fileid="69" />
              </SequencePoints>
              <BranchPoints />
              <MethodPoint xsi:type="SequencePoint" vc="0" uspid="15498" ordinal="0" offset="0" sl="207" sc="9" el="207" ec="106" bec="0" bev="0" fileid="69" />
            </Method>
            <Method visited="false" cyclomaticComplexity="1" nPathComplexity="0" sequenceCoverage="0" branchCoverage="0" crapScore="2" isConstructor="true" isStatic="false" isGetter="false" isSetter="false">
              <Summary numSequencePoints="8" visitedSequencePoints="0" numBranchPoints="1" visitedBranchPoints="0" sequenceCoverage="0" branchCoverage="0" maxCyclomaticComplexity="1" minCyclomaticComplexity="1" maxCrapScore="2" minCrapScore="2" visitedClasses="0" numClasses="0" visitedMethods="0" numMethods="1" />
              <MetadataToken>100664082</MetadataToken>
              <Name>System.Void ExMat.Attributes.ExNativeParamBase::.ctor(System.Int32,System.String,ExMat.ExBaseType,System.String,System.Double)</Name>
              <FileRef uid="69" />
              <SequencePoints>
                <SequencePoint vc="0" uspid="15506" ordinal="0" offset="0" sl="224" sc="9" el="224" ec="108" bec="0" bev="0" fileid="69" />
                <SequencePoint vc="0" uspid="15507" ordinal="1" offset="7" sl="225" sc="9" el="225" ec="10" bec="0" bev="0" fileid="69" />
                <SequencePoint vc="0" uspid="15508" ordinal="2" offset="8" sl="226" sc="13" el="226" ec="25" bec="0" bev="0" fileid="69" />
                <SequencePoint vc="0" uspid="15509" ordinal="3" offset="15" sl="227" sc="13" el="227" ec="25" bec="0" bev="0" fileid="69" />
                <SequencePoint vc="0" uspid="15510" ordinal="4" offset="22" sl="228" sc="13" el="228" ec="66" bec="0" bev="0" fileid="69" />
                <SequencePoint vc="0" uspid="15511" ordinal="5" offset="34" sl="229" sc="13" el="229" ec="39" bec="0" bev="0" fileid="69" />
                <SequencePoint vc="0" uspid="15512" ordinal="6" offset="42" sl="230" sc="13" el="230" ec="37" bec="0" bev="0" fileid="69" />
                <SequencePoint vc="0" uspid="15513" ordinal="7" offset="55" sl="231" sc="9" el="231" ec="10" bec="0" bev="0" fileid="69" />
              </SequencePoints>
              <BranchPoints />
              <MethodPoint xsi:type="SequencePoint" vc="0" uspid="15506" ordinal="0" offset="0" sl="224" sc="9" el="224" ec="108" bec="0" bev="0" fileid="69" />
            </Method>
            <Method visited="false" cyclomaticComplexity="1" nPathComplexity="0" sequenceCoverage="0" branchCoverage="0" crapScore="2" isConstructor="true" isStatic="false" isGetter="false" isSetter="false">
              <Summary numSequencePoints="8" visitedSequencePoints="0" numBranchPoints="1" visitedBranchPoints="0" sequenceCoverage="0" branchCoverage="0" maxCyclomaticComplexity="1" minCyclomaticComplexity="1" maxCrapScore="2" minCrapScore="2" visitedClasses="0" numClasses="0" visitedMethods="0" numMethods="1" />
              <MetadataToken>100664083</MetadataToken>
              <Name>System.Void ExMat.Attributes.ExNativeParamBase::.ctor(System.Int32,System.String,ExMat.ExBaseType,System.String,System.Boolean)</Name>
              <FileRef uid="69" />
              <SequencePoints>
                <SequencePoint vc="0" uspid="15514" ordinal="0" offset="0" sl="241" sc="9" el="241" ec="106" bec="0" bev="0" fileid="69" />
                <SequencePoint vc="0" uspid="15515" ordinal="1" offset="7" sl="242" sc="9" el="242" ec="10" bec="0" bev="0" fileid="69" />
                <SequencePoint vc="0" uspid="15516" ordinal="2" offset="8" sl="243" sc="13" el="243" ec="25" bec="0" bev="0" fileid="69" />
                <SequencePoint vc="0" uspid="15517" ordinal="3" offset="15" sl="244" sc="13" el="244" ec="25" bec="0" bev="0" fileid="69" />
                <SequencePoint vc="0" uspid="15518" ordinal="4" offset="22" sl="245" sc="13" el="245" ec="66" bec="0" bev="0" fileid="69" />
                <SequencePoint vc="0" uspid="15519" ordinal="5" offset="34" sl="246" sc="13" el="246" ec="39" bec="0" bev="0" fileid="69" />
                <SequencePoint vc="0" uspid="15520" ordinal="6" offset="42" sl="247" sc="13" el="247" ec="37" bec="0" bev="0" fileid="69" />
                <SequencePoint vc="0" uspid="15521" ordinal="7" offset="55" sl="248" sc="9" el="248" ec="10" bec="0" bev="0" fileid="69" />
              </SequencePoints>
              <BranchPoints />
              <MethodPoint xsi:type="SequencePoint" vc="0" uspid="15514" ordinal="0" offset="0" sl="241" sc="9" el="241" ec="106" bec="0" bev="0" fileid="69" />
            </Method>
            <Method visited="false" cyclomaticComplexity="1" nPathComplexity="0" sequenceCoverage="0" branchCoverage="0" crapScore="2" isConstructor="false" isStatic="false" isGetter="false" isSetter="false">
              <Summary numSequencePoints="3" visitedSequencePoints="0" numBranchPoints="1" visitedBranchPoints="0" sequenceCoverage="0" branchCoverage="0" maxCyclomaticComplexity="1" minCyclomaticComplexity="1" maxCrapScore="2" minCrapScore="2" visitedClasses="0" numClasses="0" visitedMethods="0" numMethods="1" />
              <MetadataToken>100664084</MetadataToken>
              <Name>System.String ExMat.Attributes.ExNativeParamBase::GetDebuggerDisplay()</Name>
              <FileRef uid="69" />
              <SequencePoints>
                <SequencePoint vc="0" uspid="15522" ordinal="0" offset="0" sl="252" sc="9" el="252" ec="10" bec="0" bev="0" fileid="69" />
                <SequencePoint vc="0" uspid="15523" ordinal="1" offset="1" sl="253" sc="13" el="253" ec="42" bec="0" bev="0" fileid="69" />
                <SequencePoint vc="0" uspid="15524" ordinal="2" offset="20" sl="254" sc="9" el="254" ec="10" bec="0" bev="0" fileid="69" />
              </SequencePoints>
              <BranchPoints />
              <MethodPoint xsi:type="SequencePoint" vc="0" uspid="15522" ordinal="0" offset="0" sl="252" sc="9" el="252" ec="10" bec="0" bev="0" fileid="69" />
            </Method>
          </Methods>
        </Class>
        <Class>
          <Summary numSequencePoints="4" visitedSequencePoints="0" numBranchPoints="1" visitedBranchPoints="0" sequenceCoverage="0" branchCoverage="0" maxCyclomaticComplexity="1" minCyclomaticComplexity="1" maxCrapScore="2" minCrapScore="2" visitedClasses="0" numClasses="1" visitedMethods="0" numMethods="1" />
          <FullName>ExMat.Attributes.ExStdLibBase</FullName>
          <Methods>
            <Method visited="false" cyclomaticComplexity="1" nPathComplexity="0" sequenceCoverage="0" branchCoverage="0" crapScore="2" isConstructor="true" isStatic="false" isGetter="false" isSetter="false">
              <Summary numSequencePoints="4" visitedSequencePoints="0" numBranchPoints="1" visitedBranchPoints="0" sequenceCoverage="0" branchCoverage="0" maxCyclomaticComplexity="1" minCyclomaticComplexity="1" maxCrapScore="2" minCrapScore="2" visitedClasses="0" numClasses="0" visitedMethods="0" numMethods="1" />
              <MetadataToken>100664085</MetadataToken>
              <Name>System.Void ExMat.Attributes.ExStdLibBase::.ctor(ExMat.ExStdLibType)</Name>
              <FileRef uid="70" />
              <SequencePoints>
                <SequencePoint vc="0" uspid="15525" ordinal="0" offset="0" sl="20" sc="9" el="20" ec="47" bec="0" bev="0" fileid="70" />
                <SequencePoint vc="0" uspid="15526" ordinal="1" offset="7" sl="21" sc="9" el="21" ec="10" bec="0" bev="0" fileid="70" />
                <SequencePoint vc="0" uspid="15527" ordinal="2" offset="8" sl="22" sc="13" el="22" ec="25" bec="0" bev="0" fileid="70" />
                <SequencePoint vc="0" uspid="15528" ordinal="3" offset="15" sl="23" sc="9" el="23" ec="10" bec="0" bev="0" fileid="70" />
              </SequencePoints>
              <BranchPoints />
              <MethodPoint xsi:type="SequencePoint" vc="0" uspid="15525" ordinal="0" offset="0" sl="20" sc="9" el="20" ec="47" bec="0" bev="0" fileid="70" />
            </Method>
          </Methods>
        </Class>
        <Class>
          <Summary numSequencePoints="9" visitedSequencePoints="0" numBranchPoints="2" visitedBranchPoints="0" sequenceCoverage="0" branchCoverage="0" maxCyclomaticComplexity="1" minCyclomaticComplexity="1" maxCrapScore="2" minCrapScore="2" visitedClasses="0" numClasses="1" visitedMethods="0" numMethods="2" />
          <FullName>ExMat.Attributes.ExStdLibConstDict</FullName>
          <Methods>
            <Method visited="false" cyclomaticComplexity="1" nPathComplexity="0" sequenceCoverage="0" branchCoverage="0" crapScore="2" isConstructor="true" isStatic="false" isGetter="false" isSetter="false">
              <Summary numSequencePoints="4" visitedSequencePoints="0" numBranchPoints="1" visitedBranchPoints="0" sequenceCoverage="0" branchCoverage="0" maxCyclomaticComplexity="1" minCyclomaticComplexity="1" maxCrapScore="2" minCrapScore="2" visitedClasses="0" numClasses="0" visitedMethods="0" numMethods="1" />
              <MetadataToken>100664086</MetadataToken>
              <Name>System.Void ExMat.Attributes.ExStdLibConstDict::.ctor()</Name>
              <FileRef uid="71" />
              <SequencePoints>
                <SequencePoint vc="0" uspid="15529" ordinal="0" offset="0" sl="17" sc="9" el="17" ec="43" bec="0" bev="0" fileid="71" />
                <SequencePoint vc="0" uspid="15530" ordinal="1" offset="11" sl="22" sc="9" el="22" ec="35" bec="0" bev="0" fileid="71" />
                <SequencePoint vc="0" uspid="15531" ordinal="2" offset="18" sl="23" sc="9" el="23" ec="10" bec="0" bev="0" fileid="71" />
                <SequencePoint vc="0" uspid="15532" ordinal="3" offset="19" sl="25" sc="9" el="25" ec="10" bec="0" bev="0" fileid="71" />
              </SequencePoints>
              <BranchPoints />
              <MethodPoint xsi:type="SequencePoint" vc="0" uspid="15529" ordinal="0" offset="0" sl="17" sc="9" el="17" ec="43" bec="0" bev="0" fileid="71" />
            </Method>
            <Method visited="false" cyclomaticComplexity="1" nPathComplexity="0" sequenceCoverage="0" branchCoverage="0" crapScore="2" isConstructor="true" isStatic="false" isGetter="false" isSetter="false">
              <Summary numSequencePoints="5" visitedSequencePoints="0" numBranchPoints="1" visitedBranchPoints="0" sequenceCoverage="0" branchCoverage="0" maxCyclomaticComplexity="1" minCyclomaticComplexity="1" maxCrapScore="2" minCrapScore="2" visitedClasses="0" numClasses="0" visitedMethods="0" numMethods="1" />
              <MetadataToken>100664087</MetadataToken>
              <Name>System.Void ExMat.Attributes.ExStdLibConstDict::.ctor(System.String)</Name>
              <FileRef uid="71" />
              <SequencePoints>
                <SequencePoint vc="0" uspid="15533" ordinal="0" offset="0" sl="17" sc="9" el="17" ec="43" bec="0" bev="0" fileid="71" />
                <SequencePoint vc="0" uspid="15534" ordinal="1" offset="11" sl="31" sc="9" el="31" ec="46" bec="0" bev="0" fileid="71" />
                <SequencePoint vc="0" uspid="15535" ordinal="2" offset="18" sl="32" sc="9" el="32" ec="10" bec="0" bev="0" fileid="71" />
                <SequencePoint vc="0" uspid="15536" ordinal="3" offset="19" sl="33" sc="13" el="33" ec="25" bec="0" bev="0" fileid="71" />
                <SequencePoint vc="0" uspid="15537" ordinal="4" offset="26" sl="34" sc="9" el="34" ec="10" bec="0" bev="0" fileid="71" />
              </SequencePoints>
              <BranchPoints />
              <MethodPoint xsi:type="SequencePoint" vc="0" uspid="15533" ordinal="0" offset="0" sl="17" sc="9" el="17" ec="43" bec="0" bev="0" fileid="71" />
            </Method>
          </Methods>
        </Class>
        <Class>
          <Summary numSequencePoints="4" visitedSequencePoints="0" numBranchPoints="1" visitedBranchPoints="0" sequenceCoverage="0" branchCoverage="0" maxCyclomaticComplexity="1" minCyclomaticComplexity="1" maxCrapScore="2" minCrapScore="2" visitedClasses="0" numClasses="1" visitedMethods="0" numMethods="1" />
          <FullName>ExMat.Attributes.ExStdLibName</FullName>
          <Methods>
            <Method visited="false" cyclomaticComplexity="1" nPathComplexity="0" sequenceCoverage="0" branchCoverage="0" crapScore="2" isConstructor="true" isStatic="false" isGetter="false" isSetter="false">
              <Summary numSequencePoints="4" visitedSequencePoints="0" numBranchPoints="1" visitedBranchPoints="0" sequenceCoverage="0" branchCoverage="0" maxCyclomaticComplexity="1" minCyclomaticComplexity="1" maxCrapScore="2" minCrapScore="2" visitedClasses="0" numClasses="0" visitedMethods="0" numMethods="1" />
              <MetadataToken>100664088</MetadataToken>
              <Name>System.Void ExMat.Attributes.ExStdLibName::.ctor(System.String)</Name>
              <FileRef uid="72" />
              <SequencePoints>
                <SequencePoint vc="0" uspid="15538" ordinal="0" offset="0" sl="21" sc="9" el="21" ec="41" bec="0" bev="0" fileid="72" />
                <SequencePoint vc="0" uspid="15539" ordinal="1" offset="7" sl="22" sc="9" el="22" ec="10" bec="0" bev="0" fileid="72" />
                <SequencePoint vc="0" uspid="15540" ordinal="2" offset="8" sl="23" sc="13" el="23" ec="25" bec="0" bev="0" fileid="72" />
                <SequencePoint vc="0" uspid="15541" ordinal="3" offset="15" sl="24" sc="9" el="24" ec="10" bec="0" bev="0" fileid="72" />
              </SequencePoints>
              <BranchPoints />
              <MethodPoint xsi:type="SequencePoint" vc="0" uspid="15538" ordinal="0" offset="0" sl="21" sc="9" el="21" ec="41" bec="0" bev="0" fileid="72" />
            </Method>
          </Methods>
        </Class>
        <Class>
          <Summary numSequencePoints="4" visitedSequencePoints="0" numBranchPoints="1" visitedBranchPoints="0" sequenceCoverage="0" branchCoverage="0" maxCyclomaticComplexity="1" minCyclomaticComplexity="1" maxCrapScore="2" minCrapScore="2" visitedClasses="0" numClasses="1" visitedMethods="0" numMethods="1" />
          <FullName>ExMat.Attributes.ExStdLibRegister</FullName>
          <Methods>
            <Method visited="false" cyclomaticComplexity="1" nPathComplexity="0" sequenceCoverage="0" branchCoverage="0" crapScore="2" isConstructor="true" isStatic="false" isGetter="false" isSetter="false">
              <Summary numSequencePoints="4" visitedSequencePoints="0" numBranchPoints="1" visitedBranchPoints="0" sequenceCoverage="0" branchCoverage="0" maxCyclomaticComplexity="1" minCyclomaticComplexity="1" maxCrapScore="2" minCrapScore="2" visitedClasses="0" numClasses="0" visitedMethods="0" numMethods="1" />
              <MetadataToken>100664089</MetadataToken>
              <Name>System.Void ExMat.Attributes.ExStdLibRegister::.ctor(System.String)</Name>
              <FileRef uid="73" />
              <SequencePoints>
                <SequencePoint vc="0" uspid="15542" ordinal="0" offset="0" sl="23" sc="9" el="23" ec="45" bec="0" bev="0" fileid="73" />
                <SequencePoint vc="0" uspid="15543" ordinal="1" offset="7" sl="24" sc="9" el="24" ec="10" bec="0" bev="0" fileid="73" />
                <SequencePoint vc="0" uspid="15544" ordinal="2" offset="8" sl="25" sc="13" el="25" ec="39" bec="0" bev="0" fileid="73" />
                <SequencePoint vc="0" uspid="15545" ordinal="3" offset="15" sl="26" sc="9" el="26" ec="10" bec="0" bev="0" fileid="73" />
              </SequencePoints>
              <BranchPoints />
              <MethodPoint xsi:type="SequencePoint" vc="0" uspid="15542" ordinal="0" offset="0" sl="23" sc="9" el="23" ec="45" bec="0" bev="0" fileid="73" />
            </Method>
          </Methods>
        </Class>
        <Class>
          <Summary numSequencePoints="0" visitedSequencePoints="0" numBranchPoints="0" visitedBranchPoints="0" sequenceCoverage="0" branchCoverage="0" maxCyclomaticComplexity="3" minCyclomaticComplexity="3" maxCrapScore="12" minCrapScore="12" visitedClasses="0" numClasses="0" visitedMethods="0" numMethods="0" />
          <FullName>&lt;PrivateImplementationDetails&gt;</FullName>
          <Methods>
            <Method visited="false" cyclomaticComplexity="3" nPathComplexity="0" sequenceCoverage="0" branchCoverage="0" crapScore="12" isConstructor="false" isStatic="true" isGetter="false" isSetter="false">
              <Summary numSequencePoints="0" visitedSequencePoints="0" numBranchPoints="0" visitedBranchPoints="0" sequenceCoverage="0" branchCoverage="0" maxCyclomaticComplexity="3" minCyclomaticComplexity="3" maxCrapScore="12" minCrapScore="12" visitedClasses="0" numClasses="0" visitedMethods="0" numMethods="0" />
              <MetadataToken>100664090</MetadataToken>
              <Name>System.UInt32 &lt;PrivateImplementationDetails&gt;::ComputeStringHash(System.String)</Name>
              <SequencePoints />
              <BranchPoints />
              <MethodPoint vc="0" uspid="15546" ordinal="0" offset="0" />
            </Method>
          </Methods>
        </Class>
      </Classes>
    </Module>
    <Module skippedDueTo="Filter" hash="F2-B6-F0-EA-15-31-D3-F2-2A-68-9D-5D-19-5C-08-EF-95-94-E4-11">
      <ModulePath>C:\Program Files\dotnet\shared\Microsoft.NETCore.App\5.0.10\System.Threading.Tasks.dll</ModulePath>
      <ModuleTime>2021-08-12T19:41:56Z</ModuleTime>
      <ModuleName>System.Threading.Tasks</ModuleName>
      <Classes />
    </Module>
    <Module skippedDueTo="Filter" hash="11-6C-ED-44-D0-0A-72-64-F5-3A-A1-03-5D-0A-6D-7D-8B-07-4E-79">
      <ModulePath>C:\Projects\exmat\exmattests\bin\Debug\.netcoreapp,version=v5.0\Microsoft.TestPlatform.AdapterUtilities.dll</ModulePath>
      <ModuleTime>2021-08-12T23:02:14Z</ModuleTime>
      <ModuleName>Microsoft.TestPlatform.AdapterUtilities</ModuleName>
      <Classes />
    </Module>
    <Module skippedDueTo="Filter" hash="8B-87-E0-33-04-06-72-D5-15-97-9C-1B-2F-7A-F3-7D-63-52-AC-74">
      <ModulePath>C:\Program Files\dotnet\shared\Microsoft.NETCore.App\5.0.10\System.IO.FileSystem.Primitives.dll</ModulePath>
      <ModuleTime>2021-08-12T19:40:20Z</ModuleTime>
      <ModuleName>System.IO.FileSystem.Primitives</ModuleName>
      <Classes />
    </Module>
    <Module skippedDueTo="Filter" hash="4B-C6-27-51-16-70-18-6C-46-B0-60-50-E4-44-0B-20-F7-68-ED-F5">
      <ModulePath>C:\Projects\exmat\exmattests\bin\Debug\.netcoreapp,version=v5.0\Microsoft.VisualStudio.TestPlatform.TestFramework.Extensions.dll</ModulePath>
      <ModuleTime>2021-09-03T14:18:38Z</ModuleTime>
      <ModuleName>Microsoft.VisualStudio.TestPlatform.TestFramework.Extensions</ModuleName>
      <Classes />
    </Module>
    <Module skippedDueTo="Filter" hash="FB-F5-2A-1A-21-E1-9D-8A-63-F1-68-D0-B7-BA-9D-A2-37-13-A3-DF">
      <ModulePath>C:\Program Files\dotnet\shared\Microsoft.NETCore.App\5.0.10\System.ComponentModel.TypeConverter.dll</ModulePath>
      <ModuleTime>2021-08-12T19:42:00Z</ModuleTime>
      <ModuleName>System.ComponentModel.TypeConverter</ModuleName>
      <Classes />
    </Module>
    <Module skippedDueTo="Filter" hash="3D-C7-47-D7-A0-1C-C3-D5-BD-E9-2A-63-0A-A9-6B-E8-63-E4-75-98">
      <ModulePath>C:\Program Files\dotnet\shared\Microsoft.NETCore.App\5.0.10\System.Text.Encoding.dll</ModulePath>
      <ModuleTime>2021-08-12T19:41:54Z</ModuleTime>
      <ModuleName>System.Text.Encoding</ModuleName>
      <Classes />
    </Module>
    <Module skippedDueTo="Filter" hash="35-D6-AB-89-90-0A-20-F5-BD-3D-39-FE-6B-79-BD-A7-59-30-95-33">
      <ModulePath>C:\Program Files\dotnet\shared\Microsoft.NETCore.App\5.0.10\System.Diagnostics.TextWriterTraceListener.dll</ModulePath>
      <ModuleTime>2021-08-12T19:40:44Z</ModuleTime>
      <ModuleName>System.Diagnostics.TextWriterTraceListener</ModuleName>
      <Classes />
    </Module>
    <Module skippedDueTo="Filter" hash="22-4E-7B-3B-37-62-F1-2E-E3-EB-3E-0C-DB-22-78-78-F3-06-B0-A4">
      <ModulePath>C:\Program Files\dotnet\shared\Microsoft.NETCore.App\5.0.10\System.Console.dll</ModulePath>
      <ModuleTime>2021-08-12T19:41:34Z</ModuleTime>
      <ModuleName>System.Console</ModuleName>
      <Classes />
    </Module>
    <Module skippedDueTo="Filter" hash="23-16-0C-54-BF-68-F9-0E-DA-7F-BF-D4-0A-1E-66-25-2C-18-6E-C8">
      <ModulePath>C:\Program Files\dotnet\shared\Microsoft.NETCore.App\5.0.10\System.Runtime.Numerics.dll</ModulePath>
      <ModuleTime>2021-08-12T19:40:22Z</ModuleTime>
      <ModuleName>System.Runtime.Numerics</ModuleName>
      <Classes />
    </Module>
    <Module skippedDueTo="Filter" hash="FD-42-BE-D0-C4-75-80-51-66-56-29-48-B8-77-2F-96-0D-CA-CE-CD">
      <ModulePath>C:\Program Files\dotnet\shared\Microsoft.NETCore.App\5.0.10\System.Runtime.Serialization.Json.dll</ModulePath>
      <ModuleTime>2021-08-12T19:41:56Z</ModuleTime>
      <ModuleName>System.Runtime.Serialization.Json</ModuleName>
      <Classes />
    </Module>
    <Module skippedDueTo="Filter" hash="B2-7B-A9-25-C3-AB-D4-FC-CA-BB-56-CF-3D-CE-6D-28-6F-C6-05-18">
      <ModulePath>C:\Program Files\dotnet\shared\Microsoft.NETCore.App\5.0.10\System.Private.DataContractSerialization.dll</ModulePath>
      <ModuleTime>2021-08-12T19:40:44Z</ModuleTime>
      <ModuleName>System.Private.DataContractSerialization</ModuleName>
      <Classes />
    </Module>
    <Module skippedDueTo="Filter" hash="41-57-63-D4-63-92-25-07-96-09-72-64-8E-EE-D6-42-A9-AE-14-DC">
      <ModulePath>C:\Program Files\dotnet\shared\Microsoft.NETCore.App\5.0.10\System.Runtime.Serialization.Xml.dll</ModulePath>
      <ModuleTime>2021-08-12T19:41:32Z</ModuleTime>
      <ModuleName>System.Runtime.Serialization.Xml</ModuleName>
      <Classes />
    </Module>
    <Module skippedDueTo="Filter" hash="B3-2E-1E-7E-01-D6-94-92-8A-A0-99-7C-1A-C6-BC-F6-70-AD-58-4B">
      <ModulePath>C:\Program Files\dotnet\shared\Microsoft.NETCore.App\5.0.10\System.Text.RegularExpressions.dll</ModulePath>
      <ModuleTime>2021-08-12T19:42:20Z</ModuleTime>
      <ModuleName>System.Text.RegularExpressions</ModuleName>
      <Classes />
    </Module>
    <Module skippedDueTo="Filter" hash="55-A5-09-F7-AC-60-A8-0F-BC-12-03-A9-59-E7-71-52-C8-74-F4-F7">
      <ModulePath>C:\Program Files\dotnet\shared\Microsoft.NETCore.App\5.0.10\System.Threading.ThreadPool.dll</ModulePath>
      <ModuleTime>2021-08-12T19:40:44Z</ModuleTime>
      <ModuleName>System.Threading.ThreadPool</ModuleName>
      <Classes />
    </Module>
  </Modules>
</CoverageSession>